#
# There is insufficient memory for the Java Runtime Environment to continue.
# Native memory allocation (mmap) failed to map 182452224 bytes for Failed to commit area from 0x00000000c5600000 to 0x00000000d0400000 of length 182452224.
# Possible reasons:
#   The system is out of physical RAM or swap space
#   The process is running with CompressedOops enabled, and the Java Heap may be blocking the growth of the native heap
# Possible solutions:
#   Reduce memory load on the system
#   Increase physical memory or swap space
#   Check if swap backing store is full
#   Decrease Java heap size (-Xmx/-Xms)
#   Decrease number of Java threads
#   Decrease Java thread stack sizes (-Xss)
#   Set larger code cache with -XX:ReservedCodeCacheSize=
#   JVM is running with Unscaled Compressed Oops mode in which the Java heap is
#     placed in the first 4GB address space. The Java Heap base address is the
#     maximum limit for the native heap growth. Please use -XX:HeapBaseMinAddress
#     to set the Java Heap base and to place the Java Heap above 4GB virtual address.
# This output file may be truncated or incomplete.
#
#  Out of Memory Error (t:/workspace/open/src/hotspot/os/windows/os_windows.cpp:3301), pid=12200, tid=364
#
# JRE version: Java(TM) SE Runtime Environment (13.0.2+8) (build 13.0.2+8)
# Java VM: Java HotSpot(TM) 64-Bit Server VM (13.0.2+8, mixed mode, sharing, tiered, compressed oops, g1 gc, windows-amd64)
# No core dump will be written. Minidumps are not enabled by default on client versions of Windows
#

---------------  S U M M A R Y ------------

Command Line: -Dfile.encoding=Cp1252 Application.Home

Host: Intel(R) Core(TM) i5-2520M CPU @ 2.50GHz, 4 cores, 3G,  Windows 10 , 64 bit Build 18362 (10.0.18362.1500)
Time: Fri Jul  8 11:26:24 2022 Afrique de l?Est elapsed time: 3 seconds (0d 0h 0m 3s)

---------------  T H R E A D  ---------------

Current thread (0x00000241293c9800):  JavaThread "Image Fetcher 0" daemon [_thread_in_vm, id=364, stack(0x0000008b5c400000,0x0000008b5c500000)]

Stack: [0x0000008b5c400000,0x0000008b5c500000]
Native frames: (J=compiled Java code, j=interpreted, Vv=VM code, C=native code)
V  [jvm.dll+0x624f9a]
V  [jvm.dll+0x770cfa]
V  [jvm.dll+0x7724af]
V  [jvm.dll+0x772ab3]
V  [jvm.dll+0x24bf08]
V  [jvm.dll+0x6222aa]
V  [jvm.dll+0x6170b5]
V  [jvm.dll+0x30a88c]
V  [jvm.dll+0x30a6c2]
V  [jvm.dll+0x30fe36]
V  [jvm.dll+0x353f46]
V  [jvm.dll+0x353720]
V  [jvm.dll+0x2e5d5e]
V  [jvm.dll+0x2e16ff]
V  [jvm.dll+0x5be8b5]
V  [jvm.dll+0x5be33b]
V  [jvm.dll+0x1f48d5]
V  [jvm.dll+0x74b3a7]
V  [jvm.dll+0x3783ea]
C  0x0000024113c4fd37

Java frames: (J=compiled Java code, j=interpreted, Vv=VM code)
j  java.awt.image.DataBufferInt.<init>(I)V+11 java.desktop@13.0.2
j  java.awt.image.Raster.createPackedRaster(III[ILjava/awt/Point;)Ljava/awt/image/WritableRaster;+69 java.desktop@13.0.2
j  java.awt.image.DirectColorModel.createCompatibleWritableRaster(II)Ljava/awt/image/WritableRaster;+83 java.desktop@13.0.2
j  sun.awt.image.ImageRepresentation.createBufferedImage()V+18 java.desktop@13.0.2
J 1775 c1 sun.awt.image.ImageRepresentation.setPixels(IIIILjava/awt/image/ColorModel;[III)V java.desktop@13.0.2 (527 bytes) @ 0x00000241145649ec [0x0000024114564660+0x000000000000038c]
J 1783 c1 sun.awt.image.ImageDecoder.setPixels(IIIILjava/awt/image/ColorModel;[III)I java.desktop@13.0.2 (58 bytes) @ 0x000002411456a044 [0x0000024114569b00+0x0000000000000544]
j  sun.awt.image.JPEGImageDecoder.sendPixels([II)Z+14 java.desktop@13.0.2
v  ~StubRoutines::call_stub
j  sun.awt.image.JPEGImageDecoder.readImage(Ljava/io/InputStream;[B)V+0 java.desktop@13.0.2
j  sun.awt.image.JPEGImageDecoder.produceImage()V+10 java.desktop@13.0.2
j  sun.awt.image.InputStreamImageSource.doFetch()V+51 java.desktop@13.0.2
j  sun.awt.image.ImageFetcher.fetchloop()V+31 java.desktop@13.0.2
j  sun.awt.image.ImageFetcher.run()V+5 java.desktop@13.0.2
v  ~StubRoutines::call_stub

---------------  P R O C E S S  ---------------

Threads class SMR info:
_java_thread_list=0x00000241293d9ae0, length=19, elements={
0x0000024127724800, 0x0000024127728000, 0x0000024127742000, 0x0000024127744000,
0x000002412774d800, 0x0000024127750000, 0x0000024127783000, 0x00000241281b2800,
0x00000241281b6800, 0x00000241285f9800, 0x00000241285fc800, 0x00000241285fe800,
0x0000024128606000, 0x000002410b736000, 0x000002412862f800, 0x000002412864d000,
0x00000241293c9800, 0x000002412974d800, 0x00000241294fe800
}

Java Threads: ( => current thread )
  0x0000024127724800 JavaThread "Reference Handler" daemon [_thread_blocked, id=11464, stack(0x0000008b5b100000,0x0000008b5b200000)]
  0x0000024127728000 JavaThread "Finalizer" daemon [_thread_blocked, id=5556, stack(0x0000008b5b200000,0x0000008b5b300000)]
  0x0000024127742000 JavaThread "Signal Dispatcher" daemon [_thread_blocked, id=10028, stack(0x0000008b5b300000,0x0000008b5b400000)]
  0x0000024127744000 JavaThread "Attach Listener" daemon [_thread_blocked, id=2084, stack(0x0000008b5b400000,0x0000008b5b500000)]
  0x000002412774d800 JavaThread "C2 CompilerThread0" daemon [_thread_blocked, id=3372, stack(0x0000008b5b500000,0x0000008b5b600000)]
  0x0000024127750000 JavaThread "C1 CompilerThread0" daemon [_thread_blocked, id=11804, stack(0x0000008b5b600000,0x0000008b5b700000)]
  0x0000024127783000 JavaThread "Sweeper thread" daemon [_thread_blocked, id=10304, stack(0x0000008b5b700000,0x0000008b5b800000)]
  0x00000241281b2800 JavaThread "Service Thread" daemon [_thread_blocked, id=8420, stack(0x0000008b5b800000,0x0000008b5b900000)]
  0x00000241281b6800 JavaThread "Common-Cleaner" daemon [_thread_blocked, id=10208, stack(0x0000008b5ba00000,0x0000008b5bb00000)]
  0x00000241285f9800 JavaThread "Java2D Disposer" daemon [_thread_blocked, id=10012, stack(0x0000008b5bb00000,0x0000008b5bc00000)]
  0x00000241285fc800 JavaThread "AWT-Shutdown" [_thread_blocked, id=568, stack(0x0000008b5bc00000,0x0000008b5bd00000)]
  0x00000241285fe800 JavaThread "AWT-Windows" daemon [_thread_in_native, id=8912, stack(0x0000008b5bd00000,0x0000008b5be00000)]
  0x0000024128606000 JavaThread "AWT-EventQueue-0" [_thread_blocked, id=3536, stack(0x0000008b5be00000,0x0000008b5bf00000)]
  0x000002410b736000 JavaThread "DestroyJavaVM" [_thread_blocked, id=9928, stack(0x0000008b5aa00000,0x0000008b5ab00000)]
  0x000002412862f800 JavaThread "Abandoned connection cleanup thread" daemon [_thread_blocked, id=9380, stack(0x0000008b5bf00000,0x0000008b5c000000)]
  0x000002412864d000 JavaThread "mysql-cj-abandoned-connection-cleanup" daemon [_thread_blocked, id=10504, stack(0x0000008b5c000000,0x0000008b5c100000)]
=>0x00000241293c9800 JavaThread "Image Fetcher 0" daemon [_thread_in_vm, id=364, stack(0x0000008b5c400000,0x0000008b5c500000)]
  0x000002412974d800 JavaThread "TimerQueue" daemon [_thread_blocked, id=11696, stack(0x0000008b5c500000,0x0000008b5c600000)]
  0x00000241294fe800 JavaThread "Image Fetcher 1" daemon [_thread_blocked, id=10884, stack(0x0000008b5c600000,0x0000008b5c700000)]

Other Threads:
  0x0000024127721000 VMThread "VM Thread" [stack: 0x0000008b5b000000,0x0000008b5b100000] [id=5496] _threads_hazard_ptr=0x00000241293d9ae0
  0x00000241281b5800 WatcherThread [stack: 0x0000008b5b900000,0x0000008b5ba00000] [id=7948]
  0x000002410b766000 GCTaskThread "GC Thread#0" [stack: 0x0000008b5ab00000,0x0000008b5ac00000] [id=8436]
  0x0000024128ada000 GCTaskThread "GC Thread#1" [stack: 0x0000008b5c100000,0x0000008b5c200000] [id=10856]
  0x0000024128ada800 GCTaskThread "GC Thread#2" [stack: 0x0000008b5c200000,0x0000008b5c300000] [id=11808]
  0x0000024128adb800 GCTaskThread "GC Thread#3" [stack: 0x0000008b5c300000,0x0000008b5c400000] [id=2880]
  0x000002410b771800 ConcurrentGCThread "G1 Main Marker" [stack: 0x0000008b5ac00000,0x0000008b5ad00000] [id=10992]
  0x000002410b778000 ConcurrentGCThread "G1 Conc#0" [stack: 0x0000008b5ad00000,0x0000008b5ae00000] [id=11560]
  0x000002410b7cb000 ConcurrentGCThread "G1 Refine#0" [stack: 0x0000008b5ae00000,0x0000008b5af00000] [id=11636]
  0x000002410b7cd000 ConcurrentGCThread "G1 Young RemSet Sampling" [stack: 0x0000008b5af00000,0x0000008b5b000000] [id=11724]

Threads with active compile tasks:
C2 CompilerThread0     4460 1814   !   4       sun.awt.image.PNGImageDecoder::produceImage (1917 bytes)

VM state:synchronizing (normal execution)

VM Mutex/Monitor currently owned by a thread:  ([mutex/lock_event])
[0x000002410b732560] Threads_lock - owner thread: 0x0000024127721000
[0x000002410b731f30] Heap_lock - owner thread: 0x00000241293c9800

Heap address: 0x00000000c1600000, size: 1002 MB, Compressed Oops mode: 32-bit
Narrow klass base: 0x0000000800000000, Narrow klass shift: 3
Compressed class space size: 1073741824 Address: 0x0000000800b40000

Heap:
 garbage-first heap   total 243712K, used 11839K [0x00000000c1600000, 0x0000000100000000)
  region size 1024K, 3 young (3072K), 3 survivors (3072K)
 Metaspace       used 19083K, capacity 19518K, committed 19840K, reserved 1067008K
  class space    used 2188K, capacity 2342K, committed 2432K, reserved 1048576K
Heap Regions: E=young(eden), S=young(survivor), O=old, HS=humongous(starts), HC=humongous(continues), CS=collection set, F=free, A=archive, TAMS=top-at-mark-start (previous, next)
|   0|0x00000000c1600000, 0x00000000c1700000, 0x00000000c1700000|100%| O|  |TAMS 0x00000000c1600000, 0x00000000c1700000| Untracked 
|   1|0x00000000c1700000, 0x00000000c1800000, 0x00000000c1800000|100%| O|  |TAMS 0x00000000c1700000, 0x00000000c1800000| Untracked 
|   2|0x00000000c1800000, 0x00000000c1900000, 0x00000000c1900000|100%| O|  |TAMS 0x00000000c1800000, 0x00000000c1900000| Untracked 
|   3|0x00000000c1900000, 0x00000000c1a00000, 0x00000000c1a00000|100%| O|  |TAMS 0x00000000c1900000, 0x00000000c1a00000| Untracked 
|   4|0x00000000c1a00000, 0x00000000c1b00000, 0x00000000c1b00000|100%| O|  |TAMS 0x00000000c1a00000, 0x00000000c1b00000| Untracked 
|   5|0x00000000c1b00000, 0x00000000c1c00000, 0x00000000c1c00000|100%| O|  |TAMS 0x00000000c1b00000, 0x00000000c1b87000| Untracked 
|   6|0x00000000c1c00000, 0x00000000c1d00000, 0x00000000c1d00000|100%| O|  |TAMS 0x00000000c1c00000, 0x00000000c1c00000| Untracked 
|   7|0x00000000c1d00000, 0x00000000c1e00000, 0x00000000c1e00000|100%| O|  |TAMS 0x00000000c1d00000, 0x00000000c1d00000| Untracked 
|   8|0x00000000c1e00000, 0x00000000c1e8fe00, 0x00000000c1f00000| 56%| O|  |TAMS 0x00000000c1e00000, 0x00000000c1e00000| Untracked 
|   9|0x00000000c1f00000, 0x00000000c1f00000, 0x00000000c2000000|  0%| F|  |TAMS 0x00000000c1f00000, 0x00000000c1f00000| Untracked 
|  10|0x00000000c2000000, 0x00000000c2000000, 0x00000000c2100000|  0%| F|  |TAMS 0x00000000c2000000, 0x00000000c2000000| Untracked 
|  11|0x00000000c2100000, 0x00000000c2100000, 0x00000000c2200000|  0%| F|  |TAMS 0x00000000c2100000, 0x00000000c2100000| Untracked 
|  12|0x00000000c2200000, 0x00000000c2200000, 0x00000000c2300000|  0%| F|  |TAMS 0x00000000c2200000, 0x00000000c2200000| Untracked 
|  13|0x00000000c2300000, 0x00000000c2300000, 0x00000000c2400000|  0%| F|  |TAMS 0x00000000c2300000, 0x00000000c2300000| Untracked 
|  14|0x00000000c2400000, 0x00000000c2400000, 0x00000000c2500000|  0%| F|  |TAMS 0x00000000c2400000, 0x00000000c2400000| Untracked 
|  15|0x00000000c2500000, 0x00000000c2500000, 0x00000000c2600000|  0%| F|  |TAMS 0x00000000c2500000, 0x00000000c2500000| Untracked 
|  16|0x00000000c2600000, 0x00000000c2600000, 0x00000000c2700000|  0%| F|  |TAMS 0x00000000c2600000, 0x00000000c2600000| Untracked 
|  17|0x00000000c2700000, 0x00000000c2700000, 0x00000000c2800000|  0%| F|  |TAMS 0x00000000c2700000, 0x00000000c2700000| Untracked 
|  18|0x00000000c2800000, 0x00000000c2800000, 0x00000000c2900000|  0%| F|  |TAMS 0x00000000c2800000, 0x00000000c2800000| Untracked 
|  19|0x00000000c2900000, 0x00000000c2900000, 0x00000000c2a00000|  0%| F|  |TAMS 0x00000000c2900000, 0x00000000c2900000| Untracked 
|  20|0x00000000c2a00000, 0x00000000c2a00000, 0x00000000c2b00000|  0%| F|  |TAMS 0x00000000c2a00000, 0x00000000c2a00000| Untracked 
|  21|0x00000000c2b00000, 0x00000000c2b00000, 0x00000000c2c00000|  0%| F|  |TAMS 0x00000000c2b00000, 0x00000000c2b00000| Untracked 
|  22|0x00000000c2c00000, 0x00000000c2c00000, 0x00000000c2d00000|  0%| F|  |TAMS 0x00000000c2c00000, 0x00000000c2c00000| Untracked 
|  23|0x00000000c2d00000, 0x00000000c2d00000, 0x00000000c2e00000|  0%| F|  |TAMS 0x00000000c2d00000, 0x00000000c2d00000| Untracked 
|  24|0x00000000c2e00000, 0x00000000c2e00000, 0x00000000c2f00000|  0%| F|  |TAMS 0x00000000c2e00000, 0x00000000c2e00000| Untracked 
|  25|0x00000000c2f00000, 0x00000000c2f00000, 0x00000000c3000000|  0%| F|  |TAMS 0x00000000c2f00000, 0x00000000c2f00000| Untracked 
|  26|0x00000000c3000000, 0x00000000c3000000, 0x00000000c3100000|  0%| F|  |TAMS 0x00000000c3000000, 0x00000000c3000000| Untracked 
|  27|0x00000000c3100000, 0x00000000c3100000, 0x00000000c3200000|  0%| F|  |TAMS 0x00000000c3100000, 0x00000000c3100000| Untracked 
|  28|0x00000000c3200000, 0x00000000c3200000, 0x00000000c3300000|  0%| F|  |TAMS 0x00000000c3200000, 0x00000000c3200000| Untracked 
|  29|0x00000000c3300000, 0x00000000c3300000, 0x00000000c3400000|  0%| F|  |TAMS 0x00000000c3300000, 0x00000000c3300000| Untracked 
|  30|0x00000000c3400000, 0x00000000c3400000, 0x00000000c3500000|  0%| F|  |TAMS 0x00000000c3400000, 0x00000000c3400000| Untracked 
|  31|0x00000000c3500000, 0x00000000c3500000, 0x00000000c3600000|  0%| F|  |TAMS 0x00000000c3500000, 0x00000000c3500000| Untracked 
|  32|0x00000000c3600000, 0x00000000c3600000, 0x00000000c3700000|  0%| F|  |TAMS 0x00000000c3600000, 0x00000000c3600000| Untracked 
|  33|0x00000000c3700000, 0x00000000c3700000, 0x00000000c3800000|  0%| F|  |TAMS 0x00000000c3700000, 0x00000000c3700000| Untracked 
|  34|0x00000000c3800000, 0x00000000c3800000, 0x00000000c3900000|  0%| F|  |TAMS 0x00000000c3800000, 0x00000000c3800000| Untracked 
|  35|0x00000000c3900000, 0x00000000c3900000, 0x00000000c3a00000|  0%| F|  |TAMS 0x00000000c3900000, 0x00000000c3900000| Untracked 
|  36|0x00000000c3a00000, 0x00000000c3a00000, 0x00000000c3b00000|  0%| F|  |TAMS 0x00000000c3a00000, 0x00000000c3a00000| Untracked 
|  37|0x00000000c3b00000, 0x00000000c3b00000, 0x00000000c3c00000|  0%| F|  |TAMS 0x00000000c3b00000, 0x00000000c3b00000| Untracked 
|  38|0x00000000c3c00000, 0x00000000c3c00000, 0x00000000c3d00000|  0%| F|  |TAMS 0x00000000c3c00000, 0x00000000c3c00000| Untracked 
|  39|0x00000000c3d00000, 0x00000000c3d00000, 0x00000000c3e00000|  0%| F|  |TAMS 0x00000000c3d00000, 0x00000000c3d00000| Untracked 
|  40|0x00000000c3e00000, 0x00000000c3f00000, 0x00000000c3f00000|100%| S|CS|TAMS 0x00000000c3e00000, 0x00000000c3e00000| Complete 
|  41|0x00000000c3f00000, 0x00000000c4000000, 0x00000000c4000000|100%| S|CS|TAMS 0x00000000c3f00000, 0x00000000c3f00000| Complete 
|  42|0x00000000c4000000, 0x00000000c4100000, 0x00000000c4100000|100%| S|CS|TAMS 0x00000000c4000000, 0x00000000c4000000| Complete 
|  43|0x00000000c4100000, 0x00000000c4100000, 0x00000000c4200000|  0%| F|  |TAMS 0x00000000c4100000, 0x00000000c4100000| Untracked 
|  44|0x00000000c4200000, 0x00000000c4200000, 0x00000000c4300000|  0%| F|  |TAMS 0x00000000c4200000, 0x00000000c4200000| Untracked 
|  45|0x00000000c4300000, 0x00000000c4300000, 0x00000000c4400000|  0%| F|  |TAMS 0x00000000c4300000, 0x00000000c4300000| Untracked 
|  46|0x00000000c4400000, 0x00000000c4400000, 0x00000000c4500000|  0%| F|  |TAMS 0x00000000c4400000, 0x00000000c4400000| Untracked 
|  47|0x00000000c4500000, 0x00000000c4500000, 0x00000000c4600000|  0%| F|  |TAMS 0x00000000c4500000, 0x00000000c4500000| Untracked 
|  48|0x00000000c4600000, 0x00000000c4600000, 0x00000000c4700000|  0%| F|  |TAMS 0x00000000c4600000, 0x00000000c4600000| Untracked 
|  49|0x00000000c4700000, 0x00000000c4700000, 0x00000000c4800000|  0%| F|  |TAMS 0x00000000c4700000, 0x00000000c4700000| Untracked 
|  50|0x00000000c4800000, 0x00000000c4800000, 0x00000000c4900000|  0%| F|  |TAMS 0x00000000c4800000, 0x00000000c4800000| Untracked 
|  51|0x00000000c4900000, 0x00000000c4900000, 0x00000000c4a00000|  0%| F|  |TAMS 0x00000000c4900000, 0x00000000c4900000| Untracked 
|  52|0x00000000c4a00000, 0x00000000c4a00000, 0x00000000c4b00000|  0%| F|  |TAMS 0x00000000c4a00000, 0x00000000c4a00000| Untracked 
|  53|0x00000000c4b00000, 0x00000000c4b00000, 0x00000000c4c00000|  0%| F|  |TAMS 0x00000000c4b00000, 0x00000000c4b00000| Untracked 
|  54|0x00000000c4c00000, 0x00000000c4c00000, 0x00000000c4d00000|  0%| F|  |TAMS 0x00000000c4c00000, 0x00000000c4c00000| Untracked 
|  55|0x00000000c4d00000, 0x00000000c4d00000, 0x00000000c4e00000|  0%| F|  |TAMS 0x00000000c4d00000, 0x00000000c4d00000| Untracked 
|  56|0x00000000c4e00000, 0x00000000c4e00000, 0x00000000c4f00000|  0%| F|  |TAMS 0x00000000c4e00000, 0x00000000c4e00000| Untracked 
|  57|0x00000000c4f00000, 0x00000000c4f00000, 0x00000000c5000000|  0%| F|  |TAMS 0x00000000c4f00000, 0x00000000c4f00000| Untracked 
|  58|0x00000000c5000000, 0x00000000c5000000, 0x00000000c5100000|  0%| F|  |TAMS 0x00000000c5000000, 0x00000000c5000000| Untracked 
|  59|0x00000000c5100000, 0x00000000c5100000, 0x00000000c5200000|  0%| F|  |TAMS 0x00000000c5100000, 0x00000000c5100000| Untracked 
|  60|0x00000000c5200000, 0x00000000c5200000, 0x00000000c5300000|  0%| F|  |TAMS 0x00000000c5200000, 0x00000000c5200000| Untracked 
|  61|0x00000000c5300000, 0x00000000c5300000, 0x00000000c5400000|  0%| F|  |TAMS 0x00000000c5300000, 0x00000000c5300000| Untracked 
|  62|0x00000000c5400000, 0x00000000c5400000, 0x00000000c5500000|  0%| F|  |TAMS 0x00000000c5400000, 0x00000000c5400000| Untracked 
|  63|0x00000000c5500000, 0x00000000c5500000, 0x00000000c5600000|  0%| F|  |TAMS 0x00000000c5500000, 0x00000000c5500000| Untracked 

Card table byte_map: [0x0000024122e30000,0x0000024123030000] _byte_map_base: 0x0000024122825000

Marking Bits (Prev, Next): (CMBitMap*) 0x000002410b7688c8, (CMBitMap*) 0x000002410b768908
 Prev Bits: [0x0000024123230000, 0x00000241241d8000)
 Next Bits: [0x00000241241e0000, 0x0000024125188000)

Polling page: 0x0000024109530000

Metaspace:

Usage:
  Non-class:     16.77 MB capacity,    16.50 MB ( 98%) used,   241.23 KB (  1%) free+waste,    39.25 KB ( <1%) overhead. 
      Class:      2.29 MB capacity,     2.14 MB ( 93%) used,   132.67 KB (  6%) free+waste,    21.00 KB ( <1%) overhead. 
       Both:     19.06 MB capacity,    18.64 MB ( 98%) used,   373.90 KB (  2%) free+waste,    60.25 KB ( <1%) overhead. 

Virtual space:
  Non-class space:       18.00 MB reserved,      17.00 MB ( 94%) committed 
      Class space:        1.00 GB reserved,       2.38 MB ( <1%) committed 
             Both:        1.02 GB reserved,      19.38 MB (  2%) committed 

Chunk freelists:
   Non-Class:  40.00 KB
       Class:  26.00 KB
        Both:  66.00 KB

MaxMetaspaceSize: 17179869184.00 GB
CompressedClassSpaceSize: 1.00 GB

CodeHeap 'non-profiled nmethods': size=120000Kb used=697Kb max_used=697Kb free=119302Kb
 bounds [0x000002411b700000, 0x000002411b970000, 0x0000024122c30000]
CodeHeap 'profiled nmethods': size=120000Kb used=3865Kb max_used=3865Kb free=116134Kb
 bounds [0x00000241141d0000, 0x00000241145a0000, 0x000002411b700000]
CodeHeap 'non-nmethods': size=5760Kb used=1335Kb max_used=1353Kb free=4424Kb
 bounds [0x0000024113c30000, 0x0000024113ea0000, 0x00000241141d0000]
 total_blobs=3204 nmethods=1843 adapters=536
 compilation: enabled
              stopped_count=0, restarted_count=0
 full_count=0

Compilation events (20 events):
Event: 3.564 Thread 0x0000024127750000 1883       3       java.lang.CharacterDataLatin1::digit (32 bytes)
Event: 3.564 Thread 0x0000024127750000 nmethod 1883 0x0000024114591f90 code [0x0000024114592140, 0x00000241145923f8]
Event: 3.568 Thread 0x0000024127750000 1884       3       java.awt.AWTEventMulticaster::addInternal (22 bytes)
Event: 3.568 Thread 0x0000024127750000 nmethod 1884 0x0000024114592510 code [0x00000241145926e0, 0x0000024114592a98]
Event: 3.568 Thread 0x0000024127750000 1885       3       java.awt.Component::getForeground (29 bytes)
Event: 3.569 Thread 0x0000024127750000 nmethod 1885 0x0000024114592b90 code [0x0000024114592d60, 0x00000241145931f0]
Event: 3.570 Thread 0x0000024127750000 1887       3       sun.swing.SwingUtilities2::isScaleChanged (74 bytes)
Event: 3.571 Thread 0x0000024127750000 nmethod 1887 0x0000024114593310 code [0x0000024114593520, 0x0000024114593e00]
Event: 3.573 Thread 0x0000024127750000 1889       2       java.util.stream.StreamOpFlag::fromCharacteristics (37 bytes)
Event: 3.574 Thread 0x0000024127750000 nmethod 1889 0x0000024114594010 code [0x00000241145941c0, 0x00000241145943a0]
Event: 3.574 Thread 0x0000024127750000 1891       2       jdk.internal.reflect.ClassFileAssembler::setStack (25 bytes)
Event: 3.574 Thread 0x0000024127750000 nmethod 1891 0x0000024114594490 code [0x0000024114594620, 0x00000241145947b8]
Event: 3.574 Thread 0x0000024127750000 1890       2       java.util.stream.AbstractPipeline::<init> (55 bytes)
Event: 3.574 Thread 0x0000024127750000 nmethod 1890 0x0000024114594890 code [0x0000024114594a40, 0x0000024114594cd8]
Event: 3.574 Thread 0x0000024127750000 1892       2       jdk.internal.reflect.ReflectionFactory::newConstructorAccessor (154 bytes)
Event: 3.576 Thread 0x0000024127750000 nmethod 1892 0x0000024114594d90 code [0x0000024114595020, 0x0000024114595aa0]
Event: 3.576 Thread 0x0000024127750000 1893       2       java.lang.reflect.Constructor::getRoot (5 bytes)
Event: 3.576 Thread 0x0000024127750000 nmethod 1893 0x0000024114595f10 code [0x00000241145960a0, 0x0000024114596218]
Event: 3.595 Thread 0x0000024127750000 1894   !   2       java.lang.ref.ReferenceQueue::enqueue (119 bytes)
Event: 3.595 Thread 0x0000024127750000 nmethod 1894 0x0000024114596290 code [0x0000024114596460, 0x0000024114596a50]

GC Heap History (6 events):
Event: 0.855 GC heap before
{Heap before GC invocations=0 (full 0):
 garbage-first heap   total 65536K, used 13312K [0x00000000c1600000, 0x0000000100000000)
  region size 1024K, 14 young (14336K), 0 survivors (0K)
 Metaspace       used 6276K, capacity 7143K, committed 7424K, reserved 1056768K
  class space    used 590K, capacity 684K, committed 768K, reserved 1048576K
}
Event: 0.864 GC heap after
{Heap after GC invocations=1 (full 0):
 garbage-first heap   total 65536K, used 5609K [0x00000000c1600000, 0x0000000100000000)
  region size 1024K, 2 young (2048K), 2 survivors (2048K)
 Metaspace       used 6276K, capacity 7143K, committed 7424K, reserved 1056768K
  class space    used 590K, capacity 684K, committed 768K, reserved 1048576K
}
Event: 1.975 GC heap before
{Heap before GC invocations=1 (full 0):
 garbage-first heap   total 65536K, used 13801K [0x00000000c1600000, 0x0000000100000000)
  region size 1024K, 10 young (10240K), 2 survivors (2048K)
 Metaspace       used 10747K, capacity 11027K, committed 11264K, reserved 1058816K
  class space    used 1121K, capacity 1211K, committed 1280K, reserved 1048576K
}
Event: 1.992 GC heap after
{Heap after GC invocations=2 (full 0):
 garbage-first heap   total 65536K, used 7280K [0x00000000c1600000, 0x0000000100000000)
  region size 1024K, 2 young (2048K), 2 survivors (2048K)
 Metaspace       used 10747K, capacity 11027K, committed 11264K, reserved 1058816K
  class space    used 1121K, capacity 1211K, committed 1280K, reserved 1048576K
}
Event: 3.579 GC heap before
{Heap before GC invocations=2 (full 0):
 garbage-first heap   total 65536K, used 24688K [0x00000000c1600000, 0x0000000100000000)
  region size 1024K, 21 young (21504K), 2 survivors (2048K)
 Metaspace       used 19082K, capacity 19518K, committed 19840K, reserved 1067008K
  class space    used 2188K, capacity 2342K, committed 2432K, reserved 1048576K
}
Event: 3.589 GC heap after
{Heap after GC invocations=3 (full 0):
 garbage-first heap   total 65536K, used 11839K [0x00000000c1600000, 0x0000000100000000)
  region size 1024K, 3 young (3072K), 3 survivors (3072K)
 Metaspace       used 19082K, capacity 19518K, committed 19840K, reserved 1067008K
  class space    used 2188K, capacity 2342K, committed 2432K, reserved 1048576K
}

Deoptimization events (20 events):
Event: 3.560 Thread 0x00000241294fe800 DEOPT PACKING pc=0x000002411455f6e9 sp=0x0000008b5c6fedf0
Event: 3.560 Thread 0x00000241294fe800 DEOPT UNPACKING pc=0x0000024113c7964e sp=0x0000008b5c6fe268 mode 0
Event: 3.562 Thread 0x00000241293c9800 DEOPT PACKING pc=0x000002411455cdd4 sp=0x0000008b5c4ff170
Event: 3.562 Thread 0x00000241293c9800 DEOPT UNPACKING pc=0x0000024113c7964e sp=0x0000008b5c4fe610 mode 0
Event: 3.563 Thread 0x00000241293c9800 DEOPT PACKING pc=0x000002411455cd8d sp=0x0000008b5c4ff1d0
Event: 3.563 Thread 0x00000241293c9800 DEOPT UNPACKING pc=0x0000024113c7964e sp=0x0000008b5c4fe640 mode 0
Event: 3.563 Thread 0x00000241293c9800 DEOPT PACKING pc=0x000002411455cd8d sp=0x0000008b5c4ff1d0
Event: 3.563 Thread 0x00000241293c9800 DEOPT UNPACKING pc=0x0000024113c7964e sp=0x0000008b5c4fe640 mode 0
Event: 3.565 Thread 0x00000241294fe800 DEOPT PACKING pc=0x000002411455cdd4 sp=0x0000008b5c6fef30
Event: 3.565 Thread 0x00000241294fe800 DEOPT UNPACKING pc=0x0000024113c7964e sp=0x0000008b5c6fe3d0 mode 0
Event: 3.566 Thread 0x00000241294fe800 DEOPT PACKING pc=0x000002411455f6e9 sp=0x0000008b5c6fedf0
Event: 3.566 Thread 0x00000241294fe800 DEOPT UNPACKING pc=0x0000024113c7964e sp=0x0000008b5c6fe268 mode 0
Event: 3.566 Thread 0x00000241294fe800 DEOPT PACKING pc=0x000002411455cd8d sp=0x0000008b5c6fef90
Event: 3.566 Thread 0x00000241294fe800 DEOPT UNPACKING pc=0x0000024113c7964e sp=0x0000008b5c6fe400 mode 0
Event: 3.566 Thread 0x00000241294fe800 DEOPT PACKING pc=0x000002411455f6e9 sp=0x0000008b5c6fedf0
Event: 3.566 Thread 0x00000241294fe800 DEOPT UNPACKING pc=0x0000024113c7964e sp=0x0000008b5c6fe268 mode 0
Event: 3.566 Thread 0x00000241294fe800 DEOPT PACKING pc=0x000002411455cd8d sp=0x0000008b5c6fef90
Event: 3.566 Thread 0x00000241294fe800 DEOPT UNPACKING pc=0x0000024113c7964e sp=0x0000008b5c6fe400 mode 0
Event: 3.571 Thread 0x0000024128606000 DEOPT PACKING pc=0x000002411423813b sp=0x0000008b5bef9970
Event: 3.571 Thread 0x0000024128606000 DEOPT UNPACKING pc=0x0000024113c7964e sp=0x0000008b5bef8de8 mode 0

Classes unloaded (0 events):
No events

Classes redefined (0 events):
No events

Internal exceptions (20 events):
Event: 1.274 Thread 0x0000024128606000 Exception <a 'sun/nio/fs/WindowsException'{0x00000000c5018438}> (0x00000000c5018438) 
thrown [t:/workspace/open/src/hotspot/share/prims/jni.cpp, line 598]
Event: 1.285 Thread 0x0000024128606000 Exception <a 'java/lang/NoSuchMethodError'{0x00000000c501a2c8}: 'int java.lang.invoke.DirectMethodHandle$Holder.invokeSpecialIFC(java.lang.Object, java.lang.Object, int)'> (0x00000000c501a2c8) 
thrown [t:/workspace/open/src/hotspot/share/interpreter/linkResolver.cpp, line 767]
Event: 1.303 Thread 0x0000024128606000 Exception <a 'java/lang/NoSuchMethodError'{0x00000000c50437f0}: 'int java.lang.invoke.DirectMethodHandle$Holder.invokeStaticInit(java.lang.Object, java.lang.Object, java.lang.Object, java.lang.Object)'> (0x00000000c50437f0) 
thrown [t:/workspace/open/src/hotspot/share/interpreter/linkResolver.cpp, line 767]
Event: 1.304 Thread 0x0000024128606000 Exception <a 'java/lang/IncompatibleClassChangeError'{0x00000000c504c2e8}: Found class java.lang.Object, but interface was expected> (0x00000000c504c2e8) 
thrown [t:/workspace/open/src/hotspot/share/interpreter/linkResolver.cpp, line 833]
Event: 1.305 Thread 0x0000024128606000 Exception <a 'java/lang/NoSuchMethodError'{0x00000000c504f4e8}: 'void java.lang.invoke.DirectMethodHandle$Holder.invokeStaticInit(java.lang.Object, java.lang.Object)'> (0x00000000c504f4e8) 
thrown [t:/workspace/open/src/hotspot/share/interpreter/linkResolver.cpp, line 767]
Event: 1.307 Thread 0x0000024128606000 Exception <a 'java/lang/NoSuchMethodError'{0x00000000c5054d68}: 'int java.lang.invoke.DirectMethodHandle$Holder.invokeStaticInit(java.lang.Object, java.lang.Object)'> (0x00000000c5054d68) 
thrown [t:/workspace/open/src/hotspot/share/interpreter/linkResolver.cpp, line 767]
Event: 1.834 Thread 0x0000024128606000 Exception <a 'java/lang/NoSuchMethodError'{0x00000000c4e5dd88}: 'java.lang.Object java.lang.invoke.DirectMethodHandle$Holder.invokeStaticInit(java.lang.Object, java.lang.Object, int, int, int, int)'> (0x00000000c4e5dd88) 
thrown [t:/workspace/open/src/hotspot/share/interpreter/linkResolver.cpp, line 767]
Event: 2.143 Thread 0x0000024128606000 Exception <a 'java/lang/NullPointerException'{0x00000000c54093d0}> (0x00000000c54093d0) 
thrown [t:/workspace/open/src/hotspot/share/interpreter/linkResolver.cpp, line 1349]
Event: 2.143 Thread 0x0000024128606000 Exception <a 'java/lang/reflect/InvocationTargetException'{0x00000000c540d000}> (0x00000000c540d000) 
thrown [t:/workspace/open/src/hotspot/share/runtime/reflection.cpp, line 1188]
Event: 2.195 Thread 0x0000024128606000 Exception <a 'java/lang/NoSuchMethodError'{0x00000000c5361d80}: 'java.lang.Object java.lang.invoke.DirectMethodHandle$Holder.invokeVirtual(java.lang.Object, java.lang.Object, java.lang.Object)'> (0x00000000c5361d80) 
thrown [t:/workspace/open/src/hotspot/share/interpreter/linkResolver.cpp, line 767]
Event: 2.828 Thread 0x0000024128606000 Exception <a 'java/lang/NoSuchMethodError'{0x00000000c48dd3c8}: 'java.lang.Object java.lang.invoke.DirectMethodHandle$Holder.invokeStatic(java.lang.Object, int, java.lang.Object, java.lang.Object, java.lang.Object, java.lang.Object)'> (0x00000000c48dd3c8) 
thrown [t:/workspace/open/src/hotspot/share/interpreter/linkResolver.cpp, line 767]
Event: 2.829 Thread 0x0000024128606000 Exception <a 'java/lang/NoSuchMethodError'{0x00000000c48e3d30}: 'java.lang.Object java.lang.invoke.DirectMethodHandle$Holder.invokeStatic(java.lang.Object, int, java.lang.Object, java.lang.Object, java.lang.Object)'> (0x00000000c48e3d30) 
thrown [t:/workspace/open/src/hotspot/share/interpreter/linkResolver.cpp, line 767]
Event: 2.829 Thread 0x0000024128606000 Exception <a 'java/lang/NoSuchMethodError'{0x00000000c48e7598}: 'java.lang.Object java.lang.invoke.DirectMethodHandle$Holder.invokeSpecial(java.lang.Object, java.lang.Object, int, java.lang.Object, java.lang.Object, java.lang.Object)'> (0x00000000c48e7598) 
thrown [t:/workspace/open/src/hotspot/share/interpreter/linkResolver.cpp, line 767]
Event: 2.834 Thread 0x0000024128606000 Exception <a 'java/lang/NoSuchMethodError'{0x00000000c48fd8d8}: 'java.lang.Object java.lang.invoke.DirectMethodHandle$Holder.invokeStatic(java.lang.Object, int, java.lang.Object)'> (0x00000000c48fd8d8) 
thrown [t:/workspace/open/src/hotspot/share/interpreter/linkResolver.cpp, line 767]
Event: 2.891 Thread 0x0000024128606000 Exception <a 'java/lang/ClassNotFoundException'{0x00000000c47a3b90}: com/sun/swing/internal/plaf/metal/resources/spi/metalProvider> (0x00000000c47a3b90) 
thrown [t:/workspace/open/src/hotspot/share/classfile/systemDictionary.cpp, line 232]
Event: 2.893 Thread 0x0000024128606000 Exception <a 'java/lang/ClassNotFoundException'{0x00000000c47a7c38}: com/sun/swing/internal/plaf/basic/resources/spi/basicProvider> (0x00000000c47a7c38) 
thrown [t:/workspace/open/src/hotspot/share/classfile/systemDictionary.cpp, line 232]
Event: 2.902 Thread 0x0000024128606000 Implicit null exception at 0x000002411b78b105 to 0x000002411b78b302
Event: 2.902 Thread 0x0000024128606000 Implicit null exception at 0x000002411b74e9e8 to 0x000002411b74ea7a
Event: 2.933 Thread 0x0000024128606000 Exception <a 'java/net/UnknownHostException'{0x00000000c47c5700}> (0x00000000c47c5700) 
thrown [t:/workspace/open/src/hotspot/share/prims/jni.cpp, line 598]
Event: 3.078 Thread 0x0000024128606000 Implicit null exception at 0x000002411b75592f to 0x000002411b7559ad

Events (20 events):
Event: 3.571 loading class elements/RoundLabel
Event: 3.571 loading class elements/RoundLabel done
Event: 3.573 loading class java/awt/Composite
Event: 3.573 loading class java/awt/Composite done
Event: 3.574 Executing VM operation: RevokeBias
Event: 3.574 Executing VM operation: RevokeBias done
Event: 3.575 loading class sun/awt/image/JPEGImageDecoder
Event: 3.575 loading class sun/awt/image/JPEGImageDecoder done
Event: 3.575 Executing VM operation: Deoptimize
Event: 3.575 Executing VM operation: Deoptimize done
Event: 3.575 loading class sun/awt/image/JPEGImageDecoder$1
Event: 3.575 loading class sun/awt/image/JPEGImageDecoder$1 done
Event: 3.577 Loaded shared library C:\Program Files\Java\jdk-13.0.2\bin\javajpeg.dll
Event: 3.577 Executing VM operation: RevokeBias
Event: 3.577 Executing VM operation: RevokeBias done
Event: 3.579 Executing VM operation: RevokeBias
Event: 3.579 Executing VM operation: RevokeBias done
Event: 3.579 Executing VM operation: G1CollectForAllocation
Event: 3.589 Executing VM operation: G1CollectForAllocation done
Event: 3.596 Executing VM operation: RevokeBias


Dynamic libraries:
0x00007ff7e2ff0000 - 0x00007ff7e2fff000 	C:\Program Files\Java\jdk-13.0.2\bin\javaw.exe
0x00007ffd870a0000 - 0x00007ffd87290000 	C:\Windows\SYSTEM32\ntdll.dll
0x00007ffd851f0000 - 0x00007ffd852a2000 	C:\Windows\System32\KERNEL32.DLL
0x00007ffd84de0000 - 0x00007ffd85085000 	C:\Windows\System32\KERNELBASE.dll
0x00007ffd844f0000 - 0x00007ffd845ea000 	C:\Windows\System32\ucrtbase.dll
0x00007ffd76800000 - 0x00007ffd76815000 	C:\Program Files\Java\jdk-13.0.2\bin\VCRUNTIME140.dll
0x00007ffd75510000 - 0x00007ffd75528000 	C:\Program Files\Java\jdk-13.0.2\bin\jli.dll
0x00007ffd85500000 - 0x00007ffd855a3000 	C:\Windows\System32\ADVAPI32.dll
0x00007ffd869b0000 - 0x00007ffd86a4e000 	C:\Windows\System32\msvcrt.dll
0x00007ffd86910000 - 0x00007ffd869a7000 	C:\Windows\System32\sechost.dll
0x00007ffd85380000 - 0x00007ffd8549f000 	C:\Windows\System32\RPCRT4.dll
0x00007ffd86da0000 - 0x00007ffd86f34000 	C:\Windows\System32\USER32.dll
0x00007ffd84360000 - 0x00007ffd84381000 	C:\Windows\System32\win32u.dll
0x00007ffd72420000 - 0x00007ffd726a4000 	C:\Windows\WinSxS\amd64_microsoft.windows.common-controls_6595b64144ccf1df_6.0.18362.1556_none_9e7e372fe45e41d5\COMCTL32.dll
0x00007ffd85f60000 - 0x00007ffd85f86000 	C:\Windows\System32\GDI32.dll
0x00007ffd86a60000 - 0x00007ffd86d96000 	C:\Windows\System32\combase.dll
0x00007ffd841c0000 - 0x00007ffd84358000 	C:\Windows\System32\gdi32full.dll
0x00007ffd84120000 - 0x00007ffd841be000 	C:\Windows\System32\msvcp_win.dll
0x00007ffd83fe0000 - 0x00007ffd84061000 	C:\Windows\System32\bcryptPrimitives.dll
0x00007ffd73b50000 - 0x00007ffd73b5a000 	C:\Windows\SYSTEM32\VERSION.dll
0x00007ffd86f40000 - 0x00007ffd86f6e000 	C:\Windows\System32\IMM32.DLL
0x00007ffd5e5e0000 - 0x00007ffd5e67b000 	C:\Program Files\Java\jdk-13.0.2\bin\msvcp140.dll
0x00007ffd528c0000 - 0x00007ffd5341d000 	C:\Program Files\Java\jdk-13.0.2\bin\server\jvm.dll
0x00007ffd85680000 - 0x00007ffd85688000 	C:\Windows\System32\PSAPI.DLL
0x00007ffd75950000 - 0x00007ffd75959000 	C:\Windows\SYSTEM32\WSOCK32.dll
0x00007ffd819e0000 - 0x00007ffd81a04000 	C:\Windows\SYSTEM32\WINMM.dll
0x00007ffd85710000 - 0x00007ffd8577f000 	C:\Windows\System32\WS2_32.dll
0x00007ffd819b0000 - 0x00007ffd819dd000 	C:\Windows\SYSTEM32\winmmbase.dll
0x00007ffd84d90000 - 0x00007ffd84dda000 	C:\Windows\System32\cfgmgr32.dll
0x00007ffd83f30000 - 0x00007ffd83f41000 	C:\Windows\System32\kernel.appcore.dll
0x00007ffd75900000 - 0x00007ffd75910000 	C:\Program Files\Java\jdk-13.0.2\bin\verify.dll
0x00007ffd72e10000 - 0x00007ffd73004000 	C:\Windows\SYSTEM32\DBGHELP.DLL
0x00007ffd72db0000 - 0x00007ffd72dda000 	C:\Windows\SYSTEM32\dbgcore.DLL
0x00007ffd63a70000 - 0x00007ffd63a96000 	C:\Program Files\Java\jdk-13.0.2\bin\java.dll
0x00007ffd68950000 - 0x00007ffd68967000 	C:\Program Files\Java\jdk-13.0.2\bin\zip.dll
0x00007ffd750a0000 - 0x00007ffd750aa000 	C:\Program Files\Java\jdk-13.0.2\bin\jimage.dll
0x00007ffd860d0000 - 0x00007ffd867b7000 	C:\Windows\System32\SHELL32.dll
0x00007ffd86f70000 - 0x00007ffd87018000 	C:\Windows\System32\shcore.dll
0x00007ffd84610000 - 0x00007ffd84d8b000 	C:\Windows\System32\windows.storage.dll
0x00007ffd83f50000 - 0x00007ffd83f6e000 	C:\Windows\System32\profapi.dll
0x00007ffd83f90000 - 0x00007ffd83fda000 	C:\Windows\System32\powrprof.dll
0x00007ffd83f20000 - 0x00007ffd83f30000 	C:\Windows\System32\UMPDC.dll
0x00007ffd85bf0000 - 0x00007ffd85c42000 	C:\Windows\System32\shlwapi.dll
0x00007ffd845f0000 - 0x00007ffd84607000 	C:\Windows\System32\cryptsp.dll
0x00007ffd68050000 - 0x00007ffd68069000 	C:\Program Files\Java\jdk-13.0.2\bin\net.dll
0x00007ffd7a360000 - 0x00007ffd7a45a000 	C:\Windows\SYSTEM32\WINHTTP.dll
0x00007ffd83760000 - 0x00007ffd837c7000 	C:\Windows\system32\mswsock.dll
0x00007ffd67380000 - 0x00007ffd67393000 	C:\Program Files\Java\jdk-13.0.2\bin\nio.dll
0x00007ffd57460000 - 0x00007ffd575f9000 	C:\Program Files\Java\jdk-13.0.2\bin\awt.dll
0x00007ffd867c0000 - 0x00007ffd86885000 	C:\Windows\System32\OLEAUT32.dll
0x00007ffd82060000 - 0x00007ffd820ef000 	C:\Windows\SYSTEM32\apphelp.dll
0x00007ffd82240000 - 0x00007ffd822d9000 	C:\Windows\system32\uxtheme.dll
0x00007ffd85f90000 - 0x00007ffd860c5000 	C:\Windows\System32\MSCTF.dll
0x00007ffd85c50000 - 0x00007ffd85da7000 	C:\Windows\System32\ole32.dll
0x00007ffd834b0000 - 0x00007ffd8357b000 	C:\Windows\SYSTEM32\DNSAPI.dll
0x00007ffd87020000 - 0x00007ffd87028000 	C:\Windows\System32\NSI.dll
0x00007ffd83470000 - 0x00007ffd834aa000 	C:\Windows\SYSTEM32\IPHLPAPI.DLL
0x00007ffd7aa00000 - 0x00007ffd7aa0a000 	C:\Windows\System32\rasadhlp.dll
0x00007ffd7ae60000 - 0x00007ffd7aed7000 	C:\Windows\System32\fwpuclnt.dll
0x00007ffd85090000 - 0x00007ffd850b6000 	C:\Windows\System32\bcrypt.dll
0x00007ffd81e80000 - 0x00007ffd81e8e000 	C:\Program Files\Java\jdk-13.0.2\bin\sunmscapi.dll
0x00007ffd84390000 - 0x00007ffd844e1000 	C:\Windows\System32\CRYPT32.dll
0x00007ffd83f70000 - 0x00007ffd83f82000 	C:\Windows\System32\MSASN1.dll
0x00007ffd83a40000 - 0x00007ffd83a66000 	C:\Windows\SYSTEM32\ncrypt.dll
0x00007ffd83a00000 - 0x00007ffd83a3b000 	C:\Windows\SYSTEM32\NTASN1.dll
0x00007ffd7db50000 - 0x00007ffd7db75000 	C:\Program Files\Java\jdk-13.0.2\bin\sunec.dll
0x00007ffd832e0000 - 0x00007ffd83313000 	C:\Windows\system32\rsaenh.dll
0x00007ffd83e10000 - 0x00007ffd83e35000 	C:\Windows\SYSTEM32\USERENV.dll
0x00007ffd83930000 - 0x00007ffd8393c000 	C:\Windows\SYSTEM32\CRYPTBASE.dll
0x00007ffd7af40000 - 0x00007ffd7af56000 	C:\Windows\SYSTEM32\dhcpcsvc6.DLL
0x00007ffd7b040000 - 0x00007ffd7b05c000 	C:\Windows\SYSTEM32\dhcpcsvc.DLL
0x00007ffd82590000 - 0x00007ffd825bd000 	C:\Windows\system32\DWMAPI.DLL
0x00007ffd55870000 - 0x00007ffd559c6000 	C:\Windows\system32\opengl32.dll
0x00007ffd5e840000 - 0x00007ffd5e86c000 	C:\Windows\SYSTEM32\GLU32.dll
0x00007ffd82c30000 - 0x00007ffd82c50000 	C:\Windows\SYSTEM32\dxcore.dll
0x00007ffd5e7d0000 - 0x00007ffd5e7fd000 	C:\Program Files\Java\jdk-13.0.2\bin\javajpeg.dll

dbghelp: loaded successfully - version: 4.0.5 - missing functions: none
symbol engine: initialized successfully - sym options: 0x614 - pdb path: .;C:\Program Files\Java\jdk-13.0.2\bin;C:\Windows\SYSTEM32;C:\Windows\WinSxS\amd64_microsoft.windows.common-controls_6595b64144ccf1df_6.0.18362.1556_none_9e7e372fe45e41d5;C:\Program Files\Java\jdk-13.0.2\bin\server

VM Arguments:
jvm_args: -Dfile.encoding=Cp1252 
java_command: Application.Home
java_class_path (initial): C:\Users\User\git\bakame\DriveOperations\target\classes;C:\Users\User\Desktop\Libraries\jgoodies-common-1.8.0.jar;C:\Users\User\Desktop\Libraries\jgoodies-forms-1.8.0.jar;C:\Users\User\Desktop\Libraries\miglayout15-swing.jar;C:\Users\User\Downloads\javax.mail.jar;C:\Users\User\Downloads\activation-1.1.1.jar;C:\Users\User\Downloads\jcalendar-1.4.jar;C:\Users\User\Downloads\jfreechart-1.0.19\lib\jcommon-1.0.23.jar;C:\Users\User\Downloads\jfreechart-1.0.19\lib\jfreechart-1.0.19.jar;C:\Users\User\Downloads\commons-net-3.8.0\commons-net-3.8.0.jar;C:\Users\User\Documents\Libs\comm-2.0.jar;C:\Users\User\Documents\Libs\http-2.2.1.jar;C:\Users\User\Downloads\JTattoo-1.6.13.jar;C:\Users\User\Desktop\Libs\jmespath-java-1.11.470.jar;C:\Users\User\Desktop\Libs\aws-java-sdk-core-1.12.65.jar;C:\Users\User\Desktop\Libs\aws-java-sdk-kms-1.12.65.jar;C:\Users\User\Desktop\Libs\aws-java-sdk-s3-1.12.65.jar;C:\Users\User\Desktop\Libs\commons-codec-1.15.jar;C:\Users\User\Desktop\Libs\commons-logging-1.1.3.jar;C:\Users\User\Desktop\Libs\httpclient-4.5.13.jar;C:\Users\User\Desktop\Libs\ion-java-1.0.2.jar;C:\Users\User\Desktop\Libs\jackson-annotations-2.12.3.jar;C:\Users\User\Desktop\Libs\jackson-core-2.12.3.jar;C:\Users\User\Desktop\Libs\jackson-databind-2.12.3.jar;C:\Users\User\Desktop\Libs\jackson-dataformat-cbor-2.12.3.jar;C:\Users\User\Desktop\Libs\jmespath-java-1.12.65.jar;C:\Users\User\Desktop\Libs\joda-time-2.8.1.jar;C:\Users\User\Desktop\Libs\mysql-connector-java-5.1.45.jar;C:\Users\User\.m2\repository\com\amazonaws\aws-java-sdk-s3\1.12.65\aws-java-sdk-s3-1.12.65.jar;C:\Users\User\.m2\repository\com\amazonaws\aws-java-sdk-kms\1.12.65\aws-java-sdk-kms-1.12.65.jar;C:\Users\User\.m2\repository\com\amazonaws\aws-java-sdk-core\1.12.65\aws-java-sdk-core-1.12.65.jar;C:\Users\User\.m2\repository\commons-logging\commons-logging\1.1.3\commons-logging-1.1.3.jar;C:\Users\User\.m2\repository\commons-codec\commons-codec\1.15\commons-codec-1.15.jar;C:\Users\User\.m2\re
Launcher Type: SUN_STANDARD

[Global flags]
     intx CICompilerCount                          = 3                                         {product} {ergonomic}
     uint ConcGCThreads                            = 1                                         {product} {ergonomic}
     uint G1ConcRefinementThreads                  = 4                                         {product} {ergonomic}
   size_t G1HeapRegionSize                         = 1048576                                   {product} {ergonomic}
    uintx GCDrainStackTargetSize                   = 64                                        {product} {ergonomic}
   size_t InitialHeapSize                          = 67108864                                  {product} {ergonomic}
   size_t MarkStackSize                            = 4194304                                   {product} {ergonomic}
   size_t MaxHeapSize                              = 1050673152                                {product} {ergonomic}
   size_t MaxNewSize                               = 630194176                                 {product} {ergonomic}
   size_t MinHeapDeltaBytes                        = 1048576                                   {product} {ergonomic}
   size_t MinHeapSize                              = 8388608                                   {product} {ergonomic}
    uintx NonNMethodCodeHeapSize                   = 5832780                                {pd product} {ergonomic}
    uintx NonProfiledCodeHeapSize                  = 122912730                              {pd product} {ergonomic}
    uintx ProfiledCodeHeapSize                     = 122912730                              {pd product} {ergonomic}
    uintx ReservedCodeCacheSize                    = 251658240                              {pd product} {ergonomic}
     bool SegmentedCodeCache                       = true                                      {product} {ergonomic}
   size_t SoftMaxHeapSize                          = 1050673152                             {manageable} {ergonomic}
     bool UseCompressedClassPointers               = true                                 {lp64_product} {ergonomic}
     bool UseCompressedOops                        = true                                 {lp64_product} {ergonomic}
     bool UseG1GC                                  = true                                      {product} {ergonomic}
     bool UseLargePagesIndividualAllocation        = false                                  {pd product} {ergonomic}

Logging:
Log output configuration:
 #0: stdout all=warning uptime,level,tags
 #1: stderr all=off uptime,level,tags

Environment Variables:
JAVA_HOME=C:\Program Files (x86)\Java\jre1.8.0_241
PATH=C:\Program Files\Java\jdk-13.0.2\bin;C:\Program Files (x86)\Common Files\Oracle\Java\javapath;C:\Windows\system32;C:\Windows;C:\Windows\System32\Wbem;C:\Windows\System32\WindowsPowerShell\v1.0\;C:\Windows\System32\OpenSSH\;C:\Program Files (x86)\apache-maven-3.8.1\bin;C:\Program Files (x86)\gradle-7.1.1\bin;C:\Users\User\Documents\Setup logiciels\mongosh-1.1.2-win32-x64\bin;C:\Program Files\Git\cmd;C:\Program Files\MySQL\MySQL Shell 8.0\bin\;C:\Users\User\AppData\Local\Microsoft\WindowsApps;C:\Users\User\AppData\Local\Programs\Microsoft VS Code\bin;C:\Program Files (x86)\gradle-7.1.1\bin;C:\Users\User\Downloads\platform-tools;C:\Users\User\Documents\Setup logiciels\mongosh-1.1.2-win32-x64\bin;C:\Users\User\AppData\Local\GitHubDesktop\bin;C:\Program Files\JetBrains\IntelliJ IDEA 2022.1.1\bin;
USERNAME=User
OS=Windows_NT
PROCESSOR_IDENTIFIER=Intel64 Family 6 Model 42 Stepping 7, GenuineIntel



---------------  S Y S T E M  ---------------

OS: Windows 10 , 64 bit Build 18362 (10.0.18362.1500)

CPU:total 4 (initial active 4) (2 cores per cpu, 2 threads per core) family 6 model 42 stepping 7, cmov, cx8, fxsr, mmx, sse, sse2, sse3, ssse3, sse4.1, sse4.2, popcnt, avx, aes, clmul, ht, tsc, tscinvbit

Memory: 4k page, system-wide physical 4006M (296M free)
TotalPageFile size 16241M (AvailPageFile size 119M)
current process WorkingSet (physical memory assigned to process): 116M, peak: 118M
current process commit charge ("private bytes"): 180M, peak: 355M

vm_info: Java HotSpot(TM) 64-Bit Server VM (13.0.2+8) for windows-amd64 JRE (13.0.2+8), built on Dec 11 2019 09:20:33 by "mach5one" with unknown MS VC++:1916

END.
