#
# There is insufficient memory for the Java Runtime Environment to continue.
# Native memory allocation (mmap) failed to map 182452224 bytes for Failed to commit area from 0x00000000c5600000 to 0x00000000d0400000 of length 182452224.
# Possible reasons:
#   The system is out of physical RAM or swap space
#   The process is running with CompressedOops enabled, and the Java Heap may be blocking the growth of the native heap
# Possible solutions:
#   Reduce memory load on the system
#   Increase physical memory or swap space
#   Check if swap backing store is full
#   Decrease Java heap size (-Xmx/-Xms)
#   Decrease number of Java threads
#   Decrease Java thread stack sizes (-Xss)
#   Set larger code cache with -XX:ReservedCodeCacheSize=
#   JVM is running with Unscaled Compressed Oops mode in which the Java heap is
#     placed in the first 4GB address space. The Java Heap base address is the
#     maximum limit for the native heap growth. Please use -XX:HeapBaseMinAddress
#     to set the Java Heap base and to place the Java Heap above 4GB virtual address.
# This output file may be truncated or incomplete.
#
#  Out of Memory Error (t:/workspace/open/src/hotspot/os/windows/os_windows.cpp:3301), pid=12824, tid=9704
#
# JRE version: Java(TM) SE Runtime Environment (13.0.2+8) (build 13.0.2+8)
# Java VM: Java HotSpot(TM) 64-Bit Server VM (13.0.2+8, mixed mode, sharing, tiered, compressed oops, g1 gc, windows-amd64)
# No core dump will be written. Minidumps are not enabled by default on client versions of Windows
#

---------------  S U M M A R Y ------------

Command Line: -Dfile.encoding=Cp1252 Application.Home

Host: Intel(R) Core(TM) i5-2520M CPU @ 2.50GHz, 4 cores, 3G,  Windows 10 , 64 bit Build 18362 (10.0.18362.1500)
Time: Mon Jun 20 21:09:31 2022 Afrique de l?Est elapsed time: 4 seconds (0d 0h 0m 4s)

---------------  T H R E A D  ---------------

Current thread (0x000001d39badb000):  JavaThread "Image Fetcher 1" daemon [_thread_in_vm, id=9704, stack(0x000000052a400000,0x000000052a500000)]

Stack: [0x000000052a400000,0x000000052a500000]
Native frames: (J=compiled Java code, j=interpreted, Vv=VM code, C=native code)
V  [jvm.dll+0x624f9a]
V  [jvm.dll+0x770cfa]
V  [jvm.dll+0x7724af]
V  [jvm.dll+0x772ab3]
V  [jvm.dll+0x24bf08]
V  [jvm.dll+0x6222aa]
V  [jvm.dll+0x6170b5]
V  [jvm.dll+0x30a88c]
V  [jvm.dll+0x30a6c2]
V  [jvm.dll+0x30fe36]
V  [jvm.dll+0x353f46]
V  [jvm.dll+0x353720]
V  [jvm.dll+0x2e5d5e]
V  [jvm.dll+0x2e16ff]
V  [jvm.dll+0x5be8b5]
V  [jvm.dll+0x5be33b]
V  [jvm.dll+0x1f48d5]
V  [jvm.dll+0x74b3a7]
V  [jvm.dll+0x3783ea]
C  0x000001d38844fd37

Java frames: (J=compiled Java code, j=interpreted, Vv=VM code)
j  java.awt.image.DataBufferInt.<init>(I)V+11 java.desktop@13.0.2
j  java.awt.image.Raster.createPackedRaster(III[ILjava/awt/Point;)Ljava/awt/image/WritableRaster;+69 java.desktop@13.0.2
j  java.awt.image.DirectColorModel.createCompatibleWritableRaster(II)Ljava/awt/image/WritableRaster;+83 java.desktop@13.0.2
j  sun.awt.image.ImageRepresentation.createBufferedImage()V+18 java.desktop@13.0.2
J 1749 c1 sun.awt.image.ImageRepresentation.setPixels(IIIILjava/awt/image/ColorModel;[III)V java.desktop@13.0.2 (527 bytes) @ 0x000001d388d5a66c [0x000001d388d5a2e0+0x000000000000038c]
J 1757 c1 sun.awt.image.ImageDecoder.setPixels(IIIILjava/awt/image/ColorModel;[III)I java.desktop@13.0.2 (58 bytes) @ 0x000001d388d60d44 [0x000001d388d60800+0x0000000000000544]
j  sun.awt.image.JPEGImageDecoder.sendPixels([II)Z+14 java.desktop@13.0.2
v  ~StubRoutines::call_stub
j  sun.awt.image.JPEGImageDecoder.readImage(Ljava/io/InputStream;[B)V+0 java.desktop@13.0.2
j  sun.awt.image.JPEGImageDecoder.produceImage()V+10 java.desktop@13.0.2
j  sun.awt.image.InputStreamImageSource.doFetch()V+51 java.desktop@13.0.2
j  sun.awt.image.ImageFetcher.fetchloop()V+31 java.desktop@13.0.2
j  sun.awt.image.ImageFetcher.run()V+5 java.desktop@13.0.2
v  ~StubRoutines::call_stub

---------------  P R O C E S S  ---------------

Threads class SMR info:
_java_thread_list=0x000001d39b899080, length=20, elements={
0x000001d3ff780000, 0x000001d3ff787000, 0x000001d3ff7a0000, 0x000001d3ff7a1800,
0x000001d3ff7a6800, 0x000001d3ff7b1800, 0x000001d3ff7be800, 0x000001d3ffa01800,
0x000001d3ffa0a800, 0x000001d39ace5800, 0x000001d39ace8000, 0x000001d39ace9800,
0x000001d39acf7000, 0x000001d3fdb61800, 0x000001d39ad1c800, 0x000001d39ad40800,
0x000001d39b83d800, 0x000001d39b803800, 0x000001d39bbaa800, 0x000001d39badb000
}

Java Threads: ( => current thread )
  0x000001d3ff780000 JavaThread "Reference Handler" daemon [_thread_blocked, id=10840, stack(0x0000000528e00000,0x0000000528f00000)]
  0x000001d3ff787000 JavaThread "Finalizer" daemon [_thread_blocked, id=11636, stack(0x0000000528f00000,0x0000000529000000)]
  0x000001d3ff7a0000 JavaThread "Signal Dispatcher" daemon [_thread_blocked, id=1000, stack(0x0000000529000000,0x0000000529100000)]
  0x000001d3ff7a1800 JavaThread "Attach Listener" daemon [_thread_blocked, id=4968, stack(0x0000000529100000,0x0000000529200000)]
  0x000001d3ff7a6800 JavaThread "C2 CompilerThread0" daemon [_thread_blocked, id=8092, stack(0x0000000529200000,0x0000000529300000)]
  0x000001d3ff7b1800 JavaThread "C1 CompilerThread0" daemon [_thread_blocked, id=1324, stack(0x0000000529300000,0x0000000529400000)]
  0x000001d3ff7be800 JavaThread "Sweeper thread" daemon [_thread_blocked, id=11864, stack(0x0000000529400000,0x0000000529500000)]
  0x000001d3ffa01800 JavaThread "Service Thread" daemon [_thread_blocked, id=4568, stack(0x0000000529500000,0x0000000529600000)]
  0x000001d3ffa0a800 JavaThread "Common-Cleaner" daemon [_thread_blocked, id=11544, stack(0x0000000529700000,0x0000000529800000)]
  0x000001d39ace5800 JavaThread "Java2D Disposer" daemon [_thread_blocked, id=13264, stack(0x0000000529800000,0x0000000529900000)]
  0x000001d39ace8000 JavaThread "AWT-Shutdown" [_thread_blocked, id=13200, stack(0x0000000529900000,0x0000000529a00000)]
  0x000001d39ace9800 JavaThread "AWT-Windows" daemon [_thread_in_native, id=13196, stack(0x0000000529a00000,0x0000000529b00000)]
  0x000001d39acf7000 JavaThread "AWT-EventQueue-0" [_thread_blocked, id=12476, stack(0x0000000529b00000,0x0000000529c00000)]
  0x000001d3fdb61800 JavaThread "DestroyJavaVM" [_thread_blocked, id=13192, stack(0x0000000528700000,0x0000000528800000)]
  0x000001d39ad1c800 JavaThread "Abandoned connection cleanup thread" daemon [_thread_blocked, id=12720, stack(0x0000000529c00000,0x0000000529d00000)]
  0x000001d39ad40800 JavaThread "mysql-cj-abandoned-connection-cleanup" daemon [_thread_blocked, id=2460, stack(0x0000000529d00000,0x0000000529e00000)]
  0x000001d39b83d800 JavaThread "C2 CompilerThread1" daemon [_thread_blocked, id=1516, stack(0x0000000529e00000,0x0000000529f00000)]
  0x000001d39b803800 JavaThread "Image Fetcher 0" daemon [_thread_blocked, id=6000, stack(0x000000052a200000,0x000000052a300000)]
  0x000001d39bbaa800 JavaThread "TimerQueue" daemon [_thread_blocked, id=10476, stack(0x000000052a300000,0x000000052a400000)]
=>0x000001d39badb000 JavaThread "Image Fetcher 1" daemon [_thread_in_vm, id=9704, stack(0x000000052a400000,0x000000052a500000)]

Other Threads:
  0x000001d3ff77e800 VMThread "VM Thread" [stack: 0x0000000528d00000,0x0000000528e00000] [id=5260]
  0x000001d3ffa09800 WatcherThread [stack: 0x0000000529600000,0x0000000529700000] [id=9572]
  0x000001d3fdb92800 GCTaskThread "GC Thread#0" [stack: 0x0000000528800000,0x0000000528900000] [id=13188]
  0x000001d39b24f000 GCTaskThread "GC Thread#1" [stack: 0x0000000529f00000,0x000000052a000000] [id=7064]
  0x000001d39b24f800 GCTaskThread "GC Thread#2" [stack: 0x000000052a000000,0x000000052a100000] [id=10620]
  0x000001d39b252000 GCTaskThread "GC Thread#3" [stack: 0x000000052a100000,0x000000052a200000] [id=13176]
  0x000001d3fdb9c000 ConcurrentGCThread "G1 Main Marker" [stack: 0x0000000528900000,0x0000000528a00000] [id=11348]
  0x000001d3fdba2000 ConcurrentGCThread "G1 Conc#0" [stack: 0x0000000528a00000,0x0000000528b00000] [id=7692]
  0x000001d3fdbf7000 ConcurrentGCThread "G1 Refine#0" [stack: 0x0000000528b00000,0x0000000528c00000] [id=2540]
  0x000001d3fdbf9800 ConcurrentGCThread "G1 Young RemSet Sampling" [stack: 0x0000000528c00000,0x0000000528d00000] [id=12120]

Threads with active compile tasks:

VM state:not at safepoint (normal execution)

VM Mutex/Monitor currently owned by a thread:  ([mutex/lock_event])
[0x000001d3fdb5eeb0] Heap_lock - owner thread: 0x000001d39badb000

Heap address: 0x00000000c1600000, size: 1002 MB, Compressed Oops mode: 32-bit
Narrow klass base: 0x0000000800000000, Narrow klass shift: 3
Compressed class space size: 1073741824 Address: 0x0000000800b40000

Heap:
 garbage-first heap   total 243712K, used 11663K [0x00000000c1600000, 0x0000000100000000)
  region size 1024K, 3 young (3072K), 3 survivors (3072K)
 Metaspace       used 18948K, capacity 19386K, committed 19584K, reserved 1067008K
  class space    used 2153K, capacity 2342K, committed 2432K, reserved 1048576K
Heap Regions: E=young(eden), S=young(survivor), O=old, HS=humongous(starts), HC=humongous(continues), CS=collection set, F=free, A=archive, TAMS=top-at-mark-start (previous, next)
|   0|0x00000000c1600000, 0x00000000c1700000, 0x00000000c1700000|100%| O|  |TAMS 0x00000000c1600000, 0x00000000c1700000| Untracked 
|   1|0x00000000c1700000, 0x00000000c1800000, 0x00000000c1800000|100%| O|  |TAMS 0x00000000c1700000, 0x00000000c1800000| Untracked 
|   2|0x00000000c1800000, 0x00000000c1900000, 0x00000000c1900000|100%| O|  |TAMS 0x00000000c1800000, 0x00000000c1900000| Untracked 
|   3|0x00000000c1900000, 0x00000000c1a00000, 0x00000000c1a00000|100%| O|  |TAMS 0x00000000c1900000, 0x00000000c1a00000| Untracked 
|   4|0x00000000c1a00000, 0x00000000c1b00000, 0x00000000c1b00000|100%| O|  |TAMS 0x00000000c1a00000, 0x00000000c1b00000| Untracked 
|   5|0x00000000c1b00000, 0x00000000c1c00000, 0x00000000c1c00000|100%| O|  |TAMS 0x00000000c1b00000, 0x00000000c1b61400| Untracked 
|   6|0x00000000c1c00000, 0x00000000c1d00000, 0x00000000c1d00000|100%| O|  |TAMS 0x00000000c1c00000, 0x00000000c1c00000| Untracked 
|   7|0x00000000c1d00000, 0x00000000c1e00000, 0x00000000c1e00000|100%| O|  |TAMS 0x00000000c1d00000, 0x00000000c1d00000| Untracked 
|   8|0x00000000c1e00000, 0x00000000c1e63c00, 0x00000000c1f00000| 38%| O|  |TAMS 0x00000000c1e00000, 0x00000000c1e00000| Untracked 
|   9|0x00000000c1f00000, 0x00000000c1f00000, 0x00000000c2000000|  0%| F|  |TAMS 0x00000000c1f00000, 0x00000000c1f00000| Untracked 
|  10|0x00000000c2000000, 0x00000000c2000000, 0x00000000c2100000|  0%| F|  |TAMS 0x00000000c2000000, 0x00000000c2000000| Untracked 
|  11|0x00000000c2100000, 0x00000000c2100000, 0x00000000c2200000|  0%| F|  |TAMS 0x00000000c2100000, 0x00000000c2100000| Untracked 
|  12|0x00000000c2200000, 0x00000000c2200000, 0x00000000c2300000|  0%| F|  |TAMS 0x00000000c2200000, 0x00000000c2200000| Untracked 
|  13|0x00000000c2300000, 0x00000000c2300000, 0x00000000c2400000|  0%| F|  |TAMS 0x00000000c2300000, 0x00000000c2300000| Untracked 
|  14|0x00000000c2400000, 0x00000000c2400000, 0x00000000c2500000|  0%| F|  |TAMS 0x00000000c2400000, 0x00000000c2400000| Untracked 
|  15|0x00000000c2500000, 0x00000000c2500000, 0x00000000c2600000|  0%| F|  |TAMS 0x00000000c2500000, 0x00000000c2500000| Untracked 
|  16|0x00000000c2600000, 0x00000000c2600000, 0x00000000c2700000|  0%| F|  |TAMS 0x00000000c2600000, 0x00000000c2600000| Untracked 
|  17|0x00000000c2700000, 0x00000000c2700000, 0x00000000c2800000|  0%| F|  |TAMS 0x00000000c2700000, 0x00000000c2700000| Untracked 
|  18|0x00000000c2800000, 0x00000000c2800000, 0x00000000c2900000|  0%| F|  |TAMS 0x00000000c2800000, 0x00000000c2800000| Untracked 
|  19|0x00000000c2900000, 0x00000000c2900000, 0x00000000c2a00000|  0%| F|  |TAMS 0x00000000c2900000, 0x00000000c2900000| Untracked 
|  20|0x00000000c2a00000, 0x00000000c2a00000, 0x00000000c2b00000|  0%| F|  |TAMS 0x00000000c2a00000, 0x00000000c2a00000| Untracked 
|  21|0x00000000c2b00000, 0x00000000c2b00000, 0x00000000c2c00000|  0%| F|  |TAMS 0x00000000c2b00000, 0x00000000c2b00000| Untracked 
|  22|0x00000000c2c00000, 0x00000000c2c00000, 0x00000000c2d00000|  0%| F|  |TAMS 0x00000000c2c00000, 0x00000000c2c00000| Untracked 
|  23|0x00000000c2d00000, 0x00000000c2d00000, 0x00000000c2e00000|  0%| F|  |TAMS 0x00000000c2d00000, 0x00000000c2d00000| Untracked 
|  24|0x00000000c2e00000, 0x00000000c2e00000, 0x00000000c2f00000|  0%| F|  |TAMS 0x00000000c2e00000, 0x00000000c2e00000| Untracked 
|  25|0x00000000c2f00000, 0x00000000c2f00000, 0x00000000c3000000|  0%| F|  |TAMS 0x00000000c2f00000, 0x00000000c2f00000| Untracked 
|  26|0x00000000c3000000, 0x00000000c3000000, 0x00000000c3100000|  0%| F|  |TAMS 0x00000000c3000000, 0x00000000c3000000| Untracked 
|  27|0x00000000c3100000, 0x00000000c3100000, 0x00000000c3200000|  0%| F|  |TAMS 0x00000000c3100000, 0x00000000c3100000| Untracked 
|  28|0x00000000c3200000, 0x00000000c3200000, 0x00000000c3300000|  0%| F|  |TAMS 0x00000000c3200000, 0x00000000c3200000| Untracked 
|  29|0x00000000c3300000, 0x00000000c3300000, 0x00000000c3400000|  0%| F|  |TAMS 0x00000000c3300000, 0x00000000c3300000| Untracked 
|  30|0x00000000c3400000, 0x00000000c3400000, 0x00000000c3500000|  0%| F|  |TAMS 0x00000000c3400000, 0x00000000c3400000| Untracked 
|  31|0x00000000c3500000, 0x00000000c3500000, 0x00000000c3600000|  0%| F|  |TAMS 0x00000000c3500000, 0x00000000c3500000| Untracked 
|  32|0x00000000c3600000, 0x00000000c3600000, 0x00000000c3700000|  0%| F|  |TAMS 0x00000000c3600000, 0x00000000c3600000| Untracked 
|  33|0x00000000c3700000, 0x00000000c3700000, 0x00000000c3800000|  0%| F|  |TAMS 0x00000000c3700000, 0x00000000c3700000| Untracked 
|  34|0x00000000c3800000, 0x00000000c3800000, 0x00000000c3900000|  0%| F|  |TAMS 0x00000000c3800000, 0x00000000c3800000| Untracked 
|  35|0x00000000c3900000, 0x00000000c3900000, 0x00000000c3a00000|  0%| F|  |TAMS 0x00000000c3900000, 0x00000000c3900000| Untracked 
|  36|0x00000000c3a00000, 0x00000000c3a00000, 0x00000000c3b00000|  0%| F|  |TAMS 0x00000000c3a00000, 0x00000000c3a00000| Untracked 
|  37|0x00000000c3b00000, 0x00000000c3b00000, 0x00000000c3c00000|  0%| F|  |TAMS 0x00000000c3b00000, 0x00000000c3b00000| Untracked 
|  38|0x00000000c3c00000, 0x00000000c3c00000, 0x00000000c3d00000|  0%| F|  |TAMS 0x00000000c3c00000, 0x00000000c3c00000| Untracked 
|  39|0x00000000c3d00000, 0x00000000c3d00000, 0x00000000c3e00000|  0%| F|  |TAMS 0x00000000c3d00000, 0x00000000c3d00000| Untracked 
|  40|0x00000000c3e00000, 0x00000000c3f00000, 0x00000000c3f00000|100%| S|CS|TAMS 0x00000000c3e00000, 0x00000000c3e00000| Complete 
|  41|0x00000000c3f00000, 0x00000000c4000000, 0x00000000c4000000|100%| S|CS|TAMS 0x00000000c3f00000, 0x00000000c3f00000| Complete 
|  42|0x00000000c4000000, 0x00000000c4100000, 0x00000000c4100000|100%| S|CS|TAMS 0x00000000c4000000, 0x00000000c4000000| Complete 
|  43|0x00000000c4100000, 0x00000000c4100000, 0x00000000c4200000|  0%| F|  |TAMS 0x00000000c4100000, 0x00000000c4100000| Untracked 
|  44|0x00000000c4200000, 0x00000000c4200000, 0x00000000c4300000|  0%| F|  |TAMS 0x00000000c4200000, 0x00000000c4200000| Untracked 
|  45|0x00000000c4300000, 0x00000000c4300000, 0x00000000c4400000|  0%| F|  |TAMS 0x00000000c4300000, 0x00000000c4300000| Untracked 
|  46|0x00000000c4400000, 0x00000000c4400000, 0x00000000c4500000|  0%| F|  |TAMS 0x00000000c4400000, 0x00000000c4400000| Untracked 
|  47|0x00000000c4500000, 0x00000000c4500000, 0x00000000c4600000|  0%| F|  |TAMS 0x00000000c4500000, 0x00000000c4500000| Untracked 
|  48|0x00000000c4600000, 0x00000000c4600000, 0x00000000c4700000|  0%| F|  |TAMS 0x00000000c4600000, 0x00000000c4600000| Untracked 
|  49|0x00000000c4700000, 0x00000000c4700000, 0x00000000c4800000|  0%| F|  |TAMS 0x00000000c4700000, 0x00000000c4700000| Untracked 
|  50|0x00000000c4800000, 0x00000000c4800000, 0x00000000c4900000|  0%| F|  |TAMS 0x00000000c4800000, 0x00000000c4800000| Untracked 
|  51|0x00000000c4900000, 0x00000000c4900000, 0x00000000c4a00000|  0%| F|  |TAMS 0x00000000c4900000, 0x00000000c4900000| Untracked 
|  52|0x00000000c4a00000, 0x00000000c4a00000, 0x00000000c4b00000|  0%| F|  |TAMS 0x00000000c4a00000, 0x00000000c4a00000| Untracked 
|  53|0x00000000c4b00000, 0x00000000c4b00000, 0x00000000c4c00000|  0%| F|  |TAMS 0x00000000c4b00000, 0x00000000c4b00000| Untracked 
|  54|0x00000000c4c00000, 0x00000000c4c00000, 0x00000000c4d00000|  0%| F|  |TAMS 0x00000000c4c00000, 0x00000000c4c00000| Untracked 
|  55|0x00000000c4d00000, 0x00000000c4d00000, 0x00000000c4e00000|  0%| F|  |TAMS 0x00000000c4d00000, 0x00000000c4d00000| Untracked 
|  56|0x00000000c4e00000, 0x00000000c4e00000, 0x00000000c4f00000|  0%| F|  |TAMS 0x00000000c4e00000, 0x00000000c4e00000| Untracked 
|  57|0x00000000c4f00000, 0x00000000c4f00000, 0x00000000c5000000|  0%| F|  |TAMS 0x00000000c4f00000, 0x00000000c4f00000| Untracked 
|  58|0x00000000c5000000, 0x00000000c5000000, 0x00000000c5100000|  0%| F|  |TAMS 0x00000000c5000000, 0x00000000c5000000| Untracked 
|  59|0x00000000c5100000, 0x00000000c5100000, 0x00000000c5200000|  0%| F|  |TAMS 0x00000000c5100000, 0x00000000c5100000| Untracked 
|  60|0x00000000c5200000, 0x00000000c5200000, 0x00000000c5300000|  0%| F|  |TAMS 0x00000000c5200000, 0x00000000c5200000| Untracked 
|  61|0x00000000c5300000, 0x00000000c5300000, 0x00000000c5400000|  0%| F|  |TAMS 0x00000000c5300000, 0x00000000c5300000| Untracked 
|  62|0x00000000c5400000, 0x00000000c5400000, 0x00000000c5500000|  0%| F|  |TAMS 0x00000000c5400000, 0x00000000c5400000| Untracked 
|  63|0x00000000c5500000, 0x00000000c5500000, 0x00000000c5600000|  0%| F|  |TAMS 0x00000000c5500000, 0x00000000c5500000| Untracked 

Card table byte_map: [0x000001d3fde30000,0x000001d3fe030000] _byte_map_base: 0x000001d3fd825000

Marking Bits (Prev, Next): (CMBitMap*) 0x000001d3fdb93768, (CMBitMap*) 0x000001d3fdb937a8
 Prev Bits: [0x000001d3fe230000, 0x000001d3ff1d8000)
 Next Bits: [0x000001d397430000, 0x000001d3983d8000)

Polling page: 0x000001d3fba10000

Metaspace:

Usage:
  Non-class:     16.64 MB capacity,    16.40 MB ( 99%) used,   209.32 KB (  1%) free+waste,    39.06 KB ( <1%) overhead. 
      Class:      2.29 MB capacity,     2.10 MB ( 92%) used,   167.91 KB (  7%) free+waste,    21.00 KB ( <1%) overhead. 
       Both:     18.93 MB capacity,    18.50 MB ( 98%) used,   377.23 KB (  2%) free+waste,    60.06 KB ( <1%) overhead. 

Virtual space:
  Non-class space:       18.00 MB reserved,      16.75 MB ( 93%) committed 
      Class space:        1.00 GB reserved,       2.38 MB ( <1%) committed 
             Both:        1.02 GB reserved,      19.13 MB (  2%) committed 

Chunk freelists:
   Non-Class:  44.00 KB
       Class:  26.00 KB
        Both:  70.00 KB

MaxMetaspaceSize: 17179869184.00 GB
CompressedClassSpaceSize: 1.00 GB

CodeHeap 'non-profiled nmethods': size=120000Kb used=651Kb max_used=714Kb free=119348Kb
 bounds [0x000001d38ff00000, 0x000001d390170000, 0x000001d397430000]
CodeHeap 'profiled nmethods': size=120000Kb used=3421Kb max_used=3876Kb free=116578Kb
 bounds [0x000001d3889d0000, 0x000001d388da0000, 0x000001d38ff00000]
CodeHeap 'non-nmethods': size=5760Kb used=1336Kb max_used=1377Kb free=4423Kb
 bounds [0x000001d388430000, 0x000001d3886a0000, 0x000001d3889d0000]
 total_blobs=3197 nmethods=1653 adapters=536
 compilation: enabled
              stopped_count=0, restarted_count=0
 full_count=0

Compilation events (20 events):
Event: 4.552 Thread 0x000001d3ff7b1800 1862       3       java.awt.AWTEventMulticaster::addInternal (22 bytes)
Event: 4.552 Thread 0x000001d3ff7b1800 nmethod 1862 0x000001d388aa3210 code [0x000001d388aa33e0, 0x000001d388aa3798]
Event: 4.552 Thread 0x000001d3ff7b1800 1861       3       java.awt.Component::getForeground (29 bytes)
Event: 4.553 Thread 0x000001d3ff7b1800 nmethod 1861 0x000001d388d98e90 code [0x000001d388d99060, 0x000001d388d994f0]
Event: 4.554 Thread 0x000001d3ff7b1800 1863       3       sun.swing.SwingUtilities2::isScaleChanged (74 bytes)
Event: 4.554 Thread 0x000001d3ff7b1800 nmethod 1863 0x000001d388d99610 code [0x000001d388d99820, 0x000001d388d9a100]
Event: 4.555 Thread 0x000001d39b83d800 nmethod 1858% 0x000001d38ff35c10 code [0x000001d38ff35da0, 0x000001d38ff362d8]
Event: 4.555 Thread 0x000001d39b83d800 1859   !   4       sun.awt.AppContext::get (123 bytes)
Event: 4.558 Thread 0x000001d3ff7b1800 1864       3       java.awt.RenderingHints$Key::equals (11 bytes)
Event: 4.558 Thread 0x000001d3ff7b1800 nmethod 1864 0x000001d3889d7210 code [0x000001d3889d73c0, 0x000001d3889d7598]
Event: 4.558 Thread 0x000001d3ff7b1800 1865       3       java.util.stream.StreamOpFlag::fromCharacteristics (37 bytes)
Event: 4.559 Thread 0x000001d3ff7b1800 nmethod 1865 0x000001d388a35d10 code [0x000001d388a35ee0, 0x000001d388a36260]
Event: 4.559 Thread 0x000001d3ff7b1800 1866       3       java.util.stream.AbstractPipeline::<init> (55 bytes)
Event: 4.559 Thread 0x000001d3ff7b1800 nmethod 1866 0x000001d3889d9c10 code [0x000001d3889d9dc0, 0x000001d3889da118]
Event: 4.559 Thread 0x000001d3ff7b1800 1867       3       jdk.internal.reflect.ClassFileAssembler::setStack (25 bytes)
Event: 4.559 Thread 0x000001d3ff7b1800 nmethod 1867 0x000001d3889e2010 code [0x000001d3889e21c0, 0x000001d3889e2378]
Event: 4.559 Thread 0x000001d3ff7b1800 1869       3       jdk.internal.reflect.ReflectionFactory::newConstructorAccessor (154 bytes)
Event: 4.562 Thread 0x000001d3ff7b1800 nmethod 1869 0x000001d388afac90 code [0x000001d388afb060, 0x000001d388afcca0]
Event: 4.562 Thread 0x000001d3ff7b1800 1870       3       java.lang.reflect.Constructor::getRoot (5 bytes)
Event: 4.562 Thread 0x000001d3ff7b1800 nmethod 1870 0x000001d388a09690 code [0x000001d388a09840, 0x000001d388a099d8]

GC Heap History (6 events):
Event: 0.761 GC heap before
{Heap before GC invocations=0 (full 0):
 garbage-first heap   total 65536K, used 13312K [0x00000000c1600000, 0x0000000100000000)
  region size 1024K, 14 young (14336K), 0 survivors (0K)
 Metaspace       used 6203K, capacity 7137K, committed 7424K, reserved 1056768K
  class space    used 585K, capacity 682K, committed 768K, reserved 1048576K
}
Event: 0.780 GC heap after
{Heap after GC invocations=1 (full 0):
 garbage-first heap   total 65536K, used 5419K [0x00000000c1600000, 0x0000000100000000)
  region size 1024K, 2 young (2048K), 2 survivors (2048K)
 Metaspace       used 6203K, capacity 7137K, committed 7424K, reserved 1056768K
  class space    used 585K, capacity 682K, committed 768K, reserved 1048576K
}
Event: 1.592 GC heap before
{Heap before GC invocations=1 (full 0):
 garbage-first heap   total 65536K, used 13611K [0x00000000c1600000, 0x0000000100000000)
  region size 1024K, 10 young (10240K), 2 survivors (2048K)
 Metaspace       used 10406K, capacity 10660K, committed 11008K, reserved 1058816K
  class space    used 1067K, capacity 1175K, committed 1280K, reserved 1048576K
}
Event: 1.599 GC heap after
{Heap after GC invocations=2 (full 0):
 garbage-first heap   total 65536K, used 7273K [0x00000000c1600000, 0x0000000100000000)
  region size 1024K, 2 young (2048K), 2 survivors (2048K)
 Metaspace       used 10406K, capacity 10660K, committed 11008K, reserved 1058816K
  class space    used 1067K, capacity 1175K, committed 1280K, reserved 1048576K
}
Event: 4.565 GC heap before
{Heap before GC invocations=2 (full 0):
 garbage-first heap   total 65536K, used 24681K [0x00000000c1600000, 0x0000000100000000)
  region size 1024K, 21 young (21504K), 2 survivors (2048K)
 Metaspace       used 18948K, capacity 19386K, committed 19584K, reserved 1067008K
  class space    used 2153K, capacity 2342K, committed 2432K, reserved 1048576K
}
Event: 4.576 GC heap after
{Heap after GC invocations=3 (full 0):
 garbage-first heap   total 65536K, used 11663K [0x00000000c1600000, 0x0000000100000000)
  region size 1024K, 3 young (3072K), 3 survivors (3072K)
 Metaspace       used 18948K, capacity 19386K, committed 19584K, reserved 1067008K
  class space    used 2153K, capacity 2342K, committed 2432K, reserved 1048576K
}

Deoptimization events (20 events):
Event: 4.542 Thread 0x000001d39badb000 DEOPT PACKING pc=0x000001d38ffa3cfc sp=0x000000052a4feed0
Event: 4.542 Thread 0x000001d39badb000 DEOPT UNPACKING pc=0x000001d38847912f sp=0x000000052a4fee08 mode 2
Event: 4.542 Thread 0x000001d39badb000 DEOPT PACKING pc=0x000001d388d78bd8 sp=0x000000052a4fef10
Event: 4.542 Thread 0x000001d39badb000 DEOPT UNPACKING pc=0x000001d38847964e sp=0x000000052a4fe4a0 mode 0
Event: 4.544 Thread 0x000001d39b803800 DEOPT PACKING pc=0x000001d388d9858d sp=0x000000052a2ff1e0
Event: 4.544 Thread 0x000001d39b803800 DEOPT UNPACKING pc=0x000001d38847964e sp=0x000000052a2fe650 mode 0
Event: 4.544 Thread 0x000001d39b803800 DEOPT PACKING pc=0x000001d388d78bd8 sp=0x000000052a2ff260
Event: 4.544 Thread 0x000001d39b803800 DEOPT UNPACKING pc=0x000001d38847964e sp=0x000000052a2fe7f0 mode 0
Event: 4.546 Thread 0x000001d39badb000 DEOPT PACKING pc=0x000001d388aa5844 sp=0x000000052a4fed70
Event: 4.546 Thread 0x000001d39badb000 DEOPT UNPACKING pc=0x000001d38847964e sp=0x000000052a4fe210 mode 0
Event: 4.547 Thread 0x000001d39badb000 DEOPT PACKING pc=0x000001d388d9858d sp=0x000000052a4fee90
Event: 4.547 Thread 0x000001d39badb000 DEOPT UNPACKING pc=0x000001d38847964e sp=0x000000052a4fe300 mode 0
Event: 4.547 Thread 0x000001d39badb000 DEOPT PACKING pc=0x000001d388d78bd8 sp=0x000000052a4fef10
Event: 4.547 Thread 0x000001d39badb000 DEOPT UNPACKING pc=0x000001d38847964e sp=0x000000052a4fe4a0 mode 0
Event: 4.547 Thread 0x000001d39badb000 DEOPT PACKING pc=0x000001d388d9858d sp=0x000000052a4fef20
Event: 4.547 Thread 0x000001d39badb000 DEOPT UNPACKING pc=0x000001d38847964e sp=0x000000052a4fe3c0 mode 0
Event: 4.550 Thread 0x000001d39b803800 DEOPT PACKING pc=0x000001d388d78bd8 sp=0x000000052a2ff260
Event: 4.550 Thread 0x000001d39b803800 DEOPT UNPACKING pc=0x000001d38847964e sp=0x000000052a2fe7f0 mode 0
Event: 4.550 Thread 0x000001d39b803800 DEOPT PACKING pc=0x000001d388d9858d sp=0x000000052a2ff270
Event: 4.550 Thread 0x000001d39b803800 DEOPT UNPACKING pc=0x000001d38847964e sp=0x000000052a2fe710 mode 0

Classes unloaded (0 events):
No events

Classes redefined (0 events):
No events

Internal exceptions (20 events):
Event: 0.974 Thread 0x000001d39acf7000 Exception <a 'sun/nio/fs/WindowsException'{0x00000000c5033750}> (0x00000000c5033750) 
thrown [t:/workspace/open/src/hotspot/share/prims/jni.cpp, line 598]
Event: 0.976 Thread 0x000001d39acf7000 Exception <a 'java/lang/NoSuchMethodError'{0x00000000c50355e0}: 'int java.lang.invoke.DirectMethodHandle$Holder.invokeSpecialIFC(java.lang.Object, java.lang.Object, int)'> (0x00000000c50355e0) 
thrown [t:/workspace/open/src/hotspot/share/interpreter/linkResolver.cpp, line 767]
Event: 0.993 Thread 0x000001d39acf7000 Exception <a 'java/lang/NoSuchMethodError'{0x00000000c505e938}: 'int java.lang.invoke.DirectMethodHandle$Holder.invokeStaticInit(java.lang.Object, java.lang.Object, java.lang.Object, java.lang.Object)'> (0x00000000c505e938) 
thrown [t:/workspace/open/src/hotspot/share/interpreter/linkResolver.cpp, line 767]
Event: 0.994 Thread 0x000001d39acf7000 Exception <a 'java/lang/IncompatibleClassChangeError'{0x00000000c5067688}: Found class java.lang.Object, but interface was expected> (0x00000000c5067688) 
thrown [t:/workspace/open/src/hotspot/share/interpreter/linkResolver.cpp, line 833]
Event: 0.995 Thread 0x000001d39acf7000 Exception <a 'java/lang/NoSuchMethodError'{0x00000000c506a808}: 'void java.lang.invoke.DirectMethodHandle$Holder.invokeStaticInit(java.lang.Object, java.lang.Object)'> (0x00000000c506a808) 
thrown [t:/workspace/open/src/hotspot/share/interpreter/linkResolver.cpp, line 767]
Event: 0.997 Thread 0x000001d39acf7000 Exception <a 'java/lang/NoSuchMethodError'{0x00000000c506ffa0}: 'int java.lang.invoke.DirectMethodHandle$Holder.invokeStaticInit(java.lang.Object, java.lang.Object)'> (0x00000000c506ffa0) 
thrown [t:/workspace/open/src/hotspot/share/interpreter/linkResolver.cpp, line 767]
Event: 1.524 Thread 0x000001d39acf7000 Exception <a 'java/lang/NoSuchMethodError'{0x00000000c4e6d9c8}: 'java.lang.Object java.lang.invoke.DirectMethodHandle$Holder.invokeStaticInit(java.lang.Object, java.lang.Object, int, int, int, int)'> (0x00000000c4e6d9c8) 
thrown [t:/workspace/open/src/hotspot/share/interpreter/linkResolver.cpp, line 767]
Event: 1.957 Thread 0x000001d39acf7000 Exception <a 'java/lang/NullPointerException'{0x00000000c543d920}> (0x00000000c543d920) 
thrown [t:/workspace/open/src/hotspot/share/interpreter/linkResolver.cpp, line 1349]
Event: 1.958 Thread 0x000001d39acf7000 Exception <a 'java/lang/reflect/InvocationTargetException'{0x00000000c5441550}> (0x00000000c5441550) 
thrown [t:/workspace/open/src/hotspot/share/runtime/reflection.cpp, line 1188]
Event: 2.001 Thread 0x000001d39acf7000 Exception <a 'java/lang/NoSuchMethodError'{0x00000000c5396318}: 'java.lang.Object java.lang.invoke.DirectMethodHandle$Holder.invokeVirtual(java.lang.Object, java.lang.Object, java.lang.Object)'> (0x00000000c5396318) 
thrown [t:/workspace/open/src/hotspot/share/interpreter/linkResolver.cpp, line 767]
Event: 4.123 Thread 0x000001d39acf7000 Exception <a 'java/lang/NoSuchMethodError'{0x00000000c4713e10}: 'java.lang.Object java.lang.invoke.DirectMethodHandle$Holder.invokeStatic(java.lang.Object, int, java.lang.Object, java.lang.Object, java.lang.Object, java.lang.Object)'> (0x00000000c4713e10) 
thrown [t:/workspace/open/src/hotspot/share/interpreter/linkResolver.cpp, line 767]
Event: 4.124 Thread 0x000001d39acf7000 Exception <a 'java/lang/NoSuchMethodError'{0x00000000c471a778}: 'java.lang.Object java.lang.invoke.DirectMethodHandle$Holder.invokeStatic(java.lang.Object, int, java.lang.Object, java.lang.Object, java.lang.Object)'> (0x00000000c471a778) 
thrown [t:/workspace/open/src/hotspot/share/interpreter/linkResolver.cpp, line 767]
Event: 4.124 Thread 0x000001d39acf7000 Exception <a 'java/lang/NoSuchMethodError'{0x00000000c471dfe0}: 'java.lang.Object java.lang.invoke.DirectMethodHandle$Holder.invokeSpecial(java.lang.Object, java.lang.Object, int, java.lang.Object, java.lang.Object, java.lang.Object)'> (0x00000000c471dfe0) 
thrown [t:/workspace/open/src/hotspot/share/interpreter/linkResolver.cpp, line 767]
Event: 4.129 Thread 0x000001d39acf7000 Exception <a 'java/lang/NoSuchMethodError'{0x00000000c4734320}: 'java.lang.Object java.lang.invoke.DirectMethodHandle$Holder.invokeStatic(java.lang.Object, int, java.lang.Object)'> (0x00000000c4734320) 
thrown [t:/workspace/open/src/hotspot/share/interpreter/linkResolver.cpp, line 767]
Event: 4.162 Thread 0x000001d39acf7000 Exception <a 'java/lang/ClassNotFoundException'{0x00000000c47da330}: com/sun/swing/internal/plaf/metal/resources/spi/metalProvider> (0x00000000c47da330) 
thrown [t:/workspace/open/src/hotspot/share/classfile/systemDictionary.cpp, line 232]
Event: 4.164 Thread 0x000001d39acf7000 Exception <a 'java/lang/ClassNotFoundException'{0x00000000c47de3d8}: com/sun/swing/internal/plaf/basic/resources/spi/basicProvider> (0x00000000c47de3d8) 
thrown [t:/workspace/open/src/hotspot/share/classfile/systemDictionary.cpp, line 232]
Event: 4.171 Thread 0x000001d39acf7000 Implicit null exception at 0x000001d38ff8b605 to 0x000001d38ff8b7ee
Event: 4.171 Thread 0x000001d39acf7000 Implicit null exception at 0x000001d38ff59eaf to 0x000001d38ff59f2d
Event: 4.184 Thread 0x000001d39acf7000 Exception <a 'java/net/UnknownHostException'{0x00000000c47fbc20}> (0x00000000c47fbc20) 
thrown [t:/workspace/open/src/hotspot/share/prims/jni.cpp, line 598]
Event: 4.216 Thread 0x000001d39acf7000 Implicit null exception at 0x000001d38ff94c8e to 0x000001d38ff95872

Events (20 events):
Event: 4.558 Thread 0x000001d3ff7be800 flushing nmethod 0x000001d388d45d90
Event: 4.558 Thread 0x000001d3ff7be800 flushing nmethod 0x000001d388d46710
Event: 4.558 Thread 0x000001d3ff7be800 flushing nmethod 0x000001d388d46b90
Event: 4.559 Thread 0x000001d3ff7be800 flushing nmethod 0x000001d388d47510
Event: 4.559 Thread 0x000001d3ff7be800 flushing nmethod 0x000001d388d66490
Event: 4.560 Executing VM operation: RevokeBias
Event: 4.560 Executing VM operation: RevokeBias done
Event: 4.560 loading class sun/awt/image/JPEGImageDecoder
Event: 4.560 loading class sun/awt/image/JPEGImageDecoder done
Event: 4.560 Executing VM operation: Deoptimize
Event: 4.561 Executing VM operation: Deoptimize done
Event: 4.561 loading class sun/awt/image/JPEGImageDecoder$1
Event: 4.561 loading class sun/awt/image/JPEGImageDecoder$1 done
Event: 4.563 Loaded shared library C:\Program Files\Java\jdk-13.0.2\bin\javajpeg.dll
Event: 4.563 Executing VM operation: RevokeBias
Event: 4.564 Executing VM operation: RevokeBias done
Event: 4.565 Executing VM operation: RevokeBias
Event: 4.565 Executing VM operation: RevokeBias done
Event: 4.565 Executing VM operation: G1CollectForAllocation
Event: 4.576 Executing VM operation: G1CollectForAllocation done


Dynamic libraries:
0x00007ff7c7ad0000 - 0x00007ff7c7adf000 	C:\Program Files\Java\jdk-13.0.2\bin\javaw.exe
0x00007ffa66940000 - 0x00007ffa66b30000 	C:\Windows\SYSTEM32\ntdll.dll
0x00007ffa64df0000 - 0x00007ffa64ea2000 	C:\Windows\System32\KERNEL32.DLL
0x00007ffa63b20000 - 0x00007ffa63dc5000 	C:\Windows\System32\KERNELBASE.dll
0x00007ffa646b0000 - 0x00007ffa647aa000 	C:\Windows\System32\ucrtbase.dll
0x00007ffa5f430000 - 0x00007ffa5f445000 	C:\Program Files\Java\jdk-13.0.2\bin\VCRUNTIME140.dll
0x00007ffa5eea0000 - 0x00007ffa5eeb8000 	C:\Program Files\Java\jdk-13.0.2\bin\jli.dll
0x00007ffa66670000 - 0x00007ffa66713000 	C:\Windows\System32\ADVAPI32.dll
0x00007ffa66460000 - 0x00007ffa664fe000 	C:\Windows\System32\msvcrt.dll
0x00007ffa64f80000 - 0x00007ffa65017000 	C:\Windows\System32\sechost.dll
0x00007ffa661c0000 - 0x00007ffa662df000 	C:\Windows\System32\RPCRT4.dll
0x00007ffa66720000 - 0x00007ffa668b4000 	C:\Windows\System32\USER32.dll
0x00007ffa63970000 - 0x00007ffa63991000 	C:\Windows\System32\win32u.dll
0x00007ffa575e0000 - 0x00007ffa57864000 	C:\Windows\WinSxS\amd64_microsoft.windows.common-controls_6595b64144ccf1df_6.0.18362.1556_none_9e7e372fe45e41d5\COMCTL32.dll
0x00007ffa66430000 - 0x00007ffa66456000 	C:\Windows\System32\GDI32.dll
0x00007ffa64a30000 - 0x00007ffa64d66000 	C:\Windows\System32\combase.dll
0x00007ffa647b0000 - 0x00007ffa64948000 	C:\Windows\System32\gdi32full.dll
0x00007ffa638e0000 - 0x00007ffa63961000 	C:\Windows\System32\bcryptPrimitives.dll
0x00007ffa639a0000 - 0x00007ffa63a3e000 	C:\Windows\System32\msvcp_win.dll
0x00007ffa57d40000 - 0x00007ffa57d4a000 	C:\Windows\SYSTEM32\VERSION.dll
0x00007ffa66570000 - 0x00007ffa6659e000 	C:\Windows\System32\IMM32.DLL
0x00007ffa43b80000 - 0x00007ffa43c1b000 	C:\Program Files\Java\jdk-13.0.2\bin\msvcp140.dll
0x00007ffa348f0000 - 0x00007ffa3544d000 	C:\Program Files\Java\jdk-13.0.2\bin\server\jvm.dll
0x00007ffa662e0000 - 0x00007ffa662e8000 	C:\Windows\System32\PSAPI.DLL
0x00007ffa5f4e0000 - 0x00007ffa5f4e9000 	C:\Windows\SYSTEM32\WSOCK32.dll
0x00007ffa61620000 - 0x00007ffa61644000 	C:\Windows\SYSTEM32\WINMM.dll
0x00007ffa649c0000 - 0x00007ffa64a2f000 	C:\Windows\System32\WS2_32.dll
0x00007ffa615f0000 - 0x00007ffa6161d000 	C:\Windows\SYSTEM32\winmmbase.dll
0x00007ffa64950000 - 0x00007ffa6499a000 	C:\Windows\System32\cfgmgr32.dll
0x00007ffa63840000 - 0x00007ffa63851000 	C:\Windows\System32\kernel.appcore.dll
0x00007ffa5f420000 - 0x00007ffa5f430000 	C:\Program Files\Java\jdk-13.0.2\bin\verify.dll
0x00007ffa573e0000 - 0x00007ffa575d4000 	C:\Windows\SYSTEM32\DBGHELP.DLL
0x00007ffa572d0000 - 0x00007ffa572fa000 	C:\Windows\SYSTEM32\dbgcore.DLL
0x00007ffa5e5a0000 - 0x00007ffa5e5c6000 	C:\Program Files\Java\jdk-13.0.2\bin\java.dll
0x00007ffa5e540000 - 0x00007ffa5e557000 	C:\Program Files\Java\jdk-13.0.2\bin\zip.dll
0x00007ffa5ee90000 - 0x00007ffa5ee9a000 	C:\Program Files\Java\jdk-13.0.2\bin\jimage.dll
0x00007ffa65180000 - 0x00007ffa65867000 	C:\Windows\System32\SHELL32.dll
0x00007ffa65870000 - 0x00007ffa65918000 	C:\Windows\System32\shcore.dll
0x00007ffa63dd0000 - 0x00007ffa6454b000 	C:\Windows\System32\windows.storage.dll
0x00007ffa63820000 - 0x00007ffa6383e000 	C:\Windows\System32\profapi.dll
0x00007ffa637d0000 - 0x00007ffa6381a000 	C:\Windows\System32\powrprof.dll
0x00007ffa637c0000 - 0x00007ffa637d0000 	C:\Windows\System32\UMPDC.dll
0x00007ffa65c10000 - 0x00007ffa65c62000 	C:\Windows\System32\shlwapi.dll
0x00007ffa649a0000 - 0x00007ffa649b7000 	C:\Windows\System32\cryptsp.dll
0x00007ffa5c880000 - 0x00007ffa5c899000 	C:\Program Files\Java\jdk-13.0.2\bin\net.dll
0x00007ffa5a0c0000 - 0x00007ffa5a1ba000 	C:\Windows\SYSTEM32\WINHTTP.dll
0x00007ffa63000000 - 0x00007ffa63067000 	C:\Windows\system32\mswsock.dll
0x00007ffa5c860000 - 0x00007ffa5c873000 	C:\Program Files\Java\jdk-13.0.2\bin\nio.dll
0x00007ffa36680000 - 0x00007ffa36819000 	C:\Program Files\Java\jdk-13.0.2\bin\awt.dll
0x00007ffa65920000 - 0x00007ffa659e5000 	C:\Windows\System32\OLEAUT32.dll
0x00007ffa61930000 - 0x00007ffa619bf000 	C:\Windows\SYSTEM32\apphelp.dll
0x00007ffa61ae0000 - 0x00007ffa61b79000 	C:\Windows\system32\uxtheme.dll
0x00007ffa662f0000 - 0x00007ffa66425000 	C:\Windows\System32\MSCTF.dll
0x00007ffa65020000 - 0x00007ffa65177000 	C:\Windows\System32\ole32.dll
0x00007ffa62d50000 - 0x00007ffa62e1b000 	C:\Windows\SYSTEM32\DNSAPI.dll
0x00007ffa668c0000 - 0x00007ffa668c8000 	C:\Windows\System32\NSI.dll
0x00007ffa62cb0000 - 0x00007ffa62cea000 	C:\Windows\SYSTEM32\IPHLPAPI.DLL
0x00007ffa59490000 - 0x00007ffa5949a000 	C:\Windows\System32\rasadhlp.dll
0x00007ffa5a7a0000 - 0x00007ffa5a817000 	C:\Windows\System32\fwpuclnt.dll
0x00007ffa63a40000 - 0x00007ffa63a66000 	C:\Windows\System32\bcrypt.dll
0x00007ffa4a990000 - 0x00007ffa4a9b5000 	C:\Program Files\Java\jdk-13.0.2\bin\sunec.dll
0x00007ffa62b20000 - 0x00007ffa62b53000 	C:\Windows\system32\rsaenh.dll
0x00007ffa636e0000 - 0x00007ffa63705000 	C:\Windows\SYSTEM32\USERENV.dll
0x00007ffa631d0000 - 0x00007ffa631dc000 	C:\Windows\SYSTEM32\CRYPTBASE.dll
0x00007ffa5a880000 - 0x00007ffa5a896000 	C:\Windows\SYSTEM32\dhcpcsvc6.DLL
0x00007ffa5a950000 - 0x00007ffa5a96c000 	C:\Windows\SYSTEM32\dhcpcsvc.DLL
0x00007ffa4bf40000 - 0x00007ffa4bf4e000 	C:\Program Files\Java\jdk-13.0.2\bin\sunmscapi.dll
0x00007ffa64550000 - 0x00007ffa646a1000 	C:\Windows\System32\CRYPT32.dll
0x00007ffa63860000 - 0x00007ffa63872000 	C:\Windows\System32\MSASN1.dll
0x00007ffa632e0000 - 0x00007ffa63306000 	C:\Windows\SYSTEM32\ncrypt.dll
0x00007ffa632a0000 - 0x00007ffa632db000 	C:\Windows\SYSTEM32\NTASN1.dll
0x00007ffa61bd0000 - 0x00007ffa61bfd000 	C:\Windows\system32\DWMAPI.DLL
0x00007ffa3d6e0000 - 0x00007ffa3d836000 	C:\Windows\system32\opengl32.dll
0x00007ffa3d6b0000 - 0x00007ffa3d6dc000 	C:\Windows\SYSTEM32\GLU32.dll
0x00007ffa62400000 - 0x00007ffa62420000 	C:\Windows\SYSTEM32\dxcore.dll
0x00007ffa3d680000 - 0x00007ffa3d6ad000 	C:\Program Files\Java\jdk-13.0.2\bin\javajpeg.dll

dbghelp: loaded successfully - version: 4.0.5 - missing functions: none
symbol engine: initialized successfully - sym options: 0x614 - pdb path: .;C:\Program Files\Java\jdk-13.0.2\bin;C:\Windows\SYSTEM32;C:\Windows\WinSxS\amd64_microsoft.windows.common-controls_6595b64144ccf1df_6.0.18362.1556_none_9e7e372fe45e41d5;C:\Program Files\Java\jdk-13.0.2\bin\server

VM Arguments:
jvm_args: -Dfile.encoding=Cp1252 
java_command: Application.Home
java_class_path (initial): C:\Users\User\git\bakame\DriveOperations\target\classes;C:\Users\User\Desktop\Libraries\jgoodies-common-1.8.0.jar;C:\Users\User\Desktop\Libraries\jgoodies-forms-1.8.0.jar;C:\Users\User\Desktop\Libraries\miglayout15-swing.jar;C:\Users\User\Downloads\javax.mail.jar;C:\Users\User\Downloads\activation-1.1.1.jar;C:\Users\User\Downloads\jcalendar-1.4.jar;C:\Users\User\Downloads\jfreechart-1.0.19\lib\jcommon-1.0.23.jar;C:\Users\User\Downloads\jfreechart-1.0.19\lib\jfreechart-1.0.19.jar;C:\Users\User\Downloads\commons-net-3.8.0\commons-net-3.8.0.jar;C:\Users\User\Documents\Libs\comm-2.0.jar;C:\Users\User\Documents\Libs\http-2.2.1.jar;C:\Users\User\Downloads\JTattoo-1.6.13.jar;C:\Users\User\Desktop\Libs\jmespath-java-1.11.470.jar;C:\Users\User\Desktop\Libs\aws-java-sdk-core-1.12.65.jar;C:\Users\User\Desktop\Libs\aws-java-sdk-kms-1.12.65.jar;C:\Users\User\Desktop\Libs\aws-java-sdk-s3-1.12.65.jar;C:\Users\User\Desktop\Libs\commons-codec-1.15.jar;C:\Users\User\Desktop\Libs\commons-logging-1.1.3.jar;C:\Users\User\Desktop\Libs\httpclient-4.5.13.jar;C:\Users\User\Desktop\Libs\ion-java-1.0.2.jar;C:\Users\User\Desktop\Libs\jackson-annotations-2.12.3.jar;C:\Users\User\Desktop\Libs\jackson-core-2.12.3.jar;C:\Users\User\Desktop\Libs\jackson-databind-2.12.3.jar;C:\Users\User\Desktop\Libs\jackson-dataformat-cbor-2.12.3.jar;C:\Users\User\Desktop\Libs\jmespath-java-1.12.65.jar;C:\Users\User\Desktop\Libs\joda-time-2.8.1.jar;C:\Users\User\Desktop\Libs\mysql-connector-java-5.1.45.jar;C:\Users\User\.m2\repository\com\amazonaws\aws-java-sdk-s3\1.12.65\aws-java-sdk-s3-1.12.65.jar;C:\Users\User\.m2\repository\com\amazonaws\aws-java-sdk-kms\1.12.65\aws-java-sdk-kms-1.12.65.jar;C:\Users\User\.m2\repository\com\amazonaws\aws-java-sdk-core\1.12.65\aws-java-sdk-core-1.12.65.jar;C:\Users\User\.m2\repository\commons-logging\commons-logging\1.1.3\commons-logging-1.1.3.jar;C:\Users\User\.m2\repository\commons-codec\commons-codec\1.15\commons-codec-1.15.jar;C:\Users\User\.m2\re
Launcher Type: SUN_STANDARD

[Global flags]
     intx CICompilerCount                          = 3                                         {product} {ergonomic}
     uint ConcGCThreads                            = 1                                         {product} {ergonomic}
     uint G1ConcRefinementThreads                  = 4                                         {product} {ergonomic}
   size_t G1HeapRegionSize                         = 1048576                                   {product} {ergonomic}
    uintx GCDrainStackTargetSize                   = 64                                        {product} {ergonomic}
   size_t InitialHeapSize                          = 67108864                                  {product} {ergonomic}
   size_t MarkStackSize                            = 4194304                                   {product} {ergonomic}
   size_t MaxHeapSize                              = 1050673152                                {product} {ergonomic}
   size_t MaxNewSize                               = 630194176                                 {product} {ergonomic}
   size_t MinHeapDeltaBytes                        = 1048576                                   {product} {ergonomic}
   size_t MinHeapSize                              = 8388608                                   {product} {ergonomic}
    uintx NonNMethodCodeHeapSize                   = 5832780                                {pd product} {ergonomic}
    uintx NonProfiledCodeHeapSize                  = 122912730                              {pd product} {ergonomic}
    uintx ProfiledCodeHeapSize                     = 122912730                              {pd product} {ergonomic}
    uintx ReservedCodeCacheSize                    = 251658240                              {pd product} {ergonomic}
     bool SegmentedCodeCache                       = true                                      {product} {ergonomic}
   size_t SoftMaxHeapSize                          = 1050673152                             {manageable} {ergonomic}
     bool UseCompressedClassPointers               = true                                 {lp64_product} {ergonomic}
     bool UseCompressedOops                        = true                                 {lp64_product} {ergonomic}
     bool UseG1GC                                  = true                                      {product} {ergonomic}
     bool UseLargePagesIndividualAllocation        = false                                  {pd product} {ergonomic}

Logging:
Log output configuration:
 #0: stdout all=warning uptime,level,tags
 #1: stderr all=off uptime,level,tags

Environment Variables:
JAVA_HOME=C:\Program Files (x86)\Java\jre1.8.0_241
PATH=C:\Program Files\Java\jdk-13.0.2\bin;C:\Program Files (x86)\Common Files\Oracle\Java\javapath;C:\Windows\system32;C:\Windows;C:\Windows\System32\Wbem;C:\Windows\System32\WindowsPowerShell\v1.0\;C:\Windows\System32\OpenSSH\;C:\Program Files (x86)\apache-maven-3.8.1\bin;C:\Program Files (x86)\gradle-7.1.1\bin;C:\Users\User\Documents\Setup logiciels\mongosh-1.1.2-win32-x64\bin;C:\Program Files\Git\cmd;C:\Program Files\MySQL\MySQL Shell 8.0\bin\;C:\Users\User\AppData\Local\Microsoft\WindowsApps;C:\Users\User\AppData\Local\Programs\Microsoft VS Code\bin;C:\Program Files (x86)\gradle-7.1.1\bin;C:\Users\User\Downloads\platform-tools;C:\Users\User\Documents\Setup logiciels\mongosh-1.1.2-win32-x64\bin;C:\Users\User\AppData\Local\GitHubDesktop\bin;C:\Program Files\JetBrains\IntelliJ IDEA 2022.1.1\bin;
USERNAME=User
OS=Windows_NT
PROCESSOR_IDENTIFIER=Intel64 Family 6 Model 42 Stepping 7, GenuineIntel



---------------  S Y S T E M  ---------------

OS: Windows 10 , 64 bit Build 18362 (10.0.18362.1500)

CPU:total 4 (initial active 4) (2 cores per cpu, 2 threads per core) family 6 model 42 stepping 7, cmov, cx8, fxsr, mmx, sse, sse2, sse3, ssse3, sse4.1, sse4.2, popcnt, avx, aes, clmul, ht, tsc, tscinvbit

Memory: 4k page, system-wide physical 4006M (380M free)
TotalPageFile size 16294M (AvailPageFile size 53M)
current process WorkingSet (physical memory assigned to process): 114M, peak: 117M
current process commit charge ("private bytes"): 178M, peak: 353M

vm_info: Java HotSpot(TM) 64-Bit Server VM (13.0.2+8) for windows-amd64 JRE (13.0.2+8), built on Dec 11 2019 09:20:33 by "mach5one" with unknown MS VC++:1916

END.
