#
# There is insufficient memory for the Java Runtime Environment to continue.
# Native memory allocation (mmap) failed to map 117440512 bytes for Failed to commit area from 0x00000000c5600000 to 0x00000000cc600000 of length 117440512.
# Possible reasons:
#   The system is out of physical RAM or swap space
#   The process is running with CompressedOops enabled, and the Java Heap may be blocking the growth of the native heap
# Possible solutions:
#   Reduce memory load on the system
#   Increase physical memory or swap space
#   Check if swap backing store is full
#   Decrease Java heap size (-Xmx/-Xms)
#   Decrease number of Java threads
#   Decrease Java thread stack sizes (-Xss)
#   Set larger code cache with -XX:ReservedCodeCacheSize=
#   JVM is running with Unscaled Compressed Oops mode in which the Java heap is
#     placed in the first 4GB address space. The Java Heap base address is the
#     maximum limit for the native heap growth. Please use -XX:HeapBaseMinAddress
#     to set the Java Heap base and to place the Java Heap above 4GB virtual address.
# This output file may be truncated or incomplete.
#
#  Out of Memory Error (t:/workspace/open/src/hotspot/os/windows/os_windows.cpp:3301), pid=8212, tid=5716
#
# JRE version: Java(TM) SE Runtime Environment (13.0.2+8) (build 13.0.2+8)
# Java VM: Java HotSpot(TM) 64-Bit Server VM (13.0.2+8, mixed mode, sharing, tiered, compressed oops, g1 gc, windows-amd64)
# No core dump will be written. Minidumps are not enabled by default on client versions of Windows
#

---------------  S U M M A R Y ------------

Command Line: -Dfile.encoding=Cp1252 Application.Home

Host: Intel(R) Core(TM) i5-2520M CPU @ 2.50GHz, 4 cores, 3G,  Windows 10 , 64 bit Build 18362 (10.0.18362.1500)
Time: Fri May  6 11:41:32 2022 Afrique de l?Est elapsed time: 3 seconds (0d 0h 0m 3s)

---------------  T H R E A D  ---------------

Current thread (0x0000013bfe21b800):  JavaThread "Image Fetcher 0" daemon [_thread_in_vm, id=5716, stack(0x0000002661100000,0x0000002661200000)]

Stack: [0x0000002661100000,0x0000002661200000]
Native frames: (J=compiled Java code, j=interpreted, Vv=VM code, C=native code)
V  [jvm.dll+0x624f9a]
V  [jvm.dll+0x770cfa]
V  [jvm.dll+0x7724af]
V  [jvm.dll+0x772ab3]
V  [jvm.dll+0x24bf08]
V  [jvm.dll+0x6222aa]
V  [jvm.dll+0x6170b5]
V  [jvm.dll+0x30a88c]
V  [jvm.dll+0x30a6c2]
V  [jvm.dll+0x30fe36]
V  [jvm.dll+0x353f46]
V  [jvm.dll+0x353720]
V  [jvm.dll+0x2e5d5e]
V  [jvm.dll+0x2e16ff]
V  [jvm.dll+0x5be8b5]
V  [jvm.dll+0x5be33b]
V  [jvm.dll+0x1f48d5]
V  [jvm.dll+0x74b3a7]
V  [jvm.dll+0x3783ea]
C  0x0000013b8001fd37

Java frames: (J=compiled Java code, j=interpreted, Vv=VM code)
j  java.awt.image.DataBufferInt.<init>(I)V+11 java.desktop@13.0.2
j  java.awt.image.Raster.createPackedRaster(III[ILjava/awt/Point;)Ljava/awt/image/WritableRaster;+69 java.desktop@13.0.2
j  java.awt.image.DirectColorModel.createCompatibleWritableRaster(II)Ljava/awt/image/WritableRaster;+83 java.desktop@13.0.2
j  sun.awt.image.ImageRepresentation.createBufferedImage()V+18 java.desktop@13.0.2
J 1791 c1 sun.awt.image.ImageRepresentation.setPixels(IIIILjava/awt/image/ColorModel;[III)V java.desktop@13.0.2 (527 bytes) @ 0x0000013b8093a6ec [0x0000013b8093a360+0x000000000000038c]
J 1806% c2 sun.awt.image.PNGImageDecoder.produceImage()V java.desktop@13.0.2 (1917 bytes) @ 0x0000013b87b7b70c [0x0000013b87b7b060+0x00000000000006ac]
j  sun.awt.image.InputStreamImageSource.doFetch()V+51 java.desktop@13.0.2
j  sun.awt.image.ImageFetcher.fetchloop()V+31 java.desktop@13.0.2
j  sun.awt.image.ImageFetcher.run()V+5 java.desktop@13.0.2
v  ~StubRoutines::call_stub

---------------  P R O C E S S  ---------------

Threads class SMR info:
_java_thread_list=0x0000013bfe389480, length=23, elements={
0x0000013bfc789800, 0x0000013bfc78f000, 0x0000013bfc7ab800, 0x0000013bfc7ae800,
0x0000013bfc7b0000, 0x0000013bfc7b6000, 0x0000013bfc7c0000, 0x0000013bfd208800,
0x0000013bfd20e800, 0x0000013bfd625800, 0x0000013bfd639000, 0x0000013bfd63b800,
0x0000013bfd650000, 0x0000013bef781800, 0x0000013bfd20a000, 0x0000013bfd69b000,
0x0000013bfe21b800, 0x0000013bfe33e800, 0x0000013bfe435000, 0x0000013bfeadb800,
0x0000013bfd688000, 0x0000013bfe4ba800, 0x0000013bfe4bf000
}

Java Threads: ( => current thread )
  0x0000013bfc789800 JavaThread "Reference Handler" daemon [_thread_blocked, id=11352, stack(0x0000002660100000,0x0000002660200000)]
  0x0000013bfc78f000 JavaThread "Finalizer" daemon [_thread_blocked, id=5852, stack(0x0000002660200000,0x0000002660300000)]
  0x0000013bfc7ab800 JavaThread "Signal Dispatcher" daemon [_thread_blocked, id=1324, stack(0x0000002660300000,0x0000002660400000)]
  0x0000013bfc7ae800 JavaThread "Attach Listener" daemon [_thread_blocked, id=2636, stack(0x0000002660400000,0x0000002660500000)]
  0x0000013bfc7b0000 JavaThread "C2 CompilerThread0" daemon [_thread_blocked, id=11000, stack(0x0000002660500000,0x0000002660600000)]
  0x0000013bfc7b6000 JavaThread "C1 CompilerThread0" daemon [_thread_blocked, id=5100, stack(0x0000002660600000,0x0000002660700000)]
  0x0000013bfc7c0000 JavaThread "Sweeper thread" daemon [_thread_blocked, id=14200, stack(0x0000002660700000,0x0000002660800000)]
  0x0000013bfd208800 JavaThread "Service Thread" daemon [_thread_blocked, id=13684, stack(0x0000002660800000,0x0000002660900000)]
  0x0000013bfd20e800 JavaThread "Common-Cleaner" daemon [_thread_blocked, id=15196, stack(0x0000002660a00000,0x0000002660b00000)]
  0x0000013bfd625800 JavaThread "Java2D Disposer" daemon [_thread_blocked, id=10816, stack(0x0000002660b00000,0x0000002660c00000)]
  0x0000013bfd639000 JavaThread "AWT-Shutdown" [_thread_blocked, id=3468, stack(0x0000002660c00000,0x0000002660d00000)]
  0x0000013bfd63b800 JavaThread "AWT-Windows" daemon [_thread_in_native, id=15092, stack(0x0000002660d00000,0x0000002660e00000)]
  0x0000013bfd650000 JavaThread "AWT-EventQueue-0" [_thread_blocked, id=8360, stack(0x0000002660e00000,0x0000002660f00000)]
  0x0000013bef781800 JavaThread "DestroyJavaVM" [_thread_blocked, id=10372, stack(0x000000265fa00000,0x000000265fb00000)]
  0x0000013bfd20a000 JavaThread "Abandoned connection cleanup thread" daemon [_thread_blocked, id=1248, stack(0x0000002660f00000,0x0000002661000000)]
  0x0000013bfd69b000 JavaThread "mysql-cj-abandoned-connection-cleanup" daemon [_thread_blocked, id=13892, stack(0x0000002661000000,0x0000002661100000)]
=>0x0000013bfe21b800 JavaThread "Image Fetcher 0" daemon [_thread_in_vm, id=5716, stack(0x0000002661100000,0x0000002661200000)]
  0x0000013bfe33e800 JavaThread "TimerQueue" daemon [_thread_blocked, id=7280, stack(0x0000002661600000,0x0000002661700000)]
  0x0000013bfe435000 JavaThread "Image Fetcher 1" daemon [_thread_blocked, id=9668, stack(0x0000002661700000,0x0000002661800000)]
  0x0000013bfeadb800 JavaThread "C2 CompilerThread1" daemon [_thread_blocked, id=7456, stack(0x0000002661800000,0x0000002661900000)]
  0x0000013bfd688000 JavaThread "SwingWorker-pool-1-thread-1" daemon [_thread_blocked, id=15192, stack(0x0000002661900000,0x0000002661a00000)]
  0x0000013bfe4ba800 JavaThread "SwingWorker-pool-1-thread-2" daemon [_thread_blocked, id=12100, stack(0x0000002661a00000,0x0000002661b00000)]
  0x0000013bfe4bf000 JavaThread "SwingWorker-pool-1-thread-3" daemon [_thread_blocked, id=14708, stack(0x0000002661b00000,0x0000002661c00000)]

Other Threads:
  0x0000013bfc787800 VMThread "VM Thread" [stack: 0x0000002660000000,0x0000002660100000] [id=13412] _threads_hazard_ptr=0x0000013bfe389480
  0x0000013bfd20d800 WatcherThread [stack: 0x0000002660900000,0x0000002660a00000] [id=1624]
  0x0000013bef7b2800 GCTaskThread "GC Thread#0" [stack: 0x000000265fb00000,0x000000265fc00000] [id=9160]
  0x0000013bfdaf5800 GCTaskThread "GC Thread#1" [stack: 0x0000002661200000,0x0000002661300000] [id=12928]
  0x0000013bfdaf6000 GCTaskThread "GC Thread#2" [stack: 0x0000002661300000,0x0000002661400000] [id=15052]
  0x0000013bfdaf7000 GCTaskThread "GC Thread#3" [stack: 0x0000002661400000,0x0000002661500000] [id=13580]
  0x0000013bef7bd800 ConcurrentGCThread "G1 Main Marker" [stack: 0x000000265fc00000,0x000000265fd00000] [id=8464]
  0x0000013bef7bf800 ConcurrentGCThread "G1 Conc#0" [stack: 0x000000265fd00000,0x000000265fe00000] [id=4420]
  0x0000013bef812000 ConcurrentGCThread "G1 Refine#0" [stack: 0x000000265fe00000,0x000000265ff00000] [id=12004]
  0x0000013bfd329800 ConcurrentGCThread "G1 Refine#1" [stack: 0x0000002661500000,0x0000002661600000] [id=7588]
  0x0000013bef814000 ConcurrentGCThread "G1 Young RemSet Sampling" [stack: 0x000000265ff00000,0x0000002660000000] [id=3384]

Threads with active compile tasks:
C2 CompilerThread0     4157 1974       4       jdk.internal.org.objectweb.asm.SymbolTable::addConstantUtf8 (98 bytes)
C2 CompilerThread1     4158 1977   !   4       sun.awt.image.PNGImageDecoder::produceImage (1917 bytes)

VM state:synchronizing (normal execution)

VM Mutex/Monitor currently owned by a thread:  ([mutex/lock_event])
[0x0000013bef77ebd0] Threads_lock - owner thread: 0x0000013bfc787800
[0x0000013bef77f5f0] Heap_lock - owner thread: 0x0000013bfe21b800

Heap address: 0x00000000c1600000, size: 1002 MB, Compressed Oops mode: 32-bit
Narrow klass base: 0x0000000800000000, Narrow klass shift: 3
Compressed class space size: 1073741824 Address: 0x0000000800b40000

Heap:
 garbage-first heap   total 180224K, used 12376K [0x00000000c1600000, 0x0000000100000000)
  region size 1024K, 3 young (3072K), 2 survivors (2048K)
 Metaspace       used 20099K, capacity 20457K, committed 20736K, reserved 1067008K
  class space    used 2296K, capacity 2443K, committed 2560K, reserved 1048576K
Heap Regions: E=young(eden), S=young(survivor), O=old, HS=humongous(starts), HC=humongous(continues), CS=collection set, F=free, A=archive, TAMS=top-at-mark-start (previous, next)
|   0|0x00000000c1600000, 0x00000000c1700000, 0x00000000c1700000|100%| O|  |TAMS 0x00000000c1600000, 0x00000000c1700000| Untracked 
|   1|0x00000000c1700000, 0x00000000c1800000, 0x00000000c1800000|100%| O|  |TAMS 0x00000000c1700000, 0x00000000c1800000| Untracked 
|   2|0x00000000c1800000, 0x00000000c1900000, 0x00000000c1900000|100%| O|  |TAMS 0x00000000c1800000, 0x00000000c1900000| Untracked 
|   3|0x00000000c1900000, 0x00000000c1a00000, 0x00000000c1a00000|100%| O|  |TAMS 0x00000000c1900000, 0x00000000c1a00000| Untracked 
|   4|0x00000000c1a00000, 0x00000000c1b00000, 0x00000000c1b00000|100%| O|  |TAMS 0x00000000c1a00000, 0x00000000c1b00000| Untracked 
|   5|0x00000000c1b00000, 0x00000000c1c00000, 0x00000000c1c00000|100%| O|  |TAMS 0x00000000c1b00000, 0x00000000c1c00000| Untracked 
|   6|0x00000000c1c00000, 0x00000000c1d00000, 0x00000000c1d00000|100%| O|  |TAMS 0x00000000c1c00000, 0x00000000c1d00000| Untracked 
|   7|0x00000000c1d00000, 0x00000000c1e00000, 0x00000000c1e00000|100%| O|  |TAMS 0x00000000c1d00000, 0x00000000c1d69200| Untracked 
|   8|0x00000000c1e00000, 0x00000000c1f00000, 0x00000000c1f00000|100%| O|  |TAMS 0x00000000c1e00000, 0x00000000c1e00000| Untracked 
|   9|0x00000000c1f00000, 0x00000000c2000000, 0x00000000c2000000|100%| O|  |TAMS 0x00000000c1f00000, 0x00000000c1f00000| Untracked 
|  10|0x00000000c2000000, 0x00000000c2073e00, 0x00000000c2100000| 45%| O|  |TAMS 0x00000000c2000000, 0x00000000c2000000| Untracked 
|  11|0x00000000c2100000, 0x00000000c2100000, 0x00000000c2200000|  0%| F|  |TAMS 0x00000000c2100000, 0x00000000c2100000| Untracked 
|  12|0x00000000c2200000, 0x00000000c2200000, 0x00000000c2300000|  0%| F|  |TAMS 0x00000000c2200000, 0x00000000c2200000| Untracked 
|  13|0x00000000c2300000, 0x00000000c2300000, 0x00000000c2400000|  0%| F|  |TAMS 0x00000000c2300000, 0x00000000c2300000| Untracked 
|  14|0x00000000c2400000, 0x00000000c2400000, 0x00000000c2500000|  0%| F|  |TAMS 0x00000000c2400000, 0x00000000c2400000| Untracked 
|  15|0x00000000c2500000, 0x00000000c2500000, 0x00000000c2600000|  0%| F|  |TAMS 0x00000000c2500000, 0x00000000c2500000| Untracked 
|  16|0x00000000c2600000, 0x00000000c2600000, 0x00000000c2700000|  0%| F|  |TAMS 0x00000000c2600000, 0x00000000c2600000| Untracked 
|  17|0x00000000c2700000, 0x00000000c2700000, 0x00000000c2800000|  0%| F|  |TAMS 0x00000000c2700000, 0x00000000c2700000| Untracked 
|  18|0x00000000c2800000, 0x00000000c2800000, 0x00000000c2900000|  0%| F|  |TAMS 0x00000000c2800000, 0x00000000c2800000| Untracked 
|  19|0x00000000c2900000, 0x00000000c2900000, 0x00000000c2a00000|  0%| F|  |TAMS 0x00000000c2900000, 0x00000000c2900000| Untracked 
|  20|0x00000000c2a00000, 0x00000000c2a00000, 0x00000000c2b00000|  0%| F|  |TAMS 0x00000000c2a00000, 0x00000000c2a00000| Untracked 
|  21|0x00000000c2b00000, 0x00000000c2b00000, 0x00000000c2c00000|  0%| F|  |TAMS 0x00000000c2b00000, 0x00000000c2b00000| Untracked 
|  22|0x00000000c2c00000, 0x00000000c2c00000, 0x00000000c2d00000|  0%| F|  |TAMS 0x00000000c2c00000, 0x00000000c2c00000| Untracked 
|  23|0x00000000c2d00000, 0x00000000c2d00000, 0x00000000c2e00000|  0%| F|  |TAMS 0x00000000c2d00000, 0x00000000c2d00000| Untracked 
|  24|0x00000000c2e00000, 0x00000000c2e00000, 0x00000000c2f00000|  0%| F|  |TAMS 0x00000000c2e00000, 0x00000000c2e00000| Untracked 
|  25|0x00000000c2f00000, 0x00000000c2f00000, 0x00000000c3000000|  0%| F|  |TAMS 0x00000000c2f00000, 0x00000000c2f00000| Untracked 
|  26|0x00000000c3000000, 0x00000000c3000000, 0x00000000c3100000|  0%| F|  |TAMS 0x00000000c3000000, 0x00000000c3000000| Untracked 
|  27|0x00000000c3100000, 0x00000000c3100000, 0x00000000c3200000|  0%| F|  |TAMS 0x00000000c3100000, 0x00000000c3100000| Untracked 
|  28|0x00000000c3200000, 0x00000000c3200000, 0x00000000c3300000|  0%| F|  |TAMS 0x00000000c3200000, 0x00000000c3200000| Untracked 
|  29|0x00000000c3300000, 0x00000000c3300000, 0x00000000c3400000|  0%| F|  |TAMS 0x00000000c3300000, 0x00000000c3300000| Untracked 
|  30|0x00000000c3400000, 0x00000000c3400000, 0x00000000c3500000|  0%| F|  |TAMS 0x00000000c3400000, 0x00000000c3400000| Untracked 
|  31|0x00000000c3500000, 0x00000000c3500000, 0x00000000c3600000|  0%| F|  |TAMS 0x00000000c3500000, 0x00000000c3500000| Untracked 
|  32|0x00000000c3600000, 0x00000000c3600000, 0x00000000c3700000|  0%| F|  |TAMS 0x00000000c3600000, 0x00000000c3600000| Untracked 
|  33|0x00000000c3700000, 0x00000000c3700000, 0x00000000c3800000|  0%| F|  |TAMS 0x00000000c3700000, 0x00000000c3700000| Untracked 
|  34|0x00000000c3800000, 0x00000000c3800000, 0x00000000c3900000|  0%| F|  |TAMS 0x00000000c3800000, 0x00000000c3800000| Untracked 
|  35|0x00000000c3900000, 0x00000000c3900000, 0x00000000c3a00000|  0%| F|  |TAMS 0x00000000c3900000, 0x00000000c3900000| Untracked 
|  36|0x00000000c3a00000, 0x00000000c3a00000, 0x00000000c3b00000|  0%| F|  |TAMS 0x00000000c3a00000, 0x00000000c3a00000| Untracked 
|  37|0x00000000c3b00000, 0x00000000c3b00000, 0x00000000c3c00000|  0%| F|  |TAMS 0x00000000c3b00000, 0x00000000c3b00000| Untracked 
|  38|0x00000000c3c00000, 0x00000000c3c00000, 0x00000000c3d00000|  0%| F|  |TAMS 0x00000000c3c00000, 0x00000000c3c00000| Untracked 
|  39|0x00000000c3d00000, 0x00000000c3d00000, 0x00000000c3e00000|  0%| F|  |TAMS 0x00000000c3d00000, 0x00000000c3d00000| Untracked 
|  40|0x00000000c3e00000, 0x00000000c3e00000, 0x00000000c3f00000|  0%| F|  |TAMS 0x00000000c3e00000, 0x00000000c3e00000| Untracked 
|  41|0x00000000c3f00000, 0x00000000c3f00000, 0x00000000c4000000|  0%| F|  |TAMS 0x00000000c3f00000, 0x00000000c3f00000| Untracked 
|  42|0x00000000c4000000, 0x00000000c4000000, 0x00000000c4100000|  0%| F|  |TAMS 0x00000000c4000000, 0x00000000c4000000| Untracked 
|  43|0x00000000c4100000, 0x00000000c4100000, 0x00000000c4200000|  0%| F|  |TAMS 0x00000000c4100000, 0x00000000c4100000| Untracked 
|  44|0x00000000c4200000, 0x00000000c4200000, 0x00000000c4300000|  0%| F|  |TAMS 0x00000000c4200000, 0x00000000c4200000| Untracked 
|  45|0x00000000c4300000, 0x00000000c4300000, 0x00000000c4400000|  0%| F|  |TAMS 0x00000000c4300000, 0x00000000c4300000| Untracked 
|  46|0x00000000c4400000, 0x00000000c4400000, 0x00000000c4500000|  0%| F|  |TAMS 0x00000000c4400000, 0x00000000c4400000| Untracked 
|  47|0x00000000c4500000, 0x00000000c4500000, 0x00000000c4600000|  0%| F|  |TAMS 0x00000000c4500000, 0x00000000c4500000| Untracked 
|  48|0x00000000c4600000, 0x00000000c4600000, 0x00000000c4700000|  0%| F|  |TAMS 0x00000000c4600000, 0x00000000c4600000| Untracked 
|  49|0x00000000c4700000, 0x00000000c4700000, 0x00000000c4800000|  0%| F|  |TAMS 0x00000000c4700000, 0x00000000c4700000| Untracked 
|  50|0x00000000c4800000, 0x00000000c4800000, 0x00000000c4900000|  0%| F|  |TAMS 0x00000000c4800000, 0x00000000c4800000| Untracked 
|  51|0x00000000c4900000, 0x00000000c4900000, 0x00000000c4a00000|  0%| F|  |TAMS 0x00000000c4900000, 0x00000000c4900000| Untracked 
|  52|0x00000000c4a00000, 0x00000000c4a00000, 0x00000000c4b00000|  0%| F|  |TAMS 0x00000000c4a00000, 0x00000000c4a00000| Untracked 
|  53|0x00000000c4b00000, 0x00000000c4b00000, 0x00000000c4c00000|  0%| F|  |TAMS 0x00000000c4b00000, 0x00000000c4b00000| Untracked 
|  54|0x00000000c4c00000, 0x00000000c4c00000, 0x00000000c4d00000|  0%| F|  |TAMS 0x00000000c4c00000, 0x00000000c4c00000| Untracked 
|  55|0x00000000c4d00000, 0x00000000c4d00000, 0x00000000c4e00000|  0%| F|  |TAMS 0x00000000c4d00000, 0x00000000c4d00000| Untracked 
|  56|0x00000000c4e00000, 0x00000000c4e00000, 0x00000000c4f00000|  0%| F|  |TAMS 0x00000000c4e00000, 0x00000000c4e00000| Untracked 
|  57|0x00000000c4f00000, 0x00000000c4fa2400, 0x00000000c5000000| 63%| S|CS|TAMS 0x00000000c4f00000, 0x00000000c4f00000| Complete 
|  58|0x00000000c5000000, 0x00000000c5100000, 0x00000000c5100000|100%| S|CS|TAMS 0x00000000c5000000, 0x00000000c5000000| Complete 
|  59|0x00000000c5100000, 0x00000000c5100000, 0x00000000c5200000|  0%| F|  |TAMS 0x00000000c5100000, 0x00000000c5100000| Untracked 
|  60|0x00000000c5200000, 0x00000000c5200000, 0x00000000c5300000|  0%| F|  |TAMS 0x00000000c5200000, 0x00000000c5200000| Untracked 
|  61|0x00000000c5300000, 0x00000000c5300000, 0x00000000c5400000|  0%| F|  |TAMS 0x00000000c5300000, 0x00000000c5300000| Untracked 
|  62|0x00000000c5400000, 0x00000000c5400000, 0x00000000c5500000|  0%| F|  |TAMS 0x00000000c5400000, 0x00000000c5400000| Untracked 
|  63|0x00000000c5500000, 0x00000000c55570b8, 0x00000000c5600000| 34%| E|  |TAMS 0x00000000c5500000, 0x00000000c5500000| Complete 

Card table byte_map: [0x0000013bf7e80000,0x0000013bf8080000] _byte_map_base: 0x0000013bf7875000

Marking Bits (Prev, Next): (CMBitMap*) 0x0000013bef7b3638, (CMBitMap*) 0x0000013bef7b3678
 Prev Bits: [0x0000013bf8280000, 0x0000013bf9228000)
 Next Bits: [0x0000013bf9230000, 0x0000013bfa1d8000)

Polling page: 0x0000013bed6c0000

Metaspace:

Usage:
  Non-class:     17.59 MB capacity,    17.39 MB ( 99%) used,   169.90 KB ( <1%) free+waste,    40.63 KB ( <1%) overhead. 
      Class:      2.39 MB capacity,     2.24 MB ( 94%) used,   125.24 KB (  5%) free+waste,    21.50 KB ( <1%) overhead. 
       Both:     19.98 MB capacity,    19.63 MB ( 98%) used,   295.14 KB (  1%) free+waste,    62.13 KB ( <1%) overhead. 

Virtual space:
  Non-class space:       18.00 MB reserved,      17.75 MB ( 99%) committed 
      Class space:        1.00 GB reserved,       2.50 MB ( <1%) committed 
             Both:        1.02 GB reserved,      20.25 MB (  2%) committed 

Chunk freelists:
   Non-Class:  34.00 KB
       Class:  21.00 KB
        Both:  55.00 KB

MaxMetaspaceSize: 17179869184.00 GB
CompressedClassSpaceSize: 1.00 GB

CodeHeap 'non-profiled nmethods': size=120000Kb used=710Kb max_used=710Kb free=119289Kb
 bounds [0x0000013b87ad0000, 0x0000013b87d40000, 0x0000013b8f000000]
CodeHeap 'profiled nmethods': size=120000Kb used=3606Kb max_used=3953Kb free=116394Kb
 bounds [0x0000013b805a0000, 0x0000013b80980000, 0x0000013b87ad0000]
CodeHeap 'non-nmethods': size=5760Kb used=1361Kb max_used=1387Kb free=4398Kb
 bounds [0x0000013b80000000, 0x0000013b80270000, 0x0000013b805a0000]
 total_blobs=3354 nmethods=1750 adapters=568
 compilation: enabled
              stopped_count=0, restarted_count=0
 full_count=0

Compilation events (20 events):
Event: 3.168 Thread 0x0000013bfc7b6000 1965       3       jdk.internal.org.objectweb.asm.AnnotationWriter::<init> (60 bytes)
Event: 3.168 Thread 0x0000013bfc7b6000 nmethod 1965 0x0000013b806c0d90 code [0x0000013b806c0f60, 0x0000013b806c13d0]
Event: 3.168 Thread 0x0000013bfc7b6000 1966       3       jdk.internal.org.objectweb.asm.AnnotationVisitor::<init> (7 bytes)
Event: 3.168 Thread 0x0000013bfc7b6000 nmethod 1966 0x0000013b805de990 code [0x0000013b805deb40, 0x0000013b805decf0]
Event: 3.168 Thread 0x0000013bfc7b6000 1967       3       jdk.internal.org.objectweb.asm.AnnotationVisitor::<init> (47 bytes)
Event: 3.168 Thread 0x0000013bfc7b6000 nmethod 1967 0x0000013b80703990 code [0x0000013b80703b60, 0x0000013b80703f70]
Event: 3.168 Thread 0x0000013bfc7b6000 1969       3       java.lang.invoke.LambdaFormBuffer::ownedCount (7 bytes)
Event: 3.168 Thread 0x0000013bfc7b6000 nmethod 1969 0x0000013b807d4d90 code [0x0000013b807d4f20, 0x0000013b807d5098]
Event: 3.168 Thread 0x0000013bfc7b6000 1968       3       jdk.internal.org.objectweb.asm.AnnotationWriter::visitEnd (44 bytes)
Event: 3.168 Thread 0x0000013bfc7b6000 nmethod 1968 0x0000013b805c5710 code [0x0000013b805c58c0, 0x0000013b805c5ad8]
Event: 3.168 Thread 0x0000013bfc7b6000 1970       3       java.lang.invoke.InvokerBytecodeGenerator::emitReferenceCast (192 bytes)
Event: 3.169 Thread 0x0000013bfc7b6000 nmethod 1970 0x0000013b806ec210 code [0x0000013b806ec500, 0x0000013b806ed4f0]
Event: 3.169 Thread 0x0000013bfc7b6000 1971       3       java.lang.reflect.Modifier::isPrivate (12 bytes)
Event: 3.169 Thread 0x0000013bfc7b6000 nmethod 1971 0x0000013b805f0190 code [0x0000013b805f0340, 0x0000013b805f04d8]
Event: 3.170 Thread 0x0000013bfc7b0000 1974       4       jdk.internal.org.objectweb.asm.SymbolTable::addConstantUtf8 (98 bytes)
Event: 3.171 Thread 0x0000013bfeadb800 1975 %     4       sun.awt.image.PNGImageDecoder::update_crc @ 3 (41 bytes)
Event: 3.176 Thread 0x0000013bfeadb800 nmethod 1975% 0x0000013b87b2e410 code [0x0000013b87b2e5a0, 0x0000013b87b2e818]
Event: 3.176 Thread 0x0000013bfeadb800 1976       4       sun.awt.image.PNGImageDecoder::update_crc (41 bytes)
Event: 3.183 Thread 0x0000013bfeadb800 nmethod 1976 0x0000013b87b2e010 code [0x0000013b87b2e1a0, 0x0000013b87b2e358]
Event: 3.183 Thread 0x0000013bfeadb800 1977   !   4       sun.awt.image.PNGImageDecoder::produceImage (1917 bytes)

GC Heap History (8 events):
Event: 1.089 GC heap before
{Heap before GC invocations=0 (full 0):
 garbage-first heap   total 65536K, used 13312K [0x00000000c1600000, 0x0000000100000000)
  region size 1024K, 14 young (14336K), 0 survivors (0K)
 Metaspace       used 6723K, capacity 7312K, committed 7424K, reserved 1056768K
  class space    used 645K, capacity 723K, committed 768K, reserved 1048576K
}
Event: 1.096 GC heap after
{Heap after GC invocations=1 (full 0):
 garbage-first heap   total 65536K, used 5648K [0x00000000c1600000, 0x0000000100000000)
  region size 1024K, 2 young (2048K), 2 survivors (2048K)
 Metaspace       used 6723K, capacity 7312K, committed 7424K, reserved 1056768K
  class space    used 645K, capacity 723K, committed 768K, reserved 1048576K
}
Event: 1.338 GC heap before
{Heap before GC invocations=1 (full 0):
 garbage-first heap   total 65536K, used 10768K [0x00000000c1600000, 0x0000000100000000)
  region size 1024K, 7 young (7168K), 2 survivors (2048K)
 Metaspace       used 8552K, capacity 8818K, committed 8960K, reserved 1056768K
  class space    used 835K, capacity 945K, committed 1024K, reserved 1048576K
}
Event: 1.344 GC heap after
{Heap after GC invocations=2 (full 0):
 garbage-first heap   total 65536K, used 6932K [0x00000000c1600000, 0x0000000100000000)
  region size 1024K, 1 young (1024K), 1 survivors (1024K)
 Metaspace       used 8552K, capacity 8818K, committed 8960K, reserved 1056768K
  class space    used 835K, capacity 945K, committed 1024K, reserved 1048576K
}
Event: 2.925 GC heap before
{Heap before GC invocations=2 (full 0):
 garbage-first heap   total 65536K, used 25364K [0x00000000c1600000, 0x0000000100000000)
  region size 1024K, 20 young (20480K), 1 survivors (1024K)
 Metaspace       used 17103K, capacity 17438K, committed 17664K, reserved 1064960K
  class space    used 1842K, capacity 2012K, committed 2048K, reserved 1048576K
}
Event: 2.930 GC heap after
{Heap after GC invocations=3 (full 0):
 garbage-first heap   total 65536K, used 10660K [0x00000000c1600000, 0x0000000100000000)
  region size 1024K, 3 young (3072K), 3 survivors (3072K)
 Metaspace       used 17103K, capacity 17438K, committed 17664K, reserved 1064960K
  class space    used 1842K, capacity 2012K, committed 2048K, reserved 1048576K
}
Event: 3.177 GC heap before
{Heap before GC invocations=3 (full 0):
 garbage-first heap   total 65536K, used 13732K [0x00000000c1600000, 0x0000000100000000)
  region size 1024K, 8 young (8192K), 3 survivors (3072K)
 Metaspace       used 20099K, capacity 20457K, committed 20736K, reserved 1067008K
  class space    used 2296K, capacity 2443K, committed 2560K, reserved 1048576K
}
Event: 3.183 GC heap after
{Heap after GC invocations=4 (full 0):
 garbage-first heap   total 65536K, used 12376K [0x00000000c1600000, 0x0000000100000000)
  region size 1024K, 2 young (2048K), 2 survivors (2048K)
 Metaspace       used 20099K, capacity 20457K, committed 20736K, reserved 1067008K
  class space    used 2296K, capacity 2443K, committed 2560K, reserved 1048576K
}

Deoptimization events (20 events):
Event: 3.175 Thread 0x0000013bfe21b800 DEOPT PACKING pc=0x0000013b805b309f sp=0x00000026611feaf0
Event: 3.175 Thread 0x0000013bfe21b800 DEOPT UNPACKING pc=0x0000013b8004964e sp=0x00000026611fdfc0 mode 0
Event: 3.175 Thread 0x0000013bfe21b800 DEOPT PACKING pc=0x0000013b805b309f sp=0x00000026611feaf0
Event: 3.175 Thread 0x0000013bfe21b800 DEOPT UNPACKING pc=0x0000013b8004964e sp=0x00000026611fdfc0 mode 0
Event: 3.175 Thread 0x0000013bfe21b800 DEOPT PACKING pc=0x0000013b805b309f sp=0x00000026611feaf0
Event: 3.175 Thread 0x0000013bfe21b800 DEOPT UNPACKING pc=0x0000013b8004964e sp=0x00000026611fdfc0 mode 0
Event: 3.175 Thread 0x0000013bfe21b800 DEOPT PACKING pc=0x0000013b805b309f sp=0x00000026611feaf0
Event: 3.175 Thread 0x0000013bfe21b800 DEOPT UNPACKING pc=0x0000013b8004964e sp=0x00000026611fdfc0 mode 0
Event: 3.175 Thread 0x0000013bfe21b800 DEOPT PACKING pc=0x0000013b805b309f sp=0x00000026611feaf0
Event: 3.175 Thread 0x0000013bfe21b800 DEOPT UNPACKING pc=0x0000013b8004964e sp=0x00000026611fdfc0 mode 0
Event: 3.176 Thread 0x0000013bfe21b800 DEOPT PACKING pc=0x0000013b805b309f sp=0x00000026611feaf0
Event: 3.176 Thread 0x0000013bfe21b800 DEOPT UNPACKING pc=0x0000013b8004964e sp=0x00000026611fdfc0 mode 0
Event: 3.176 Thread 0x0000013bfe21b800 DEOPT PACKING pc=0x0000013b805b309f sp=0x00000026611feaf0
Event: 3.176 Thread 0x0000013bfe21b800 DEOPT UNPACKING pc=0x0000013b8004964e sp=0x00000026611fdfc0 mode 0
Event: 3.176 Thread 0x0000013bfe21b800 DEOPT PACKING pc=0x0000013b805b309f sp=0x00000026611feaf0
Event: 3.176 Thread 0x0000013bfe21b800 DEOPT UNPACKING pc=0x0000013b8004964e sp=0x00000026611fdfc0 mode 0
Event: 3.176 Thread 0x0000013bfe21b800 DEOPT PACKING pc=0x0000013b805b309f sp=0x00000026611feaf0
Event: 3.176 Thread 0x0000013bfe21b800 DEOPT UNPACKING pc=0x0000013b8004964e sp=0x00000026611fdfc0 mode 0
Event: 3.177 Thread 0x0000013bfe21b800 DEOPT PACKING pc=0x0000013b809525d8 sp=0x00000026611fecc0
Event: 3.177 Thread 0x0000013bfe21b800 DEOPT UNPACKING pc=0x0000013b8004964e sp=0x00000026611fe250 mode 0

Classes unloaded (0 events):
No events

Classes redefined (0 events):
No events

Internal exceptions (20 events):
Event: 1.315 Thread 0x0000013bfd650000 Exception <a 'java/lang/IncompatibleClassChangeError'{0x00000000c51b3378}: Found class java.lang.Object, but interface was expected> (0x00000000c51b3378) 
thrown [t:/workspace/open/src/hotspot/share/interpreter/linkResolver.cpp, line 833]
Event: 1.317 Thread 0x0000013bfd650000 Exception <a 'java/lang/NoSuchMethodError'{0x00000000c51b6578}: 'void java.lang.invoke.DirectMethodHandle$Holder.invokeStaticInit(java.lang.Object, java.lang.Object)'> (0x00000000c51b6578) 
thrown [t:/workspace/open/src/hotspot/share/interpreter/linkResolver.cpp, line 767]
Event: 1.319 Thread 0x0000013bfd650000 Exception <a 'java/lang/NoSuchMethodError'{0x00000000c51bbe18}: 'int java.lang.invoke.DirectMethodHandle$Holder.invokeStaticInit(java.lang.Object, java.lang.Object)'> (0x00000000c51bbe18) 
thrown [t:/workspace/open/src/hotspot/share/interpreter/linkResolver.cpp, line 767]
Event: 1.835 Thread 0x0000013bfd650000 Exception <a 'java/lang/NoSuchMethodError'{0x00000000c54dac08}: 'java.lang.Object java.lang.invoke.DirectMethodHandle$Holder.invokeStaticInit(java.lang.Object, java.lang.Object, int, int, int, int)'> (0x00000000c54dac08) 
thrown [t:/workspace/open/src/hotspot/share/interpreter/linkResolver.cpp, line 767]
Event: 2.027 Thread 0x0000013bfd650000 Exception <a 'java/lang/NullPointerException'{0x00000000c5263208}> (0x00000000c5263208) 
thrown [t:/workspace/open/src/hotspot/share/interpreter/linkResolver.cpp, line 1349]
Event: 2.027 Thread 0x0000013bfd650000 Exception <a 'java/lang/reflect/InvocationTargetException'{0x00000000c5266e38}> (0x00000000c5266e38) 
thrown [t:/workspace/open/src/hotspot/share/runtime/reflection.cpp, line 1188]
Event: 2.075 Thread 0x0000013bfd650000 Exception <a 'java/lang/NoSuchMethodError'{0x00000000c51bd048}: 'java.lang.Object java.lang.invoke.DirectMethodHandle$Holder.invokeVirtual(java.lang.Object, java.lang.Object, java.lang.Object)'> (0x00000000c51bd048) 
thrown [t:/workspace/open/src/hotspot/share/interpreter/linkResolver.cpp, line 767]
Event: 2.661 Thread 0x0000013bfd650000 Exception <a 'java/lang/NoSuchMethodError'{0x00000000c46314a0}: 'java.lang.Object java.lang.invoke.DirectMethodHandle$Holder.invokeStatic(java.lang.Object, int, java.lang.Object, java.lang.Object, java.lang.Object, java.lang.Object)'> (0x00000000c46314a0) 
thrown [t:/workspace/open/src/hotspot/share/interpreter/linkResolver.cpp, line 767]
Event: 2.662 Thread 0x0000013bfd650000 Exception <a 'java/lang/NoSuchMethodError'{0x00000000c4637e08}: 'java.lang.Object java.lang.invoke.DirectMethodHandle$Holder.invokeStatic(java.lang.Object, int, java.lang.Object, java.lang.Object, java.lang.Object)'> (0x00000000c4637e08) 
thrown [t:/workspace/open/src/hotspot/share/interpreter/linkResolver.cpp, line 767]
Event: 2.662 Thread 0x0000013bfd650000 Exception <a 'java/lang/NoSuchMethodError'{0x00000000c463b670}: 'java.lang.Object java.lang.invoke.DirectMethodHandle$Holder.invokeSpecial(java.lang.Object, java.lang.Object, int, java.lang.Object, java.lang.Object, java.lang.Object)'> (0x00000000c463b670) 
thrown [t:/workspace/open/src/hotspot/share/interpreter/linkResolver.cpp, line 767]
Event: 2.667 Thread 0x0000013bfd650000 Exception <a 'java/lang/NoSuchMethodError'{0x00000000c46519b0}: 'java.lang.Object java.lang.invoke.DirectMethodHandle$Holder.invokeStatic(java.lang.Object, int, java.lang.Object)'> (0x00000000c46519b0) 
thrown [t:/workspace/open/src/hotspot/share/interpreter/linkResolver.cpp, line 767]
Event: 2.695 Thread 0x0000013bfd650000 Exception <a 'java/lang/ClassNotFoundException'{0x00000000c46f7b58}: com/sun/swing/internal/plaf/metal/resources/spi/metalProvider> (0x00000000c46f7b58) 
thrown [t:/workspace/open/src/hotspot/share/classfile/systemDictionary.cpp, line 232]
Event: 2.696 Thread 0x0000013bfd650000 Exception <a 'java/lang/ClassNotFoundException'{0x00000000c46fbc00}: com/sun/swing/internal/plaf/basic/resources/spi/basicProvider> (0x00000000c46fbc00) 
thrown [t:/workspace/open/src/hotspot/share/classfile/systemDictionary.cpp, line 232]
Event: 2.704 Thread 0x0000013bfd650000 Implicit null exception at 0x0000013b87b3f085 to 0x0000013b87b3f26e
Event: 2.704 Thread 0x0000013bfd650000 Implicit null exception at 0x0000013b87b22f68 to 0x0000013b87b22ffa
Event: 2.708 Thread 0x0000013bfd650000 Implicit null exception at 0x0000013b87b288af to 0x0000013b87b2892d
Event: 2.717 Thread 0x0000013bfd650000 Exception <a 'java/net/UnknownHostException'{0x00000000c4519c18}> (0x00000000c4519c18) 
thrown [t:/workspace/open/src/hotspot/share/prims/jni.cpp, line 598]
Event: 3.111 Thread 0x0000013bfe4bf000 Exception <a 'java/lang/NullPointerException'{0x00000000c5265e50}> (0x00000000c5265e50) 
thrown [t:/workspace/open/src/hotspot/share/interpreter/linkResolver.cpp, line 1349]
Event: 3.131 Thread 0x0000013bfd650000 Exception <a 'java/lang/NoSuchMethodError'{0x00000000c53be428}: 'void java.lang.invoke.DirectMethodHandle$Holder.invokeStaticInit(java.lang.Object)'> (0x00000000c53be428) 
thrown [t:/workspace/open/src/hotspot/share/interpreter/linkResolver.cpp, line 767]
Event: 3.170 Thread 0x0000013bfd650000 Exception <a 'java/lang/NoSuchMethodError'{0x00000000c52a05e0}: 'java.lang.Object java.lang.invoke.Invokers$Holder.linkToTargetMethod(java.lang.Object, int, java.lang.Object)'> (0x00000000c52a05e0) 
thrown [t:/workspace/open/src/hotspot/share/interpreter/linkResolver.cpp, line 767]

Events (20 events):
Event: 3.164 loading class sun/awt/Win32FontManager$2 done
Event: 3.166 loading class sun/awt/FontConfiguration$2
Event: 3.166 loading class sun/awt/FontConfiguration$2 done
Event: 3.166 loading class sun/awt/windows/WingDings
Event: 3.166 loading class sun/awt/windows/WingDings done
Event: 3.166 loading class sun/awt/windows/WingDings$Encoder
Event: 3.166 loading class sun/awt/windows/WingDings$Encoder done
Event: 3.166 loading class sun/awt/Symbol
Event: 3.166 loading class sun/awt/Symbol done
Event: 3.167 loading class sun/awt/Symbol$Encoder
Event: 3.167 loading class sun/awt/Symbol$Encoder done
Event: 3.169 Executing VM operation: RevokeBias
Event: 3.169 Executing VM operation: RevokeBias done
Event: 3.171 Executing VM operation: RevokeBias
Event: 3.171 Executing VM operation: RevokeBias done
Event: 3.176 Executing VM operation: RevokeBias
Event: 3.176 Executing VM operation: RevokeBias done
Event: 3.177 Executing VM operation: G1CollectForAllocation
Event: 3.183 Executing VM operation: G1CollectForAllocation done
Event: 3.184 Executing VM operation: RevokeBias


Dynamic libraries:
0x00007ff7a0250000 - 0x00007ff7a025f000 	C:\Program Files\Java\jdk-13.0.2\bin\javaw.exe
0x00007ffea35c0000 - 0x00007ffea37b0000 	C:\Windows\SYSTEM32\ntdll.dll
0x00007ffea2080000 - 0x00007ffea2132000 	C:\Windows\System32\KERNEL32.DLL
0x00007ffea0f30000 - 0x00007ffea11d5000 	C:\Windows\System32\KERNELBASE.dll
0x00007ffea1200000 - 0x00007ffea12fa000 	C:\Windows\System32\ucrtbase.dll
0x00007ffe73830000 - 0x00007ffe73845000 	C:\Program Files\Java\jdk-13.0.2\bin\VCRUNTIME140.dll
0x00007ffe72350000 - 0x00007ffe72368000 	C:\Program Files\Java\jdk-13.0.2\bin\jli.dll
0x00007ffea2a20000 - 0x00007ffea2ac3000 	C:\Windows\System32\ADVAPI32.dll
0x00007ffea16a0000 - 0x00007ffea173e000 	C:\Windows\System32\msvcrt.dll
0x00007ffea1cb0000 - 0x00007ffea1d47000 	C:\Windows\System32\sechost.dll
0x00007ffea2140000 - 0x00007ffea225f000 	C:\Windows\System32\RPCRT4.dll
0x00007ffea1e30000 - 0x00007ffea1fc4000 	C:\Windows\System32\USER32.dll
0x00007ffea1440000 - 0x00007ffea1461000 	C:\Windows\System32\win32u.dll
0x00007ffea1c80000 - 0x00007ffea1ca6000 	C:\Windows\System32\GDI32.dll
0x00007ffe90510000 - 0x00007ffe90794000 	C:\Windows\WinSxS\amd64_microsoft.windows.common-controls_6595b64144ccf1df_6.0.18362.1556_none_9e7e372fe45e41d5\COMCTL32.dll
0x00007ffea1470000 - 0x00007ffea1608000 	C:\Windows\System32\gdi32full.dll
0x00007ffea25e0000 - 0x00007ffea2916000 	C:\Windows\System32\combase.dll
0x00007ffea0500000 - 0x00007ffea059e000 	C:\Windows\System32\msvcp_win.dll
0x00007ffea13b0000 - 0x00007ffea1431000 	C:\Windows\System32\bcryptPrimitives.dll
0x00007ffe90e70000 - 0x00007ffe90e7a000 	C:\Windows\SYSTEM32\VERSION.dll
0x00007ffea1e00000 - 0x00007ffea1e2e000 	C:\Windows\System32\IMM32.DLL
0x00007ffe722b0000 - 0x00007ffe7234b000 	C:\Program Files\Java\jdk-13.0.2\bin\msvcp140.dll
0x00007ffe71750000 - 0x00007ffe722ad000 	C:\Program Files\Java\jdk-13.0.2\bin\server\jvm.dll
0x00007ffea22e0000 - 0x00007ffea22e8000 	C:\Windows\System32\PSAPI.DLL
0x00007ffe9d0d0000 - 0x00007ffe9d0f4000 	C:\Windows\SYSTEM32\WINMM.dll
0x00007ffe79f00000 - 0x00007ffe79f09000 	C:\Windows\SYSTEM32\WSOCK32.dll
0x00007ffea2260000 - 0x00007ffea22cf000 	C:\Windows\System32\WS2_32.dll
0x00007ffe9d0a0000 - 0x00007ffe9d0cd000 	C:\Windows\SYSTEM32\WINMMBASE.dll
0x00007ffea05a0000 - 0x00007ffea05ea000 	C:\Windows\System32\cfgmgr32.dll
0x00007ffea04c0000 - 0x00007ffea04d1000 	C:\Windows\System32\kernel.appcore.dll
0x00007ffe73820000 - 0x00007ffe73830000 	C:\Program Files\Java\jdk-13.0.2\bin\verify.dll
0x00007ffe90eb0000 - 0x00007ffe910a4000 	C:\Windows\SYSTEM32\DBGHELP.DLL
0x00007ffe90c80000 - 0x00007ffe90caa000 	C:\Windows\SYSTEM32\dbgcore.DLL
0x00007ffe71720000 - 0x00007ffe71746000 	C:\Program Files\Java\jdk-13.0.2\bin\java.dll
0x00007ffe71700000 - 0x00007ffe71717000 	C:\Program Files\Java\jdk-13.0.2\bin\zip.dll
0x00007ffe716f0000 - 0x00007ffe716fa000 	C:\Program Files\Java\jdk-13.0.2\bin\jimage.dll
0x00007ffea2b60000 - 0x00007ffea3247000 	C:\Windows\System32\SHELL32.dll
0x00007ffea1d50000 - 0x00007ffea1df8000 	C:\Windows\System32\shcore.dll
0x00007ffea05f0000 - 0x00007ffea0d6b000 	C:\Windows\System32\windows.storage.dll
0x00007ffea04a0000 - 0x00007ffea04be000 	C:\Windows\System32\profapi.dll
0x00007ffea0450000 - 0x00007ffea049a000 	C:\Windows\System32\powrprof.dll
0x00007ffea0440000 - 0x00007ffea0450000 	C:\Windows\System32\UMPDC.dll
0x00007ffea2ae0000 - 0x00007ffea2b32000 	C:\Windows\System32\shlwapi.dll
0x00007ffea11e0000 - 0x00007ffea11f7000 	C:\Windows\System32\cryptsp.dll
0x00007ffe716d0000 - 0x00007ffe716e9000 	C:\Program Files\Java\jdk-13.0.2\bin\net.dll
0x00007ffe96830000 - 0x00007ffe9692a000 	C:\Windows\SYSTEM32\WINHTTP.dll
0x00007ffe9fc80000 - 0x00007ffe9fce7000 	C:\Windows\system32\mswsock.dll
0x00007ffe716b0000 - 0x00007ffe716c3000 	C:\Program Files\Java\jdk-13.0.2\bin\nio.dll
0x00007ffe6bb30000 - 0x00007ffe6bcc9000 	C:\Program Files\Java\jdk-13.0.2\bin\awt.dll
0x00007ffea1740000 - 0x00007ffea1805000 	C:\Windows\System32\OLEAUT32.dll
0x00007ffe9e5c0000 - 0x00007ffe9e64f000 	C:\Windows\SYSTEM32\apphelp.dll
0x00007ffe9e760000 - 0x00007ffe9e7f9000 	C:\Windows\system32\uxtheme.dll
0x00007ffea33b0000 - 0x00007ffea34e5000 	C:\Windows\System32\MSCTF.dll
0x00007ffea3250000 - 0x00007ffea33a7000 	C:\Windows\System32\ole32.dll
0x00007ffe9f9d0000 - 0x00007ffe9fa9b000 	C:\Windows\SYSTEM32\DNSAPI.dll
0x00007ffea2ad0000 - 0x00007ffea2ad8000 	C:\Windows\System32\NSI.dll
0x00007ffe9f990000 - 0x00007ffe9f9ca000 	C:\Windows\SYSTEM32\IPHLPAPI.DLL
0x00007ffe95ec0000 - 0x00007ffe95eca000 	C:\Windows\System32\rasadhlp.dll
0x00007ffe973d0000 - 0x00007ffe97447000 	C:\Windows\System32\fwpuclnt.dll
0x00007ffea1610000 - 0x00007ffea1636000 	C:\Windows\System32\bcrypt.dll
0x00007ffe88d70000 - 0x00007ffe88d7e000 	C:\Program Files\Java\jdk-13.0.2\bin\sunmscapi.dll
0x00007ffea0dd0000 - 0x00007ffea0f21000 	C:\Windows\System32\CRYPT32.dll
0x00007ffea04e0000 - 0x00007ffea04f2000 	C:\Windows\System32\MSASN1.dll
0x00007ffe9ff60000 - 0x00007ffe9ff86000 	C:\Windows\SYSTEM32\ncrypt.dll
0x00007ffe9ff20000 - 0x00007ffe9ff5b000 	C:\Windows\SYSTEM32\NTASN1.dll
0x00007ffe710a0000 - 0x00007ffe710c5000 	C:\Program Files\Java\jdk-13.0.2\bin\sunec.dll
0x00007ffe9f800000 - 0x00007ffe9f833000 	C:\Windows\system32\rsaenh.dll
0x00007ffea0360000 - 0x00007ffea0385000 	C:\Windows\SYSTEM32\USERENV.dll
0x00007ffe9fe50000 - 0x00007ffe9fe5c000 	C:\Windows\SYSTEM32\CRYPTBASE.dll
0x00007ffe974b0000 - 0x00007ffe974c6000 	C:\Windows\SYSTEM32\dhcpcsvc6.DLL
0x00007ffe97580000 - 0x00007ffe9759c000 	C:\Windows\SYSTEM32\dhcpcsvc.DLL
0x00007ffe9eab0000 - 0x00007ffe9eadd000 	C:\Windows\system32\DWMAPI.DLL
0x00007ffe6b9d0000 - 0x00007ffe6bb26000 	C:\Windows\system32\opengl32.dll
0x00007ffe84e10000 - 0x00007ffe84e3c000 	C:\Windows\SYSTEM32\GLU32.dll
0x00007ffe9f080000 - 0x00007ffe9f0a0000 	C:\Windows\SYSTEM32\dxcore.dll
0x00007ffe71320000 - 0x00007ffe713a2000 	C:\Program Files\Java\jdk-13.0.2\bin\freetype.dll
0x00007ffe6c170000 - 0x00007ffe6c216000 	C:\Program Files\Java\jdk-13.0.2\bin\fontmanager.dll

dbghelp: loaded successfully - version: 4.0.5 - missing functions: none
symbol engine: initialized successfully - sym options: 0x614 - pdb path: .;C:\Program Files\Java\jdk-13.0.2\bin;C:\Windows\SYSTEM32;C:\Windows\WinSxS\amd64_microsoft.windows.common-controls_6595b64144ccf1df_6.0.18362.1556_none_9e7e372fe45e41d5;C:\Program Files\Java\jdk-13.0.2\bin\server

VM Arguments:
jvm_args: -Dfile.encoding=Cp1252 
java_command: Application.Home
java_class_path (initial): C:\Users\User\git\bakame\DriveOperations\target\classes;C:\Users\User\Desktop\Libraries\jgoodies-common-1.8.0.jar;C:\Users\User\Desktop\Libraries\jgoodies-forms-1.8.0.jar;C:\Users\User\Desktop\Libraries\miglayout15-swing.jar;C:\Users\User\Downloads\javax.mail.jar;C:\Users\User\Downloads\activation-1.1.1.jar;C:\Users\User\Downloads\jcalendar-1.4.jar;C:\Users\User\Downloads\jfreechart-1.0.19\lib\jcommon-1.0.23.jar;C:\Users\User\Downloads\jfreechart-1.0.19\lib\jfreechart-1.0.19.jar;C:\Users\User\Downloads\commons-net-3.8.0\commons-net-3.8.0.jar;C:\Users\User\Documents\Libs\comm-2.0.jar;C:\Users\User\Documents\Libs\http-2.2.1.jar;C:\Users\User\Downloads\JTattoo-1.6.13.jar;C:\Users\User\Desktop\Libs\jmespath-java-1.11.470.jar;C:\Users\User\Desktop\Libs\aws-java-sdk-core-1.12.65.jar;C:\Users\User\Desktop\Libs\aws-java-sdk-kms-1.12.65.jar;C:\Users\User\Desktop\Libs\aws-java-sdk-s3-1.12.65.jar;C:\Users\User\Desktop\Libs\commons-codec-1.15.jar;C:\Users\User\Desktop\Libs\commons-logging-1.1.3.jar;C:\Users\User\Desktop\Libs\httpclient-4.5.13.jar;C:\Users\User\Desktop\Libs\ion-java-1.0.2.jar;C:\Users\User\Desktop\Libs\jackson-annotations-2.12.3.jar;C:\Users\User\Desktop\Libs\jackson-core-2.12.3.jar;C:\Users\User\Desktop\Libs\jackson-databind-2.12.3.jar;C:\Users\User\Desktop\Libs\jackson-dataformat-cbor-2.12.3.jar;C:\Users\User\Desktop\Libs\jmespath-java-1.12.65.jar;C:\Users\User\Desktop\Libs\joda-time-2.8.1.jar;C:\Users\User\Desktop\Libs\mysql-connector-java-5.1.45.jar;C:\Users\User\.m2\repository\com\amazonaws\aws-java-sdk-s3\1.12.65\aws-java-sdk-s3-1.12.65.jar;C:\Users\User\.m2\repository\com\amazonaws\aws-java-sdk-kms\1.12.65\aws-java-sdk-kms-1.12.65.jar;C:\Users\User\.m2\repository\com\amazonaws\aws-java-sdk-core\1.12.65\aws-java-sdk-core-1.12.65.jar;C:\Users\User\.m2\repository\commons-logging\commons-logging\1.1.3\commons-logging-1.1.3.jar;C:\Users\User\.m2\repository\commons-codec\commons-codec\1.15\commons-codec-1.15.jar;C:\Users\User\.m2\re
Launcher Type: SUN_STANDARD

[Global flags]
     intx CICompilerCount                          = 3                                         {product} {ergonomic}
     uint ConcGCThreads                            = 1                                         {product} {ergonomic}
     uint G1ConcRefinementThreads                  = 4                                         {product} {ergonomic}
   size_t G1HeapRegionSize                         = 1048576                                   {product} {ergonomic}
    uintx GCDrainStackTargetSize                   = 64                                        {product} {ergonomic}
   size_t InitialHeapSize                          = 67108864                                  {product} {ergonomic}
   size_t MarkStackSize                            = 4194304                                   {product} {ergonomic}
   size_t MaxHeapSize                              = 1050673152                                {product} {ergonomic}
   size_t MaxNewSize                               = 630194176                                 {product} {ergonomic}
   size_t MinHeapDeltaBytes                        = 1048576                                   {product} {ergonomic}
   size_t MinHeapSize                              = 8388608                                   {product} {ergonomic}
    uintx NonNMethodCodeHeapSize                   = 5832780                                {pd product} {ergonomic}
    uintx NonProfiledCodeHeapSize                  = 122912730                              {pd product} {ergonomic}
    uintx ProfiledCodeHeapSize                     = 122912730                              {pd product} {ergonomic}
    uintx ReservedCodeCacheSize                    = 251658240                              {pd product} {ergonomic}
     bool SegmentedCodeCache                       = true                                      {product} {ergonomic}
   size_t SoftMaxHeapSize                          = 1050673152                             {manageable} {ergonomic}
     bool UseCompressedClassPointers               = true                                 {lp64_product} {ergonomic}
     bool UseCompressedOops                        = true                                 {lp64_product} {ergonomic}
     bool UseG1GC                                  = true                                      {product} {ergonomic}
     bool UseLargePagesIndividualAllocation        = false                                  {pd product} {ergonomic}

Logging:
Log output configuration:
 #0: stdout all=warning uptime,level,tags
 #1: stderr all=off uptime,level,tags

Environment Variables:
JAVA_HOME=C:\Program Files (x86)\Java\jre1.8.0_241
PATH=C:\Program Files\Java\jdk-13.0.2\bin;C:\Program Files (x86)\Common Files\Oracle\Java\javapath;C:\Windows\system32;C:\Windows;C:\Windows\System32\Wbem;C:\Windows\System32\WindowsPowerShell\v1.0\;C:\Windows\System32\OpenSSH\;C:\Program Files (x86)\apache-maven-3.8.1\bin;C:\Program Files (x86)\gradle-7.1.1\bin;C:\Users\User\Documents\Setup logiciels\mongosh-1.1.2-win32-x64\bin;C:\Program Files\MySQL\MySQL Shell 8.0\bin\;C:\Users\User\AppData\Local\Microsoft\WindowsApps;C:\Users\User\AppData\Local\Programs\Microsoft VS Code\bin;C:\Program Files (x86)\gradle-7.1.1\bin;C:\Users\User\Downloads\platform-tools;C:\Users\User\Documents\Setup logiciels\mongosh-1.1.2-win32-x64\bin;C:\Users\User\AppData\Local\GitHubDesktop\bin
USERNAME=User
OS=Windows_NT
PROCESSOR_IDENTIFIER=Intel64 Family 6 Model 42 Stepping 7, GenuineIntel



---------------  S Y S T E M  ---------------

OS: Windows 10 , 64 bit Build 18362 (10.0.18362.1500)

CPU:total 4 (initial active 4) (2 cores per cpu, 2 threads per core) family 6 model 42 stepping 7, cmov, cx8, fxsr, mmx, sse, sse2, sse3, ssse3, sse4.1, sse4.2, popcnt, avx, aes, clmul, ht, tsc, tscinvbit

Memory: 4k page, system-wide physical 4006M (437M free)
TotalPageFile size 16294M (AvailPageFile size 75M)
current process WorkingSet (physical memory assigned to process): 115M, peak: 115M
current process commit charge ("private bytes"): 178M, peak: 290M

vm_info: Java HotSpot(TM) 64-Bit Server VM (13.0.2+8) for windows-amd64 JRE (13.0.2+8), built on Dec 11 2019 09:20:33 by "mach5one" with unknown MS VC++:1916

END.
