#
# There is insufficient memory for the Java Runtime Environment to continue.
# Native memory allocation (malloc) failed to allocate 2229552 bytes for Chunk::new
# Possible reasons:
#   The system is out of physical RAM or swap space
#   The process is running with CompressedOops enabled, and the Java Heap may be blocking the growth of the native heap
# Possible solutions:
#   Reduce memory load on the system
#   Increase physical memory or swap space
#   Check if swap backing store is full
#   Decrease Java heap size (-Xmx/-Xms)
#   Decrease number of Java threads
#   Decrease Java thread stack sizes (-Xss)
#   Set larger code cache with -XX:ReservedCodeCacheSize=
#   JVM is running with Unscaled Compressed Oops mode in which the Java heap is
#     placed in the first 4GB address space. The Java Heap base address is the
#     maximum limit for the native heap growth. Please use -XX:HeapBaseMinAddress
#     to set the Java Heap base and to place the Java Heap above 4GB virtual address.
# This output file may be truncated or incomplete.
#
#  Out of Memory Error (t:/workspace/open/src/hotspot/share/memory/arena.cpp:196), pid=10420, tid=14544
#
# JRE version: Java(TM) SE Runtime Environment (13.0.2+8) (build 13.0.2+8)
# Java VM: Java HotSpot(TM) 64-Bit Server VM (13.0.2+8, mixed mode, sharing, tiered, compressed oops, g1 gc, windows-amd64)
# No core dump will be written. Minidumps are not enabled by default on client versions of Windows
#

---------------  S U M M A R Y ------------

Command Line: -Dfile.encoding=Cp1252 Application.Home

Host: Intel(R) Core(TM) i5-2520M CPU @ 2.50GHz, 4 cores, 3G,  Windows 10 , 64 bit Build 18362 (10.0.18362.1500)
Time: Fri Sep 24 05:44:15 2021 South Africa Standard Time elapsed time: 33 seconds (0d 0h 0m 33s)

---------------  T H R E A D  ---------------

Current thread (0x0000024c7f6cf000):  JavaThread "C2 CompilerThread0" daemon [_thread_in_native, id=14544, stack(0x0000005fd9900000,0x0000005fd9a00000)]


Current CompileTask:
C2:  33949 5563       4       CloudOperations.aws::downloadContent (52 bytes)

Stack: [0x0000005fd9900000,0x0000005fd9a00000]
Native frames: (J=compiled Java code, j=interpreted, Vv=VM code, C=native code)
V  [jvm.dll+0x624f9a]
V  [jvm.dll+0x770cfa]
V  [jvm.dll+0x7724af]
V  [jvm.dll+0x772ab3]
V  [jvm.dll+0x24bf08]
V  [jvm.dll+0xc1e47]
V  [jvm.dll+0xc23cc]
V  [jvm.dll+0x35c0c5]
V  [jvm.dll+0x327803]
V  [jvm.dll+0x326bda]
V  [jvm.dll+0x205c27]
V  [jvm.dll+0x204e3f]
V  [jvm.dll+0x189c2c]
V  [jvm.dll+0x213e6d]
V  [jvm.dll+0x2120bb]
V  [jvm.dll+0x736bb6]
V  [jvm.dll+0x72fcaa]
V  [jvm.dll+0x623ea6]
C  [ucrtbase.dll+0x210b2]
C  [KERNEL32.DLL+0x17c24]
C  [ntdll.dll+0x6d721]


---------------  P R O C E S S  ---------------

Threads class SMR info:
_java_thread_list=0x0000024c146aa920, length=26, elements={
0x0000024c7f6ae000, 0x0000024c7f6b3800, 0x0000024c7f6cc800, 0x0000024c7f6ce000,
0x0000024c7f6cf000, 0x0000024c7f6d9000, 0x0000024c7f6ea000, 0x0000024c111dd000,
0x0000024c111e4800, 0x0000024c1158c800, 0x0000024c1150e800, 0x0000024c1158e000,
0x0000024c115b6800, 0x0000024c7276f800, 0x0000024c11693800, 0x0000024c116fb800,
0x0000024c128fa800, 0x0000024c11ca8000, 0x0000024c11ca6000, 0x0000024c11caa800,
0x0000024c11ca7000, 0x0000024c11cac000, 0x0000024c11cab000, 0x0000024c11ca9800,
0x0000024c11cad000, 0x0000024c1510f000
}

Java Threads: ( => current thread )
  0x0000024c7f6ae000 JavaThread "Reference Handler" daemon [_thread_blocked, id=9380, stack(0x0000005fd9500000,0x0000005fd9600000)]
  0x0000024c7f6b3800 JavaThread "Finalizer" daemon [_thread_blocked, id=13940, stack(0x0000005fd9600000,0x0000005fd9700000)]
  0x0000024c7f6cc800 JavaThread "Signal Dispatcher" daemon [_thread_blocked, id=7448, stack(0x0000005fd9700000,0x0000005fd9800000)]
  0x0000024c7f6ce000 JavaThread "Attach Listener" daemon [_thread_blocked, id=11916, stack(0x0000005fd9800000,0x0000005fd9900000)]
=>0x0000024c7f6cf000 JavaThread "C2 CompilerThread0" daemon [_thread_in_native, id=14544, stack(0x0000005fd9900000,0x0000005fd9a00000)]
  0x0000024c7f6d9000 JavaThread "C1 CompilerThread0" daemon [_thread_blocked, id=4232, stack(0x0000005fd9a00000,0x0000005fd9b00000)]
  0x0000024c7f6ea000 JavaThread "Sweeper thread" daemon [_thread_blocked, id=3872, stack(0x0000005fd9b00000,0x0000005fd9c00000)]
  0x0000024c111dd000 JavaThread "Service Thread" daemon [_thread_blocked, id=15692, stack(0x0000005fd9c00000,0x0000005fd9d00000)]
  0x0000024c111e4800 JavaThread "Common-Cleaner" daemon [_thread_blocked, id=6932, stack(0x0000005fd9e00000,0x0000005fd9f00000)]
  0x0000024c1158c800 JavaThread "Java2D Disposer" daemon [_thread_blocked, id=15040, stack(0x0000005fd9f00000,0x0000005fda000000)]
  0x0000024c1150e800 JavaThread "AWT-Shutdown" [_thread_blocked, id=14608, stack(0x0000005fda000000,0x0000005fda100000)]
  0x0000024c1158e000 JavaThread "AWT-Windows" daemon [_thread_in_native, id=2864, stack(0x0000005fda100000,0x0000005fda200000)]
  0x0000024c115b6800 JavaThread "AWT-EventQueue-0" [_thread_blocked, id=12436, stack(0x0000005fda200000,0x0000005fda300000)]
  0x0000024c7276f800 JavaThread "DestroyJavaVM" [_thread_blocked, id=7748, stack(0x0000005fd8e00000,0x0000005fd8f00000)]
  0x0000024c11693800 JavaThread "TimerQueue" daemon [_thread_blocked, id=12220, stack(0x0000005fda400000,0x0000005fda500000)]
  0x0000024c116fb800 JavaThread "SwingWorker-pool-1-thread-1" daemon [_thread_in_native, id=13812, stack(0x0000005fda600000,0x0000005fda700000)]
  0x0000024c128fa800 JavaThread "SwingWorker-pool-1-thread-2" daemon [_thread_blocked, id=14788, stack(0x0000005fdaf00000,0x0000005fdb000000)]
  0x0000024c11ca8000 JavaThread "SwingWorker-pool-1-thread-3" daemon [_thread_blocked, id=15924, stack(0x0000005fdae00000,0x0000005fdaf00000)]
  0x0000024c11ca6000 JavaThread "SwingWorker-pool-1-thread-4" daemon [_thread_blocked, id=3140, stack(0x0000005fdb100000,0x0000005fdb200000)]
  0x0000024c11caa800 JavaThread "SwingWorker-pool-1-thread-5" daemon [_thread_blocked, id=6620, stack(0x0000005fdb200000,0x0000005fdb300000)]
  0x0000024c11ca7000 JavaThread "SwingWorker-pool-1-thread-6" daemon [_thread_blocked, id=880, stack(0x0000005fdb300000,0x0000005fdb400000)]
  0x0000024c11cac000 JavaThread "SwingWorker-pool-1-thread-7" daemon [_thread_blocked, id=16268, stack(0x0000005fdb400000,0x0000005fdb500000)]
  0x0000024c11cab000 JavaThread "SwingWorker-pool-1-thread-8" daemon [_thread_blocked, id=9284, stack(0x0000005fdb500000,0x0000005fdb600000)]
  0x0000024c11ca9800 JavaThread "SwingWorker-pool-1-thread-9" daemon [_thread_blocked, id=10736, stack(0x0000005fdb600000,0x0000005fdb700000)]
  0x0000024c11cad000 JavaThread "SwingWorker-pool-1-thread-10" daemon [_thread_blocked, id=14712, stack(0x0000005fdb700000,0x0000005fdb800000)]
  0x0000024c1510f000 JavaThread "C2 CompilerThread1" daemon [_thread_in_native, id=15832, stack(0x0000005fda300000,0x0000005fda400000)]

Other Threads:
  0x0000024c7283e000 VMThread "VM Thread" [stack: 0x0000005fd9400000,0x0000005fd9500000] [id=14696]
  0x0000024c111e3000 WatcherThread [stack: 0x0000005fd9d00000,0x0000005fd9e00000] [id=15600]
  0x0000024c727a0800 GCTaskThread "GC Thread#0" [stack: 0x0000005fd8f00000,0x0000005fd9000000] [id=10512]
  0x0000024c11920000 GCTaskThread "GC Thread#1" [stack: 0x0000005fda700000,0x0000005fda800000] [id=16296]
  0x0000024c1191c800 GCTaskThread "GC Thread#2" [stack: 0x0000005fda800000,0x0000005fda900000] [id=15408]
  0x0000024c1191e000 GCTaskThread "GC Thread#3" [stack: 0x0000005fda900000,0x0000005fdaa00000] [id=15168]
  0x0000024c727aa800 ConcurrentGCThread "G1 Main Marker" [stack: 0x0000005fd9000000,0x0000005fd9100000] [id=15836]
  0x0000024c727ac800 ConcurrentGCThread "G1 Conc#0" [stack: 0x0000005fd9100000,0x0000005fd9200000] [id=7540]
  0x0000024c72801000 ConcurrentGCThread "G1 Refine#0" [stack: 0x0000005fd9200000,0x0000005fd9300000] [id=7884]
  0x0000024c112ec000 ConcurrentGCThread "G1 Refine#1" [stack: 0x0000005fdaa00000,0x0000005fdab00000] [id=15200]
  0x0000024c72804800 ConcurrentGCThread "G1 Young RemSet Sampling" [stack: 0x0000005fd9300000,0x0000005fd9400000] [id=7308]

Threads with active compile tasks:
C2 CompilerThread0    34027 5563       4       CloudOperations.aws::downloadContent (52 bytes)
C2 CompilerThread1    34027 5573       4       javax.swing.JFrame::repaint (37 bytes)

VM state:not at safepoint (normal execution)

VM Mutex/Monitor currently owned by a thread: None

Heap address: 0x00000000c1600000, size: 1002 MB, Compressed Oops mode: 32-bit
Narrow klass base: 0x0000000800000000, Narrow klass shift: 3
Compressed class space size: 1073741824 Address: 0x0000000800b40000

Heap:
 garbage-first heap   total 219136K, used 148311K [0x00000000c1600000, 0x0000000100000000)
  region size 1024K, 24 young (24576K), 3 survivors (3072K)
 Metaspace       used 15301K, capacity 15618K, committed 15744K, reserved 1062912K
  class space    used 1476K, capacity 1631K, committed 1664K, reserved 1048576K
Heap Regions: E=young(eden), S=young(survivor), O=old, HS=humongous(starts), HC=humongous(continues), CS=collection set, F=free, A=archive, TAMS=top-at-mark-start (previous, next)
|   0|0x00000000c1600000, 0x00000000c1700000, 0x00000000c1700000|100%| O|  |TAMS 0x00000000c1700000, 0x00000000c1600000| Untracked 
|   1|0x00000000c1700000, 0x00000000c1800000, 0x00000000c1800000|100%| O|  |TAMS 0x00000000c1800000, 0x00000000c1700000| Untracked 
|   2|0x00000000c1800000, 0x00000000c1900000, 0x00000000c1900000|100%| O|  |TAMS 0x00000000c1900000, 0x00000000c1800000| Untracked 
|   3|0x00000000c1900000, 0x00000000c1a00000, 0x00000000c1a00000|100%| O|  |TAMS 0x00000000c1a00000, 0x00000000c1900000| Untracked 
|   4|0x00000000c1a00000, 0x00000000c1b00000, 0x00000000c1b00000|100%| O|  |TAMS 0x00000000c1b00000, 0x00000000c1a00000| Untracked 
|   5|0x00000000c1b00000, 0x00000000c1c00000, 0x00000000c1c00000|100%|HS|  |TAMS 0x00000000c1c00000, 0x00000000c1b00000| Complete 
|   6|0x00000000c1c00000, 0x00000000c1d00000, 0x00000000c1d00000|100%|HC|  |TAMS 0x00000000c1d00000, 0x00000000c1c00000| Complete 
|   7|0x00000000c1d00000, 0x00000000c1e00000, 0x00000000c1e00000|100%|HC|  |TAMS 0x00000000c1e00000, 0x00000000c1d00000| Complete 
|   8|0x00000000c1e00000, 0x00000000c1f00000, 0x00000000c1f00000|100%|HC|  |TAMS 0x00000000c1f00000, 0x00000000c1e00000| Complete 
|   9|0x00000000c1f00000, 0x00000000c2000000, 0x00000000c2000000|100%| O|  |TAMS 0x00000000c2000000, 0x00000000c1f00000| Untracked 
|  10|0x00000000c2000000, 0x00000000c2039a00, 0x00000000c2100000| 22%| O|  |TAMS 0x00000000c201fc00, 0x00000000c2000000| Untracked 
|  11|0x00000000c2100000, 0x00000000c2100000, 0x00000000c2200000|  0%| F|  |TAMS 0x00000000c2100000, 0x00000000c2100000| Untracked 
|  12|0x00000000c2200000, 0x00000000c2200000, 0x00000000c2300000|  0%| F|  |TAMS 0x00000000c2200000, 0x00000000c2200000| Untracked 
|  13|0x00000000c2300000, 0x00000000c2300000, 0x00000000c2400000|  0%| F|  |TAMS 0x00000000c2300000, 0x00000000c2300000| Untracked 
|  14|0x00000000c2400000, 0x00000000c2400000, 0x00000000c2500000|  0%| F|  |TAMS 0x00000000c2400000, 0x00000000c2400000| Untracked 
|  15|0x00000000c2500000, 0x00000000c2500000, 0x00000000c2600000|  0%| F|  |TAMS 0x00000000c2500000, 0x00000000c2500000| Untracked 
|  16|0x00000000c2600000, 0x00000000c2600000, 0x00000000c2700000|  0%| F|  |TAMS 0x00000000c2600000, 0x00000000c2600000| Untracked 
|  17|0x00000000c2700000, 0x00000000c2700000, 0x00000000c2800000|  0%| F|  |TAMS 0x00000000c2700000, 0x00000000c2700000| Untracked 
|  18|0x00000000c2800000, 0x00000000c2800000, 0x00000000c2900000|  0%| F|  |TAMS 0x00000000c2800000, 0x00000000c2800000| Untracked 
|  19|0x00000000c2900000, 0x00000000c2900000, 0x00000000c2a00000|  0%| F|  |TAMS 0x00000000c2900000, 0x00000000c2900000| Untracked 
|  20|0x00000000c2a00000, 0x00000000c2a00000, 0x00000000c2b00000|  0%| F|  |TAMS 0x00000000c2a00000, 0x00000000c2a00000| Untracked 
|  21|0x00000000c2b00000, 0x00000000c2b00000, 0x00000000c2c00000|  0%| F|  |TAMS 0x00000000c2b00000, 0x00000000c2b00000| Untracked 
|  22|0x00000000c2c00000, 0x00000000c2c00000, 0x00000000c2d00000|  0%| F|  |TAMS 0x00000000c2c00000, 0x00000000c2c00000| Untracked 
|  23|0x00000000c2d00000, 0x00000000c2d00000, 0x00000000c2e00000|  0%| F|  |TAMS 0x00000000c2d00000, 0x00000000c2d00000| Untracked 
|  24|0x00000000c2e00000, 0x00000000c2e00000, 0x00000000c2f00000|  0%| F|  |TAMS 0x00000000c2e00000, 0x00000000c2e00000| Untracked 
|  25|0x00000000c2f00000, 0x00000000c2f00000, 0x00000000c3000000|  0%| F|  |TAMS 0x00000000c2f00000, 0x00000000c2f00000| Untracked 
|  26|0x00000000c3000000, 0x00000000c3000000, 0x00000000c3100000|  0%| F|  |TAMS 0x00000000c3000000, 0x00000000c3000000| Untracked 
|  27|0x00000000c3100000, 0x00000000c3100000, 0x00000000c3200000|  0%| F|  |TAMS 0x00000000c3100000, 0x00000000c3100000| Untracked 
|  28|0x00000000c3200000, 0x00000000c3200000, 0x00000000c3300000|  0%| F|  |TAMS 0x00000000c3200000, 0x00000000c3200000| Untracked 
|  29|0x00000000c3300000, 0x00000000c3300000, 0x00000000c3400000|  0%| F|  |TAMS 0x00000000c3300000, 0x00000000c3300000| Untracked 
|  30|0x00000000c3400000, 0x00000000c3400000, 0x00000000c3500000|  0%| F|  |TAMS 0x00000000c3400000, 0x00000000c3400000| Untracked 
|  31|0x00000000c3500000, 0x00000000c3500000, 0x00000000c3600000|  0%| F|  |TAMS 0x00000000c3500000, 0x00000000c3500000| Untracked 
|  32|0x00000000c3600000, 0x00000000c3600000, 0x00000000c3700000|  0%| F|  |TAMS 0x00000000c3600000, 0x00000000c3600000| Untracked 
|  33|0x00000000c3700000, 0x00000000c3700000, 0x00000000c3800000|  0%| F|  |TAMS 0x00000000c3700000, 0x00000000c3700000| Untracked 
|  34|0x00000000c3800000, 0x00000000c3800000, 0x00000000c3900000|  0%| F|  |TAMS 0x00000000c3800000, 0x00000000c3800000| Untracked 
|  35|0x00000000c3900000, 0x00000000c3900000, 0x00000000c3a00000|  0%| F|  |TAMS 0x00000000c3900000, 0x00000000c3900000| Untracked 
|  36|0x00000000c3a00000, 0x00000000c3a00000, 0x00000000c3b00000|  0%| F|  |TAMS 0x00000000c3a00000, 0x00000000c3a00000| Untracked 
|  37|0x00000000c3b00000, 0x00000000c3b9c590, 0x00000000c3c00000| 61%| S|CS|TAMS 0x00000000c3b00000, 0x00000000c3b00000| Complete 
|  38|0x00000000c3c00000, 0x00000000c3d00000, 0x00000000c3d00000|100%| S|CS|TAMS 0x00000000c3c00000, 0x00000000c3c00000| Complete 
|  39|0x00000000c3d00000, 0x00000000c3e00000, 0x00000000c3e00000|100%| S|CS|TAMS 0x00000000c3d00000, 0x00000000c3d00000| Complete 
|  40|0x00000000c3e00000, 0x00000000c3e00000, 0x00000000c3f00000|  0%| F|  |TAMS 0x00000000c3e00000, 0x00000000c3e00000| Untracked 
|  41|0x00000000c3f00000, 0x00000000c3f00000, 0x00000000c4000000|  0%| F|  |TAMS 0x00000000c3f00000, 0x00000000c3f00000| Untracked 
|  42|0x00000000c4000000, 0x00000000c4000000, 0x00000000c4100000|  0%| F|  |TAMS 0x00000000c4000000, 0x00000000c4000000| Untracked 
|  43|0x00000000c4100000, 0x00000000c4100000, 0x00000000c4200000|  0%| F|  |TAMS 0x00000000c4100000, 0x00000000c4100000| Untracked 
|  44|0x00000000c4200000, 0x00000000c4200000, 0x00000000c4300000|  0%| F|  |TAMS 0x00000000c4200000, 0x00000000c4200000| Untracked 
|  45|0x00000000c4300000, 0x00000000c4300000, 0x00000000c4400000|  0%| F|  |TAMS 0x00000000c4300000, 0x00000000c4300000| Untracked 
|  46|0x00000000c4400000, 0x00000000c4400000, 0x00000000c4500000|  0%| F|  |TAMS 0x00000000c4400000, 0x00000000c4400000| Untracked 
|  47|0x00000000c4500000, 0x00000000c4500000, 0x00000000c4600000|  0%| F|  |TAMS 0x00000000c4500000, 0x00000000c4500000| Untracked 
|  48|0x00000000c4600000, 0x00000000c4600000, 0x00000000c4700000|  0%| F|  |TAMS 0x00000000c4600000, 0x00000000c4600000| Untracked 
|  49|0x00000000c4700000, 0x00000000c4700000, 0x00000000c4800000|  0%| F|  |TAMS 0x00000000c4700000, 0x00000000c4700000| Untracked 
|  50|0x00000000c4800000, 0x00000000c4800000, 0x00000000c4900000|  0%| F|  |TAMS 0x00000000c4800000, 0x00000000c4800000| Untracked 
|  51|0x00000000c4900000, 0x00000000c4900000, 0x00000000c4a00000|  0%| F|  |TAMS 0x00000000c4900000, 0x00000000c4900000| Untracked 
|  52|0x00000000c4a00000, 0x00000000c4a00000, 0x00000000c4b00000|  0%| F|  |TAMS 0x00000000c4a00000, 0x00000000c4a00000| Untracked 
|  53|0x00000000c4b00000, 0x00000000c4b00000, 0x00000000c4c00000|  0%| F|  |TAMS 0x00000000c4b00000, 0x00000000c4b00000| Untracked 
|  54|0x00000000c4c00000, 0x00000000c4d00000, 0x00000000c4d00000|100%|HS|  |TAMS 0x00000000c4d00000, 0x00000000c4c00000| Complete 
|  55|0x00000000c4d00000, 0x00000000c4e00000, 0x00000000c4e00000|100%|HC|  |TAMS 0x00000000c4e00000, 0x00000000c4d00000| Complete 
|  56|0x00000000c4e00000, 0x00000000c4f00000, 0x00000000c4f00000|100%|HC|  |TAMS 0x00000000c4f00000, 0x00000000c4e00000| Complete 
|  57|0x00000000c4f00000, 0x00000000c5000000, 0x00000000c5000000|100%|HC|  |TAMS 0x00000000c5000000, 0x00000000c4f00000| Complete 
|  58|0x00000000c5000000, 0x00000000c5100000, 0x00000000c5100000|100%|HC|  |TAMS 0x00000000c5100000, 0x00000000c5000000| Complete 
|  59|0x00000000c5100000, 0x00000000c5200000, 0x00000000c5200000|100%|HC|  |TAMS 0x00000000c5200000, 0x00000000c5100000| Complete 
|  60|0x00000000c5200000, 0x00000000c5300000, 0x00000000c5300000|100%|HC|  |TAMS 0x00000000c5300000, 0x00000000c5200000| Complete 
|  61|0x00000000c5300000, 0x00000000c5400000, 0x00000000c5400000|100%|HC|  |TAMS 0x00000000c5400000, 0x00000000c5300000| Complete 
|  62|0x00000000c5400000, 0x00000000c5500000, 0x00000000c5500000|100%|HC|  |TAMS 0x00000000c5500000, 0x00000000c5400000| Complete 
|  63|0x00000000c5500000, 0x00000000c5600000, 0x00000000c5600000|100%|HC|  |TAMS 0x00000000c5600000, 0x00000000c5500000| Complete 
|  64|0x00000000c5600000, 0x00000000c5700000, 0x00000000c5700000|100%|HC|  |TAMS 0x00000000c5700000, 0x00000000c5600000| Complete 
|  65|0x00000000c5700000, 0x00000000c5800000, 0x00000000c5800000|100%|HC|  |TAMS 0x00000000c5800000, 0x00000000c5700000| Complete 
|  66|0x00000000c5800000, 0x00000000c5900000, 0x00000000c5900000|100%|HC|  |TAMS 0x00000000c5900000, 0x00000000c5800000| Complete 
|  67|0x00000000c5900000, 0x00000000c5a00000, 0x00000000c5a00000|100%|HC|  |TAMS 0x00000000c5a00000, 0x00000000c5900000| Complete 
|  68|0x00000000c5a00000, 0x00000000c5b00000, 0x00000000c5b00000|100%|HC|  |TAMS 0x00000000c5b00000, 0x00000000c5a00000| Complete 
|  69|0x00000000c5b00000, 0x00000000c5c00000, 0x00000000c5c00000|100%|HC|  |TAMS 0x00000000c5c00000, 0x00000000c5b00000| Complete 
|  70|0x00000000c5c00000, 0x00000000c5d00000, 0x00000000c5d00000|100%|HC|  |TAMS 0x00000000c5d00000, 0x00000000c5c00000| Complete 
|  71|0x00000000c5d00000, 0x00000000c5e00000, 0x00000000c5e00000|100%|HC|  |TAMS 0x00000000c5e00000, 0x00000000c5d00000| Complete 
|  72|0x00000000c5e00000, 0x00000000c5f00000, 0x00000000c5f00000|100%|HC|  |TAMS 0x00000000c5f00000, 0x00000000c5e00000| Complete 
|  73|0x00000000c5f00000, 0x00000000c6000000, 0x00000000c6000000|100%|HC|  |TAMS 0x00000000c6000000, 0x00000000c5f00000| Complete 
|  74|0x00000000c6000000, 0x00000000c6100000, 0x00000000c6100000|100%|HC|  |TAMS 0x00000000c6100000, 0x00000000c6000000| Complete 
|  75|0x00000000c6100000, 0x00000000c6200000, 0x00000000c6200000|100%|HC|  |TAMS 0x00000000c6200000, 0x00000000c6100000| Complete 
|  76|0x00000000c6200000, 0x00000000c6300000, 0x00000000c6300000|100%|HC|  |TAMS 0x00000000c6300000, 0x00000000c6200000| Complete 
|  77|0x00000000c6300000, 0x00000000c6400000, 0x00000000c6400000|100%|HC|  |TAMS 0x00000000c6400000, 0x00000000c6300000| Complete 
|  78|0x00000000c6400000, 0x00000000c6500000, 0x00000000c6500000|100%|HC|  |TAMS 0x00000000c6500000, 0x00000000c6400000| Complete 
|  79|0x00000000c6500000, 0x00000000c6600000, 0x00000000c6600000|100%|HC|  |TAMS 0x00000000c6600000, 0x00000000c6500000| Complete 
|  80|0x00000000c6600000, 0x00000000c6700000, 0x00000000c6700000|100%|HC|  |TAMS 0x00000000c6700000, 0x00000000c6600000| Complete 
|  81|0x00000000c6700000, 0x00000000c6800000, 0x00000000c6800000|100%|HC|  |TAMS 0x00000000c6800000, 0x00000000c6700000| Complete 
|  82|0x00000000c6800000, 0x00000000c6900000, 0x00000000c6900000|100%|HC|  |TAMS 0x00000000c6900000, 0x00000000c6800000| Complete 
|  83|0x00000000c6900000, 0x00000000c6a00000, 0x00000000c6a00000|100%|HC|  |TAMS 0x00000000c6a00000, 0x00000000c6900000| Complete 
|  84|0x00000000c6a00000, 0x00000000c6b00000, 0x00000000c6b00000|100%|HC|  |TAMS 0x00000000c6b00000, 0x00000000c6a00000| Complete 
|  85|0x00000000c6b00000, 0x00000000c6c00000, 0x00000000c6c00000|100%|HC|  |TAMS 0x00000000c6c00000, 0x00000000c6b00000| Complete 
|  86|0x00000000c6c00000, 0x00000000c6d00000, 0x00000000c6d00000|100%|HC|  |TAMS 0x00000000c6d00000, 0x00000000c6c00000| Complete 
|  87|0x00000000c6d00000, 0x00000000c6e00000, 0x00000000c6e00000|100%|HC|  |TAMS 0x00000000c6e00000, 0x00000000c6d00000| Complete 
|  88|0x00000000c6e00000, 0x00000000c6f00000, 0x00000000c6f00000|100%|HC|  |TAMS 0x00000000c6f00000, 0x00000000c6e00000| Complete 
|  89|0x00000000c6f00000, 0x00000000c7000000, 0x00000000c7000000|100%|HC|  |TAMS 0x00000000c7000000, 0x00000000c6f00000| Complete 
|  90|0x00000000c7000000, 0x00000000c7100000, 0x00000000c7100000|100%|HC|  |TAMS 0x00000000c7100000, 0x00000000c7000000| Complete 
|  91|0x00000000c7100000, 0x00000000c7200000, 0x00000000c7200000|100%|HC|  |TAMS 0x00000000c7200000, 0x00000000c7100000| Complete 
|  92|0x00000000c7200000, 0x00000000c7300000, 0x00000000c7300000|100%|HC|  |TAMS 0x00000000c7300000, 0x00000000c7200000| Complete 
|  93|0x00000000c7300000, 0x00000000c7400000, 0x00000000c7400000|100%|HC|  |TAMS 0x00000000c7400000, 0x00000000c7300000| Complete 
|  94|0x00000000c7400000, 0x00000000c7500000, 0x00000000c7500000|100%|HC|  |TAMS 0x00000000c7500000, 0x00000000c7400000| Complete 
|  95|0x00000000c7500000, 0x00000000c7600000, 0x00000000c7600000|100%|HC|  |TAMS 0x00000000c7600000, 0x00000000c7500000| Complete 
|  96|0x00000000c7600000, 0x00000000c7700000, 0x00000000c7700000|100%|HC|  |TAMS 0x00000000c7700000, 0x00000000c7600000| Complete 
|  97|0x00000000c7700000, 0x00000000c7800000, 0x00000000c7800000|100%|HC|  |TAMS 0x00000000c7800000, 0x00000000c7700000| Complete 
|  98|0x00000000c7800000, 0x00000000c7900000, 0x00000000c7900000|100%|HC|  |TAMS 0x00000000c7900000, 0x00000000c7800000| Complete 
|  99|0x00000000c7900000, 0x00000000c7a00000, 0x00000000c7a00000|100%|HC|  |TAMS 0x00000000c7a00000, 0x00000000c7900000| Complete 
| 100|0x00000000c7a00000, 0x00000000c7b00000, 0x00000000c7b00000|100%|HC|  |TAMS 0x00000000c7b00000, 0x00000000c7a00000| Complete 
| 101|0x00000000c7b00000, 0x00000000c7c00000, 0x00000000c7c00000|100%|HC|  |TAMS 0x00000000c7c00000, 0x00000000c7b00000| Complete 
| 102|0x00000000c7c00000, 0x00000000c7d00000, 0x00000000c7d00000|100%|HC|  |TAMS 0x00000000c7d00000, 0x00000000c7c00000| Complete 
| 103|0x00000000c7d00000, 0x00000000c7e00000, 0x00000000c7e00000|100%|HC|  |TAMS 0x00000000c7e00000, 0x00000000c7d00000| Complete 
| 104|0x00000000c7e00000, 0x00000000c7f00000, 0x00000000c7f00000|100%|HC|  |TAMS 0x00000000c7f00000, 0x00000000c7e00000| Complete 
| 105|0x00000000c7f00000, 0x00000000c8000000, 0x00000000c8000000|100%|HC|  |TAMS 0x00000000c8000000, 0x00000000c7f00000| Complete 
| 106|0x00000000c8000000, 0x00000000c8100000, 0x00000000c8100000|100%|HC|  |TAMS 0x00000000c8100000, 0x00000000c8000000| Complete 
| 107|0x00000000c8100000, 0x00000000c8200000, 0x00000000c8200000|100%|HC|  |TAMS 0x00000000c8200000, 0x00000000c8100000| Complete 
| 108|0x00000000c8200000, 0x00000000c8300000, 0x00000000c8300000|100%|HC|  |TAMS 0x00000000c8300000, 0x00000000c8200000| Complete 
| 109|0x00000000c8300000, 0x00000000c8400000, 0x00000000c8400000|100%|HC|  |TAMS 0x00000000c8400000, 0x00000000c8300000| Complete 
| 110|0x00000000c8400000, 0x00000000c8500000, 0x00000000c8500000|100%|HC|  |TAMS 0x00000000c8500000, 0x00000000c8400000| Complete 
| 111|0x00000000c8500000, 0x00000000c8600000, 0x00000000c8600000|100%|HC|  |TAMS 0x00000000c8600000, 0x00000000c8500000| Complete 
| 112|0x00000000c8600000, 0x00000000c8700000, 0x00000000c8700000|100%|HC|  |TAMS 0x00000000c8700000, 0x00000000c8600000| Complete 
| 113|0x00000000c8700000, 0x00000000c8800000, 0x00000000c8800000|100%|HC|  |TAMS 0x00000000c8800000, 0x00000000c8700000| Complete 
| 114|0x00000000c8800000, 0x00000000c8900000, 0x00000000c8900000|100%|HC|  |TAMS 0x00000000c8900000, 0x00000000c8800000| Complete 
| 115|0x00000000c8900000, 0x00000000c8a00000, 0x00000000c8a00000|100%|HC|  |TAMS 0x00000000c8a00000, 0x00000000c8900000| Complete 
| 116|0x00000000c8a00000, 0x00000000c8b00000, 0x00000000c8b00000|100%|HC|  |TAMS 0x00000000c8b00000, 0x00000000c8a00000| Complete 
| 117|0x00000000c8b00000, 0x00000000c8c00000, 0x00000000c8c00000|100%|HC|  |TAMS 0x00000000c8c00000, 0x00000000c8b00000| Complete 
| 118|0x00000000c8c00000, 0x00000000c8d00000, 0x00000000c8d00000|100%|HC|  |TAMS 0x00000000c8d00000, 0x00000000c8c00000| Complete 
| 119|0x00000000c8d00000, 0x00000000c8e00000, 0x00000000c8e00000|100%|HC|  |TAMS 0x00000000c8e00000, 0x00000000c8d00000| Complete 
| 120|0x00000000c8e00000, 0x00000000c8f00000, 0x00000000c8f00000|100%|HC|  |TAMS 0x00000000c8f00000, 0x00000000c8e00000| Complete 
| 121|0x00000000c8f00000, 0x00000000c9000000, 0x00000000c9000000|100%|HC|  |TAMS 0x00000000c9000000, 0x00000000c8f00000| Complete 
| 122|0x00000000c9000000, 0x00000000c9100000, 0x00000000c9100000|100%|HC|  |TAMS 0x00000000c9100000, 0x00000000c9000000| Complete 
| 123|0x00000000c9100000, 0x00000000c9200000, 0x00000000c9200000|100%|HC|  |TAMS 0x00000000c9200000, 0x00000000c9100000| Complete 
| 124|0x00000000c9200000, 0x00000000c9300000, 0x00000000c9300000|100%|HC|  |TAMS 0x00000000c9300000, 0x00000000c9200000| Complete 
| 125|0x00000000c9300000, 0x00000000c9400000, 0x00000000c9400000|100%|HC|  |TAMS 0x00000000c9400000, 0x00000000c9300000| Complete 
| 126|0x00000000c9400000, 0x00000000c9500000, 0x00000000c9500000|100%|HC|  |TAMS 0x00000000c9500000, 0x00000000c9400000| Complete 
| 127|0x00000000c9500000, 0x00000000c9600000, 0x00000000c9600000|100%|HC|  |TAMS 0x00000000c9600000, 0x00000000c9500000| Complete 
| 128|0x00000000c9600000, 0x00000000c9700000, 0x00000000c9700000|100%|HC|  |TAMS 0x00000000c9700000, 0x00000000c9600000| Complete 
| 129|0x00000000c9700000, 0x00000000c9800000, 0x00000000c9800000|100%|HC|  |TAMS 0x00000000c9800000, 0x00000000c9700000| Complete 
| 130|0x00000000c9800000, 0x00000000c9900000, 0x00000000c9900000|100%|HC|  |TAMS 0x00000000c9900000, 0x00000000c9800000| Complete 
| 131|0x00000000c9900000, 0x00000000c9a00000, 0x00000000c9a00000|100%|HC|  |TAMS 0x00000000c9a00000, 0x00000000c9900000| Complete 
| 132|0x00000000c9a00000, 0x00000000c9b00000, 0x00000000c9b00000|100%|HC|  |TAMS 0x00000000c9b00000, 0x00000000c9a00000| Complete 
| 133|0x00000000c9b00000, 0x00000000c9c00000, 0x00000000c9c00000|100%|HC|  |TAMS 0x00000000c9c00000, 0x00000000c9b00000| Complete 
| 134|0x00000000c9c00000, 0x00000000c9d00000, 0x00000000c9d00000|100%|HC|  |TAMS 0x00000000c9d00000, 0x00000000c9c00000| Complete 
| 135|0x00000000c9d00000, 0x00000000c9e00000, 0x00000000c9e00000|100%|HC|  |TAMS 0x00000000c9e00000, 0x00000000c9d00000| Complete 
| 136|0x00000000c9e00000, 0x00000000c9f00000, 0x00000000c9f00000|100%|HC|  |TAMS 0x00000000c9f00000, 0x00000000c9e00000| Complete 
| 137|0x00000000c9f00000, 0x00000000ca000000, 0x00000000ca000000|100%|HC|  |TAMS 0x00000000ca000000, 0x00000000c9f00000| Complete 
| 138|0x00000000ca000000, 0x00000000ca100000, 0x00000000ca100000|100%|HC|  |TAMS 0x00000000ca100000, 0x00000000ca000000| Complete 
| 139|0x00000000ca100000, 0x00000000ca200000, 0x00000000ca200000|100%|HC|  |TAMS 0x00000000ca200000, 0x00000000ca100000| Complete 
| 140|0x00000000ca200000, 0x00000000ca300000, 0x00000000ca300000|100%|HC|  |TAMS 0x00000000ca300000, 0x00000000ca200000| Complete 
| 141|0x00000000ca300000, 0x00000000ca400000, 0x00000000ca400000|100%|HC|  |TAMS 0x00000000ca400000, 0x00000000ca300000| Complete 
| 142|0x00000000ca400000, 0x00000000ca500000, 0x00000000ca500000|100%|HC|  |TAMS 0x00000000ca500000, 0x00000000ca400000| Complete 
| 143|0x00000000ca500000, 0x00000000ca600000, 0x00000000ca600000|100%|HC|  |TAMS 0x00000000ca600000, 0x00000000ca500000| Complete 
| 144|0x00000000ca600000, 0x00000000ca700000, 0x00000000ca700000|100%|HC|  |TAMS 0x00000000ca700000, 0x00000000ca600000| Complete 
| 145|0x00000000ca700000, 0x00000000ca800000, 0x00000000ca800000|100%|HC|  |TAMS 0x00000000ca800000, 0x00000000ca700000| Complete 
| 146|0x00000000ca800000, 0x00000000ca900000, 0x00000000ca900000|100%|HC|  |TAMS 0x00000000ca900000, 0x00000000ca800000| Complete 
| 147|0x00000000ca900000, 0x00000000caa00000, 0x00000000caa00000|100%|HC|  |TAMS 0x00000000caa00000, 0x00000000ca900000| Complete 
| 148|0x00000000caa00000, 0x00000000cab00000, 0x00000000cab00000|100%|HC|  |TAMS 0x00000000cab00000, 0x00000000caa00000| Complete 
| 149|0x00000000cab00000, 0x00000000cac00000, 0x00000000cac00000|100%|HC|  |TAMS 0x00000000cac00000, 0x00000000cab00000| Complete 
| 150|0x00000000cac00000, 0x00000000cad00000, 0x00000000cad00000|100%|HC|  |TAMS 0x00000000cad00000, 0x00000000cac00000| Complete 
| 151|0x00000000cad00000, 0x00000000cae00000, 0x00000000cae00000|100%|HC|  |TAMS 0x00000000cae00000, 0x00000000cad00000| Complete 
| 152|0x00000000cae00000, 0x00000000caf00000, 0x00000000caf00000|100%|HC|  |TAMS 0x00000000caf00000, 0x00000000cae00000| Complete 
| 153|0x00000000caf00000, 0x00000000cb000000, 0x00000000cb000000|100%|HC|  |TAMS 0x00000000cb000000, 0x00000000caf00000| Complete 
| 154|0x00000000cb000000, 0x00000000cb100000, 0x00000000cb100000|100%|HC|  |TAMS 0x00000000cb100000, 0x00000000cb000000| Complete 
| 155|0x00000000cb100000, 0x00000000cb200000, 0x00000000cb200000|100%|HC|  |TAMS 0x00000000cb200000, 0x00000000cb100000| Complete 
| 156|0x00000000cb200000, 0x00000000cb300000, 0x00000000cb300000|100%|HC|  |TAMS 0x00000000cb300000, 0x00000000cb200000| Complete 
| 157|0x00000000cb300000, 0x00000000cb400000, 0x00000000cb400000|100%|HC|  |TAMS 0x00000000cb400000, 0x00000000cb300000| Complete 
| 158|0x00000000cb400000, 0x00000000cb500000, 0x00000000cb500000|100%|HC|  |TAMS 0x00000000cb500000, 0x00000000cb400000| Complete 
| 159|0x00000000cb500000, 0x00000000cb600000, 0x00000000cb600000|100%|HC|  |TAMS 0x00000000cb600000, 0x00000000cb500000| Complete 
| 160|0x00000000cb600000, 0x00000000cb700000, 0x00000000cb700000|100%|HC|  |TAMS 0x00000000cb700000, 0x00000000cb600000| Complete 
| 161|0x00000000cb700000, 0x00000000cb800000, 0x00000000cb800000|100%|HC|  |TAMS 0x00000000cb800000, 0x00000000cb700000| Complete 
| 162|0x00000000cb800000, 0x00000000cb900000, 0x00000000cb900000|100%|HC|  |TAMS 0x00000000cb900000, 0x00000000cb800000| Complete 
| 163|0x00000000cb900000, 0x00000000cba00000, 0x00000000cba00000|100%|HC|  |TAMS 0x00000000cba00000, 0x00000000cb900000| Complete 
| 164|0x00000000cba00000, 0x00000000cbb00000, 0x00000000cbb00000|100%|HC|  |TAMS 0x00000000cbb00000, 0x00000000cba00000| Complete 
| 165|0x00000000cbb00000, 0x00000000cbc00000, 0x00000000cbc00000|100%|HC|  |TAMS 0x00000000cbc00000, 0x00000000cbb00000| Complete 
| 166|0x00000000cbc00000, 0x00000000cbc00000, 0x00000000cbd00000|  0%| F|  |TAMS 0x00000000cbc00000, 0x00000000cbc00000| Untracked 
| 167|0x00000000cbd00000, 0x00000000cbd00000, 0x00000000cbe00000|  0%| F|  |TAMS 0x00000000cbd00000, 0x00000000cbd00000| Untracked 
| 168|0x00000000cbe00000, 0x00000000cbe00000, 0x00000000cbf00000|  0%| F|  |TAMS 0x00000000cbe00000, 0x00000000cbe00000| Untracked 
| 169|0x00000000cbf00000, 0x00000000cbf00000, 0x00000000cc000000|  0%| F|  |TAMS 0x00000000cbf00000, 0x00000000cbf00000| Untracked 
| 170|0x00000000cc000000, 0x00000000cc000000, 0x00000000cc100000|  0%| F|  |TAMS 0x00000000cc000000, 0x00000000cc000000| Untracked 
| 171|0x00000000cc100000, 0x00000000cc100000, 0x00000000cc200000|  0%| F|  |TAMS 0x00000000cc100000, 0x00000000cc100000| Untracked 
| 172|0x00000000cc200000, 0x00000000cc200000, 0x00000000cc300000|  0%| F|  |TAMS 0x00000000cc200000, 0x00000000cc200000| Untracked 
| 173|0x00000000cc300000, 0x00000000cc300000, 0x00000000cc400000|  0%| F|  |TAMS 0x00000000cc300000, 0x00000000cc300000| Untracked 
| 174|0x00000000cc400000, 0x00000000cc400000, 0x00000000cc500000|  0%| F|  |TAMS 0x00000000cc400000, 0x00000000cc400000| Untracked 
| 175|0x00000000cc500000, 0x00000000cc500000, 0x00000000cc600000|  0%| F|  |TAMS 0x00000000cc500000, 0x00000000cc500000| Untracked 
| 176|0x00000000cc600000, 0x00000000cc600000, 0x00000000cc700000|  0%| F|  |TAMS 0x00000000cc600000, 0x00000000cc600000| Untracked 
| 177|0x00000000cc700000, 0x00000000cc700000, 0x00000000cc800000|  0%| F|  |TAMS 0x00000000cc700000, 0x00000000cc700000| Untracked 
| 178|0x00000000cc800000, 0x00000000cc800000, 0x00000000cc900000|  0%| F|  |TAMS 0x00000000cc800000, 0x00000000cc800000| Untracked 
| 179|0x00000000cc900000, 0x00000000cc900000, 0x00000000cca00000|  0%| F|  |TAMS 0x00000000cc900000, 0x00000000cc900000| Untracked 
| 180|0x00000000cca00000, 0x00000000cca00000, 0x00000000ccb00000|  0%| F|  |TAMS 0x00000000cca00000, 0x00000000cca00000| Untracked 
| 181|0x00000000ccb00000, 0x00000000ccb00000, 0x00000000ccc00000|  0%| F|  |TAMS 0x00000000ccb00000, 0x00000000ccb00000| Untracked 
| 182|0x00000000ccc00000, 0x00000000ccc00000, 0x00000000ccd00000|  0%| F|  |TAMS 0x00000000ccc00000, 0x00000000ccc00000| Untracked 
| 183|0x00000000ccd00000, 0x00000000ccd00000, 0x00000000cce00000|  0%| F|  |TAMS 0x00000000ccd00000, 0x00000000ccd00000| Untracked 
| 184|0x00000000cce00000, 0x00000000cce00000, 0x00000000ccf00000|  0%| F|  |TAMS 0x00000000cce00000, 0x00000000cce00000| Untracked 
| 185|0x00000000ccf00000, 0x00000000ccf00000, 0x00000000cd000000|  0%| F|  |TAMS 0x00000000ccf00000, 0x00000000ccf00000| Untracked 
| 186|0x00000000cd000000, 0x00000000cd000000, 0x00000000cd100000|  0%| F|  |TAMS 0x00000000cd000000, 0x00000000cd000000| Untracked 
| 187|0x00000000cd100000, 0x00000000cd100000, 0x00000000cd200000|  0%| F|  |TAMS 0x00000000cd100000, 0x00000000cd100000| Untracked 
| 188|0x00000000cd200000, 0x00000000cd200000, 0x00000000cd300000|  0%| F|  |TAMS 0x00000000cd200000, 0x00000000cd200000| Untracked 
| 189|0x00000000cd300000, 0x00000000cd300000, 0x00000000cd400000|  0%| F|  |TAMS 0x00000000cd300000, 0x00000000cd300000| Untracked 
| 190|0x00000000cd400000, 0x00000000cd400000, 0x00000000cd500000|  0%| F|  |TAMS 0x00000000cd400000, 0x00000000cd400000| Untracked 
| 191|0x00000000cd500000, 0x00000000cd500000, 0x00000000cd600000|  0%| F|  |TAMS 0x00000000cd500000, 0x00000000cd500000| Untracked 
| 192|0x00000000cd600000, 0x00000000cd690088, 0x00000000cd700000| 56%| E|  |TAMS 0x00000000cd600000, 0x00000000cd600000| Complete 
| 193|0x00000000cd700000, 0x00000000cd800000, 0x00000000cd800000|100%| E|CS|TAMS 0x00000000cd700000, 0x00000000cd700000| Complete 
| 194|0x00000000cd800000, 0x00000000cd900000, 0x00000000cd900000|100%| E|CS|TAMS 0x00000000cd800000, 0x00000000cd800000| Complete 
| 195|0x00000000cd900000, 0x00000000cda00000, 0x00000000cda00000|100%| E|CS|TAMS 0x00000000cd900000, 0x00000000cd900000| Complete 
| 196|0x00000000cda00000, 0x00000000cdb00000, 0x00000000cdb00000|100%| E|CS|TAMS 0x00000000cda00000, 0x00000000cda00000| Complete 
| 197|0x00000000cdb00000, 0x00000000cdc00000, 0x00000000cdc00000|100%| E|CS|TAMS 0x00000000cdb00000, 0x00000000cdb00000| Complete 
| 198|0x00000000cdc00000, 0x00000000cdd00000, 0x00000000cdd00000|100%| E|CS|TAMS 0x00000000cdc00000, 0x00000000cdc00000| Complete 
| 199|0x00000000cdd00000, 0x00000000cde00000, 0x00000000cde00000|100%| E|CS|TAMS 0x00000000cdd00000, 0x00000000cdd00000| Complete 
| 200|0x00000000cde00000, 0x00000000cdf00000, 0x00000000cdf00000|100%| E|CS|TAMS 0x00000000cde00000, 0x00000000cde00000| Complete 
| 201|0x00000000cdf00000, 0x00000000ce000000, 0x00000000ce000000|100%| E|CS|TAMS 0x00000000cdf00000, 0x00000000cdf00000| Complete 
| 202|0x00000000ce000000, 0x00000000ce100000, 0x00000000ce100000|100%| E|CS|TAMS 0x00000000ce000000, 0x00000000ce000000| Complete 
| 203|0x00000000ce100000, 0x00000000ce200000, 0x00000000ce200000|100%| E|CS|TAMS 0x00000000ce100000, 0x00000000ce100000| Complete 
| 204|0x00000000ce200000, 0x00000000ce300000, 0x00000000ce300000|100%| E|CS|TAMS 0x00000000ce200000, 0x00000000ce200000| Complete 
| 205|0x00000000ce300000, 0x00000000ce400000, 0x00000000ce400000|100%| E|CS|TAMS 0x00000000ce300000, 0x00000000ce300000| Complete 
| 206|0x00000000ce400000, 0x00000000ce500000, 0x00000000ce500000|100%| E|CS|TAMS 0x00000000ce400000, 0x00000000ce400000| Complete 
| 207|0x00000000ce500000, 0x00000000ce600000, 0x00000000ce600000|100%| E|CS|TAMS 0x00000000ce500000, 0x00000000ce500000| Complete 
| 208|0x00000000ce600000, 0x00000000ce700000, 0x00000000ce700000|100%| E|CS|TAMS 0x00000000ce600000, 0x00000000ce600000| Complete 
| 209|0x00000000ce700000, 0x00000000ce800000, 0x00000000ce800000|100%| E|CS|TAMS 0x00000000ce700000, 0x00000000ce700000| Complete 
| 210|0x00000000ce800000, 0x00000000ce900000, 0x00000000ce900000|100%| E|CS|TAMS 0x00000000ce800000, 0x00000000ce800000| Complete 
| 211|0x00000000ce900000, 0x00000000cea00000, 0x00000000cea00000|100%| E|CS|TAMS 0x00000000ce900000, 0x00000000ce900000| Complete 
| 212|0x00000000cea00000, 0x00000000ceb00000, 0x00000000ceb00000|100%| E|CS|TAMS 0x00000000cea00000, 0x00000000cea00000| Complete 
| 213|0x00000000ceb00000, 0x00000000cec00000, 0x00000000cec00000|100%| E|CS|TAMS 0x00000000ceb00000, 0x00000000ceb00000| Complete 

Card table byte_map: [0x0000024c7cdc0000,0x0000024c7cfc0000] _byte_map_base: 0x0000024c7c7b5000

Marking Bits (Prev, Next): (CMBitMap*) 0x0000024c727a17a8, (CMBitMap*) 0x0000024c727a1768
 Prev Bits: [0x0000024c7e170000, 0x0000024c7f118000)
 Next Bits: [0x0000024c7d1c0000, 0x0000024c7e168000)

Polling page: 0x0000024c72610000

Metaspace:

Usage:
  Non-class:     13.66 MB capacity,    13.50 MB ( 99%) used,   131.41 KB ( <1%) free+waste,    30.44 KB ( <1%) overhead. 
      Class:      1.59 MB capacity,     1.44 MB ( 91%) used,   139.23 KB (  9%) free+waste,    15.69 KB ( <1%) overhead. 
       Both:     15.25 MB capacity,    14.94 MB ( 98%) used,   270.63 KB (  2%) free+waste,    46.13 KB ( <1%) overhead. 

Virtual space:
  Non-class space:       14.00 MB reserved,      13.75 MB ( 98%) committed 
      Class space:        1.00 GB reserved,       1.63 MB ( <1%) committed 
             Both:        1.01 GB reserved,      15.38 MB (  1%) committed 

Chunk freelists:
   Non-Class:  29.00 KB
       Class:  1.00 KB
        Both:  30.00 KB

MaxMetaspaceSize: 17179869184.00 GB
CompressedClassSpaceSize: 1.00 GB

CodeHeap 'non-profiled nmethods': size=120000Kb used=5430Kb max_used=5430Kb free=114569Kb
 bounds [0x0000024c07ad0000, 0x0000024c08020000, 0x0000024c0f000000]
CodeHeap 'profiled nmethods': size=120000Kb used=10192Kb max_used=10192Kb free=109807Kb
 bounds [0x0000024c005a0000, 0x0000024c00fa0000, 0x0000024c07ad0000]
CodeHeap 'non-nmethods': size=5760Kb used=1373Kb max_used=1419Kb free=4386Kb
 bounds [0x0000024c00000000, 0x0000024c00270000, 0x0000024c005a0000]
 total_blobs=8856 nmethods=4661 adapters=579
 compilation: enabled
              stopped_count=0, restarted_count=0
 full_count=0

Compilation events (20 events):
Event: 33.597 Thread 0x0000024c1510f000 nmethod 5562 0x0000024c08015010 code [0x0000024c080151c0, 0x0000024c080158c8]
Event: 33.615 Thread 0x0000024c7f6cf000 nmethod 5561 0x0000024c08015c10 code [0x0000024c08015e00, 0x0000024c08017448]
Event: 33.666 Thread 0x0000024c7f6cf000 5563       4       CloudOperations.aws::downloadContent (52 bytes)
Event: 33.718 Thread 0x0000024c1510f000 5564       4       java.net.InetSocketAddress::checkPort (39 bytes)
Event: 33.719 Thread 0x0000024c1510f000 nmethod 5564 0x0000024c08018190 code [0x0000024c08018320, 0x0000024c08018378]
Event: 33.747 Thread 0x0000024c1510f000 5565       4       java.awt.EventQueue::getNextEventPrivate (76 bytes)
Event: 33.762 Thread 0x0000024c1510f000 nmethod 5565 0x0000024c08018490 code [0x0000024c08018640, 0x0000024c08018b18]
Event: 33.762 Thread 0x0000024c1510f000 5566       4       javax.swing.SwingWorker::<init> (64 bytes)
Event: 33.787 Thread 0x0000024c1510f000 nmethod 5566 0x0000024c08018d90 code [0x0000024c08018f80, 0x0000024c08019ae8]
Event: 33.787 Thread 0x0000024c1510f000 5568   !   4       java.util.Locale::getDefault (132 bytes)
Event: 33.788 Thread 0x0000024c1510f000 nmethod 5568 0x0000024c08019e10 code [0x0000024c08019fa0, 0x0000024c0801a058]
Event: 33.788 Thread 0x0000024c1510f000 5567   !   4       javax.swing.SwingWorker::getDoSubmit (55 bytes)
Event: 33.792 Thread 0x0000024c1510f000 nmethod 5567 0x0000024c0801a190 code [0x0000024c0801a340, 0x0000024c0801a708]
Event: 33.850 Thread 0x0000024c1510f000 5569       4       java.util.ArrayList::toArray (12 bytes)
Event: 33.853 Thread 0x0000024c1510f000 nmethod 5569 0x0000024c0801a890 code [0x0000024c0801aa20, 0x0000024c0801acf8]
Event: 33.862 Thread 0x0000024c1510f000 5570       4       java.util.concurrent.ConcurrentSkipListMap$Iter::hasNext (13 bytes)
Event: 33.862 Thread 0x0000024c1510f000 nmethod 5570 0x0000024c0801ae10 code [0x0000024c0801afa0, 0x0000024c0801b018]
Event: 33.863 Thread 0x0000024c1510f000 5571   !   4       java.net.URI$Parser::parseIPv4Address (67 bytes)
Event: 33.877 Thread 0x0000024c1510f000 nmethod 5571 0x0000024c0801b110 code [0x0000024c0801b2a0, 0x0000024c0801b838]
Event: 33.877 Thread 0x0000024c1510f000 5572       4       java.util.concurrent.ThreadPoolExecutor::execute (132 bytes)

GC Heap History (20 events):
Event: 18.061 GC heap before
{Heap before GC invocations=24 (full 0):
 garbage-first heap   total 215040K, used 185073K [0x00000000c1600000, 0x0000000100000000)
  region size 1024K, 63 young (64512K), 4 survivors (4096K)
 Metaspace       used 14543K, capacity 14850K, committed 14976K, reserved 1062912K
  class space    used 1458K, capacity 1591K, committed 1664K, reserved 1048576K
}
Event: 18.069 GC heap after
{Heap after GC invocations=25 (full 0):
 garbage-first heap   total 215040K, used 127084K [0x00000000c1600000, 0x0000000100000000)
  region size 1024K, 4 young (4096K), 4 survivors (4096K)
 Metaspace       used 14543K, capacity 14850K, committed 14976K, reserved 1062912K
  class space    used 1458K, capacity 1591K, committed 1664K, reserved 1048576K
}
Event: 20.075 GC heap before
{Heap before GC invocations=26 (full 0):
 garbage-first heap   total 215040K, used 187500K [0x00000000c1600000, 0x0000000100000000)
  region size 1024K, 63 young (64512K), 4 survivors (4096K)
 Metaspace       used 14565K, capacity 14850K, committed 14976K, reserved 1062912K
  class space    used 1459K, capacity 1591K, committed 1664K, reserved 1048576K
}
Event: 20.082 GC heap after
{Heap after GC invocations=27 (full 0):
 garbage-first heap   total 215040K, used 127050K [0x00000000c1600000, 0x0000000100000000)
  region size 1024K, 4 young (4096K), 4 survivors (4096K)
 Metaspace       used 14565K, capacity 14850K, committed 14976K, reserved 1062912K
  class space    used 1459K, capacity 1591K, committed 1664K, reserved 1048576K
}
Event: 22.410 GC heap before
{Heap before GC invocations=27 (full 0):
 garbage-first heap   total 215040K, used 188490K [0x00000000c1600000, 0x0000000100000000)
  region size 1024K, 65 young (66560K), 4 survivors (4096K)
 Metaspace       used 14584K, capacity 14914K, committed 15232K, reserved 1062912K
  class space    used 1459K, capacity 1591K, committed 1664K, reserved 1048576K
}
Event: 22.421 GC heap after
{Heap after GC invocations=28 (full 0):
 garbage-first heap   total 215040K, used 127310K [0x00000000c1600000, 0x0000000100000000)
  region size 1024K, 4 young (4096K), 4 survivors (4096K)
 Metaspace       used 14584K, capacity 14914K, committed 15232K, reserved 1062912K
  class space    used 1459K, capacity 1591K, committed 1664K, reserved 1048576K
}
Event: 24.312 GC heap before
{Heap before GC invocations=29 (full 0):
 garbage-first heap   total 215040K, used 187726K [0x00000000c1600000, 0x0000000100000000)
  region size 1024K, 64 young (65536K), 4 survivors (4096K)
 Metaspace       used 14659K, capacity 14978K, committed 15232K, reserved 1062912K
  class space    used 1459K, capacity 1591K, committed 1664K, reserved 1048576K
}
Event: 24.318 GC heap after
{Heap after GC invocations=30 (full 0):
 garbage-first heap   total 215040K, used 127206K [0x00000000c1600000, 0x0000000100000000)
  region size 1024K, 4 young (4096K), 4 survivors (4096K)
 Metaspace       used 14659K, capacity 14978K, committed 15232K, reserved 1062912K
  class space    used 1459K, capacity 1591K, committed 1664K, reserved 1048576K
}
Event: 26.170 GC heap before
{Heap before GC invocations=30 (full 0):
 garbage-first heap   total 215040K, used 188646K [0x00000000c1600000, 0x0000000100000000)
  region size 1024K, 65 young (66560K), 4 survivors (4096K)
 Metaspace       used 14672K, capacity 14978K, committed 15232K, reserved 1062912K
  class space    used 1459K, capacity 1591K, committed 1664K, reserved 1048576K
}
Event: 26.177 GC heap after
{Heap after GC invocations=31 (full 0):
 garbage-first heap   total 215040K, used 127300K [0x00000000c1600000, 0x0000000100000000)
  region size 1024K, 3 young (3072K), 3 survivors (3072K)
 Metaspace       used 14672K, capacity 14978K, committed 15232K, reserved 1062912K
  class space    used 1459K, capacity 1591K, committed 1664K, reserved 1048576K
}
Event: 28.068 GC heap before
{Heap before GC invocations=32 (full 0):
 garbage-first heap   total 217088K, used 188740K [0x00000000c1600000, 0x0000000100000000)
  region size 1024K, 64 young (65536K), 3 survivors (3072K)
 Metaspace       used 14742K, capacity 15042K, committed 15232K, reserved 1062912K
  class space    used 1463K, capacity 1591K, committed 1664K, reserved 1048576K
}
Event: 28.072 GC heap after
{Heap after GC invocations=33 (full 0):
 garbage-first heap   total 217088K, used 127235K [0x00000000c1600000, 0x0000000100000000)
  region size 1024K, 3 young (3072K), 3 survivors (3072K)
 Metaspace       used 14742K, capacity 15042K, committed 15232K, reserved 1062912K
  class space    used 1463K, capacity 1591K, committed 1664K, reserved 1048576K
}
Event: 29.745 GC heap before
{Heap before GC invocations=33 (full 0):
 garbage-first heap   total 217088K, used 189699K [0x00000000c1600000, 0x0000000100000000)
  region size 1024K, 64 young (65536K), 3 survivors (3072K)
 Metaspace       used 14784K, capacity 15106K, committed 15232K, reserved 1062912K
  class space    used 1463K, capacity 1591K, committed 1664K, reserved 1048576K
}
Event: 29.749 GC heap after
{Heap after GC invocations=34 (full 0):
 garbage-first heap   total 217088K, used 127159K [0x00000000c1600000, 0x0000000100000000)
  region size 1024K, 3 young (3072K), 3 survivors (3072K)
 Metaspace       used 14784K, capacity 15106K, committed 15232K, reserved 1062912K
  class space    used 1463K, capacity 1591K, committed 1664K, reserved 1048576K
}
Event: 31.592 GC heap before
{Heap before GC invocations=35 (full 0):
 garbage-first heap   total 219136K, used 189623K [0x00000000c1600000, 0x0000000100000000)
  region size 1024K, 64 young (65536K), 3 survivors (3072K)
 Metaspace       used 14938K, capacity 15289K, committed 15488K, reserved 1062912K
  class space    used 1476K, capacity 1631K, committed 1664K, reserved 1048576K
}
Event: 31.597 GC heap after
{Heap after GC invocations=36 (full 0):
 garbage-first heap   total 219136K, used 127694K [0x00000000c1600000, 0x0000000100000000)
  region size 1024K, 3 young (3072K), 3 survivors (3072K)
 Metaspace       used 14938K, capacity 15289K, committed 15488K, reserved 1062912K
  class space    used 1476K, capacity 1631K, committed 1664K, reserved 1048576K
}
Event: 32.821 GC heap before
{Heap before GC invocations=36 (full 0):
 garbage-first heap   total 219136K, used 191182K [0x00000000c1600000, 0x0000000100000000)
  region size 1024K, 65 young (66560K), 3 survivors (3072K)
 Metaspace       used 15301K, capacity 15618K, committed 15744K, reserved 1062912K
  class space    used 1476K, capacity 1631K, committed 1664K, reserved 1048576K
}
Event: 32.829 GC heap after
{Heap after GC invocations=37 (full 0):
 garbage-first heap   total 219136K, used 127870K [0x00000000c1600000, 0x0000000100000000)
  region size 1024K, 3 young (3072K), 3 survivors (3072K)
 Metaspace       used 15301K, capacity 15618K, committed 15744K, reserved 1062912K
  class space    used 1476K, capacity 1631K, committed 1664K, reserved 1048576K
}
Event: 33.769 GC heap before
{Heap before GC invocations=38 (full 0):
 garbage-first heap   total 219136K, used 191358K [0x00000000c1600000, 0x0000000100000000)
  region size 1024K, 65 young (66560K), 3 survivors (3072K)
 Metaspace       used 15301K, capacity 15618K, committed 15744K, reserved 1062912K
  class space    used 1476K, capacity 1631K, committed 1664K, reserved 1048576K
}
Event: 33.775 GC heap after
{Heap after GC invocations=39 (full 0):
 garbage-first heap   total 219136K, used 127831K [0x00000000c1600000, 0x0000000100000000)
  region size 1024K, 3 young (3072K), 3 survivors (3072K)
 Metaspace       used 15301K, capacity 15618K, committed 15744K, reserved 1062912K
  class space    used 1476K, capacity 1631K, committed 1664K, reserved 1048576K
}

Deoptimization events (20 events):
Event: 31.548 Thread 0x0000024c116fb800 Uncommon trap: trap_request=0xffffff3d fr.pc=0x0000024c07cc696c relative=0x00000000000000cc
Event: 31.548 Thread 0x0000024c116fb800 Uncommon trap: reason=unstable_fused_if action=reinterpret pc=0x0000024c07cc696c method=java.util.regex.Pattern.closure(Ljava/util/regex/Pattern$Node;)Ljava/util/regex/Pattern$Node; @ 6 c2
Event: 31.548 Thread 0x0000024c116fb800 DEOPT PACKING pc=0x0000024c07cc696c sp=0x0000005fda6fe6a0
Event: 31.548 Thread 0x0000024c116fb800 DEOPT UNPACKING pc=0x0000024c0004912f sp=0x0000005fda6fe630 mode 2
Event: 32.189 Thread 0x0000024c116fb800 Uncommon trap: trap_request=0xffffffde fr.pc=0x0000024c07fe4594 relative=0x00000000000007b4
Event: 32.189 Thread 0x0000024c116fb800 Uncommon trap: reason=class_check action=maybe_recompile pc=0x0000024c07fe4594 method=java.util.stream.AbstractPipeline.wrapAndCopyInto(Ljava/util/stream/Sink;Ljava/util/Spliterator;)Ljava/util/stream/Sink; @ 6 c2
Event: 32.189 Thread 0x0000024c116fb800 DEOPT PACKING pc=0x0000024c07fe4594 sp=0x0000005fda6fe4a0
Event: 32.189 Thread 0x0000024c116fb800 DEOPT UNPACKING pc=0x0000024c0004912f sp=0x0000005fda6fe478 mode 2
Event: 32.189 Thread 0x0000024c116fb800 Uncommon trap: trap_request=0xffffffde fr.pc=0x0000024c07fe4594 relative=0x00000000000007b4
Event: 32.189 Thread 0x0000024c116fb800 Uncommon trap: reason=class_check action=maybe_recompile pc=0x0000024c07fe4594 method=java.util.stream.AbstractPipeline.wrapAndCopyInto(Ljava/util/stream/Sink;Ljava/util/Spliterator;)Ljava/util/stream/Sink; @ 6 c2
Event: 32.189 Thread 0x0000024c116fb800 DEOPT PACKING pc=0x0000024c07fe4594 sp=0x0000005fda6fe4a0
Event: 32.189 Thread 0x0000024c116fb800 DEOPT UNPACKING pc=0x0000024c0004912f sp=0x0000005fda6fe478 mode 2
Event: 32.189 Thread 0x0000024c116fb800 Uncommon trap: trap_request=0xffffffde fr.pc=0x0000024c07fe4594 relative=0x00000000000007b4
Event: 32.189 Thread 0x0000024c116fb800 Uncommon trap: reason=class_check action=maybe_recompile pc=0x0000024c07fe4594 method=java.util.stream.AbstractPipeline.wrapAndCopyInto(Ljava/util/stream/Sink;Ljava/util/Spliterator;)Ljava/util/stream/Sink; @ 6 c2
Event: 32.189 Thread 0x0000024c116fb800 DEOPT PACKING pc=0x0000024c07fe4594 sp=0x0000005fda6fe4a0
Event: 32.189 Thread 0x0000024c116fb800 DEOPT UNPACKING pc=0x0000024c0004912f sp=0x0000005fda6fe478 mode 2
Event: 32.190 Thread 0x0000024c116fb800 Uncommon trap: trap_request=0xffffffde fr.pc=0x0000024c07fe4594 relative=0x00000000000007b4
Event: 32.190 Thread 0x0000024c116fb800 Uncommon trap: reason=class_check action=maybe_recompile pc=0x0000024c07fe4594 method=java.util.stream.AbstractPipeline.wrapAndCopyInto(Ljava/util/stream/Sink;Ljava/util/Spliterator;)Ljava/util/stream/Sink; @ 6 c2
Event: 32.190 Thread 0x0000024c116fb800 DEOPT PACKING pc=0x0000024c07fe4594 sp=0x0000005fda6fe4b0
Event: 32.190 Thread 0x0000024c116fb800 DEOPT UNPACKING pc=0x0000024c0004912f sp=0x0000005fda6fe488 mode 2

Classes unloaded (0 events):
No events

Classes redefined (0 events):
No events

Internal exceptions (20 events):
Event: 0.393 Thread 0x0000024c115b6800 Exception <a 'java/lang/NoSuchMethodError'{0x00000000c504a928}: 'java.lang.Object java.lang.invoke.DirectMethodHandle$Holder.invokeStatic(java.lang.Object, int, java.lang.Object, java.lang.Object, java.lang.Object, java.lang.Object)'> (0x00000000c504a928) 
thrown [t:/workspace/open/src/hotspot/share/interpreter/linkResolver.cpp, line 767]
Event: 0.393 Thread 0x0000024c115b6800 Exception <a 'java/lang/NoSuchMethodError'{0x00000000c5051288}: 'java.lang.Object java.lang.invoke.DirectMethodHandle$Holder.invokeStatic(java.lang.Object, int, java.lang.Object, java.lang.Object, java.lang.Object)'> (0x00000000c5051288) 
thrown [t:/workspace/open/src/hotspot/share/interpreter/linkResolver.cpp, line 767]
Event: 0.394 Thread 0x0000024c115b6800 Exception <a 'java/lang/NoSuchMethodError'{0x00000000c5054af0}: 'java.lang.Object java.lang.invoke.DirectMethodHandle$Holder.invokeSpecial(java.lang.Object, java.lang.Object, int, java.lang.Object, java.lang.Object, java.lang.Object)'> (0x00000000c5054af0) 
thrown [t:/workspace/open/src/hotspot/share/interpreter/linkResolver.cpp, line 767]
Event: 0.398 Thread 0x0000024c115b6800 Exception <a 'java/lang/NoSuchMethodError'{0x00000000c506ae18}: 'java.lang.Object java.lang.invoke.DirectMethodHandle$Holder.invokeStatic(java.lang.Object, int, java.lang.Object)'> (0x00000000c506ae18) 
thrown [t:/workspace/open/src/hotspot/share/interpreter/linkResolver.cpp, line 767]
Event: 0.433 Thread 0x0000024c115b6800 Exception <a 'java/lang/ClassNotFoundException'{0x00000000c4f0e560}: com/sun/swing/internal/plaf/metal/resources/spi/metalProvider> (0x00000000c4f0e560) 
thrown [t:/workspace/open/src/hotspot/share/classfile/systemDictionary.cpp, line 232]
Event: 0.435 Thread 0x0000024c115b6800 Exception <a 'java/lang/ClassNotFoundException'{0x00000000c4f12608}: com/sun/swing/internal/plaf/basic/resources/spi/basicProvider> (0x00000000c4f12608) 
thrown [t:/workspace/open/src/hotspot/share/classfile/systemDictionary.cpp, line 232]
Event: 0.482 Thread 0x0000024c115b6800 Exception <a 'java/net/UnknownHostException'{0x00000000c4f496f0}> (0x00000000c4f496f0) 
thrown [t:/workspace/open/src/hotspot/share/prims/jni.cpp, line 598]
Event: 0.730 Thread 0x0000024c115b6800 Exception <a 'java/lang/NoSuchMethodError'{0x00000000c4d83660}: 'void java.lang.invoke.DirectMethodHandle$Holder.invokeStaticInit(java.lang.Object)'> (0x00000000c4d83660) 
thrown [t:/workspace/open/src/hotspot/share/interpreter/linkResolver.cpp, line 767]
Event: 0.769 Thread 0x0000024c115b6800 Exception <a 'java/lang/NoSuchMethodError'{0x00000000c4c21c80}: 'java.lang.Object java.lang.invoke.Invokers$Holder.linkToTargetMethod(java.lang.Object, int, java.lang.Object)'> (0x00000000c4c21c80) 
thrown [t:/workspace/open/src/hotspot/share/interpreter/linkResolver.cpp, line 767]
Event: 3.914 Thread 0x0000024c116fb800 Implicit null exception at 0x0000024c07b965dc to 0x0000024c07b967b2
Event: 7.398 Thread 0x0000024c116fb800 Implicit null exception at 0x0000024c07ce3a30 to 0x0000024c07ce3d6a
Event: 7.398 Thread 0x0000024c116fb800 Implicit null exception at 0x0000024c07ce3a30 to 0x0000024c07ce3d6a
Event: 7.398 Thread 0x0000024c116fb800 Implicit null exception at 0x0000024c07ce3a30 to 0x0000024c07ce3d6a
Event: 7.398 Thread 0x0000024c116fb800 Implicit null exception at 0x0000024c07ce3a30 to 0x0000024c07ce3d6a
Event: 10.494 Thread 0x0000024c11cad000 Exception <a 'java/net/UnknownHostException'{0x00000000cdfd4040}> (0x00000000cdfd4040) 
thrown [t:/workspace/open/src/hotspot/share/prims/jni.cpp, line 598]
Event: 11.674 Thread 0x0000024c115b6800 Implicit null exception at 0x0000024c07c010b0 to 0x0000024c07c05b96
Event: 20.496 Thread 0x0000024c11cad000 Exception <a 'java/net/UnknownHostException'{0x00000000cdcf0180}> (0x00000000cdcf0180) 
thrown [t:/workspace/open/src/hotspot/share/prims/jni.cpp, line 598]
Event: 30.413 Thread 0x0000024c116fb800 Implicit null exception at 0x0000024c07f9af14 to 0x0000024c07f9b61a
Event: 30.502 Thread 0x0000024c11cac000 Exception <a 'java/net/UnknownHostException'{0x00000000cd5029f0}> (0x00000000cd5029f0) 
thrown [t:/workspace/open/src/hotspot/share/prims/jni.cpp, line 598]
Event: 31.547 Thread 0x0000024c116fb800 Exception <a 'java/lang/NoSuchMethodError'{0x00000000c4003dc0}: 'int java.lang.invoke.DirectMethodHandle$Holder.invokeSpecialIFC(java.lang.Object, java.lang.Object, int)'> (0x00000000c4003dc0) 
thrown [t:/workspace/open/src/hotspot/share/interpreter/linkResolver.cpp, line 767]

Events (20 events):
Event: 31.541 loading class java/text/ParsePosition done
Event: 31.541 loading class java/text/CalendarBuilder
Event: 31.541 loading class java/text/CalendarBuilder done
Event: 31.545 Executing VM operation: RevokeBias
Event: 31.545 Executing VM operation: RevokeBias done
Event: 31.548 loading class jdk/internal/math/FDBigInteger
Event: 31.549 loading class jdk/internal/math/FDBigInteger done
Event: 31.558 loading class java/text/DigitList$1
Event: 31.558 loading class java/text/DigitList$1 done
Event: 31.592 Executing VM operation: G1CollectForAllocation
Event: 31.597 Executing VM operation: G1CollectForAllocation done
Event: 32.821 Executing VM operation: G1CollectForAllocation
Event: 32.829 Executing VM operation: G1CollectForAllocation done
Event: 32.849 Executing VM operation: G1Concurrent
Event: 32.852 Executing VM operation: G1Concurrent done
Event: 32.860 Executing VM operation: G1Concurrent
Event: 32.860 Executing VM operation: G1Concurrent done
Event: 32.917 Thread 0x0000024c1510f000 Thread added: 0x0000024c1510f000
Event: 33.769 Executing VM operation: G1CollectForAllocation
Event: 33.775 Executing VM operation: G1CollectForAllocation done


Dynamic libraries:
0x00007ff6c4b70000 - 0x00007ff6c4b7f000 	C:\Program Files\Java\jdk-13.0.2\bin\javaw.exe
0x00007ff81e8a0000 - 0x00007ff81ea90000 	C:\Windows\SYSTEM32\ntdll.dll
0x00007ff81d5d0000 - 0x00007ff81d682000 	C:\Windows\System32\KERNEL32.DLL
0x00007ff81bb50000 - 0x00007ff81bdf5000 	C:\Windows\System32\KERNELBASE.dll
0x00007ff81bf80000 - 0x00007ff81c07a000 	C:\Windows\System32\ucrtbase.dll
0x00007fffff510000 - 0x00007fffff528000 	C:\Program Files\Java\jdk-13.0.2\bin\jli.dll
0x00007ff802ba0000 - 0x00007ff802bb5000 	C:\Program Files\Java\jdk-13.0.2\bin\VCRUNTIME140.dll
0x00007ff81d140000 - 0x00007ff81d1e3000 	C:\Windows\System32\ADVAPI32.dll
0x00007ff81e6e0000 - 0x00007ff81e77e000 	C:\Windows\System32\msvcrt.dll
0x00007ff81e610000 - 0x00007ff81e6a7000 	C:\Windows\System32\sechost.dll
0x00007ff81ccd0000 - 0x00007ff81cdef000 	C:\Windows\System32\RPCRT4.dll
0x00007ff81d2d0000 - 0x00007ff81d464000 	C:\Windows\System32\USER32.dll
0x00007ff81c110000 - 0x00007ff81c131000 	C:\Windows\System32\win32u.dll
0x00007ff809e80000 - 0x00007ff80a104000 	C:\Windows\WinSxS\amd64_microsoft.windows.common-controls_6595b64144ccf1df_6.0.18362.1556_none_9e7e372fe45e41d5\COMCTL32.dll
0x00007ff81d220000 - 0x00007ff81d246000 	C:\Windows\System32\GDI32.dll
0x00007ff81b9b0000 - 0x00007ff81bb48000 	C:\Windows\System32\gdi32full.dll
0x00007ff81cdf0000 - 0x00007ff81d126000 	C:\Windows\System32\combase.dll
0x00007ff81b7e0000 - 0x00007ff81b87e000 	C:\Windows\System32\msvcp_win.dll
0x00007ff81c080000 - 0x00007ff81c101000 	C:\Windows\System32\bcryptPrimitives.dll
0x00007ff80bd20000 - 0x00007ff80bd2a000 	C:\Windows\SYSTEM32\VERSION.dll
0x00007ff81e6b0000 - 0x00007ff81e6de000 	C:\Windows\System32\IMM32.DLL
0x00007ffff2bf0000 - 0x00007ffff2c8b000 	C:\Program Files\Java\jdk-13.0.2\bin\msvcp140.dll
0x00007fffd5a50000 - 0x00007fffd65ad000 	C:\Program Files\Java\jdk-13.0.2\bin\server\jvm.dll
0x00007ff81c920000 - 0x00007ff81c928000 	C:\Windows\System32\PSAPI.DLL
0x00007ff814a20000 - 0x00007ff814a29000 	C:\Windows\SYSTEM32\WSOCK32.dll
0x00007ff8182c0000 - 0x00007ff8182e4000 	C:\Windows\SYSTEM32\WINMM.dll
0x00007ff81dd80000 - 0x00007ff81ddef000 	C:\Windows\System32\WS2_32.dll
0x00007ff818290000 - 0x00007ff8182bd000 	C:\Windows\SYSTEM32\WINMMBASE.dll
0x00007ff81b880000 - 0x00007ff81b8ca000 	C:\Windows\System32\cfgmgr32.dll
0x00007ff81b7a0000 - 0x00007ff81b7b1000 	C:\Windows\System32\kernel.appcore.dll
0x00007ff814930000 - 0x00007ff814940000 	C:\Program Files\Java\jdk-13.0.2\bin\verify.dll
0x00007ff809c80000 - 0x00007ff809e74000 	C:\Windows\SYSTEM32\DBGHELP.DLL
0x00007ff80aee0000 - 0x00007ff80af0a000 	C:\Windows\SYSTEM32\dbgcore.DLL
0x00007ffff8750000 - 0x00007ffff8776000 	C:\Program Files\Java\jdk-13.0.2\bin\java.dll
0x00007ffff83b0000 - 0x00007ffff83c7000 	C:\Program Files\Java\jdk-13.0.2\bin\zip.dll
0x00007ff812970000 - 0x00007ff81297a000 	C:\Program Files\Java\jdk-13.0.2\bin\jimage.dll
0x00007ff81d690000 - 0x00007ff81dd77000 	C:\Windows\System32\SHELL32.dll
0x00007ff81e560000 - 0x00007ff81e608000 	C:\Windows\System32\shcore.dll
0x00007ff81c1a0000 - 0x00007ff81c91b000 	C:\Windows\System32\windows.storage.dll
0x00007ff81b7c0000 - 0x00007ff81b7de000 	C:\Windows\System32\profapi.dll
0x00007ff81b750000 - 0x00007ff81b79a000 	C:\Windows\System32\powrprof.dll
0x00007ff81b720000 - 0x00007ff81b730000 	C:\Windows\System32\UMPDC.dll
0x00007ff81c930000 - 0x00007ff81c982000 	C:\Windows\System32\shlwapi.dll
0x00007ff81bf60000 - 0x00007ff81bf77000 	C:\Windows\System32\cryptsp.dll
0x00007ffff7680000 - 0x00007ffff7699000 	C:\Program Files\Java\jdk-13.0.2\bin\net.dll
0x00007ff8113a0000 - 0x00007ff81149a000 	C:\Windows\SYSTEM32\WINHTTP.dll
0x00007ff81af60000 - 0x00007ff81afc7000 	C:\Windows\system32\mswsock.dll
0x00007ffff7250000 - 0x00007ffff7263000 	C:\Program Files\Java\jdk-13.0.2\bin\nio.dll
0x00007fffe0f00000 - 0x00007fffe1099000 	C:\Program Files\Java\jdk-13.0.2\bin\awt.dll
0x00007ff81cad0000 - 0x00007ff81cb95000 	C:\Windows\System32\OLEAUT32.dll
0x00007ff8197b0000 - 0x00007ff81983f000 	C:\Windows\SYSTEM32\apphelp.dll
0x00007ff819970000 - 0x00007ff819a09000 	C:\Windows\system32\uxtheme.dll
0x00007ff81c990000 - 0x00007ff81cac5000 	C:\Windows\System32\MSCTF.dll
0x00007ff81d470000 - 0x00007ff81d5c7000 	C:\Windows\System32\ole32.dll
0x00007ff819d90000 - 0x00007ff819dbd000 	C:\Windows\system32\DWMAPI.DLL
0x00007fffe3180000 - 0x00007fffe32d6000 	C:\Windows\system32\opengl32.dll
0x00007ffff2e80000 - 0x00007ffff2eac000 	C:\Windows\SYSTEM32\GLU32.dll
0x00007ff81a360000 - 0x00007ff81a380000 	C:\Windows\SYSTEM32\dxcore.dll
0x00007ff81acb0000 - 0x00007ff81ad7b000 	C:\Windows\SYSTEM32\DNSAPI.dll
0x00007ff81d130000 - 0x00007ff81d138000 	C:\Windows\System32\NSI.dll
0x00007ff81ac70000 - 0x00007ff81acaa000 	C:\Windows\SYSTEM32\IPHLPAPI.DLL
0x00007ff810bd0000 - 0x00007ff810bda000 	C:\Windows\System32\rasadhlp.dll
0x00007fffe9db0000 - 0x00007fffe9e32000 	C:\Program Files\Java\jdk-13.0.2\bin\freetype.dll
0x00007fffe0e50000 - 0x00007fffe0ef6000 	C:\Program Files\Java\jdk-13.0.2\bin\fontmanager.dll
0x00007ff81e780000 - 0x00007ff81e822000 	C:\Windows\System32\clbcatq.dll
0x00007ff817370000 - 0x00007ff81751f000 	C:\Windows\SYSTEM32\WindowsCodecs.dll
0x00007ff80e140000 - 0x00007ff80e17b000 	C:\Windows\system32\dataexchange.dll
0x00007ff818980000 - 0x00007ff818bdb000 	C:\Windows\system32\d3d11.dll
0x00007ff819040000 - 0x00007ff81921d000 	C:\Windows\system32\dcomp.dll
0x00007ff81a3f0000 - 0x00007ff81a4db000 	C:\Windows\system32\dxgi.dll
0x00007ff819a30000 - 0x00007ff819c8a000 	C:\Windows\system32\twinapi.appcore.dll
0x00007ff819e80000 - 0x00007ff819ea9000 	C:\Windows\system32\RMCLIENT.dll
0x00007ff80f680000 - 0x00007ff80f71b000 	C:\Windows\System32\TextInputFramework.dll
0x00007ff819590000 - 0x00007ff819664000 	C:\Windows\System32\CoreMessaging.dll
0x00007ff817840000 - 0x00007ff817b6a000 	C:\Windows\System32\CoreUIComponents.dll
0x00007ff817590000 - 0x00007ff8176e2000 	C:\Windows\SYSTEM32\wintypes.dll
0x00007ff81a760000 - 0x00007ff81a791000 	C:\Windows\SYSTEM32\ntmarta.dll
0x00007ff80e180000 - 0x00007ff80e427000 	C:\Windows\System32\iertutil.dll

dbghelp: loaded successfully - version: 4.0.5 - missing functions: none
symbol engine: initialized successfully - sym options: 0x614 - pdb path: .;C:\Program Files\Java\jdk-13.0.2\bin;C:\Windows\SYSTEM32;C:\Windows\WinSxS\amd64_microsoft.windows.common-controls_6595b64144ccf1df_6.0.18362.1556_none_9e7e372fe45e41d5;C:\Program Files\Java\jdk-13.0.2\bin\server

VM Arguments:
jvm_args: -Dfile.encoding=Cp1252 
java_command: Application.Home
java_class_path (initial): C:\Users\User\Desktop\Programmes\Java\Workspace\DriveOperations\target\classes;C:\Users\User\Desktop\Libraries\jgoodies-common-1.8.0.jar;C:\Users\User\Desktop\Libraries\jgoodies-forms-1.8.0.jar;C:\Users\User\Desktop\Libraries\miglayout15-swing.jar;C:\Users\User\Downloads\javax.mail.jar;C:\Users\User\Downloads\activation-1.1.1.jar;C:\Users\User\Downloads\jcalendar-1.4.jar;C:\Users\User\Downloads\jfreechart-1.0.19\lib\jcommon-1.0.23.jar;C:\Users\User\Downloads\jfreechart-1.0.19\lib\jfreechart-1.0.19.jar;C:\Users\User\Downloads\commons-net-3.8.0\commons-net-3.8.0.jar;C:\Users\User\Documents\Libs\comm-2.0.jar;C:\Users\User\Documents\Libs\http-2.2.1.jar;C:\Users\User\Documents\Libs\mysql-connector-java-5.1.45.jar;C:\Users\User\Downloads\JTattoo-1.6.13.jar;C:\Users\User\Desktop\Libs\jmespath-java-1.11.470.jar;C:\Users\User\Desktop\Libs\aws-java-sdk-core-1.12.65.jar;C:\Users\User\Desktop\Libs\aws-java-sdk-kms-1.12.65.jar;C:\Users\User\Desktop\Libs\aws-java-sdk-s3-1.12.65.jar;C:\Users\User\Desktop\Libs\commons-codec-1.15.jar;C:\Users\User\Desktop\Libs\commons-logging-1.1.3.jar;C:\Users\User\Desktop\Libs\httpclient-4.5.13.jar;C:\Users\User\Desktop\Libs\ion-java-1.0.2.jar;C:\Users\User\Desktop\Libs\jackson-annotations-2.12.3.jar;C:\Users\User\Desktop\Libs\jackson-core-2.12.3.jar;C:\Users\User\Desktop\Libs\jackson-databind-2.12.3.jar;C:\Users\User\Desktop\Libs\jackson-dataformat-cbor-2.12.3.jar;C:\Users\User\Desktop\Libs\jmespath-java-1.12.65.jar;C:\Users\User\Desktop\Libs\joda-time-2.8.1.jar;C:\Users\User\.m2\repository\com\amazonaws\aws-java-sdk-s3\1.12.65\aws-java-sdk-s3-1.12.65.jar;C:\Users\User\.m2\repository\com\amazonaws\aws-java-sdk-kms\1.12.65\aws-java-sdk-kms-1.12.65.jar;C:\Users\User\.m2\repository\com\amazonaws\aws-java-sdk-core\1.12.65\aws-java-sdk-core-1.12.65.jar;C:\Users\User\.m2\repository\commons-logging\commons-logging\1.1.3\commons-logging-1.1.3.jar;C:\Users\User\.m2\repository\commons-codec\commons-codec\1.15\commons-codec-1.15
Launcher Type: SUN_STANDARD

[Global flags]
     intx CICompilerCount                          = 3                                         {product} {ergonomic}
     uint ConcGCThreads                            = 1                                         {product} {ergonomic}
     uint G1ConcRefinementThreads                  = 4                                         {product} {ergonomic}
   size_t G1HeapRegionSize                         = 1048576                                   {product} {ergonomic}
    uintx GCDrainStackTargetSize                   = 64                                        {product} {ergonomic}
   size_t InitialHeapSize                          = 67108864                                  {product} {ergonomic}
   size_t MarkStackSize                            = 4194304                                   {product} {ergonomic}
   size_t MaxHeapSize                              = 1050673152                                {product} {ergonomic}
   size_t MaxNewSize                               = 630194176                                 {product} {ergonomic}
   size_t MinHeapDeltaBytes                        = 1048576                                   {product} {ergonomic}
   size_t MinHeapSize                              = 8388608                                   {product} {ergonomic}
    uintx NonNMethodCodeHeapSize                   = 5832780                                {pd product} {ergonomic}
    uintx NonProfiledCodeHeapSize                  = 122912730                              {pd product} {ergonomic}
    uintx ProfiledCodeHeapSize                     = 122912730                              {pd product} {ergonomic}
    uintx ReservedCodeCacheSize                    = 251658240                              {pd product} {ergonomic}
     bool SegmentedCodeCache                       = true                                      {product} {ergonomic}
   size_t SoftMaxHeapSize                          = 1050673152                             {manageable} {ergonomic}
     bool UseCompressedClassPointers               = true                                 {lp64_product} {ergonomic}
     bool UseCompressedOops                        = true                                 {lp64_product} {ergonomic}
     bool UseG1GC                                  = true                                      {product} {ergonomic}
     bool UseLargePagesIndividualAllocation        = false                                  {pd product} {ergonomic}

Logging:
Log output configuration:
 #0: stdout all=warning uptime,level,tags
 #1: stderr all=off uptime,level,tags

Environment Variables:
JAVA_HOME=C:\Program Files (x86)\Java\jre1.8.0_241
PATH=C:\Program Files\Java\jdk-13.0.2\bin;C:\Program Files (x86)\Common Files\Oracle\Java\javapath;C:\Windows\system32;C:\Windows;C:\Windows\System32\Wbem;C:\Windows\System32\WindowsPowerShell\v1.0\;C:\Windows\System32\OpenSSH\;C:\Program Files (x86)\apache-maven-3.8.1\bin;C:\Program Files (x86)\gradle-7.1.1\bin;C:\Users\User\AppData\Local\Microsoft\WindowsApps;C:\Users\User\AppData\Local\Programs\Microsoft VS Code\bin;C:\Program Files (x86)\gradle-7.1.1\bin;
USERNAME=User
OS=Windows_NT
PROCESSOR_IDENTIFIER=Intel64 Family 6 Model 42 Stepping 7, GenuineIntel



---------------  S Y S T E M  ---------------

OS: Windows 10 , 64 bit Build 18362 (10.0.18362.1500)

CPU:total 4 (initial active 4) (2 cores per cpu, 2 threads per core) family 6 model 42 stepping 7, cmov, cx8, fxsr, mmx, sse, sse2, sse3, ssse3, sse4.1, sse4.2, popcnt, avx, aes, clmul, ht, tsc, tscinvbit

Memory: 4k page, system-wide physical 4006M (393M free)
TotalPageFile size 16294M (AvailPageFile size 7M)
current process WorkingSet (physical memory assigned to process): 310M, peak: 318M
current process commit charge ("private bytes"): 360M, peak: 368M

vm_info: Java HotSpot(TM) 64-Bit Server VM (13.0.2+8) for windows-amd64 JRE (13.0.2+8), built on Dec 11 2019 09:20:33 by "mach5one" with unknown MS VC++:1916

END.
