#
# There is insufficient memory for the Java Runtime Environment to continue.
# Native memory allocation (mmap) failed to map 3145728 bytes for Failed to commit area from 0x00000000cef00000 to 0x00000000cf200000 of length 3145728.
# Possible reasons:
#   The system is out of physical RAM or swap space
#   The process is running with CompressedOops enabled, and the Java Heap may be blocking the growth of the native heap
# Possible solutions:
#   Reduce memory load on the system
#   Increase physical memory or swap space
#   Check if swap backing store is full
#   Decrease Java heap size (-Xmx/-Xms)
#   Decrease number of Java threads
#   Decrease Java thread stack sizes (-Xss)
#   Set larger code cache with -XX:ReservedCodeCacheSize=
#   JVM is running with Unscaled Compressed Oops mode in which the Java heap is
#     placed in the first 4GB address space. The Java Heap base address is the
#     maximum limit for the native heap growth. Please use -XX:HeapBaseMinAddress
#     to set the Java Heap base and to place the Java Heap above 4GB virtual address.
# This output file may be truncated or incomplete.
#
#  Out of Memory Error (t:/workspace/open/src/hotspot/os/windows/os_windows.cpp:3301), pid=7364, tid=1924
#
# JRE version: Java(TM) SE Runtime Environment (13.0.2+8) (build 13.0.2+8)
# Java VM: Java HotSpot(TM) 64-Bit Server VM (13.0.2+8, mixed mode, sharing, tiered, compressed oops, g1 gc, windows-amd64)
# No core dump will be written. Minidumps are not enabled by default on client versions of Windows
#

---------------  S U M M A R Y ------------

Command Line: -Dfile.encoding=Cp1252 accounts.Login

Host: Intel(R) Core(TM) i5-2520M CPU @ 2.50GHz, 4 cores, 3G,  Windows 10 , 64 bit Build 18362 (10.0.18362.1500)
Time: Thu Oct 21 20:45:06 2021 South Africa Standard Time elapsed time: 38 seconds (0d 0h 0m 38s)

---------------  T H R E A D  ---------------

Current thread (0x0000024d2fa98800):  VMThread "VM Thread" [stack: 0x000000925cf00000,0x000000925d000000] [id=1924]

Stack: [0x000000925cf00000,0x000000925d000000]
[error occurred during error reporting (printing stack bounds), id 0xc0000005, EXCEPTION_ACCESS_VIOLATION (0xc0000005) at pc=0x0000024d1bfb10ad]

Native frames: (J=compiled Java code, j=interpreted, Vv=VM code, C=native code)
V  [jvm.dll+0x624f9a]
V  [jvm.dll+0x770cfa]
V  [jvm.dll+0x7724af]
V  [jvm.dll+0x772a15]
V  [jvm.dll+0x7729cb]
V  [jvm.dll+0x6244df]
C  [ntdll.dll+0x790b6]
C  [ntdll.dll+0x6a926]
C  [ntdll.dll+0xa0c6e]
C  0x0000024d1bfb10ad

VM_Operation (0x000000925cbff830): G1Concurrent, mode: safepoint, requested by thread 0x0000024d13aec800


---------------  P R O C E S S  ---------------

Threads class SMR info:
_java_thread_list=0x0000024d326831c0, length=25, elements={
0x0000024d2fa9f000, 0x0000024d2faa4800, 0x0000024d2fabb000, 0x0000024d2fabe000,
0x0000024d2fac8800, 0x0000024d2facf000, 0x0000024d2fb00800, 0x0000024d30528000,
0x0000024d3053e000, 0x0000024d30906800, 0x0000024d30907800, 0x0000024d30908800,
0x0000024d30937000, 0x0000024d13ab2800, 0x0000024d30b25800, 0x0000024d30c51000,
0x0000024d30e2f800, 0x0000024d30e2b000, 0x0000024d30e2d000, 0x0000024d30e2e800,
0x0000024d30e30000, 0x0000024d30e2a800, 0x0000024d30e2d800, 0x0000024d30e31000,
0x0000024d30cf8800
}

Java Threads: ( => current thread )
  0x0000024d2fa9f000 JavaThread "Reference Handler" daemon [_thread_blocked, id=5492, stack(0x000000925d000000,0x000000925d100000)]
  0x0000024d2faa4800 JavaThread "Finalizer" daemon [_thread_blocked, id=3452, stack(0x000000925d100000,0x000000925d200000)]
  0x0000024d2fabb000 JavaThread "Signal Dispatcher" daemon [_thread_blocked, id=15040, stack(0x000000925d200000,0x000000925d300000)]
  0x0000024d2fabe000 JavaThread "Attach Listener" daemon [_thread_blocked, id=10472, stack(0x000000925d300000,0x000000925d400000)]
  0x0000024d2fac8800 JavaThread "C2 CompilerThread0" daemon [_thread_blocked, id=2360, stack(0x000000925d400000,0x000000925d500000)]
  0x0000024d2facf000 JavaThread "C1 CompilerThread0" daemon [_thread_blocked, id=15804, stack(0x000000925d500000,0x000000925d600000)]
  0x0000024d2fb00800 JavaThread "Sweeper thread" daemon [_thread_blocked, id=11888, stack(0x000000925d600000,0x000000925d700000)]
  0x0000024d30528000 JavaThread "Service Thread" daemon [_thread_blocked, id=13248, stack(0x000000925d700000,0x000000925d800000)]
  0x0000024d3053e000 JavaThread "Common-Cleaner" daemon [_thread_blocked, id=16212, stack(0x000000925d900000,0x000000925da00000)]
  0x0000024d30906800 JavaThread "Java2D Disposer" daemon [_thread_blocked, id=1072, stack(0x000000925da00000,0x000000925db00000)]
  0x0000024d30907800 JavaThread "AWT-Shutdown" [_thread_blocked, id=9680, stack(0x000000925db00000,0x000000925dc00000)]
  0x0000024d30908800 JavaThread "AWT-Windows" daemon [_thread_in_native, id=13776, stack(0x000000925dc00000,0x000000925dd00000)]
  0x0000024d30937000 JavaThread "AWT-EventQueue-0" [_thread_blocked, id=7940, stack(0x000000925dd00000,0x000000925de00000)]
  0x0000024d13ab2800 JavaThread "DestroyJavaVM" [_thread_blocked, id=8548, stack(0x000000925c900000,0x000000925ca00000)]
  0x0000024d30b25800 JavaThread "TimerQueue" daemon [_thread_blocked, id=8728, stack(0x000000925e300000,0x000000925e400000)]
  0x0000024d30c51000 JavaThread "SwingWorker-pool-1-thread-1" daemon [_thread_in_native, id=8088, stack(0x000000925e900000,0x000000925ea00000)]
  0x0000024d30e2f800 JavaThread "SwingWorker-pool-1-thread-2" daemon [_thread_in_native, id=13196, stack(0x000000925ea00000,0x000000925eb00000)]
  0x0000024d30e2b000 JavaThread "SwingWorker-pool-1-thread-3" daemon [_thread_in_native, id=3120, stack(0x000000925eb00000,0x000000925ec00000)]
  0x0000024d30e2d000 JavaThread "SwingWorker-pool-1-thread-4" daemon [_thread_blocked, id=15196, stack(0x000000925de00000,0x000000925df00000)]
  0x0000024d30e2e800 JavaThread "SwingWorker-pool-1-thread-5" daemon [_thread_blocked, id=2760, stack(0x000000925e200000,0x000000925e300000)]
  0x0000024d30e30000 JavaThread "SwingWorker-pool-1-thread-6" daemon [_thread_blocked, id=13272, stack(0x000000925ec00000,0x000000925ed00000)]
  0x0000024d30e2a800 JavaThread "SwingWorker-pool-1-thread-7" daemon [_thread_blocked, id=11480, stack(0x000000925ee00000,0x000000925ef00000)]
  0x0000024d30e2d800 JavaThread "SwingWorker-pool-1-thread-8" daemon [_thread_blocked, id=15760, stack(0x000000925ef00000,0x000000925f000000)]
  0x0000024d30e31000 JavaThread "SwingWorker-pool-1-thread-9" daemon [_thread_blocked, id=11696, stack(0x000000925f000000,0x000000925f100000)]
  0x0000024d30cf8800 JavaThread "SwingWorker-pool-1-thread-10" daemon [_thread_blocked, id=15580, stack(0x000000925f100000,0x000000925f200000)]

Other Threads:
=>0x0000024d2fa98800 VMThread "VM Thread" [stack: 0x000000925cf00000,0x000000925d000000] [id=1924]
  0x0000024d3053d000 WatcherThread [stack: 0x000000925d800000,0x000000925d900000] [id=4748]
  0x0000024d13ae2800 GCTaskThread "GC Thread#0" [stack: 0x000000925ca00000,0x000000925cb00000] [id=7696]
  0x0000024d30e02800 GCTaskThread "GC Thread#1" [stack: 0x000000925e400000,0x000000925e500000] [id=15816]
  0x0000024d30dfd800 GCTaskThread "GC Thread#2" [stack: 0x000000925e500000,0x000000925e600000] [id=4140]
  0x0000024d30e01000 GCTaskThread "GC Thread#3" [stack: 0x000000925e600000,0x000000925e700000] [id=10436]
  0x0000024d13aec800 ConcurrentGCThread "G1 Main Marker" [stack: 0x000000925cb00000,0x000000925cc00000] [id=8420]
  0x0000024d13af2000 ConcurrentGCThread "G1 Conc#0" [stack: 0x000000925cc00000,0x000000925cd00000] [id=2624]
  0x0000024d13b47000 ConcurrentGCThread "G1 Refine#0" [stack: 0x000000925cd00000,0x000000925ce00000] [id=10200]
  0x0000024d30712000 ConcurrentGCThread "G1 Refine#1" [stack: 0x000000925e700000,0x000000925e800000] [id=7800]
  0x0000024d30c00000 ConcurrentGCThread "G1 Refine#2" [stack: 0x000000925e800000,0x000000925e900000] [id=14892]
  0x0000024d13b48000 ConcurrentGCThread "G1 Young RemSet Sampling" [stack: 0x000000925ce00000,0x000000925cf00000] [id=13824]

Threads with active compile tasks:
C2 CompilerThread0    39316 2742       4       jdk.internal.loader.URLClassPath::getResource (74 bytes)

VM state:at safepoint (normal execution)

VM Mutex/Monitor currently owned by a thread:  ([mutex/lock_event])
[0x0000024d13aadad0] Threads_lock - owner thread: 0x0000024d2fa98800
[0x0000024d13aaf300] Heap_lock - owner thread: 0x0000024d13aec800

Heap address: 0x00000000c1600000, size: 1002 MB, Compressed Oops mode: 32-bit
Narrow klass base: 0x0000000800000000, Narrow klass shift: 3
Compressed class space size: 1073741824 Address: 0x0000000800b40000

Heap:
 garbage-first heap   total 225280K, used 132740K [0x00000000c1600000, 0x0000000100000000)
  region size 1024K, 4 young (4096K), 3 survivors (3072K)
 Metaspace       used 20847K, capacity 21263K, committed 21504K, reserved 1069056K
  class space    used 2370K, capacity 2540K, committed 2560K, reserved 1048576K
Heap Regions: E=young(eden), S=young(survivor), O=old, HS=humongous(starts), HC=humongous(continues), CS=collection set, F=free, A=archive, TAMS=top-at-mark-start (previous, next)
|   0|0x00000000c1600000, 0x00000000c1700000, 0x00000000c1700000|100%| O|  |TAMS 0x00000000c1700000, 0x00000000c1600000| Updating 
|   1|0x00000000c1700000, 0x00000000c1800000, 0x00000000c1800000|100%| O|  |TAMS 0x00000000c1800000, 0x00000000c1700000| Updating 
|   2|0x00000000c1800000, 0x00000000c1900000, 0x00000000c1900000|100%| O|  |TAMS 0x00000000c1900000, 0x00000000c1800000| Updating 
|   3|0x00000000c1900000, 0x00000000c1a00000, 0x00000000c1a00000|100%| O|  |TAMS 0x00000000c1a00000, 0x00000000c1900000| Updating 
|   4|0x00000000c1a00000, 0x00000000c1b00000, 0x00000000c1b00000|100%| O|  |TAMS 0x00000000c1b00000, 0x00000000c1a00000| Updating 
|   5|0x00000000c1b00000, 0x00000000c1c00000, 0x00000000c1c00000|100%| O|  |TAMS 0x00000000c1c00000, 0x00000000c1b00000| Updating 
|   6|0x00000000c1c00000, 0x00000000c1d00000, 0x00000000c1d00000|100%| O|  |TAMS 0x00000000c1d00000, 0x00000000c1c00000| Updating 
|   7|0x00000000c1d00000, 0x00000000c1d00000, 0x00000000c1e00000|  0%| F|  |TAMS 0x00000000c1d00000, 0x00000000c1d00000| Untracked 
|   8|0x00000000c1e00000, 0x00000000c1e38c00, 0x00000000c1f00000| 22%| O|  |TAMS 0x00000000c1e38c00, 0x00000000c1e00000| Updating 
|   9|0x00000000c1f00000, 0x00000000c2000000, 0x00000000c2000000|100%|HS|  |TAMS 0x00000000c2000000, 0x00000000c1f00000| Complete 
|  10|0x00000000c2000000, 0x00000000c2100000, 0x00000000c2100000|100%|HC|  |TAMS 0x00000000c2100000, 0x00000000c2000000| Complete 
|  11|0x00000000c2100000, 0x00000000c2200000, 0x00000000c2200000|100%|HC|  |TAMS 0x00000000c2200000, 0x00000000c2100000| Complete 
|  12|0x00000000c2200000, 0x00000000c2300000, 0x00000000c2300000|100%|HC|  |TAMS 0x00000000c2300000, 0x00000000c2200000| Complete 
|  13|0x00000000c2300000, 0x00000000c2400000, 0x00000000c2400000|100%|HS|  |TAMS 0x00000000c2400000, 0x00000000c2300000| Complete 
|  14|0x00000000c2400000, 0x00000000c2500000, 0x00000000c2500000|100%|HC|  |TAMS 0x00000000c2500000, 0x00000000c2400000| Complete 
|  15|0x00000000c2500000, 0x00000000c2600000, 0x00000000c2600000|100%|HC|  |TAMS 0x00000000c2600000, 0x00000000c2500000| Complete 
|  16|0x00000000c2600000, 0x00000000c2700000, 0x00000000c2700000|100%|HC|  |TAMS 0x00000000c2700000, 0x00000000c2600000| Complete 
|  17|0x00000000c2700000, 0x00000000c2700000, 0x00000000c2800000|  0%| F|  |TAMS 0x00000000c2700000, 0x00000000c2700000| Untracked 
|  18|0x00000000c2800000, 0x00000000c2800000, 0x00000000c2900000|  0%| F|  |TAMS 0x00000000c2800000, 0x00000000c2800000| Untracked 
|  19|0x00000000c2900000, 0x00000000c2900000, 0x00000000c2a00000|  0%| F|  |TAMS 0x00000000c2900000, 0x00000000c2900000| Untracked 
|  20|0x00000000c2a00000, 0x00000000c2a00000, 0x00000000c2b00000|  0%| F|  |TAMS 0x00000000c2a00000, 0x00000000c2a00000| Untracked 
|  21|0x00000000c2b00000, 0x00000000c2b00000, 0x00000000c2c00000|  0%| F|  |TAMS 0x00000000c2b00000, 0x00000000c2b00000| Untracked 
|  22|0x00000000c2c00000, 0x00000000c2c00000, 0x00000000c2d00000|  0%| F|  |TAMS 0x00000000c2c00000, 0x00000000c2c00000| Untracked 
|  23|0x00000000c2d00000, 0x00000000c2d00000, 0x00000000c2e00000|  0%| F|  |TAMS 0x00000000c2d00000, 0x00000000c2d00000| Untracked 
|  24|0x00000000c2e00000, 0x00000000c2e00000, 0x00000000c2f00000|  0%| F|  |TAMS 0x00000000c2e00000, 0x00000000c2e00000| Untracked 
|  25|0x00000000c2f00000, 0x00000000c2f00000, 0x00000000c3000000|  0%| F|  |TAMS 0x00000000c2f00000, 0x00000000c2f00000| Untracked 
|  26|0x00000000c3000000, 0x00000000c3000000, 0x00000000c3100000|  0%| F|  |TAMS 0x00000000c3000000, 0x00000000c3000000| Untracked 
|  27|0x00000000c3100000, 0x00000000c3100000, 0x00000000c3200000|  0%| F|  |TAMS 0x00000000c3100000, 0x00000000c3100000| Untracked 
|  28|0x00000000c3200000, 0x00000000c3200000, 0x00000000c3300000|  0%| F|  |TAMS 0x00000000c3200000, 0x00000000c3200000| Untracked 
|  29|0x00000000c3300000, 0x00000000c3300000, 0x00000000c3400000|  0%| F|  |TAMS 0x00000000c3300000, 0x00000000c3300000| Untracked 
|  30|0x00000000c3400000, 0x00000000c3400000, 0x00000000c3500000|  0%| F|  |TAMS 0x00000000c3400000, 0x00000000c3400000| Untracked 
|  31|0x00000000c3500000, 0x00000000c3500000, 0x00000000c3600000|  0%| F|  |TAMS 0x00000000c3500000, 0x00000000c3500000| Untracked 
|  32|0x00000000c3600000, 0x00000000c3600000, 0x00000000c3700000|  0%| F|  |TAMS 0x00000000c3600000, 0x00000000c3600000| Untracked 
|  33|0x00000000c3700000, 0x00000000c3700000, 0x00000000c3800000|  0%| F|  |TAMS 0x00000000c3700000, 0x00000000c3700000| Untracked 
|  34|0x00000000c3800000, 0x00000000c3800000, 0x00000000c3900000|  0%| F|  |TAMS 0x00000000c3800000, 0x00000000c3800000| Untracked 
|  35|0x00000000c3900000, 0x00000000c3900000, 0x00000000c3a00000|  0%| F|  |TAMS 0x00000000c3900000, 0x00000000c3900000| Untracked 
|  36|0x00000000c3a00000, 0x00000000c3a00000, 0x00000000c3b00000|  0%| F|  |TAMS 0x00000000c3a00000, 0x00000000c3a00000| Untracked 
|  37|0x00000000c3b00000, 0x00000000c3b00000, 0x00000000c3c00000|  0%| F|  |TAMS 0x00000000c3b00000, 0x00000000c3b00000| Untracked 
|  38|0x00000000c3c00000, 0x00000000c3c00000, 0x00000000c3d00000|  0%| F|  |TAMS 0x00000000c3c00000, 0x00000000c3c00000| Untracked 
|  39|0x00000000c3d00000, 0x00000000c3d00000, 0x00000000c3e00000|  0%| F|  |TAMS 0x00000000c3d00000, 0x00000000c3d00000| Untracked 
|  40|0x00000000c3e00000, 0x00000000c3e00000, 0x00000000c3f00000|  0%| F|  |TAMS 0x00000000c3e00000, 0x00000000c3e00000| Untracked 
|  41|0x00000000c3f00000, 0x00000000c3f00000, 0x00000000c4000000|  0%| F|  |TAMS 0x00000000c3f00000, 0x00000000c3f00000| Untracked 
|  42|0x00000000c4000000, 0x00000000c4000000, 0x00000000c4100000|  0%| F|  |TAMS 0x00000000c4000000, 0x00000000c4000000| Untracked 
|  43|0x00000000c4100000, 0x00000000c4100000, 0x00000000c4200000|  0%| F|  |TAMS 0x00000000c4100000, 0x00000000c4100000| Untracked 
|  44|0x00000000c4200000, 0x00000000c4200000, 0x00000000c4300000|  0%| F|  |TAMS 0x00000000c4200000, 0x00000000c4200000| Untracked 
|  45|0x00000000c4300000, 0x00000000c4300000, 0x00000000c4400000|  0%| F|  |TAMS 0x00000000c4300000, 0x00000000c4300000| Untracked 
|  46|0x00000000c4400000, 0x00000000c4400000, 0x00000000c4500000|  0%| F|  |TAMS 0x00000000c4400000, 0x00000000c4400000| Untracked 
|  47|0x00000000c4500000, 0x00000000c4500000, 0x00000000c4600000|  0%| F|  |TAMS 0x00000000c4500000, 0x00000000c4500000| Untracked 
|  48|0x00000000c4600000, 0x00000000c4600000, 0x00000000c4700000|  0%| F|  |TAMS 0x00000000c4600000, 0x00000000c4600000| Untracked 
|  49|0x00000000c4700000, 0x00000000c4700000, 0x00000000c4800000|  0%| F|  |TAMS 0x00000000c4700000, 0x00000000c4700000| Untracked 
|  50|0x00000000c4800000, 0x00000000c4800000, 0x00000000c4900000|  0%| F|  |TAMS 0x00000000c4800000, 0x00000000c4800000| Untracked 
|  51|0x00000000c4900000, 0x00000000c4900000, 0x00000000c4a00000|  0%| F|  |TAMS 0x00000000c4900000, 0x00000000c4900000| Untracked 
|  52|0x00000000c4a00000, 0x00000000c4a00000, 0x00000000c4b00000|  0%| F|  |TAMS 0x00000000c4a00000, 0x00000000c4a00000| Untracked 
|  53|0x00000000c4b00000, 0x00000000c4b00000, 0x00000000c4c00000|  0%| F|  |TAMS 0x00000000c4b00000, 0x00000000c4b00000| Untracked 
|  54|0x00000000c4c00000, 0x00000000c4c00000, 0x00000000c4d00000|  0%| F|  |TAMS 0x00000000c4c00000, 0x00000000c4c00000| Untracked 
|  55|0x00000000c4d00000, 0x00000000c4d00000, 0x00000000c4e00000|  0%| F|  |TAMS 0x00000000c4d00000, 0x00000000c4d00000| Untracked 
|  56|0x00000000c4e00000, 0x00000000c4e00000, 0x00000000c4f00000|  0%| F|  |TAMS 0x00000000c4e00000, 0x00000000c4e00000| Untracked 
|  57|0x00000000c4f00000, 0x00000000c5000000, 0x00000000c5000000|100%|HS|  |TAMS 0x00000000c5000000, 0x00000000c4f00000| Complete 
|  58|0x00000000c5000000, 0x00000000c5100000, 0x00000000c5100000|100%|HC|  |TAMS 0x00000000c5100000, 0x00000000c5000000| Complete 
|  59|0x00000000c5100000, 0x00000000c5200000, 0x00000000c5200000|100%|HC|  |TAMS 0x00000000c5200000, 0x00000000c5100000| Complete 
|  60|0x00000000c5200000, 0x00000000c5300000, 0x00000000c5300000|100%|HC|  |TAMS 0x00000000c5300000, 0x00000000c5200000| Complete 
|  61|0x00000000c5300000, 0x00000000c5400000, 0x00000000c5400000|100%|HC|  |TAMS 0x00000000c5400000, 0x00000000c5300000| Complete 
|  62|0x00000000c5400000, 0x00000000c5500000, 0x00000000c5500000|100%|HC|  |TAMS 0x00000000c5500000, 0x00000000c5400000| Complete 
|  63|0x00000000c5500000, 0x00000000c5600000, 0x00000000c5600000|100%|HC|  |TAMS 0x00000000c5600000, 0x00000000c5500000| Complete 
|  64|0x00000000c5600000, 0x00000000c5700000, 0x00000000c5700000|100%|HC|  |TAMS 0x00000000c5700000, 0x00000000c5600000| Complete 
|  65|0x00000000c5700000, 0x00000000c5800000, 0x00000000c5800000|100%|HC|  |TAMS 0x00000000c5800000, 0x00000000c5700000| Complete 
|  66|0x00000000c5800000, 0x00000000c5900000, 0x00000000c5900000|100%|HC|  |TAMS 0x00000000c5900000, 0x00000000c5800000| Complete 
|  67|0x00000000c5900000, 0x00000000c5a00000, 0x00000000c5a00000|100%|HC|  |TAMS 0x00000000c5a00000, 0x00000000c5900000| Complete 
|  68|0x00000000c5a00000, 0x00000000c5b00000, 0x00000000c5b00000|100%|HC|  |TAMS 0x00000000c5b00000, 0x00000000c5a00000| Complete 
|  69|0x00000000c5b00000, 0x00000000c5c00000, 0x00000000c5c00000|100%|HC|  |TAMS 0x00000000c5c00000, 0x00000000c5b00000| Complete 
|  70|0x00000000c5c00000, 0x00000000c5d00000, 0x00000000c5d00000|100%|HC|  |TAMS 0x00000000c5d00000, 0x00000000c5c00000| Complete 
|  71|0x00000000c5d00000, 0x00000000c5e00000, 0x00000000c5e00000|100%|HC|  |TAMS 0x00000000c5e00000, 0x00000000c5d00000| Complete 
|  72|0x00000000c5e00000, 0x00000000c5f00000, 0x00000000c5f00000|100%|HC|  |TAMS 0x00000000c5f00000, 0x00000000c5e00000| Complete 
|  73|0x00000000c5f00000, 0x00000000c6000000, 0x00000000c6000000|100%|HC|  |TAMS 0x00000000c6000000, 0x00000000c5f00000| Complete 
|  74|0x00000000c6000000, 0x00000000c6100000, 0x00000000c6100000|100%|HC|  |TAMS 0x00000000c6100000, 0x00000000c6000000| Complete 
|  75|0x00000000c6100000, 0x00000000c6200000, 0x00000000c6200000|100%|HC|  |TAMS 0x00000000c6200000, 0x00000000c6100000| Complete 
|  76|0x00000000c6200000, 0x00000000c6300000, 0x00000000c6300000|100%|HC|  |TAMS 0x00000000c6300000, 0x00000000c6200000| Complete 
|  77|0x00000000c6300000, 0x00000000c6400000, 0x00000000c6400000|100%|HC|  |TAMS 0x00000000c6400000, 0x00000000c6300000| Complete 
|  78|0x00000000c6400000, 0x00000000c6500000, 0x00000000c6500000|100%|HC|  |TAMS 0x00000000c6500000, 0x00000000c6400000| Complete 
|  79|0x00000000c6500000, 0x00000000c6600000, 0x00000000c6600000|100%|HC|  |TAMS 0x00000000c6600000, 0x00000000c6500000| Complete 
|  80|0x00000000c6600000, 0x00000000c6700000, 0x00000000c6700000|100%|HC|  |TAMS 0x00000000c6700000, 0x00000000c6600000| Complete 
|  81|0x00000000c6700000, 0x00000000c6800000, 0x00000000c6800000|100%|HC|  |TAMS 0x00000000c6800000, 0x00000000c6700000| Complete 
|  82|0x00000000c6800000, 0x00000000c6900000, 0x00000000c6900000|100%|HC|  |TAMS 0x00000000c6900000, 0x00000000c6800000| Complete 
|  83|0x00000000c6900000, 0x00000000c6a00000, 0x00000000c6a00000|100%|HC|  |TAMS 0x00000000c6a00000, 0x00000000c6900000| Complete 
|  84|0x00000000c6a00000, 0x00000000c6b00000, 0x00000000c6b00000|100%|HC|  |TAMS 0x00000000c6b00000, 0x00000000c6a00000| Complete 
|  85|0x00000000c6b00000, 0x00000000c6c00000, 0x00000000c6c00000|100%|HC|  |TAMS 0x00000000c6c00000, 0x00000000c6b00000| Complete 
|  86|0x00000000c6c00000, 0x00000000c6d00000, 0x00000000c6d00000|100%|HC|  |TAMS 0x00000000c6d00000, 0x00000000c6c00000| Complete 
|  87|0x00000000c6d00000, 0x00000000c6e00000, 0x00000000c6e00000|100%|HC|  |TAMS 0x00000000c6e00000, 0x00000000c6d00000| Complete 
|  88|0x00000000c6e00000, 0x00000000c6f00000, 0x00000000c6f00000|100%|HC|  |TAMS 0x00000000c6f00000, 0x00000000c6e00000| Complete 
|  89|0x00000000c6f00000, 0x00000000c7000000, 0x00000000c7000000|100%|HC|  |TAMS 0x00000000c7000000, 0x00000000c6f00000| Complete 
|  90|0x00000000c7000000, 0x00000000c7100000, 0x00000000c7100000|100%|HC|  |TAMS 0x00000000c7100000, 0x00000000c7000000| Complete 
|  91|0x00000000c7100000, 0x00000000c7200000, 0x00000000c7200000|100%|HC|  |TAMS 0x00000000c7200000, 0x00000000c7100000| Complete 
|  92|0x00000000c7200000, 0x00000000c7300000, 0x00000000c7300000|100%|HC|  |TAMS 0x00000000c7300000, 0x00000000c7200000| Complete 
|  93|0x00000000c7300000, 0x00000000c7400000, 0x00000000c7400000|100%|HC|  |TAMS 0x00000000c7400000, 0x00000000c7300000| Complete 
|  94|0x00000000c7400000, 0x00000000c7500000, 0x00000000c7500000|100%|HC|  |TAMS 0x00000000c7500000, 0x00000000c7400000| Complete 
|  95|0x00000000c7500000, 0x00000000c7600000, 0x00000000c7600000|100%|HC|  |TAMS 0x00000000c7600000, 0x00000000c7500000| Complete 
|  96|0x00000000c7600000, 0x00000000c7700000, 0x00000000c7700000|100%|HC|  |TAMS 0x00000000c7700000, 0x00000000c7600000| Complete 
|  97|0x00000000c7700000, 0x00000000c7800000, 0x00000000c7800000|100%|HC|  |TAMS 0x00000000c7800000, 0x00000000c7700000| Complete 
|  98|0x00000000c7800000, 0x00000000c7900000, 0x00000000c7900000|100%|HC|  |TAMS 0x00000000c7900000, 0x00000000c7800000| Complete 
|  99|0x00000000c7900000, 0x00000000c7a00000, 0x00000000c7a00000|100%|HC|  |TAMS 0x00000000c7a00000, 0x00000000c7900000| Complete 
| 100|0x00000000c7a00000, 0x00000000c7b00000, 0x00000000c7b00000|100%|HC|  |TAMS 0x00000000c7b00000, 0x00000000c7a00000| Complete 
| 101|0x00000000c7b00000, 0x00000000c7c00000, 0x00000000c7c00000|100%|HC|  |TAMS 0x00000000c7c00000, 0x00000000c7b00000| Complete 
| 102|0x00000000c7c00000, 0x00000000c7d00000, 0x00000000c7d00000|100%|HC|  |TAMS 0x00000000c7d00000, 0x00000000c7c00000| Complete 
| 103|0x00000000c7d00000, 0x00000000c7e00000, 0x00000000c7e00000|100%|HC|  |TAMS 0x00000000c7e00000, 0x00000000c7d00000| Complete 
| 104|0x00000000c7e00000, 0x00000000c7f00000, 0x00000000c7f00000|100%|HC|  |TAMS 0x00000000c7f00000, 0x00000000c7e00000| Complete 
| 105|0x00000000c7f00000, 0x00000000c8000000, 0x00000000c8000000|100%|HC|  |TAMS 0x00000000c8000000, 0x00000000c7f00000| Complete 
| 106|0x00000000c8000000, 0x00000000c8100000, 0x00000000c8100000|100%|HC|  |TAMS 0x00000000c8100000, 0x00000000c8000000| Complete 
| 107|0x00000000c8100000, 0x00000000c8200000, 0x00000000c8200000|100%|HC|  |TAMS 0x00000000c8200000, 0x00000000c8100000| Complete 
| 108|0x00000000c8200000, 0x00000000c8300000, 0x00000000c8300000|100%|HC|  |TAMS 0x00000000c8300000, 0x00000000c8200000| Complete 
| 109|0x00000000c8300000, 0x00000000c8400000, 0x00000000c8400000|100%|HC|  |TAMS 0x00000000c8400000, 0x00000000c8300000| Complete 
| 110|0x00000000c8400000, 0x00000000c8500000, 0x00000000c8500000|100%|HC|  |TAMS 0x00000000c8500000, 0x00000000c8400000| Complete 
| 111|0x00000000c8500000, 0x00000000c8600000, 0x00000000c8600000|100%|HC|  |TAMS 0x00000000c8600000, 0x00000000c8500000| Complete 
| 112|0x00000000c8600000, 0x00000000c8700000, 0x00000000c8700000|100%|HC|  |TAMS 0x00000000c8700000, 0x00000000c8600000| Complete 
| 113|0x00000000c8700000, 0x00000000c8800000, 0x00000000c8800000|100%|HC|  |TAMS 0x00000000c8800000, 0x00000000c8700000| Complete 
| 114|0x00000000c8800000, 0x00000000c8900000, 0x00000000c8900000|100%|HC|  |TAMS 0x00000000c8900000, 0x00000000c8800000| Complete 
| 115|0x00000000c8900000, 0x00000000c8a00000, 0x00000000c8a00000|100%|HC|  |TAMS 0x00000000c8a00000, 0x00000000c8900000| Complete 
| 116|0x00000000c8a00000, 0x00000000c8b00000, 0x00000000c8b00000|100%|HC|  |TAMS 0x00000000c8b00000, 0x00000000c8a00000| Complete 
| 117|0x00000000c8b00000, 0x00000000c8c00000, 0x00000000c8c00000|100%|HC|  |TAMS 0x00000000c8c00000, 0x00000000c8b00000| Complete 
| 118|0x00000000c8c00000, 0x00000000c8d00000, 0x00000000c8d00000|100%|HC|  |TAMS 0x00000000c8d00000, 0x00000000c8c00000| Complete 
| 119|0x00000000c8d00000, 0x00000000c8e00000, 0x00000000c8e00000|100%|HC|  |TAMS 0x00000000c8e00000, 0x00000000c8d00000| Complete 
| 120|0x00000000c8e00000, 0x00000000c8f00000, 0x00000000c8f00000|100%|HC|  |TAMS 0x00000000c8f00000, 0x00000000c8e00000| Complete 
| 121|0x00000000c8f00000, 0x00000000c9000000, 0x00000000c9000000|100%|HC|  |TAMS 0x00000000c9000000, 0x00000000c8f00000| Complete 
| 122|0x00000000c9000000, 0x00000000c9100000, 0x00000000c9100000|100%|HC|  |TAMS 0x00000000c9100000, 0x00000000c9000000| Complete 
| 123|0x00000000c9100000, 0x00000000c9200000, 0x00000000c9200000|100%|HC|  |TAMS 0x00000000c9200000, 0x00000000c9100000| Complete 
| 124|0x00000000c9200000, 0x00000000c9300000, 0x00000000c9300000|100%|HC|  |TAMS 0x00000000c9300000, 0x00000000c9200000| Complete 
| 125|0x00000000c9300000, 0x00000000c9400000, 0x00000000c9400000|100%|HC|  |TAMS 0x00000000c9400000, 0x00000000c9300000| Complete 
| 126|0x00000000c9400000, 0x00000000c9500000, 0x00000000c9500000|100%|HC|  |TAMS 0x00000000c9500000, 0x00000000c9400000| Complete 
| 127|0x00000000c9500000, 0x00000000c9600000, 0x00000000c9600000|100%|HC|  |TAMS 0x00000000c9600000, 0x00000000c9500000| Complete 
| 128|0x00000000c9600000, 0x00000000c9700000, 0x00000000c9700000|100%|HC|  |TAMS 0x00000000c9700000, 0x00000000c9600000| Complete 
| 129|0x00000000c9700000, 0x00000000c9800000, 0x00000000c9800000|100%|HC|  |TAMS 0x00000000c9800000, 0x00000000c9700000| Complete 
| 130|0x00000000c9800000, 0x00000000c9900000, 0x00000000c9900000|100%|HC|  |TAMS 0x00000000c9900000, 0x00000000c9800000| Complete 
| 131|0x00000000c9900000, 0x00000000c9a00000, 0x00000000c9a00000|100%|HC|  |TAMS 0x00000000c9a00000, 0x00000000c9900000| Complete 
| 132|0x00000000c9a00000, 0x00000000c9b00000, 0x00000000c9b00000|100%|HC|  |TAMS 0x00000000c9b00000, 0x00000000c9a00000| Complete 
| 133|0x00000000c9b00000, 0x00000000c9c00000, 0x00000000c9c00000|100%|HC|  |TAMS 0x00000000c9c00000, 0x00000000c9b00000| Complete 
| 134|0x00000000c9c00000, 0x00000000c9d00000, 0x00000000c9d00000|100%|HC|  |TAMS 0x00000000c9d00000, 0x00000000c9c00000| Complete 
| 135|0x00000000c9d00000, 0x00000000c9e00000, 0x00000000c9e00000|100%|HC|  |TAMS 0x00000000c9e00000, 0x00000000c9d00000| Complete 
| 136|0x00000000c9e00000, 0x00000000c9f00000, 0x00000000c9f00000|100%|HC|  |TAMS 0x00000000c9f00000, 0x00000000c9e00000| Complete 
| 137|0x00000000c9f00000, 0x00000000ca000000, 0x00000000ca000000|100%|HC|  |TAMS 0x00000000ca000000, 0x00000000c9f00000| Complete 
| 138|0x00000000ca000000, 0x00000000ca100000, 0x00000000ca100000|100%|HC|  |TAMS 0x00000000ca100000, 0x00000000ca000000| Complete 
| 139|0x00000000ca100000, 0x00000000ca200000, 0x00000000ca200000|100%|HC|  |TAMS 0x00000000ca200000, 0x00000000ca100000| Complete 
| 140|0x00000000ca200000, 0x00000000ca300000, 0x00000000ca300000|100%|HC|  |TAMS 0x00000000ca300000, 0x00000000ca200000| Complete 
| 141|0x00000000ca300000, 0x00000000ca400000, 0x00000000ca400000|100%|HC|  |TAMS 0x00000000ca400000, 0x00000000ca300000| Complete 
| 142|0x00000000ca400000, 0x00000000ca500000, 0x00000000ca500000|100%|HC|  |TAMS 0x00000000ca500000, 0x00000000ca400000| Complete 
| 143|0x00000000ca500000, 0x00000000ca600000, 0x00000000ca600000|100%|HC|  |TAMS 0x00000000ca600000, 0x00000000ca500000| Complete 
| 144|0x00000000ca600000, 0x00000000ca700000, 0x00000000ca700000|100%|HC|  |TAMS 0x00000000ca700000, 0x00000000ca600000| Complete 
| 145|0x00000000ca700000, 0x00000000ca800000, 0x00000000ca800000|100%|HC|  |TAMS 0x00000000ca800000, 0x00000000ca700000| Complete 
| 146|0x00000000ca800000, 0x00000000ca900000, 0x00000000ca900000|100%|HC|  |TAMS 0x00000000ca900000, 0x00000000ca800000| Complete 
| 147|0x00000000ca900000, 0x00000000caa00000, 0x00000000caa00000|100%|HC|  |TAMS 0x00000000caa00000, 0x00000000ca900000| Complete 
| 148|0x00000000caa00000, 0x00000000cab00000, 0x00000000cab00000|100%|HC|  |TAMS 0x00000000cab00000, 0x00000000caa00000| Complete 
| 149|0x00000000cab00000, 0x00000000cac00000, 0x00000000cac00000|100%|HC|  |TAMS 0x00000000cac00000, 0x00000000cab00000| Complete 
| 150|0x00000000cac00000, 0x00000000cad00000, 0x00000000cad00000|100%|HC|  |TAMS 0x00000000cad00000, 0x00000000cac00000| Complete 
| 151|0x00000000cad00000, 0x00000000cae00000, 0x00000000cae00000|100%|HC|  |TAMS 0x00000000cae00000, 0x00000000cad00000| Complete 
| 152|0x00000000cae00000, 0x00000000caf00000, 0x00000000caf00000|100%|HC|  |TAMS 0x00000000caf00000, 0x00000000cae00000| Complete 
| 153|0x00000000caf00000, 0x00000000cb000000, 0x00000000cb000000|100%|HC|  |TAMS 0x00000000cb000000, 0x00000000caf00000| Complete 
| 154|0x00000000cb000000, 0x00000000cb100000, 0x00000000cb100000|100%|HC|  |TAMS 0x00000000cb100000, 0x00000000cb000000| Complete 
| 155|0x00000000cb100000, 0x00000000cb200000, 0x00000000cb200000|100%|HC|  |TAMS 0x00000000cb200000, 0x00000000cb100000| Complete 
| 156|0x00000000cb200000, 0x00000000cb300000, 0x00000000cb300000|100%|HC|  |TAMS 0x00000000cb300000, 0x00000000cb200000| Complete 
| 157|0x00000000cb300000, 0x00000000cb400000, 0x00000000cb400000|100%|HC|  |TAMS 0x00000000cb400000, 0x00000000cb300000| Complete 
| 158|0x00000000cb400000, 0x00000000cb500000, 0x00000000cb500000|100%|HC|  |TAMS 0x00000000cb500000, 0x00000000cb400000| Complete 
| 159|0x00000000cb500000, 0x00000000cb600000, 0x00000000cb600000|100%|HC|  |TAMS 0x00000000cb600000, 0x00000000cb500000| Complete 
| 160|0x00000000cb600000, 0x00000000cb700000, 0x00000000cb700000|100%|HC|  |TAMS 0x00000000cb700000, 0x00000000cb600000| Complete 
| 161|0x00000000cb700000, 0x00000000cb800000, 0x00000000cb800000|100%|HC|  |TAMS 0x00000000cb800000, 0x00000000cb700000| Complete 
| 162|0x00000000cb800000, 0x00000000cb900000, 0x00000000cb900000|100%|HC|  |TAMS 0x00000000cb900000, 0x00000000cb800000| Complete 
| 163|0x00000000cb900000, 0x00000000cba00000, 0x00000000cba00000|100%|HC|  |TAMS 0x00000000cba00000, 0x00000000cb900000| Complete 
| 164|0x00000000cba00000, 0x00000000cbb00000, 0x00000000cbb00000|100%|HC|  |TAMS 0x00000000cbb00000, 0x00000000cba00000| Complete 
| 165|0x00000000cbb00000, 0x00000000cbc00000, 0x00000000cbc00000|100%|HC|  |TAMS 0x00000000cbc00000, 0x00000000cbb00000| Complete 
| 166|0x00000000cbc00000, 0x00000000cbd00000, 0x00000000cbd00000|100%|HC|  |TAMS 0x00000000cbd00000, 0x00000000cbc00000| Complete 
| 167|0x00000000cbd00000, 0x00000000cbe00000, 0x00000000cbe00000|100%|HC|  |TAMS 0x00000000cbe00000, 0x00000000cbd00000| Complete 
| 168|0x00000000cbe00000, 0x00000000cbf00000, 0x00000000cbf00000|100%|HC|  |TAMS 0x00000000cbf00000, 0x00000000cbe00000| Complete 
| 169|0x00000000cbf00000, 0x00000000cbf00000, 0x00000000cc000000|  0%| F|  |TAMS 0x00000000cbf00000, 0x00000000cbf00000| Untracked 
| 170|0x00000000cc000000, 0x00000000cc000000, 0x00000000cc100000|  0%| F|  |TAMS 0x00000000cc000000, 0x00000000cc000000| Untracked 
| 171|0x00000000cc100000, 0x00000000cc100000, 0x00000000cc200000|  0%| F|  |TAMS 0x00000000cc100000, 0x00000000cc100000| Untracked 
| 172|0x00000000cc200000, 0x00000000cc200000, 0x00000000cc300000|  0%| F|  |TAMS 0x00000000cc200000, 0x00000000cc200000| Untracked 
| 173|0x00000000cc300000, 0x00000000cc300000, 0x00000000cc400000|  0%| F|  |TAMS 0x00000000cc300000, 0x00000000cc300000| Untracked 
| 174|0x00000000cc400000, 0x00000000cc400000, 0x00000000cc500000|  0%| F|  |TAMS 0x00000000cc400000, 0x00000000cc400000| Untracked 
| 175|0x00000000cc500000, 0x00000000cc500000, 0x00000000cc600000|  0%| F|  |TAMS 0x00000000cc500000, 0x00000000cc500000| Untracked 
| 176|0x00000000cc600000, 0x00000000cc600000, 0x00000000cc700000|  0%| F|  |TAMS 0x00000000cc600000, 0x00000000cc600000| Untracked 
| 177|0x00000000cc700000, 0x00000000cc700000, 0x00000000cc800000|  0%| F|  |TAMS 0x00000000cc700000, 0x00000000cc700000| Untracked 
| 178|0x00000000cc800000, 0x00000000cc800000, 0x00000000cc900000|  0%| F|  |TAMS 0x00000000cc800000, 0x00000000cc800000| Untracked 
| 179|0x00000000cc900000, 0x00000000cc900000, 0x00000000cca00000|  0%| F|  |TAMS 0x00000000cc900000, 0x00000000cc900000| Untracked 
| 180|0x00000000cca00000, 0x00000000cca00000, 0x00000000ccb00000|  0%| F|  |TAMS 0x00000000cca00000, 0x00000000cca00000| Untracked 
| 181|0x00000000ccb00000, 0x00000000ccb00000, 0x00000000ccc00000|  0%| F|  |TAMS 0x00000000ccb00000, 0x00000000ccb00000| Untracked 
| 182|0x00000000ccc00000, 0x00000000ccc68478, 0x00000000ccd00000| 40%| S|CS|TAMS 0x00000000ccc00000, 0x00000000ccc00000| Complete 
| 183|0x00000000ccd00000, 0x00000000cce00000, 0x00000000cce00000|100%| S|CS|TAMS 0x00000000ccd00000, 0x00000000ccd00000| Complete 
| 184|0x00000000cce00000, 0x00000000ccf00000, 0x00000000ccf00000|100%| S|CS|TAMS 0x00000000cce00000, 0x00000000cce00000| Complete 
| 185|0x00000000ccf00000, 0x00000000ccf00000, 0x00000000cd000000|  0%| F|  |TAMS 0x00000000ccf00000, 0x00000000ccf00000| Untracked 
| 186|0x00000000cd000000, 0x00000000cd000000, 0x00000000cd100000|  0%| F|  |TAMS 0x00000000cd000000, 0x00000000cd000000| Untracked 
| 187|0x00000000cd100000, 0x00000000cd100000, 0x00000000cd200000|  0%| F|  |TAMS 0x00000000cd100000, 0x00000000cd100000| Untracked 
| 188|0x00000000cd200000, 0x00000000cd200000, 0x00000000cd300000|  0%| F|  |TAMS 0x00000000cd200000, 0x00000000cd200000| Untracked 
| 189|0x00000000cd300000, 0x00000000cd300000, 0x00000000cd400000|  0%| F|  |TAMS 0x00000000cd300000, 0x00000000cd300000| Untracked 
| 190|0x00000000cd400000, 0x00000000cd400000, 0x00000000cd500000|  0%| F|  |TAMS 0x00000000cd400000, 0x00000000cd400000| Untracked 
| 191|0x00000000cd500000, 0x00000000cd500000, 0x00000000cd600000|  0%| F|  |TAMS 0x00000000cd500000, 0x00000000cd500000| Untracked 
| 192|0x00000000cd600000, 0x00000000cd600000, 0x00000000cd700000|  0%| F|  |TAMS 0x00000000cd600000, 0x00000000cd600000| Untracked 
| 193|0x00000000cd700000, 0x00000000cd700000, 0x00000000cd800000|  0%| F|  |TAMS 0x00000000cd700000, 0x00000000cd700000| Untracked 
| 194|0x00000000cd800000, 0x00000000cd800000, 0x00000000cd900000|  0%| F|  |TAMS 0x00000000cd800000, 0x00000000cd800000| Untracked 
| 195|0x00000000cd900000, 0x00000000cd900000, 0x00000000cda00000|  0%| F|  |TAMS 0x00000000cd900000, 0x00000000cd900000| Untracked 
| 196|0x00000000cda00000, 0x00000000cda00000, 0x00000000cdb00000|  0%| F|  |TAMS 0x00000000cda00000, 0x00000000cda00000| Untracked 
| 197|0x00000000cdb00000, 0x00000000cdb00000, 0x00000000cdc00000|  0%| F|  |TAMS 0x00000000cdb00000, 0x00000000cdb00000| Untracked 
| 198|0x00000000cdc00000, 0x00000000cdc00000, 0x00000000cdd00000|  0%| F|  |TAMS 0x00000000cdc00000, 0x00000000cdc00000| Untracked 
| 199|0x00000000cdd00000, 0x00000000cdd00000, 0x00000000cde00000|  0%| F|  |TAMS 0x00000000cdd00000, 0x00000000cdd00000| Untracked 
| 200|0x00000000cde00000, 0x00000000cde00000, 0x00000000cdf00000|  0%| F|  |TAMS 0x00000000cde00000, 0x00000000cde00000| Untracked 
| 201|0x00000000cdf00000, 0x00000000cdf00000, 0x00000000ce000000|  0%| F|  |TAMS 0x00000000cdf00000, 0x00000000cdf00000| Untracked 
| 202|0x00000000ce000000, 0x00000000ce000000, 0x00000000ce100000|  0%| F|  |TAMS 0x00000000ce000000, 0x00000000ce000000| Untracked 
| 203|0x00000000ce100000, 0x00000000ce100000, 0x00000000ce200000|  0%| F|  |TAMS 0x00000000ce100000, 0x00000000ce100000| Untracked 
| 204|0x00000000ce200000, 0x00000000ce200000, 0x00000000ce300000|  0%| F|  |TAMS 0x00000000ce200000, 0x00000000ce200000| Untracked 
| 205|0x00000000ce300000, 0x00000000ce300000, 0x00000000ce400000|  0%| F|  |TAMS 0x00000000ce300000, 0x00000000ce300000| Untracked 
| 206|0x00000000ce400000, 0x00000000ce400000, 0x00000000ce500000|  0%| F|  |TAMS 0x00000000ce400000, 0x00000000ce400000| Untracked 
| 207|0x00000000ce500000, 0x00000000ce500000, 0x00000000ce600000|  0%| F|  |TAMS 0x00000000ce500000, 0x00000000ce500000| Untracked 
| 208|0x00000000ce600000, 0x00000000ce600000, 0x00000000ce700000|  0%| F|  |TAMS 0x00000000ce600000, 0x00000000ce600000| Untracked 
| 209|0x00000000ce700000, 0x00000000ce700000, 0x00000000ce800000|  0%| F|  |TAMS 0x00000000ce700000, 0x00000000ce700000| Untracked 
| 210|0x00000000ce800000, 0x00000000ce800000, 0x00000000ce900000|  0%| F|  |TAMS 0x00000000ce800000, 0x00000000ce800000| Untracked 
| 211|0x00000000ce900000, 0x00000000ce900000, 0x00000000cea00000|  0%| F|  |TAMS 0x00000000ce900000, 0x00000000ce900000| Untracked 
| 212|0x00000000cea00000, 0x00000000cea00000, 0x00000000ceb00000|  0%| F|  |TAMS 0x00000000cea00000, 0x00000000cea00000| Untracked 
| 213|0x00000000ceb00000, 0x00000000ceb00000, 0x00000000cec00000|  0%| F|  |TAMS 0x00000000ceb00000, 0x00000000ceb00000| Untracked 
| 214|0x00000000cec00000, 0x00000000cec00000, 0x00000000ced00000|  0%| F|  |TAMS 0x00000000cec00000, 0x00000000cec00000| Untracked 
| 215|0x00000000ced00000, 0x00000000ced00000, 0x00000000cee00000|  0%| F|  |TAMS 0x00000000ced00000, 0x00000000ced00000| Untracked 
| 216|0x00000000cee00000, 0x00000000cee80000, 0x00000000cef00000| 50%| E|  |TAMS 0x00000000cee00000, 0x00000000cee00000| Complete 

Card table byte_map: [0x0000024d2b1b0000,0x0000024d2b3b0000] _byte_map_base: 0x0000024d2aba5000

Marking Bits (Prev, Next): (CMBitMap*) 0x0000024d13ae3908, (CMBitMap*) 0x0000024d13ae38c8
 Prev Bits: [0x0000024d2c560000, 0x0000024d2d508000)
 Next Bits: [0x0000024d2b5b0000, 0x0000024d2c558000)

Polling page: 0x0000024d11810000

Metaspace:

Usage:
  Non-class:     18.28 MB capacity,    18.04 MB ( 99%) used,   203.14 KB (  1%) free+waste,    42.56 KB ( <1%) overhead. 
      Class:      2.48 MB capacity,     2.31 MB ( 93%) used,   147.66 KB (  6%) free+waste,    22.06 KB ( <1%) overhead. 
       Both:     20.76 MB capacity,    20.36 MB ( 98%) used,   350.80 KB (  2%) free+waste,    64.63 KB ( <1%) overhead. 

Virtual space:
  Non-class space:       20.00 MB reserved,      18.50 MB ( 93%) committed 
      Class space:        1.00 GB reserved,       2.50 MB ( <1%) committed 
             Both:        1.02 GB reserved,      21.00 MB (  2%) committed 

Chunk freelists:
   Non-Class:  29.00 KB
       Class:  20.00 KB
        Both:  49.00 KB

MaxMetaspaceSize: 17179869184.00 GB
CompressedClassSpaceSize: 1.00 GB

CodeHeap 'non-profiled nmethods': size=120000Kb used=972Kb max_used=972Kb free=119027Kb
 bounds [0x0000024d23a80000, 0x0000024d23cf0000, 0x0000024d2afb0000]
CodeHeap 'profiled nmethods': size=120000Kb used=5779Kb max_used=5779Kb free=114220Kb
 bounds [0x0000024d1c550000, 0x0000024d1cb00000, 0x0000024d23a80000]
CodeHeap 'non-nmethods': size=5760Kb used=1367Kb max_used=1384Kb free=4392Kb
 bounds [0x0000024d1bfb0000, 0x0000024d1c220000, 0x0000024d1c550000]
 total_blobs=4165 nmethods=2592 adapters=577
 compilation: enabled
              stopped_count=0, restarted_count=0
 full_count=0

Compilation events (20 events):
Event: 38.614 Thread 0x0000024d2facf000 nmethod 2732 0x0000024d1caf0c90 code [0x0000024d1caf0e20, 0x0000024d1caf0f78]
Event: 38.621 Thread 0x0000024d2facf000 2733       3       java.util.logging.LogManager$LoggerContext::getGlobalLogger (6 bytes)
Event: 38.622 Thread 0x0000024d2facf000 nmethod 2733 0x0000024d1caf1010 code [0x0000024d1caf11c0, 0x0000024d1caf1358]
Event: 38.660 Thread 0x0000024d2facf000 2734       3       java.util.Properties::getProperty (50 bytes)
Event: 38.661 Thread 0x0000024d2facf000 nmethod 2734 0x0000024d1caf1410 code [0x0000024d1caf15e0, 0x0000024d1caf1c00]
Event: 38.663 Thread 0x0000024d2facf000 2735       3       java.util.logging.LogManager::getProperty (9 bytes)
Event: 38.664 Thread 0x0000024d2facf000 nmethod 2735 0x0000024d1caf1d10 code [0x0000024d1caf1ec0, 0x0000024d1caf2110]
Event: 38.696 Thread 0x0000024d2facf000 2736       3       java.util.jar.Manifest$FastInputStream::peek (38 bytes)
Event: 38.697 Thread 0x0000024d2facf000 nmethod 2736 0x0000024d1caf2210 code [0x0000024d1caf23c0, 0x0000024d1caf2650]
Event: 38.697 Thread 0x0000024d2facf000 2737       3       java.util.LinkedHashMap::get (33 bytes)
Event: 38.698 Thread 0x0000024d2facf000 nmethod 2737 0x0000024d1caf2790 code [0x0000024d1caf2980, 0x0000024d1caf2e50]
Event: 38.755 Thread 0x0000024d2facf000 2738   !   3       jdk.internal.ref.PhantomCleanable::isListEmpty (34 bytes)
Event: 38.757 Thread 0x0000024d2facf000 nmethod 2738 0x0000024d1caf3010 code [0x0000024d1caf31c0, 0x0000024d1caf3558]
Event: 38.757 Thread 0x0000024d2facf000 2739       3       jdk.internal.misc.InnocuousThread::eraseThreadLocals (23 bytes)
Event: 38.757 Thread 0x0000024d2facf000 nmethod 2739 0x0000024d1caf3690 code [0x0000024d1caf3840, 0x0000024d1caf3a98]
Event: 38.757 Thread 0x0000024d2facf000 2741   !   3       java.util.logging.LogManager::ensureLogManagerInitialized (144 bytes)
Event: 38.759 Thread 0x0000024d2facf000 nmethod 2741 0x0000024d1caf3b10 code [0x0000024d1caf3de0, 0x0000024d1caf4d90]
Event: 38.760 Thread 0x0000024d2facf000 2740       3       java.lang.invoke.MethodHandleNatives$CallSiteContext::run (5 bytes)
Event: 38.760 Thread 0x0000024d2facf000 nmethod 2740 0x0000024d1caf5310 code [0x0000024d1caf54c0, 0x0000024d1caf5670]
Event: 38.760 Thread 0x0000024d2fac8800 2742       4       jdk.internal.loader.URLClassPath::getResource (74 bytes)

GC Heap History (18 events):
Event: 14.099 GC heap before
{Heap before GC invocations=0 (full 0):
 garbage-first heap   total 65536K, used 14336K [0x00000000c1600000, 0x0000000100000000)
  region size 1024K, 14 young (14336K), 0 survivors (0K)
 Metaspace       used 9912K, capacity 10198K, committed 10240K, reserved 1058816K
  class space    used 1121K, capacity 1255K, committed 1280K, reserved 1048576K
}
Event: 14.109 GC heap after
{Heap after GC invocations=1 (full 0):
 garbage-first heap   total 65536K, used 6206K [0x00000000c1600000, 0x0000000100000000)
  region size 1024K, 2 young (2048K), 2 survivors (2048K)
 Metaspace       used 9912K, capacity 10198K, committed 10240K, reserved 1058816K
  class space    used 1121K, capacity 1255K, committed 1280K, reserved 1048576K
}
Event: 14.184 GC heap before
{Heap before GC invocations=1 (full 0):
 garbage-first heap   total 65536K, used 8254K [0x00000000c1600000, 0x0000000100000000)
  region size 1024K, 4 young (4096K), 2 survivors (2048K)
 Metaspace       used 9987K, capacity 10262K, committed 10496K, reserved 1058816K
  class space    used 1124K, capacity 1255K, committed 1280K, reserved 1048576K
}
Event: 14.189 GC heap after
{Heap after GC invocations=2 (full 0):
 garbage-first heap   total 65536K, used 6727K [0x00000000c1600000, 0x0000000100000000)
  region size 1024K, 1 young (1024K), 1 survivors (1024K)
 Metaspace       used 9987K, capacity 10262K, committed 10496K, reserved 1058816K
  class space    used 1124K, capacity 1255K, committed 1280K, reserved 1048576K
}
Event: 27.472 GC heap before
{Heap before GC invocations=2 (full 0):
 garbage-first heap   total 65536K, used 11847K [0x00000000c1600000, 0x0000000100000000)
  region size 1024K, 7 young (7168K), 1 survivors (1024K)
 Metaspace       used 11800K, capacity 12102K, committed 12288K, reserved 1060864K
  class space    used 1324K, capacity 1442K, committed 1536K, reserved 1048576K
}
Event: 27.477 GC heap after
{Heap after GC invocations=3 (full 0):
 garbage-first heap   total 65536K, used 9281K [0x00000000c1600000, 0x0000000100000000)
  region size 1024K, 3 young (3072K), 3 survivors (3072K)
 Metaspace       used 11800K, capacity 12102K, committed 12288K, reserved 1060864K
  class space    used 1324K, capacity 1442K, committed 1536K, reserved 1048576K
}
Event: 27.769 GC heap before
{Heap before GC invocations=4 (full 0):
 garbage-first heap   total 209920K, used 140353K [0x00000000c1600000, 0x0000000100000000)
  region size 1024K, 21 young (21504K), 3 survivors (3072K)
 Metaspace       used 11802K, capacity 12102K, committed 12288K, reserved 1060864K
  class space    used 1324K, capacity 1442K, committed 1536K, reserved 1048576K
}
Event: 27.771 GC heap after
{Heap after GC invocations=5 (full 0):
 garbage-first heap   total 209920K, used 123146K [0x00000000c1600000, 0x0000000100000000)
  region size 1024K, 1 young (1024K), 1 survivors (1024K)
 Metaspace       used 11802K, capacity 12102K, committed 12288K, reserved 1060864K
  class space    used 1324K, capacity 1442K, committed 1536K, reserved 1048576K
}
Event: 28.040 GC heap before
{Heap before GC invocations=5 (full 0):
 garbage-first heap   total 209920K, used 170250K [0x00000000c1600000, 0x0000000100000000)
  region size 1024K, 48 young (49152K), 1 survivors (1024K)
 Metaspace       used 11802K, capacity 12102K, committed 12288K, reserved 1060864K
  class space    used 1324K, capacity 1442K, committed 1536K, reserved 1048576K
}
Event: 28.041 GC heap after
{Heap after GC invocations=6 (full 0):
 garbage-first heap   total 209920K, used 123198K [0x00000000c1600000, 0x0000000100000000)
  region size 1024K, 1 young (1024K), 1 survivors (1024K)
 Metaspace       used 11802K, capacity 12102K, committed 12288K, reserved 1060864K
  class space    used 1324K, capacity 1442K, committed 1536K, reserved 1048576K
}
Event: 28.331 GC heap before
{Heap before GC invocations=7 (full 0):
 garbage-first heap   total 214016K, used 174398K [0x00000000c1600000, 0x0000000100000000)
  region size 1024K, 51 young (52224K), 1 survivors (1024K)
 Metaspace       used 11805K, capacity 12102K, committed 12288K, reserved 1060864K
  class space    used 1325K, capacity 1442K, committed 1536K, reserved 1048576K
}
Event: 28.332 GC heap after
{Heap after GC invocations=8 (full 0):
 garbage-first heap   total 214016K, used 123180K [0x00000000c1600000, 0x0000000100000000)
  region size 1024K, 1 young (1024K), 1 survivors (1024K)
 Metaspace       used 11805K, capacity 12102K, committed 12288K, reserved 1060864K
  class space    used 1325K, capacity 1442K, committed 1536K, reserved 1048576K
}
Event: 28.339 GC heap before
{Heap before GC invocations=8 (full 0):
 garbage-first heap   total 214016K, used 123180K [0x00000000c1600000, 0x0000000100000000)
  region size 1024K, 2 young (2048K), 1 survivors (1024K)
 Metaspace       used 11806K, capacity 12102K, committed 12288K, reserved 1060864K
  class space    used 1325K, capacity 1442K, committed 1536K, reserved 1048576K
}
Event: 28.340 GC heap after
{Heap after GC invocations=9 (full 0):
 garbage-first heap   total 214016K, used 123209K [0x00000000c1600000, 0x0000000100000000)
  region size 1024K, 1 young (1024K), 1 survivors (1024K)
 Metaspace       used 11806K, capacity 12102K, committed 12288K, reserved 1060864K
  class space    used 1325K, capacity 1442K, committed 1536K, reserved 1048576K
}
Event: 28.390 GC heap before
{Heap before GC invocations=10 (full 0):
 garbage-first heap   total 217088K, used 127305K [0x00000000c1600000, 0x0000000100000000)
  region size 1024K, 2 young (2048K), 1 survivors (1024K)
 Metaspace       used 11814K, capacity 12102K, committed 12288K, reserved 1060864K
  class space    used 1325K, capacity 1442K, committed 1536K, reserved 1048576K
}
Event: 28.391 GC heap after
{Heap after GC invocations=11 (full 0):
 garbage-first heap   total 217088K, used 127326K [0x00000000c1600000, 0x0000000100000000)
  region size 1024K, 1 young (1024K), 1 survivors (1024K)
 Metaspace       used 11814K, capacity 12102K, committed 12288K, reserved 1060864K
  class space    used 1325K, capacity 1442K, committed 1536K, reserved 1048576K
}
Event: 38.735 GC heap before
{Heap before GC invocations=12 (full 0):
 garbage-first heap   total 222208K, used 160094K [0x00000000c1600000, 0x0000000100000000)
  region size 1024K, 32 young (32768K), 1 survivors (1024K)
 Metaspace       used 20778K, capacity 21199K, committed 21248K, reserved 1069056K
  class space    used 2353K, capacity 2540K, committed 2560K, reserved 1048576K
}
Event: 38.754 GC heap after
{Heap after GC invocations=13 (full 0):
 garbage-first heap   total 222208K, used 132740K [0x00000000c1600000, 0x0000000100000000)
  region size 1024K, 3 young (3072K), 3 survivors (3072K)
 Metaspace       used 20778K, capacity 21199K, committed 21248K, reserved 1069056K
  class space    used 2353K, capacity 2540K, committed 2560K, reserved 1048576K
}

Deoptimization events (20 events):
Event: 36.365 Thread 0x0000024d30937000 DEOPT PACKING pc=0x0000024d23b4aebc sp=0x000000925ddfceb0
Event: 36.365 Thread 0x0000024d30937000 DEOPT UNPACKING pc=0x0000024d1bff912f sp=0x000000925ddfce50 mode 2
Event: 36.368 Thread 0x0000024d30937000 Uncommon trap: trap_request=0xffffff45 fr.pc=0x0000024d23b49b1c relative=0x000000000000027c
Event: 36.368 Thread 0x0000024d30937000 Uncommon trap: reason=unstable_if action=reinterpret pc=0x0000024d23b49b1c method=java.util.concurrent.ConcurrentHashMap.get(Ljava/lang/Object;)Ljava/lang/Object; @ 152 c2
Event: 36.368 Thread 0x0000024d30937000 DEOPT PACKING pc=0x0000024d23b49b1c sp=0x000000925ddfd190
Event: 36.368 Thread 0x0000024d30937000 DEOPT UNPACKING pc=0x0000024d1bff912f sp=0x000000925ddfd108 mode 2
Event: 36.439 Thread 0x0000024d30937000 DEOPT PACKING pc=0x0000024d1c9f3330 sp=0x000000925ddf7f60
Event: 36.439 Thread 0x0000024d30937000 DEOPT UNPACKING pc=0x0000024d1bff964e sp=0x000000925ddf7478 mode 0
Event: 36.557 Thread 0x0000024d30937000 Uncommon trap: trap_request=0xffffff45 fr.pc=0x0000024d23b55e7c relative=0x0000000000000e5c
Event: 36.557 Thread 0x0000024d30937000 Uncommon trap: reason=unstable_if action=reinterpret pc=0x0000024d23b55e7c method=java.util.concurrent.ConcurrentHashMap.putVal(Ljava/lang/Object;Ljava/lang/Object;Z)Ljava/lang/Object; @ 256 c2
Event: 36.557 Thread 0x0000024d30937000 DEOPT PACKING pc=0x0000024d23b55e7c sp=0x000000925ddfdd60
Event: 36.557 Thread 0x0000024d30937000 DEOPT UNPACKING pc=0x0000024d1bff912f sp=0x000000925ddfdcd8 mode 2
Event: 36.657 Thread 0x0000024d30937000 DEOPT PACKING pc=0x0000024d1c9f3330 sp=0x000000925ddf8ed0
Event: 36.657 Thread 0x0000024d30937000 DEOPT UNPACKING pc=0x0000024d1bff964e sp=0x000000925ddf83e8 mode 0
Event: 36.675 Thread 0x0000024d30937000 DEOPT PACKING pc=0x0000024d1c9f3330 sp=0x000000925ddf8f40
Event: 36.675 Thread 0x0000024d30937000 DEOPT UNPACKING pc=0x0000024d1bff964e sp=0x000000925ddf8458 mode 0
Event: 38.324 Thread 0x0000024d30937000 Uncommon trap: trap_request=0xffffff45 fr.pc=0x0000024d23b0c3e0 relative=0x0000000000000120
Event: 38.324 Thread 0x0000024d30937000 Uncommon trap: reason=unstable_if action=reinterpret pc=0x0000024d23b0c3e0 method=java.lang.ThreadLocal$ThreadLocalMap.getEntry(Ljava/lang/ThreadLocal;)Ljava/lang/ThreadLocal$ThreadLocalMap$Entry; @ 29 c2
Event: 38.324 Thread 0x0000024d30937000 DEOPT PACKING pc=0x0000024d23b0c3e0 sp=0x000000925ddfbe30
Event: 38.324 Thread 0x0000024d30937000 DEOPT UNPACKING pc=0x0000024d1bff912f sp=0x000000925ddfbd70 mode 2

Classes unloaded (0 events):
No events

Classes redefined (0 events):
No events

Internal exceptions (16 events):
Event: 0.209 Thread 0x0000024d13ab2800 Exception <a 'java/lang/ClassNotFoundException'{0x00000000c5230db8}: sun/awt/resources/spi/awtProvider> (0x00000000c5230db8) 
thrown [t:/workspace/open/src/hotspot/share/classfile/systemDictionary.cpp, line 232]
Event: 0.245 Thread 0x0000024d13ab2800 Exception <a 'java/io/FileNotFoundException'{0x00000000c5286348}> (0x00000000c5286348) 
thrown [t:/workspace/open/src/hotspot/share/prims/jni.cpp, line 598]
Event: 0.254 Thread 0x0000024d13ab2800 Exception <a 'java/io/FileNotFoundException'{0x00000000c52ac8c0}> (0x00000000c52ac8c0) 
thrown [t:/workspace/open/src/hotspot/share/prims/jni.cpp, line 598]
Event: 0.307 Thread 0x0000024d30908800 Exception <a 'java/lang/NoSuchMethodError'{0x00000000c5102018}: 'void java.lang.invoke.DirectMethodHandle$Holder.invokeSpecial(java.lang.Object, java.lang.Object)'> (0x00000000c5102018) 
thrown [t:/workspace/open/src/hotspot/share/interpreter/linkResolver.cpp, line 767]
Event: 0.368 Thread 0x0000024d30937000 Exception <a 'java/lang/NoSuchMethodError'{0x00000000c5008f80}: 'java.lang.Object java.lang.invoke.DirectMethodHandle$Holder.invokeStatic(java.lang.Object, int, java.lang.Object, java.lang.Object, java.lang.Object, java.lang.Object)'> (0x00000000c5008f80) 
thrown [t:/workspace/open/src/hotspot/share/interpreter/linkResolver.cpp, line 767]
Event: 0.369 Thread 0x0000024d30937000 Exception <a 'java/lang/NoSuchMethodError'{0x00000000c500f8e0}: 'java.lang.Object java.lang.invoke.DirectMethodHandle$Holder.invokeStatic(java.lang.Object, int, java.lang.Object, java.lang.Object, java.lang.Object)'> (0x00000000c500f8e0) 
thrown [t:/workspace/open/src/hotspot/share/interpreter/linkResolver.cpp, line 767]
Event: 0.370 Thread 0x0000024d30937000 Exception <a 'java/lang/NoSuchMethodError'{0x00000000c5013148}: 'java.lang.Object java.lang.invoke.DirectMethodHandle$Holder.invokeSpecial(java.lang.Object, java.lang.Object, int, java.lang.Object, java.lang.Object, java.lang.Object)'> (0x00000000c5013148) 
thrown [t:/workspace/open/src/hotspot/share/interpreter/linkResolver.cpp, line 767]
Event: 0.375 Thread 0x0000024d30937000 Exception <a 'java/lang/NoSuchMethodError'{0x00000000c5029470}: 'java.lang.Object java.lang.invoke.DirectMethodHandle$Holder.invokeStatic(java.lang.Object, int, java.lang.Object)'> (0x00000000c5029470) 
thrown [t:/workspace/open/src/hotspot/share/interpreter/linkResolver.cpp, line 767]
Event: 0.408 Thread 0x0000024d30937000 Exception <a 'java/lang/ClassNotFoundException'{0x00000000c50ccb78}: com/sun/swing/internal/plaf/metal/resources/spi/metalProvider> (0x00000000c50ccb78) 
thrown [t:/workspace/open/src/hotspot/share/classfile/systemDictionary.cpp, line 232]
Event: 0.409 Thread 0x0000024d30937000 Exception <a 'java/lang/ClassNotFoundException'{0x00000000c50d0c50}: com/sun/swing/internal/plaf/basic/resources/spi/basicProvider> (0x00000000c50d0c50) 
thrown [t:/workspace/open/src/hotspot/share/classfile/systemDictionary.cpp, line 232]
Event: 0.538 Thread 0x0000024d30937000 Exception <a 'java/lang/NoSuchMethodError'{0x00000000c4f428d8}: 'void java.lang.invoke.DirectMethodHandle$Holder.invokeStaticInit(java.lang.Object)'> (0x00000000c4f428d8) 
thrown [t:/workspace/open/src/hotspot/share/interpreter/linkResolver.cpp, line 767]
Event: 0.571 Thread 0x0000024d30937000 Exception <a 'java/lang/NoSuchMethodError'{0x00000000c4e28170}: 'java.lang.Object java.lang.invoke.Invokers$Holder.linkToTargetMethod(java.lang.Object, int, java.lang.Object)'> (0x00000000c4e28170) 
thrown [t:/workspace/open/src/hotspot/share/interpreter/linkResolver.cpp, line 767]
Event: 34.359 Thread 0x0000024d30937000 Exception <a 'java/lang/NoClassDefFoundError'{0x00000000cec6fd00}: org/apache/log4j/Category> (0x00000000cec6fd00) 
thrown [t:/workspace/open/src/hotspot/share/classfile/systemDictionary.cpp, line 221]
Event: 37.497 Thread 0x0000024d30937000 Exception <a 'java/lang/NoSuchMethodError'{0x00000000cd119ba0}: 'java.lang.Object java.lang.invoke.DirectMethodHandle$Holder.invokeStaticInit(java.lang.Object, java.lang.Object, java.lang.Object)'> (0x00000000cd119ba0) 
thrown [t:/workspace/open/src/hotspot/share/interpreter/linkResolver.cpp, line 767]
Event: 37.604 Thread 0x0000024d30937000 Exception <a 'java/lang/NoSuchMethodError'{0x00000000cd132480}: 'int java.lang.invoke.DirectMethodHandle$Holder.invokeInterface(java.lang.Object, java.lang.Object)'> (0x00000000cd132480) 
thrown [t:/workspace/open/src/hotspot/share/interpreter/linkResolver.cpp, line 767]
Event: 37.605 Thread 0x0000024d30937000 Exception <a 'java/lang/IncompatibleClassChangeError'{0x00000000cd1354d8}: Found class java.lang.Object, but interface was expected> (0x00000000cd1354d8) 
thrown [t:/workspace/open/src/hotspot/share/interpreter/linkResolver.cpp, line 833]

Events (20 events):
Event: 38.764 loading class org/apache/http/client/methods/HttpHead done
Event: 38.765 loading class org/apache/http/client/methods/HttpEntityEnclosingRequestBase
Event: 38.765 loading class org/apache/http/client/methods/HttpEntityEnclosingRequestBase done
Event: 38.765 loading class org/apache/http/HttpEntityEnclosingRequest
Event: 38.765 loading class org/apache/http/HttpEntityEnclosingRequest done
Event: 38.766 loading class com/amazonaws/http/apache/request/impl/HttpGetWithBody
Event: 38.766 loading class com/amazonaws/http/apache/request/impl/HttpGetWithBody done
Event: 38.766 loading class org/apache/http/client/methods/HttpDelete
Event: 38.766 loading class org/apache/http/client/methods/HttpDelete done
Event: 38.767 loading class org/apache/http/client/methods/HttpOptions
Event: 38.767 loading class org/apache/http/client/methods/HttpOptions done
Event: 38.767 loading class org/apache/http/client/methods/HttpPatch
Event: 38.767 loading class org/apache/http/client/methods/HttpPatch done
Event: 38.768 loading class org/apache/http/client/methods/HttpPost
Event: 38.768 loading class org/apache/http/client/methods/HttpPost done
Event: 38.768 loading class org/apache/http/client/methods/HttpPut
Event: 38.768 loading class org/apache/http/client/methods/HttpPut done
Event: 38.769 loading class com/amazonaws/SDKGlobalTime
Event: 38.769 loading class com/amazonaws/SDKGlobalTime done
Event: 38.787 Executing VM operation: G1Concurrent


Dynamic libraries:
0x00007ff6f5140000 - 0x00007ff6f514f000 	C:\Program Files\Java\jdk-13.0.2\bin\javaw.exe
0x00007ff96e940000 - 0x00007ff96eb30000 	C:\Windows\SYSTEM32\ntdll.dll
0x00007ff96e3f0000 - 0x00007ff96e4a2000 	C:\Windows\System32\KERNEL32.DLL
0x00007ff96bc00000 - 0x00007ff96bea5000 	C:\Windows\System32\KERNELBASE.dll
0x00007ff96bf60000 - 0x00007ff96c05a000 	C:\Windows\System32\ucrtbase.dll
0x00007ff954f20000 - 0x00007ff954f35000 	C:\Program Files\Java\jdk-13.0.2\bin\VCRUNTIME140.dll
0x00007ff9554f0000 - 0x00007ff955508000 	C:\Program Files\Java\jdk-13.0.2\bin\jli.dll
0x00007ff96d570000 - 0x00007ff96d613000 	C:\Windows\System32\ADVAPI32.dll
0x00007ff96cba0000 - 0x00007ff96cc3e000 	C:\Windows\System32\msvcrt.dll
0x00007ff96ccb0000 - 0x00007ff96cd47000 	C:\Windows\System32\sechost.dll
0x00007ff96de00000 - 0x00007ff96df1f000 	C:\Windows\System32\RPCRT4.dll
0x00007ff96e010000 - 0x00007ff96e1a4000 	C:\Windows\System32\USER32.dll
0x00007ff96bee0000 - 0x00007ff96bf01000 	C:\Windows\System32\win32u.dll
0x00007ff95fda0000 - 0x00007ff960024000 	C:\Windows\WinSxS\amd64_microsoft.windows.common-controls_6595b64144ccf1df_6.0.18362.1556_none_9e7e372fe45e41d5\COMCTL32.dll
0x00007ff96c9c0000 - 0x00007ff96c9e6000 	C:\Windows\System32\GDI32.dll
0x00007ff96e4d0000 - 0x00007ff96e806000 	C:\Windows\System32\combase.dll
0x00007ff96b880000 - 0x00007ff96ba18000 	C:\Windows\System32\gdi32full.dll
0x00007ff96bac0000 - 0x00007ff96bb41000 	C:\Windows\System32\bcryptPrimitives.dll
0x00007ff96ba20000 - 0x00007ff96babe000 	C:\Windows\System32\msvcp_win.dll
0x00007ff960060000 - 0x00007ff96006a000 	C:\Windows\SYSTEM32\VERSION.dll
0x00007ff96ddd0000 - 0x00007ff96ddfe000 	C:\Windows\System32\IMM32.DLL
0x00007ff941c30000 - 0x00007ff941ccb000 	C:\Program Files\Java\jdk-13.0.2\bin\msvcp140.dll
0x00007ff924160000 - 0x00007ff924cbd000 	C:\Program Files\Java\jdk-13.0.2\bin\server\jvm.dll
0x00007ff96e310000 - 0x00007ff96e318000 	C:\Windows\System32\PSAPI.DLL
0x00007ff9654f0000 - 0x00007ff9654f9000 	C:\Windows\SYSTEM32\WSOCK32.dll
0x00007ff968170000 - 0x00007ff968194000 	C:\Windows\SYSTEM32\WINMM.dll
0x00007ff96cc40000 - 0x00007ff96ccaf000 	C:\Windows\System32\WS2_32.dll
0x00007ff968140000 - 0x00007ff96816d000 	C:\Windows\SYSTEM32\winmmbase.dll
0x00007ff96bf10000 - 0x00007ff96bf5a000 	C:\Windows\System32\cfgmgr32.dll
0x00007ff96b860000 - 0x00007ff96b871000 	C:\Windows\System32\kernel.appcore.dll
0x00007ff964b60000 - 0x00007ff964b70000 	C:\Program Files\Java\jdk-13.0.2\bin\verify.dll
0x00007ff95e2c0000 - 0x00007ff95e4b4000 	C:\Windows\SYSTEM32\DBGHELP.DLL
0x00007ff95ee20000 - 0x00007ff95ee4a000 	C:\Windows\SYSTEM32\dbgcore.DLL
0x00007ff954de0000 - 0x00007ff954e06000 	C:\Program Files\Java\jdk-13.0.2\bin\java.dll
0x00007ff954e90000 - 0x00007ff954ea7000 	C:\Program Files\Java\jdk-13.0.2\bin\zip.dll
0x00007ff95b610000 - 0x00007ff95b61a000 	C:\Program Files\Java\jdk-13.0.2\bin\jimage.dll
0x00007ff96ce80000 - 0x00007ff96d567000 	C:\Windows\System32\SHELL32.dll
0x00007ff96e820000 - 0x00007ff96e8c8000 	C:\Windows\System32\shcore.dll
0x00007ff96c1e0000 - 0x00007ff96c95b000 	C:\Windows\System32\windows.storage.dll
0x00007ff96b7d0000 - 0x00007ff96b7ee000 	C:\Windows\System32\profapi.dll
0x00007ff96b7f0000 - 0x00007ff96b83a000 	C:\Windows\System32\powrprof.dll
0x00007ff96b7c0000 - 0x00007ff96b7d0000 	C:\Windows\System32\UMPDC.dll
0x00007ff96d620000 - 0x00007ff96d672000 	C:\Windows\System32\shlwapi.dll
0x00007ff96c1c0000 - 0x00007ff96c1d7000 	C:\Windows\System32\cryptsp.dll
0x00007ff954db0000 - 0x00007ff954dc9000 	C:\Program Files\Java\jdk-13.0.2\bin\net.dll
0x00007ff961bf0000 - 0x00007ff961cea000 	C:\Windows\SYSTEM32\WINHTTP.dll
0x00007ff96b000000 - 0x00007ff96b067000 	C:\Windows\system32\mswsock.dll
0x00007ff954bc0000 - 0x00007ff954bd3000 	C:\Program Files\Java\jdk-13.0.2\bin\nio.dll
0x00007ff93f100000 - 0x00007ff93f299000 	C:\Program Files\Java\jdk-13.0.2\bin\awt.dll
0x00007ff96e320000 - 0x00007ff96e3e5000 	C:\Windows\System32\OLEAUT32.dll
0x00007ff969930000 - 0x00007ff9699bf000 	C:\Windows\SYSTEM32\apphelp.dll
0x00007ff969b00000 - 0x00007ff969b99000 	C:\Windows\system32\uxtheme.dll
0x00007ff96d680000 - 0x00007ff96d7b5000 	C:\Windows\System32\MSCTF.dll
0x00007ff96e1b0000 - 0x00007ff96e307000 	C:\Windows\System32\ole32.dll
0x00007ff96a0f0000 - 0x00007ff96a11d000 	C:\Windows\system32\DWMAPI.DLL
0x00007ff93d5c0000 - 0x00007ff93d716000 	C:\Windows\system32\opengl32.dll
0x00007ff954e50000 - 0x00007ff954e7c000 	C:\Windows\SYSTEM32\GLU32.dll
0x00007ff96a400000 - 0x00007ff96a420000 	C:\Windows\SYSTEM32\dxcore.dll
0x00007ff950110000 - 0x00007ff950192000 	C:\Program Files\Java\jdk-13.0.2\bin\freetype.dll
0x00007ff94b8c0000 - 0x00007ff94b966000 	C:\Program Files\Java\jdk-13.0.2\bin\fontmanager.dll
0x00007ff96dd20000 - 0x00007ff96ddc2000 	C:\Windows\System32\clbcatq.dll
0x00007ff966190000 - 0x00007ff96633f000 	C:\Windows\SYSTEM32\WindowsCodecs.dll
0x00007ff94f630000 - 0x00007ff94f66b000 	C:\Windows\system32\dataexchange.dll
0x00007ff968f70000 - 0x00007ff9691cb000 	C:\Windows\system32\d3d11.dll
0x00007ff9691d0000 - 0x00007ff9693ad000 	C:\Windows\system32\dcomp.dll
0x00007ff96a490000 - 0x00007ff96a57b000 	C:\Windows\system32\dxgi.dll
0x00007ff969bd0000 - 0x00007ff969e2a000 	C:\Windows\system32\twinapi.appcore.dll
0x00007ff96a000000 - 0x00007ff96a029000 	C:\Windows\system32\RMCLIENT.dll
0x00007ff95d820000 - 0x00007ff95d8bb000 	C:\Windows\System32\TextInputFramework.dll
0x00007ff966610000 - 0x00007ff96693a000 	C:\Windows\System32\CoreUIComponents.dll
0x00007ff969720000 - 0x00007ff9697f4000 	C:\Windows\System32\CoreMessaging.dll
0x00007ff9677b0000 - 0x00007ff967902000 	C:\Windows\SYSTEM32\wintypes.dll
0x00007ff96a800000 - 0x00007ff96a831000 	C:\Windows\SYSTEM32\ntmarta.dll
0x00007ff95c240000 - 0x00007ff95c4e7000 	C:\Windows\System32\iertutil.dll
0x00007ff96ad50000 - 0x00007ff96ae1b000 	C:\Windows\SYSTEM32\DNSAPI.dll
0x00007ff96df80000 - 0x00007ff96df88000 	C:\Windows\System32\NSI.dll
0x00007ff96ad10000 - 0x00007ff96ad4a000 	C:\Windows\SYSTEM32\IPHLPAPI.DLL
0x00007ff961440000 - 0x00007ff96144a000 	C:\Windows\System32\rasadhlp.dll
0x00007ff962770000 - 0x00007ff9627e7000 	C:\Windows\System32\fwpuclnt.dll
0x00007ff96beb0000 - 0x00007ff96bed6000 	C:\Windows\System32\bcrypt.dll
0x00007ff9671b0000 - 0x00007ff9671b9000 	C:\Program Files\Java\jdk-13.0.2\bin\management.dll
0x00007ff961a30000 - 0x00007ff961a3b000 	C:\Program Files\Java\jdk-13.0.2\bin\management_ext.dll

dbghelp: loaded successfully - version: 4.0.5 - missing functions: none
symbol engine: initialized successfully - sym options: 0x614 - pdb path: .;C:\Program Files\Java\jdk-13.0.2\bin;C:\Windows\SYSTEM32;C:\Windows\WinSxS\amd64_microsoft.windows.common-controls_6595b64144ccf1df_6.0.18362.1556_none_9e7e372fe45e41d5;C:\Program Files\Java\jdk-13.0.2\bin\server

VM Arguments:
jvm_args: -Dfile.encoding=Cp1252 
java_command: accounts.Login
java_class_path (initial): C:\Users\User\Desktop\Programmes\Java\Workspace\DriveOperations\target\classes;C:\Users\User\Desktop\Libraries\jgoodies-common-1.8.0.jar;C:\Users\User\Desktop\Libraries\jgoodies-forms-1.8.0.jar;C:\Users\User\Desktop\Libraries\miglayout15-swing.jar;C:\Users\User\Downloads\javax.mail.jar;C:\Users\User\Downloads\activation-1.1.1.jar;C:\Users\User\Downloads\jcalendar-1.4.jar;C:\Users\User\Downloads\jfreechart-1.0.19\lib\jcommon-1.0.23.jar;C:\Users\User\Downloads\jfreechart-1.0.19\lib\jfreechart-1.0.19.jar;C:\Users\User\Downloads\commons-net-3.8.0\commons-net-3.8.0.jar;C:\Users\User\Documents\Libs\comm-2.0.jar;C:\Users\User\Documents\Libs\http-2.2.1.jar;C:\Users\User\Documents\Libs\mysql-connector-java-5.1.45.jar;C:\Users\User\Downloads\JTattoo-1.6.13.jar;C:\Users\User\Desktop\Libs\jmespath-java-1.11.470.jar;C:\Users\User\Desktop\Libs\aws-java-sdk-core-1.12.65.jar;C:\Users\User\Desktop\Libs\aws-java-sdk-kms-1.12.65.jar;C:\Users\User\Desktop\Libs\aws-java-sdk-s3-1.12.65.jar;C:\Users\User\Desktop\Libs\commons-codec-1.15.jar;C:\Users\User\Desktop\Libs\commons-logging-1.1.3.jar;C:\Users\User\Desktop\Libs\httpclient-4.5.13.jar;C:\Users\User\Desktop\Libs\ion-java-1.0.2.jar;C:\Users\User\Desktop\Libs\jackson-annotations-2.12.3.jar;C:\Users\User\Desktop\Libs\jackson-core-2.12.3.jar;C:\Users\User\Desktop\Libs\jackson-databind-2.12.3.jar;C:\Users\User\Desktop\Libs\jackson-dataformat-cbor-2.12.3.jar;C:\Users\User\Desktop\Libs\jmespath-java-1.12.65.jar;C:\Users\User\Desktop\Libs\joda-time-2.8.1.jar;C:\Users\User\.m2\repository\com\amazonaws\aws-java-sdk-s3\1.12.65\aws-java-sdk-s3-1.12.65.jar;C:\Users\User\.m2\repository\com\amazonaws\aws-java-sdk-kms\1.12.65\aws-java-sdk-kms-1.12.65.jar;C:\Users\User\.m2\repository\com\amazonaws\aws-java-sdk-core\1.12.65\aws-java-sdk-core-1.12.65.jar;C:\Users\User\.m2\repository\commons-logging\commons-logging\1.1.3\commons-logging-1.1.3.jar;C:\Users\User\.m2\repository\commons-codec\commons-codec\1.15\commons-codec-1.15
Launcher Type: SUN_STANDARD

[Global flags]
     intx CICompilerCount                          = 3                                         {product} {ergonomic}
     uint ConcGCThreads                            = 1                                         {product} {ergonomic}
     uint G1ConcRefinementThreads                  = 4                                         {product} {ergonomic}
   size_t G1HeapRegionSize                         = 1048576                                   {product} {ergonomic}
    uintx GCDrainStackTargetSize                   = 64                                        {product} {ergonomic}
   size_t InitialHeapSize                          = 67108864                                  {product} {ergonomic}
   size_t MarkStackSize                            = 4194304                                   {product} {ergonomic}
   size_t MaxHeapSize                              = 1050673152                                {product} {ergonomic}
   size_t MaxNewSize                               = 630194176                                 {product} {ergonomic}
   size_t MinHeapDeltaBytes                        = 1048576                                   {product} {ergonomic}
   size_t MinHeapSize                              = 8388608                                   {product} {ergonomic}
    uintx NonNMethodCodeHeapSize                   = 5832780                                {pd product} {ergonomic}
    uintx NonProfiledCodeHeapSize                  = 122912730                              {pd product} {ergonomic}
    uintx ProfiledCodeHeapSize                     = 122912730                              {pd product} {ergonomic}
    uintx ReservedCodeCacheSize                    = 251658240                              {pd product} {ergonomic}
     bool SegmentedCodeCache                       = true                                      {product} {ergonomic}
   size_t SoftMaxHeapSize                          = 1050673152                             {manageable} {ergonomic}
     bool UseCompressedClassPointers               = true                                 {lp64_product} {ergonomic}
     bool UseCompressedOops                        = true                                 {lp64_product} {ergonomic}
     bool UseG1GC                                  = true                                      {product} {ergonomic}
     bool UseLargePagesIndividualAllocation        = false                                  {pd product} {ergonomic}

Logging:
Log output configuration:
 #0: stdout all=warning uptime,level,tags
 #1: stderr all=off uptime,level,tags

Environment Variables:
JAVA_HOME=C:\Program Files (x86)\Java\jre1.8.0_241
PATH=C:\Program Files\Java\jdk-13.0.2\bin;C:\Program Files (x86)\Common Files\Oracle\Java\javapath;C:\Windows\system32;C:\Windows;C:\Windows\System32\Wbem;C:\Windows\System32\WindowsPowerShell\v1.0\;C:\Windows\System32\OpenSSH\;C:\Program Files (x86)\apache-maven-3.8.1\bin;C:\Program Files (x86)\gradle-7.1.1\bin;C:\Users\User\AppData\Local\Microsoft\WindowsApps;C:\Users\User\AppData\Local\Programs\Microsoft VS Code\bin;C:\Program Files (x86)\gradle-7.1.1\bin;C:\Users\User\Downloads\platform-tools;
USERNAME=User
OS=Windows_NT
PROCESSOR_IDENTIFIER=Intel64 Family 6 Model 42 Stepping 7, GenuineIntel



---------------  S Y S T E M  ---------------

OS: Windows 10 , 64 bit Build 18362 (10.0.18362.1500)

CPU:total 4 (initial active 4) (2 cores per cpu, 2 threads per core) family 6 model 42 stepping 7, cmov, cx8, fxsr, mmx, sse, sse2, sse3, ssse3, sse4.1, sse4.2, popcnt, avx, aes, clmul, ht, tsc, tscinvbit

Memory: 4k page, system-wide physical 4006M (306M free)
TotalPageFile size 16294M (AvailPageFile size 1M)
current process WorkingSet (physical memory assigned to process): 281M, peak: 281M
current process commit charge ("private bytes"): 343M, peak: 346M

vm_info: Java HotSpot(TM) 64-Bit Server VM (13.0.2+8) for windows-amd64 JRE (13.0.2+8), built on Dec 11 2019 09:20:33 by "mach5one" with unknown MS VC++:1916

END.
