#
# There is insufficient memory for the Java Runtime Environment to continue.
# Native memory allocation (mmap) failed to map 117440512 bytes for Failed to commit area from 0x00000000cf400000 to 0x00000000d6400000 of length 117440512.
# Possible reasons:
#   The system is out of physical RAM or swap space
#   The process is running with CompressedOops enabled, and the Java Heap may be blocking the growth of the native heap
# Possible solutions:
#   Reduce memory load on the system
#   Increase physical memory or swap space
#   Check if swap backing store is full
#   Decrease Java heap size (-Xmx/-Xms)
#   Decrease number of Java threads
#   Decrease Java thread stack sizes (-Xss)
#   Set larger code cache with -XX:ReservedCodeCacheSize=
#   JVM is running with Unscaled Compressed Oops mode in which the Java heap is
#     placed in the first 4GB address space. The Java Heap base address is the
#     maximum limit for the native heap growth. Please use -XX:HeapBaseMinAddress
#     to set the Java Heap base and to place the Java Heap above 4GB virtual address.
# This output file may be truncated or incomplete.
#
#  Out of Memory Error (t:/workspace/open/src/hotspot/os/windows/os_windows.cpp:3301), pid=3216, tid=8960
#
# JRE version: Java(TM) SE Runtime Environment (13.0.2+8) (build 13.0.2+8)
# Java VM: Java HotSpot(TM) 64-Bit Server VM (13.0.2+8, mixed mode, sharing, tiered, compressed oops, g1 gc, windows-amd64)
# No core dump will be written. Minidumps are not enabled by default on client versions of Windows
#

---------------  S U M M A R Y ------------

Command Line: -Dfile.encoding=Cp1252 accounts.Login

Host: Intel(R) Core(TM) i5-2520M CPU @ 2.50GHz, 4 cores, 3G,  Windows 10 , 64 bit Build 18362 (10.0.18362.1500)
Time: Wed Jun 29 17:32:18 2022 Afrique de l?Est elapsed time: 11 seconds (0d 0h 0m 11s)

---------------  T H R E A D  ---------------

Current thread (0x0000021517968800):  JavaThread "AWT-EventQueue-0" [_thread_in_vm, id=8960, stack(0x000000d251000000,0x000000d251100000)]

Stack: [0x000000d251000000,0x000000d251100000]
Native frames: (J=compiled Java code, j=interpreted, Vv=VM code, C=native code)
V  [jvm.dll+0x624f9a]
V  [jvm.dll+0x770cfa]
V  [jvm.dll+0x7724af]
V  [jvm.dll+0x772ab3]
V  [jvm.dll+0x24bf08]
V  [jvm.dll+0x6222aa]
V  [jvm.dll+0x6170b5]
V  [jvm.dll+0x30a88c]
V  [jvm.dll+0x30a6c2]
V  [jvm.dll+0x30fe36]
V  [jvm.dll+0x353f46]
V  [jvm.dll+0x353720]
V  [jvm.dll+0x2e5d5e]
V  [jvm.dll+0x2e16ff]
V  [jvm.dll+0x5be8b5]
V  [jvm.dll+0x5be33b]
V  [jvm.dll+0x1f48d5]
V  [jvm.dll+0x74b3a7]
V  [jvm.dll+0x3783ea]
C  0x000002150844fd37

Java frames: (J=compiled Java code, j=interpreted, Vv=VM code)
j  java.awt.image.DataBufferInt.<init>(I)V+11 java.desktop@13.0.2
j  java.awt.image.Raster.createPackedRaster(III[ILjava/awt/Point;)Ljava/awt/image/WritableRaster;+69 java.desktop@13.0.2
j  java.awt.image.DirectColorModel.createCompatibleWritableRaster(II)Ljava/awt/image/WritableRaster;+83 java.desktop@13.0.2
j  java.awt.image.BufferedImage.<init>(III)V+127 java.desktop@13.0.2
j  com.formdev.flatlaf.util.ScaledImageIcon.image2bufferedImage(Ljava/awt/Image;)Ljava/awt/image/BufferedImage;+27
j  com.formdev.flatlaf.util.ScaledImageIcon.paintIcon(Ljava/awt/Component;Ljava/awt/Graphics;II)V+234
j  javax.swing.plaf.basic.BasicLabelUI.paint(Ljava/awt/Graphics;Ljavax/swing/JComponent;)V+89 java.desktop@13.0.2
j  com.formdev.flatlaf.ui.FlatLabelUI.paint(Ljava/awt/Graphics;Ljavax/swing/JComponent;)V+7
j  javax.swing.plaf.ComponentUI.update(Ljava/awt/Graphics;Ljavax/swing/JComponent;)V+32 java.desktop@13.0.2
j  javax.swing.JComponent.paintComponent(Ljava/awt/Graphics;)V+26 java.desktop@13.0.2
j  javax.swing.JComponent.paint(Ljava/awt/Graphics;)V+286 java.desktop@13.0.2
j  javax.swing.JComponent.paintChildren(Ljava/awt/Graphics;)V+523 java.desktop@13.0.2
j  javax.swing.JComponent.paint(Ljava/awt/Graphics;)V+318 java.desktop@13.0.2
j  javax.swing.JComponent.paintChildren(Ljava/awt/Graphics;)V+523 java.desktop@13.0.2
j  javax.swing.JComponent.paint(Ljava/awt/Graphics;)V+318 java.desktop@13.0.2
j  javax.swing.JComponent.paintChildren(Ljava/awt/Graphics;)V+523 java.desktop@13.0.2
j  javax.swing.JComponent.paint(Ljava/awt/Graphics;)V+318 java.desktop@13.0.2
j  javax.swing.JLayeredPane.paint(Ljava/awt/Graphics;)V+73 java.desktop@13.0.2
j  javax.swing.JComponent.paintChildren(Ljava/awt/Graphics;)V+523 java.desktop@13.0.2
j  javax.swing.JComponent.paintToOffscreen(Ljava/awt/Graphics;IIIIII)V+72 java.desktop@13.0.2
j  javax.swing.RepaintManager$PaintManager.paintDoubleBufferedImpl(Ljavax/swing/JComponent;Ljava/awt/Image;Ljava/awt/Graphics;IIII)V+163 java.desktop@13.0.2
j  javax.swing.RepaintManager$PaintManager.paintDoubleBuffered(Ljavax/swing/JComponent;Ljava/awt/Image;Ljava/awt/Graphics;IIII)V+46 java.desktop@13.0.2
j  javax.swing.RepaintManager$PaintManager.paint(Ljavax/swing/JComponent;Ljavax/swing/JComponent;Ljava/awt/Graphics;IIII)Z+128 java.desktop@13.0.2
j  javax.swing.RepaintManager.paint(Ljavax/swing/JComponent;Ljavax/swing/JComponent;Ljava/awt/Graphics;IIII)V+52 java.desktop@13.0.2
j  javax.swing.JComponent.paint(Ljava/awt/Graphics;)V+221 java.desktop@13.0.2
j  java.awt.GraphicsCallback$PaintCallback.run(Ljava/awt/Component;Ljava/awt/Graphics;)V+2 java.desktop@13.0.2
j  sun.awt.SunGraphicsCallback.runOneComponent(Ljava/awt/Component;Ljava/awt/Rectangle;Ljava/awt/Graphics;Ljava/awt/Shape;I)V+130 java.desktop@13.0.2
j  sun.awt.SunGraphicsCallback.runComponents([Ljava/awt/Component;Ljava/awt/Graphics;I)V+157 java.desktop@13.0.2
j  java.awt.Container.paint(Ljava/awt/Graphics;)V+58 java.desktop@13.0.2
j  java.awt.Window.paint(Ljava/awt/Graphics;)V+68 java.desktop@13.0.2
j  javax.swing.RepaintManager$4.run()Ljava/lang/Void;+142 java.desktop@13.0.2
j  javax.swing.RepaintManager$4.run()Ljava/lang/Object;+1 java.desktop@13.0.2
J 2334 c1 java.security.ProtectionDomain$JavaSecurityAccessImpl.doIntersectionPrivilege(Ljava/security/PrivilegedAction;Ljava/security/AccessControlContext;Ljava/security/AccessControlContext;)Ljava/lang/Object; java.base@13.0.2 (22 bytes) @ 0x0000021508e7fb1c [0x0000021508e7f600+0x000000000000051c]
j  javax.swing.RepaintManager.paintDirtyRegions(Ljava/util/Map;)V+154 java.desktop@13.0.2
j  javax.swing.RepaintManager.paintDirtyRegions()V+46 java.desktop@13.0.2
j  javax.swing.RepaintManager.prePaintDirtyRegions()V+73 java.desktop@13.0.2
j  javax.swing.RepaintManager$ProcessingRunnable.run()V+37 java.desktop@13.0.2
j  java.awt.event.InvocationEvent.dispatch()V+47 java.desktop@13.0.2
j  java.awt.EventQueue.dispatchEventImpl(Ljava/awt/AWTEvent;Ljava/lang/Object;)V+21 java.desktop@13.0.2
j  java.awt.EventQueue$4.run()Ljava/lang/Void;+32 java.desktop@13.0.2
j  java.awt.EventQueue$4.run()Ljava/lang/Object;+1 java.desktop@13.0.2
J 2334 c1 java.security.ProtectionDomain$JavaSecurityAccessImpl.doIntersectionPrivilege(Ljava/security/PrivilegedAction;Ljava/security/AccessControlContext;Ljava/security/AccessControlContext;)Ljava/lang/Object; java.base@13.0.2 (22 bytes) @ 0x0000021508e7fb1c [0x0000021508e7f600+0x000000000000051c]
j  java.awt.EventQueue.dispatchEvent(Ljava/awt/AWTEvent;)V+46 java.desktop@13.0.2
j  java.awt.EventDispatchThread.pumpOneEventForFilters(I)V+78 java.desktop@13.0.2
j  java.awt.EventDispatchThread.pumpEventsForFilter(ILjava/awt/Conditional;Ljava/awt/EventFilter;)V+35 java.desktop@13.0.2
j  java.awt.EventDispatchThread.pumpEventsForHierarchy(ILjava/awt/Conditional;Ljava/awt/Component;)V+11 java.desktop@13.0.2
j  java.awt.EventDispatchThread.pumpEvents(ILjava/awt/Conditional;)V+4 java.desktop@13.0.2
j  java.awt.EventDispatchThread.pumpEvents(Ljava/awt/Conditional;)V+3 java.desktop@13.0.2
j  java.awt.EventDispatchThread.run()V+9 java.desktop@13.0.2
v  ~StubRoutines::call_stub

---------------  P R O C E S S  ---------------

Threads class SMR info:
_java_thread_list=0x0000021517bcf7a0, length=19, elements={
0x000002157f468000, 0x000002157f46c800, 0x000002157f489800, 0x000002157f48c000,
0x000002157f48d800, 0x000002157f493800, 0x000002157f4c7800, 0x00000215174f9000,
0x0000021517500000, 0x0000021517957800, 0x000002151795c000, 0x000002151795d000,
0x0000021517968800, 0x000002157880e800, 0x0000021517ba9800, 0x0000021517d34000,
0x0000021518a09800, 0x0000021517480000, 0x0000021517485000
}

Java Threads: ( => current thread )
  0x000002157f468000 JavaThread "Reference Handler" daemon [_thread_blocked, id=312, stack(0x000000d250300000,0x000000d250400000)]
  0x000002157f46c800 JavaThread "Finalizer" daemon [_thread_blocked, id=5972, stack(0x000000d250400000,0x000000d250500000)]
  0x000002157f489800 JavaThread "Signal Dispatcher" daemon [_thread_blocked, id=8704, stack(0x000000d250500000,0x000000d250600000)]
  0x000002157f48c000 JavaThread "Attach Listener" daemon [_thread_blocked, id=8056, stack(0x000000d250600000,0x000000d250700000)]
  0x000002157f48d800 JavaThread "C2 CompilerThread0" daemon [_thread_blocked, id=11520, stack(0x000000d250700000,0x000000d250800000)]
  0x000002157f493800 JavaThread "C1 CompilerThread0" daemon [_thread_blocked, id=7116, stack(0x000000d250800000,0x000000d250900000)]
  0x000002157f4c7800 JavaThread "Sweeper thread" daemon [_thread_blocked, id=5904, stack(0x000000d250900000,0x000000d250a00000)]
  0x00000215174f9000 JavaThread "Service Thread" daemon [_thread_blocked, id=8320, stack(0x000000d250a00000,0x000000d250b00000)]
  0x0000021517500000 JavaThread "Common-Cleaner" daemon [_thread_blocked, id=7660, stack(0x000000d250c00000,0x000000d250d00000)]
  0x0000021517957800 JavaThread "Java2D Disposer" daemon [_thread_blocked, id=9792, stack(0x000000d250d00000,0x000000d250e00000)]
  0x000002151795c000 JavaThread "AWT-Shutdown" [_thread_blocked, id=8740, stack(0x000000d250e00000,0x000000d250f00000)]
  0x000002151795d000 JavaThread "AWT-Windows" daemon [_thread_in_native, id=12120, stack(0x000000d250f00000,0x000000d251000000)]
=>0x0000021517968800 JavaThread "AWT-EventQueue-0" [_thread_in_vm, id=8960, stack(0x000000d251000000,0x000000d251100000)]
  0x000002157880e800 JavaThread "DestroyJavaVM" [_thread_blocked, id=564, stack(0x000000d24fc00000,0x000000d24fd00000)]
  0x0000021517ba9800 JavaThread "Abandoned connection cleanup thread" daemon [_thread_blocked, id=4356, stack(0x000000d251200000,0x000000d251300000)]
  0x0000021517d34000 JavaThread "mysql-cj-abandoned-connection-cleanup" daemon [_thread_blocked, id=660, stack(0x000000d251300000,0x000000d251400000)]
  0x0000021518a09800 JavaThread "TimerQueue" daemon [_thread_blocked, id=9152, stack(0x000000d251800000,0x000000d251900000)]
  0x0000021517480000 JavaThread "Image Animator 3" daemon [_thread_blocked, id=7464, stack(0x000000d251900000,0x000000d251a00000)]
  0x0000021517485000 JavaThread "Image Fetcher 0" daemon [_thread_blocked, id=1492, stack(0x000000d251e00000,0x000000d251f00000)]

Other Threads:
  0x000002157f466800 VMThread "VM Thread" [stack: 0x000000d250200000,0x000000d250300000] [id=4592]
  0x00000215174fe800 WatcherThread [stack: 0x000000d250b00000,0x000000d250c00000] [id=2060]
  0x000002157a8e2000 GCTaskThread "GC Thread#0" [stack: 0x000000d24fd00000,0x000000d24fe00000] [id=7428]
  0x0000021518552800 GCTaskThread "GC Thread#1" [stack: 0x000000d251400000,0x000000d251500000] [id=328]
  0x0000021518557000 GCTaskThread "GC Thread#2" [stack: 0x000000d251500000,0x000000d251600000] [id=10548]
  0x000002151855a800 GCTaskThread "GC Thread#3" [stack: 0x000000d251600000,0x000000d251700000] [id=10648]
  0x000002157a8eb800 ConcurrentGCThread "G1 Main Marker" [stack: 0x000000d24fe00000,0x000000d24ff00000] [id=7648]
  0x000002157a8ed800 ConcurrentGCThread "G1 Conc#0" [stack: 0x000000d24ff00000,0x000000d250000000] [id=7224]
  0x000002157a941000 ConcurrentGCThread "G1 Refine#0" [stack: 0x000000d250000000,0x000000d250100000] [id=4108]
  0x0000021517764000 ConcurrentGCThread "G1 Refine#1" [stack: 0x000000d251700000,0x000000d251800000] [id=3988]
  0x000002157a943000 ConcurrentGCThread "G1 Young RemSet Sampling" [stack: 0x000000d250100000,0x000000d250200000] [id=3344]

Threads with active compile tasks:

VM state:not at safepoint (normal execution)

VM Mutex/Monitor currently owned by a thread:  ([mutex/lock_event])
[0x000002157a8accd0] Heap_lock - owner thread: 0x0000021517968800

Heap address: 0x00000000c1600000, size: 1002 MB, Compressed Oops mode: 32-bit
Narrow klass base: 0x0000000800000000, Narrow klass shift: 3
Compressed class space size: 1073741824 Address: 0x0000000800b40000

Heap:
 garbage-first heap   total 342016K, used 132868K [0x00000000c1600000, 0x0000000100000000)
  region size 1024K, 2 young (2048K), 1 survivors (1024K)
 Metaspace       used 22957K, capacity 23445K, committed 23552K, reserved 1071104K
  class space    used 2546K, capacity 2732K, committed 2816K, reserved 1048576K
Heap Regions: E=young(eden), S=young(survivor), O=old, HS=humongous(starts), HC=humongous(continues), CS=collection set, F=free, A=archive, TAMS=top-at-mark-start (previous, next)
|   0|0x00000000c1600000, 0x00000000c1700000, 0x00000000c1700000|100%| O|  |TAMS 0x00000000c1700000, 0x00000000c1700000| Untracked 
|   1|0x00000000c1700000, 0x00000000c1800000, 0x00000000c1800000|100%| O|  |TAMS 0x00000000c1800000, 0x00000000c1800000| Untracked 
|   2|0x00000000c1800000, 0x00000000c1900000, 0x00000000c1900000|100%| O|  |TAMS 0x00000000c1900000, 0x00000000c1900000| Untracked 
|   3|0x00000000c1900000, 0x00000000c1a00000, 0x00000000c1a00000|100%| O|  |TAMS 0x00000000c1a00000, 0x00000000c1a00000| Untracked 
|   4|0x00000000c1a00000, 0x00000000c1b00000, 0x00000000c1b00000|100%| O|  |TAMS 0x00000000c1b00000, 0x00000000c1b00000| Untracked 
|   5|0x00000000c1b00000, 0x00000000c1c00000, 0x00000000c1c00000|100%| O|  |TAMS 0x00000000c1c00000, 0x00000000c1c00000| Untracked 
|   6|0x00000000c1c00000, 0x00000000c1d00000, 0x00000000c1d00000|100%| O|  |TAMS 0x00000000c1d00000, 0x00000000c1d00000| Untracked 
|   7|0x00000000c1d00000, 0x00000000c1e00000, 0x00000000c1e00000|100%|HS|  |TAMS 0x00000000c1e00000, 0x00000000c1e00000| Complete 
|   8|0x00000000c1e00000, 0x00000000c1f00000, 0x00000000c1f00000|100%| O|  |TAMS 0x00000000c1f00000, 0x00000000c1f00000| Untracked 
|   9|0x00000000c1f00000, 0x00000000c2000000, 0x00000000c2000000|100%| O|  |TAMS 0x00000000c2000000, 0x00000000c2000000| Untracked 
|  10|0x00000000c2000000, 0x00000000c20d7600, 0x00000000c2100000| 84%| O|  |TAMS 0x00000000c20d7600, 0x00000000c20d7600| Untracked 
|  11|0x00000000c2100000, 0x00000000c2200000, 0x00000000c2200000|100%| O|  |TAMS 0x00000000c2200000, 0x00000000c2200000| Untracked 
|  12|0x00000000c2200000, 0x00000000c2300000, 0x00000000c2300000|100%| O|  |TAMS 0x00000000c2300000, 0x00000000c2300000| Untracked 
|  13|0x00000000c2300000, 0x00000000c23b6e00, 0x00000000c2400000| 71%| O|  |TAMS 0x00000000c23b6e00, 0x00000000c23b6e00| Untracked 
|  14|0x00000000c2400000, 0x00000000c2500000, 0x00000000c2500000|100%|HS|  |TAMS 0x00000000c2400000, 0x00000000c2400000| Complete 
|  15|0x00000000c2500000, 0x00000000c2600000, 0x00000000c2600000|100%|HC|  |TAMS 0x00000000c2500000, 0x00000000c2500000| Complete 
|  16|0x00000000c2600000, 0x00000000c2700000, 0x00000000c2700000|100%|HC|  |TAMS 0x00000000c2600000, 0x00000000c2600000| Complete 
|  17|0x00000000c2700000, 0x00000000c2800000, 0x00000000c2800000|100%|HC|  |TAMS 0x00000000c2700000, 0x00000000c2700000| Complete 
|  18|0x00000000c2800000, 0x00000000c2800000, 0x00000000c2900000|  0%| F|  |TAMS 0x00000000c2800000, 0x00000000c2800000| Untracked 
|  19|0x00000000c2900000, 0x00000000c2900000, 0x00000000c2a00000|  0%| F|  |TAMS 0x00000000c2900000, 0x00000000c2900000| Untracked 
|  20|0x00000000c2a00000, 0x00000000c2a00000, 0x00000000c2b00000|  0%| F|  |TAMS 0x00000000c2a00000, 0x00000000c2a00000| Untracked 
|  21|0x00000000c2b00000, 0x00000000c2b00000, 0x00000000c2c00000|  0%| F|  |TAMS 0x00000000c2b00000, 0x00000000c2b00000| Untracked 
|  22|0x00000000c2c00000, 0x00000000c2c00000, 0x00000000c2d00000|  0%| F|  |TAMS 0x00000000c2c00000, 0x00000000c2c00000| Untracked 
|  23|0x00000000c2d00000, 0x00000000c2d00000, 0x00000000c2e00000|  0%| F|  |TAMS 0x00000000c2d00000, 0x00000000c2d00000| Untracked 
|  24|0x00000000c2e00000, 0x00000000c2e00000, 0x00000000c2f00000|  0%| F|  |TAMS 0x00000000c2e00000, 0x00000000c2e00000| Untracked 
|  25|0x00000000c2f00000, 0x00000000c2f00000, 0x00000000c3000000|  0%| F|  |TAMS 0x00000000c2f00000, 0x00000000c2f00000| Untracked 
|  26|0x00000000c3000000, 0x00000000c3000000, 0x00000000c3100000|  0%| F|  |TAMS 0x00000000c3000000, 0x00000000c3000000| Untracked 
|  27|0x00000000c3100000, 0x00000000c3100000, 0x00000000c3200000|  0%| F|  |TAMS 0x00000000c3100000, 0x00000000c3100000| Untracked 
|  28|0x00000000c3200000, 0x00000000c3200000, 0x00000000c3300000|  0%| F|  |TAMS 0x00000000c3200000, 0x00000000c3200000| Untracked 
|  29|0x00000000c3300000, 0x00000000c3300000, 0x00000000c3400000|  0%| F|  |TAMS 0x00000000c3300000, 0x00000000c3300000| Untracked 
|  30|0x00000000c3400000, 0x00000000c3400000, 0x00000000c3500000|  0%| F|  |TAMS 0x00000000c3400000, 0x00000000c3400000| Untracked 
|  31|0x00000000c3500000, 0x00000000c3500000, 0x00000000c3600000|  0%| F|  |TAMS 0x00000000c3500000, 0x00000000c3500000| Untracked 
|  32|0x00000000c3600000, 0x00000000c3600000, 0x00000000c3700000|  0%| F|  |TAMS 0x00000000c3600000, 0x00000000c3600000| Untracked 
|  33|0x00000000c3700000, 0x00000000c3700000, 0x00000000c3800000|  0%| F|  |TAMS 0x00000000c3700000, 0x00000000c3700000| Untracked 
|  34|0x00000000c3800000, 0x00000000c3800000, 0x00000000c3900000|  0%| F|  |TAMS 0x00000000c3800000, 0x00000000c3800000| Untracked 
|  35|0x00000000c3900000, 0x00000000c3a00000, 0x00000000c3a00000|100%|HS|  |TAMS 0x00000000c3a00000, 0x00000000c3a00000| Complete 
|  36|0x00000000c3a00000, 0x00000000c3b00000, 0x00000000c3b00000|100%|HC|  |TAMS 0x00000000c3b00000, 0x00000000c3b00000| Complete 
|  37|0x00000000c3b00000, 0x00000000c3c00000, 0x00000000c3c00000|100%|HC|  |TAMS 0x00000000c3c00000, 0x00000000c3c00000| Complete 
|  38|0x00000000c3c00000, 0x00000000c3d00000, 0x00000000c3d00000|100%|HC|  |TAMS 0x00000000c3d00000, 0x00000000c3d00000| Complete 
|  39|0x00000000c3d00000, 0x00000000c3e00000, 0x00000000c3e00000|100%|HC|  |TAMS 0x00000000c3e00000, 0x00000000c3e00000| Complete 
|  40|0x00000000c3e00000, 0x00000000c3f00000, 0x00000000c3f00000|100%|HC|  |TAMS 0x00000000c3f00000, 0x00000000c3f00000| Complete 
|  41|0x00000000c3f00000, 0x00000000c4000000, 0x00000000c4000000|100%|HC|  |TAMS 0x00000000c4000000, 0x00000000c4000000| Complete 
|  42|0x00000000c4000000, 0x00000000c4100000, 0x00000000c4100000|100%|HC|  |TAMS 0x00000000c4100000, 0x00000000c4100000| Complete 
|  43|0x00000000c4100000, 0x00000000c4200000, 0x00000000c4200000|100%|HC|  |TAMS 0x00000000c4200000, 0x00000000c4200000| Complete 
|  44|0x00000000c4200000, 0x00000000c4300000, 0x00000000c4300000|100%|HC|  |TAMS 0x00000000c4300000, 0x00000000c4300000| Complete 
|  45|0x00000000c4300000, 0x00000000c4400000, 0x00000000c4400000|100%|HC|  |TAMS 0x00000000c4400000, 0x00000000c4400000| Complete 
|  46|0x00000000c4400000, 0x00000000c4500000, 0x00000000c4500000|100%|HC|  |TAMS 0x00000000c4500000, 0x00000000c4500000| Complete 
|  47|0x00000000c4500000, 0x00000000c4600000, 0x00000000c4600000|100%|HC|  |TAMS 0x00000000c4600000, 0x00000000c4600000| Complete 
|  48|0x00000000c4600000, 0x00000000c4700000, 0x00000000c4700000|100%|HC|  |TAMS 0x00000000c4700000, 0x00000000c4700000| Complete 
|  49|0x00000000c4700000, 0x00000000c4800000, 0x00000000c4800000|100%|HC|  |TAMS 0x00000000c4800000, 0x00000000c4800000| Complete 
|  50|0x00000000c4800000, 0x00000000c4900000, 0x00000000c4900000|100%|HC|  |TAMS 0x00000000c4900000, 0x00000000c4900000| Complete 
|  51|0x00000000c4900000, 0x00000000c4a00000, 0x00000000c4a00000|100%|HC|  |TAMS 0x00000000c4a00000, 0x00000000c4a00000| Complete 
|  52|0x00000000c4a00000, 0x00000000c4b00000, 0x00000000c4b00000|100%|HC|  |TAMS 0x00000000c4b00000, 0x00000000c4b00000| Complete 
|  53|0x00000000c4b00000, 0x00000000c4c00000, 0x00000000c4c00000|100%|HC|  |TAMS 0x00000000c4c00000, 0x00000000c4c00000| Complete 
|  54|0x00000000c4c00000, 0x00000000c4d00000, 0x00000000c4d00000|100%|HC|  |TAMS 0x00000000c4d00000, 0x00000000c4d00000| Complete 
|  55|0x00000000c4d00000, 0x00000000c4e00000, 0x00000000c4e00000|100%|HC|  |TAMS 0x00000000c4e00000, 0x00000000c4e00000| Complete 
|  56|0x00000000c4e00000, 0x00000000c4f00000, 0x00000000c4f00000|100%|HC|  |TAMS 0x00000000c4f00000, 0x00000000c4f00000| Complete 
|  57|0x00000000c4f00000, 0x00000000c5000000, 0x00000000c5000000|100%|HC|  |TAMS 0x00000000c5000000, 0x00000000c5000000| Complete 
|  58|0x00000000c5000000, 0x00000000c5100000, 0x00000000c5100000|100%|HC|  |TAMS 0x00000000c5100000, 0x00000000c5100000| Complete 
|  59|0x00000000c5100000, 0x00000000c5200000, 0x00000000c5200000|100%|HC|  |TAMS 0x00000000c5200000, 0x00000000c5200000| Complete 
|  60|0x00000000c5200000, 0x00000000c5300000, 0x00000000c5300000|100%|HC|  |TAMS 0x00000000c5300000, 0x00000000c5300000| Complete 
|  61|0x00000000c5300000, 0x00000000c5400000, 0x00000000c5400000|100%|HC|  |TAMS 0x00000000c5400000, 0x00000000c5400000| Complete 
|  62|0x00000000c5400000, 0x00000000c5500000, 0x00000000c5500000|100%|HC|  |TAMS 0x00000000c5500000, 0x00000000c5500000| Complete 
|  63|0x00000000c5500000, 0x00000000c5600000, 0x00000000c5600000|100%|HC|  |TAMS 0x00000000c5600000, 0x00000000c5600000| Complete 
|  64|0x00000000c5600000, 0x00000000c5700000, 0x00000000c5700000|100%|HC|  |TAMS 0x00000000c5700000, 0x00000000c5700000| Complete 
|  65|0x00000000c5700000, 0x00000000c5800000, 0x00000000c5800000|100%|HC|  |TAMS 0x00000000c5800000, 0x00000000c5800000| Complete 
|  66|0x00000000c5800000, 0x00000000c5900000, 0x00000000c5900000|100%|HC|  |TAMS 0x00000000c5900000, 0x00000000c5900000| Complete 
|  67|0x00000000c5900000, 0x00000000c5a00000, 0x00000000c5a00000|100%|HC|  |TAMS 0x00000000c5a00000, 0x00000000c5a00000| Complete 
|  68|0x00000000c5a00000, 0x00000000c5b00000, 0x00000000c5b00000|100%|HC|  |TAMS 0x00000000c5b00000, 0x00000000c5b00000| Complete 
|  69|0x00000000c5b00000, 0x00000000c5c00000, 0x00000000c5c00000|100%|HC|  |TAMS 0x00000000c5c00000, 0x00000000c5c00000| Complete 
|  70|0x00000000c5c00000, 0x00000000c5d00000, 0x00000000c5d00000|100%|HC|  |TAMS 0x00000000c5d00000, 0x00000000c5d00000| Complete 
|  71|0x00000000c5d00000, 0x00000000c5e00000, 0x00000000c5e00000|100%|HC|  |TAMS 0x00000000c5e00000, 0x00000000c5e00000| Complete 
|  72|0x00000000c5e00000, 0x00000000c5f00000, 0x00000000c5f00000|100%|HC|  |TAMS 0x00000000c5f00000, 0x00000000c5f00000| Complete 
|  73|0x00000000c5f00000, 0x00000000c6000000, 0x00000000c6000000|100%|HC|  |TAMS 0x00000000c6000000, 0x00000000c6000000| Complete 
|  74|0x00000000c6000000, 0x00000000c6100000, 0x00000000c6100000|100%|HC|  |TAMS 0x00000000c6100000, 0x00000000c6100000| Complete 
|  75|0x00000000c6100000, 0x00000000c6200000, 0x00000000c6200000|100%|HC|  |TAMS 0x00000000c6200000, 0x00000000c6200000| Complete 
|  76|0x00000000c6200000, 0x00000000c6300000, 0x00000000c6300000|100%|HC|  |TAMS 0x00000000c6300000, 0x00000000c6300000| Complete 
|  77|0x00000000c6300000, 0x00000000c6400000, 0x00000000c6400000|100%|HC|  |TAMS 0x00000000c6400000, 0x00000000c6400000| Complete 
|  78|0x00000000c6400000, 0x00000000c6500000, 0x00000000c6500000|100%|HC|  |TAMS 0x00000000c6500000, 0x00000000c6500000| Complete 
|  79|0x00000000c6500000, 0x00000000c6600000, 0x00000000c6600000|100%|HC|  |TAMS 0x00000000c6600000, 0x00000000c6600000| Complete 
|  80|0x00000000c6600000, 0x00000000c6700000, 0x00000000c6700000|100%|HC|  |TAMS 0x00000000c6700000, 0x00000000c6700000| Complete 
|  81|0x00000000c6700000, 0x00000000c6800000, 0x00000000c6800000|100%|HC|  |TAMS 0x00000000c6800000, 0x00000000c6800000| Complete 
|  82|0x00000000c6800000, 0x00000000c6900000, 0x00000000c6900000|100%|HC|  |TAMS 0x00000000c6900000, 0x00000000c6900000| Complete 
|  83|0x00000000c6900000, 0x00000000c6a00000, 0x00000000c6a00000|100%|HC|  |TAMS 0x00000000c6a00000, 0x00000000c6a00000| Complete 
|  84|0x00000000c6a00000, 0x00000000c6b00000, 0x00000000c6b00000|100%|HC|  |TAMS 0x00000000c6b00000, 0x00000000c6b00000| Complete 
|  85|0x00000000c6b00000, 0x00000000c6c00000, 0x00000000c6c00000|100%|HC|  |TAMS 0x00000000c6c00000, 0x00000000c6c00000| Complete 
|  86|0x00000000c6c00000, 0x00000000c6d00000, 0x00000000c6d00000|100%|HC|  |TAMS 0x00000000c6d00000, 0x00000000c6d00000| Complete 
|  87|0x00000000c6d00000, 0x00000000c6e00000, 0x00000000c6e00000|100%|HC|  |TAMS 0x00000000c6e00000, 0x00000000c6e00000| Complete 
|  88|0x00000000c6e00000, 0x00000000c6f00000, 0x00000000c6f00000|100%|HC|  |TAMS 0x00000000c6f00000, 0x00000000c6f00000| Complete 
|  89|0x00000000c6f00000, 0x00000000c7000000, 0x00000000c7000000|100%|HC|  |TAMS 0x00000000c7000000, 0x00000000c7000000| Complete 
|  90|0x00000000c7000000, 0x00000000c7100000, 0x00000000c7100000|100%|HC|  |TAMS 0x00000000c7100000, 0x00000000c7100000| Complete 
|  91|0x00000000c7100000, 0x00000000c7200000, 0x00000000c7200000|100%|HC|  |TAMS 0x00000000c7200000, 0x00000000c7200000| Complete 
|  92|0x00000000c7200000, 0x00000000c7300000, 0x00000000c7300000|100%|HC|  |TAMS 0x00000000c7300000, 0x00000000c7300000| Complete 
|  93|0x00000000c7300000, 0x00000000c7400000, 0x00000000c7400000|100%|HC|  |TAMS 0x00000000c7400000, 0x00000000c7400000| Complete 
|  94|0x00000000c7400000, 0x00000000c7500000, 0x00000000c7500000|100%|HC|  |TAMS 0x00000000c7500000, 0x00000000c7500000| Complete 
|  95|0x00000000c7500000, 0x00000000c7600000, 0x00000000c7600000|100%|HC|  |TAMS 0x00000000c7600000, 0x00000000c7600000| Complete 
|  96|0x00000000c7600000, 0x00000000c7700000, 0x00000000c7700000|100%|HC|  |TAMS 0x00000000c7700000, 0x00000000c7700000| Complete 
|  97|0x00000000c7700000, 0x00000000c7800000, 0x00000000c7800000|100%|HC|  |TAMS 0x00000000c7800000, 0x00000000c7800000| Complete 
|  98|0x00000000c7800000, 0x00000000c7900000, 0x00000000c7900000|100%|HC|  |TAMS 0x00000000c7900000, 0x00000000c7900000| Complete 
|  99|0x00000000c7900000, 0x00000000c7a00000, 0x00000000c7a00000|100%|HC|  |TAMS 0x00000000c7a00000, 0x00000000c7a00000| Complete 
| 100|0x00000000c7a00000, 0x00000000c7b00000, 0x00000000c7b00000|100%|HC|  |TAMS 0x00000000c7b00000, 0x00000000c7b00000| Complete 
| 101|0x00000000c7b00000, 0x00000000c7c00000, 0x00000000c7c00000|100%|HC|  |TAMS 0x00000000c7c00000, 0x00000000c7c00000| Complete 
| 102|0x00000000c7c00000, 0x00000000c7d00000, 0x00000000c7d00000|100%|HC|  |TAMS 0x00000000c7d00000, 0x00000000c7d00000| Complete 
| 103|0x00000000c7d00000, 0x00000000c7e00000, 0x00000000c7e00000|100%|HC|  |TAMS 0x00000000c7e00000, 0x00000000c7e00000| Complete 
| 104|0x00000000c7e00000, 0x00000000c7f00000, 0x00000000c7f00000|100%|HC|  |TAMS 0x00000000c7f00000, 0x00000000c7f00000| Complete 
| 105|0x00000000c7f00000, 0x00000000c8000000, 0x00000000c8000000|100%|HC|  |TAMS 0x00000000c8000000, 0x00000000c8000000| Complete 
| 106|0x00000000c8000000, 0x00000000c8100000, 0x00000000c8100000|100%|HC|  |TAMS 0x00000000c8100000, 0x00000000c8100000| Complete 
| 107|0x00000000c8100000, 0x00000000c8200000, 0x00000000c8200000|100%|HC|  |TAMS 0x00000000c8200000, 0x00000000c8200000| Complete 
| 108|0x00000000c8200000, 0x00000000c8300000, 0x00000000c8300000|100%|HC|  |TAMS 0x00000000c8300000, 0x00000000c8300000| Complete 
| 109|0x00000000c8300000, 0x00000000c8400000, 0x00000000c8400000|100%|HC|  |TAMS 0x00000000c8400000, 0x00000000c8400000| Complete 
| 110|0x00000000c8400000, 0x00000000c8500000, 0x00000000c8500000|100%|HC|  |TAMS 0x00000000c8500000, 0x00000000c8500000| Complete 
| 111|0x00000000c8500000, 0x00000000c8600000, 0x00000000c8600000|100%|HC|  |TAMS 0x00000000c8600000, 0x00000000c8600000| Complete 
| 112|0x00000000c8600000, 0x00000000c8700000, 0x00000000c8700000|100%|HC|  |TAMS 0x00000000c8700000, 0x00000000c8700000| Complete 
| 113|0x00000000c8700000, 0x00000000c8800000, 0x00000000c8800000|100%|HC|  |TAMS 0x00000000c8800000, 0x00000000c8800000| Complete 
| 114|0x00000000c8800000, 0x00000000c8900000, 0x00000000c8900000|100%|HC|  |TAMS 0x00000000c8900000, 0x00000000c8900000| Complete 
| 115|0x00000000c8900000, 0x00000000c8a00000, 0x00000000c8a00000|100%|HC|  |TAMS 0x00000000c8a00000, 0x00000000c8a00000| Complete 
| 116|0x00000000c8a00000, 0x00000000c8b00000, 0x00000000c8b00000|100%|HC|  |TAMS 0x00000000c8b00000, 0x00000000c8b00000| Complete 
| 117|0x00000000c8b00000, 0x00000000c8c00000, 0x00000000c8c00000|100%|HC|  |TAMS 0x00000000c8c00000, 0x00000000c8c00000| Complete 
| 118|0x00000000c8c00000, 0x00000000c8d00000, 0x00000000c8d00000|100%|HC|  |TAMS 0x00000000c8d00000, 0x00000000c8d00000| Complete 
| 119|0x00000000c8d00000, 0x00000000c8e00000, 0x00000000c8e00000|100%|HC|  |TAMS 0x00000000c8e00000, 0x00000000c8e00000| Complete 
| 120|0x00000000c8e00000, 0x00000000c8f00000, 0x00000000c8f00000|100%|HC|  |TAMS 0x00000000c8f00000, 0x00000000c8f00000| Complete 
| 121|0x00000000c8f00000, 0x00000000c9000000, 0x00000000c9000000|100%|HC|  |TAMS 0x00000000c9000000, 0x00000000c9000000| Complete 
| 122|0x00000000c9000000, 0x00000000c9100000, 0x00000000c9100000|100%|HC|  |TAMS 0x00000000c9100000, 0x00000000c9100000| Complete 
| 123|0x00000000c9100000, 0x00000000c9200000, 0x00000000c9200000|100%|HC|  |TAMS 0x00000000c9200000, 0x00000000c9200000| Complete 
| 124|0x00000000c9200000, 0x00000000c9300000, 0x00000000c9300000|100%|HC|  |TAMS 0x00000000c9300000, 0x00000000c9300000| Complete 
| 125|0x00000000c9300000, 0x00000000c9400000, 0x00000000c9400000|100%|HC|  |TAMS 0x00000000c9400000, 0x00000000c9400000| Complete 
| 126|0x00000000c9400000, 0x00000000c9500000, 0x00000000c9500000|100%|HC|  |TAMS 0x00000000c9500000, 0x00000000c9500000| Complete 
| 127|0x00000000c9500000, 0x00000000c9600000, 0x00000000c9600000|100%|HC|  |TAMS 0x00000000c9600000, 0x00000000c9600000| Complete 
| 128|0x00000000c9600000, 0x00000000c9700000, 0x00000000c9700000|100%|HC|  |TAMS 0x00000000c9700000, 0x00000000c9700000| Complete 
| 129|0x00000000c9700000, 0x00000000c9800000, 0x00000000c9800000|100%|HC|  |TAMS 0x00000000c9800000, 0x00000000c9800000| Complete 
| 130|0x00000000c9800000, 0x00000000c9900000, 0x00000000c9900000|100%|HC|  |TAMS 0x00000000c9900000, 0x00000000c9900000| Complete 
| 131|0x00000000c9900000, 0x00000000c9a00000, 0x00000000c9a00000|100%|HC|  |TAMS 0x00000000c9a00000, 0x00000000c9a00000| Complete 
| 132|0x00000000c9a00000, 0x00000000c9b00000, 0x00000000c9b00000|100%|HC|  |TAMS 0x00000000c9b00000, 0x00000000c9b00000| Complete 
| 133|0x00000000c9b00000, 0x00000000c9c00000, 0x00000000c9c00000|100%|HC|  |TAMS 0x00000000c9c00000, 0x00000000c9c00000| Complete 
| 134|0x00000000c9c00000, 0x00000000c9d00000, 0x00000000c9d00000|100%|HC|  |TAMS 0x00000000c9d00000, 0x00000000c9d00000| Complete 
| 135|0x00000000c9d00000, 0x00000000c9e00000, 0x00000000c9e00000|100%|HC|  |TAMS 0x00000000c9e00000, 0x00000000c9e00000| Complete 
| 136|0x00000000c9e00000, 0x00000000c9f00000, 0x00000000c9f00000|100%|HC|  |TAMS 0x00000000c9f00000, 0x00000000c9f00000| Complete 
| 137|0x00000000c9f00000, 0x00000000ca000000, 0x00000000ca000000|100%|HC|  |TAMS 0x00000000ca000000, 0x00000000ca000000| Complete 
| 138|0x00000000ca000000, 0x00000000ca100000, 0x00000000ca100000|100%|HC|  |TAMS 0x00000000ca100000, 0x00000000ca100000| Complete 
| 139|0x00000000ca100000, 0x00000000ca200000, 0x00000000ca200000|100%|HC|  |TAMS 0x00000000ca200000, 0x00000000ca200000| Complete 
| 140|0x00000000ca200000, 0x00000000ca300000, 0x00000000ca300000|100%|HC|  |TAMS 0x00000000ca300000, 0x00000000ca300000| Complete 
| 141|0x00000000ca300000, 0x00000000ca400000, 0x00000000ca400000|100%|HC|  |TAMS 0x00000000ca400000, 0x00000000ca400000| Complete 
| 142|0x00000000ca400000, 0x00000000ca500000, 0x00000000ca500000|100%|HC|  |TAMS 0x00000000ca500000, 0x00000000ca500000| Complete 
| 143|0x00000000ca500000, 0x00000000ca600000, 0x00000000ca600000|100%|HC|  |TAMS 0x00000000ca600000, 0x00000000ca600000| Complete 
| 144|0x00000000ca600000, 0x00000000ca700000, 0x00000000ca700000|100%|HC|  |TAMS 0x00000000ca700000, 0x00000000ca700000| Complete 
| 145|0x00000000ca700000, 0x00000000ca800000, 0x00000000ca800000|100%|HC|  |TAMS 0x00000000ca800000, 0x00000000ca800000| Complete 
| 146|0x00000000ca800000, 0x00000000ca900000, 0x00000000ca900000|100%|HC|  |TAMS 0x00000000ca900000, 0x00000000ca900000| Complete 
| 147|0x00000000ca900000, 0x00000000ca900000, 0x00000000caa00000|  0%| F|  |TAMS 0x00000000ca900000, 0x00000000ca900000| Untracked 
| 148|0x00000000caa00000, 0x00000000caa00000, 0x00000000cab00000|  0%| F|  |TAMS 0x00000000caa00000, 0x00000000caa00000| Untracked 
| 149|0x00000000cab00000, 0x00000000cab00000, 0x00000000cac00000|  0%| F|  |TAMS 0x00000000cab00000, 0x00000000cab00000| Untracked 
| 150|0x00000000cac00000, 0x00000000cac00000, 0x00000000cad00000|  0%| F|  |TAMS 0x00000000cac00000, 0x00000000cac00000| Untracked 
| 151|0x00000000cad00000, 0x00000000cad00000, 0x00000000cae00000|  0%| F|  |TAMS 0x00000000cad00000, 0x00000000cad00000| Untracked 
| 152|0x00000000cae00000, 0x00000000cae00000, 0x00000000caf00000|  0%| F|  |TAMS 0x00000000cae00000, 0x00000000cae00000| Untracked 
| 153|0x00000000caf00000, 0x00000000caf00000, 0x00000000cb000000|  0%| F|  |TAMS 0x00000000caf00000, 0x00000000caf00000| Untracked 
| 154|0x00000000cb000000, 0x00000000cb000000, 0x00000000cb100000|  0%| F|  |TAMS 0x00000000cb000000, 0x00000000cb000000| Untracked 
| 155|0x00000000cb100000, 0x00000000cb100000, 0x00000000cb200000|  0%| F|  |TAMS 0x00000000cb100000, 0x00000000cb100000| Untracked 
| 156|0x00000000cb200000, 0x00000000cb200000, 0x00000000cb300000|  0%| F|  |TAMS 0x00000000cb200000, 0x00000000cb200000| Untracked 
| 157|0x00000000cb300000, 0x00000000cb300000, 0x00000000cb400000|  0%| F|  |TAMS 0x00000000cb300000, 0x00000000cb300000| Untracked 
| 158|0x00000000cb400000, 0x00000000cb400000, 0x00000000cb500000|  0%| F|  |TAMS 0x00000000cb400000, 0x00000000cb400000| Untracked 
| 159|0x00000000cb500000, 0x00000000cb500000, 0x00000000cb600000|  0%| F|  |TAMS 0x00000000cb500000, 0x00000000cb500000| Untracked 
| 160|0x00000000cb600000, 0x00000000cb600000, 0x00000000cb700000|  0%| F|  |TAMS 0x00000000cb600000, 0x00000000cb600000| Untracked 
| 161|0x00000000cb700000, 0x00000000cb700000, 0x00000000cb800000|  0%| F|  |TAMS 0x00000000cb700000, 0x00000000cb700000| Untracked 
| 162|0x00000000cb800000, 0x00000000cb800000, 0x00000000cb900000|  0%| F|  |TAMS 0x00000000cb800000, 0x00000000cb800000| Untracked 
| 163|0x00000000cb900000, 0x00000000cb900000, 0x00000000cba00000|  0%| F|  |TAMS 0x00000000cb900000, 0x00000000cb900000| Untracked 
| 164|0x00000000cba00000, 0x00000000cba00000, 0x00000000cbb00000|  0%| F|  |TAMS 0x00000000cba00000, 0x00000000cba00000| Untracked 
| 165|0x00000000cbb00000, 0x00000000cbb00000, 0x00000000cbc00000|  0%| F|  |TAMS 0x00000000cbb00000, 0x00000000cbb00000| Untracked 
| 166|0x00000000cbc00000, 0x00000000cbc00000, 0x00000000cbd00000|  0%| F|  |TAMS 0x00000000cbc00000, 0x00000000cbc00000| Untracked 
| 167|0x00000000cbd00000, 0x00000000cbd00000, 0x00000000cbe00000|  0%| F|  |TAMS 0x00000000cbd00000, 0x00000000cbd00000| Untracked 
| 168|0x00000000cbe00000, 0x00000000cbe00000, 0x00000000cbf00000|  0%| F|  |TAMS 0x00000000cbe00000, 0x00000000cbe00000| Untracked 
| 169|0x00000000cbf00000, 0x00000000cbf00000, 0x00000000cc000000|  0%| F|  |TAMS 0x00000000cbf00000, 0x00000000cbf00000| Untracked 
| 170|0x00000000cc000000, 0x00000000cc000000, 0x00000000cc100000|  0%| F|  |TAMS 0x00000000cc000000, 0x00000000cc000000| Untracked 
| 171|0x00000000cc100000, 0x00000000cc100000, 0x00000000cc200000|  0%| F|  |TAMS 0x00000000cc100000, 0x00000000cc100000| Untracked 
| 172|0x00000000cc200000, 0x00000000cc200000, 0x00000000cc300000|  0%| F|  |TAMS 0x00000000cc200000, 0x00000000cc200000| Untracked 
| 173|0x00000000cc300000, 0x00000000cc300000, 0x00000000cc400000|  0%| F|  |TAMS 0x00000000cc300000, 0x00000000cc300000| Untracked 
| 174|0x00000000cc400000, 0x00000000cc400000, 0x00000000cc500000|  0%| F|  |TAMS 0x00000000cc400000, 0x00000000cc400000| Untracked 
| 175|0x00000000cc500000, 0x00000000cc500000, 0x00000000cc600000|  0%| F|  |TAMS 0x00000000cc500000, 0x00000000cc500000| Untracked 
| 176|0x00000000cc600000, 0x00000000cc600000, 0x00000000cc700000|  0%| F|  |TAMS 0x00000000cc600000, 0x00000000cc600000| Untracked 
| 177|0x00000000cc700000, 0x00000000cc700000, 0x00000000cc800000|  0%| F|  |TAMS 0x00000000cc700000, 0x00000000cc700000| Untracked 
| 178|0x00000000cc800000, 0x00000000cc800000, 0x00000000cc900000|  0%| F|  |TAMS 0x00000000cc800000, 0x00000000cc800000| Untracked 
| 179|0x00000000cc900000, 0x00000000cc900000, 0x00000000cca00000|  0%| F|  |TAMS 0x00000000cc900000, 0x00000000cc900000| Untracked 
| 180|0x00000000cca00000, 0x00000000cca00000, 0x00000000ccb00000|  0%| F|  |TAMS 0x00000000cca00000, 0x00000000cca00000| Untracked 
| 181|0x00000000ccb00000, 0x00000000ccb00000, 0x00000000ccc00000|  0%| F|  |TAMS 0x00000000ccb00000, 0x00000000ccb00000| Untracked 
| 182|0x00000000ccc00000, 0x00000000ccc00000, 0x00000000ccd00000|  0%| F|  |TAMS 0x00000000ccc00000, 0x00000000ccc00000| Untracked 
| 183|0x00000000ccd00000, 0x00000000ccd00000, 0x00000000cce00000|  0%| F|  |TAMS 0x00000000ccd00000, 0x00000000ccd00000| Untracked 
| 184|0x00000000cce00000, 0x00000000cce00000, 0x00000000ccf00000|  0%| F|  |TAMS 0x00000000cce00000, 0x00000000cce00000| Untracked 
| 185|0x00000000ccf00000, 0x00000000ccf00000, 0x00000000cd000000|  0%| F|  |TAMS 0x00000000ccf00000, 0x00000000ccf00000| Untracked 
| 186|0x00000000cd000000, 0x00000000cd032d10, 0x00000000cd100000| 19%| S|CS|TAMS 0x00000000cd000000, 0x00000000cd000000| Complete 
| 187|0x00000000cd100000, 0x00000000cd100000, 0x00000000cd200000|  0%| F|  |TAMS 0x00000000cd100000, 0x00000000cd100000| Untracked 
| 188|0x00000000cd200000, 0x00000000cd200000, 0x00000000cd300000|  0%| F|  |TAMS 0x00000000cd200000, 0x00000000cd200000| Untracked 
| 189|0x00000000cd300000, 0x00000000cd300000, 0x00000000cd400000|  0%| F|  |TAMS 0x00000000cd300000, 0x00000000cd300000| Untracked 
| 190|0x00000000cd400000, 0x00000000cd400000, 0x00000000cd500000|  0%| F|  |TAMS 0x00000000cd400000, 0x00000000cd400000| Untracked 
| 191|0x00000000cd500000, 0x00000000cd500000, 0x00000000cd600000|  0%| F|  |TAMS 0x00000000cd500000, 0x00000000cd500000| Untracked 
| 192|0x00000000cd600000, 0x00000000cd600000, 0x00000000cd700000|  0%| F|  |TAMS 0x00000000cd600000, 0x00000000cd600000| Untracked 
| 193|0x00000000cd700000, 0x00000000cd700000, 0x00000000cd800000|  0%| F|  |TAMS 0x00000000cd700000, 0x00000000cd700000| Untracked 
| 194|0x00000000cd800000, 0x00000000cd800000, 0x00000000cd900000|  0%| F|  |TAMS 0x00000000cd800000, 0x00000000cd800000| Untracked 
| 195|0x00000000cd900000, 0x00000000cd900000, 0x00000000cda00000|  0%| F|  |TAMS 0x00000000cd900000, 0x00000000cd900000| Untracked 
| 196|0x00000000cda00000, 0x00000000cda00000, 0x00000000cdb00000|  0%| F|  |TAMS 0x00000000cda00000, 0x00000000cda00000| Untracked 
| 197|0x00000000cdb00000, 0x00000000cdb00000, 0x00000000cdc00000|  0%| F|  |TAMS 0x00000000cdb00000, 0x00000000cdb00000| Untracked 
| 198|0x00000000cdc00000, 0x00000000cdc00000, 0x00000000cdd00000|  0%| F|  |TAMS 0x00000000cdc00000, 0x00000000cdc00000| Untracked 
| 199|0x00000000cdd00000, 0x00000000cdd00000, 0x00000000cde00000|  0%| F|  |TAMS 0x00000000cdd00000, 0x00000000cdd00000| Untracked 
| 200|0x00000000cde00000, 0x00000000cde00000, 0x00000000cdf00000|  0%| F|  |TAMS 0x00000000cde00000, 0x00000000cde00000| Untracked 
| 201|0x00000000cdf00000, 0x00000000cdf00000, 0x00000000ce000000|  0%| F|  |TAMS 0x00000000cdf00000, 0x00000000cdf00000| Untracked 
| 202|0x00000000ce000000, 0x00000000ce000000, 0x00000000ce100000|  0%| F|  |TAMS 0x00000000ce000000, 0x00000000ce000000| Untracked 
| 203|0x00000000ce100000, 0x00000000ce100000, 0x00000000ce200000|  0%| F|  |TAMS 0x00000000ce100000, 0x00000000ce100000| Untracked 
| 204|0x00000000ce200000, 0x00000000ce200000, 0x00000000ce300000|  0%| F|  |TAMS 0x00000000ce200000, 0x00000000ce200000| Untracked 
| 205|0x00000000ce300000, 0x00000000ce300000, 0x00000000ce400000|  0%| F|  |TAMS 0x00000000ce300000, 0x00000000ce300000| Untracked 
| 206|0x00000000ce400000, 0x00000000ce400000, 0x00000000ce500000|  0%| F|  |TAMS 0x00000000ce400000, 0x00000000ce400000| Untracked 
| 207|0x00000000ce500000, 0x00000000ce500000, 0x00000000ce600000|  0%| F|  |TAMS 0x00000000ce500000, 0x00000000ce500000| Untracked 
| 208|0x00000000ce600000, 0x00000000ce600000, 0x00000000ce700000|  0%| F|  |TAMS 0x00000000ce600000, 0x00000000ce600000| Untracked 
| 209|0x00000000ce700000, 0x00000000ce700000, 0x00000000ce800000|  0%| F|  |TAMS 0x00000000ce700000, 0x00000000ce700000| Untracked 
| 210|0x00000000ce800000, 0x00000000ce800000, 0x00000000ce900000|  0%| F|  |TAMS 0x00000000ce800000, 0x00000000ce800000| Untracked 
| 211|0x00000000ce900000, 0x00000000ce900000, 0x00000000cea00000|  0%| F|  |TAMS 0x00000000ce900000, 0x00000000ce900000| Untracked 
| 212|0x00000000cea00000, 0x00000000cea00000, 0x00000000ceb00000|  0%| F|  |TAMS 0x00000000cea00000, 0x00000000cea00000| Untracked 
| 213|0x00000000ceb00000, 0x00000000ceb00000, 0x00000000cec00000|  0%| F|  |TAMS 0x00000000ceb00000, 0x00000000ceb00000| Untracked 
| 214|0x00000000cec00000, 0x00000000cec00000, 0x00000000ced00000|  0%| F|  |TAMS 0x00000000cec00000, 0x00000000cec00000| Untracked 
| 215|0x00000000ced00000, 0x00000000ced00000, 0x00000000cee00000|  0%| F|  |TAMS 0x00000000ced00000, 0x00000000ced00000| Untracked 
| 216|0x00000000cee00000, 0x00000000cee00000, 0x00000000cef00000|  0%| F|  |TAMS 0x00000000cee00000, 0x00000000cee00000| Untracked 
| 217|0x00000000cef00000, 0x00000000cef00000, 0x00000000cf000000|  0%| F|  |TAMS 0x00000000cef00000, 0x00000000cef00000| Untracked 
| 218|0x00000000cf000000, 0x00000000cf000000, 0x00000000cf100000|  0%| F|  |TAMS 0x00000000cf000000, 0x00000000cf000000| Untracked 
| 219|0x00000000cf100000, 0x00000000cf100000, 0x00000000cf200000|  0%| F|  |TAMS 0x00000000cf100000, 0x00000000cf100000| Untracked 
| 220|0x00000000cf200000, 0x00000000cf200000, 0x00000000cf300000|  0%| F|  |TAMS 0x00000000cf200000, 0x00000000cf200000| Untracked 
| 221|0x00000000cf300000, 0x00000000cf400000, 0x00000000cf400000|100%| E|  |TAMS 0x00000000cf300000, 0x00000000cf300000| Complete 

Card table byte_map: [0x000002157ab80000,0x000002157ad80000] _byte_map_base: 0x000002157a575000

Marking Bits (Prev, Next): (CMBitMap*) 0x000002157a8e2ac8, (CMBitMap*) 0x000002157a8e2a88
 Prev Bits: [0x000002157bf30000, 0x000002157ced8000)
 Next Bits: [0x000002157af80000, 0x000002157bf28000)

Polling page: 0x00000215786b0000

Metaspace:

Usage:
  Non-class:     20.23 MB capacity,    19.93 MB ( 99%) used,   250.86 KB (  1%) free+waste,    50.88 KB ( <1%) overhead. 
      Class:      2.67 MB capacity,     2.49 MB ( 93%) used,   159.76 KB (  6%) free+waste,    26.06 KB ( <1%) overhead. 
       Both:     22.90 MB capacity,    22.42 MB ( 98%) used,   410.62 KB (  2%) free+waste,    76.94 KB ( <1%) overhead. 

Virtual space:
  Non-class space:       22.00 MB reserved,      20.25 MB ( 92%) committed 
      Class space:        1.00 GB reserved,       2.75 MB ( <1%) committed 
             Both:        1.02 GB reserved,      23.00 MB (  2%) committed 

Chunk freelists:
   Non-Class:  23.00 KB
       Class:  20.00 KB
        Both:  43.00 KB

MaxMetaspaceSize: 17179869184.00 GB
CompressedClassSpaceSize: 1.00 GB

CodeHeap 'non-profiled nmethods': size=120000Kb used=976Kb max_used=976Kb free=119023Kb
 bounds [0x000002150ff00000, 0x0000021510170000, 0x0000021517430000]
CodeHeap 'profiled nmethods': size=120000Kb used=4800Kb max_used=5003Kb free=115199Kb
 bounds [0x00000215089d0000, 0x0000021508ed0000, 0x000002150ff00000]
CodeHeap 'non-nmethods': size=5760Kb used=1441Kb max_used=1472Kb free=4318Kb
 bounds [0x0000021508430000, 0x00000215086a0000, 0x00000215089d0000]
 total_blobs=4222 nmethods=2306 adapters=672
 compilation: enabled
              stopped_count=0, restarted_count=0
 full_count=0

Compilation events (20 events):
Event: 10.910 Thread 0x000002157f493800 nmethod 2586 0x0000021508a64e90 code [0x0000021508a65020, 0x0000021508a65198]
Event: 10.912 Thread 0x000002157f493800 2587       3       sun.awt.SunHints$Key::isCompatibleValue (18 bytes)
Event: 10.912 Thread 0x000002157f493800 nmethod 2587 0x0000021508e32190 code [0x0000021508e32360, 0x0000021508e32818]
Event: 10.912 Thread 0x000002157f493800 2588       3       sun.awt.SunHints$Value::isCompatibleKey (14 bytes)
Event: 10.912 Thread 0x000002157f493800 nmethod 2588 0x00000215089f6b90 code [0x00000215089f6d40, 0x00000215089f6f18]
Event: 10.912 Thread 0x000002157f493800 2589       3       java.lang.invoke.MethodTypeForm::<init> (687 bytes)
Event: 10.913 Thread 0x000002157f48d800 nmethod 2585 0x000002150fff3d10 code [0x000002150fff3ea0, 0x000002150fff4078]
Event: 10.916 Thread 0x000002157f493800 nmethod 2589 0x0000021508ab7c10 code [0x0000021508ab7fe0, 0x0000021508aba570]
Event: 10.916 Thread 0x000002157f493800 2591       3       java.lang.invoke.InvokerBytecodeGenerator::emitStoreResult (27 bytes)
Event: 10.916 Thread 0x000002157f493800 nmethod 2591 0x0000021508b50910 code [0x0000021508b50ae0, 0x0000021508b50ec0]
Event: 10.916 Thread 0x000002157f493800 2592       3       java.lang.invoke.LambdaForm$NamedFunction::member (26 bytes)
Event: 10.916 Thread 0x000002157f493800 nmethod 2592 0x0000021508a11d10 code [0x0000021508a11ec0, 0x0000021508a12058]
Event: 10.916 Thread 0x000002157f493800 2593       3       java.lang.invoke.InvokerBytecodeGenerator::isStaticallyInvocable (165 bytes)
Event: 10.920 Thread 0x000002157f493800 nmethod 2593 0x00000215089ddb90 code [0x00000215089de120, 0x00000215089e0fc0]
Event: 10.920 Thread 0x000002157f493800 2594       3       java.lang.invoke.MemberName::isPrivate (8 bytes)
Event: 10.921 Thread 0x000002157f493800 nmethod 2594 0x0000021508ae3b90 code [0x0000021508ae3d40, 0x0000021508ae3f78]
Event: 10.921 Thread 0x000002157f493800 2596       3       com.formdev.flatlaf.util.UIScale::scale (25 bytes)
Event: 10.921 Thread 0x000002157f493800 nmethod 2596 0x0000021508b2ad10 code [0x0000021508b2af00, 0x0000021508b2b140]
Event: 10.921 Thread 0x000002157f493800 2595       3       java.lang.invoke.InvokerBytecodeGenerator::emitStaticInvoke (258 bytes)
Event: 10.923 Thread 0x000002157f493800 nmethod 2595 0x0000021508bcda10 code [0x0000021508bcdd20, 0x0000021508bcec30]

GC Heap History (18 events):
Event: 0.925 GC heap before
{Heap before GC invocations=0 (full 0):
 garbage-first heap   total 65536K, used 14336K [0x00000000c1600000, 0x0000000100000000)
  region size 1024K, 14 young (14336K), 0 survivors (0K)
 Metaspace       used 7687K, capacity 8065K, committed 8192K, reserved 1056768K
  class space    used 804K, capacity 959K, committed 1024K, reserved 1048576K
}
Event: 0.931 GC heap after
{Heap after GC invocations=1 (full 0):
 garbage-first heap   total 65536K, used 4802K [0x00000000c1600000, 0x0000000100000000)
  region size 1024K, 2 young (2048K), 2 survivors (2048K)
 Metaspace       used 7687K, capacity 8065K, committed 8192K, reserved 1056768K
  class space    used 804K, capacity 959K, committed 1024K, reserved 1048576K
}
Event: 1.309 GC heap before
{Heap before GC invocations=1 (full 0):
 garbage-first heap   total 65536K, used 9922K [0x00000000c1600000, 0x0000000100000000)
  region size 1024K, 7 young (7168K), 2 survivors (2048K)
 Metaspace       used 9976K, capacity 10288K, committed 10496K, reserved 1058816K
  class space    used 1038K, capacity 1188K, committed 1280K, reserved 1048576K
}
Event: 1.317 GC heap after
{Heap after GC invocations=2 (full 0):
 garbage-first heap   total 65536K, used 6951K [0x00000000c1600000, 0x0000000100000000)
  region size 1024K, 1 young (1024K), 1 survivors (1024K)
 Metaspace       used 9976K, capacity 10288K, committed 10496K, reserved 1058816K
  class space    used 1038K, capacity 1188K, committed 1280K, reserved 1048576K
}
Event: 2.498 GC heap before
{Heap before GC invocations=2 (full 0):
 garbage-first heap   total 65536K, used 25383K [0x00000000c1600000, 0x0000000100000000)
  region size 1024K, 20 young (20480K), 1 survivors (1024K)
 Metaspace       used 17706K, capacity 18126K, committed 18304K, reserved 1064960K
  class space    used 1895K, capacity 2070K, committed 2176K, reserved 1048576K
}
Event: 2.504 GC heap after
{Heap after GC invocations=3 (full 0):
 garbage-first heap   total 65536K, used 10005K [0x00000000c1600000, 0x0000000100000000)
  region size 1024K, 3 young (3072K), 3 survivors (3072K)
 Metaspace       used 17706K, capacity 18126K, committed 18304K, reserved 1064960K
  class space    used 1895K, capacity 2070K, committed 2176K, reserved 1048576K
}
Event: 2.936 GC heap before
{Heap before GC invocations=3 (full 0):
 garbage-first heap   total 65536K, used 16149K [0x00000000c1600000, 0x0000000100000000)
  region size 1024K, 9 young (9216K), 3 survivors (3072K)
 Metaspace       used 20694K, capacity 21154K, committed 21296K, reserved 1069056K
  class space    used 2238K, capacity 2419K, committed 2432K, reserved 1048576K
}
Event: 2.944 GC heap after
{Heap after GC invocations=4 (full 0):
 garbage-first heap   total 65536K, used 12057K [0x00000000c1600000, 0x0000000100000000)
  region size 1024K, 1 young (1024K), 1 survivors (1024K)
 Metaspace       used 20694K, capacity 21154K, committed 21296K, reserved 1069056K
  class space    used 2238K, capacity 2419K, committed 2432K, reserved 1048576K
}
Event: 9.673 GC heap before
{Heap before GC invocations=5 (full 0):
 garbage-first heap   total 45056K, used 18201K [0x00000000c1600000, 0x0000000100000000)
  region size 1024K, 9 young (9216K), 1 survivors (1024K)
 Metaspace       used 22557K, capacity 23068K, committed 23296K, reserved 1069056K
  class space    used 2492K, capacity 2692K, committed 2816K, reserved 1048576K
}
Event: 9.677 GC heap after
{Heap after GC invocations=6 (full 0):
 garbage-first heap   total 45056K, used 13988K [0x00000000c1600000, 0x0000000100000000)
  region size 1024K, 3 young (3072K), 3 survivors (3072K)
 Metaspace       used 22557K, capacity 23068K, committed 23296K, reserved 1069056K
  class space    used 2492K, capacity 2692K, committed 2816K, reserved 1048576K
}
Event: 10.158 GC heap before
{Heap before GC invocations=7 (full 0):
 garbage-first heap   total 219136K, used 138916K [0x00000000c1600000, 0x0000000100000000)
  region size 1024K, 14 young (14336K), 3 survivors (3072K)
 Metaspace       used 22558K, capacity 23068K, committed 23296K, reserved 1069056K
  class space    used 2492K, capacity 2692K, committed 2816K, reserved 1048576K
}
Event: 10.162 GC heap after
{Heap after GC invocations=8 (full 0):
 garbage-first heap   total 219136K, used 128735K [0x00000000c1600000, 0x0000000100000000)
  region size 1024K, 1 young (1024K), 1 survivors (1024K)
 Metaspace       used 22558K, capacity 23068K, committed 23296K, reserved 1069056K
  class space    used 2492K, capacity 2692K, committed 2816K, reserved 1048576K
}
Event: 10.292 GC heap before
{Heap before GC invocations=8 (full 0):
 garbage-first heap   total 219136K, used 153311K [0x00000000c1600000, 0x0000000100000000)
  region size 1024K, 26 young (26624K), 1 survivors (1024K)
 Metaspace       used 22559K, capacity 23068K, committed 23296K, reserved 1069056K
  class space    used 2492K, capacity 2692K, committed 2816K, reserved 1048576K
}
Event: 10.293 GC heap after
{Heap after GC invocations=9 (full 0):
 garbage-first heap   total 219136K, used 128736K [0x00000000c1600000, 0x0000000100000000)
  region size 1024K, 1 young (1024K), 1 survivors (1024K)
 Metaspace       used 22559K, capacity 23068K, committed 23296K, reserved 1069056K
  class space    used 2492K, capacity 2692K, committed 2816K, reserved 1048576K
}
Event: 10.617 GC heap before
{Heap before GC invocations=10 (full 0):
 garbage-first heap   total 227328K, used 173792K [0x00000000c1600000, 0x0000000100000000)
  region size 1024K, 46 young (47104K), 1 survivors (1024K)
 Metaspace       used 22563K, capacity 23068K, committed 23296K, reserved 1069056K
  class space    used 2492K, capacity 2692K, committed 2816K, reserved 1048576K
}
Event: 10.617 GC heap after
{Heap after GC invocations=11 (full 0):
 garbage-first heap   total 227328K, used 128707K [0x00000000c1600000, 0x0000000100000000)
  region size 1024K, 1 young (1024K), 1 survivors (1024K)
 Metaspace       used 22563K, capacity 23068K, committed 23296K, reserved 1069056K
  class space    used 2492K, capacity 2692K, committed 2816K, reserved 1048576K
}
Event: 10.904 GC heap before
{Heap before GC invocations=11 (full 0):
 garbage-first heap   total 227328K, used 163523K [0x00000000c1600000, 0x0000000100000000)
  region size 1024K, 36 young (36864K), 1 survivors (1024K)
 Metaspace       used 22782K, capacity 23312K, committed 23552K, reserved 1071104K
  class space    used 2527K, capacity 2730K, committed 2816K, reserved 1048576K
}
Event: 10.905 GC heap after
{Heap after GC invocations=12 (full 0):
 garbage-first heap   total 227328K, used 128772K [0x00000000c1600000, 0x0000000100000000)
  region size 1024K, 1 young (1024K), 1 survivors (1024K)
 Metaspace       used 22782K, capacity 23312K, committed 23552K, reserved 1071104K
  class space    used 2527K, capacity 2730K, committed 2816K, reserved 1048576K
}

Deoptimization events (20 events):
Event: 10.768 Thread 0x0000021517485000 DEOPT PACKING pc=0x0000021508a9ed54 sp=0x000000d251efed80
Event: 10.768 Thread 0x0000021517485000 DEOPT UNPACKING pc=0x000002150847964e sp=0x000000d251efe1f0 mode 0
Event: 10.768 Thread 0x0000021517485000 DEOPT PACKING pc=0x0000021508a9ed54 sp=0x000000d251efed80
Event: 10.768 Thread 0x0000021517485000 DEOPT UNPACKING pc=0x000002150847964e sp=0x000000d251efe1f0 mode 0
Event: 10.768 Thread 0x0000021517485000 DEOPT PACKING pc=0x0000021508a9ed54 sp=0x000000d251efed80
Event: 10.768 Thread 0x0000021517485000 DEOPT UNPACKING pc=0x000002150847964e sp=0x000000d251efe1f0 mode 0
Event: 10.768 Thread 0x0000021517485000 DEOPT PACKING pc=0x0000021508a9ed54 sp=0x000000d251efed80
Event: 10.768 Thread 0x0000021517485000 DEOPT UNPACKING pc=0x000002150847964e sp=0x000000d251efe1f0 mode 0
Event: 10.768 Thread 0x0000021517485000 DEOPT PACKING pc=0x0000021508a9ed54 sp=0x000000d251efed80
Event: 10.768 Thread 0x0000021517485000 DEOPT UNPACKING pc=0x000002150847964e sp=0x000000d251efe1f0 mode 0
Event: 10.769 Thread 0x0000021517485000 DEOPT PACKING pc=0x0000021508a9ed54 sp=0x000000d251efed80
Event: 10.769 Thread 0x0000021517485000 DEOPT UNPACKING pc=0x000002150847964e sp=0x000000d251efe1f0 mode 0
Event: 10.769 Thread 0x0000021517485000 DEOPT PACKING pc=0x0000021508a9ed54 sp=0x000000d251efed80
Event: 10.769 Thread 0x0000021517485000 DEOPT UNPACKING pc=0x000002150847964e sp=0x000000d251efe1f0 mode 0
Event: 10.769 Thread 0x0000021517485000 DEOPT PACKING pc=0x0000021508a9ed54 sp=0x000000d251efed80
Event: 10.769 Thread 0x0000021517485000 DEOPT UNPACKING pc=0x000002150847964e sp=0x000000d251efe1f0 mode 0
Event: 10.769 Thread 0x0000021517485000 DEOPT PACKING pc=0x0000021508a9ed54 sp=0x000000d251efed80
Event: 10.769 Thread 0x0000021517485000 DEOPT UNPACKING pc=0x000002150847964e sp=0x000000d251efe1f0 mode 0
Event: 10.769 Thread 0x0000021517485000 DEOPT PACKING pc=0x0000021508a9ed54 sp=0x000000d251efed80
Event: 10.769 Thread 0x0000021517485000 DEOPT UNPACKING pc=0x000002150847964e sp=0x000000d251efe1f0 mode 0

Classes unloaded (0 events):
No events

Classes redefined (0 events):
No events

Internal exceptions (20 events):
Event: 0.532 Thread 0x0000021517968800 Exception <a 'java/lang/NoSuchMethodError'{0x00000000c50e0e60}: 'java.lang.Object java.lang.invoke.DirectMethodHandle$Holder.invokeStatic(java.lang.Object, int, java.lang.Object)'> (0x00000000c50e0e60) 
thrown [t:/workspace/open/src/hotspot/share/interpreter/linkResolver.cpp, line 767]
Event: 0.555 Thread 0x0000021517968800 Exception <a 'java/lang/ClassNotFoundException'{0x00000000c4f84558}: com/sun/swing/internal/plaf/metal/resources/spi/metalProvider> (0x00000000c4f84558) 
thrown [t:/workspace/open/src/hotspot/share/classfile/systemDictionary.cpp, line 232]
Event: 0.556 Thread 0x0000021517968800 Exception <a 'java/lang/ClassNotFoundException'{0x00000000c4f88600}: com/sun/swing/internal/plaf/basic/resources/spi/basicProvider> (0x00000000c4f88600) 
thrown [t:/workspace/open/src/hotspot/share/classfile/systemDictionary.cpp, line 232]
Event: 0.677 Thread 0x0000021517968800 Exception <a 'java/lang/NoSuchMethodError'{0x00000000c4d95708}: 'java.lang.Object java.lang.invoke.DirectMethodHandle$Holder.invokeStatic(java.lang.Object, int, int, int)'> (0x00000000c4d95708) 
thrown [t:/workspace/open/src/hotspot/share/interpreter/linkResolver.cpp, line 767]
Event: 1.470 Thread 0x0000021517968800 Exception <a 'java/lang/NoSuchMethodError'{0x00000000c51f19f8}: 'java.lang.Object java.lang.invoke.DirectMethodHandle$Holder.invokeStaticInit(java.lang.Object, int, int, int, int)'> (0x00000000c51f19f8) 
thrown [t:/workspace/open/src/hotspot/share/interpreter/linkResolver.cpp, line 767]
Event: 1.471 Thread 0x0000021517968800 Exception <a 'sun/nio/fs/WindowsException'{0x00000000c51f7980}> (0x00000000c51f7980) 
thrown [t:/workspace/open/src/hotspot/share/prims/jni.cpp, line 598]
Event: 1.472 Thread 0x0000021517968800 Exception <a 'java/lang/NoSuchMethodError'{0x00000000c51f9568}: 'int java.lang.invoke.DirectMethodHandle$Holder.invokeSpecialIFC(java.lang.Object, java.lang.Object, int)'> (0x00000000c51f9568) 
thrown [t:/workspace/open/src/hotspot/share/interpreter/linkResolver.cpp, line 767]
Event: 1.486 Thread 0x0000021517968800 Exception <a 'java/lang/NoSuchMethodError'{0x00000000c4f21f10}: 'int java.lang.invoke.DirectMethodHandle$Holder.invokeStaticInit(java.lang.Object, java.lang.Object, java.lang.Object, java.lang.Object)'> (0x00000000c4f21f10) 
thrown [t:/workspace/open/src/hotspot/share/interpreter/linkResolver.cpp, line 767]
Event: 1.487 Thread 0x0000021517968800 Exception <a 'java/lang/IncompatibleClassChangeError'{0x00000000c4f2a9c0}: Found class java.lang.Object, but interface was expected> (0x00000000c4f2a9c0) 
thrown [t:/workspace/open/src/hotspot/share/interpreter/linkResolver.cpp, line 833]
Event: 1.487 Thread 0x0000021517968800 Exception <a 'java/lang/NoSuchMethodError'{0x00000000c4f2d778}: 'void java.lang.invoke.DirectMethodHandle$Holder.invokeStaticInit(java.lang.Object, java.lang.Object)'> (0x00000000c4f2d778) 
thrown [t:/workspace/open/src/hotspot/share/interpreter/linkResolver.cpp, line 767]
Event: 1.488 Thread 0x0000021517968800 Exception <a 'java/lang/NoSuchMethodError'{0x00000000c4f332c8}: 'int java.lang.invoke.DirectMethodHandle$Holder.invokeStaticInit(java.lang.Object, java.lang.Object)'> (0x00000000c4f332c8) 
thrown [t:/workspace/open/src/hotspot/share/interpreter/linkResolver.cpp, line 767]
Event: 2.017 Thread 0x0000021517968800 Exception <a 'java/lang/NoSuchMethodError'{0x00000000c4d34650}: 'java.lang.Object java.lang.invoke.DirectMethodHandle$Holder.invokeStaticInit(java.lang.Object, java.lang.Object, int, int, int, int)'> (0x00000000c4d34650) 
thrown [t:/workspace/open/src/hotspot/share/interpreter/linkResolver.cpp, line 767]
Event: 2.212 Thread 0x0000021517968800 Exception <a 'java/lang/NullPointerException'{0x00000000c4cb5af0}> (0x00000000c4cb5af0) 
thrown [t:/workspace/open/src/hotspot/share/interpreter/linkResolver.cpp, line 1349]
Event: 2.212 Thread 0x0000021517968800 Exception <a 'java/lang/reflect/InvocationTargetException'{0x00000000c4cb9720}> (0x00000000c4cb9720) 
thrown [t:/workspace/open/src/hotspot/share/runtime/reflection.cpp, line 1188]
Event: 2.256 Thread 0x0000021517968800 Exception <a 'java/lang/NoSuchMethodError'{0x00000000c4a046f8}: 'java.lang.Object java.lang.invoke.DirectMethodHandle$Holder.invokeVirtual(java.lang.Object, java.lang.Object, java.lang.Object)'> (0x00000000c4a046f8) 
thrown [t:/workspace/open/src/hotspot/share/interpreter/linkResolver.cpp, line 767]
Event: 2.563 Thread 0x0000021517968800 Exception <a 'java/lang/NoSuchMethodError'{0x00000000c5448db0}: 'java.lang.Object java.lang.invoke.DirectMethodHandle$Holder.invokeVirtual(java.lang.Object, java.lang.Object, java.lang.Object, java.lang.Object)'> (0x00000000c5448db0) 
thrown [t:/workspace/open/src/hotspot/share/interpreter/linkResolver.cpp, line 767]
Event: 2.644 Thread 0x0000021517968800 Exception <a 'java/lang/NoSuchMethodError'{0x00000000c5348f28}: 'void java.lang.invoke.DirectMethodHandle$Holder.invokeStaticInit(java.lang.Object)'> (0x00000000c5348f28) 
thrown [t:/workspace/open/src/hotspot/share/interpreter/linkResolver.cpp, line 767]
Event: 2.652 Thread 0x0000021517968800 Exception <a 'java/lang/NoSuchMethodError'{0x00000000c536fed8}: 'java.lang.Object java.lang.invoke.Invokers$Holder.linkToTargetMethod(java.lang.Object, int, java.lang.Object)'> (0x00000000c536fed8) 
thrown [t:/workspace/open/src/hotspot/share/interpreter/linkResolver.cpp, line 767]
Event: 9.167 Thread 0x0000021517968800 Exception <a 'sun/nio/fs/WindowsException'{0x00000000c3e335a8}> (0x00000000c3e335a8) 
thrown [t:/workspace/open/src/hotspot/share/prims/jni.cpp, line 598]
Event: 9.291 Thread 0x0000021517480000 Exception <a 'java/lang/InterruptedException'{0x00000000c3e72200}: sleep interrupted> (0x00000000c3e72200) 
thrown [t:/workspace/open/src/hotspot/share/prims/jvm.cpp, line 2966]

Events (20 events):
Event: 10.918 loading class sun/awt/geom/Edge
Event: 10.918 loading class sun/awt/geom/Edge done
Event: 10.919 loading class sun/awt/geom/AreaOp$NZWindOp
Event: 10.919 loading class sun/awt/geom/AreaOp$NZWindOp done
Event: 10.919 loading class sun/awt/geom/AreaOp$SubOp
Event: 10.919 loading class sun/awt/geom/AreaOp$CAGOp
Event: 10.919 loading class sun/awt/geom/AreaOp$CAGOp done
Event: 10.919 loading class sun/awt/geom/AreaOp$SubOp done
Event: 10.920 loading class java/awt/geom/AreaIterator
Event: 10.920 loading class java/awt/geom/AreaIterator done
Event: 10.921 loading class com/formdev/flatlaf/util/MultiResolutionImageSupport
Event: 10.921 loading class com/formdev/flatlaf/util/MultiResolutionImageSupport done
Event: 10.922 loading class com/formdev/flatlaf/util/MultiResolutionImageSupport$MappedMultiResolutionImage
Event: 10.922 loading class com/formdev/flatlaf/util/MultiResolutionImageSupport$MappedMultiResolutionImage done
Event: 10.923 loading class java/awt/image/AbstractMultiResolutionImage
Event: 10.923 loading class java/awt/image/AbstractMultiResolutionImage done
Event: 10.923 loading class java/awt/image/BaseMultiResolutionImage
Event: 10.923 loading class java/awt/image/BaseMultiResolutionImage done
Event: 10.923 loading class com/formdev/flatlaf/util/MultiResolutionImageSupport$ProducerMultiResolutionImage
Event: 10.923 loading class com/formdev/flatlaf/util/MultiResolutionImageSupport$ProducerMultiResolutionImage done


Dynamic libraries:
0x00007ff63a940000 - 0x00007ff63a94f000 	C:\Program Files\Java\jdk-13.0.2\bin\javaw.exe
0x00007ffbb7de0000 - 0x00007ffbb7fd0000 	C:\Windows\SYSTEM32\ntdll.dll
0x00007ffbb6920000 - 0x00007ffbb69d2000 	C:\Windows\System32\KERNEL32.DLL
0x00007ffbb5560000 - 0x00007ffbb5805000 	C:\Windows\System32\KERNELBASE.dll
0x00007ffbb5a20000 - 0x00007ffbb5b1a000 	C:\Windows\System32\ucrtbase.dll
0x00007ffbb04f0000 - 0x00007ffbb0505000 	C:\Program Files\Java\jdk-13.0.2\bin\VCRUNTIME140.dll
0x00007ffba9aa0000 - 0x00007ffba9ab8000 	C:\Program Files\Java\jdk-13.0.2\bin\jli.dll
0x00007ffbb73b0000 - 0x00007ffbb7453000 	C:\Windows\System32\ADVAPI32.dll
0x00007ffbb7810000 - 0x00007ffbb78ae000 	C:\Windows\System32\msvcrt.dll
0x00007ffbb7770000 - 0x00007ffbb7807000 	C:\Windows\System32\sechost.dll
0x00007ffbb6800000 - 0x00007ffbb691f000 	C:\Windows\System32\RPCRT4.dll
0x00007ffbb6fc0000 - 0x00007ffbb7154000 	C:\Windows\System32\USER32.dll
0x00007ffbb5b20000 - 0x00007ffbb5b41000 	C:\Windows\System32\win32u.dll
0x00007ffbb71d0000 - 0x00007ffbb71f6000 	C:\Windows\System32\GDI32.dll
0x00007ffbb5b70000 - 0x00007ffbb5d08000 	C:\Windows\System32\gdi32full.dll
0x00007ffbb5d10000 - 0x00007ffbb5dae000 	C:\Windows\System32\msvcp_win.dll
0x00007ffba65d0000 - 0x00007ffba6854000 	C:\Windows\WinSxS\amd64_microsoft.windows.common-controls_6595b64144ccf1df_6.0.18362.1556_none_9e7e372fe45e41d5\COMCTL32.dll
0x00007ffbb69e0000 - 0x00007ffbb6d16000 	C:\Windows\System32\combase.dll
0x00007ffbb4d50000 - 0x00007ffbb4dd1000 	C:\Windows\System32\bcryptPrimitives.dll
0x00007ffba9a20000 - 0x00007ffba9a2a000 	C:\Windows\SYSTEM32\VERSION.dll
0x00007ffbb78d0000 - 0x00007ffbb78fe000 	C:\Windows\System32\IMM32.DLL
0x00007ffb8f610000 - 0x00007ffb8f6ab000 	C:\Program Files\Java\jdk-13.0.2\bin\msvcp140.dll
0x00007ffb7eca0000 - 0x00007ffb7f7fd000 	C:\Program Files\Java\jdk-13.0.2\bin\server\jvm.dll
0x00007ffbb67f0000 - 0x00007ffbb67f8000 	C:\Windows\System32\PSAPI.DLL
0x00007ffbb18f0000 - 0x00007ffbb1914000 	C:\Windows\SYSTEM32\WINMM.dll
0x00007ffbb18c0000 - 0x00007ffbb18ed000 	C:\Windows\SYSTEM32\WINMMBASE.dll
0x00007ffbb5810000 - 0x00007ffbb585a000 	C:\Windows\System32\cfgmgr32.dll
0x00007ffbb1580000 - 0x00007ffbb1589000 	C:\Windows\SYSTEM32\WSOCK32.dll
0x00007ffbb7160000 - 0x00007ffbb71cf000 	C:\Windows\System32\WS2_32.dll
0x00007ffbb4c90000 - 0x00007ffbb4ca1000 	C:\Windows\System32\kernel.appcore.dll
0x00007ffbafe30000 - 0x00007ffbafe40000 	C:\Program Files\Java\jdk-13.0.2\bin\verify.dll
0x00007ffba5f30000 - 0x00007ffba6124000 	C:\Windows\SYSTEM32\DBGHELP.DLL
0x00007ffba5f00000 - 0x00007ffba5f2a000 	C:\Windows\SYSTEM32\dbgcore.DLL
0x00007ffba2f20000 - 0x00007ffba2f46000 	C:\Program Files\Java\jdk-13.0.2\bin\java.dll
0x00007ffba35e0000 - 0x00007ffba35f7000 	C:\Program Files\Java\jdk-13.0.2\bin\zip.dll
0x00007ffbafd10000 - 0x00007ffbafd1a000 	C:\Program Files\Java\jdk-13.0.2\bin\jimage.dll
0x00007ffbb5e60000 - 0x00007ffbb6547000 	C:\Windows\System32\SHELL32.dll
0x00007ffbb6550000 - 0x00007ffbb65f8000 	C:\Windows\System32\shcore.dll
0x00007ffbb4de0000 - 0x00007ffbb555b000 	C:\Windows\System32\windows.storage.dll
0x00007ffbb4cb0000 - 0x00007ffbb4cce000 	C:\Windows\System32\profapi.dll
0x00007ffbb4cd0000 - 0x00007ffbb4d1a000 	C:\Windows\System32\powrprof.dll
0x00007ffbb4c60000 - 0x00007ffbb4c70000 	C:\Windows\System32\UMPDC.dll
0x00007ffbb6e00000 - 0x00007ffbb6e52000 	C:\Windows\System32\shlwapi.dll
0x00007ffbb5b50000 - 0x00007ffbb5b67000 	C:\Windows\System32\cryptsp.dll
0x00007ffba2f00000 - 0x00007ffba2f19000 	C:\Program Files\Java\jdk-13.0.2\bin\net.dll
0x00007ffbb03e0000 - 0x00007ffbb04da000 	C:\Windows\SYSTEM32\WINHTTP.dll
0x00007ffbb44a0000 - 0x00007ffbb4507000 	C:\Windows\system32\mswsock.dll
0x00007ffb9e400000 - 0x00007ffb9e413000 	C:\Program Files\Java\jdk-13.0.2\bin\nio.dll
0x00007ffb88f80000 - 0x00007ffb89119000 	C:\Program Files\Java\jdk-13.0.2\bin\awt.dll
0x00007ffbb7200000 - 0x00007ffbb72c5000 	C:\Windows\System32\OLEAUT32.dll
0x00007ffbb2dd0000 - 0x00007ffbb2e5f000 	C:\Windows\SYSTEM32\apphelp.dll
0x00007ffbb2f80000 - 0x00007ffbb3019000 	C:\Windows\system32\uxtheme.dll
0x00007ffbb6600000 - 0x00007ffbb6735000 	C:\Windows\System32\MSCTF.dll
0x00007ffbb6e60000 - 0x00007ffbb6fb7000 	C:\Windows\System32\ole32.dll
0x00007ffbb3070000 - 0x00007ffbb309d000 	C:\Windows\system32\DWMAPI.DLL
0x00007ffb872b0000 - 0x00007ffb87406000 	C:\Windows\system32\opengl32.dll
0x00007ffbae740000 - 0x00007ffbae76c000 	C:\Windows\SYSTEM32\GLU32.dll
0x00007ffbb38a0000 - 0x00007ffbb38c0000 	C:\Windows\SYSTEM32\dxcore.dll
0x00007ffb8da00000 - 0x00007ffb8da82000 	C:\Program Files\Java\jdk-13.0.2\bin\freetype.dll
0x00007ffb88ed0000 - 0x00007ffb88f76000 	C:\Program Files\Java\jdk-13.0.2\bin\fontmanager.dll
0x00007ffbb41f0000 - 0x00007ffbb42bb000 	C:\Windows\SYSTEM32\DNSAPI.dll
0x00007ffbb6d90000 - 0x00007ffbb6d98000 	C:\Windows\System32\NSI.dll
0x00007ffbb41b0000 - 0x00007ffbb41ea000 	C:\Windows\SYSTEM32\IPHLPAPI.DLL
0x00007ffbac330000 - 0x00007ffbac33a000 	C:\Windows\System32\rasadhlp.dll
0x00007ffbac250000 - 0x00007ffbac2c7000 	C:\Windows\System32\fwpuclnt.dll
0x00007ffbb4d20000 - 0x00007ffbb4d46000 	C:\Windows\System32\bcrypt.dll
0x00007ffba9580000 - 0x00007ffba958e000 	C:\Program Files\Java\jdk-13.0.2\bin\sunmscapi.dll
0x00007ffbb5860000 - 0x00007ffbb59b1000 	C:\Windows\System32\CRYPT32.dll
0x00007ffbb4c70000 - 0x00007ffbb4c82000 	C:\Windows\System32\MSASN1.dll
0x00007ffbb4780000 - 0x00007ffbb47a6000 	C:\Windows\SYSTEM32\ncrypt.dll
0x00007ffbb4740000 - 0x00007ffbb477b000 	C:\Windows\SYSTEM32\NTASN1.dll
0x00007ffb94fb0000 - 0x00007ffb94fd5000 	C:\Program Files\Java\jdk-13.0.2\bin\sunec.dll
0x00007ffbb4020000 - 0x00007ffbb4053000 	C:\Windows\system32\rsaenh.dll
0x00007ffbb4b80000 - 0x00007ffbb4ba5000 	C:\Windows\SYSTEM32\USERENV.dll
0x00007ffbb4670000 - 0x00007ffbb467c000 	C:\Windows\SYSTEM32\CRYPTBASE.dll
0x00007ffbacf50000 - 0x00007ffbacf66000 	C:\Windows\SYSTEM32\dhcpcsvc6.DLL
0x00007ffbad120000 - 0x00007ffbad13c000 	C:\Windows\SYSTEM32\dhcpcsvc.DLL
0x00007ffbb6740000 - 0x00007ffbb67e2000 	C:\Windows\System32\clbcatq.dll
0x00007ffbada10000 - 0x00007ffbadbbf000 	C:\Windows\SYSTEM32\WindowsCodecs.dll
0x00007ffb99830000 - 0x00007ffb9986b000 	C:\Windows\system32\dataexchange.dll
0x00007ffbb1fb0000 - 0x00007ffbb220b000 	C:\Windows\system32\d3d11.dll
0x00007ffbb2670000 - 0x00007ffbb284d000 	C:\Windows\system32\dcomp.dll
0x00007ffbb3930000 - 0x00007ffbb3a1b000 	C:\Windows\system32\dxgi.dll
0x00007ffbb30a0000 - 0x00007ffbb32fa000 	C:\Windows\system32\twinapi.appcore.dll
0x00007ffbb34b0000 - 0x00007ffbb34d9000 	C:\Windows\system32\RMCLIENT.dll
0x00007ffba9270000 - 0x00007ffba930b000 	C:\Windows\System32\TextInputFramework.dll
0x00007ffbaf620000 - 0x00007ffbaf94a000 	C:\Windows\System32\CoreUIComponents.dll
0x00007ffbb2bc0000 - 0x00007ffbb2c94000 	C:\Windows\System32\CoreMessaging.dll
0x00007ffbb0a10000 - 0x00007ffbb0b62000 	C:\Windows\SYSTEM32\wintypes.dll
0x00007ffbb3ca0000 - 0x00007ffbb3cd1000 	C:\Windows\SYSTEM32\ntmarta.dll
0x00007ffba7d40000 - 0x00007ffba7fe7000 	C:\Windows\System32\iertutil.dll
0x00007ffbb0540000 - 0x00007ffbb0546000 	C:\Users\User\AppData\Local\Temp\flatlaf.temp\flatlaf-windows-x86_64-1592533204141000.dll
0x00007ffbb1500000 - 0x00007ffbb1507000 	C:\Program Files\Java\jdk-13.0.2\bin\jawt.dll

dbghelp: loaded successfully - version: 4.0.5 - missing functions: none
symbol engine: initialized successfully - sym options: 0x614 - pdb path: .;C:\Program Files\Java\jdk-13.0.2\bin;C:\Windows\SYSTEM32;C:\Windows\WinSxS\amd64_microsoft.windows.common-controls_6595b64144ccf1df_6.0.18362.1556_none_9e7e372fe45e41d5;C:\Program Files\Java\jdk-13.0.2\bin\server;C:\Users\User\AppData\Local\Temp\flatlaf.temp

VM Arguments:
jvm_args: -Dfile.encoding=Cp1252 
java_command: accounts.Login
java_class_path (initial): C:\Users\User\git\bakame\DriveOperations\target\classes;C:\Users\User\Desktop\Libraries\jgoodies-common-1.8.0.jar;C:\Users\User\Desktop\Libraries\jgoodies-forms-1.8.0.jar;C:\Users\User\Desktop\Libraries\miglayout15-swing.jar;C:\Users\User\Downloads\javax.mail.jar;C:\Users\User\Downloads\activation-1.1.1.jar;C:\Users\User\Downloads\jcalendar-1.4.jar;C:\Users\User\Downloads\jfreechart-1.0.19\lib\jcommon-1.0.23.jar;C:\Users\User\Downloads\jfreechart-1.0.19\lib\jfreechart-1.0.19.jar;C:\Users\User\Downloads\commons-net-3.8.0\commons-net-3.8.0.jar;C:\Users\User\Documents\Libs\comm-2.0.jar;C:\Users\User\Documents\Libs\http-2.2.1.jar;C:\Users\User\Downloads\JTattoo-1.6.13.jar;C:\Users\User\Desktop\Libs\jmespath-java-1.11.470.jar;C:\Users\User\Desktop\Libs\aws-java-sdk-core-1.12.65.jar;C:\Users\User\Desktop\Libs\aws-java-sdk-kms-1.12.65.jar;C:\Users\User\Desktop\Libs\aws-java-sdk-s3-1.12.65.jar;C:\Users\User\Desktop\Libs\commons-codec-1.15.jar;C:\Users\User\Desktop\Libs\commons-logging-1.1.3.jar;C:\Users\User\Desktop\Libs\httpclient-4.5.13.jar;C:\Users\User\Desktop\Libs\ion-java-1.0.2.jar;C:\Users\User\Desktop\Libs\jackson-annotations-2.12.3.jar;C:\Users\User\Desktop\Libs\jackson-core-2.12.3.jar;C:\Users\User\Desktop\Libs\jackson-databind-2.12.3.jar;C:\Users\User\Desktop\Libs\jackson-dataformat-cbor-2.12.3.jar;C:\Users\User\Desktop\Libs\jmespath-java-1.12.65.jar;C:\Users\User\Desktop\Libs\joda-time-2.8.1.jar;C:\Users\User\Desktop\Libs\mysql-connector-java-5.1.45.jar;C:\Users\User\.m2\repository\com\amazonaws\aws-java-sdk-s3\1.12.65\aws-java-sdk-s3-1.12.65.jar;C:\Users\User\.m2\repository\com\amazonaws\aws-java-sdk-kms\1.12.65\aws-java-sdk-kms-1.12.65.jar;C:\Users\User\.m2\repository\com\amazonaws\aws-java-sdk-core\1.12.65\aws-java-sdk-core-1.12.65.jar;C:\Users\User\.m2\repository\commons-logging\commons-logging\1.1.3\commons-logging-1.1.3.jar;C:\Users\User\.m2\repository\commons-codec\commons-codec\1.15\commons-codec-1.15.jar;C:\Users\User\.m2\re
Launcher Type: SUN_STANDARD

[Global flags]
     intx CICompilerCount                          = 3                                         {product} {ergonomic}
     uint ConcGCThreads                            = 1                                         {product} {ergonomic}
     uint G1ConcRefinementThreads                  = 4                                         {product} {ergonomic}
   size_t G1HeapRegionSize                         = 1048576                                   {product} {ergonomic}
    uintx GCDrainStackTargetSize                   = 64                                        {product} {ergonomic}
   size_t InitialHeapSize                          = 67108864                                  {product} {ergonomic}
   size_t MarkStackSize                            = 4194304                                   {product} {ergonomic}
   size_t MaxHeapSize                              = 1050673152                                {product} {ergonomic}
   size_t MaxNewSize                               = 630194176                                 {product} {ergonomic}
   size_t MinHeapDeltaBytes                        = 1048576                                   {product} {ergonomic}
   size_t MinHeapSize                              = 8388608                                   {product} {ergonomic}
    uintx NonNMethodCodeHeapSize                   = 5832780                                {pd product} {ergonomic}
    uintx NonProfiledCodeHeapSize                  = 122912730                              {pd product} {ergonomic}
    uintx ProfiledCodeHeapSize                     = 122912730                              {pd product} {ergonomic}
    uintx ReservedCodeCacheSize                    = 251658240                              {pd product} {ergonomic}
     bool SegmentedCodeCache                       = true                                      {product} {ergonomic}
   size_t SoftMaxHeapSize                          = 1050673152                             {manageable} {ergonomic}
     bool UseCompressedClassPointers               = true                                 {lp64_product} {ergonomic}
     bool UseCompressedOops                        = true                                 {lp64_product} {ergonomic}
     bool UseG1GC                                  = true                                      {product} {ergonomic}
     bool UseLargePagesIndividualAllocation        = false                                  {pd product} {ergonomic}

Logging:
Log output configuration:
 #0: stdout all=warning uptime,level,tags
 #1: stderr all=off uptime,level,tags

Environment Variables:
JAVA_HOME=C:\Program Files (x86)\Java\jre1.8.0_241
PATH=C:\Program Files\Java\jdk-13.0.2\bin;C:\Program Files (x86)\Common Files\Oracle\Java\javapath;C:\Windows\system32;C:\Windows;C:\Windows\System32\Wbem;C:\Windows\System32\WindowsPowerShell\v1.0\;C:\Windows\System32\OpenSSH\;C:\Program Files (x86)\apache-maven-3.8.1\bin;C:\Program Files (x86)\gradle-7.1.1\bin;C:\Users\User\Documents\Setup logiciels\mongosh-1.1.2-win32-x64\bin;C:\Program Files\Git\cmd;C:\Program Files\MySQL\MySQL Shell 8.0\bin\;C:\Users\User\AppData\Local\Microsoft\WindowsApps;C:\Users\User\AppData\Local\Programs\Microsoft VS Code\bin;C:\Program Files (x86)\gradle-7.1.1\bin;C:\Users\User\Downloads\platform-tools;C:\Users\User\Documents\Setup logiciels\mongosh-1.1.2-win32-x64\bin;C:\Users\User\AppData\Local\GitHubDesktop\bin;C:\Program Files\JetBrains\IntelliJ IDEA 2022.1.1\bin;
USERNAME=User
OS=Windows_NT
PROCESSOR_IDENTIFIER=Intel64 Family 6 Model 42 Stepping 7, GenuineIntel



---------------  S Y S T E M  ---------------

OS: Windows 10 , 64 bit Build 18362 (10.0.18362.1500)

CPU:total 4 (initial active 4) (2 cores per cpu, 2 threads per core) family 6 model 42 stepping 7, cmov, cx8, fxsr, mmx, sse, sse2, sse3, ssse3, sse4.1, sse4.2, popcnt, avx, aes, clmul, ht, tsc, tscinvbit

Memory: 4k page, system-wide physical 4006M (414M free)
TotalPageFile size 16287M (AvailPageFile size 50M)
current process WorkingSet (physical memory assigned to process): 276M, peak: 276M
current process commit charge ("private bytes"): 348M, peak: 460M

vm_info: Java HotSpot(TM) 64-Bit Server VM (13.0.2+8) for windows-amd64 JRE (13.0.2+8), built on Dec 11 2019 09:20:33 by "mach5one" with unknown MS VC++:1916

END.
