#
# There is insufficient memory for the Java Runtime Environment to continue.
# Native memory allocation (mmap) failed to map 35651584 bytes for Failed to commit area from 0x00000000cc600000 to 0x00000000ce800000 of length 35651584.
# Possible reasons:
#   The system is out of physical RAM or swap space
#   The process is running with CompressedOops enabled, and the Java Heap may be blocking the growth of the native heap
# Possible solutions:
#   Reduce memory load on the system
#   Increase physical memory or swap space
#   Check if swap backing store is full
#   Decrease Java heap size (-Xmx/-Xms)
#   Decrease number of Java threads
#   Decrease Java thread stack sizes (-Xss)
#   Set larger code cache with -XX:ReservedCodeCacheSize=
#   JVM is running with Unscaled Compressed Oops mode in which the Java heap is
#     placed in the first 4GB address space. The Java Heap base address is the
#     maximum limit for the native heap growth. Please use -XX:HeapBaseMinAddress
#     to set the Java Heap base and to place the Java Heap above 4GB virtual address.
# This output file may be truncated or incomplete.
#
#  Out of Memory Error (t:/workspace/open/src/hotspot/os/windows/os_windows.cpp:3301), pid=11972, tid=11008
#
# JRE version: Java(TM) SE Runtime Environment (13.0.2+8) (build 13.0.2+8)
# Java VM: Java HotSpot(TM) 64-Bit Server VM (13.0.2+8, mixed mode, sharing, tiered, compressed oops, g1 gc, windows-amd64)
# No core dump will be written. Minidumps are not enabled by default on client versions of Windows
#

---------------  S U M M A R Y ------------

Command Line: -Dfile.encoding=Cp1252 Application.Home

Host: Intel(R) Core(TM) i5-2520M CPU @ 2.50GHz, 4 cores, 3G,  Windows 10 , 64 bit Build 18362 (10.0.18362.1500)
Time: Mon May 16 16:51:37 2022 Afrique de l?Est elapsed time: 85 seconds (0d 0h 1m 25s)

---------------  T H R E A D  ---------------

Current thread (0x000002152664e000):  VMThread "VM Thread" [stack: 0x0000005687400000,0x0000005687500000] [id=11008]

Stack: [0x0000005687400000,0x0000005687500000]
[error occurred during error reporting (printing stack bounds), id 0xc0000005, EXCEPTION_ACCESS_VIOLATION (0xc0000005) at pc=0x000002152ea810ad]

Native frames: (J=compiled Java code, j=interpreted, Vv=VM code, C=native code)
V  [jvm.dll+0x624f9a]
V  [jvm.dll+0x770cfa]
V  [jvm.dll+0x7724af]
V  [jvm.dll+0x772a15]
V  [jvm.dll+0x7729cb]
V  [jvm.dll+0x6244df]
C  [ntdll.dll+0x790b6]
C  [ntdll.dll+0x6a926]
C  [ntdll.dll+0xa0c6e]
C  0x000002152ea810ad

VM_Operation (0x00000056870ff4a0): G1Concurrent, mode: safepoint, requested by thread 0x00000215265c0800


---------------  P R O C E S S  ---------------

Threads class SMR info:
_java_thread_list=0x000002154343b500, length=21, elements={
0x000002154256f800, 0x0000021542575000, 0x000002154258c800, 0x0000021542590000,
0x0000021542591800, 0x0000021542597800, 0x00000215425a1800, 0x0000021542fe4800,
0x0000021542fdf800, 0x0000021542fe3800, 0x0000021542fe2000, 0x0000021542fe0800,
0x0000021542fe3000, 0x0000021542fdf000, 0x0000021542fe5800, 0x0000021542fe1800,
0x0000021544019000, 0x0000021544017800, 0x0000021544018000, 0x0000021544014000,
0x0000021544013800
}

Java Threads: ( => current thread )
  0x000002154256f800 JavaThread "Reference Handler" daemon [_thread_blocked, id=1248, stack(0x0000005687500000,0x0000005687600000)]
  0x0000021542575000 JavaThread "Finalizer" daemon [_thread_blocked, id=8724, stack(0x0000005687600000,0x0000005687700000)]
  0x000002154258c800 JavaThread "Signal Dispatcher" daemon [_thread_blocked, id=12868, stack(0x0000005687700000,0x0000005687800000)]
  0x0000021542590000 JavaThread "Attach Listener" daemon [_thread_blocked, id=13176, stack(0x0000005687800000,0x0000005687900000)]
  0x0000021542591800 JavaThread "C2 CompilerThread0" daemon [_thread_blocked, id=6212, stack(0x0000005687900000,0x0000005687a00000)]
  0x0000021542597800 JavaThread "C1 CompilerThread0" daemon [_thread_blocked, id=9360, stack(0x0000005687a00000,0x0000005687b00000)]
  0x00000215425a1800 JavaThread "Sweeper thread" daemon [_thread_blocked, id=10896, stack(0x0000005687b00000,0x0000005687c00000)]
  0x0000021542fe4800 JavaThread "Service Thread" daemon [_thread_blocked, id=11408, stack(0x0000005687c00000,0x0000005687d00000)]
  0x0000021542fdf800 JavaThread "Common-Cleaner" daemon [_thread_blocked, id=8964, stack(0x0000005687e00000,0x0000005687f00000)]
  0x0000021542fe3800 JavaThread "Java2D Disposer" daemon [_thread_blocked, id=9028, stack(0x0000005687f00000,0x0000005688000000)]
  0x0000021542fe2000 JavaThread "AWT-Shutdown" [_thread_blocked, id=9568, stack(0x0000005688000000,0x0000005688100000)]
  0x0000021542fe0800 JavaThread "AWT-Windows" daemon [_thread_in_native, id=5380, stack(0x0000005688100000,0x0000005688200000)]
  0x0000021542fe3000 JavaThread "AWT-EventQueue-0" [_thread_blocked, id=12148, stack(0x0000005688200000,0x0000005688300000)]
  0x0000021542fdf000 JavaThread "DestroyJavaVM" [_thread_blocked, id=13064, stack(0x0000005686e00000,0x0000005686f00000)]
  0x0000021542fe5800 JavaThread "Abandoned connection cleanup thread" daemon [_thread_blocked, id=11052, stack(0x0000005688300000,0x0000005688400000)]
  0x0000021542fe1800 JavaThread "mysql-cj-abandoned-connection-cleanup" daemon [_thread_blocked, id=13164, stack(0x0000005688400000,0x0000005688500000)]
  0x0000021544019000 JavaThread "TimerQueue" daemon [_thread_blocked, id=2128, stack(0x0000005688a00000,0x0000005688b00000)]
  0x0000021544017800 JavaThread "SwingWorker-pool-1-thread-1" daemon [_thread_blocked, id=12300, stack(0x0000005688900000,0x0000005688a00000)]
  0x0000021544018000 JavaThread "SwingWorker-pool-1-thread-2" daemon [_thread_blocked, id=5908, stack(0x0000005688b00000,0x0000005688c00000)]
  0x0000021544014000 JavaThread "SwingWorker-pool-1-thread-3" daemon [_thread_blocked, id=11808, stack(0x0000005688c00000,0x0000005688d00000)]
  0x0000021544013800 JavaThread "Image Fetcher 0" daemon [_thread_blocked, id=15280, stack(0x0000005686b00000,0x0000005686c00000)]

Other Threads:
=>0x000002152664e000 VMThread "VM Thread" [stack: 0x0000005687400000,0x0000005687500000] [id=11008]
  0x0000021542ff5800 WatcherThread [stack: 0x0000005687d00000,0x0000005687e00000] [id=12700]
  0x00000215265b6800 GCTaskThread "GC Thread#0" [stack: 0x0000005686f00000,0x0000005687000000] [id=10372]
  0x00000215437cc000 GCTaskThread "GC Thread#1" [stack: 0x0000005688500000,0x0000005688600000] [id=9600]
  0x00000215436c6800 GCTaskThread "GC Thread#2" [stack: 0x0000005688600000,0x0000005688700000] [id=13128]
  0x00000215436c7000 GCTaskThread "GC Thread#3" [stack: 0x0000005688700000,0x0000005688800000] [id=13100]
  0x00000215265c0800 ConcurrentGCThread "G1 Main Marker" [stack: 0x0000005687000000,0x0000005687100000] [id=1684]
  0x00000215265c2000 ConcurrentGCThread "G1 Conc#0" [stack: 0x0000005687100000,0x0000005687200000] [id=12696]
  0x0000021526617000 ConcurrentGCThread "G1 Refine#0" [stack: 0x0000005687200000,0x0000005687300000] [id=10000]
  0x00000215430f9000 ConcurrentGCThread "G1 Refine#1" [stack: 0x0000005688800000,0x0000005688900000] [id=7364]
  0x0000021526619000 ConcurrentGCThread "G1 Young RemSet Sampling" [stack: 0x0000005687300000,0x0000005687400000] [id=7716]

Threads with active compile tasks:

VM state:at safepoint (normal execution)

VM Mutex/Monitor currently owned by a thread:  ([mutex/lock_event])
[0x00000215265820e0] Threads_lock - owner thread: 0x000002152664e000
[0x0000021526581120] Heap_lock - owner thread: 0x00000215265c0800

Heap address: 0x00000000c1600000, size: 1002 MB, Compressed Oops mode: 32-bit
Narrow klass base: 0x0000000800000000, Narrow klass shift: 3
Compressed class space size: 1073741824 Address: 0x0000000800b40000

Heap:
 garbage-first heap   total 215040K, used 127586K [0x00000000c1600000, 0x0000000100000000)
  region size 1024K, 3 young (3072K), 3 survivors (3072K)
 Metaspace       used 20087K, capacity 20467K, committed 20736K, reserved 1067008K
  class space    used 2296K, capacity 2444K, committed 2560K, reserved 1048576K
Heap Regions: E=young(eden), S=young(survivor), O=old, HS=humongous(starts), HC=humongous(continues), CS=collection set, F=free, A=archive, TAMS=top-at-mark-start (previous, next)
|   0|0x00000000c1600000, 0x00000000c1700000, 0x00000000c1700000|100%| O|  |TAMS 0x00000000c1700000, 0x00000000c1600000| Updating 
|   1|0x00000000c1700000, 0x00000000c1800000, 0x00000000c1800000|100%| O|  |TAMS 0x00000000c1800000, 0x00000000c1700000| Updating 
|   2|0x00000000c1800000, 0x00000000c1900000, 0x00000000c1900000|100%| O|  |TAMS 0x00000000c1900000, 0x00000000c1800000| Updating 
|   3|0x00000000c1900000, 0x00000000c1a00000, 0x00000000c1a00000|100%| O|  |TAMS 0x00000000c1a00000, 0x00000000c1900000| Updating 
|   4|0x00000000c1a00000, 0x00000000c1b00000, 0x00000000c1b00000|100%| O|  |TAMS 0x00000000c1b00000, 0x00000000c1a00000| Updating 
|   5|0x00000000c1b00000, 0x00000000c1c00000, 0x00000000c1c00000|100%| O|  |TAMS 0x00000000c1c00000, 0x00000000c1b00000| Updating 
|   6|0x00000000c1c00000, 0x00000000c1d00000, 0x00000000c1d00000|100%| O|  |TAMS 0x00000000c1d00000, 0x00000000c1c00000| Updating 
|   7|0x00000000c1d00000, 0x00000000c1e00000, 0x00000000c1e00000|100%| O|  |TAMS 0x00000000c1d93000, 0x00000000c1d00000| Updating 
|   8|0x00000000c1e00000, 0x00000000c1f00000, 0x00000000c1f00000|100%| O|  |TAMS 0x00000000c1e00000, 0x00000000c1e00000| Untracked 
|   9|0x00000000c1f00000, 0x00000000c2000000, 0x00000000c2000000|100%| O|  |TAMS 0x00000000c1f00000, 0x00000000c1f00000| Untracked 
|  10|0x00000000c2000000, 0x00000000c2030000, 0x00000000c2100000| 18%| O|  |TAMS 0x00000000c2000000, 0x00000000c2000000| Updating 
|  11|0x00000000c2100000, 0x00000000c2100000, 0x00000000c2200000|  0%| F|  |TAMS 0x00000000c2100000, 0x00000000c2100000| Untracked 
|  12|0x00000000c2200000, 0x00000000c2200000, 0x00000000c2300000|  0%| F|  |TAMS 0x00000000c2200000, 0x00000000c2200000| Untracked 
|  13|0x00000000c2300000, 0x00000000c2300000, 0x00000000c2400000|  0%| F|  |TAMS 0x00000000c2300000, 0x00000000c2300000| Untracked 
|  14|0x00000000c2400000, 0x00000000c2400000, 0x00000000c2500000|  0%| F|  |TAMS 0x00000000c2400000, 0x00000000c2400000| Untracked 
|  15|0x00000000c2500000, 0x00000000c2500000, 0x00000000c2600000|  0%| F|  |TAMS 0x00000000c2500000, 0x00000000c2500000| Untracked 
|  16|0x00000000c2600000, 0x00000000c2600000, 0x00000000c2700000|  0%| F|  |TAMS 0x00000000c2600000, 0x00000000c2600000| Untracked 
|  17|0x00000000c2700000, 0x00000000c2700000, 0x00000000c2800000|  0%| F|  |TAMS 0x00000000c2700000, 0x00000000c2700000| Untracked 
|  18|0x00000000c2800000, 0x00000000c2800000, 0x00000000c2900000|  0%| F|  |TAMS 0x00000000c2800000, 0x00000000c2800000| Untracked 
|  19|0x00000000c2900000, 0x00000000c2900000, 0x00000000c2a00000|  0%| F|  |TAMS 0x00000000c2900000, 0x00000000c2900000| Untracked 
|  20|0x00000000c2a00000, 0x00000000c2a00000, 0x00000000c2b00000|  0%| F|  |TAMS 0x00000000c2a00000, 0x00000000c2a00000| Untracked 
|  21|0x00000000c2b00000, 0x00000000c2b00000, 0x00000000c2c00000|  0%| F|  |TAMS 0x00000000c2b00000, 0x00000000c2b00000| Untracked 
|  22|0x00000000c2c00000, 0x00000000c2c00000, 0x00000000c2d00000|  0%| F|  |TAMS 0x00000000c2c00000, 0x00000000c2c00000| Untracked 
|  23|0x00000000c2d00000, 0x00000000c2d00000, 0x00000000c2e00000|  0%| F|  |TAMS 0x00000000c2d00000, 0x00000000c2d00000| Untracked 
|  24|0x00000000c2e00000, 0x00000000c2e00000, 0x00000000c2f00000|  0%| F|  |TAMS 0x00000000c2e00000, 0x00000000c2e00000| Untracked 
|  25|0x00000000c2f00000, 0x00000000c2f00000, 0x00000000c3000000|  0%| F|  |TAMS 0x00000000c2f00000, 0x00000000c2f00000| Untracked 
|  26|0x00000000c3000000, 0x00000000c3000000, 0x00000000c3100000|  0%| F|  |TAMS 0x00000000c3000000, 0x00000000c3000000| Untracked 
|  27|0x00000000c3100000, 0x00000000c3100000, 0x00000000c3200000|  0%| F|  |TAMS 0x00000000c3100000, 0x00000000c3100000| Untracked 
|  28|0x00000000c3200000, 0x00000000c3200000, 0x00000000c3300000|  0%| F|  |TAMS 0x00000000c3200000, 0x00000000c3200000| Untracked 
|  29|0x00000000c3300000, 0x00000000c3300000, 0x00000000c3400000|  0%| F|  |TAMS 0x00000000c3300000, 0x00000000c3300000| Untracked 
|  30|0x00000000c3400000, 0x00000000c3400000, 0x00000000c3500000|  0%| F|  |TAMS 0x00000000c3400000, 0x00000000c3400000| Untracked 
|  31|0x00000000c3500000, 0x00000000c3500000, 0x00000000c3600000|  0%| F|  |TAMS 0x00000000c3500000, 0x00000000c3500000| Untracked 
|  32|0x00000000c3600000, 0x00000000c3600000, 0x00000000c3700000|  0%| F|  |TAMS 0x00000000c3600000, 0x00000000c3600000| Untracked 
|  33|0x00000000c3700000, 0x00000000c3700000, 0x00000000c3800000|  0%| F|  |TAMS 0x00000000c3700000, 0x00000000c3700000| Untracked 
|  34|0x00000000c3800000, 0x00000000c3800000, 0x00000000c3900000|  0%| F|  |TAMS 0x00000000c3800000, 0x00000000c3800000| Untracked 
|  35|0x00000000c3900000, 0x00000000c3900000, 0x00000000c3a00000|  0%| F|  |TAMS 0x00000000c3900000, 0x00000000c3900000| Untracked 
|  36|0x00000000c3a00000, 0x00000000c3a00000, 0x00000000c3b00000|  0%| F|  |TAMS 0x00000000c3a00000, 0x00000000c3a00000| Untracked 
|  37|0x00000000c3b00000, 0x00000000c3b00000, 0x00000000c3c00000|  0%| F|  |TAMS 0x00000000c3b00000, 0x00000000c3b00000| Untracked 
|  38|0x00000000c3c00000, 0x00000000c3c00000, 0x00000000c3d00000|  0%| F|  |TAMS 0x00000000c3c00000, 0x00000000c3c00000| Untracked 
|  39|0x00000000c3d00000, 0x00000000c3d00000, 0x00000000c3e00000|  0%| F|  |TAMS 0x00000000c3d00000, 0x00000000c3d00000| Untracked 
|  40|0x00000000c3e00000, 0x00000000c3e00000, 0x00000000c3f00000|  0%| F|  |TAMS 0x00000000c3e00000, 0x00000000c3e00000| Untracked 
|  41|0x00000000c3f00000, 0x00000000c3f00000, 0x00000000c4000000|  0%| F|  |TAMS 0x00000000c3f00000, 0x00000000c3f00000| Untracked 
|  42|0x00000000c4000000, 0x00000000c4000000, 0x00000000c4100000|  0%| F|  |TAMS 0x00000000c4000000, 0x00000000c4000000| Untracked 
|  43|0x00000000c4100000, 0x00000000c4100000, 0x00000000c4200000|  0%| F|  |TAMS 0x00000000c4100000, 0x00000000c4100000| Untracked 
|  44|0x00000000c4200000, 0x00000000c4200000, 0x00000000c4300000|  0%| F|  |TAMS 0x00000000c4200000, 0x00000000c4200000| Untracked 
|  45|0x00000000c4300000, 0x00000000c4300000, 0x00000000c4400000|  0%| F|  |TAMS 0x00000000c4300000, 0x00000000c4300000| Untracked 
|  46|0x00000000c4400000, 0x00000000c4400000, 0x00000000c4500000|  0%| F|  |TAMS 0x00000000c4400000, 0x00000000c4400000| Untracked 
|  47|0x00000000c4500000, 0x00000000c4500000, 0x00000000c4600000|  0%| F|  |TAMS 0x00000000c4500000, 0x00000000c4500000| Untracked 
|  48|0x00000000c4600000, 0x00000000c4600000, 0x00000000c4700000|  0%| F|  |TAMS 0x00000000c4600000, 0x00000000c4600000| Untracked 
|  49|0x00000000c4700000, 0x00000000c4700000, 0x00000000c4800000|  0%| F|  |TAMS 0x00000000c4700000, 0x00000000c4700000| Untracked 
|  50|0x00000000c4800000, 0x00000000c4800000, 0x00000000c4900000|  0%| F|  |TAMS 0x00000000c4800000, 0x00000000c4800000| Untracked 
|  51|0x00000000c4900000, 0x00000000c4900000, 0x00000000c4a00000|  0%| F|  |TAMS 0x00000000c4900000, 0x00000000c4900000| Untracked 
|  52|0x00000000c4a00000, 0x00000000c4a00000, 0x00000000c4b00000|  0%| F|  |TAMS 0x00000000c4a00000, 0x00000000c4a00000| Untracked 
|  53|0x00000000c4b00000, 0x00000000c4b00000, 0x00000000c4c00000|  0%| F|  |TAMS 0x00000000c4b00000, 0x00000000c4b00000| Untracked 
|  54|0x00000000c4c00000, 0x00000000c4c00000, 0x00000000c4d00000|  0%| F|  |TAMS 0x00000000c4c00000, 0x00000000c4c00000| Untracked 
|  55|0x00000000c4d00000, 0x00000000c4d68938, 0x00000000c4e00000| 40%| S|CS|TAMS 0x00000000c4d00000, 0x00000000c4d00000| Complete 
|  56|0x00000000c4e00000, 0x00000000c4f00000, 0x00000000c4f00000|100%| S|CS|TAMS 0x00000000c4e00000, 0x00000000c4e00000| Complete 
|  57|0x00000000c4f00000, 0x00000000c5000000, 0x00000000c5000000|100%| S|CS|TAMS 0x00000000c4f00000, 0x00000000c4f00000| Complete 
|  58|0x00000000c5000000, 0x00000000c5100000, 0x00000000c5100000|100%|HS|  |TAMS 0x00000000c5000000, 0x00000000c5000000| Complete 
|  59|0x00000000c5100000, 0x00000000c5200000, 0x00000000c5200000|100%|HC|  |TAMS 0x00000000c5100000, 0x00000000c5100000| Complete 
|  60|0x00000000c5200000, 0x00000000c5300000, 0x00000000c5300000|100%|HC|  |TAMS 0x00000000c5200000, 0x00000000c5200000| Complete 
|  61|0x00000000c5300000, 0x00000000c5400000, 0x00000000c5400000|100%|HC|  |TAMS 0x00000000c5300000, 0x00000000c5300000| Complete 
|  62|0x00000000c5400000, 0x00000000c5500000, 0x00000000c5500000|100%|HC|  |TAMS 0x00000000c5400000, 0x00000000c5400000| Complete 
|  63|0x00000000c5500000, 0x00000000c5600000, 0x00000000c5600000|100%|HC|  |TAMS 0x00000000c5500000, 0x00000000c5500000| Complete 
|  64|0x00000000c5600000, 0x00000000c5700000, 0x00000000c5700000|100%|HC|  |TAMS 0x00000000c5600000, 0x00000000c5600000| Complete 
|  65|0x00000000c5700000, 0x00000000c5800000, 0x00000000c5800000|100%|HC|  |TAMS 0x00000000c5700000, 0x00000000c5700000| Complete 
|  66|0x00000000c5800000, 0x00000000c5900000, 0x00000000c5900000|100%|HC|  |TAMS 0x00000000c5800000, 0x00000000c5800000| Complete 
|  67|0x00000000c5900000, 0x00000000c5a00000, 0x00000000c5a00000|100%|HC|  |TAMS 0x00000000c5900000, 0x00000000c5900000| Complete 
|  68|0x00000000c5a00000, 0x00000000c5b00000, 0x00000000c5b00000|100%|HC|  |TAMS 0x00000000c5a00000, 0x00000000c5a00000| Complete 
|  69|0x00000000c5b00000, 0x00000000c5c00000, 0x00000000c5c00000|100%|HC|  |TAMS 0x00000000c5b00000, 0x00000000c5b00000| Complete 
|  70|0x00000000c5c00000, 0x00000000c5d00000, 0x00000000c5d00000|100%|HC|  |TAMS 0x00000000c5c00000, 0x00000000c5c00000| Complete 
|  71|0x00000000c5d00000, 0x00000000c5e00000, 0x00000000c5e00000|100%|HC|  |TAMS 0x00000000c5d00000, 0x00000000c5d00000| Complete 
|  72|0x00000000c5e00000, 0x00000000c5f00000, 0x00000000c5f00000|100%|HC|  |TAMS 0x00000000c5e00000, 0x00000000c5e00000| Complete 
|  73|0x00000000c5f00000, 0x00000000c6000000, 0x00000000c6000000|100%|HC|  |TAMS 0x00000000c5f00000, 0x00000000c5f00000| Complete 
|  74|0x00000000c6000000, 0x00000000c6100000, 0x00000000c6100000|100%|HC|  |TAMS 0x00000000c6000000, 0x00000000c6000000| Complete 
|  75|0x00000000c6100000, 0x00000000c6200000, 0x00000000c6200000|100%|HC|  |TAMS 0x00000000c6100000, 0x00000000c6100000| Complete 
|  76|0x00000000c6200000, 0x00000000c6300000, 0x00000000c6300000|100%|HC|  |TAMS 0x00000000c6200000, 0x00000000c6200000| Complete 
|  77|0x00000000c6300000, 0x00000000c6400000, 0x00000000c6400000|100%|HC|  |TAMS 0x00000000c6300000, 0x00000000c6300000| Complete 
|  78|0x00000000c6400000, 0x00000000c6500000, 0x00000000c6500000|100%|HC|  |TAMS 0x00000000c6400000, 0x00000000c6400000| Complete 
|  79|0x00000000c6500000, 0x00000000c6600000, 0x00000000c6600000|100%|HC|  |TAMS 0x00000000c6500000, 0x00000000c6500000| Complete 
|  80|0x00000000c6600000, 0x00000000c6700000, 0x00000000c6700000|100%|HC|  |TAMS 0x00000000c6600000, 0x00000000c6600000| Complete 
|  81|0x00000000c6700000, 0x00000000c6800000, 0x00000000c6800000|100%|HC|  |TAMS 0x00000000c6700000, 0x00000000c6700000| Complete 
|  82|0x00000000c6800000, 0x00000000c6900000, 0x00000000c6900000|100%|HC|  |TAMS 0x00000000c6800000, 0x00000000c6800000| Complete 
|  83|0x00000000c6900000, 0x00000000c6a00000, 0x00000000c6a00000|100%|HC|  |TAMS 0x00000000c6900000, 0x00000000c6900000| Complete 
|  84|0x00000000c6a00000, 0x00000000c6b00000, 0x00000000c6b00000|100%|HC|  |TAMS 0x00000000c6a00000, 0x00000000c6a00000| Complete 
|  85|0x00000000c6b00000, 0x00000000c6c00000, 0x00000000c6c00000|100%|HC|  |TAMS 0x00000000c6b00000, 0x00000000c6b00000| Complete 
|  86|0x00000000c6c00000, 0x00000000c6d00000, 0x00000000c6d00000|100%|HC|  |TAMS 0x00000000c6c00000, 0x00000000c6c00000| Complete 
|  87|0x00000000c6d00000, 0x00000000c6e00000, 0x00000000c6e00000|100%|HC|  |TAMS 0x00000000c6d00000, 0x00000000c6d00000| Complete 
|  88|0x00000000c6e00000, 0x00000000c6f00000, 0x00000000c6f00000|100%|HC|  |TAMS 0x00000000c6e00000, 0x00000000c6e00000| Complete 
|  89|0x00000000c6f00000, 0x00000000c7000000, 0x00000000c7000000|100%|HC|  |TAMS 0x00000000c6f00000, 0x00000000c6f00000| Complete 
|  90|0x00000000c7000000, 0x00000000c7100000, 0x00000000c7100000|100%|HC|  |TAMS 0x00000000c7000000, 0x00000000c7000000| Complete 
|  91|0x00000000c7100000, 0x00000000c7200000, 0x00000000c7200000|100%|HC|  |TAMS 0x00000000c7100000, 0x00000000c7100000| Complete 
|  92|0x00000000c7200000, 0x00000000c7300000, 0x00000000c7300000|100%|HC|  |TAMS 0x00000000c7200000, 0x00000000c7200000| Complete 
|  93|0x00000000c7300000, 0x00000000c7400000, 0x00000000c7400000|100%|HC|  |TAMS 0x00000000c7300000, 0x00000000c7300000| Complete 
|  94|0x00000000c7400000, 0x00000000c7500000, 0x00000000c7500000|100%|HC|  |TAMS 0x00000000c7400000, 0x00000000c7400000| Complete 
|  95|0x00000000c7500000, 0x00000000c7600000, 0x00000000c7600000|100%|HC|  |TAMS 0x00000000c7500000, 0x00000000c7500000| Complete 
|  96|0x00000000c7600000, 0x00000000c7700000, 0x00000000c7700000|100%|HC|  |TAMS 0x00000000c7600000, 0x00000000c7600000| Complete 
|  97|0x00000000c7700000, 0x00000000c7800000, 0x00000000c7800000|100%|HC|  |TAMS 0x00000000c7700000, 0x00000000c7700000| Complete 
|  98|0x00000000c7800000, 0x00000000c7900000, 0x00000000c7900000|100%|HC|  |TAMS 0x00000000c7800000, 0x00000000c7800000| Complete 
|  99|0x00000000c7900000, 0x00000000c7a00000, 0x00000000c7a00000|100%|HC|  |TAMS 0x00000000c7900000, 0x00000000c7900000| Complete 
| 100|0x00000000c7a00000, 0x00000000c7b00000, 0x00000000c7b00000|100%|HC|  |TAMS 0x00000000c7a00000, 0x00000000c7a00000| Complete 
| 101|0x00000000c7b00000, 0x00000000c7c00000, 0x00000000c7c00000|100%|HC|  |TAMS 0x00000000c7b00000, 0x00000000c7b00000| Complete 
| 102|0x00000000c7c00000, 0x00000000c7d00000, 0x00000000c7d00000|100%|HC|  |TAMS 0x00000000c7c00000, 0x00000000c7c00000| Complete 
| 103|0x00000000c7d00000, 0x00000000c7e00000, 0x00000000c7e00000|100%|HC|  |TAMS 0x00000000c7d00000, 0x00000000c7d00000| Complete 
| 104|0x00000000c7e00000, 0x00000000c7f00000, 0x00000000c7f00000|100%|HC|  |TAMS 0x00000000c7e00000, 0x00000000c7e00000| Complete 
| 105|0x00000000c7f00000, 0x00000000c8000000, 0x00000000c8000000|100%|HC|  |TAMS 0x00000000c7f00000, 0x00000000c7f00000| Complete 
| 106|0x00000000c8000000, 0x00000000c8100000, 0x00000000c8100000|100%|HC|  |TAMS 0x00000000c8000000, 0x00000000c8000000| Complete 
| 107|0x00000000c8100000, 0x00000000c8200000, 0x00000000c8200000|100%|HC|  |TAMS 0x00000000c8100000, 0x00000000c8100000| Complete 
| 108|0x00000000c8200000, 0x00000000c8300000, 0x00000000c8300000|100%|HC|  |TAMS 0x00000000c8200000, 0x00000000c8200000| Complete 
| 109|0x00000000c8300000, 0x00000000c8400000, 0x00000000c8400000|100%|HC|  |TAMS 0x00000000c8300000, 0x00000000c8300000| Complete 
| 110|0x00000000c8400000, 0x00000000c8500000, 0x00000000c8500000|100%|HC|  |TAMS 0x00000000c8400000, 0x00000000c8400000| Complete 
| 111|0x00000000c8500000, 0x00000000c8600000, 0x00000000c8600000|100%|HC|  |TAMS 0x00000000c8500000, 0x00000000c8500000| Complete 
| 112|0x00000000c8600000, 0x00000000c8700000, 0x00000000c8700000|100%|HC|  |TAMS 0x00000000c8600000, 0x00000000c8600000| Complete 
| 113|0x00000000c8700000, 0x00000000c8800000, 0x00000000c8800000|100%|HC|  |TAMS 0x00000000c8700000, 0x00000000c8700000| Complete 
| 114|0x00000000c8800000, 0x00000000c8900000, 0x00000000c8900000|100%|HC|  |TAMS 0x00000000c8800000, 0x00000000c8800000| Complete 
| 115|0x00000000c8900000, 0x00000000c8a00000, 0x00000000c8a00000|100%|HC|  |TAMS 0x00000000c8900000, 0x00000000c8900000| Complete 
| 116|0x00000000c8a00000, 0x00000000c8b00000, 0x00000000c8b00000|100%|HC|  |TAMS 0x00000000c8a00000, 0x00000000c8a00000| Complete 
| 117|0x00000000c8b00000, 0x00000000c8c00000, 0x00000000c8c00000|100%|HC|  |TAMS 0x00000000c8b00000, 0x00000000c8b00000| Complete 
| 118|0x00000000c8c00000, 0x00000000c8d00000, 0x00000000c8d00000|100%|HC|  |TAMS 0x00000000c8c00000, 0x00000000c8c00000| Complete 
| 119|0x00000000c8d00000, 0x00000000c8e00000, 0x00000000c8e00000|100%|HC|  |TAMS 0x00000000c8d00000, 0x00000000c8d00000| Complete 
| 120|0x00000000c8e00000, 0x00000000c8f00000, 0x00000000c8f00000|100%|HC|  |TAMS 0x00000000c8e00000, 0x00000000c8e00000| Complete 
| 121|0x00000000c8f00000, 0x00000000c9000000, 0x00000000c9000000|100%|HC|  |TAMS 0x00000000c8f00000, 0x00000000c8f00000| Complete 
| 122|0x00000000c9000000, 0x00000000c9100000, 0x00000000c9100000|100%|HC|  |TAMS 0x00000000c9000000, 0x00000000c9000000| Complete 
| 123|0x00000000c9100000, 0x00000000c9200000, 0x00000000c9200000|100%|HC|  |TAMS 0x00000000c9100000, 0x00000000c9100000| Complete 
| 124|0x00000000c9200000, 0x00000000c9300000, 0x00000000c9300000|100%|HC|  |TAMS 0x00000000c9200000, 0x00000000c9200000| Complete 
| 125|0x00000000c9300000, 0x00000000c9400000, 0x00000000c9400000|100%|HC|  |TAMS 0x00000000c9300000, 0x00000000c9300000| Complete 
| 126|0x00000000c9400000, 0x00000000c9500000, 0x00000000c9500000|100%|HC|  |TAMS 0x00000000c9400000, 0x00000000c9400000| Complete 
| 127|0x00000000c9500000, 0x00000000c9600000, 0x00000000c9600000|100%|HC|  |TAMS 0x00000000c9500000, 0x00000000c9500000| Complete 
| 128|0x00000000c9600000, 0x00000000c9700000, 0x00000000c9700000|100%|HC|  |TAMS 0x00000000c9600000, 0x00000000c9600000| Complete 
| 129|0x00000000c9700000, 0x00000000c9800000, 0x00000000c9800000|100%|HC|  |TAMS 0x00000000c9700000, 0x00000000c9700000| Complete 
| 130|0x00000000c9800000, 0x00000000c9900000, 0x00000000c9900000|100%|HC|  |TAMS 0x00000000c9800000, 0x00000000c9800000| Complete 
| 131|0x00000000c9900000, 0x00000000c9a00000, 0x00000000c9a00000|100%|HC|  |TAMS 0x00000000c9900000, 0x00000000c9900000| Complete 
| 132|0x00000000c9a00000, 0x00000000c9b00000, 0x00000000c9b00000|100%|HC|  |TAMS 0x00000000c9a00000, 0x00000000c9a00000| Complete 
| 133|0x00000000c9b00000, 0x00000000c9c00000, 0x00000000c9c00000|100%|HC|  |TAMS 0x00000000c9b00000, 0x00000000c9b00000| Complete 
| 134|0x00000000c9c00000, 0x00000000c9d00000, 0x00000000c9d00000|100%|HC|  |TAMS 0x00000000c9c00000, 0x00000000c9c00000| Complete 
| 135|0x00000000c9d00000, 0x00000000c9e00000, 0x00000000c9e00000|100%|HC|  |TAMS 0x00000000c9d00000, 0x00000000c9d00000| Complete 
| 136|0x00000000c9e00000, 0x00000000c9f00000, 0x00000000c9f00000|100%|HC|  |TAMS 0x00000000c9e00000, 0x00000000c9e00000| Complete 
| 137|0x00000000c9f00000, 0x00000000ca000000, 0x00000000ca000000|100%|HC|  |TAMS 0x00000000c9f00000, 0x00000000c9f00000| Complete 
| 138|0x00000000ca000000, 0x00000000ca100000, 0x00000000ca100000|100%|HC|  |TAMS 0x00000000ca000000, 0x00000000ca000000| Complete 
| 139|0x00000000ca100000, 0x00000000ca200000, 0x00000000ca200000|100%|HC|  |TAMS 0x00000000ca100000, 0x00000000ca100000| Complete 
| 140|0x00000000ca200000, 0x00000000ca300000, 0x00000000ca300000|100%|HC|  |TAMS 0x00000000ca200000, 0x00000000ca200000| Complete 
| 141|0x00000000ca300000, 0x00000000ca400000, 0x00000000ca400000|100%|HC|  |TAMS 0x00000000ca300000, 0x00000000ca300000| Complete 
| 142|0x00000000ca400000, 0x00000000ca500000, 0x00000000ca500000|100%|HC|  |TAMS 0x00000000ca400000, 0x00000000ca400000| Complete 
| 143|0x00000000ca500000, 0x00000000ca600000, 0x00000000ca600000|100%|HC|  |TAMS 0x00000000ca500000, 0x00000000ca500000| Complete 
| 144|0x00000000ca600000, 0x00000000ca700000, 0x00000000ca700000|100%|HC|  |TAMS 0x00000000ca600000, 0x00000000ca600000| Complete 
| 145|0x00000000ca700000, 0x00000000ca800000, 0x00000000ca800000|100%|HC|  |TAMS 0x00000000ca700000, 0x00000000ca700000| Complete 
| 146|0x00000000ca800000, 0x00000000ca900000, 0x00000000ca900000|100%|HC|  |TAMS 0x00000000ca800000, 0x00000000ca800000| Complete 
| 147|0x00000000ca900000, 0x00000000caa00000, 0x00000000caa00000|100%|HC|  |TAMS 0x00000000ca900000, 0x00000000ca900000| Complete 
| 148|0x00000000caa00000, 0x00000000cab00000, 0x00000000cab00000|100%|HC|  |TAMS 0x00000000caa00000, 0x00000000caa00000| Complete 
| 149|0x00000000cab00000, 0x00000000cac00000, 0x00000000cac00000|100%|HC|  |TAMS 0x00000000cab00000, 0x00000000cab00000| Complete 
| 150|0x00000000cac00000, 0x00000000cad00000, 0x00000000cad00000|100%|HC|  |TAMS 0x00000000cac00000, 0x00000000cac00000| Complete 
| 151|0x00000000cad00000, 0x00000000cae00000, 0x00000000cae00000|100%|HC|  |TAMS 0x00000000cad00000, 0x00000000cad00000| Complete 
| 152|0x00000000cae00000, 0x00000000caf00000, 0x00000000caf00000|100%|HC|  |TAMS 0x00000000cae00000, 0x00000000cae00000| Complete 
| 153|0x00000000caf00000, 0x00000000cb000000, 0x00000000cb000000|100%|HC|  |TAMS 0x00000000caf00000, 0x00000000caf00000| Complete 
| 154|0x00000000cb000000, 0x00000000cb100000, 0x00000000cb100000|100%|HC|  |TAMS 0x00000000cb000000, 0x00000000cb000000| Complete 
| 155|0x00000000cb100000, 0x00000000cb200000, 0x00000000cb200000|100%|HC|  |TAMS 0x00000000cb100000, 0x00000000cb100000| Complete 
| 156|0x00000000cb200000, 0x00000000cb300000, 0x00000000cb300000|100%|HC|  |TAMS 0x00000000cb200000, 0x00000000cb200000| Complete 
| 157|0x00000000cb300000, 0x00000000cb400000, 0x00000000cb400000|100%|HC|  |TAMS 0x00000000cb300000, 0x00000000cb300000| Complete 
| 158|0x00000000cb400000, 0x00000000cb500000, 0x00000000cb500000|100%|HC|  |TAMS 0x00000000cb400000, 0x00000000cb400000| Complete 
| 159|0x00000000cb500000, 0x00000000cb600000, 0x00000000cb600000|100%|HC|  |TAMS 0x00000000cb500000, 0x00000000cb500000| Complete 
| 160|0x00000000cb600000, 0x00000000cb700000, 0x00000000cb700000|100%|HC|  |TAMS 0x00000000cb600000, 0x00000000cb600000| Complete 
| 161|0x00000000cb700000, 0x00000000cb800000, 0x00000000cb800000|100%|HC|  |TAMS 0x00000000cb700000, 0x00000000cb700000| Complete 
| 162|0x00000000cb800000, 0x00000000cb900000, 0x00000000cb900000|100%|HC|  |TAMS 0x00000000cb800000, 0x00000000cb800000| Complete 
| 163|0x00000000cb900000, 0x00000000cba00000, 0x00000000cba00000|100%|HC|  |TAMS 0x00000000cb900000, 0x00000000cb900000| Complete 
| 164|0x00000000cba00000, 0x00000000cbb00000, 0x00000000cbb00000|100%|HC|  |TAMS 0x00000000cba00000, 0x00000000cba00000| Complete 
| 165|0x00000000cbb00000, 0x00000000cbc00000, 0x00000000cbc00000|100%|HC|  |TAMS 0x00000000cbb00000, 0x00000000cbb00000| Complete 
| 166|0x00000000cbc00000, 0x00000000cbd00000, 0x00000000cbd00000|100%|HC|  |TAMS 0x00000000cbc00000, 0x00000000cbc00000| Complete 
| 167|0x00000000cbd00000, 0x00000000cbe00000, 0x00000000cbe00000|100%|HC|  |TAMS 0x00000000cbd00000, 0x00000000cbd00000| Complete 
| 168|0x00000000cbe00000, 0x00000000cbf00000, 0x00000000cbf00000|100%|HC|  |TAMS 0x00000000cbe00000, 0x00000000cbe00000| Complete 
| 169|0x00000000cbf00000, 0x00000000cc000000, 0x00000000cc000000|100%|HC|  |TAMS 0x00000000cbf00000, 0x00000000cbf00000| Complete 
| 170|0x00000000cc000000, 0x00000000cc000000, 0x00000000cc100000|  0%| F|  |TAMS 0x00000000cc000000, 0x00000000cc000000| Untracked 
| 171|0x00000000cc100000, 0x00000000cc100000, 0x00000000cc200000|  0%| F|  |TAMS 0x00000000cc100000, 0x00000000cc100000| Untracked 
| 172|0x00000000cc200000, 0x00000000cc200000, 0x00000000cc300000|  0%| F|  |TAMS 0x00000000cc200000, 0x00000000cc200000| Untracked 
| 173|0x00000000cc300000, 0x00000000cc300000, 0x00000000cc400000|  0%| F|  |TAMS 0x00000000cc300000, 0x00000000cc300000| Untracked 
| 174|0x00000000cc400000, 0x00000000cc400000, 0x00000000cc500000|  0%| F|  |TAMS 0x00000000cc400000, 0x00000000cc400000| Untracked 
| 175|0x00000000cc500000, 0x00000000cc500000, 0x00000000cc600000|  0%| F|  |TAMS 0x00000000cc500000, 0x00000000cc500000| Untracked 

Card table byte_map: [0x000002153dc80000,0x000002153de80000] _byte_map_base: 0x000002153d675000

Marking Bits (Prev, Next): (CMBitMap*) 0x00000215265b7838, (CMBitMap*) 0x00000215265b77f8
 Prev Bits: [0x000002153f030000, 0x000002153ffd8000)
 Next Bits: [0x000002153e080000, 0x000002153f028000)

Polling page: 0x00000215243b0000

Metaspace:

Usage:
  Non-class:     17.60 MB capacity,    17.37 MB ( 99%) used,   190.87 KB (  1%) free+waste,    40.81 KB ( <1%) overhead. 
      Class:      2.39 MB capacity,     2.24 MB ( 94%) used,   126.29 KB (  5%) free+waste,    21.56 KB ( <1%) overhead. 
       Both:     19.99 MB capacity,    19.62 MB ( 98%) used,   317.16 KB (  2%) free+waste,    62.38 KB ( <1%) overhead. 

Virtual space:
  Non-class space:       18.00 MB reserved,      17.75 MB ( 99%) committed 
      Class space:        1.00 GB reserved,       2.50 MB ( <1%) committed 
             Both:        1.02 GB reserved,      20.25 MB (  2%) committed 

Chunk freelists:
   Non-Class:  25.00 KB
       Class:  20.00 KB
        Both:  45.00 KB

MaxMetaspaceSize: 17179869184.00 GB
CompressedClassSpaceSize: 1.00 GB

CodeHeap 'non-profiled nmethods': size=120000Kb used=732Kb max_used=732Kb free=119267Kb
 bounds [0x0000021536550000, 0x00000215367c0000, 0x000002153da80000]
CodeHeap 'profiled nmethods': size=120000Kb used=3538Kb max_used=3905Kb free=116462Kb
 bounds [0x000002152f020000, 0x000002152f400000, 0x0000021536550000]
CodeHeap 'non-nmethods': size=5760Kb used=1359Kb max_used=1377Kb free=4400Kb
 bounds [0x000002152ea80000, 0x000002152ecf0000, 0x000002152f020000]
 total_blobs=3296 nmethods=1736 adapters=568
 compilation: enabled
              stopped_count=0, restarted_count=0
 full_count=0

Compilation events (20 events):
Event: 76.372 Thread 0x0000021542597800 1934       3       java.lang.invoke.LambdaFormBuffer::ownedCount (7 bytes)
Event: 76.373 Thread 0x0000021542597800 nmethod 1934 0x000002152f245510 code [0x000002152f2456a0, 0x000002152f245818]
Event: 76.373 Thread 0x0000021542597800 1930       3       jdk.internal.org.objectweb.asm.AnnotationWriter::<init> (60 bytes)
Event: 76.374 Thread 0x0000021542597800 nmethod 1930 0x000002152f1b1610 code [0x000002152f1b17e0, 0x000002152f1b1c50]
Event: 76.374 Thread 0x0000021542597800 1931       3       jdk.internal.org.objectweb.asm.AnnotationVisitor::<init> (7 bytes)
Event: 76.375 Thread 0x0000021542597800 nmethod 1931 0x000002152f12f490 code [0x000002152f12f640, 0x000002152f12f7f0]
Event: 76.375 Thread 0x0000021542597800 1932       3       jdk.internal.org.objectweb.asm.AnnotationVisitor::<init> (47 bytes)
Event: 76.376 Thread 0x0000021542597800 nmethod 1932 0x000002152f1a9990 code [0x000002152f1a9b60, 0x000002152f1a9f70]
Event: 76.376 Thread 0x0000021542597800 1935       3       java.lang.invoke.InvokerBytecodeGenerator::emitReferenceCast (192 bytes)
Event: 76.380 Thread 0x0000021542597800 nmethod 1935 0x000002152f08ff90 code [0x000002152f090280, 0x000002152f091270]
Event: 76.380 Thread 0x0000021542597800 1936       3       java.lang.reflect.Modifier::isPrivate (12 bytes)
Event: 76.381 Thread 0x0000021542597800 nmethod 1936 0x000002152f22e290 code [0x000002152f22e440, 0x000002152f22e5d8]
Event: 76.381 Thread 0x0000021542591800 1937       4       jdk.internal.org.objectweb.asm.SymbolTable::addConstantUtf8 (98 bytes)
Event: 76.382 Thread 0x0000021542597800 1940       3       java.util.Arrays::copyOfRange (90 bytes)
Event: 76.387 Thread 0x0000021542597800 nmethod 1940 0x000002152f393c10 code [0x000002152f393ee0, 0x000002152f394ec0]
Event: 76.437 Thread 0x0000021542591800 nmethod 1937 0x00000215365be110 code [0x00000215365be300, 0x00000215365bf438]
Event: 80.039 Thread 0x0000021542597800 1941       1       java.lang.Thread::getThreadGroup (5 bytes)
Event: 80.040 Thread 0x0000021542597800 nmethod 1941 0x0000021536606a10 code [0x0000021536606ba0, 0x0000021536606cd8]
Event: 80.820 Thread 0x0000021542591800 1942 %     4       sun.awt.image.PNGImageDecoder::update_crc @ 3 (41 bytes)
Event: 80.840 Thread 0x0000021542591800 nmethod 1942% 0x0000021536606d90 code [0x0000021536606f20, 0x0000021536607198]

GC Heap History (8 events):
Event: 2.206 GC heap before
{Heap before GC invocations=0 (full 0):
 garbage-first heap   total 65536K, used 13312K [0x00000000c1600000, 0x0000000100000000)
  region size 1024K, 14 young (14336K), 0 survivors (0K)
 Metaspace       used 6646K, capacity 7242K, committed 7424K, reserved 1056768K
  class space    used 638K, capacity 717K, committed 768K, reserved 1048576K
}
Event: 2.214 GC heap after
{Heap after GC invocations=1 (full 0):
 garbage-first heap   total 65536K, used 5583K [0x00000000c1600000, 0x0000000100000000)
  region size 1024K, 2 young (2048K), 2 survivors (2048K)
 Metaspace       used 6646K, capacity 7242K, committed 7424K, reserved 1056768K
  class space    used 638K, capacity 717K, committed 768K, reserved 1048576K
}
Event: 2.412 GC heap before
{Heap before GC invocations=1 (full 0):
 garbage-first heap   total 65536K, used 9679K [0x00000000c1600000, 0x0000000100000000)
  region size 1024K, 7 young (7168K), 2 survivors (2048K)
 Metaspace       used 8585K, capacity 8826K, committed 8960K, reserved 1056768K
  class space    used 844K, capacity 945K, committed 1024K, reserved 1048576K
}
Event: 2.419 GC heap after
{Heap after GC invocations=2 (full 0):
 garbage-first heap   total 65536K, used 6918K [0x00000000c1600000, 0x0000000100000000)
  region size 1024K, 1 young (1024K), 1 survivors (1024K)
 Metaspace       used 8585K, capacity 8826K, committed 8960K, reserved 1056768K
  class space    used 844K, capacity 945K, committed 1024K, reserved 1048576K
}
Event: 5.498 GC heap before
{Heap before GC invocations=2 (full 0):
 garbage-first heap   total 65536K, used 24326K [0x00000000c1600000, 0x0000000100000000)
  region size 1024K, 19 young (19456K), 1 survivors (1024K)
 Metaspace       used 17080K, capacity 17445K, committed 17664K, reserved 1064960K
  class space    used 1842K, capacity 2012K, committed 2048K, reserved 1048576K
}
Event: 5.504 GC heap after
{Heap after GC invocations=3 (full 0):
 garbage-first heap   total 65536K, used 10828K [0x00000000c1600000, 0x0000000100000000)
  region size 1024K, 3 young (3072K), 3 survivors (3072K)
 Metaspace       used 17080K, capacity 17445K, committed 17664K, reserved 1064960K
  class space    used 1842K, capacity 2012K, committed 2048K, reserved 1048576K
}
Event: 80.842 GC heap before
{Heap before GC invocations=3 (full 0):
 garbage-first heap   total 65536K, used 15948K [0x00000000c1600000, 0x0000000100000000)
  region size 1024K, 9 young (9216K), 3 survivors (3072K)
 Metaspace       used 20087K, capacity 20467K, committed 20736K, reserved 1067008K
  class space    used 2296K, capacity 2444K, committed 2560K, reserved 1048576K
}
Event: 80.857 GC heap after
{Heap after GC invocations=4 (full 0):
 garbage-first heap   total 65536K, used 12898K [0x00000000c1600000, 0x0000000100000000)
  region size 1024K, 3 young (3072K), 3 survivors (3072K)
 Metaspace       used 20087K, capacity 20467K, committed 20736K, reserved 1067008K
  class space    used 2296K, capacity 2444K, committed 2560K, reserved 1048576K
}

Deoptimization events (20 events):
Event: 80.835 Thread 0x0000021544013800 DEOPT PACKING pc=0x000002152f3d5e1f sp=0x0000005686bfe860
Event: 80.835 Thread 0x0000021544013800 DEOPT UNPACKING pc=0x000002152eac964e sp=0x0000005686bfdd30 mode 0
Event: 80.836 Thread 0x0000021544013800 DEOPT PACKING pc=0x000002152f3d5e1f sp=0x0000005686bfe860
Event: 80.836 Thread 0x0000021544013800 DEOPT UNPACKING pc=0x000002152eac964e sp=0x0000005686bfdd30 mode 0
Event: 80.836 Thread 0x0000021544013800 DEOPT PACKING pc=0x000002152f3d5e1f sp=0x0000005686bfe860
Event: 80.836 Thread 0x0000021544013800 DEOPT UNPACKING pc=0x000002152eac964e sp=0x0000005686bfdd30 mode 0
Event: 80.837 Thread 0x0000021544013800 DEOPT PACKING pc=0x000002152f3d5e1f sp=0x0000005686bfe860
Event: 80.837 Thread 0x0000021544013800 DEOPT UNPACKING pc=0x000002152eac964e sp=0x0000005686bfdd30 mode 0
Event: 80.837 Thread 0x0000021544013800 DEOPT PACKING pc=0x000002152f3d5e1f sp=0x0000005686bfe860
Event: 80.837 Thread 0x0000021544013800 DEOPT UNPACKING pc=0x000002152eac964e sp=0x0000005686bfdd30 mode 0
Event: 80.838 Thread 0x0000021544013800 DEOPT PACKING pc=0x000002152f3d5e1f sp=0x0000005686bfe860
Event: 80.838 Thread 0x0000021544013800 DEOPT UNPACKING pc=0x000002152eac964e sp=0x0000005686bfdd30 mode 0
Event: 80.838 Thread 0x0000021544013800 DEOPT PACKING pc=0x000002152f3d5e1f sp=0x0000005686bfe860
Event: 80.838 Thread 0x0000021544013800 DEOPT UNPACKING pc=0x000002152eac964e sp=0x0000005686bfdd30 mode 0
Event: 80.839 Thread 0x0000021544013800 DEOPT PACKING pc=0x000002152f3d5e1f sp=0x0000005686bfe860
Event: 80.839 Thread 0x0000021544013800 DEOPT UNPACKING pc=0x000002152eac964e sp=0x0000005686bfdd30 mode 0
Event: 80.840 Thread 0x0000021544013800 Uncommon trap: trap_request=0xffffffc6 fr.pc=0x00000215365ffd68 relative=0x0000000000005a88
Event: 80.841 Thread 0x0000021544013800 Uncommon trap: reason=bimorphic_or_optimized_type_check action=maybe_recompile pc=0x00000215365ffd68 method=java.io.BufferedInputStream.read1([BII)I @ 39 c2
Event: 80.841 Thread 0x0000021544013800 DEOPT PACKING pc=0x00000215365ffd68 sp=0x0000005686bfea30
Event: 80.841 Thread 0x0000021544013800 DEOPT UNPACKING pc=0x000002152eac912f sp=0x0000005686bfe8b8 mode 2

Classes unloaded (0 events):
No events

Classes redefined (0 events):
No events

Internal exceptions (20 events):
Event: 2.351 Thread 0x0000021542fe3000 Exception <a 'java/lang/NoSuchMethodError'{0x00000000c5176f98}: 'int java.lang.invoke.DirectMethodHandle$Holder.invokeSpecialIFC(java.lang.Object, java.lang.Object, int)'> (0x00000000c5176f98) 
thrown [t:/workspace/open/src/hotspot/share/interpreter/linkResolver.cpp, line 767]
Event: 2.372 Thread 0x0000021542fe3000 Exception <a 'java/lang/NoSuchMethodError'{0x00000000c51a0580}: 'int java.lang.invoke.DirectMethodHandle$Holder.invokeStaticInit(java.lang.Object, java.lang.Object, java.lang.Object, java.lang.Object)'> (0x00000000c51a0580) 
thrown [t:/workspace/open/src/hotspot/share/interpreter/linkResolver.cpp, line 767]
Event: 2.374 Thread 0x0000021542fe3000 Exception <a 'java/lang/IncompatibleClassChangeError'{0x00000000c51a9078}: Found class java.lang.Object, but interface was expected> (0x00000000c51a9078) 
thrown [t:/workspace/open/src/hotspot/share/interpreter/linkResolver.cpp, line 833]
Event: 2.376 Thread 0x0000021542fe3000 Exception <a 'java/lang/NoSuchMethodError'{0x00000000c51ac278}: 'void java.lang.invoke.DirectMethodHandle$Holder.invokeStaticInit(java.lang.Object, java.lang.Object)'> (0x00000000c51ac278) 
thrown [t:/workspace/open/src/hotspot/share/interpreter/linkResolver.cpp, line 767]
Event: 2.379 Thread 0x0000021542fe3000 Exception <a 'java/lang/NoSuchMethodError'{0x00000000c51b1ad8}: 'int java.lang.invoke.DirectMethodHandle$Holder.invokeStaticInit(java.lang.Object, java.lang.Object)'> (0x00000000c51b1ad8) 
thrown [t:/workspace/open/src/hotspot/share/interpreter/linkResolver.cpp, line 767]
Event: 3.050 Thread 0x0000021542fe3000 Exception <a 'java/lang/NoSuchMethodError'{0x00000000c54dd818}: 'java.lang.Object java.lang.invoke.DirectMethodHandle$Holder.invokeStaticInit(java.lang.Object, java.lang.Object, int, int, int, int)'> (0x00000000c54dd818) 
thrown [t:/workspace/open/src/hotspot/share/interpreter/linkResolver.cpp, line 767]
Event: 3.336 Thread 0x0000021542fe3000 Exception <a 'java/lang/NullPointerException'{0x00000000c526eba8}> (0x00000000c526eba8) 
thrown [t:/workspace/open/src/hotspot/share/interpreter/linkResolver.cpp, line 1349]
Event: 3.337 Thread 0x0000021542fe3000 Exception <a 'java/lang/reflect/InvocationTargetException'{0x00000000c52727d8}> (0x00000000c52727d8) 
thrown [t:/workspace/open/src/hotspot/share/runtime/reflection.cpp, line 1188]
Event: 3.396 Thread 0x0000021542fe3000 Exception <a 'java/lang/NoSuchMethodError'{0x00000000c51c7320}: 'java.lang.Object java.lang.invoke.DirectMethodHandle$Holder.invokeVirtual(java.lang.Object, java.lang.Object, java.lang.Object)'> (0x00000000c51c7320) 
thrown [t:/workspace/open/src/hotspot/share/interpreter/linkResolver.cpp, line 767]
Event: 3.870 Thread 0x0000021542fe3000 Exception <a 'java/lang/NoSuchMethodError'{0x00000000c4644c10}: 'java.lang.Object java.lang.invoke.DirectMethodHandle$Holder.invokeStatic(java.lang.Object, int, java.lang.Object, java.lang.Object, java.lang.Object, java.lang.Object)'> (0x00000000c4644c10) 
thrown [t:/workspace/open/src/hotspot/share/interpreter/linkResolver.cpp, line 767]
Event: 3.871 Thread 0x0000021542fe3000 Exception <a 'java/lang/NoSuchMethodError'{0x00000000c464b578}: 'java.lang.Object java.lang.invoke.DirectMethodHandle$Holder.invokeStatic(java.lang.Object, int, java.lang.Object, java.lang.Object, java.lang.Object)'> (0x00000000c464b578) 
thrown [t:/workspace/open/src/hotspot/share/interpreter/linkResolver.cpp, line 767]
Event: 3.872 Thread 0x0000021542fe3000 Exception <a 'java/lang/NoSuchMethodError'{0x00000000c464ede0}: 'java.lang.Object java.lang.invoke.DirectMethodHandle$Holder.invokeSpecial(java.lang.Object, java.lang.Object, int, java.lang.Object, java.lang.Object, java.lang.Object)'> (0x00000000c464ede0) 
thrown [t:/workspace/open/src/hotspot/share/interpreter/linkResolver.cpp, line 767]
Event: 3.877 Thread 0x0000021542fe3000 Exception <a 'java/lang/NoSuchMethodError'{0x00000000c46654d8}: 'java.lang.Object java.lang.invoke.DirectMethodHandle$Holder.invokeStatic(java.lang.Object, int, java.lang.Object)'> (0x00000000c46654d8) 
thrown [t:/workspace/open/src/hotspot/share/interpreter/linkResolver.cpp, line 767]
Event: 3.914 Thread 0x0000021542fe3000 Exception <a 'java/lang/ClassNotFoundException'{0x00000000c450bcb0}: com/sun/swing/internal/plaf/metal/resources/spi/metalProvider> (0x00000000c450bcb0) 
thrown [t:/workspace/open/src/hotspot/share/classfile/systemDictionary.cpp, line 232]
Event: 3.916 Thread 0x0000021542fe3000 Exception <a 'java/lang/ClassNotFoundException'{0x00000000c450fd58}: com/sun/swing/internal/plaf/basic/resources/spi/basicProvider> (0x00000000c450fd58) 
thrown [t:/workspace/open/src/hotspot/share/classfile/systemDictionary.cpp, line 232]
Event: 3.924 Thread 0x0000021542fe3000 Implicit null exception at 0x000002153659f72f to 0x000002153659f7ad
Event: 3.937 Thread 0x0000021542fe3000 Exception <a 'java/net/UnknownHostException'{0x00000000c452d5a0}> (0x00000000c452d5a0) 
thrown [t:/workspace/open/src/hotspot/share/prims/jni.cpp, line 598]
Event: 32.678 Thread 0x0000021544014000 Exception <a 'java/lang/NullPointerException'{0x00000000c5148f40}> (0x00000000c5148f40) 
thrown [t:/workspace/open/src/hotspot/share/interpreter/linkResolver.cpp, line 1349]
Event: 52.858 Thread 0x0000021542fe3000 Exception <a 'java/lang/NoSuchMethodError'{0x00000000c51a75a0}: 'void java.lang.invoke.DirectMethodHandle$Holder.invokeStaticInit(java.lang.Object)'> (0x00000000c51a75a0) 
thrown [t:/workspace/open/src/hotspot/share/interpreter/linkResolver.cpp, line 767]
Event: 76.383 Thread 0x0000021542fe3000 Exception <a 'java/lang/NoSuchMethodError'{0x00000000c51fe008}: 'java.lang.Object java.lang.invoke.Invokers$Holder.linkToTargetMethod(java.lang.Object, int, java.lang.Object)'> (0x00000000c51fe008) 
thrown [t:/workspace/open/src/hotspot/share/interpreter/linkResolver.cpp, line 767]

Events (20 events):
Event: 75.593 loading class sun/awt/windows/WingDings
Event: 75.787 loading class sun/awt/windows/WingDings done
Event: 75.787 loading class sun/awt/windows/WingDings$Encoder
Event: 75.788 loading class sun/awt/windows/WingDings$Encoder done
Event: 75.788 loading class sun/awt/Symbol
Event: 76.367 loading class sun/awt/Symbol done
Event: 76.367 loading class sun/awt/Symbol$Encoder
Event: 76.368 loading class sun/awt/Symbol$Encoder done
Event: 76.382 Executing VM operation: RevokeBias
Event: 76.382 Executing VM operation: RevokeBias done
Event: 80.040 Thread 0x0000021544013800 Thread added: 0x0000021544013800
Event: 80.041 Executing VM operation: RevokeBias
Event: 80.041 Executing VM operation: RevokeBias done
Event: 80.839 Executing VM operation: RevokeBias
Event: 80.840 Executing VM operation: RevokeBias done
Event: 80.840 Executing VM operation: RevokeBias
Event: 80.840 Executing VM operation: RevokeBias done
Event: 80.842 Executing VM operation: G1CollectForAllocation
Event: 80.857 Executing VM operation: G1CollectForAllocation done
Event: 80.910 Executing VM operation: G1Concurrent


Dynamic libraries:
0x00007ff6856c0000 - 0x00007ff6856cf000 	C:\Program Files\Java\jdk-13.0.2\bin\javaw.exe
0x00007ffbc5cc0000 - 0x00007ffbc5eb0000 	C:\Windows\SYSTEM32\ntdll.dll
0x00007ffbc3ee0000 - 0x00007ffbc3f92000 	C:\Windows\System32\KERNEL32.DLL
0x00007ffbc2fe0000 - 0x00007ffbc3285000 	C:\Windows\System32\KERNELBASE.dll
0x00007ffbc2c00000 - 0x00007ffbc2cfa000 	C:\Windows\System32\ucrtbase.dll
0x00007ffb8bfc0000 - 0x00007ffb8bfd5000 	C:\Program Files\Java\jdk-13.0.2\bin\VCRUNTIME140.dll
0x00007ffb8bfa0000 - 0x00007ffb8bfb8000 	C:\Program Files\Java\jdk-13.0.2\bin\jli.dll
0x00007ffbc4000000 - 0x00007ffbc40a3000 	C:\Windows\System32\ADVAPI32.dll
0x00007ffbc5340000 - 0x00007ffbc53de000 	C:\Windows\System32\msvcrt.dll
0x00007ffbc4c80000 - 0x00007ffbc4d17000 	C:\Windows\System32\sechost.dll
0x00007ffbc4390000 - 0x00007ffbc44af000 	C:\Windows\System32\RPCRT4.dll
0x00007ffbc3d40000 - 0x00007ffbc3ed4000 	C:\Windows\System32\USER32.dll
0x00007ffbc3c60000 - 0x00007ffbc3c81000 	C:\Windows\System32\win32u.dll
0x00007ffbb3e40000 - 0x00007ffbb40c4000 	C:\Windows\WinSxS\amd64_microsoft.windows.common-controls_6595b64144ccf1df_6.0.18362.1556_none_9e7e372fe45e41d5\COMCTL32.dll
0x00007ffbc4180000 - 0x00007ffbc41a6000 	C:\Windows\System32\GDI32.dll
0x00007ffbc4dd0000 - 0x00007ffbc5106000 	C:\Windows\System32\combase.dll
0x00007ffbc3290000 - 0x00007ffbc3428000 	C:\Windows\System32\gdi32full.dll
0x00007ffbc2da0000 - 0x00007ffbc2e21000 	C:\Windows\System32\bcryptPrimitives.dll
0x00007ffbc2d00000 - 0x00007ffbc2d9e000 	C:\Windows\System32\msvcp_win.dll
0x00007ffbb4730000 - 0x00007ffbb473a000 	C:\Windows\SYSTEM32\VERSION.dll
0x00007ffbc4da0000 - 0x00007ffbc4dce000 	C:\Windows\System32\IMM32.DLL
0x00007ffb8bf00000 - 0x00007ffb8bf9b000 	C:\Program Files\Java\jdk-13.0.2\bin\msvcp140.dll
0x00007ffb8b3a0000 - 0x00007ffb8befd000 	C:\Program Files\Java\jdk-13.0.2\bin\server\jvm.dll
0x00007ffbc52b0000 - 0x00007ffbc52b8000 	C:\Windows\System32\PSAPI.DLL
0x00007ffbc0630000 - 0x00007ffbc0654000 	C:\Windows\SYSTEM32\WINMM.dll
0x00007ffb8b390000 - 0x00007ffb8b399000 	C:\Windows\SYSTEM32\WSOCK32.dll
0x00007ffbc52c0000 - 0x00007ffbc532f000 	C:\Windows\System32\WS2_32.dll
0x00007ffbc0600000 - 0x00007ffbc062d000 	C:\Windows\SYSTEM32\WINMMBASE.dll
0x00007ffbc2f90000 - 0x00007ffbc2fda000 	C:\Windows\System32\cfgmgr32.dll
0x00007ffbc2b50000 - 0x00007ffbc2b61000 	C:\Windows\System32\kernel.appcore.dll
0x00007ffb8b380000 - 0x00007ffb8b390000 	C:\Program Files\Java\jdk-13.0.2\bin\verify.dll
0x00007ffbb4100000 - 0x00007ffbb42f4000 	C:\Windows\SYSTEM32\DBGHELP.DLL
0x00007ffbb40d0000 - 0x00007ffbb40fa000 	C:\Windows\SYSTEM32\dbgcore.DLL
0x00007ffb8b350000 - 0x00007ffb8b376000 	C:\Program Files\Java\jdk-13.0.2\bin\java.dll
0x00007ffb8b330000 - 0x00007ffb8b347000 	C:\Program Files\Java\jdk-13.0.2\bin\zip.dll
0x00007ffb8b320000 - 0x00007ffb8b32a000 	C:\Program Files\Java\jdk-13.0.2\bin\jimage.dll
0x00007ffbc53e0000 - 0x00007ffbc5ac7000 	C:\Windows\System32\SHELL32.dll
0x00007ffbc5ad0000 - 0x00007ffbc5b78000 	C:\Windows\System32\shcore.dll
0x00007ffbc3430000 - 0x00007ffbc3bab000 	C:\Windows\System32\windows.storage.dll
0x00007ffbc2b70000 - 0x00007ffbc2b8e000 	C:\Windows\System32\profapi.dll
0x00007ffbc2bb0000 - 0x00007ffbc2bfa000 	C:\Windows\System32\powrprof.dll
0x00007ffbc2b40000 - 0x00007ffbc2b50000 	C:\Windows\System32\UMPDC.dll
0x00007ffbc47b0000 - 0x00007ffbc4802000 	C:\Windows\System32\shlwapi.dll
0x00007ffbc3c40000 - 0x00007ffbc3c57000 	C:\Windows\System32\cryptsp.dll
0x00007ffb8b300000 - 0x00007ffb8b319000 	C:\Program Files\Java\jdk-13.0.2\bin\net.dll
0x00007ffbb9030000 - 0x00007ffbb912a000 	C:\Windows\SYSTEM32\WINHTTP.dll
0x00007ffbc2380000 - 0x00007ffbc23e7000 	C:\Windows\system32\mswsock.dll
0x00007ffb8b2e0000 - 0x00007ffb8b2f3000 	C:\Program Files\Java\jdk-13.0.2\bin\nio.dll
0x00007ffb76670000 - 0x00007ffb76809000 	C:\Program Files\Java\jdk-13.0.2\bin\awt.dll
0x00007ffbc5b80000 - 0x00007ffbc5c45000 	C:\Windows\System32\OLEAUT32.dll
0x00007ffbc0cc0000 - 0x00007ffbc0d4f000 	C:\Windows\SYSTEM32\apphelp.dll
0x00007ffbc0e80000 - 0x00007ffbc0f19000 	C:\Windows\system32\uxtheme.dll
0x00007ffbc5170000 - 0x00007ffbc52a5000 	C:\Windows\System32\MSCTF.dll
0x00007ffbc4230000 - 0x00007ffbc4387000 	C:\Windows\System32\ole32.dll
0x00007ffbc20d0000 - 0x00007ffbc219b000 	C:\Windows\SYSTEM32\DNSAPI.dll
0x00007ffbc45f0000 - 0x00007ffbc45f8000 	C:\Windows\System32\NSI.dll
0x00007ffbc2090000 - 0x00007ffbc20ca000 	C:\Windows\SYSTEM32\IPHLPAPI.DLL
0x00007ffbb8810000 - 0x00007ffbb881a000 	C:\Windows\System32\rasadhlp.dll
0x00007ffbb9b20000 - 0x00007ffbb9b97000 	C:\Windows\System32\fwpuclnt.dll
0x00007ffbc3c10000 - 0x00007ffbc3c36000 	C:\Windows\System32\bcrypt.dll
0x00007ffbbf3a0000 - 0x00007ffbbf3ae000 	C:\Program Files\Java\jdk-13.0.2\bin\sunmscapi.dll
0x00007ffbc2e30000 - 0x00007ffbc2f81000 	C:\Windows\System32\CRYPT32.dll
0x00007ffbc2b90000 - 0x00007ffbc2ba2000 	C:\Windows\System32\MSASN1.dll
0x00007ffbc2660000 - 0x00007ffbc2686000 	C:\Windows\SYSTEM32\ncrypt.dll
0x00007ffbc2620000 - 0x00007ffbc265b000 	C:\Windows\SYSTEM32\NTASN1.dll
0x00007ffbbc140000 - 0x00007ffbbc165000 	C:\Program Files\Java\jdk-13.0.2\bin\sunec.dll
0x00007ffbc1f00000 - 0x00007ffbc1f33000 	C:\Windows\system32\rsaenh.dll
0x00007ffbc2a30000 - 0x00007ffbc2a55000 	C:\Windows\SYSTEM32\USERENV.dll
0x00007ffbc2550000 - 0x00007ffbc255c000 	C:\Windows\SYSTEM32\CRYPTBASE.dll
0x00007ffbb9c00000 - 0x00007ffbb9c16000 	C:\Windows\SYSTEM32\dhcpcsvc6.DLL
0x00007ffbb9cd0000 - 0x00007ffbb9cec000 	C:\Windows\SYSTEM32\dhcpcsvc.DLL
0x00007ffbc1470000 - 0x00007ffbc149d000 	C:\Windows\system32\DWMAPI.DLL
0x00007ffb84f80000 - 0x00007ffb850d6000 	C:\Windows\system32\opengl32.dll
0x00007ffb84560000 - 0x00007ffb8458c000 	C:\Windows\SYSTEM32\GLU32.dll
0x00007ffbc1780000 - 0x00007ffbc17a0000 	C:\Windows\SYSTEM32\dxcore.dll
0x00007ffba84c0000 - 0x00007ffba8542000 	C:\Program Files\Java\jdk-13.0.2\bin\freetype.dll
0x00007ffb9d000000 - 0x00007ffb9d0a6000 	C:\Program Files\Java\jdk-13.0.2\bin\fontmanager.dll

dbghelp: loaded successfully - version: 4.0.5 - missing functions: none
symbol engine: initialized successfully - sym options: 0x614 - pdb path: .;C:\Program Files\Java\jdk-13.0.2\bin;C:\Windows\SYSTEM32;C:\Windows\WinSxS\amd64_microsoft.windows.common-controls_6595b64144ccf1df_6.0.18362.1556_none_9e7e372fe45e41d5;C:\Program Files\Java\jdk-13.0.2\bin\server

VM Arguments:
jvm_args: -Dfile.encoding=Cp1252 
java_command: Application.Home
java_class_path (initial): C:\Users\User\git\bakame\DriveOperations\target\classes;C:\Users\User\Desktop\Libraries\jgoodies-common-1.8.0.jar;C:\Users\User\Desktop\Libraries\jgoodies-forms-1.8.0.jar;C:\Users\User\Desktop\Libraries\miglayout15-swing.jar;C:\Users\User\Downloads\javax.mail.jar;C:\Users\User\Downloads\activation-1.1.1.jar;C:\Users\User\Downloads\jcalendar-1.4.jar;C:\Users\User\Downloads\jfreechart-1.0.19\lib\jcommon-1.0.23.jar;C:\Users\User\Downloads\jfreechart-1.0.19\lib\jfreechart-1.0.19.jar;C:\Users\User\Downloads\commons-net-3.8.0\commons-net-3.8.0.jar;C:\Users\User\Documents\Libs\comm-2.0.jar;C:\Users\User\Documents\Libs\http-2.2.1.jar;C:\Users\User\Downloads\JTattoo-1.6.13.jar;C:\Users\User\Desktop\Libs\jmespath-java-1.11.470.jar;C:\Users\User\Desktop\Libs\aws-java-sdk-core-1.12.65.jar;C:\Users\User\Desktop\Libs\aws-java-sdk-kms-1.12.65.jar;C:\Users\User\Desktop\Libs\aws-java-sdk-s3-1.12.65.jar;C:\Users\User\Desktop\Libs\commons-codec-1.15.jar;C:\Users\User\Desktop\Libs\commons-logging-1.1.3.jar;C:\Users\User\Desktop\Libs\httpclient-4.5.13.jar;C:\Users\User\Desktop\Libs\ion-java-1.0.2.jar;C:\Users\User\Desktop\Libs\jackson-annotations-2.12.3.jar;C:\Users\User\Desktop\Libs\jackson-core-2.12.3.jar;C:\Users\User\Desktop\Libs\jackson-databind-2.12.3.jar;C:\Users\User\Desktop\Libs\jackson-dataformat-cbor-2.12.3.jar;C:\Users\User\Desktop\Libs\jmespath-java-1.12.65.jar;C:\Users\User\Desktop\Libs\joda-time-2.8.1.jar;C:\Users\User\Desktop\Libs\mysql-connector-java-5.1.45.jar;C:\Users\User\.m2\repository\com\amazonaws\aws-java-sdk-s3\1.12.65\aws-java-sdk-s3-1.12.65.jar;C:\Users\User\.m2\repository\com\amazonaws\aws-java-sdk-kms\1.12.65\aws-java-sdk-kms-1.12.65.jar;C:\Users\User\.m2\repository\com\amazonaws\aws-java-sdk-core\1.12.65\aws-java-sdk-core-1.12.65.jar;C:\Users\User\.m2\repository\commons-logging\commons-logging\1.1.3\commons-logging-1.1.3.jar;C:\Users\User\.m2\repository\commons-codec\commons-codec\1.15\commons-codec-1.15.jar;C:\Users\User\.m2\re
Launcher Type: SUN_STANDARD

[Global flags]
     intx CICompilerCount                          = 3                                         {product} {ergonomic}
     uint ConcGCThreads                            = 1                                         {product} {ergonomic}
     uint G1ConcRefinementThreads                  = 4                                         {product} {ergonomic}
   size_t G1HeapRegionSize                         = 1048576                                   {product} {ergonomic}
    uintx GCDrainStackTargetSize                   = 64                                        {product} {ergonomic}
   size_t InitialHeapSize                          = 67108864                                  {product} {ergonomic}
   size_t MarkStackSize                            = 4194304                                   {product} {ergonomic}
   size_t MaxHeapSize                              = 1050673152                                {product} {ergonomic}
   size_t MaxNewSize                               = 630194176                                 {product} {ergonomic}
   size_t MinHeapDeltaBytes                        = 1048576                                   {product} {ergonomic}
   size_t MinHeapSize                              = 8388608                                   {product} {ergonomic}
    uintx NonNMethodCodeHeapSize                   = 5832780                                {pd product} {ergonomic}
    uintx NonProfiledCodeHeapSize                  = 122912730                              {pd product} {ergonomic}
    uintx ProfiledCodeHeapSize                     = 122912730                              {pd product} {ergonomic}
    uintx ReservedCodeCacheSize                    = 251658240                              {pd product} {ergonomic}
     bool SegmentedCodeCache                       = true                                      {product} {ergonomic}
   size_t SoftMaxHeapSize                          = 1050673152                             {manageable} {ergonomic}
     bool UseCompressedClassPointers               = true                                 {lp64_product} {ergonomic}
     bool UseCompressedOops                        = true                                 {lp64_product} {ergonomic}
     bool UseG1GC                                  = true                                      {product} {ergonomic}
     bool UseLargePagesIndividualAllocation        = false                                  {pd product} {ergonomic}

Logging:
Log output configuration:
 #0: stdout all=warning uptime,level,tags
 #1: stderr all=off uptime,level,tags

Environment Variables:
JAVA_HOME=C:\Program Files (x86)\Java\jre1.8.0_241
PATH=C:\Program Files\Java\jdk-13.0.2\bin;C:\Program Files (x86)\Common Files\Oracle\Java\javapath;C:\Windows\system32;C:\Windows;C:\Windows\System32\Wbem;C:\Windows\System32\WindowsPowerShell\v1.0\;C:\Windows\System32\OpenSSH\;C:\Program Files (x86)\apache-maven-3.8.1\bin;C:\Program Files (x86)\gradle-7.1.1\bin;C:\Users\User\Documents\Setup logiciels\mongosh-1.1.2-win32-x64\bin;C:\Program Files\MySQL\MySQL Shell 8.0\bin\;C:\Users\User\AppData\Local\Microsoft\WindowsApps;C:\Users\User\AppData\Local\Programs\Microsoft VS Code\bin;C:\Program Files (x86)\gradle-7.1.1\bin;C:\Users\User\Downloads\platform-tools;C:\Users\User\Documents\Setup logiciels\mongosh-1.1.2-win32-x64\bin;C:\Users\User\AppData\Local\GitHubDesktop\bin
USERNAME=User
OS=Windows_NT
PROCESSOR_IDENTIFIER=Intel64 Family 6 Model 42 Stepping 7, GenuineIntel



---------------  S Y S T E M  ---------------

OS: Windows 10 , 64 bit Build 18362 (10.0.18362.1500)

CPU:total 4 (initial active 4) (2 cores per cpu, 2 threads per core) family 6 model 42 stepping 7, cmov, cx8, fxsr, mmx, sse, sse2, sse3, ssse3, sse4.1, sse4.2, popcnt, avx, aes, clmul, ht, tsc, tscinvbit

Memory: 4k page, system-wide physical 4006M (306M free)
TotalPageFile size 16294M (AvailPageFile size 14M)
current process WorkingSet (physical memory assigned to process): 202M, peak: 210M
current process commit charge ("private bytes"): 284M, peak: 321M

vm_info: Java HotSpot(TM) 64-Bit Server VM (13.0.2+8) for windows-amd64 JRE (13.0.2+8), built on Dec 11 2019 09:20:33 by "mach5one" with unknown MS VC++:1916

END.
