#
# There is insufficient memory for the Java Runtime Environment to continue.
# Native memory allocation (mmap) failed to map 55574528 bytes for Failed to commit area from 0x00000000cb200000 to 0x00000000ce700000 of length 55574528.
# Possible reasons:
#   The system is out of physical RAM or swap space
#   The process is running with CompressedOops enabled, and the Java Heap may be blocking the growth of the native heap
# Possible solutions:
#   Reduce memory load on the system
#   Increase physical memory or swap space
#   Check if swap backing store is full
#   Decrease Java heap size (-Xmx/-Xms)
#   Decrease number of Java threads
#   Decrease Java thread stack sizes (-Xss)
#   Set larger code cache with -XX:ReservedCodeCacheSize=
#   JVM is running with Unscaled Compressed Oops mode in which the Java heap is
#     placed in the first 4GB address space. The Java Heap base address is the
#     maximum limit for the native heap growth. Please use -XX:HeapBaseMinAddress
#     to set the Java Heap base and to place the Java Heap above 4GB virtual address.
# This output file may be truncated or incomplete.
#
#  Out of Memory Error (t:/workspace/open/src/hotspot/os/windows/os_windows.cpp:3301), pid=13204, tid=12128
#
# JRE version: Java(TM) SE Runtime Environment (13.0.2+8) (build 13.0.2+8)
# Java VM: Java HotSpot(TM) 64-Bit Server VM (13.0.2+8, mixed mode, sharing, tiered, compressed oops, g1 gc, windows-amd64)
# No core dump will be written. Minidumps are not enabled by default on client versions of Windows
#

---------------  S U M M A R Y ------------

Command Line: -Dfile.encoding=Cp1252 Application.Home

Host: Intel(R) Core(TM) i5-2520M CPU @ 2.50GHz, 4 cores, 3G,  Windows 10 , 64 bit Build 18362 (10.0.18362.1500)
Time: Sat Oct 23 18:53:43 2021 South Africa Standard Time elapsed time: 60 seconds (0d 0h 1m 0s)

---------------  T H R E A D  ---------------

Current thread (0x0000027e783b5000):  VMThread "VM Thread" [stack: 0x000000cadd400000,0x000000cadd500000] [id=12128]

Stack: [0x000000cadd400000,0x000000cadd500000]
[error occurred during error reporting (printing stack bounds), id 0xc0000005, EXCEPTION_ACCESS_VIOLATION (0xc0000005) at pc=0x0000027e648c10ad]

Native frames: (J=compiled Java code, j=interpreted, Vv=VM code, C=native code)
V  [jvm.dll+0x624f9a]
V  [jvm.dll+0x770cfa]
V  [jvm.dll+0x7724af]
V  [jvm.dll+0x772a15]
V  [jvm.dll+0x7729cb]
V  [jvm.dll+0x6244df]
C  [ntdll.dll+0x790b6]
C  [ntdll.dll+0x6a926]
C  [ntdll.dll+0xa0c6e]
C  0x0000027e648c10ad

VM_Operation (0x000000cadd0ffa00): G1Concurrent, mode: safepoint, requested by thread 0x0000027e5c3fa000


---------------  P R O C E S S  ---------------

Threads class SMR info:
_java_thread_list=0x0000027e7a334ad0, length=21, elements={
0x0000027e783ba800, 0x0000027e783bd800, 0x0000027e783d8000, 0x0000027e783dc000,
0x0000027e783dd000, 0x0000027e783eb000, 0x0000027e78414000, 0x0000027e78e46000,
0x0000027e78e54000, 0x0000027e7924d800, 0x0000027e79104800, 0x0000027e79107800,
0x0000027e79230000, 0x0000027e5c3bf800, 0x0000027e7a2dc800, 0x0000027e7a2dd800,
0x0000027e79055800, 0x0000027e7a270000, 0x0000027e7992a000, 0x0000027e7a727000,
0x0000027e7a4be800
}
_to_delete_list=0x0000027e795aaf60, length=20, elements={
0x0000027e783ba800, 0x0000027e783bd800, 0x0000027e783d8000, 0x0000027e783dc000,
0x0000027e783dd000, 0x0000027e783eb000, 0x0000027e78414000, 0x0000027e78e46000,
0x0000027e78e54000, 0x0000027e7924d800, 0x0000027e79104800, 0x0000027e79107800,
0x0000027e79230000, 0x0000027e5c3bf800, 0x0000027e7a2dc800, 0x0000027e7a2dd800,
0x0000027e79055800, 0x0000027e7a270000, 0x0000027e7992a000, 0x0000027e7a727000
}

Java Threads: ( => current thread )
  0x0000027e783ba800 JavaThread "Reference Handler" daemon [_thread_blocked, id=12208, stack(0x000000cadd500000,0x000000cadd600000)]
  0x0000027e783bd800 JavaThread "Finalizer" daemon [_thread_blocked, id=13844, stack(0x000000cadd600000,0x000000cadd700000)]
  0x0000027e783d8000 JavaThread "Signal Dispatcher" daemon [_thread_blocked, id=4512, stack(0x000000cadd700000,0x000000cadd800000)]
  0x0000027e783dc000 JavaThread "Attach Listener" daemon [_thread_blocked, id=14264, stack(0x000000cadd800000,0x000000cadd900000)]
  0x0000027e783dd000 JavaThread "C2 CompilerThread0" daemon [_thread_blocked, id=7072, stack(0x000000cadd900000,0x000000cadda00000)]
  0x0000027e783eb000 JavaThread "C1 CompilerThread0" daemon [_thread_blocked, id=13664, stack(0x000000cadda00000,0x000000caddb00000)]
  0x0000027e78414000 JavaThread "Sweeper thread" daemon [_thread_blocked, id=14064, stack(0x000000caddb00000,0x000000caddc00000)]
  0x0000027e78e46000 JavaThread "Service Thread" daemon [_thread_blocked, id=2892, stack(0x000000caddc00000,0x000000caddd00000)]
  0x0000027e78e54000 JavaThread "Common-Cleaner" daemon [_thread_blocked, id=12248, stack(0x000000cadde00000,0x000000caddf00000)]
  0x0000027e7924d800 JavaThread "Java2D Disposer" daemon [_thread_blocked, id=11084, stack(0x000000caddf00000,0x000000cade000000)]
  0x0000027e79104800 JavaThread "AWT-Shutdown" [_thread_blocked, id=9408, stack(0x000000cade000000,0x000000cade100000)]
  0x0000027e79107800 JavaThread "AWT-Windows" daemon [_thread_in_native, id=12568, stack(0x000000cade100000,0x000000cade200000)]
  0x0000027e79230000 JavaThread "AWT-EventQueue-0" [_thread_blocked, id=13316, stack(0x000000cade200000,0x000000cade300000)]
  0x0000027e5c3bf800 JavaThread "DestroyJavaVM" [_thread_blocked, id=12372, stack(0x000000cadce00000,0x000000cadcf00000)]
  0x0000027e7a2dc800 JavaThread "java-sdk-http-connection-reaper" daemon [_thread_blocked, id=8020, stack(0x000000cade800000,0x000000cade900000)]
  0x0000027e7a2dd800 JavaThread "Image Fetcher 0" daemon [_thread_blocked, id=10236, stack(0x000000cade900000,0x000000cadea00000)]
  0x0000027e79055800 JavaThread "TimerQueue" daemon [_thread_blocked, id=1596, stack(0x000000cadea00000,0x000000cadeb00000)]
  0x0000027e7a270000 JavaThread "Image Fetcher 1" daemon [_thread_blocked, id=8116, stack(0x000000caded00000,0x000000cadee00000)]
  0x0000027e7992a000 JavaThread "SwingWorker-pool-1-thread-1" daemon [_thread_blocked, id=13808, stack(0x000000cadee00000,0x000000cadef00000)]
  0x0000027e7a727000 JavaThread "SwingWorker-pool-1-thread-2" daemon [_thread_blocked, id=14260, stack(0x000000cadef00000,0x000000cadf000000)]
  0x0000027e7a4be800 JavaThread "SwingWorker-pool-1-thread-3" daemon [_thread_blocked, id=11204, stack(0x000000cadf000000,0x000000cadf100000)]

Other Threads:
=>0x0000027e783b5000 VMThread "VM Thread" [stack: 0x000000cadd400000,0x000000cadd500000] [id=12128]
  0x0000027e78e52800 WatcherThread [stack: 0x000000caddd00000,0x000000cadde00000] [id=8860]
  0x0000027e5c3f0000 GCTaskThread "GC Thread#0" [stack: 0x000000cadcf00000,0x000000cadd000000] [id=13872]
  0x0000027e79605800 GCTaskThread "GC Thread#1" [stack: 0x000000cade500000,0x000000cade600000] [id=10784]
  0x0000027e79467800 GCTaskThread "GC Thread#2" [stack: 0x000000cade600000,0x000000cade700000] [id=6008]
  0x0000027e79468000 GCTaskThread "GC Thread#3" [stack: 0x000000cade700000,0x000000cade800000] [id=13820]
  0x0000027e5c3fa000 ConcurrentGCThread "G1 Main Marker" [stack: 0x000000cadd000000,0x000000cadd100000] [id=9976]
  0x0000027e5c3fc000 ConcurrentGCThread "G1 Conc#0" [stack: 0x000000cadd100000,0x000000cadd200000] [id=5164]
  0x0000027e5c44f800 ConcurrentGCThread "G1 Refine#0" [stack: 0x000000cadd200000,0x000000cadd300000] [id=12968]
  0x0000027e7936d000 ConcurrentGCThread "G1 Refine#1" [stack: 0x000000cadeb00000,0x000000cadec00000] [id=9056]
  0x0000027e796d8800 ConcurrentGCThread "G1 Refine#2" [stack: 0x000000cadec00000,0x000000caded00000] [id=12312]
  0x0000027e5c452000 ConcurrentGCThread "G1 Young RemSet Sampling" [stack: 0x000000cadd300000,0x000000cadd400000] [id=6492]

Threads with active compile tasks:

VM state:at safepoint (normal execution)

VM Mutex/Monitor currently owned by a thread:  ([mutex/lock_event])
[0x0000027e5c3ba360] Threads_lock - owner thread: 0x0000027e783b5000
[0x0000027e5c3ba5a0] Heap_lock - owner thread: 0x0000027e5c3fa000

Heap address: 0x00000000c1600000, size: 1002 MB, Compressed Oops mode: 32-bit
Narrow klass base: 0x0000000800000000, Narrow klass shift: 3
Compressed class space size: 1073741824 Address: 0x0000000800b40000

Heap:
 garbage-first heap   total 214016K, used 126327K [0x00000000c1600000, 0x0000000100000000)
  region size 1024K, 2 young (2048K), 1 survivors (1024K)
 Metaspace       used 21928K, capacity 22402K, committed 22656K, reserved 1069056K
  class space    used 2652K, capacity 2881K, committed 2944K, reserved 1048576K
Heap Regions: E=young(eden), S=young(survivor), O=old, HS=humongous(starts), HC=humongous(continues), CS=collection set, F=free, A=archive, TAMS=top-at-mark-start (previous, next)
|   0|0x00000000c1600000, 0x00000000c1700000, 0x00000000c1700000|100%| O|  |TAMS 0x00000000c1700000, 0x00000000c1600000| Updating 
|   1|0x00000000c1700000, 0x00000000c1800000, 0x00000000c1800000|100%| O|  |TAMS 0x00000000c1800000, 0x00000000c1700000| Updating 
|   2|0x00000000c1800000, 0x00000000c1900000, 0x00000000c1900000|100%| O|  |TAMS 0x00000000c1900000, 0x00000000c1800000| Updating 
|   3|0x00000000c1900000, 0x00000000c1a00000, 0x00000000c1a00000|100%| O|  |TAMS 0x00000000c1a00000, 0x00000000c1900000| Updating 
|   4|0x00000000c1a00000, 0x00000000c1b00000, 0x00000000c1b00000|100%| O|  |TAMS 0x00000000c1b00000, 0x00000000c1a00000| Updating 
|   5|0x00000000c1b00000, 0x00000000c1c00000, 0x00000000c1c00000|100%| O|  |TAMS 0x00000000c1c00000, 0x00000000c1b00000| Updating 
|   6|0x00000000c1c00000, 0x00000000c1d00000, 0x00000000c1d00000|100%| O|  |TAMS 0x00000000c1d00000, 0x00000000c1c00000| Updating 
|   7|0x00000000c1d00000, 0x00000000c1e00000, 0x00000000c1e00000|100%| O|  |TAMS 0x00000000c1e00000, 0x00000000c1d00000| Updating 
|   8|0x00000000c1e00000, 0x00000000c1ecee00, 0x00000000c1f00000| 80%| O|  |TAMS 0x00000000c1ecee00, 0x00000000c1e00000| Updating 
|   9|0x00000000c1f00000, 0x00000000c2000000, 0x00000000c2000000|100%| O|  |TAMS 0x00000000c1f00000, 0x00000000c1f00000| Untracked 
|  10|0x00000000c2000000, 0x00000000c20dd600, 0x00000000c2100000| 86%| O|  |TAMS 0x00000000c2000000, 0x00000000c2000000| Untracked 
|  11|0x00000000c2100000, 0x00000000c2100000, 0x00000000c2200000|  0%| F|  |TAMS 0x00000000c2100000, 0x00000000c2100000| Untracked 
|  12|0x00000000c2200000, 0x00000000c2200000, 0x00000000c2300000|  0%| F|  |TAMS 0x00000000c2200000, 0x00000000c2200000| Untracked 
|  13|0x00000000c2300000, 0x00000000c2300000, 0x00000000c2400000|  0%| F|  |TAMS 0x00000000c2300000, 0x00000000c2300000| Untracked 
|  14|0x00000000c2400000, 0x00000000c2400000, 0x00000000c2500000|  0%| F|  |TAMS 0x00000000c2400000, 0x00000000c2400000| Untracked 
|  15|0x00000000c2500000, 0x00000000c2500000, 0x00000000c2600000|  0%| F|  |TAMS 0x00000000c2500000, 0x00000000c2500000| Untracked 
|  16|0x00000000c2600000, 0x00000000c2600000, 0x00000000c2700000|  0%| F|  |TAMS 0x00000000c2600000, 0x00000000c2600000| Untracked 
|  17|0x00000000c2700000, 0x00000000c2700000, 0x00000000c2800000|  0%| F|  |TAMS 0x00000000c2700000, 0x00000000c2700000| Untracked 
|  18|0x00000000c2800000, 0x00000000c2800000, 0x00000000c2900000|  0%| F|  |TAMS 0x00000000c2800000, 0x00000000c2800000| Untracked 
|  19|0x00000000c2900000, 0x00000000c2900000, 0x00000000c2a00000|  0%| F|  |TAMS 0x00000000c2900000, 0x00000000c2900000| Untracked 
|  20|0x00000000c2a00000, 0x00000000c2a00000, 0x00000000c2b00000|  0%| F|  |TAMS 0x00000000c2a00000, 0x00000000c2a00000| Untracked 
|  21|0x00000000c2b00000, 0x00000000c2b00000, 0x00000000c2c00000|  0%| F|  |TAMS 0x00000000c2b00000, 0x00000000c2b00000| Untracked 
|  22|0x00000000c2c00000, 0x00000000c2c00000, 0x00000000c2d00000|  0%| F|  |TAMS 0x00000000c2c00000, 0x00000000c2c00000| Untracked 
|  23|0x00000000c2d00000, 0x00000000c2d00000, 0x00000000c2e00000|  0%| F|  |TAMS 0x00000000c2d00000, 0x00000000c2d00000| Untracked 
|  24|0x00000000c2e00000, 0x00000000c2e00000, 0x00000000c2f00000|  0%| F|  |TAMS 0x00000000c2e00000, 0x00000000c2e00000| Untracked 
|  25|0x00000000c2f00000, 0x00000000c2f00000, 0x00000000c3000000|  0%| F|  |TAMS 0x00000000c2f00000, 0x00000000c2f00000| Untracked 
|  26|0x00000000c3000000, 0x00000000c3000000, 0x00000000c3100000|  0%| F|  |TAMS 0x00000000c3000000, 0x00000000c3000000| Untracked 
|  27|0x00000000c3100000, 0x00000000c3100000, 0x00000000c3200000|  0%| F|  |TAMS 0x00000000c3100000, 0x00000000c3100000| Untracked 
|  28|0x00000000c3200000, 0x00000000c3200000, 0x00000000c3300000|  0%| F|  |TAMS 0x00000000c3200000, 0x00000000c3200000| Untracked 
|  29|0x00000000c3300000, 0x00000000c3300000, 0x00000000c3400000|  0%| F|  |TAMS 0x00000000c3300000, 0x00000000c3300000| Untracked 
|  30|0x00000000c3400000, 0x00000000c3400000, 0x00000000c3500000|  0%| F|  |TAMS 0x00000000c3400000, 0x00000000c3400000| Untracked 
|  31|0x00000000c3500000, 0x00000000c3500000, 0x00000000c3600000|  0%| F|  |TAMS 0x00000000c3500000, 0x00000000c3500000| Untracked 
|  32|0x00000000c3600000, 0x00000000c3600000, 0x00000000c3700000|  0%| F|  |TAMS 0x00000000c3600000, 0x00000000c3600000| Untracked 
|  33|0x00000000c3700000, 0x00000000c3700000, 0x00000000c3800000|  0%| F|  |TAMS 0x00000000c3700000, 0x00000000c3700000| Untracked 
|  34|0x00000000c3800000, 0x00000000c3800000, 0x00000000c3900000|  0%| F|  |TAMS 0x00000000c3800000, 0x00000000c3800000| Untracked 
|  35|0x00000000c3900000, 0x00000000c3900000, 0x00000000c3a00000|  0%| F|  |TAMS 0x00000000c3900000, 0x00000000c3900000| Untracked 
|  36|0x00000000c3a00000, 0x00000000c3a00000, 0x00000000c3b00000|  0%| F|  |TAMS 0x00000000c3a00000, 0x00000000c3a00000| Untracked 
|  37|0x00000000c3b00000, 0x00000000c3bb19c0, 0x00000000c3c00000| 69%| S|CS|TAMS 0x00000000c3b00000, 0x00000000c3b00000| Complete 
|  38|0x00000000c3c00000, 0x00000000c3d00000, 0x00000000c3d00000|100%|HS|  |TAMS 0x00000000c3c00000, 0x00000000c3c00000| Complete 
|  39|0x00000000c3d00000, 0x00000000c3e00000, 0x00000000c3e00000|100%|HC|  |TAMS 0x00000000c3d00000, 0x00000000c3d00000| Complete 
|  40|0x00000000c3e00000, 0x00000000c3f00000, 0x00000000c3f00000|100%|HC|  |TAMS 0x00000000c3e00000, 0x00000000c3e00000| Complete 
|  41|0x00000000c3f00000, 0x00000000c4000000, 0x00000000c4000000|100%|HC|  |TAMS 0x00000000c3f00000, 0x00000000c3f00000| Complete 
|  42|0x00000000c4000000, 0x00000000c4100000, 0x00000000c4100000|100%|HC|  |TAMS 0x00000000c4000000, 0x00000000c4000000| Complete 
|  43|0x00000000c4100000, 0x00000000c4200000, 0x00000000c4200000|100%|HC|  |TAMS 0x00000000c4100000, 0x00000000c4100000| Complete 
|  44|0x00000000c4200000, 0x00000000c4300000, 0x00000000c4300000|100%|HC|  |TAMS 0x00000000c4200000, 0x00000000c4200000| Complete 
|  45|0x00000000c4300000, 0x00000000c4400000, 0x00000000c4400000|100%|HC|  |TAMS 0x00000000c4300000, 0x00000000c4300000| Complete 
|  46|0x00000000c4400000, 0x00000000c4500000, 0x00000000c4500000|100%|HC|  |TAMS 0x00000000c4400000, 0x00000000c4400000| Complete 
|  47|0x00000000c4500000, 0x00000000c4600000, 0x00000000c4600000|100%|HC|  |TAMS 0x00000000c4500000, 0x00000000c4500000| Complete 
|  48|0x00000000c4600000, 0x00000000c4700000, 0x00000000c4700000|100%|HC|  |TAMS 0x00000000c4600000, 0x00000000c4600000| Complete 
|  49|0x00000000c4700000, 0x00000000c4800000, 0x00000000c4800000|100%|HC|  |TAMS 0x00000000c4700000, 0x00000000c4700000| Complete 
|  50|0x00000000c4800000, 0x00000000c4900000, 0x00000000c4900000|100%|HC|  |TAMS 0x00000000c4800000, 0x00000000c4800000| Complete 
|  51|0x00000000c4900000, 0x00000000c4a00000, 0x00000000c4a00000|100%|HC|  |TAMS 0x00000000c4900000, 0x00000000c4900000| Complete 
|  52|0x00000000c4a00000, 0x00000000c4b00000, 0x00000000c4b00000|100%|HC|  |TAMS 0x00000000c4a00000, 0x00000000c4a00000| Complete 
|  53|0x00000000c4b00000, 0x00000000c4c00000, 0x00000000c4c00000|100%|HC|  |TAMS 0x00000000c4b00000, 0x00000000c4b00000| Complete 
|  54|0x00000000c4c00000, 0x00000000c4d00000, 0x00000000c4d00000|100%|HC|  |TAMS 0x00000000c4c00000, 0x00000000c4c00000| Complete 
|  55|0x00000000c4d00000, 0x00000000c4e00000, 0x00000000c4e00000|100%|HC|  |TAMS 0x00000000c4d00000, 0x00000000c4d00000| Complete 
|  56|0x00000000c4e00000, 0x00000000c4f00000, 0x00000000c4f00000|100%|HC|  |TAMS 0x00000000c4e00000, 0x00000000c4e00000| Complete 
|  57|0x00000000c4f00000, 0x00000000c5000000, 0x00000000c5000000|100%|HC|  |TAMS 0x00000000c4f00000, 0x00000000c4f00000| Complete 
|  58|0x00000000c5000000, 0x00000000c5100000, 0x00000000c5100000|100%|HC|  |TAMS 0x00000000c5000000, 0x00000000c5000000| Complete 
|  59|0x00000000c5100000, 0x00000000c5200000, 0x00000000c5200000|100%|HC|  |TAMS 0x00000000c5100000, 0x00000000c5100000| Complete 
|  60|0x00000000c5200000, 0x00000000c5300000, 0x00000000c5300000|100%|HC|  |TAMS 0x00000000c5200000, 0x00000000c5200000| Complete 
|  61|0x00000000c5300000, 0x00000000c5400000, 0x00000000c5400000|100%|HC|  |TAMS 0x00000000c5300000, 0x00000000c5300000| Complete 
|  62|0x00000000c5400000, 0x00000000c5500000, 0x00000000c5500000|100%|HC|  |TAMS 0x00000000c5400000, 0x00000000c5400000| Complete 
|  63|0x00000000c5500000, 0x00000000c5600000, 0x00000000c5600000|100%|HC|  |TAMS 0x00000000c5500000, 0x00000000c5500000| Complete 
|  64|0x00000000c5600000, 0x00000000c5700000, 0x00000000c5700000|100%|HC|  |TAMS 0x00000000c5600000, 0x00000000c5600000| Complete 
|  65|0x00000000c5700000, 0x00000000c5800000, 0x00000000c5800000|100%|HC|  |TAMS 0x00000000c5700000, 0x00000000c5700000| Complete 
|  66|0x00000000c5800000, 0x00000000c5900000, 0x00000000c5900000|100%|HC|  |TAMS 0x00000000c5800000, 0x00000000c5800000| Complete 
|  67|0x00000000c5900000, 0x00000000c5a00000, 0x00000000c5a00000|100%|HC|  |TAMS 0x00000000c5900000, 0x00000000c5900000| Complete 
|  68|0x00000000c5a00000, 0x00000000c5b00000, 0x00000000c5b00000|100%|HC|  |TAMS 0x00000000c5a00000, 0x00000000c5a00000| Complete 
|  69|0x00000000c5b00000, 0x00000000c5c00000, 0x00000000c5c00000|100%|HC|  |TAMS 0x00000000c5b00000, 0x00000000c5b00000| Complete 
|  70|0x00000000c5c00000, 0x00000000c5d00000, 0x00000000c5d00000|100%|HC|  |TAMS 0x00000000c5c00000, 0x00000000c5c00000| Complete 
|  71|0x00000000c5d00000, 0x00000000c5e00000, 0x00000000c5e00000|100%|HC|  |TAMS 0x00000000c5d00000, 0x00000000c5d00000| Complete 
|  72|0x00000000c5e00000, 0x00000000c5f00000, 0x00000000c5f00000|100%|HC|  |TAMS 0x00000000c5e00000, 0x00000000c5e00000| Complete 
|  73|0x00000000c5f00000, 0x00000000c6000000, 0x00000000c6000000|100%|HC|  |TAMS 0x00000000c5f00000, 0x00000000c5f00000| Complete 
|  74|0x00000000c6000000, 0x00000000c6100000, 0x00000000c6100000|100%|HC|  |TAMS 0x00000000c6000000, 0x00000000c6000000| Complete 
|  75|0x00000000c6100000, 0x00000000c6200000, 0x00000000c6200000|100%|HC|  |TAMS 0x00000000c6100000, 0x00000000c6100000| Complete 
|  76|0x00000000c6200000, 0x00000000c6300000, 0x00000000c6300000|100%|HC|  |TAMS 0x00000000c6200000, 0x00000000c6200000| Complete 
|  77|0x00000000c6300000, 0x00000000c6400000, 0x00000000c6400000|100%|HC|  |TAMS 0x00000000c6300000, 0x00000000c6300000| Complete 
|  78|0x00000000c6400000, 0x00000000c6500000, 0x00000000c6500000|100%|HC|  |TAMS 0x00000000c6400000, 0x00000000c6400000| Complete 
|  79|0x00000000c6500000, 0x00000000c6600000, 0x00000000c6600000|100%|HC|  |TAMS 0x00000000c6500000, 0x00000000c6500000| Complete 
|  80|0x00000000c6600000, 0x00000000c6700000, 0x00000000c6700000|100%|HC|  |TAMS 0x00000000c6600000, 0x00000000c6600000| Complete 
|  81|0x00000000c6700000, 0x00000000c6800000, 0x00000000c6800000|100%|HC|  |TAMS 0x00000000c6700000, 0x00000000c6700000| Complete 
|  82|0x00000000c6800000, 0x00000000c6900000, 0x00000000c6900000|100%|HC|  |TAMS 0x00000000c6800000, 0x00000000c6800000| Complete 
|  83|0x00000000c6900000, 0x00000000c6a00000, 0x00000000c6a00000|100%|HC|  |TAMS 0x00000000c6900000, 0x00000000c6900000| Complete 
|  84|0x00000000c6a00000, 0x00000000c6b00000, 0x00000000c6b00000|100%|HC|  |TAMS 0x00000000c6a00000, 0x00000000c6a00000| Complete 
|  85|0x00000000c6b00000, 0x00000000c6c00000, 0x00000000c6c00000|100%|HC|  |TAMS 0x00000000c6b00000, 0x00000000c6b00000| Complete 
|  86|0x00000000c6c00000, 0x00000000c6d00000, 0x00000000c6d00000|100%|HC|  |TAMS 0x00000000c6c00000, 0x00000000c6c00000| Complete 
|  87|0x00000000c6d00000, 0x00000000c6e00000, 0x00000000c6e00000|100%|HC|  |TAMS 0x00000000c6d00000, 0x00000000c6d00000| Complete 
|  88|0x00000000c6e00000, 0x00000000c6f00000, 0x00000000c6f00000|100%|HC|  |TAMS 0x00000000c6e00000, 0x00000000c6e00000| Complete 
|  89|0x00000000c6f00000, 0x00000000c7000000, 0x00000000c7000000|100%|HC|  |TAMS 0x00000000c6f00000, 0x00000000c6f00000| Complete 
|  90|0x00000000c7000000, 0x00000000c7100000, 0x00000000c7100000|100%|HC|  |TAMS 0x00000000c7000000, 0x00000000c7000000| Complete 
|  91|0x00000000c7100000, 0x00000000c7200000, 0x00000000c7200000|100%|HC|  |TAMS 0x00000000c7100000, 0x00000000c7100000| Complete 
|  92|0x00000000c7200000, 0x00000000c7300000, 0x00000000c7300000|100%|HC|  |TAMS 0x00000000c7200000, 0x00000000c7200000| Complete 
|  93|0x00000000c7300000, 0x00000000c7400000, 0x00000000c7400000|100%|HC|  |TAMS 0x00000000c7300000, 0x00000000c7300000| Complete 
|  94|0x00000000c7400000, 0x00000000c7500000, 0x00000000c7500000|100%|HC|  |TAMS 0x00000000c7400000, 0x00000000c7400000| Complete 
|  95|0x00000000c7500000, 0x00000000c7600000, 0x00000000c7600000|100%|HC|  |TAMS 0x00000000c7500000, 0x00000000c7500000| Complete 
|  96|0x00000000c7600000, 0x00000000c7700000, 0x00000000c7700000|100%|HC|  |TAMS 0x00000000c7600000, 0x00000000c7600000| Complete 
|  97|0x00000000c7700000, 0x00000000c7800000, 0x00000000c7800000|100%|HC|  |TAMS 0x00000000c7700000, 0x00000000c7700000| Complete 
|  98|0x00000000c7800000, 0x00000000c7900000, 0x00000000c7900000|100%|HC|  |TAMS 0x00000000c7800000, 0x00000000c7800000| Complete 
|  99|0x00000000c7900000, 0x00000000c7a00000, 0x00000000c7a00000|100%|HC|  |TAMS 0x00000000c7900000, 0x00000000c7900000| Complete 
| 100|0x00000000c7a00000, 0x00000000c7b00000, 0x00000000c7b00000|100%|HC|  |TAMS 0x00000000c7a00000, 0x00000000c7a00000| Complete 
| 101|0x00000000c7b00000, 0x00000000c7c00000, 0x00000000c7c00000|100%|HC|  |TAMS 0x00000000c7b00000, 0x00000000c7b00000| Complete 
| 102|0x00000000c7c00000, 0x00000000c7d00000, 0x00000000c7d00000|100%|HC|  |TAMS 0x00000000c7c00000, 0x00000000c7c00000| Complete 
| 103|0x00000000c7d00000, 0x00000000c7e00000, 0x00000000c7e00000|100%|HC|  |TAMS 0x00000000c7d00000, 0x00000000c7d00000| Complete 
| 104|0x00000000c7e00000, 0x00000000c7f00000, 0x00000000c7f00000|100%|HC|  |TAMS 0x00000000c7e00000, 0x00000000c7e00000| Complete 
| 105|0x00000000c7f00000, 0x00000000c8000000, 0x00000000c8000000|100%|HC|  |TAMS 0x00000000c7f00000, 0x00000000c7f00000| Complete 
| 106|0x00000000c8000000, 0x00000000c8100000, 0x00000000c8100000|100%|HC|  |TAMS 0x00000000c8000000, 0x00000000c8000000| Complete 
| 107|0x00000000c8100000, 0x00000000c8200000, 0x00000000c8200000|100%|HC|  |TAMS 0x00000000c8100000, 0x00000000c8100000| Complete 
| 108|0x00000000c8200000, 0x00000000c8300000, 0x00000000c8300000|100%|HC|  |TAMS 0x00000000c8200000, 0x00000000c8200000| Complete 
| 109|0x00000000c8300000, 0x00000000c8400000, 0x00000000c8400000|100%|HC|  |TAMS 0x00000000c8300000, 0x00000000c8300000| Complete 
| 110|0x00000000c8400000, 0x00000000c8500000, 0x00000000c8500000|100%|HC|  |TAMS 0x00000000c8400000, 0x00000000c8400000| Complete 
| 111|0x00000000c8500000, 0x00000000c8600000, 0x00000000c8600000|100%|HC|  |TAMS 0x00000000c8500000, 0x00000000c8500000| Complete 
| 112|0x00000000c8600000, 0x00000000c8700000, 0x00000000c8700000|100%|HC|  |TAMS 0x00000000c8600000, 0x00000000c8600000| Complete 
| 113|0x00000000c8700000, 0x00000000c8800000, 0x00000000c8800000|100%|HC|  |TAMS 0x00000000c8700000, 0x00000000c8700000| Complete 
| 114|0x00000000c8800000, 0x00000000c8900000, 0x00000000c8900000|100%|HC|  |TAMS 0x00000000c8800000, 0x00000000c8800000| Complete 
| 115|0x00000000c8900000, 0x00000000c8a00000, 0x00000000c8a00000|100%|HC|  |TAMS 0x00000000c8900000, 0x00000000c8900000| Complete 
| 116|0x00000000c8a00000, 0x00000000c8b00000, 0x00000000c8b00000|100%|HC|  |TAMS 0x00000000c8a00000, 0x00000000c8a00000| Complete 
| 117|0x00000000c8b00000, 0x00000000c8c00000, 0x00000000c8c00000|100%|HC|  |TAMS 0x00000000c8b00000, 0x00000000c8b00000| Complete 
| 118|0x00000000c8c00000, 0x00000000c8d00000, 0x00000000c8d00000|100%|HC|  |TAMS 0x00000000c8c00000, 0x00000000c8c00000| Complete 
| 119|0x00000000c8d00000, 0x00000000c8e00000, 0x00000000c8e00000|100%|HC|  |TAMS 0x00000000c8d00000, 0x00000000c8d00000| Complete 
| 120|0x00000000c8e00000, 0x00000000c8f00000, 0x00000000c8f00000|100%|HC|  |TAMS 0x00000000c8e00000, 0x00000000c8e00000| Complete 
| 121|0x00000000c8f00000, 0x00000000c9000000, 0x00000000c9000000|100%|HC|  |TAMS 0x00000000c8f00000, 0x00000000c8f00000| Complete 
| 122|0x00000000c9000000, 0x00000000c9100000, 0x00000000c9100000|100%|HC|  |TAMS 0x00000000c9000000, 0x00000000c9000000| Complete 
| 123|0x00000000c9100000, 0x00000000c9200000, 0x00000000c9200000|100%|HC|  |TAMS 0x00000000c9100000, 0x00000000c9100000| Complete 
| 124|0x00000000c9200000, 0x00000000c9300000, 0x00000000c9300000|100%|HC|  |TAMS 0x00000000c9200000, 0x00000000c9200000| Complete 
| 125|0x00000000c9300000, 0x00000000c9400000, 0x00000000c9400000|100%|HC|  |TAMS 0x00000000c9300000, 0x00000000c9300000| Complete 
| 126|0x00000000c9400000, 0x00000000c9500000, 0x00000000c9500000|100%|HC|  |TAMS 0x00000000c9400000, 0x00000000c9400000| Complete 
| 127|0x00000000c9500000, 0x00000000c9600000, 0x00000000c9600000|100%|HC|  |TAMS 0x00000000c9500000, 0x00000000c9500000| Complete 
| 128|0x00000000c9600000, 0x00000000c9700000, 0x00000000c9700000|100%|HC|  |TAMS 0x00000000c9600000, 0x00000000c9600000| Complete 
| 129|0x00000000c9700000, 0x00000000c9800000, 0x00000000c9800000|100%|HC|  |TAMS 0x00000000c9700000, 0x00000000c9700000| Complete 
| 130|0x00000000c9800000, 0x00000000c9900000, 0x00000000c9900000|100%|HC|  |TAMS 0x00000000c9800000, 0x00000000c9800000| Complete 
| 131|0x00000000c9900000, 0x00000000c9a00000, 0x00000000c9a00000|100%|HC|  |TAMS 0x00000000c9900000, 0x00000000c9900000| Complete 
| 132|0x00000000c9a00000, 0x00000000c9b00000, 0x00000000c9b00000|100%|HC|  |TAMS 0x00000000c9a00000, 0x00000000c9a00000| Complete 
| 133|0x00000000c9b00000, 0x00000000c9c00000, 0x00000000c9c00000|100%|HC|  |TAMS 0x00000000c9b00000, 0x00000000c9b00000| Complete 
| 134|0x00000000c9c00000, 0x00000000c9d00000, 0x00000000c9d00000|100%|HC|  |TAMS 0x00000000c9c00000, 0x00000000c9c00000| Complete 
| 135|0x00000000c9d00000, 0x00000000c9e00000, 0x00000000c9e00000|100%|HC|  |TAMS 0x00000000c9d00000, 0x00000000c9d00000| Complete 
| 136|0x00000000c9e00000, 0x00000000c9f00000, 0x00000000c9f00000|100%|HC|  |TAMS 0x00000000c9e00000, 0x00000000c9e00000| Complete 
| 137|0x00000000c9f00000, 0x00000000ca000000, 0x00000000ca000000|100%|HC|  |TAMS 0x00000000c9f00000, 0x00000000c9f00000| Complete 
| 138|0x00000000ca000000, 0x00000000ca100000, 0x00000000ca100000|100%|HC|  |TAMS 0x00000000ca000000, 0x00000000ca000000| Complete 
| 139|0x00000000ca100000, 0x00000000ca200000, 0x00000000ca200000|100%|HC|  |TAMS 0x00000000ca100000, 0x00000000ca100000| Complete 
| 140|0x00000000ca200000, 0x00000000ca300000, 0x00000000ca300000|100%|HC|  |TAMS 0x00000000ca200000, 0x00000000ca200000| Complete 
| 141|0x00000000ca300000, 0x00000000ca400000, 0x00000000ca400000|100%|HC|  |TAMS 0x00000000ca300000, 0x00000000ca300000| Complete 
| 142|0x00000000ca400000, 0x00000000ca500000, 0x00000000ca500000|100%|HC|  |TAMS 0x00000000ca400000, 0x00000000ca400000| Complete 
| 143|0x00000000ca500000, 0x00000000ca600000, 0x00000000ca600000|100%|HC|  |TAMS 0x00000000ca500000, 0x00000000ca500000| Complete 
| 144|0x00000000ca600000, 0x00000000ca700000, 0x00000000ca700000|100%|HC|  |TAMS 0x00000000ca600000, 0x00000000ca600000| Complete 
| 145|0x00000000ca700000, 0x00000000ca800000, 0x00000000ca800000|100%|HC|  |TAMS 0x00000000ca700000, 0x00000000ca700000| Complete 
| 146|0x00000000ca800000, 0x00000000ca900000, 0x00000000ca900000|100%|HC|  |TAMS 0x00000000ca800000, 0x00000000ca800000| Complete 
| 147|0x00000000ca900000, 0x00000000caa00000, 0x00000000caa00000|100%|HC|  |TAMS 0x00000000ca900000, 0x00000000ca900000| Complete 
| 148|0x00000000caa00000, 0x00000000cab00000, 0x00000000cab00000|100%|HC|  |TAMS 0x00000000caa00000, 0x00000000caa00000| Complete 
| 149|0x00000000cab00000, 0x00000000cac00000, 0x00000000cac00000|100%|HC|  |TAMS 0x00000000cab00000, 0x00000000cab00000| Complete 
| 150|0x00000000cac00000, 0x00000000cac00000, 0x00000000cad00000|  0%| F|  |TAMS 0x00000000cac00000, 0x00000000cac00000| Untracked 
| 151|0x00000000cad00000, 0x00000000cad00000, 0x00000000cae00000|  0%| F|  |TAMS 0x00000000cad00000, 0x00000000cad00000| Untracked 
| 152|0x00000000cae00000, 0x00000000cae00000, 0x00000000caf00000|  0%| F|  |TAMS 0x00000000cae00000, 0x00000000cae00000| Untracked 
| 153|0x00000000caf00000, 0x00000000caf00000, 0x00000000cb000000|  0%| F|  |TAMS 0x00000000caf00000, 0x00000000caf00000| Untracked 
| 154|0x00000000cb000000, 0x00000000cb000000, 0x00000000cb100000|  0%| F|  |TAMS 0x00000000cb000000, 0x00000000cb000000| Untracked 
| 155|0x00000000cb100000, 0x00000000cb147af8, 0x00000000cb200000| 28%| E|  |TAMS 0x00000000cb100000, 0x00000000cb100000| Complete 

Card table byte_map: [0x0000027e73ac0000,0x0000027e73cc0000] _byte_map_base: 0x0000027e734b5000

Marking Bits (Prev, Next): (CMBitMap*) 0x0000027e5c3f0f78, (CMBitMap*) 0x0000027e5c3f0fb8
 Prev Bits: [0x0000027e73ec0000, 0x0000027e74e68000)
 Next Bits: [0x0000027e74e70000, 0x0000027e75e18000)

Polling page: 0x0000027e5bb90000

Metaspace:

Usage:
  Non-class:     19.06 MB capacity,    18.82 MB ( 99%) used,   200.05 KB (  1%) free+waste,    45.00 KB ( <1%) overhead. 
      Class:      2.81 MB capacity,     2.59 MB ( 92%) used,   204.98 KB (  7%) free+waste,    23.88 KB ( <1%) overhead. 
       Both:     21.88 MB capacity,    21.41 MB ( 98%) used,   405.03 KB (  2%) free+waste,    68.88 KB ( <1%) overhead. 

Virtual space:
  Non-class space:       20.00 MB reserved,      19.25 MB ( 96%) committed 
      Class space:        1.00 GB reserved,       2.88 MB ( <1%) committed 
             Both:        1.02 GB reserved,      22.13 MB (  2%) committed 

Chunk freelists:
   Non-Class:  0 bytes
       Class:  0 bytes
        Both:  0 bytes

MaxMetaspaceSize: 17179869184.00 GB
CompressedClassSpaceSize: 1.00 GB

CodeHeap 'non-profiled nmethods': size=120000Kb used=786Kb max_used=804Kb free=119213Kb
 bounds [0x0000027e6c390000, 0x0000027e6c600000, 0x0000027e738c0000]
CodeHeap 'profiled nmethods': size=120000Kb used=3869Kb max_used=4411Kb free=116130Kb
 bounds [0x0000027e64e60000, 0x0000027e652b0000, 0x0000027e6c390000]
CodeHeap 'non-nmethods': size=5760Kb used=1340Kb max_used=1355Kb free=4419Kb
 bounds [0x0000027e648c0000, 0x0000027e64b30000, 0x0000027e64e60000]
 total_blobs=3535 nmethods=1862 adapters=542
 compilation: enabled
              stopped_count=0, restarted_count=0
 full_count=0

Compilation events (20 events):
Event: 59.977 Thread 0x0000027e783eb000 2119       3       java.lang.invoke.ClassSpecializer$SpeciesData::transformHelper (56 bytes)
Event: 59.978 Thread 0x0000027e783eb000 nmethod 2119 0x0000027e64e75410 code [0x0000027e64e75640, 0x0000027e64e76060]
Event: 59.978 Thread 0x0000027e783eb000 2121       3       java.lang.invoke.DirectMethodHandle::<init> (141 bytes)
Event: 59.981 Thread 0x0000027e783eb000 nmethod 2121 0x0000027e65092b90 code [0x0000027e65092e80, 0x0000027e65093fd0]
Event: 59.981 Thread 0x0000027e783eb000 2120       3       java.lang.invoke.DirectMethodHandle::preparedLambdaForm (248 bytes)
Event: 59.982 Thread 0x0000027e783eb000 nmethod 2120 0x0000027e64e91110 code [0x0000027e64e913c0, 0x0000027e64e91ec0]
Event: 59.983 Thread 0x0000027e783eb000 2122       3       java.lang.invoke.LambdaFormBuffer::changeName (149 bytes)
Event: 59.984 Thread 0x0000027e783eb000 nmethod 2122 0x0000027e65074c90 code [0x0000027e65074e80, 0x0000027e65075450]
Event: 59.984 Thread 0x0000027e783eb000 2123       3       java.lang.invoke.LambdaForm::normalize (322 bytes)
Event: 59.986 Thread 0x0000027e783eb000 nmethod 2123 0x0000027e64e7a790 code [0x0000027e64e7aa60, 0x0000027e64e7be60]
Event: 59.986 Thread 0x0000027e783eb000 2125       3       java.lang.invoke.BoundMethodHandle$Species_L::<init> (12 bytes)
Event: 59.986 Thread 0x0000027e783eb000 nmethod 2125 0x0000027e64f52010 code [0x0000027e64f521c0, 0x0000027e64f52450]
Event: 59.986 Thread 0x0000027e783eb000 2126       3       jdk.internal.org.objectweb.asm.Frame::push (63 bytes)
Event: 59.988 Thread 0x0000027e783eb000 nmethod 2126 0x0000027e64e82310 code [0x0000027e64e82580, 0x0000027e64e83010]
Event: 59.988 Thread 0x0000027e783eb000 2124       3       java.lang.invoke.InvokerBytecodeGenerator::emitReferenceCast (192 bytes)
Event: 59.989 Thread 0x0000027e783eb000 nmethod 2124 0x0000027e6525ea10 code [0x0000027e6525ed00, 0x0000027e6525fcf0]
Event: 60.018 Thread 0x0000027e783dd000 2129 %     4       sun.awt.image.PNGImageDecoder::update_crc @ 3 (41 bytes)
Event: 60.028 Thread 0x0000027e783dd000 nmethod 2129% 0x0000027e6c3d1d10 code [0x0000027e6c3d1ea0, 0x0000027e6c3d2118]
Event: 60.029 Thread 0x0000027e783dd000 2130       4       sun.awt.image.PNGImageDecoder::update_crc (41 bytes)
Event: 60.036 Thread 0x0000027e783dd000 nmethod 2130 0x0000027e6c3d1910 code [0x0000027e6c3d1aa0, 0x0000027e6c3d1c58]

GC Heap History (10 events):
Event: 54.732 GC heap before
{Heap before GC invocations=0 (full 0):
 garbage-first heap   total 65536K, used 14336K [0x00000000c1600000, 0x0000000100000000)
  region size 1024K, 14 young (14336K), 0 survivors (0K)
 Metaspace       used 7459K, capacity 7697K, committed 7936K, reserved 1056768K
  class space    used 800K, capacity 898K, committed 1024K, reserved 1048576K
}
Event: 54.741 GC heap after
{Heap after GC invocations=1 (full 0):
 garbage-first heap   total 65536K, used 3973K [0x00000000c1600000, 0x0000000100000000)
  region size 1024K, 2 young (2048K), 2 survivors (2048K)
 Metaspace       used 7459K, capacity 7697K, committed 7936K, reserved 1056768K
  class space    used 800K, capacity 898K, committed 1024K, reserved 1048576K
}
Event: 58.089 GC heap before
{Heap before GC invocations=1 (full 0):
 garbage-first heap   total 65536K, used 40837K [0x00000000c1600000, 0x0000000100000000)
  region size 1024K, 38 young (38912K), 2 survivors (2048K)
 Metaspace       used 18947K, capacity 19410K, committed 19584K, reserved 1067008K
  class space    used 2206K, capacity 2417K, committed 2432K, reserved 1048576K
}
Event: 58.109 GC heap after
{Heap after GC invocations=2 (full 0):
 garbage-first heap   total 65536K, used 8529K [0x00000000c1600000, 0x0000000100000000)
  region size 1024K, 5 young (5120K), 5 survivors (5120K)
 Metaspace       used 18947K, capacity 19410K, committed 19584K, reserved 1067008K
  class space    used 2206K, capacity 2417K, committed 2432K, reserved 1048576K
}
Event: 58.234 GC heap before
{Heap before GC invocations=2 (full 0):
 garbage-first heap   total 65536K, used 10577K [0x00000000c1600000, 0x0000000100000000)
  region size 1024K, 7 young (7168K), 5 survivors (5120K)
 Metaspace       used 18994K, capacity 19413K, committed 19584K, reserved 1067008K
  class space    used 2207K, capacity 2417K, committed 2432K, reserved 1048576K
}
Event: 58.245 GC heap after
{Heap after GC invocations=3 (full 0):
 garbage-first heap   total 65536K, used 10043K [0x00000000c1600000, 0x0000000100000000)
  region size 1024K, 1 young (1024K), 1 survivors (1024K)
 Metaspace       used 18994K, capacity 19413K, committed 19584K, reserved 1067008K
  class space    used 2207K, capacity 2417K, committed 2432K, reserved 1048576K
}
Event: 58.987 GC heap before
{Heap before GC invocations=3 (full 0):
 garbage-first heap   total 65536K, used 13115K [0x00000000c1600000, 0x0000000100000000)
  region size 1024K, 6 young (6144K), 1 survivors (1024K)
 Metaspace       used 20693K, capacity 21119K, committed 21248K, reserved 1067008K
  class space    used 2488K, capacity 2708K, committed 2816K, reserved 1048576K
}
Event: 58.989 GC heap after
{Heap after GC invocations=4 (full 0):
 garbage-first heap   total 65536K, used 11162K [0x00000000c1600000, 0x0000000100000000)
  region size 1024K, 3 young (3072K), 3 survivors (3072K)
 Metaspace       used 20693K, capacity 21119K, committed 21248K, reserved 1067008K
  class space    used 2488K, capacity 2708K, committed 2816K, reserved 1048576K
}
Event: 60.030 GC heap before
{Heap before GC invocations=5 (full 0):
 garbage-first heap   total 45056K, used 12186K [0x00000000c1600000, 0x0000000100000000)
  region size 1024K, 6 young (6144K), 3 survivors (3072K)
 Metaspace       used 21927K, capacity 22402K, committed 22656K, reserved 1069056K
  class space    used 2652K, capacity 2881K, committed 2944K, reserved 1048576K
}
Event: 60.036 GC heap after
{Heap after GC invocations=6 (full 0):
 garbage-first heap   total 45056K, used 11639K [0x00000000c1600000, 0x0000000100000000)
  region size 1024K, 1 young (1024K), 1 survivors (1024K)
 Metaspace       used 21927K, capacity 22402K, committed 22656K, reserved 1069056K
  class space    used 2652K, capacity 2881K, committed 2944K, reserved 1048576K
}

Deoptimization events (20 events):
Event: 60.026 Thread 0x0000027e7a2dd800 DEOPT PACKING pc=0x0000027e65290d1f sp=0x000000cade9fef00
Event: 60.026 Thread 0x0000027e7a2dd800 DEOPT UNPACKING pc=0x0000027e6490964e sp=0x000000cade9fe3d0 mode 0
Event: 60.026 Thread 0x0000027e7a2dd800 DEOPT PACKING pc=0x0000027e65290d1f sp=0x000000cade9fef00
Event: 60.026 Thread 0x0000027e7a2dd800 DEOPT UNPACKING pc=0x0000027e6490964e sp=0x000000cade9fe3d0 mode 0
Event: 60.027 Thread 0x0000027e7a2dd800 DEOPT PACKING pc=0x0000027e65290d1f sp=0x000000cade9fef00
Event: 60.027 Thread 0x0000027e7a2dd800 DEOPT UNPACKING pc=0x0000027e6490964e sp=0x000000cade9fe3d0 mode 0
Event: 60.027 Thread 0x0000027e7a2dd800 DEOPT PACKING pc=0x0000027e65290d1f sp=0x000000cade9fef00
Event: 60.027 Thread 0x0000027e7a2dd800 DEOPT UNPACKING pc=0x0000027e6490964e sp=0x000000cade9fe3d0 mode 0
Event: 60.027 Thread 0x0000027e7a2dd800 DEOPT PACKING pc=0x0000027e65290d1f sp=0x000000cade9fef00
Event: 60.027 Thread 0x0000027e7a2dd800 DEOPT UNPACKING pc=0x0000027e6490964e sp=0x000000cade9fe3d0 mode 0
Event: 60.028 Thread 0x0000027e7a2dd800 DEOPT PACKING pc=0x0000027e65290d1f sp=0x000000cade9fef00
Event: 60.028 Thread 0x0000027e7a2dd800 DEOPT UNPACKING pc=0x0000027e6490964e sp=0x000000cade9fe3d0 mode 0
Event: 60.028 Thread 0x0000027e7a2dd800 DEOPT PACKING pc=0x0000027e65290d1f sp=0x000000cade9fef00
Event: 60.028 Thread 0x0000027e7a2dd800 DEOPT UNPACKING pc=0x0000027e6490964e sp=0x000000cade9fe3d0 mode 0
Event: 60.028 Thread 0x0000027e7a2dd800 DEOPT PACKING pc=0x0000027e65290d1f sp=0x000000cade9fef00
Event: 60.028 Thread 0x0000027e7a2dd800 DEOPT UNPACKING pc=0x0000027e6490964e sp=0x000000cade9fe3d0 mode 0
Event: 60.029 Thread 0x0000027e7a2dd800 Uncommon trap: trap_request=0xffffffde fr.pc=0x0000027e6c44b788 relative=0x0000000000005a48
Event: 60.029 Thread 0x0000027e7a2dd800 Uncommon trap: reason=class_check action=maybe_recompile pc=0x0000027e6c44b788 method=java.io.BufferedInputStream.read1([BII)I @ 39 c2
Event: 60.029 Thread 0x0000027e7a2dd800 DEOPT PACKING pc=0x0000027e6c44b788 sp=0x000000cade9ff0d0
Event: 60.029 Thread 0x0000027e7a2dd800 DEOPT UNPACKING pc=0x0000027e6490912f sp=0x000000cade9fef58 mode 2

Classes unloaded (0 events):
No events

Classes redefined (0 events):
No events

Internal exceptions (20 events):
Event: 0.352 Thread 0x0000027e79230000 Exception <a 'java/lang/NoSuchMethodError'{0x00000000c5051288}: 'java.lang.Object java.lang.invoke.DirectMethodHandle$Holder.invokeStatic(java.lang.Object, int, java.lang.Object, java.lang.Object, java.lang.Object)'> (0x00000000c5051288) 
thrown [t:/workspace/open/src/hotspot/share/interpreter/linkResolver.cpp, line 767]
Event: 0.353 Thread 0x0000027e79230000 Exception <a 'java/lang/NoSuchMethodError'{0x00000000c5054af0}: 'java.lang.Object java.lang.invoke.DirectMethodHandle$Holder.invokeSpecial(java.lang.Object, java.lang.Object, int, java.lang.Object, java.lang.Object, java.lang.Object)'> (0x00000000c5054af0) 
thrown [t:/workspace/open/src/hotspot/share/interpreter/linkResolver.cpp, line 767]
Event: 0.357 Thread 0x0000027e79230000 Exception <a 'java/lang/NoSuchMethodError'{0x00000000c506ae18}: 'java.lang.Object java.lang.invoke.DirectMethodHandle$Holder.invokeStatic(java.lang.Object, int, java.lang.Object)'> (0x00000000c506ae18) 
thrown [t:/workspace/open/src/hotspot/share/interpreter/linkResolver.cpp, line 767]
Event: 0.380 Thread 0x0000027e79230000 Exception <a 'java/lang/ClassNotFoundException'{0x00000000c4f0e378}: com/sun/swing/internal/plaf/metal/resources/spi/metalProvider> (0x00000000c4f0e378) 
thrown [t:/workspace/open/src/hotspot/share/classfile/systemDictionary.cpp, line 232]
Event: 0.382 Thread 0x0000027e79230000 Exception <a 'java/lang/ClassNotFoundException'{0x00000000c4f12420}: com/sun/swing/internal/plaf/basic/resources/spi/basicProvider> (0x00000000c4f12420) 
thrown [t:/workspace/open/src/hotspot/share/classfile/systemDictionary.cpp, line 232]
Event: 54.216 Thread 0x0000027e79230000 Exception <a 'java/lang/NoClassDefFoundError'{0x00000000c4e3a398}: org/apache/log4j/Category> (0x00000000c4e3a398) 
thrown [t:/workspace/open/src/hotspot/share/classfile/systemDictionary.cpp, line 221]
Event: 55.547 Thread 0x0000027e79230000 Exception <a 'java/lang/NoSuchMethodError'{0x00000000c41a99c8}: 'java.lang.Object java.lang.invoke.DirectMethodHandle$Holder.invokeStaticInit(java.lang.Object, java.lang.Object, java.lang.Object)'> (0x00000000c41a99c8) 
thrown [t:/workspace/open/src/hotspot/share/interpreter/linkResolver.cpp, line 767]
Event: 55.569 Thread 0x0000027e79230000 Exception <a 'java/lang/NoSuchMethodError'{0x00000000c41c2060}: 'int java.lang.invoke.DirectMethodHandle$Holder.invokeInterface(java.lang.Object, java.lang.Object)'> (0x00000000c41c2060) 
thrown [t:/workspace/open/src/hotspot/share/interpreter/linkResolver.cpp, line 767]
Event: 55.570 Thread 0x0000027e79230000 Exception <a 'java/lang/IncompatibleClassChangeError'{0x00000000c41c4e10}: Found class java.lang.Object, but interface was expected> (0x00000000c41c4e10) 
thrown [t:/workspace/open/src/hotspot/share/interpreter/linkResolver.cpp, line 833]
Event: 56.070 Thread 0x0000027e79230000 Exception <a 'java/lang/NoSuchMethodError'{0x00000000c3d43248}: 'java.lang.Object java.lang.invoke.DirectMethodHandle$Holder.invokeStaticInit(java.lang.Object, int, int, int, int)'> (0x00000000c3d43248) 
thrown [t:/workspace/open/src/hotspot/share/interpreter/linkResolver.cpp, line 767]
Event: 56.378 Thread 0x0000027e79230000 Exception <a 'sun/nio/fs/WindowsException'{0x00000000c3c02bf0}> (0x00000000c3c02bf0) 
thrown [t:/workspace/open/src/hotspot/share/prims/jni.cpp, line 598]
Event: 56.382 Thread 0x0000027e79230000 Exception <a 'java/lang/NoSuchMethodError'{0x00000000c3c048f8}: 'int java.lang.invoke.DirectMethodHandle$Holder.invokeSpecialIFC(java.lang.Object, java.lang.Object, int)'> (0x00000000c3c048f8) 
thrown [t:/workspace/open/src/hotspot/share/interpreter/linkResolver.cpp, line 767]
Event: 56.493 Thread 0x0000027e79230000 Exception <a 'java/lang/NoSuchMethodError'{0x00000000c3c279e0}: 'int java.lang.invoke.DirectMethodHandle$Holder.invokeStaticInit(java.lang.Object, java.lang.Object, java.lang.Object, java.lang.Object)'> (0x00000000c3c279e0) 
thrown [t:/workspace/open/src/hotspot/share/interpreter/linkResolver.cpp, line 767]
Event: 56.495 Thread 0x0000027e79230000 Exception <a 'java/lang/IncompatibleClassChangeError'{0x00000000c3c30370}: Found class java.lang.Object, but interface was expected> (0x00000000c3c30370) 
thrown [t:/workspace/open/src/hotspot/share/interpreter/linkResolver.cpp, line 833]
Event: 56.497 Thread 0x0000027e79230000 Exception <a 'java/lang/NoSuchMethodError'{0x00000000c3c32eb0}: 'void java.lang.invoke.DirectMethodHandle$Holder.invokeStaticInit(java.lang.Object, java.lang.Object)'> (0x00000000c3c32eb0) 
thrown [t:/workspace/open/src/hotspot/share/interpreter/linkResolver.cpp, line 767]
Event: 56.499 Thread 0x0000027e79230000 Exception <a 'java/lang/NoSuchMethodError'{0x00000000c3c38668}: 'int java.lang.invoke.DirectMethodHandle$Holder.invokeStaticInit(java.lang.Object, java.lang.Object)'> (0x00000000c3c38668) 
thrown [t:/workspace/open/src/hotspot/share/interpreter/linkResolver.cpp, line 767]
Event: 57.329 Thread 0x0000027e79230000 Exception <a 'java/lang/NoSuchMethodError'{0x00000000c360d7f8}: 'java.lang.Object java.lang.invoke.DirectMethodHandle$Holder.invokeStaticInit(java.lang.Object, java.lang.Object, int, int, int, int)'> (0x00000000c360d7f8) 
thrown [t:/workspace/open/src/hotspot/share/interpreter/linkResolver.cpp, line 767]
Event: 59.339 Thread 0x0000027e7a4be800 Exception <a 'java/lang/NullPointerException'{0x00000000c3d22e88}> (0x00000000c3d22e88) 
thrown [t:/workspace/open/src/hotspot/share/interpreter/linkResolver.cpp, line 1349]
Event: 59.637 Thread 0x0000027e79230000 Exception <a 'java/lang/NoSuchMethodError'{0x00000000c3d6ec10}: 'void java.lang.invoke.DirectMethodHandle$Holder.invokeStaticInit(java.lang.Object)'> (0x00000000c3d6ec10) 
thrown [t:/workspace/open/src/hotspot/share/interpreter/linkResolver.cpp, line 767]
Event: 59.987 Thread 0x0000027e79230000 Exception <a 'java/lang/NoSuchMethodError'{0x00000000c3dc1610}: 'java.lang.Object java.lang.invoke.Invokers$Holder.linkToTargetMethod(java.lang.Object, int, java.lang.Object)'> (0x00000000c3dc1610) 
thrown [t:/workspace/open/src/hotspot/share/interpreter/linkResolver.cpp, line 767]

Events (20 events):
Event: 59.980 loading class sun/awt/FontConfiguration$2 done
Event: 59.980 loading class sun/awt/windows/WingDings
Event: 59.980 loading class sun/awt/windows/WingDings done
Event: 59.981 loading class sun/awt/windows/WingDings$Encoder
Event: 59.981 loading class sun/awt/windows/WingDings$Encoder done
Event: 59.981 loading class sun/awt/Symbol
Event: 59.981 loading class sun/awt/Symbol done
Event: 59.981 loading class sun/awt/Symbol$Encoder
Event: 59.982 loading class sun/awt/Symbol$Encoder done
Event: 59.987 Executing VM operation: RevokeBias
Event: 59.987 Executing VM operation: RevokeBias done
Event: 59.989 Executing VM operation: RevokeBias
Event: 59.989 Executing VM operation: RevokeBias done
Event: 60.029 Executing VM operation: RevokeBias
Event: 60.029 Executing VM operation: RevokeBias done
Event: 60.029 Executing VM operation: RevokeBias
Event: 60.029 Executing VM operation: RevokeBias done
Event: 60.030 Executing VM operation: G1CollectForAllocation
Event: 60.036 Executing VM operation: G1CollectForAllocation done
Event: 60.060 Executing VM operation: G1Concurrent


Dynamic libraries:
0x00007ff67d810000 - 0x00007ff67d81f000 	C:\Program Files\Java\jdk-13.0.2\bin\javaw.exe
0x00007ffd7ea40000 - 0x00007ffd7ec30000 	C:\Windows\SYSTEM32\ntdll.dll
0x00007ffd7dbe0000 - 0x00007ffd7dc92000 	C:\Windows\System32\KERNEL32.DLL
0x00007ffd7c250000 - 0x00007ffd7c4f5000 	C:\Windows\System32\KERNELBASE.dll
0x00007ffd7c5f0000 - 0x00007ffd7c6ea000 	C:\Windows\System32\ucrtbase.dll
0x00007ffd756f0000 - 0x00007ffd75708000 	C:\Program Files\Java\jdk-13.0.2\bin\jli.dll
0x00007ffd76f80000 - 0x00007ffd76f95000 	C:\Program Files\Java\jdk-13.0.2\bin\VCRUNTIME140.dll
0x00007ffd7e270000 - 0x00007ffd7e313000 	C:\Windows\System32\ADVAPI32.dll
0x00007ffd7d370000 - 0x00007ffd7d40e000 	C:\Windows\System32\msvcrt.dll
0x00007ffd7e930000 - 0x00007ffd7e9c7000 	C:\Windows\System32\sechost.dll
0x00007ffd7e6d0000 - 0x00007ffd7e7ef000 	C:\Windows\System32\RPCRT4.dll
0x00007ffd7e320000 - 0x00007ffd7e4b4000 	C:\Windows\System32\USER32.dll
0x00007ffd7c500000 - 0x00007ffd7c521000 	C:\Windows\System32\win32u.dll
0x00007ffd70500000 - 0x00007ffd70784000 	C:\Windows\WinSxS\amd64_microsoft.windows.common-controls_6595b64144ccf1df_6.0.18362.1556_none_9e7e372fe45e41d5\COMCTL32.dll
0x00007ffd7d340000 - 0x00007ffd7d366000 	C:\Windows\System32\GDI32.dll
0x00007ffd7cb50000 - 0x00007ffd7ce86000 	C:\Windows\System32\combase.dll
0x00007ffd7c920000 - 0x00007ffd7cab8000 	C:\Windows\System32\gdi32full.dll
0x00007ffd7c530000 - 0x00007ffd7c5b1000 	C:\Windows\System32\bcryptPrimitives.dll
0x00007ffd7ba30000 - 0x00007ffd7bace000 	C:\Windows\System32\msvcp_win.dll
0x00007ffd71090000 - 0x00007ffd7109a000 	C:\Windows\SYSTEM32\VERSION.dll
0x00007ffd7cac0000 - 0x00007ffd7caee000 	C:\Windows\System32\IMM32.DLL
0x00007ffd646e0000 - 0x00007ffd6477b000 	C:\Program Files\Java\jdk-13.0.2\bin\msvcp140.dll
0x00007ffd38eb0000 - 0x00007ffd39a0d000 	C:\Program Files\Java\jdk-13.0.2\bin\server\jvm.dll
0x00007ffd7cfb0000 - 0x00007ffd7cfb8000 	C:\Windows\System32\PSAPI.DLL
0x00007ffd791d0000 - 0x00007ffd791f4000 	C:\Windows\SYSTEM32\WINMM.dll
0x00007ffd75780000 - 0x00007ffd75789000 	C:\Windows\SYSTEM32\WSOCK32.dll
0x00007ffd7ce90000 - 0x00007ffd7ceff000 	C:\Windows\System32\WS2_32.dll
0x00007ffd78ae0000 - 0x00007ffd78b0d000 	C:\Windows\SYSTEM32\winmmbase.dll
0x00007ffd7c6f0000 - 0x00007ffd7c73a000 	C:\Windows\System32\cfgmgr32.dll
0x00007ffd7b940000 - 0x00007ffd7b951000 	C:\Windows\System32\kernel.appcore.dll
0x00007ffd756e0000 - 0x00007ffd756f0000 	C:\Program Files\Java\jdk-13.0.2\bin\verify.dll
0x00007ffd6ecf0000 - 0x00007ffd6eee4000 	C:\Windows\SYSTEM32\DBGHELP.DLL
0x00007ffd6ecc0000 - 0x00007ffd6ecea000 	C:\Windows\SYSTEM32\dbgcore.DLL
0x00007ffd71d70000 - 0x00007ffd71d96000 	C:\Program Files\Java\jdk-13.0.2\bin\java.dll
0x00007ffd71c40000 - 0x00007ffd71c57000 	C:\Program Files\Java\jdk-13.0.2\bin\zip.dll
0x00007ffd756d0000 - 0x00007ffd756da000 	C:\Program Files\Java\jdk-13.0.2\bin\jimage.dll
0x00007ffd7d420000 - 0x00007ffd7db07000 	C:\Windows\System32\SHELL32.dll
0x00007ffd7d290000 - 0x00007ffd7d338000 	C:\Windows\System32\shcore.dll
0x00007ffd7bad0000 - 0x00007ffd7c24b000 	C:\Windows\System32\windows.storage.dll
0x00007ffd7b920000 - 0x00007ffd7b93e000 	C:\Windows\System32\profapi.dll
0x00007ffd7b8d0000 - 0x00007ffd7b91a000 	C:\Windows\System32\powrprof.dll
0x00007ffd7b8c0000 - 0x00007ffd7b8d0000 	C:\Windows\System32\UMPDC.dll
0x00007ffd7e4c0000 - 0x00007ffd7e512000 	C:\Windows\System32\shlwapi.dll
0x00007ffd7c900000 - 0x00007ffd7c917000 	C:\Windows\System32\cryptsp.dll
0x00007ffd71c20000 - 0x00007ffd71c39000 	C:\Program Files\Java\jdk-13.0.2\bin\net.dll
0x00007ffd72230000 - 0x00007ffd7232a000 	C:\Windows\SYSTEM32\WINHTTP.dll
0x00007ffd7b100000 - 0x00007ffd7b167000 	C:\Windows\system32\mswsock.dll
0x00007ffd715a0000 - 0x00007ffd715b3000 	C:\Program Files\Java\jdk-13.0.2\bin\nio.dll
0x00007ffd4ed30000 - 0x00007ffd4eec9000 	C:\Program Files\Java\jdk-13.0.2\bin\awt.dll
0x00007ffd7e530000 - 0x00007ffd7e5f5000 	C:\Windows\System32\OLEAUT32.dll
0x00007ffd79a30000 - 0x00007ffd79abf000 	C:\Windows\SYSTEM32\apphelp.dll
0x00007ffd79be0000 - 0x00007ffd79c79000 	C:\Windows\system32\uxtheme.dll
0x00007ffd7e7f0000 - 0x00007ffd7e925000 	C:\Windows\System32\MSCTF.dll
0x00007ffd7dca0000 - 0x00007ffd7ddf7000 	C:\Windows\System32\ole32.dll
0x00007ffd79f30000 - 0x00007ffd79f5d000 	C:\Windows\system32\DWMAPI.DLL
0x00007ffd44ea0000 - 0x00007ffd44ff6000 	C:\Windows\system32\opengl32.dll
0x00007ffd715c0000 - 0x00007ffd715ec000 	C:\Windows\SYSTEM32\GLU32.dll
0x00007ffd7a530000 - 0x00007ffd7a550000 	C:\Windows\SYSTEM32\dxcore.dll
0x00007ffd7aea0000 - 0x00007ffd7af6b000 	C:\Windows\SYSTEM32\DNSAPI.dll
0x00007ffd7e520000 - 0x00007ffd7e528000 	C:\Windows\System32\NSI.dll
0x00007ffd7ae10000 - 0x00007ffd7ae4a000 	C:\Windows\SYSTEM32\IPHLPAPI.DLL
0x00007ffd71750000 - 0x00007ffd7175a000 	C:\Windows\System32\rasadhlp.dll
0x00007ffd728a0000 - 0x00007ffd72917000 	C:\Windows\System32\fwpuclnt.dll
0x00007ffd7c5c0000 - 0x00007ffd7c5e6000 	C:\Windows\System32\bcrypt.dll
0x00007ffd653e0000 - 0x00007ffd653e9000 	C:\Program Files\Java\jdk-13.0.2\bin\management.dll
0x00007ffd64ab0000 - 0x00007ffd64abb000 	C:\Program Files\Java\jdk-13.0.2\bin\management_ext.dll
0x00007ffd637e0000 - 0x00007ffd63805000 	C:\Program Files\Java\jdk-13.0.2\bin\sunec.dll
0x00007ffd7ac20000 - 0x00007ffd7ac53000 	C:\Windows\system32\rsaenh.dll
0x00007ffd7b7e0000 - 0x00007ffd7b805000 	C:\Windows\SYSTEM32\USERENV.dll
0x00007ffd7b2d0000 - 0x00007ffd7b2dc000 	C:\Windows\SYSTEM32\CRYPTBASE.dll
0x00007ffd72980000 - 0x00007ffd72996000 	C:\Windows\SYSTEM32\dhcpcsvc6.DLL
0x00007ffd72a50000 - 0x00007ffd72a6c000 	C:\Windows\SYSTEM32\dhcpcsvc.DLL
0x00007ffd56790000 - 0x00007ffd56812000 	C:\Program Files\Java\jdk-13.0.2\bin\freetype.dll
0x00007ffd54350000 - 0x00007ffd543f6000 	C:\Program Files\Java\jdk-13.0.2\bin\fontmanager.dll

dbghelp: loaded successfully - version: 4.0.5 - missing functions: none
symbol engine: initialized successfully - sym options: 0x614 - pdb path: .;C:\Program Files\Java\jdk-13.0.2\bin;C:\Windows\SYSTEM32;C:\Windows\WinSxS\amd64_microsoft.windows.common-controls_6595b64144ccf1df_6.0.18362.1556_none_9e7e372fe45e41d5;C:\Program Files\Java\jdk-13.0.2\bin\server

VM Arguments:
jvm_args: -Dfile.encoding=Cp1252 
java_command: Application.Home
java_class_path (initial): C:\Users\User\Desktop\Programmes\Java\Workspace\DriveOperations\target\classes;C:\Users\User\Desktop\Libraries\jgoodies-common-1.8.0.jar;C:\Users\User\Desktop\Libraries\jgoodies-forms-1.8.0.jar;C:\Users\User\Desktop\Libraries\miglayout15-swing.jar;C:\Users\User\Downloads\javax.mail.jar;C:\Users\User\Downloads\activation-1.1.1.jar;C:\Users\User\Downloads\jcalendar-1.4.jar;C:\Users\User\Downloads\jfreechart-1.0.19\lib\jcommon-1.0.23.jar;C:\Users\User\Downloads\jfreechart-1.0.19\lib\jfreechart-1.0.19.jar;C:\Users\User\Downloads\commons-net-3.8.0\commons-net-3.8.0.jar;C:\Users\User\Documents\Libs\comm-2.0.jar;C:\Users\User\Documents\Libs\http-2.2.1.jar;C:\Users\User\Documents\Libs\mysql-connector-java-5.1.45.jar;C:\Users\User\Downloads\JTattoo-1.6.13.jar;C:\Users\User\Desktop\Libs\jmespath-java-1.11.470.jar;C:\Users\User\Desktop\Libs\aws-java-sdk-core-1.12.65.jar;C:\Users\User\Desktop\Libs\aws-java-sdk-kms-1.12.65.jar;C:\Users\User\Desktop\Libs\aws-java-sdk-s3-1.12.65.jar;C:\Users\User\Desktop\Libs\commons-codec-1.15.jar;C:\Users\User\Desktop\Libs\commons-logging-1.1.3.jar;C:\Users\User\Desktop\Libs\httpclient-4.5.13.jar;C:\Users\User\Desktop\Libs\ion-java-1.0.2.jar;C:\Users\User\Desktop\Libs\jackson-annotations-2.12.3.jar;C:\Users\User\Desktop\Libs\jackson-core-2.12.3.jar;C:\Users\User\Desktop\Libs\jackson-databind-2.12.3.jar;C:\Users\User\Desktop\Libs\jackson-dataformat-cbor-2.12.3.jar;C:\Users\User\Desktop\Libs\jmespath-java-1.12.65.jar;C:\Users\User\Desktop\Libs\joda-time-2.8.1.jar;C:\Users\User\.m2\repository\com\amazonaws\aws-java-sdk-s3\1.12.65\aws-java-sdk-s3-1.12.65.jar;C:\Users\User\.m2\repository\com\amazonaws\aws-java-sdk-kms\1.12.65\aws-java-sdk-kms-1.12.65.jar;C:\Users\User\.m2\repository\com\amazonaws\aws-java-sdk-core\1.12.65\aws-java-sdk-core-1.12.65.jar;C:\Users\User\.m2\repository\commons-logging\commons-logging\1.1.3\commons-logging-1.1.3.jar;C:\Users\User\.m2\repository\commons-codec\commons-codec\1.15\commons-codec-1.15
Launcher Type: SUN_STANDARD

[Global flags]
     intx CICompilerCount                          = 3                                         {product} {ergonomic}
     uint ConcGCThreads                            = 1                                         {product} {ergonomic}
     uint G1ConcRefinementThreads                  = 4                                         {product} {ergonomic}
   size_t G1HeapRegionSize                         = 1048576                                   {product} {ergonomic}
    uintx GCDrainStackTargetSize                   = 64                                        {product} {ergonomic}
   size_t InitialHeapSize                          = 67108864                                  {product} {ergonomic}
   size_t MarkStackSize                            = 4194304                                   {product} {ergonomic}
   size_t MaxHeapSize                              = 1050673152                                {product} {ergonomic}
   size_t MaxNewSize                               = 630194176                                 {product} {ergonomic}
   size_t MinHeapDeltaBytes                        = 1048576                                   {product} {ergonomic}
   size_t MinHeapSize                              = 8388608                                   {product} {ergonomic}
    uintx NonNMethodCodeHeapSize                   = 5832780                                {pd product} {ergonomic}
    uintx NonProfiledCodeHeapSize                  = 122912730                              {pd product} {ergonomic}
    uintx ProfiledCodeHeapSize                     = 122912730                              {pd product} {ergonomic}
    uintx ReservedCodeCacheSize                    = 251658240                              {pd product} {ergonomic}
     bool SegmentedCodeCache                       = true                                      {product} {ergonomic}
   size_t SoftMaxHeapSize                          = 1050673152                             {manageable} {ergonomic}
     bool UseCompressedClassPointers               = true                                 {lp64_product} {ergonomic}
     bool UseCompressedOops                        = true                                 {lp64_product} {ergonomic}
     bool UseG1GC                                  = true                                      {product} {ergonomic}
     bool UseLargePagesIndividualAllocation        = false                                  {pd product} {ergonomic}

Logging:
Log output configuration:
 #0: stdout all=warning uptime,level,tags
 #1: stderr all=off uptime,level,tags

Environment Variables:
JAVA_HOME=C:\Program Files (x86)\Java\jre1.8.0_241
PATH=C:\Program Files\Java\jdk-13.0.2\bin;C:\Program Files (x86)\Common Files\Oracle\Java\javapath;C:\Windows\system32;C:\Windows;C:\Windows\System32\Wbem;C:\Windows\System32\WindowsPowerShell\v1.0\;C:\Windows\System32\OpenSSH\;C:\Program Files (x86)\apache-maven-3.8.1\bin;C:\Program Files (x86)\gradle-7.1.1\bin;C:\Users\User\AppData\Local\Microsoft\WindowsApps;C:\Users\User\AppData\Local\Programs\Microsoft VS Code\bin;C:\Program Files (x86)\gradle-7.1.1\bin;C:\Users\User\Downloads\platform-tools;
USERNAME=User
OS=Windows_NT
PROCESSOR_IDENTIFIER=Intel64 Family 6 Model 42 Stepping 7, GenuineIntel



---------------  S Y S T E M  ---------------

OS: Windows 10 , 64 bit Build 18362 (10.0.18362.1500)

CPU:total 4 (initial active 4) (2 cores per cpu, 2 threads per core) family 6 model 42 stepping 7, cmov, cx8, fxsr, mmx, sse, sse2, sse3, ssse3, sse4.1, sse4.2, popcnt, avx, aes, clmul, ht, tsc, tscinvbit

Memory: 4k page, system-wide physical 4006M (274M free)
TotalPageFile size 16294M (AvailPageFile size 27M)
current process WorkingSet (physical memory assigned to process): 225M, peak: 225M
current process commit charge ("private bytes"): 277M, peak: 330M

vm_info: Java HotSpot(TM) 64-Bit Server VM (13.0.2+8) for windows-amd64 JRE (13.0.2+8), built on Dec 11 2019 09:20:33 by "mach5one" with unknown MS VC++:1916

END.
