#
# There is insufficient memory for the Java Runtime Environment to continue.
# Native memory allocation (mmap) failed to map 37748736 bytes for Failed to commit area from 0x00000000c2e00000 to 0x00000000c5200000 of length 37748736.
# Possible reasons:
#   The system is out of physical RAM or swap space
#   The process is running with CompressedOops enabled, and the Java Heap may be blocking the growth of the native heap
# Possible solutions:
#   Reduce memory load on the system
#   Increase physical memory or swap space
#   Check if swap backing store is full
#   Decrease Java heap size (-Xmx/-Xms)
#   Decrease number of Java threads
#   Decrease Java thread stack sizes (-Xss)
#   Set larger code cache with -XX:ReservedCodeCacheSize=
#   JVM is running with Unscaled Compressed Oops mode in which the Java heap is
#     placed in the first 4GB address space. The Java Heap base address is the
#     maximum limit for the native heap growth. Please use -XX:HeapBaseMinAddress
#     to set the Java Heap base and to place the Java Heap above 4GB virtual address.
# This output file may be truncated or incomplete.
#
#  Out of Memory Error (t:/workspace/open/src/hotspot/os/windows/os_windows.cpp:3301), pid=11492, tid=10356
#
# JRE version: Java(TM) SE Runtime Environment (13.0.2+8) (build 13.0.2+8)
# Java VM: Java HotSpot(TM) 64-Bit Server VM (13.0.2+8, mixed mode, sharing, tiered, compressed oops, g1 gc, windows-amd64)
# No core dump will be written. Minidumps are not enabled by default on client versions of Windows
#

---------------  S U M M A R Y ------------

Command Line: -Dfile.encoding=Cp1252 Application.Home

Host: Intel(R) Core(TM) i5-2520M CPU @ 2.50GHz, 4 cores, 3G,  Windows 10 , 64 bit Build 18362 (10.0.18362.1500)
Time: Tue Mar 19 08:26:41 2019 South Africa Standard Time elapsed time: 2 seconds (0d 0h 0m 2s)

---------------  T H R E A D  ---------------

Current thread (0x000001cd9a39e800):  VMThread "VM Thread" [stack: 0x00000040b1a00000,0x00000040b1b00000] [id=10356]

Stack: [0x00000040b1a00000,0x00000040b1b00000]
[error occurred during error reporting (printing stack bounds), id 0xc0000005, EXCEPTION_ACCESS_VIOLATION (0xc0000005) at pc=0x000001cda27d10ad]

Native frames: (J=compiled Java code, j=interpreted, Vv=VM code, C=native code)
V  [jvm.dll+0x624f9a]
V  [jvm.dll+0x770cfa]
V  [jvm.dll+0x7724af]
V  [jvm.dll+0x772a15]
V  [jvm.dll+0x7729cb]
V  [jvm.dll+0x6244df]
C  [ntdll.dll+0x790b6]
C  [ntdll.dll+0x6a926]
C  [ntdll.dll+0xa0c6e]
C  0x000001cda27d10ad

VM_Operation (0x00000040b16ff9f0): G1Concurrent, mode: safepoint, requested by thread 0x000001cd9a30c800


---------------  P R O C E S S  ---------------

Threads class SMR info:
_java_thread_list=0x000001cdb893b2d0, length=27, elements={
0x000001cdb62cb000, 0x000001cdb62d8800, 0x000001cdb62e8000, 0x000001cdb62ea000,
0x000001cdb62eb800, 0x000001cdb62ee000, 0x000001cdb62ef000, 0x000001cdb6d7c000,
0x000001cdb6da2000, 0x000001cdb70bf000, 0x000001cdb707d800, 0x000001cdb7144800,
0x000001cdb7129000, 0x000001cd9a2d2800, 0x000001cdb7218800, 0x000001cdb71f6000,
0x000001cdb72eb800, 0x000001cdb7557800, 0x000001cdb7573800, 0x000001cdb769f800,
0x000001cdb76b3800, 0x000001cdb76f8800, 0x000001cdb76f3000, 0x000001cdb76f9800,
0x000001cdb76f6000, 0x000001cdb76f3800, 0x000001cdb76f7000
}

Java Threads: ( => current thread )
  0x000001cdb62cb000 JavaThread "Reference Handler" daemon [_thread_blocked, id=14308, stack(0x00000040b1b00000,0x00000040b1c00000)]
  0x000001cdb62d8800 JavaThread "Finalizer" daemon [_thread_blocked, id=12616, stack(0x00000040b1c00000,0x00000040b1d00000)]
  0x000001cdb62e8000 JavaThread "Signal Dispatcher" daemon [_thread_blocked, id=9680, stack(0x00000040b1d00000,0x00000040b1e00000)]
  0x000001cdb62ea000 JavaThread "Attach Listener" daemon [_thread_blocked, id=1264, stack(0x00000040b1e00000,0x00000040b1f00000)]
  0x000001cdb62eb800 JavaThread "C2 CompilerThread0" daemon [_thread_blocked, id=13160, stack(0x00000040b1f00000,0x00000040b2000000)]
  0x000001cdb62ee000 JavaThread "C1 CompilerThread0" daemon [_thread_blocked, id=13884, stack(0x00000040b2000000,0x00000040b2100000)]
  0x000001cdb62ef000 JavaThread "Sweeper thread" daemon [_thread_blocked, id=9568, stack(0x00000040b2100000,0x00000040b2200000)]
  0x000001cdb6d7c000 JavaThread "Service Thread" daemon [_thread_blocked, id=14212, stack(0x00000040b2200000,0x00000040b2300000)]
  0x000001cdb6da2000 JavaThread "Common-Cleaner" daemon [_thread_blocked, id=12464, stack(0x00000040b2400000,0x00000040b2500000)]
  0x000001cdb70bf000 JavaThread "Java2D Disposer" daemon [_thread_blocked, id=1344, stack(0x00000040b2500000,0x00000040b2600000)]
  0x000001cdb707d800 JavaThread "AWT-Shutdown" [_thread_blocked, id=3092, stack(0x00000040b2600000,0x00000040b2700000)]
  0x000001cdb7144800 JavaThread "AWT-Windows" daemon [_thread_in_native, id=11592, stack(0x00000040b2700000,0x00000040b2800000)]
  0x000001cdb7129000 JavaThread "AWT-EventQueue-0" [_thread_blocked, id=13584, stack(0x00000040b2800000,0x00000040b2900000)]
  0x000001cd9a2d2800 JavaThread "DestroyJavaVM" [_thread_blocked, id=13188, stack(0x00000040b1400000,0x00000040b1500000)]
  0x000001cdb7218800 JavaThread "Image Fetcher 0" daemon [_thread_blocked, id=1820, stack(0x00000040b2900000,0x00000040b2a00000)]
  0x000001cdb71f6000 JavaThread "TimerQueue" daemon [_thread_blocked, id=12608, stack(0x00000040b2a00000,0x00000040b2b00000)]
  0x000001cdb72eb800 JavaThread "SwingWorker-pool-1-thread-1" daemon [_thread_blocked, id=11728, stack(0x00000040b2b00000,0x00000040b2c00000)]
  0x000001cdb7557800 JavaThread "SwingWorker-pool-1-thread-2" daemon [_thread_blocked, id=4332, stack(0x00000040b2c00000,0x00000040b2d00000)]
  0x000001cdb7573800 JavaThread "C2 CompilerThread1" daemon [_thread_blocked, id=12948, stack(0x00000040b3200000,0x00000040b3300000)]
  0x000001cdb769f800 JavaThread "SwingWorker-pool-1-thread-3" daemon [_thread_blocked, id=13376, stack(0x00000040b3300000,0x00000040b3400000)]
  0x000001cdb76b3800 JavaThread "SwingWorker-pool-1-thread-4" daemon [_thread_blocked, id=14292, stack(0x00000040b3400000,0x00000040b3500000)]
  0x000001cdb76f8800 JavaThread "SwingWorker-pool-1-thread-5" daemon [_thread_blocked, id=8056, stack(0x00000040b3500000,0x00000040b3600000)]
  0x000001cdb76f3000 JavaThread "SwingWorker-pool-1-thread-6" daemon [_thread_blocked, id=13996, stack(0x00000040b3600000,0x00000040b3700000)]
  0x000001cdb76f9800 JavaThread "SwingWorker-pool-1-thread-7" daemon [_thread_blocked, id=14160, stack(0x00000040b3700000,0x00000040b3800000)]
  0x000001cdb76f6000 JavaThread "SwingWorker-pool-1-thread-8" daemon [_thread_blocked, id=7048, stack(0x00000040b3800000,0x00000040b3900000)]
  0x000001cdb76f3800 JavaThread "SwingWorker-pool-1-thread-9" daemon [_thread_blocked, id=13892, stack(0x00000040b3900000,0x00000040b3a00000)]
  0x000001cdb76f7000 JavaThread "SwingWorker-pool-1-thread-10" daemon [_thread_blocked, id=8692, stack(0x00000040b3a00000,0x00000040b3b00000)]

Other Threads:
=>0x000001cd9a39e800 VMThread "VM Thread" [stack: 0x00000040b1a00000,0x00000040b1b00000] [id=10356]
  0x000001cdb6da1000 WatcherThread [stack: 0x00000040b2300000,0x00000040b2400000] [id=10384]
  0x000001cd9a302800 GCTaskThread "GC Thread#0" [stack: 0x00000040b1500000,0x00000040b1600000] [id=10708]
  0x000001cdb7574800 GCTaskThread "GC Thread#1" [stack: 0x00000040b2d00000,0x00000040b2e00000] [id=12556]
  0x000001cdb7575800 GCTaskThread "GC Thread#2" [stack: 0x00000040b2e00000,0x00000040b2f00000] [id=8660]
  0x000001cdb7578800 GCTaskThread "GC Thread#3" [stack: 0x00000040b2f00000,0x00000040b3000000] [id=1668]
  0x000001cd9a30c800 ConcurrentGCThread "G1 Main Marker" [stack: 0x00000040b1600000,0x00000040b1700000] [id=13348]
  0x000001cd9a312000 ConcurrentGCThread "G1 Conc#0" [stack: 0x00000040b1700000,0x00000040b1800000] [id=13688]
  0x000001cd9a365800 ConcurrentGCThread "G1 Refine#0" [stack: 0x00000040b1800000,0x00000040b1900000] [id=6576]
  0x000001cdb6e85000 ConcurrentGCThread "G1 Refine#1" [stack: 0x00000040b3000000,0x00000040b3100000] [id=4764]
  0x000001cdb717b800 ConcurrentGCThread "G1 Refine#2" [stack: 0x00000040b3100000,0x00000040b3200000] [id=13600]
  0x000001cd9a367800 ConcurrentGCThread "G1 Young RemSet Sampling" [stack: 0x00000040b1900000,0x00000040b1a00000] [id=11444]

Threads with active compile tasks:
C2 CompilerThread0     3730 2256   !   4       sun.awt.image.PNGImageDecoder::produceImage (1917 bytes)
C2 CompilerThread1     3730 1895       4       javax.swing.text.html.BlockView::getAttributes (26 bytes)

VM state:at safepoint (normal execution)

VM Mutex/Monitor currently owned by a thread:  ([mutex/lock_event])
[0x000001cd9a2cd580] Threads_lock - owner thread: 0x000001cd9a39e800
[0x000001cd9a2cd220] Heap_lock - owner thread: 0x000001cd9a30c800

Heap address: 0x00000000c1600000, size: 1002 MB, Compressed Oops mode: 32-bit
Narrow klass base: 0x0000000800000000, Narrow klass shift: 3
Compressed class space size: 1073741824 Address: 0x0000000800b40000

Heap:
 garbage-first heap   total 178176K, used 122148K [0x00000000c1600000, 0x0000000100000000)
  region size 1024K, 4 young (4096K), 1 survivors (1024K)
 Metaspace       used 12210K, capacity 12527K, committed 12544K, reserved 1060864K
  class space    used 1382K, capacity 1521K, committed 1536K, reserved 1048576K
Heap Regions: E=young(eden), S=young(survivor), O=old, HS=humongous(starts), HC=humongous(continues), CS=collection set, F=free, A=archive, TAMS=top-at-mark-start (previous, next)
|   0|0x00000000c1600000, 0x00000000c1700000, 0x00000000c1700000|100%| O|  |TAMS 0x00000000c1700000, 0x00000000c1600000| Updating 
|   1|0x00000000c1700000, 0x00000000c1800000, 0x00000000c1800000|100%| O|  |TAMS 0x00000000c1800000, 0x00000000c1700000| Updating 
|   2|0x00000000c1800000, 0x00000000c1900000, 0x00000000c1900000|100%| O|  |TAMS 0x00000000c1900000, 0x00000000c1800000| Updating 
|   3|0x00000000c1900000, 0x00000000c1a00000, 0x00000000c1a00000|100%| O|  |TAMS 0x00000000c1a00000, 0x00000000c1900000| Updating 
|   4|0x00000000c1a00000, 0x00000000c1af4000, 0x00000000c1b00000| 95%| O|  |TAMS 0x00000000c1af4000, 0x00000000c1a00000| Updating 
|   5|0x00000000c1b00000, 0x00000000c1bcae00, 0x00000000c1c00000| 79%| O|  |TAMS 0x00000000c1b00000, 0x00000000c1b00000| Updating 
|   6|0x00000000c1c00000, 0x00000000c1c00000, 0x00000000c1d00000|  0%| F|  |TAMS 0x00000000c1c00000, 0x00000000c1c00000| Untracked 
|   7|0x00000000c1d00000, 0x00000000c1d00000, 0x00000000c1e00000|  0%| F|  |TAMS 0x00000000c1d00000, 0x00000000c1d00000| Untracked 
|   8|0x00000000c1e00000, 0x00000000c1e00000, 0x00000000c1f00000|  0%| F|  |TAMS 0x00000000c1e00000, 0x00000000c1e00000| Untracked 
|   9|0x00000000c1f00000, 0x00000000c1f00000, 0x00000000c2000000|  0%| F|  |TAMS 0x00000000c1f00000, 0x00000000c1f00000| Untracked 
|  10|0x00000000c2000000, 0x00000000c2000000, 0x00000000c2100000|  0%| F|  |TAMS 0x00000000c2000000, 0x00000000c2000000| Untracked 
|  11|0x00000000c2100000, 0x00000000c2100000, 0x00000000c2200000|  0%| F|  |TAMS 0x00000000c2100000, 0x00000000c2100000| Untracked 
|  12|0x00000000c2200000, 0x00000000c2200000, 0x00000000c2300000|  0%| F|  |TAMS 0x00000000c2200000, 0x00000000c2200000| Untracked 
|  13|0x00000000c2300000, 0x00000000c2300000, 0x00000000c2400000|  0%| F|  |TAMS 0x00000000c2300000, 0x00000000c2300000| Untracked 
|  14|0x00000000c2400000, 0x00000000c2400000, 0x00000000c2500000|  0%| F|  |TAMS 0x00000000c2400000, 0x00000000c2400000| Untracked 
|  15|0x00000000c2500000, 0x00000000c2500000, 0x00000000c2600000|  0%| F|  |TAMS 0x00000000c2500000, 0x00000000c2500000| Untracked 
|  16|0x00000000c2600000, 0x00000000c2600000, 0x00000000c2700000|  0%| F|  |TAMS 0x00000000c2600000, 0x00000000c2600000| Untracked 
|  17|0x00000000c2700000, 0x00000000c2700000, 0x00000000c2800000|  0%| F|  |TAMS 0x00000000c2700000, 0x00000000c2700000| Untracked 
|  18|0x00000000c2800000, 0x00000000c2800000, 0x00000000c2900000|  0%| F|  |TAMS 0x00000000c2800000, 0x00000000c2800000| Untracked 
|  19|0x00000000c2900000, 0x00000000c298a210, 0x00000000c2a00000| 53%| S|CS|TAMS 0x00000000c2900000, 0x00000000c2900000| Complete 
|  20|0x00000000c2a00000, 0x00000000c2a00000, 0x00000000c2b00000|  0%| F|  |TAMS 0x00000000c2a00000, 0x00000000c2a00000| Untracked 
|  21|0x00000000c2b00000, 0x00000000c2b00000, 0x00000000c2c00000|  0%| F|  |TAMS 0x00000000c2b00000, 0x00000000c2b00000| Untracked 
|  22|0x00000000c2c00000, 0x00000000c2c00000, 0x00000000c2d00000|  0%| F|  |TAMS 0x00000000c2c00000, 0x00000000c2c00000| Untracked 
|  23|0x00000000c2d00000, 0x00000000c2d54700, 0x00000000c2e00000| 32%| E|  |TAMS 0x00000000c2d00000, 0x00000000c2d00000| Complete 
|  60|0x00000000c5200000, 0x00000000c52fd500, 0x00000000c5300000| 98%| E|  |TAMS 0x00000000c5200000, 0x00000000c5200000| Complete 
|  61|0x00000000c5300000, 0x00000000c5400000, 0x00000000c5400000|100%| E|CS|TAMS 0x00000000c5300000, 0x00000000c5300000| Complete 
|  62|0x00000000c5400000, 0x00000000c5500000, 0x00000000c5500000|100%|HS|  |TAMS 0x00000000c5500000, 0x00000000c5400000| Complete 
|  63|0x00000000c5500000, 0x00000000c5600000, 0x00000000c5600000|100%|HC|  |TAMS 0x00000000c5600000, 0x00000000c5500000| Complete 
|  64|0x00000000c5600000, 0x00000000c5700000, 0x00000000c5700000|100%|HC|  |TAMS 0x00000000c5700000, 0x00000000c5600000| Complete 
|  65|0x00000000c5700000, 0x00000000c5800000, 0x00000000c5800000|100%|HC|  |TAMS 0x00000000c5800000, 0x00000000c5700000| Complete 
|  66|0x00000000c5800000, 0x00000000c5900000, 0x00000000c5900000|100%|HC|  |TAMS 0x00000000c5900000, 0x00000000c5800000| Complete 
|  67|0x00000000c5900000, 0x00000000c5a00000, 0x00000000c5a00000|100%|HC|  |TAMS 0x00000000c5a00000, 0x00000000c5900000| Complete 
|  68|0x00000000c5a00000, 0x00000000c5b00000, 0x00000000c5b00000|100%|HC|  |TAMS 0x00000000c5b00000, 0x00000000c5a00000| Complete 
|  69|0x00000000c5b00000, 0x00000000c5c00000, 0x00000000c5c00000|100%|HC|  |TAMS 0x00000000c5c00000, 0x00000000c5b00000| Complete 
|  70|0x00000000c5c00000, 0x00000000c5d00000, 0x00000000c5d00000|100%|HC|  |TAMS 0x00000000c5d00000, 0x00000000c5c00000| Complete 
|  71|0x00000000c5d00000, 0x00000000c5e00000, 0x00000000c5e00000|100%|HC|  |TAMS 0x00000000c5e00000, 0x00000000c5d00000| Complete 
|  72|0x00000000c5e00000, 0x00000000c5f00000, 0x00000000c5f00000|100%|HC|  |TAMS 0x00000000c5f00000, 0x00000000c5e00000| Complete 
|  73|0x00000000c5f00000, 0x00000000c6000000, 0x00000000c6000000|100%|HC|  |TAMS 0x00000000c6000000, 0x00000000c5f00000| Complete 
|  74|0x00000000c6000000, 0x00000000c6100000, 0x00000000c6100000|100%|HC|  |TAMS 0x00000000c6100000, 0x00000000c6000000| Complete 
|  75|0x00000000c6100000, 0x00000000c6200000, 0x00000000c6200000|100%|HC|  |TAMS 0x00000000c6200000, 0x00000000c6100000| Complete 
|  76|0x00000000c6200000, 0x00000000c6300000, 0x00000000c6300000|100%|HC|  |TAMS 0x00000000c6300000, 0x00000000c6200000| Complete 
|  77|0x00000000c6300000, 0x00000000c6400000, 0x00000000c6400000|100%|HC|  |TAMS 0x00000000c6400000, 0x00000000c6300000| Complete 
|  78|0x00000000c6400000, 0x00000000c6500000, 0x00000000c6500000|100%|HC|  |TAMS 0x00000000c6500000, 0x00000000c6400000| Complete 
|  79|0x00000000c6500000, 0x00000000c6600000, 0x00000000c6600000|100%|HC|  |TAMS 0x00000000c6600000, 0x00000000c6500000| Complete 
|  80|0x00000000c6600000, 0x00000000c6700000, 0x00000000c6700000|100%|HC|  |TAMS 0x00000000c6700000, 0x00000000c6600000| Complete 
|  81|0x00000000c6700000, 0x00000000c6800000, 0x00000000c6800000|100%|HC|  |TAMS 0x00000000c6800000, 0x00000000c6700000| Complete 
|  82|0x00000000c6800000, 0x00000000c6900000, 0x00000000c6900000|100%|HC|  |TAMS 0x00000000c6900000, 0x00000000c6800000| Complete 
|  83|0x00000000c6900000, 0x00000000c6a00000, 0x00000000c6a00000|100%|HC|  |TAMS 0x00000000c6a00000, 0x00000000c6900000| Complete 
|  84|0x00000000c6a00000, 0x00000000c6b00000, 0x00000000c6b00000|100%|HC|  |TAMS 0x00000000c6b00000, 0x00000000c6a00000| Complete 
|  85|0x00000000c6b00000, 0x00000000c6c00000, 0x00000000c6c00000|100%|HC|  |TAMS 0x00000000c6c00000, 0x00000000c6b00000| Complete 
|  86|0x00000000c6c00000, 0x00000000c6d00000, 0x00000000c6d00000|100%|HC|  |TAMS 0x00000000c6d00000, 0x00000000c6c00000| Complete 
|  87|0x00000000c6d00000, 0x00000000c6e00000, 0x00000000c6e00000|100%|HC|  |TAMS 0x00000000c6e00000, 0x00000000c6d00000| Complete 
|  88|0x00000000c6e00000, 0x00000000c6f00000, 0x00000000c6f00000|100%|HC|  |TAMS 0x00000000c6f00000, 0x00000000c6e00000| Complete 
|  89|0x00000000c6f00000, 0x00000000c7000000, 0x00000000c7000000|100%|HC|  |TAMS 0x00000000c7000000, 0x00000000c6f00000| Complete 
|  90|0x00000000c7000000, 0x00000000c7100000, 0x00000000c7100000|100%|HC|  |TAMS 0x00000000c7100000, 0x00000000c7000000| Complete 
|  91|0x00000000c7100000, 0x00000000c7200000, 0x00000000c7200000|100%|HC|  |TAMS 0x00000000c7200000, 0x00000000c7100000| Complete 
|  92|0x00000000c7200000, 0x00000000c7300000, 0x00000000c7300000|100%|HC|  |TAMS 0x00000000c7300000, 0x00000000c7200000| Complete 
|  93|0x00000000c7300000, 0x00000000c7400000, 0x00000000c7400000|100%|HC|  |TAMS 0x00000000c7400000, 0x00000000c7300000| Complete 
|  94|0x00000000c7400000, 0x00000000c7500000, 0x00000000c7500000|100%|HC|  |TAMS 0x00000000c7500000, 0x00000000c7400000| Complete 
|  95|0x00000000c7500000, 0x00000000c7600000, 0x00000000c7600000|100%|HC|  |TAMS 0x00000000c7600000, 0x00000000c7500000| Complete 
|  96|0x00000000c7600000, 0x00000000c7700000, 0x00000000c7700000|100%|HC|  |TAMS 0x00000000c7700000, 0x00000000c7600000| Complete 
|  97|0x00000000c7700000, 0x00000000c7800000, 0x00000000c7800000|100%|HC|  |TAMS 0x00000000c7800000, 0x00000000c7700000| Complete 
|  98|0x00000000c7800000, 0x00000000c7900000, 0x00000000c7900000|100%|HC|  |TAMS 0x00000000c7900000, 0x00000000c7800000| Complete 
|  99|0x00000000c7900000, 0x00000000c7a00000, 0x00000000c7a00000|100%|HC|  |TAMS 0x00000000c7a00000, 0x00000000c7900000| Complete 
| 100|0x00000000c7a00000, 0x00000000c7b00000, 0x00000000c7b00000|100%|HC|  |TAMS 0x00000000c7b00000, 0x00000000c7a00000| Complete 
| 101|0x00000000c7b00000, 0x00000000c7c00000, 0x00000000c7c00000|100%|HC|  |TAMS 0x00000000c7c00000, 0x00000000c7b00000| Complete 
| 102|0x00000000c7c00000, 0x00000000c7d00000, 0x00000000c7d00000|100%|HC|  |TAMS 0x00000000c7d00000, 0x00000000c7c00000| Complete 
| 103|0x00000000c7d00000, 0x00000000c7e00000, 0x00000000c7e00000|100%|HC|  |TAMS 0x00000000c7e00000, 0x00000000c7d00000| Complete 
| 104|0x00000000c7e00000, 0x00000000c7f00000, 0x00000000c7f00000|100%|HC|  |TAMS 0x00000000c7f00000, 0x00000000c7e00000| Complete 
| 105|0x00000000c7f00000, 0x00000000c8000000, 0x00000000c8000000|100%|HC|  |TAMS 0x00000000c8000000, 0x00000000c7f00000| Complete 
| 106|0x00000000c8000000, 0x00000000c8100000, 0x00000000c8100000|100%|HC|  |TAMS 0x00000000c8100000, 0x00000000c8000000| Complete 
| 107|0x00000000c8100000, 0x00000000c8200000, 0x00000000c8200000|100%|HC|  |TAMS 0x00000000c8200000, 0x00000000c8100000| Complete 
| 108|0x00000000c8200000, 0x00000000c8300000, 0x00000000c8300000|100%|HC|  |TAMS 0x00000000c8300000, 0x00000000c8200000| Complete 
| 109|0x00000000c8300000, 0x00000000c8400000, 0x00000000c8400000|100%|HC|  |TAMS 0x00000000c8400000, 0x00000000c8300000| Complete 
| 110|0x00000000c8400000, 0x00000000c8500000, 0x00000000c8500000|100%|HC|  |TAMS 0x00000000c8500000, 0x00000000c8400000| Complete 
| 111|0x00000000c8500000, 0x00000000c8600000, 0x00000000c8600000|100%|HC|  |TAMS 0x00000000c8600000, 0x00000000c8500000| Complete 
| 112|0x00000000c8600000, 0x00000000c8700000, 0x00000000c8700000|100%|HC|  |TAMS 0x00000000c8700000, 0x00000000c8600000| Complete 
| 113|0x00000000c8700000, 0x00000000c8800000, 0x00000000c8800000|100%|HC|  |TAMS 0x00000000c8800000, 0x00000000c8700000| Complete 
| 114|0x00000000c8800000, 0x00000000c8900000, 0x00000000c8900000|100%|HC|  |TAMS 0x00000000c8900000, 0x00000000c8800000| Complete 
| 115|0x00000000c8900000, 0x00000000c8a00000, 0x00000000c8a00000|100%|HC|  |TAMS 0x00000000c8a00000, 0x00000000c8900000| Complete 
| 116|0x00000000c8a00000, 0x00000000c8b00000, 0x00000000c8b00000|100%|HC|  |TAMS 0x00000000c8b00000, 0x00000000c8a00000| Complete 
| 117|0x00000000c8b00000, 0x00000000c8c00000, 0x00000000c8c00000|100%|HC|  |TAMS 0x00000000c8c00000, 0x00000000c8b00000| Complete 
| 118|0x00000000c8c00000, 0x00000000c8d00000, 0x00000000c8d00000|100%|HC|  |TAMS 0x00000000c8d00000, 0x00000000c8c00000| Complete 
| 119|0x00000000c8d00000, 0x00000000c8e00000, 0x00000000c8e00000|100%|HC|  |TAMS 0x00000000c8e00000, 0x00000000c8d00000| Complete 
| 120|0x00000000c8e00000, 0x00000000c8f00000, 0x00000000c8f00000|100%|HC|  |TAMS 0x00000000c8f00000, 0x00000000c8e00000| Complete 
| 121|0x00000000c8f00000, 0x00000000c9000000, 0x00000000c9000000|100%|HC|  |TAMS 0x00000000c9000000, 0x00000000c8f00000| Complete 
| 122|0x00000000c9000000, 0x00000000c9100000, 0x00000000c9100000|100%|HC|  |TAMS 0x00000000c9100000, 0x00000000c9000000| Complete 
| 123|0x00000000c9100000, 0x00000000c9200000, 0x00000000c9200000|100%|HC|  |TAMS 0x00000000c9200000, 0x00000000c9100000| Complete 
| 124|0x00000000c9200000, 0x00000000c9300000, 0x00000000c9300000|100%|HC|  |TAMS 0x00000000c9300000, 0x00000000c9200000| Complete 
| 125|0x00000000c9300000, 0x00000000c9400000, 0x00000000c9400000|100%|HC|  |TAMS 0x00000000c9400000, 0x00000000c9300000| Complete 
| 126|0x00000000c9400000, 0x00000000c9500000, 0x00000000c9500000|100%|HC|  |TAMS 0x00000000c9500000, 0x00000000c9400000| Complete 
| 127|0x00000000c9500000, 0x00000000c9600000, 0x00000000c9600000|100%|HC|  |TAMS 0x00000000c9600000, 0x00000000c9500000| Complete 
| 128|0x00000000c9600000, 0x00000000c9700000, 0x00000000c9700000|100%|HC|  |TAMS 0x00000000c9700000, 0x00000000c9600000| Complete 
| 129|0x00000000c9700000, 0x00000000c9800000, 0x00000000c9800000|100%|HC|  |TAMS 0x00000000c9800000, 0x00000000c9700000| Complete 
| 130|0x00000000c9800000, 0x00000000c9900000, 0x00000000c9900000|100%|HC|  |TAMS 0x00000000c9900000, 0x00000000c9800000| Complete 
| 131|0x00000000c9900000, 0x00000000c9a00000, 0x00000000c9a00000|100%|HC|  |TAMS 0x00000000c9a00000, 0x00000000c9900000| Complete 
| 132|0x00000000c9a00000, 0x00000000c9b00000, 0x00000000c9b00000|100%|HC|  |TAMS 0x00000000c9b00000, 0x00000000c9a00000| Complete 
| 133|0x00000000c9b00000, 0x00000000c9c00000, 0x00000000c9c00000|100%|HC|  |TAMS 0x00000000c9c00000, 0x00000000c9b00000| Complete 
| 134|0x00000000c9c00000, 0x00000000c9d00000, 0x00000000c9d00000|100%|HC|  |TAMS 0x00000000c9d00000, 0x00000000c9c00000| Complete 
| 135|0x00000000c9d00000, 0x00000000c9e00000, 0x00000000c9e00000|100%|HC|  |TAMS 0x00000000c9e00000, 0x00000000c9d00000| Complete 
| 136|0x00000000c9e00000, 0x00000000c9f00000, 0x00000000c9f00000|100%|HC|  |TAMS 0x00000000c9f00000, 0x00000000c9e00000| Complete 
| 137|0x00000000c9f00000, 0x00000000ca000000, 0x00000000ca000000|100%|HC|  |TAMS 0x00000000ca000000, 0x00000000c9f00000| Complete 
| 138|0x00000000ca000000, 0x00000000ca100000, 0x00000000ca100000|100%|HC|  |TAMS 0x00000000ca100000, 0x00000000ca000000| Complete 
| 139|0x00000000ca100000, 0x00000000ca200000, 0x00000000ca200000|100%|HC|  |TAMS 0x00000000ca200000, 0x00000000ca100000| Complete 
| 140|0x00000000ca200000, 0x00000000ca300000, 0x00000000ca300000|100%|HC|  |TAMS 0x00000000ca300000, 0x00000000ca200000| Complete 
| 141|0x00000000ca300000, 0x00000000ca400000, 0x00000000ca400000|100%|HC|  |TAMS 0x00000000ca400000, 0x00000000ca300000| Complete 
| 142|0x00000000ca400000, 0x00000000ca500000, 0x00000000ca500000|100%|HC|  |TAMS 0x00000000ca500000, 0x00000000ca400000| Complete 
| 143|0x00000000ca500000, 0x00000000ca600000, 0x00000000ca600000|100%|HC|  |TAMS 0x00000000ca600000, 0x00000000ca500000| Complete 
| 144|0x00000000ca600000, 0x00000000ca700000, 0x00000000ca700000|100%|HC|  |TAMS 0x00000000ca700000, 0x00000000ca600000| Complete 
| 145|0x00000000ca700000, 0x00000000ca800000, 0x00000000ca800000|100%|HC|  |TAMS 0x00000000ca800000, 0x00000000ca700000| Complete 
| 146|0x00000000ca800000, 0x00000000ca900000, 0x00000000ca900000|100%|HC|  |TAMS 0x00000000ca900000, 0x00000000ca800000| Complete 
| 147|0x00000000ca900000, 0x00000000caa00000, 0x00000000caa00000|100%|HC|  |TAMS 0x00000000caa00000, 0x00000000ca900000| Complete 
| 148|0x00000000caa00000, 0x00000000cab00000, 0x00000000cab00000|100%|HC|  |TAMS 0x00000000cab00000, 0x00000000caa00000| Complete 
| 149|0x00000000cab00000, 0x00000000cac00000, 0x00000000cac00000|100%|HC|  |TAMS 0x00000000cac00000, 0x00000000cab00000| Complete 
| 150|0x00000000cac00000, 0x00000000cad00000, 0x00000000cad00000|100%|HC|  |TAMS 0x00000000cad00000, 0x00000000cac00000| Complete 
| 151|0x00000000cad00000, 0x00000000cae00000, 0x00000000cae00000|100%|HC|  |TAMS 0x00000000cae00000, 0x00000000cad00000| Complete 
| 152|0x00000000cae00000, 0x00000000caf00000, 0x00000000caf00000|100%|HC|  |TAMS 0x00000000caf00000, 0x00000000cae00000| Complete 
| 153|0x00000000caf00000, 0x00000000cb000000, 0x00000000cb000000|100%|HC|  |TAMS 0x00000000cb000000, 0x00000000caf00000| Complete 
| 154|0x00000000cb000000, 0x00000000cb100000, 0x00000000cb100000|100%|HC|  |TAMS 0x00000000cb100000, 0x00000000cb000000| Complete 
| 155|0x00000000cb100000, 0x00000000cb200000, 0x00000000cb200000|100%|HC|  |TAMS 0x00000000cb200000, 0x00000000cb100000| Complete 
| 156|0x00000000cb200000, 0x00000000cb300000, 0x00000000cb300000|100%|HC|  |TAMS 0x00000000cb300000, 0x00000000cb200000| Complete 
| 157|0x00000000cb300000, 0x00000000cb400000, 0x00000000cb400000|100%|HC|  |TAMS 0x00000000cb400000, 0x00000000cb300000| Complete 
| 158|0x00000000cb400000, 0x00000000cb500000, 0x00000000cb500000|100%|HC|  |TAMS 0x00000000cb500000, 0x00000000cb400000| Complete 
| 159|0x00000000cb500000, 0x00000000cb600000, 0x00000000cb600000|100%|HC|  |TAMS 0x00000000cb600000, 0x00000000cb500000| Complete 
| 160|0x00000000cb600000, 0x00000000cb700000, 0x00000000cb700000|100%|HC|  |TAMS 0x00000000cb700000, 0x00000000cb600000| Complete 
| 161|0x00000000cb700000, 0x00000000cb800000, 0x00000000cb800000|100%|HC|  |TAMS 0x00000000cb800000, 0x00000000cb700000| Complete 
| 162|0x00000000cb800000, 0x00000000cb900000, 0x00000000cb900000|100%|HC|  |TAMS 0x00000000cb900000, 0x00000000cb800000| Complete 
| 163|0x00000000cb900000, 0x00000000cba00000, 0x00000000cba00000|100%|HC|  |TAMS 0x00000000cba00000, 0x00000000cb900000| Complete 
| 164|0x00000000cba00000, 0x00000000cbb00000, 0x00000000cbb00000|100%|HC|  |TAMS 0x00000000cbb00000, 0x00000000cba00000| Complete 
| 165|0x00000000cbb00000, 0x00000000cbc00000, 0x00000000cbc00000|100%|HC|  |TAMS 0x00000000cbc00000, 0x00000000cbb00000| Complete 
| 166|0x00000000cbc00000, 0x00000000cbd00000, 0x00000000cbd00000|100%|HC|  |TAMS 0x00000000cbd00000, 0x00000000cbc00000| Complete 
| 167|0x00000000cbd00000, 0x00000000cbe00000, 0x00000000cbe00000|100%|HC|  |TAMS 0x00000000cbe00000, 0x00000000cbd00000| Complete 
| 168|0x00000000cbe00000, 0x00000000cbf00000, 0x00000000cbf00000|100%|HC|  |TAMS 0x00000000cbf00000, 0x00000000cbe00000| Complete 
| 169|0x00000000cbf00000, 0x00000000cc000000, 0x00000000cc000000|100%|HC|  |TAMS 0x00000000cc000000, 0x00000000cbf00000| Complete 
| 170|0x00000000cc000000, 0x00000000cc100000, 0x00000000cc100000|100%|HC|  |TAMS 0x00000000cc100000, 0x00000000cc000000| Complete 
| 171|0x00000000cc100000, 0x00000000cc200000, 0x00000000cc200000|100%|HC|  |TAMS 0x00000000cc200000, 0x00000000cc100000| Complete 
| 172|0x00000000cc200000, 0x00000000cc300000, 0x00000000cc300000|100%|HC|  |TAMS 0x00000000cc300000, 0x00000000cc200000| Complete 
| 173|0x00000000cc300000, 0x00000000cc400000, 0x00000000cc400000|100%|HC|  |TAMS 0x00000000cc400000, 0x00000000cc300000| Complete 

Card table byte_map: [0x000001cdb19d0000,0x000001cdb1bd0000] _byte_map_base: 0x000001cdb13c5000

Marking Bits (Prev, Next): (CMBitMap*) 0x000001cd9a3036f8, (CMBitMap*) 0x000001cd9a303738
 Prev Bits: [0x000001cdb1dd0000, 0x000001cdb2d78000)
 Next Bits: [0x000001cdb2d80000, 0x000001cdb3d28000)

Polling page: 0x000001cd98240000

Metaspace:

Usage:
  Non-class:     10.75 MB capacity,    10.57 MB ( 98%) used,   152.58 KB (  1%) free+waste,    25.44 KB ( <1%) overhead. 
      Class:      1.49 MB capacity,     1.35 MB ( 91%) used,   123.92 KB (  8%) free+waste,    14.69 KB ( <1%) overhead. 
       Both:     12.23 MB capacity,    11.92 MB ( 97%) used,   276.50 KB (  2%) free+waste,    40.13 KB ( <1%) overhead. 

Virtual space:
  Non-class space:       12.00 MB reserved,      10.75 MB ( 90%) committed 
      Class space:        1.00 GB reserved,       1.50 MB ( <1%) committed 
             Both:        1.01 GB reserved,      12.25 MB (  1%) committed 

Chunk freelists:
   Non-Class:  2.00 KB
       Class:  15.00 KB
        Both:  17.00 KB

MaxMetaspaceSize: 17179869184.00 GB
CompressedClassSpaceSize: 1.00 GB

CodeHeap 'non-profiled nmethods': size=120000Kb used=854Kb max_used=854Kb free=119145Kb
 bounds [0x000001cdaa2a0000, 0x000001cdaa510000, 0x000001cdb17d0000]
CodeHeap 'profiled nmethods': size=120000Kb used=5486Kb max_used=5486Kb free=114513Kb
 bounds [0x000001cda2d70000, 0x000001cda32d0000, 0x000001cdaa2a0000]
CodeHeap 'non-nmethods': size=5760Kb used=1305Kb max_used=1337Kb free=4454Kb
 bounds [0x000001cda27d0000, 0x000001cda2a40000, 0x000001cda2d70000]
 total_blobs=3574 nmethods=2211 adapters=502
 compilation: enabled
              stopped_count=0, restarted_count=0
 full_count=0

Compilation events (20 events):
Event: 2.296 Thread 0x000001cdb62eb800 nmethod 1855 0x000001cdaa36ff90 code [0x000001cdaa370120, 0x000001cdaa3701b8]
Event: 2.296 Thread 0x000001cdb62eb800 2073       4       java.util.Arrays$ArrayList::size (6 bytes)
Event: 2.297 Thread 0x000001cdb62eb800 nmethod 2073 0x000001cdaa370290 code [0x000001cdaa370420, 0x000001cdaa3704b8]
Event: 2.623 Thread 0x000001cdb62ee000 2249   !   3       java.util.zip.Inflater::inflate (418 bytes)
Event: 2.625 Thread 0x000001cdb62ee000 nmethod 2249 0x000001cda32c9b10 code [0x000001cda32c9de0, 0x000001cda32cb150]
Event: 2.625 Thread 0x000001cdb62eb800 2251 % !   4       sun.awt.image.PNGImageDecoder::produceImage @ 960 (1917 bytes)
Event: 2.627 Thread 0x000001cdb62ee000 2252       3       java.util.zip.InflaterInputStream::ensureOpen (18 bytes)
Event: 2.627 Thread 0x000001cdb62ee000 nmethod 2252 0x000001cda2d70990 code [0x000001cda2d70b40, 0x000001cda2d70dd0]
Event: 2.646 Thread 0x000001cdb62ee000 2253   !   3       java.util.zip.InflaterInputStream::read (138 bytes)
Event: 2.647 Thread 0x000001cdb62ee000 nmethod 2253 0x000001cda32cbb10 code [0x000001cda32cbdc0, 0x000001cda32cccc0]
Event: 2.691 Thread 0x000001cdb62ee000 2254   !   3       java.util.zip.Inflater::finished (19 bytes)
Event: 2.692 Thread 0x000001cdb62ee000 nmethod 2254 0x000001cda2d72d90 code [0x000001cda2d72f40, 0x000001cda2d73278]
Event: 2.694 Thread 0x000001cdb62ee000 2255       3       java.io.BufferedInputStream::fill (203 bytes)
Event: 2.695 Thread 0x000001cdb62ee000 nmethod 2255 0x000001cda32cd210 code [0x000001cda32cd4a0, 0x000001cda32ce2d0]
Event: 2.708 Thread 0x000001cdb62eb800 nmethod 2251% 0x000001cdaa370a10 code [0x000001cdaa370d40, 0x000001cdaa373e00]
Event: 2.709 Thread 0x000001cdb62eb800 2256   !   4       sun.awt.image.PNGImageDecoder::produceImage (1917 bytes)
Event: 2.730 Thread 0x000001cdb62ee000 2257       3       java.util.zip.InflaterInputStream::available (32 bytes)
Event: 2.731 Thread 0x000001cdb62ee000 nmethod 2257 0x000001cda2daff90 code [0x000001cda2db0160, 0x000001cda2db0750]
Event: 2.732 Thread 0x000001cdb62ee000 2258       3       java.io.BufferedInputStream::getInIfOpen (21 bytes)
Event: 2.733 Thread 0x000001cdb62ee000 nmethod 2258 0x000001cda2d75610 code [0x000001cda2d757c0, 0x000001cda2d75a50]

GC Heap History (12 events):
Event: 0.999 GC heap before
{Heap before GC invocations=0 (full 0):
 garbage-first heap   total 65536K, used 14336K [0x00000000c1600000, 0x0000000100000000)
  region size 1024K, 14 young (14336K), 0 survivors (0K)
 Metaspace       used 10475K, capacity 10717K, committed 10880K, reserved 1058816K
  class space    used 1251K, capacity 1344K, committed 1408K, reserved 1048576K
}
Event: 1.007 GC heap after
{Heap after GC invocations=1 (full 0):
 garbage-first heap   total 65536K, used 5080K [0x00000000c1600000, 0x0000000100000000)
  region size 1024K, 2 young (2048K), 2 survivors (2048K)
 Metaspace       used 10475K, capacity 10717K, committed 10880K, reserved 1058816K
  class space    used 1251K, capacity 1344K, committed 1408K, reserved 1048576K
}
Event: 1.331 GC heap before
{Heap before GC invocations=1 (full 0):
 garbage-first heap   total 65536K, used 14296K [0x00000000c1600000, 0x0000000100000000)
  region size 1024K, 12 young (12288K), 2 survivors (2048K)
 Metaspace       used 10999K, capacity 11265K, committed 11392K, reserved 1058816K
  class space    used 1272K, capacity 1376K, committed 1408K, reserved 1048576K
}
Event: 1.335 GC heap after
{Heap after GC invocations=2 (full 0):
 garbage-first heap   total 65536K, used 5587K [0x00000000c1600000, 0x0000000100000000)
  region size 1024K, 1 young (1024K), 1 survivors (1024K)
 Metaspace       used 10999K, capacity 11265K, committed 11392K, reserved 1058816K
  class space    used 1272K, capacity 1376K, committed 1408K, reserved 1048576K
}
Event: 2.101 GC heap before
{Heap before GC invocations=2 (full 0):
 garbage-first heap   total 65536K, used 29139K [0x00000000c1600000, 0x0000000100000000)
  region size 1024K, 24 young (24576K), 1 survivors (1024K)
 Metaspace       used 11741K, capacity 12046K, committed 12288K, reserved 1060864K
  class space    used 1321K, capacity 1444K, committed 1536K, reserved 1048576K
}
Event: 2.105 GC heap after
{Heap after GC invocations=3 (full 0):
 garbage-first heap   total 65536K, used 5917K [0x00000000c1600000, 0x0000000100000000)
  region size 1024K, 1 young (1024K), 1 survivors (1024K)
 Metaspace       used 11741K, capacity 12046K, committed 12288K, reserved 1060864K
  class space    used 1321K, capacity 1444K, committed 1536K, reserved 1048576K
}
Event: 2.180 GC heap before
{Heap before GC invocations=3 (full 0):
 garbage-first heap   total 65536K, used 6941K [0x00000000c1600000, 0x0000000100000000)
  region size 1024K, 3 young (3072K), 1 survivors (1024K)
 Metaspace       used 12210K, capacity 12527K, committed 12544K, reserved 1060864K
  class space    used 1382K, capacity 1521K, committed 1536K, reserved 1048576K
}
Event: 2.183 GC heap after
{Heap after GC invocations=4 (full 0):
 garbage-first heap   total 65536K, used 6546K [0x00000000c1600000, 0x0000000100000000)
  region size 1024K, 2 young (2048K), 2 survivors (2048K)
 Metaspace       used 12210K, capacity 12527K, committed 12544K, reserved 1060864K
  class space    used 1382K, capacity 1521K, committed 1536K, reserved 1048576K
}
Event: 2.808 GC heap before
{Heap before GC invocations=5 (full 0):
 garbage-first heap   total 139264K, used 137618K [0x00000000c1600000, 0x0000000100000000)
  region size 1024K, 19 young (19456K), 2 survivors (2048K)
 Metaspace       used 12210K, capacity 12527K, committed 12544K, reserved 1060864K
  class space    used 1382K, capacity 1521K, committed 1536K, reserved 1048576K
}
Event: 2.810 GC heap after
{Heap after GC invocations=6 (full 0):
 garbage-first heap   total 141312K, used 121351K [0x00000000c1600000, 0x0000000100000000)
  region size 1024K, 2 young (2048K), 2 survivors (2048K)
 Metaspace       used 12210K, capacity 12527K, committed 12544K, reserved 1060864K
  class space    used 1382K, capacity 1521K, committed 1536K, reserved 1048576K
}
Event: 2.835 GC heap before
{Heap before GC invocations=6 (full 0):
 garbage-first heap   total 141312K, used 124423K [0x00000000c1600000, 0x0000000100000000)
  region size 1024K, 6 young (6144K), 2 survivors (2048K)
 Metaspace       used 12210K, capacity 12527K, committed 12544K, reserved 1060864K
  class space    used 1382K, capacity 1521K, committed 1536K, reserved 1048576K
}
Event: 2.837 GC heap after
{Heap after GC invocations=7 (full 0):
 garbage-first heap   total 141312K, used 121124K [0x00000000c1600000, 0x0000000100000000)
  region size 1024K, 1 young (1024K), 1 survivors (1024K)
 Metaspace       used 12210K, capacity 12527K, committed 12544K, reserved 1060864K
  class space    used 1382K, capacity 1521K, committed 1536K, reserved 1048576K
}

Deoptimization events (20 events):
Event: 2.695 Thread 0x000001cdb7218800 DEOPT PACKING pc=0x000001cda2ea2a00 sp=0x00000040b29febd0
Event: 2.695 Thread 0x000001cdb7218800 DEOPT UNPACKING pc=0x000001cda281964e sp=0x00000040b29fe240 mode 0
Event: 2.696 Thread 0x000001cdb7218800 DEOPT PACKING pc=0x000001cda2ea2a00 sp=0x00000040b29febd0
Event: 2.696 Thread 0x000001cdb7218800 DEOPT UNPACKING pc=0x000001cda281964e sp=0x00000040b29fe240 mode 0
Event: 2.696 Thread 0x000001cdb7218800 DEOPT PACKING pc=0x000001cda2ea2a00 sp=0x00000040b29febd0
Event: 2.696 Thread 0x000001cdb7218800 DEOPT UNPACKING pc=0x000001cda281964e sp=0x00000040b29fe240 mode 0
Event: 2.697 Thread 0x000001cdb7218800 DEOPT PACKING pc=0x000001cda2ea2a00 sp=0x00000040b29febd0
Event: 2.697 Thread 0x000001cdb7218800 DEOPT UNPACKING pc=0x000001cda281964e sp=0x00000040b29fe240 mode 0
Event: 2.697 Thread 0x000001cdb7218800 DEOPT PACKING pc=0x000001cda2ea2a00 sp=0x00000040b29febd0
Event: 2.697 Thread 0x000001cdb7218800 DEOPT UNPACKING pc=0x000001cda281964e sp=0x00000040b29fe240 mode 0
Event: 2.698 Thread 0x000001cdb7218800 DEOPT PACKING pc=0x000001cda2ea2a00 sp=0x00000040b29febd0
Event: 2.698 Thread 0x000001cdb7218800 DEOPT UNPACKING pc=0x000001cda281964e sp=0x00000040b29fe240 mode 0
Event: 2.698 Thread 0x000001cdb7218800 DEOPT PACKING pc=0x000001cda2ea2a00 sp=0x00000040b29febd0
Event: 2.699 Thread 0x000001cdb7218800 DEOPT UNPACKING pc=0x000001cda281964e sp=0x00000040b29fe240 mode 0
Event: 2.699 Thread 0x000001cdb7218800 DEOPT PACKING pc=0x000001cda2ea2a00 sp=0x00000040b29febd0
Event: 2.699 Thread 0x000001cdb7218800 DEOPT UNPACKING pc=0x000001cda281964e sp=0x00000040b29fe240 mode 0
Event: 2.700 Thread 0x000001cdb7218800 DEOPT PACKING pc=0x000001cda2ea2a00 sp=0x00000040b29febd0
Event: 2.700 Thread 0x000001cdb7218800 DEOPT UNPACKING pc=0x000001cda281964e sp=0x00000040b29fe240 mode 0
Event: 2.728 Thread 0x000001cdb7218800 DEOPT PACKING pc=0x000001cda2ea2a00 sp=0x00000040b29febd0
Event: 2.728 Thread 0x000001cdb7218800 DEOPT UNPACKING pc=0x000001cda281964e sp=0x00000040b29fe240 mode 0

Classes unloaded (0 events):
No events

Classes redefined (0 events):
No events

Internal exceptions (14 events):
Event: 0.240 Thread 0x000001cd9a2d2800 Exception <a 'java/lang/ClassNotFoundException'{0x00000000c530b7b8}: sun/awt/resources/spi/awtProvider> (0x00000000c530b7b8) 
thrown [t:/workspace/open/src/hotspot/share/classfile/systemDictionary.cpp, line 232]
Event: 0.270 Thread 0x000001cd9a2d2800 Exception <a 'java/io/FileNotFoundException'{0x00000000c53628a0}> (0x00000000c53628a0) 
thrown [t:/workspace/open/src/hotspot/share/prims/jni.cpp, line 598]
Event: 0.281 Thread 0x000001cd9a2d2800 Exception <a 'java/io/FileNotFoundException'{0x00000000c5388e80}> (0x00000000c5388e80) 
thrown [t:/workspace/open/src/hotspot/share/prims/jni.cpp, line 598]
Event: 0.358 Thread 0x000001cdb7144800 Exception <a 'java/lang/NoSuchMethodError'{0x00000000c514d1f8}: 'void java.lang.invoke.DirectMethodHandle$Holder.invokeSpecial(java.lang.Object, java.lang.Object)'> (0x00000000c514d1f8) 
thrown [t:/workspace/open/src/hotspot/share/interpreter/linkResolver.cpp, line 767]
Event: 0.424 Thread 0x000001cdb7129000 Exception <a 'java/lang/NoSuchMethodError'{0x00000000c504a928}: 'java.lang.Object java.lang.invoke.DirectMethodHandle$Holder.invokeStatic(java.lang.Object, int, java.lang.Object, java.lang.Object, java.lang.Object, java.lang.Object)'> (0x00000000c504a928) 
thrown [t:/workspace/open/src/hotspot/share/interpreter/linkResolver.cpp, line 767]
Event: 0.425 Thread 0x000001cdb7129000 Exception <a 'java/lang/NoSuchMethodError'{0x00000000c5051288}: 'java.lang.Object java.lang.invoke.DirectMethodHandle$Holder.invokeStatic(java.lang.Object, int, java.lang.Object, java.lang.Object, java.lang.Object)'> (0x00000000c5051288) 
thrown [t:/workspace/open/src/hotspot/share/interpreter/linkResolver.cpp, line 767]
Event: 0.426 Thread 0x000001cdb7129000 Exception <a 'java/lang/NoSuchMethodError'{0x00000000c5054af0}: 'java.lang.Object java.lang.invoke.DirectMethodHandle$Holder.invokeSpecial(java.lang.Object, java.lang.Object, int, java.lang.Object, java.lang.Object, java.lang.Object)'> (0x00000000c5054af0) 
thrown [t:/workspace/open/src/hotspot/share/interpreter/linkResolver.cpp, line 767]
Event: 0.429 Thread 0x000001cdb7129000 Exception <a 'java/lang/NoSuchMethodError'{0x00000000c506ae18}: 'java.lang.Object java.lang.invoke.DirectMethodHandle$Holder.invokeStatic(java.lang.Object, int, java.lang.Object)'> (0x00000000c506ae18) 
thrown [t:/workspace/open/src/hotspot/share/interpreter/linkResolver.cpp, line 767]
Event: 0.455 Thread 0x000001cdb7129000 Exception <a 'java/lang/ClassNotFoundException'{0x00000000c4f0e378}: com/sun/swing/internal/plaf/metal/resources/spi/metalProvider> (0x00000000c4f0e378) 
thrown [t:/workspace/open/src/hotspot/share/classfile/systemDictionary.cpp, line 232]
Event: 0.456 Thread 0x000001cdb7129000 Exception <a 'java/lang/ClassNotFoundException'{0x00000000c4f12420}: com/sun/swing/internal/plaf/basic/resources/spi/basicProvider> (0x00000000c4f12420) 
thrown [t:/workspace/open/src/hotspot/share/classfile/systemDictionary.cpp, line 232]
Event: 0.490 Thread 0x000001cdb7129000 Exception <a 'java/net/UnknownHostException'{0x00000000c4f494f0}> (0x00000000c4f494f0) 
thrown [t:/workspace/open/src/hotspot/share/prims/jni.cpp, line 598]
Event: 1.610 Thread 0x000001cdb7129000 Exception <a 'java/io/FileNotFoundException'{0x00000000c4a0b658}> (0x00000000c4a0b658) 
thrown [t:/workspace/open/src/hotspot/share/prims/jni.cpp, line 598]
Event: 2.158 Thread 0x000001cdb7129000 Exception <a 'java/lang/NoSuchMethodError'{0x00000000c5576118}: 'void java.lang.invoke.DirectMethodHandle$Holder.invokeStaticInit(java.lang.Object)'> (0x00000000c5576118) 
thrown [t:/workspace/open/src/hotspot/share/interpreter/linkResolver.cpp, line 767]
Event: 2.170 Thread 0x000001cdb7129000 Exception <a 'java/lang/NoSuchMethodError'{0x00000000c559d370}: 'java.lang.Object java.lang.invoke.Invokers$Holder.linkToTargetMethod(java.lang.Object, int, java.lang.Object)'> (0x00000000c559d370) 
thrown [t:/workspace/open/src/hotspot/share/interpreter/linkResolver.cpp, line 767]

Events (20 events):
Event: 2.211 Executing VM operation: BulkRevokeBias
Event: 2.211 Executing VM operation: BulkRevokeBias done
Event: 2.235 Executing VM operation: HandshakeAllThreads
Event: 2.623 Executing VM operation: HandshakeAllThreads done
Event: 2.623 Thread 0x000001cdb62ef000 flushing nmethod 0x000001cda2d70990
Event: 2.623 Thread 0x000001cdb62ef000 flushing nmethod 0x000001cda2d72d90
Event: 2.623 Thread 0x000001cdb62ef000 flushing nmethod 0x000001cda2d75610
Event: 2.623 Thread 0x000001cdb62ef000 flushing nmethod 0x000001cda2d77710
Event: 2.623 Thread 0x000001cdb62ef000 flushing nmethod 0x000001cda2d77b10
Event: 2.623 Thread 0x000001cdb62ef000 flushing nmethod 0x000001cda2d7d510
Event: 2.623 Thread 0x000001cdb62ef000 flushing nmethod 0x000001cda2d86590
Event: 2.624 Thread 0x000001cdb62ef000 flushing nmethod 0x000001cda2d8ba90
Event: 2.624 Thread 0x000001cdb62ef000 flushing nmethod 0x000001cda2da7910
Event: 2.624 Thread 0x000001cdb62ef000 flushing nmethod 0x000001cda2daf610
Event: 2.624 Thread 0x000001cdb62ef000 flushing nmethod 0x000001cda2dcab10
Event: 2.808 Executing VM operation: G1CollectForAllocation
Event: 2.810 Executing VM operation: G1CollectForAllocation done
Event: 2.835 Executing VM operation: G1CollectForAllocation
Event: 2.837 Executing VM operation: G1CollectForAllocation done
Event: 2.850 Executing VM operation: G1Concurrent


Dynamic libraries:
0x00007ff600440000 - 0x00007ff60044f000 	C:\Program Files\Java\jdk-13.0.2\bin\javaw.exe
0x00007ffebe800000 - 0x00007ffebe9f0000 	C:\Windows\SYSTEM32\ntdll.dll
0x00007ffebd880000 - 0x00007ffebd932000 	C:\Windows\System32\KERNEL32.DLL
0x00007ffebc350000 - 0x00007ffebc5f5000 	C:\Windows\System32\KERNELBASE.dll
0x00007ffebc250000 - 0x00007ffebc34a000 	C:\Windows\System32\ucrtbase.dll
0x00007ffea2040000 - 0x00007ffea2058000 	C:\Program Files\Java\jdk-13.0.2\bin\jli.dll
0x00007ffebdeb0000 - 0x00007ffebdf53000 	C:\Windows\System32\ADVAPI32.dll
0x00007ffebd010000 - 0x00007ffebd0ae000 	C:\Windows\System32\msvcrt.dll
0x00007ffebd3e0000 - 0x00007ffebd477000 	C:\Windows\System32\sechost.dll
0x00007ffebd4e0000 - 0x00007ffebd5ff000 	C:\Windows\System32\RPCRT4.dll
0x00007ffe97c30000 - 0x00007ffe97c45000 	C:\Program Files\Java\jdk-13.0.2\bin\VCRUNTIME140.dll
0x00007ffebe3f0000 - 0x00007ffebe584000 	C:\Windows\System32\USER32.dll
0x00007ffebc010000 - 0x00007ffebc031000 	C:\Windows\System32\win32u.dll
0x00007ffebd940000 - 0x00007ffebd966000 	C:\Windows\System32\GDI32.dll
0x00007ffebc600000 - 0x00007ffebc798000 	C:\Windows\System32\gdi32full.dll
0x00007ffebbf70000 - 0x00007ffebc00e000 	C:\Windows\System32\msvcp_win.dll
0x00007ffeacb60000 - 0x00007ffeacde4000 	C:\Windows\WinSxS\amd64_microsoft.windows.common-controls_6595b64144ccf1df_6.0.18362.1556_none_9e7e372fe45e41d5\COMCTL32.dll
0x00007ffebd970000 - 0x00007ffebdca6000 	C:\Windows\System32\combase.dll
0x00007ffeace20000 - 0x00007ffeace2a000 	C:\Windows\SYSTEM32\VERSION.dll
0x00007ffebc7a0000 - 0x00007ffebc821000 	C:\Windows\System32\bcryptPrimitives.dll
0x00007ffebc880000 - 0x00007ffebc8ae000 	C:\Windows\System32\IMM32.DLL
0x00007ffe97930000 - 0x00007ffe979cb000 	C:\Program Files\Java\jdk-13.0.2\bin\msvcp140.dll
0x00007ffe965c0000 - 0x00007ffe9711d000 	C:\Program Files\Java\jdk-13.0.2\bin\server\jvm.dll
0x00007ffebe720000 - 0x00007ffebe728000 	C:\Windows\System32\PSAPI.DLL
0x00007ffeae2f0000 - 0x00007ffeae2f9000 	C:\Windows\SYSTEM32\WSOCK32.dll
0x00007ffebcfa0000 - 0x00007ffebd00f000 	C:\Windows\System32\WS2_32.dll
0x00007ffeb8f90000 - 0x00007ffeb8fb4000 	C:\Windows\SYSTEM32\WINMM.dll
0x00007ffeb8f60000 - 0x00007ffeb8f8d000 	C:\Windows\SYSTEM32\WINMMBASE.dll
0x00007ffebc830000 - 0x00007ffebc87a000 	C:\Windows\System32\cfgmgr32.dll
0x00007ffebb6e0000 - 0x00007ffebb6f1000 	C:\Windows\System32\kernel.appcore.dll
0x00007ffea5480000 - 0x00007ffea5490000 	C:\Program Files\Java\jdk-13.0.2\bin\verify.dll
0x00007ffeac3d0000 - 0x00007ffeac5c4000 	C:\Windows\SYSTEM32\DBGHELP.DLL
0x00007ffeac3a0000 - 0x00007ffeac3ca000 	C:\Windows\SYSTEM32\dbgcore.DLL
0x00007ffe97640000 - 0x00007ffe97666000 	C:\Program Files\Java\jdk-13.0.2\bin\java.dll
0x00007ffe97500000 - 0x00007ffe97517000 	C:\Program Files\Java\jdk-13.0.2\bin\zip.dll
0x00007ffea4d20000 - 0x00007ffea4d2a000 	C:\Program Files\Java\jdk-13.0.2\bin\jimage.dll
0x00007ffebc8b0000 - 0x00007ffebcf97000 	C:\Windows\System32\SHELL32.dll
0x00007ffebe590000 - 0x00007ffebe638000 	C:\Windows\System32\shcore.dll
0x00007ffebb7f0000 - 0x00007ffebbf6b000 	C:\Windows\System32\windows.storage.dll
0x00007ffebb700000 - 0x00007ffebb71e000 	C:\Windows\System32\profapi.dll
0x00007ffebb690000 - 0x00007ffebb6da000 	C:\Windows\System32\powrprof.dll
0x00007ffebb680000 - 0x00007ffebb690000 	C:\Windows\System32\UMPDC.dll
0x00007ffebd480000 - 0x00007ffebd4d2000 	C:\Windows\System32\shlwapi.dll
0x00007ffebc070000 - 0x00007ffebc087000 	C:\Windows\System32\cryptsp.dll
0x00007ffe97910000 - 0x00007ffe97929000 	C:\Program Files\Java\jdk-13.0.2\bin\net.dll
0x00007ffeb1b00000 - 0x00007ffeb1bfa000 	C:\Windows\SYSTEM32\WINHTTP.dll
0x00007ffebaec0000 - 0x00007ffebaf27000 	C:\Windows\system32\mswsock.dll
0x00007ffe978f0000 - 0x00007ffe97903000 	C:\Program Files\Java\jdk-13.0.2\bin\nio.dll
0x00007ffe8db90000 - 0x00007ffe8dd29000 	C:\Program Files\Java\jdk-13.0.2\bin\awt.dll
0x00007ffebd7b0000 - 0x00007ffebd875000 	C:\Windows\System32\OLEAUT32.dll
0x00007ffeb97f0000 - 0x00007ffeb987f000 	C:\Windows\SYSTEM32\apphelp.dll
0x00007ffeb99a0000 - 0x00007ffeb9a39000 	C:\Windows\system32\uxtheme.dll
0x00007ffebd670000 - 0x00007ffebd7a5000 	C:\Windows\System32\MSCTF.dll
0x00007ffebd0b0000 - 0x00007ffebd207000 	C:\Windows\System32\ole32.dll
0x00007ffeb9cf0000 - 0x00007ffeb9d1d000 	C:\Windows\system32\DWMAPI.DLL
0x00007ffe8da30000 - 0x00007ffe8db86000 	C:\Windows\system32\opengl32.dll
0x00007ffea4380000 - 0x00007ffea43ac000 	C:\Windows\SYSTEM32\GLU32.dll
0x00007ffeba360000 - 0x00007ffeba380000 	C:\Windows\SYSTEM32\dxcore.dll
0x00007ffebac60000 - 0x00007ffebad2b000 	C:\Windows\SYSTEM32\DNSAPI.dll
0x00007ffebe3d0000 - 0x00007ffebe3d8000 	C:\Windows\System32\NSI.dll
0x00007ffebabd0000 - 0x00007ffebac0a000 	C:\Windows\SYSTEM32\IPHLPAPI.DLL
0x00007ffeb14f0000 - 0x00007ffeb14fa000 	C:\Windows\System32\rasadhlp.dll
0x00007ffe91bb0000 - 0x00007ffe91c32000 	C:\Program Files\Java\jdk-13.0.2\bin\freetype.dll
0x00007ffe8f450000 - 0x00007ffe8f4f6000 	C:\Program Files\Java\jdk-13.0.2\bin\fontmanager.dll

dbghelp: loaded successfully - version: 4.0.5 - missing functions: none
symbol engine: initialized successfully - sym options: 0x614 - pdb path: .;C:\Program Files\Java\jdk-13.0.2\bin;C:\Windows\SYSTEM32;C:\Windows\WinSxS\amd64_microsoft.windows.common-controls_6595b64144ccf1df_6.0.18362.1556_none_9e7e372fe45e41d5;C:\Program Files\Java\jdk-13.0.2\bin\server

VM Arguments:
jvm_args: -Dfile.encoding=Cp1252 
java_command: Application.Home
java_class_path (initial): C:\Users\User\Desktop\Programmes\Java\Workspace\DriveOperations\target\classes;C:\Users\User\Desktop\Libraries\jgoodies-common-1.8.0.jar;C:\Users\User\Desktop\Libraries\jgoodies-forms-1.8.0.jar;C:\Users\User\Desktop\Libraries\miglayout15-swing.jar;C:\Users\User\Downloads\javax.mail.jar;C:\Users\User\Downloads\activation-1.1.1.jar;C:\Users\User\Downloads\jcalendar-1.4.jar;C:\Users\User\Downloads\jfreechart-1.0.19\lib\jcommon-1.0.23.jar;C:\Users\User\Downloads\jfreechart-1.0.19\lib\jfreechart-1.0.19.jar;C:\Users\User\Downloads\commons-net-3.8.0\commons-net-3.8.0.jar;C:\Users\User\Documents\Libs\comm-2.0.jar;C:\Users\User\Documents\Libs\http-2.2.1.jar;C:\Users\User\Documents\Libs\mysql-connector-java-5.1.45.jar;C:\Users\User\Downloads\JTattoo-1.6.13.jar;C:\Users\User\Desktop\Libs\jmespath-java-1.11.470.jar;C:\Users\User\Desktop\Libs\aws-java-sdk-core-1.12.65.jar;C:\Users\User\Desktop\Libs\aws-java-sdk-kms-1.12.65.jar;C:\Users\User\Desktop\Libs\aws-java-sdk-s3-1.12.65.jar;C:\Users\User\Desktop\Libs\commons-codec-1.15.jar;C:\Users\User\Desktop\Libs\commons-logging-1.1.3.jar;C:\Users\User\Desktop\Libs\httpclient-4.5.13.jar;C:\Users\User\Desktop\Libs\ion-java-1.0.2.jar;C:\Users\User\Desktop\Libs\jackson-annotations-2.12.3.jar;C:\Users\User\Desktop\Libs\jackson-core-2.12.3.jar;C:\Users\User\Desktop\Libs\jackson-databind-2.12.3.jar;C:\Users\User\Desktop\Libs\jackson-dataformat-cbor-2.12.3.jar;C:\Users\User\Desktop\Libs\jmespath-java-1.12.65.jar;C:\Users\User\Desktop\Libs\joda-time-2.8.1.jar;C:\Users\User\.m2\repository\com\amazonaws\aws-java-sdk-s3\1.12.65\aws-java-sdk-s3-1.12.65.jar;C:\Users\User\.m2\repository\com\amazonaws\aws-java-sdk-kms\1.12.65\aws-java-sdk-kms-1.12.65.jar;C:\Users\User\.m2\repository\com\amazonaws\aws-java-sdk-core\1.12.65\aws-java-sdk-core-1.12.65.jar;C:\Users\User\.m2\repository\commons-logging\commons-logging\1.1.3\commons-logging-1.1.3.jar;C:\Users\User\.m2\repository\commons-codec\commons-codec\1.15\commons-codec-1.15
Launcher Type: SUN_STANDARD

[Global flags]
     intx CICompilerCount                          = 3                                         {product} {ergonomic}
     uint ConcGCThreads                            = 1                                         {product} {ergonomic}
     uint G1ConcRefinementThreads                  = 4                                         {product} {ergonomic}
   size_t G1HeapRegionSize                         = 1048576                                   {product} {ergonomic}
    uintx GCDrainStackTargetSize                   = 64                                        {product} {ergonomic}
   size_t InitialHeapSize                          = 67108864                                  {product} {ergonomic}
   size_t MarkStackSize                            = 4194304                                   {product} {ergonomic}
   size_t MaxHeapSize                              = 1050673152                                {product} {ergonomic}
   size_t MaxNewSize                               = 630194176                                 {product} {ergonomic}
   size_t MinHeapDeltaBytes                        = 1048576                                   {product} {ergonomic}
   size_t MinHeapSize                              = 8388608                                   {product} {ergonomic}
    uintx NonNMethodCodeHeapSize                   = 5832780                                {pd product} {ergonomic}
    uintx NonProfiledCodeHeapSize                  = 122912730                              {pd product} {ergonomic}
    uintx ProfiledCodeHeapSize                     = 122912730                              {pd product} {ergonomic}
    uintx ReservedCodeCacheSize                    = 251658240                              {pd product} {ergonomic}
     bool SegmentedCodeCache                       = true                                      {product} {ergonomic}
   size_t SoftMaxHeapSize                          = 1050673152                             {manageable} {ergonomic}
     bool UseCompressedClassPointers               = true                                 {lp64_product} {ergonomic}
     bool UseCompressedOops                        = true                                 {lp64_product} {ergonomic}
     bool UseG1GC                                  = true                                      {product} {ergonomic}
     bool UseLargePagesIndividualAllocation        = false                                  {pd product} {ergonomic}

Logging:
Log output configuration:
 #0: stdout all=warning uptime,level,tags
 #1: stderr all=off uptime,level,tags

Environment Variables:
JAVA_HOME=C:\Program Files (x86)\Java\jre1.8.0_241
PATH=C:\Program Files\Java\jdk-13.0.2\bin;C:\Program Files (x86)\Common Files\Oracle\Java\javapath;C:\Windows\system32;C:\Windows;C:\Windows\System32\Wbem;C:\Windows\System32\WindowsPowerShell\v1.0\;C:\Windows\System32\OpenSSH\;C:\Program Files (x86)\apache-maven-3.8.1\bin;C:\Program Files (x86)\gradle-7.1.1\bin;C:\Users\User\AppData\Local\Microsoft\WindowsApps;C:\Users\User\AppData\Local\Programs\Microsoft VS Code\bin;C:\Program Files (x86)\gradle-7.1.1\bin;C:\Users\User\Downloads\platform-tools;
USERNAME=User
OS=Windows_NT
PROCESSOR_IDENTIFIER=Intel64 Family 6 Model 42 Stepping 7, GenuineIntel



---------------  S Y S T E M  ---------------

OS: Windows 10 , 64 bit Build 18362 (10.0.18362.1500)

CPU:total 4 (initial active 4) (2 cores per cpu, 2 threads per core) family 6 model 42 stepping 7, cmov, cx8, fxsr, mmx, sse, sse2, sse3, ssse3, sse4.1, sse4.2, popcnt, avx, aes, clmul, ht, tsc, tscinvbit

Memory: 4k page, system-wide physical 4006M (407M free)
TotalPageFile size 16294M (AvailPageFile size 13M)
current process WorkingSet (physical memory assigned to process): 244M, peak: 251M
current process commit charge ("private bytes"): 282M, peak: 325M

vm_info: Java HotSpot(TM) 64-Bit Server VM (13.0.2+8) for windows-amd64 JRE (13.0.2+8), built on Dec 11 2019 09:20:33 by "mach5one" with unknown MS VC++:1916

END.
