#
# There is insufficient memory for the Java Runtime Environment to continue.
# Native memory allocation (mmap) failed to map 79691776 bytes for Failed to commit area from 0x00000000d0400000 to 0x00000000d5000000 of length 79691776.
# Possible reasons:
#   The system is out of physical RAM or swap space
#   The process is running with CompressedOops enabled, and the Java Heap may be blocking the growth of the native heap
# Possible solutions:
#   Reduce memory load on the system
#   Increase physical memory or swap space
#   Check if swap backing store is full
#   Decrease Java heap size (-Xmx/-Xms)
#   Decrease number of Java threads
#   Decrease Java thread stack sizes (-Xss)
#   Set larger code cache with -XX:ReservedCodeCacheSize=
#   JVM is running with Unscaled Compressed Oops mode in which the Java heap is
#     placed in the first 4GB address space. The Java Heap base address is the
#     maximum limit for the native heap growth. Please use -XX:HeapBaseMinAddress
#     to set the Java Heap base and to place the Java Heap above 4GB virtual address.
# This output file may be truncated or incomplete.
#
#  Out of Memory Error (t:/workspace/open/src/hotspot/os/windows/os_windows.cpp:3301), pid=10944, tid=11548
#
# JRE version: Java(TM) SE Runtime Environment (13.0.2+8) (build 13.0.2+8)
# Java VM: Java HotSpot(TM) 64-Bit Server VM (13.0.2+8, mixed mode, sharing, tiered, compressed oops, g1 gc, windows-amd64)
# No core dump will be written. Minidumps are not enabled by default on client versions of Windows
#

---------------  S U M M A R Y ------------

Command Line: -Dfile.encoding=Cp1252 Application.Home

Host: Intel(R) Core(TM) i5-2520M CPU @ 2.50GHz, 4 cores, 3G,  Windows 10 , 64 bit Build 18362 (10.0.18362.1500)
Time: Wed Jun 29 17:31:25 2022 Afrique de l?Est elapsed time: 3 seconds (0d 0h 0m 3s)

---------------  T H R E A D  ---------------

Current thread (0x0000027f51716000):  VMThread "VM Thread" [stack: 0x0000009d98000000,0x0000009d98100000] [id=11548]

Stack: [0x0000009d98000000,0x0000009d98100000]
[error occurred during error reporting (printing stack bounds), id 0xc0000005, EXCEPTION_ACCESS_VIOLATION (0xc0000005) at pc=0x0000027f3dc310ad]

Native frames: (J=compiled Java code, j=interpreted, Vv=VM code, C=native code)
V  [jvm.dll+0x624f9a]
V  [jvm.dll+0x770cfa]
V  [jvm.dll+0x7724af]
V  [jvm.dll+0x772a15]
V  [jvm.dll+0x7729cb]
V  [jvm.dll+0x6244df]
C  [ntdll.dll+0x790b6]
C  [ntdll.dll+0x6a926]
C  [ntdll.dll+0xa0c6e]
C  0x0000027f3dc310ad

VM_Operation (0x0000009d97cff760): G1Concurrent, mode: safepoint, requested by thread 0x0000027f3576b800


---------------  P R O C E S S  ---------------

Threads class SMR info:
_java_thread_list=0x0000027f5326d310, length=19, elements={
0x0000027f5171a000, 0x0000027f51721800, 0x0000027f5173c800, 0x0000027f5173e800,
0x0000027f51741000, 0x0000027f51746800, 0x0000027f51751000, 0x0000027f5218a800,
0x0000027f52191800, 0x0000027f525ba800, 0x0000027f525bb000, 0x0000027f525c6800,
0x0000027f525dc000, 0x0000027f35731800, 0x0000027f5218e000, 0x0000027f525ff800,
0x0000027f531d2800, 0x0000027f5342f800, 0x0000027f5346e000
}

Java Threads: ( => current thread )
  0x0000027f5171a000 JavaThread "Reference Handler" daemon [_thread_blocked, id=10076, stack(0x0000009d98100000,0x0000009d98200000)]
  0x0000027f51721800 JavaThread "Finalizer" daemon [_thread_blocked, id=7548, stack(0x0000009d98200000,0x0000009d98300000)]
  0x0000027f5173c800 JavaThread "Signal Dispatcher" daemon [_thread_blocked, id=7400, stack(0x0000009d98300000,0x0000009d98400000)]
  0x0000027f5173e800 JavaThread "Attach Listener" daemon [_thread_blocked, id=5976, stack(0x0000009d98400000,0x0000009d98500000)]
  0x0000027f51741000 JavaThread "C2 CompilerThread0" daemon [_thread_blocked, id=6472, stack(0x0000009d98500000,0x0000009d98600000)]
  0x0000027f51746800 JavaThread "C1 CompilerThread0" daemon [_thread_blocked, id=10660, stack(0x0000009d98600000,0x0000009d98700000)]
  0x0000027f51751000 JavaThread "Sweeper thread" daemon [_thread_blocked, id=11608, stack(0x0000009d98700000,0x0000009d98800000)]
  0x0000027f5218a800 JavaThread "Service Thread" daemon [_thread_blocked, id=3516, stack(0x0000009d98800000,0x0000009d98900000)]
  0x0000027f52191800 JavaThread "Common-Cleaner" daemon [_thread_blocked, id=5148, stack(0x0000009d98a00000,0x0000009d98b00000)]
  0x0000027f525ba800 JavaThread "Java2D Disposer" daemon [_thread_blocked, id=7320, stack(0x0000009d98b00000,0x0000009d98c00000)]
  0x0000027f525bb000 JavaThread "AWT-Shutdown" [_thread_blocked, id=10220, stack(0x0000009d98c00000,0x0000009d98d00000)]
  0x0000027f525c6800 JavaThread "AWT-Windows" daemon [_thread_in_native, id=11376, stack(0x0000009d98d00000,0x0000009d98e00000)]
  0x0000027f525dc000 JavaThread "AWT-EventQueue-0" [_thread_blocked, id=556, stack(0x0000009d98e00000,0x0000009d98f00000)]
  0x0000027f35731800 JavaThread "DestroyJavaVM" [_thread_blocked, id=11068, stack(0x0000009d97a00000,0x0000009d97b00000)]
  0x0000027f5218e000 JavaThread "Abandoned connection cleanup thread" daemon [_thread_blocked, id=10940, stack(0x0000009d98f00000,0x0000009d99000000)]
  0x0000027f525ff800 JavaThread "mysql-cj-abandoned-connection-cleanup" daemon [_thread_blocked, id=3512, stack(0x0000009d99000000,0x0000009d99100000)]
  0x0000027f531d2800 JavaThread "Image Fetcher 0" daemon [_thread_blocked, id=10576, stack(0x0000009d99100000,0x0000009d99200000)]
  0x0000027f5342f800 JavaThread "TimerQueue" daemon [_thread_blocked, id=12268, stack(0x0000009d99500000,0x0000009d99600000)]
  0x0000027f5346e000 JavaThread "Image Fetcher 1" daemon [_thread_blocked, id=11008, stack(0x0000009d99700000,0x0000009d99800000)]

Other Threads:
=>0x0000027f51716000 VMThread "VM Thread" [stack: 0x0000009d98000000,0x0000009d98100000] [id=11548]
  0x0000027f5218f800 WatcherThread [stack: 0x0000009d98900000,0x0000009d98a00000] [id=11708]
  0x0000027f35761800 GCTaskThread "GC Thread#0" [stack: 0x0000009d97b00000,0x0000009d97c00000] [id=7544]
  0x0000027f52940000 GCTaskThread "GC Thread#1" [stack: 0x0000009d99200000,0x0000009d99300000] [id=9808]
  0x0000027f52944000 GCTaskThread "GC Thread#2" [stack: 0x0000009d99300000,0x0000009d99400000] [id=10480]
  0x0000027f52940800 GCTaskThread "GC Thread#3" [stack: 0x0000009d99400000,0x0000009d99500000] [id=11100]
  0x0000027f3576b800 ConcurrentGCThread "G1 Main Marker" [stack: 0x0000009d97c00000,0x0000009d97d00000] [id=10324]
  0x0000027f3576f800 ConcurrentGCThread "G1 Conc#0" [stack: 0x0000009d97d00000,0x0000009d97e00000] [id=4836]
  0x0000027f357c2000 ConcurrentGCThread "G1 Refine#0" [stack: 0x0000009d97e00000,0x0000009d97f00000] [id=8780]
  0x0000027f357c4000 ConcurrentGCThread "G1 Young RemSet Sampling" [stack: 0x0000009d97f00000,0x0000009d98000000] [id=2468]

Threads with active compile tasks:

VM state:at safepoint (normal execution)

VM Mutex/Monitor currently owned by a thread:  ([mutex/lock_event])
[0x0000027f3572db60] Threads_lock - owner thread: 0x0000027f51716000
[0x0000027f3572d260] Heap_lock - owner thread: 0x0000027f3576b800

Heap address: 0x00000000c1600000, size: 1002 MB, Compressed Oops mode: 32-bit
Narrow klass base: 0x0000000800000000, Narrow klass shift: 3
Compressed class space size: 1073741824 Address: 0x0000000800b40000

Heap:
 garbage-first heap   total 321536K, used 189880K [0x00000000c1600000, 0x0000000100000000)
  region size 1024K, 5 young (5120K), 3 survivors (3072K)
 Metaspace       used 19032K, capacity 19447K, committed 19584K, reserved 1067008K
  class space    used 2170K, capacity 2342K, committed 2432K, reserved 1048576K
Heap Regions: E=young(eden), S=young(survivor), O=old, HS=humongous(starts), HC=humongous(continues), CS=collection set, F=free, A=archive, TAMS=top-at-mark-start (previous, next)
|   0|0x00000000c1600000, 0x00000000c1700000, 0x00000000c1700000|100%| O|  |TAMS 0x00000000c1700000, 0x00000000c1600000| Updating 
|   1|0x00000000c1700000, 0x00000000c1800000, 0x00000000c1800000|100%| O|  |TAMS 0x00000000c1800000, 0x00000000c1700000| Updating 
|   2|0x00000000c1800000, 0x00000000c1900000, 0x00000000c1900000|100%| O|  |TAMS 0x00000000c1900000, 0x00000000c1800000| Updating 
|   3|0x00000000c1900000, 0x00000000c1a00000, 0x00000000c1a00000|100%| O|  |TAMS 0x00000000c1a00000, 0x00000000c1900000| Updating 
|   4|0x00000000c1a00000, 0x00000000c1b00000, 0x00000000c1b00000|100%| O|  |TAMS 0x00000000c1b00000, 0x00000000c1a00000| Updating 
|   5|0x00000000c1b00000, 0x00000000c1c00000, 0x00000000c1c00000|100%| O|  |TAMS 0x00000000c1b5e800, 0x00000000c1b00000| Updating 
|   6|0x00000000c1c00000, 0x00000000c1d00000, 0x00000000c1d00000|100%| O|  |TAMS 0x00000000c1c00000, 0x00000000c1c00000| Untracked 
|   7|0x00000000c1d00000, 0x00000000c1e00000, 0x00000000c1e00000|100%| O|  |TAMS 0x00000000c1d00000, 0x00000000c1d00000| Untracked 
|   8|0x00000000c1e00000, 0x00000000c1e6e200, 0x00000000c1f00000| 43%| O|  |TAMS 0x00000000c1e00000, 0x00000000c1e00000| Updating 
|   9|0x00000000c1f00000, 0x00000000c1f00000, 0x00000000c2000000|  0%| F|  |TAMS 0x00000000c1f00000, 0x00000000c1f00000| Untracked 
|  10|0x00000000c2000000, 0x00000000c2000000, 0x00000000c2100000|  0%| F|  |TAMS 0x00000000c2000000, 0x00000000c2000000| Untracked 
|  11|0x00000000c2100000, 0x00000000c2100000, 0x00000000c2200000|  0%| F|  |TAMS 0x00000000c2100000, 0x00000000c2100000| Untracked 
|  12|0x00000000c2200000, 0x00000000c2200000, 0x00000000c2300000|  0%| F|  |TAMS 0x00000000c2200000, 0x00000000c2200000| Untracked 
|  13|0x00000000c2300000, 0x00000000c2300000, 0x00000000c2400000|  0%| F|  |TAMS 0x00000000c2300000, 0x00000000c2300000| Untracked 
|  14|0x00000000c2400000, 0x00000000c2400000, 0x00000000c2500000|  0%| F|  |TAMS 0x00000000c2400000, 0x00000000c2400000| Untracked 
|  15|0x00000000c2500000, 0x00000000c2500000, 0x00000000c2600000|  0%| F|  |TAMS 0x00000000c2500000, 0x00000000c2500000| Untracked 
|  16|0x00000000c2600000, 0x00000000c2600000, 0x00000000c2700000|  0%| F|  |TAMS 0x00000000c2600000, 0x00000000c2600000| Untracked 
|  17|0x00000000c2700000, 0x00000000c2700000, 0x00000000c2800000|  0%| F|  |TAMS 0x00000000c2700000, 0x00000000c2700000| Untracked 
|  18|0x00000000c2800000, 0x00000000c2800000, 0x00000000c2900000|  0%| F|  |TAMS 0x00000000c2800000, 0x00000000c2800000| Untracked 
|  19|0x00000000c2900000, 0x00000000c2900000, 0x00000000c2a00000|  0%| F|  |TAMS 0x00000000c2900000, 0x00000000c2900000| Untracked 
|  20|0x00000000c2a00000, 0x00000000c2a00000, 0x00000000c2b00000|  0%| F|  |TAMS 0x00000000c2a00000, 0x00000000c2a00000| Untracked 
|  21|0x00000000c2b00000, 0x00000000c2b00000, 0x00000000c2c00000|  0%| F|  |TAMS 0x00000000c2b00000, 0x00000000c2b00000| Untracked 
|  22|0x00000000c2c00000, 0x00000000c2c00000, 0x00000000c2d00000|  0%| F|  |TAMS 0x00000000c2c00000, 0x00000000c2c00000| Untracked 
|  23|0x00000000c2d00000, 0x00000000c2d00000, 0x00000000c2e00000|  0%| F|  |TAMS 0x00000000c2d00000, 0x00000000c2d00000| Untracked 
|  24|0x00000000c2e00000, 0x00000000c2e00000, 0x00000000c2f00000|  0%| F|  |TAMS 0x00000000c2e00000, 0x00000000c2e00000| Untracked 
|  25|0x00000000c2f00000, 0x00000000c2f00000, 0x00000000c3000000|  0%| F|  |TAMS 0x00000000c2f00000, 0x00000000c2f00000| Untracked 
|  26|0x00000000c3000000, 0x00000000c3000000, 0x00000000c3100000|  0%| F|  |TAMS 0x00000000c3000000, 0x00000000c3000000| Untracked 
|  27|0x00000000c3100000, 0x00000000c3100000, 0x00000000c3200000|  0%| F|  |TAMS 0x00000000c3100000, 0x00000000c3100000| Untracked 
|  28|0x00000000c3200000, 0x00000000c3200000, 0x00000000c3300000|  0%| F|  |TAMS 0x00000000c3200000, 0x00000000c3200000| Untracked 
|  29|0x00000000c3300000, 0x00000000c3300000, 0x00000000c3400000|  0%| F|  |TAMS 0x00000000c3300000, 0x00000000c3300000| Untracked 
|  30|0x00000000c3400000, 0x00000000c3400000, 0x00000000c3500000|  0%| F|  |TAMS 0x00000000c3400000, 0x00000000c3400000| Untracked 
|  31|0x00000000c3500000, 0x00000000c3500000, 0x00000000c3600000|  0%| F|  |TAMS 0x00000000c3500000, 0x00000000c3500000| Untracked 
|  32|0x00000000c3600000, 0x00000000c3600000, 0x00000000c3700000|  0%| F|  |TAMS 0x00000000c3600000, 0x00000000c3600000| Untracked 
|  33|0x00000000c3700000, 0x00000000c3700000, 0x00000000c3800000|  0%| F|  |TAMS 0x00000000c3700000, 0x00000000c3700000| Untracked 
|  34|0x00000000c3800000, 0x00000000c3800000, 0x00000000c3900000|  0%| F|  |TAMS 0x00000000c3800000, 0x00000000c3800000| Untracked 
|  35|0x00000000c3900000, 0x00000000c3900000, 0x00000000c3a00000|  0%| F|  |TAMS 0x00000000c3900000, 0x00000000c3900000| Untracked 
|  36|0x00000000c3a00000, 0x00000000c3a00000, 0x00000000c3b00000|  0%| F|  |TAMS 0x00000000c3a00000, 0x00000000c3a00000| Untracked 
|  37|0x00000000c3b00000, 0x00000000c3b00000, 0x00000000c3c00000|  0%| F|  |TAMS 0x00000000c3b00000, 0x00000000c3b00000| Untracked 
|  38|0x00000000c3c00000, 0x00000000c3c00000, 0x00000000c3d00000|  0%| F|  |TAMS 0x00000000c3c00000, 0x00000000c3c00000| Untracked 
|  39|0x00000000c3d00000, 0x00000000c3e00000, 0x00000000c3e00000|100%| S|CS|TAMS 0x00000000c3d00000, 0x00000000c3d00000| Complete 
|  40|0x00000000c3e00000, 0x00000000c3f00000, 0x00000000c3f00000|100%| S|CS|TAMS 0x00000000c3e00000, 0x00000000c3e00000| Complete 
|  41|0x00000000c3f00000, 0x00000000c4000000, 0x00000000c4000000|100%| S|CS|TAMS 0x00000000c3f00000, 0x00000000c3f00000| Complete 
|  42|0x00000000c4000000, 0x00000000c4100000, 0x00000000c4100000|100%|HS|  |TAMS 0x00000000c4000000, 0x00000000c4000000| Complete 
|  43|0x00000000c4100000, 0x00000000c4200000, 0x00000000c4200000|100%|HC|  |TAMS 0x00000000c4100000, 0x00000000c4100000| Complete 
|  44|0x00000000c4200000, 0x00000000c4300000, 0x00000000c4300000|100%|HC|  |TAMS 0x00000000c4200000, 0x00000000c4200000| Complete 
|  45|0x00000000c4300000, 0x00000000c4400000, 0x00000000c4400000|100%|HC|  |TAMS 0x00000000c4300000, 0x00000000c4300000| Complete 
|  46|0x00000000c4400000, 0x00000000c4500000, 0x00000000c4500000|100%|HC|  |TAMS 0x00000000c4400000, 0x00000000c4400000| Complete 
|  47|0x00000000c4500000, 0x00000000c4600000, 0x00000000c4600000|100%|HC|  |TAMS 0x00000000c4500000, 0x00000000c4500000| Complete 
|  48|0x00000000c4600000, 0x00000000c4700000, 0x00000000c4700000|100%|HC|  |TAMS 0x00000000c4600000, 0x00000000c4600000| Complete 
|  49|0x00000000c4700000, 0x00000000c4800000, 0x00000000c4800000|100%|HC|  |TAMS 0x00000000c4700000, 0x00000000c4700000| Complete 
|  50|0x00000000c4800000, 0x00000000c4900000, 0x00000000c4900000|100%|HC|  |TAMS 0x00000000c4800000, 0x00000000c4800000| Complete 
|  51|0x00000000c4900000, 0x00000000c4a00000, 0x00000000c4a00000|100%|HC|  |TAMS 0x00000000c4900000, 0x00000000c4900000| Complete 
|  52|0x00000000c4a00000, 0x00000000c4b00000, 0x00000000c4b00000|100%|HC|  |TAMS 0x00000000c4a00000, 0x00000000c4a00000| Complete 
|  53|0x00000000c4b00000, 0x00000000c4c00000, 0x00000000c4c00000|100%|HC|  |TAMS 0x00000000c4b00000, 0x00000000c4b00000| Complete 
|  54|0x00000000c4c00000, 0x00000000c4d00000, 0x00000000c4d00000|100%|HC|  |TAMS 0x00000000c4c00000, 0x00000000c4c00000| Complete 
|  55|0x00000000c4d00000, 0x00000000c4e00000, 0x00000000c4e00000|100%|HC|  |TAMS 0x00000000c4d00000, 0x00000000c4d00000| Complete 
|  56|0x00000000c4e00000, 0x00000000c4f00000, 0x00000000c4f00000|100%|HC|  |TAMS 0x00000000c4e00000, 0x00000000c4e00000| Complete 
|  57|0x00000000c4f00000, 0x00000000c5000000, 0x00000000c5000000|100%|HC|  |TAMS 0x00000000c4f00000, 0x00000000c4f00000| Complete 
|  58|0x00000000c5000000, 0x00000000c5100000, 0x00000000c5100000|100%|HC|  |TAMS 0x00000000c5000000, 0x00000000c5000000| Complete 
|  59|0x00000000c5100000, 0x00000000c5200000, 0x00000000c5200000|100%|HC|  |TAMS 0x00000000c5100000, 0x00000000c5100000| Complete 
|  60|0x00000000c5200000, 0x00000000c5300000, 0x00000000c5300000|100%|HC|  |TAMS 0x00000000c5200000, 0x00000000c5200000| Complete 
|  61|0x00000000c5300000, 0x00000000c5400000, 0x00000000c5400000|100%|HC|  |TAMS 0x00000000c5300000, 0x00000000c5300000| Complete 
|  62|0x00000000c5400000, 0x00000000c5500000, 0x00000000c5500000|100%|HC|  |TAMS 0x00000000c5400000, 0x00000000c5400000| Complete 
|  63|0x00000000c5500000, 0x00000000c5600000, 0x00000000c5600000|100%|HC|  |TAMS 0x00000000c5500000, 0x00000000c5500000| Complete 
|  64|0x00000000c5600000, 0x00000000c5700000, 0x00000000c5700000|100%|HC|  |TAMS 0x00000000c5600000, 0x00000000c5600000| Complete 
|  65|0x00000000c5700000, 0x00000000c5800000, 0x00000000c5800000|100%|HC|  |TAMS 0x00000000c5700000, 0x00000000c5700000| Complete 
|  66|0x00000000c5800000, 0x00000000c5900000, 0x00000000c5900000|100%|HC|  |TAMS 0x00000000c5800000, 0x00000000c5800000| Complete 
|  67|0x00000000c5900000, 0x00000000c5a00000, 0x00000000c5a00000|100%|HC|  |TAMS 0x00000000c5900000, 0x00000000c5900000| Complete 
|  68|0x00000000c5a00000, 0x00000000c5b00000, 0x00000000c5b00000|100%|HC|  |TAMS 0x00000000c5a00000, 0x00000000c5a00000| Complete 
|  69|0x00000000c5b00000, 0x00000000c5c00000, 0x00000000c5c00000|100%|HC|  |TAMS 0x00000000c5b00000, 0x00000000c5b00000| Complete 
|  70|0x00000000c5c00000, 0x00000000c5d00000, 0x00000000c5d00000|100%|HC|  |TAMS 0x00000000c5c00000, 0x00000000c5c00000| Complete 
|  71|0x00000000c5d00000, 0x00000000c5e00000, 0x00000000c5e00000|100%|HC|  |TAMS 0x00000000c5d00000, 0x00000000c5d00000| Complete 
|  72|0x00000000c5e00000, 0x00000000c5f00000, 0x00000000c5f00000|100%|HC|  |TAMS 0x00000000c5e00000, 0x00000000c5e00000| Complete 
|  73|0x00000000c5f00000, 0x00000000c6000000, 0x00000000c6000000|100%|HC|  |TAMS 0x00000000c5f00000, 0x00000000c5f00000| Complete 
|  74|0x00000000c6000000, 0x00000000c6100000, 0x00000000c6100000|100%|HC|  |TAMS 0x00000000c6000000, 0x00000000c6000000| Complete 
|  75|0x00000000c6100000, 0x00000000c6200000, 0x00000000c6200000|100%|HC|  |TAMS 0x00000000c6100000, 0x00000000c6100000| Complete 
|  76|0x00000000c6200000, 0x00000000c6300000, 0x00000000c6300000|100%|HC|  |TAMS 0x00000000c6200000, 0x00000000c6200000| Complete 
|  77|0x00000000c6300000, 0x00000000c6400000, 0x00000000c6400000|100%|HC|  |TAMS 0x00000000c6300000, 0x00000000c6300000| Complete 
|  78|0x00000000c6400000, 0x00000000c6500000, 0x00000000c6500000|100%|HC|  |TAMS 0x00000000c6400000, 0x00000000c6400000| Complete 
|  79|0x00000000c6500000, 0x00000000c6600000, 0x00000000c6600000|100%|HC|  |TAMS 0x00000000c6500000, 0x00000000c6500000| Complete 
|  80|0x00000000c6600000, 0x00000000c6700000, 0x00000000c6700000|100%|HC|  |TAMS 0x00000000c6600000, 0x00000000c6600000| Complete 
|  81|0x00000000c6700000, 0x00000000c6800000, 0x00000000c6800000|100%|HC|  |TAMS 0x00000000c6700000, 0x00000000c6700000| Complete 
|  82|0x00000000c6800000, 0x00000000c6900000, 0x00000000c6900000|100%|HC|  |TAMS 0x00000000c6800000, 0x00000000c6800000| Complete 
|  83|0x00000000c6900000, 0x00000000c6a00000, 0x00000000c6a00000|100%|HC|  |TAMS 0x00000000c6900000, 0x00000000c6900000| Complete 
|  84|0x00000000c6a00000, 0x00000000c6b00000, 0x00000000c6b00000|100%|HC|  |TAMS 0x00000000c6a00000, 0x00000000c6a00000| Complete 
|  85|0x00000000c6b00000, 0x00000000c6c00000, 0x00000000c6c00000|100%|HC|  |TAMS 0x00000000c6b00000, 0x00000000c6b00000| Complete 
|  86|0x00000000c6c00000, 0x00000000c6d00000, 0x00000000c6d00000|100%|HC|  |TAMS 0x00000000c6c00000, 0x00000000c6c00000| Complete 
|  87|0x00000000c6d00000, 0x00000000c6e00000, 0x00000000c6e00000|100%|HC|  |TAMS 0x00000000c6d00000, 0x00000000c6d00000| Complete 
|  88|0x00000000c6e00000, 0x00000000c6f00000, 0x00000000c6f00000|100%|HC|  |TAMS 0x00000000c6e00000, 0x00000000c6e00000| Complete 
|  89|0x00000000c6f00000, 0x00000000c7000000, 0x00000000c7000000|100%|HC|  |TAMS 0x00000000c6f00000, 0x00000000c6f00000| Complete 
|  90|0x00000000c7000000, 0x00000000c7100000, 0x00000000c7100000|100%|HC|  |TAMS 0x00000000c7000000, 0x00000000c7000000| Complete 
|  91|0x00000000c7100000, 0x00000000c7200000, 0x00000000c7200000|100%|HC|  |TAMS 0x00000000c7100000, 0x00000000c7100000| Complete 
|  92|0x00000000c7200000, 0x00000000c7300000, 0x00000000c7300000|100%|HC|  |TAMS 0x00000000c7200000, 0x00000000c7200000| Complete 
|  93|0x00000000c7300000, 0x00000000c7400000, 0x00000000c7400000|100%|HC|  |TAMS 0x00000000c7300000, 0x00000000c7300000| Complete 
|  94|0x00000000c7400000, 0x00000000c7500000, 0x00000000c7500000|100%|HC|  |TAMS 0x00000000c7400000, 0x00000000c7400000| Complete 
|  95|0x00000000c7500000, 0x00000000c7600000, 0x00000000c7600000|100%|HC|  |TAMS 0x00000000c7500000, 0x00000000c7500000| Complete 
|  96|0x00000000c7600000, 0x00000000c7700000, 0x00000000c7700000|100%|HC|  |TAMS 0x00000000c7600000, 0x00000000c7600000| Complete 
|  97|0x00000000c7700000, 0x00000000c7800000, 0x00000000c7800000|100%|HC|  |TAMS 0x00000000c7700000, 0x00000000c7700000| Complete 
|  98|0x00000000c7800000, 0x00000000c7900000, 0x00000000c7900000|100%|HC|  |TAMS 0x00000000c7800000, 0x00000000c7800000| Complete 
|  99|0x00000000c7900000, 0x00000000c7a00000, 0x00000000c7a00000|100%|HC|  |TAMS 0x00000000c7900000, 0x00000000c7900000| Complete 
| 100|0x00000000c7a00000, 0x00000000c7b00000, 0x00000000c7b00000|100%|HC|  |TAMS 0x00000000c7a00000, 0x00000000c7a00000| Complete 
| 101|0x00000000c7b00000, 0x00000000c7c00000, 0x00000000c7c00000|100%|HC|  |TAMS 0x00000000c7b00000, 0x00000000c7b00000| Complete 
| 102|0x00000000c7c00000, 0x00000000c7d00000, 0x00000000c7d00000|100%|HC|  |TAMS 0x00000000c7c00000, 0x00000000c7c00000| Complete 
| 103|0x00000000c7d00000, 0x00000000c7e00000, 0x00000000c7e00000|100%|HC|  |TAMS 0x00000000c7d00000, 0x00000000c7d00000| Complete 
| 104|0x00000000c7e00000, 0x00000000c7f00000, 0x00000000c7f00000|100%|HC|  |TAMS 0x00000000c7e00000, 0x00000000c7e00000| Complete 
| 105|0x00000000c7f00000, 0x00000000c8000000, 0x00000000c8000000|100%|HC|  |TAMS 0x00000000c7f00000, 0x00000000c7f00000| Complete 
| 106|0x00000000c8000000, 0x00000000c8100000, 0x00000000c8100000|100%|HC|  |TAMS 0x00000000c8000000, 0x00000000c8000000| Complete 
| 107|0x00000000c8100000, 0x00000000c8200000, 0x00000000c8200000|100%|HC|  |TAMS 0x00000000c8100000, 0x00000000c8100000| Complete 
| 108|0x00000000c8200000, 0x00000000c8300000, 0x00000000c8300000|100%|HC|  |TAMS 0x00000000c8200000, 0x00000000c8200000| Complete 
| 109|0x00000000c8300000, 0x00000000c8400000, 0x00000000c8400000|100%|HC|  |TAMS 0x00000000c8300000, 0x00000000c8300000| Complete 
| 110|0x00000000c8400000, 0x00000000c8500000, 0x00000000c8500000|100%|HC|  |TAMS 0x00000000c8400000, 0x00000000c8400000| Complete 
| 111|0x00000000c8500000, 0x00000000c8600000, 0x00000000c8600000|100%|HC|  |TAMS 0x00000000c8500000, 0x00000000c8500000| Complete 
| 112|0x00000000c8600000, 0x00000000c8700000, 0x00000000c8700000|100%|HC|  |TAMS 0x00000000c8600000, 0x00000000c8600000| Complete 
| 113|0x00000000c8700000, 0x00000000c8800000, 0x00000000c8800000|100%|HC|  |TAMS 0x00000000c8700000, 0x00000000c8700000| Complete 
| 114|0x00000000c8800000, 0x00000000c8900000, 0x00000000c8900000|100%|HC|  |TAMS 0x00000000c8800000, 0x00000000c8800000| Complete 
| 115|0x00000000c8900000, 0x00000000c8a00000, 0x00000000c8a00000|100%|HC|  |TAMS 0x00000000c8900000, 0x00000000c8900000| Complete 
| 116|0x00000000c8a00000, 0x00000000c8b00000, 0x00000000c8b00000|100%|HC|  |TAMS 0x00000000c8a00000, 0x00000000c8a00000| Complete 
| 117|0x00000000c8b00000, 0x00000000c8c00000, 0x00000000c8c00000|100%|HC|  |TAMS 0x00000000c8b00000, 0x00000000c8b00000| Complete 
| 118|0x00000000c8c00000, 0x00000000c8d00000, 0x00000000c8d00000|100%|HC|  |TAMS 0x00000000c8c00000, 0x00000000c8c00000| Complete 
| 119|0x00000000c8d00000, 0x00000000c8e00000, 0x00000000c8e00000|100%|HC|  |TAMS 0x00000000c8d00000, 0x00000000c8d00000| Complete 
| 120|0x00000000c8e00000, 0x00000000c8f00000, 0x00000000c8f00000|100%|HC|  |TAMS 0x00000000c8e00000, 0x00000000c8e00000| Complete 
| 121|0x00000000c8f00000, 0x00000000c9000000, 0x00000000c9000000|100%|HC|  |TAMS 0x00000000c8f00000, 0x00000000c8f00000| Complete 
| 122|0x00000000c9000000, 0x00000000c9100000, 0x00000000c9100000|100%|HC|  |TAMS 0x00000000c9000000, 0x00000000c9000000| Complete 
| 123|0x00000000c9100000, 0x00000000c9200000, 0x00000000c9200000|100%|HC|  |TAMS 0x00000000c9100000, 0x00000000c9100000| Complete 
| 124|0x00000000c9200000, 0x00000000c9300000, 0x00000000c9300000|100%|HC|  |TAMS 0x00000000c9200000, 0x00000000c9200000| Complete 
| 125|0x00000000c9300000, 0x00000000c9400000, 0x00000000c9400000|100%|HC|  |TAMS 0x00000000c9300000, 0x00000000c9300000| Complete 
| 126|0x00000000c9400000, 0x00000000c9500000, 0x00000000c9500000|100%|HC|  |TAMS 0x00000000c9400000, 0x00000000c9400000| Complete 
| 127|0x00000000c9500000, 0x00000000c9600000, 0x00000000c9600000|100%|HC|  |TAMS 0x00000000c9500000, 0x00000000c9500000| Complete 
| 128|0x00000000c9600000, 0x00000000c9700000, 0x00000000c9700000|100%|HC|  |TAMS 0x00000000c9600000, 0x00000000c9600000| Complete 
| 129|0x00000000c9700000, 0x00000000c9800000, 0x00000000c9800000|100%|HC|  |TAMS 0x00000000c9700000, 0x00000000c9700000| Complete 
| 130|0x00000000c9800000, 0x00000000c9900000, 0x00000000c9900000|100%|HC|  |TAMS 0x00000000c9800000, 0x00000000c9800000| Complete 
| 131|0x00000000c9900000, 0x00000000c9a00000, 0x00000000c9a00000|100%|HC|  |TAMS 0x00000000c9900000, 0x00000000c9900000| Complete 
| 132|0x00000000c9a00000, 0x00000000c9b00000, 0x00000000c9b00000|100%|HC|  |TAMS 0x00000000c9a00000, 0x00000000c9a00000| Complete 
| 133|0x00000000c9b00000, 0x00000000c9c00000, 0x00000000c9c00000|100%|HC|  |TAMS 0x00000000c9b00000, 0x00000000c9b00000| Complete 
| 134|0x00000000c9c00000, 0x00000000c9d00000, 0x00000000c9d00000|100%|HC|  |TAMS 0x00000000c9c00000, 0x00000000c9c00000| Complete 
| 135|0x00000000c9d00000, 0x00000000c9e00000, 0x00000000c9e00000|100%|HC|  |TAMS 0x00000000c9d00000, 0x00000000c9d00000| Complete 
| 136|0x00000000c9e00000, 0x00000000c9f00000, 0x00000000c9f00000|100%|HC|  |TAMS 0x00000000c9e00000, 0x00000000c9e00000| Complete 
| 137|0x00000000c9f00000, 0x00000000ca000000, 0x00000000ca000000|100%|HC|  |TAMS 0x00000000c9f00000, 0x00000000c9f00000| Complete 
| 138|0x00000000ca000000, 0x00000000ca100000, 0x00000000ca100000|100%|HC|  |TAMS 0x00000000ca000000, 0x00000000ca000000| Complete 
| 139|0x00000000ca100000, 0x00000000ca200000, 0x00000000ca200000|100%|HC|  |TAMS 0x00000000ca100000, 0x00000000ca100000| Complete 
| 140|0x00000000ca200000, 0x00000000ca300000, 0x00000000ca300000|100%|HC|  |TAMS 0x00000000ca200000, 0x00000000ca200000| Complete 
| 141|0x00000000ca300000, 0x00000000ca400000, 0x00000000ca400000|100%|HC|  |TAMS 0x00000000ca300000, 0x00000000ca300000| Complete 
| 142|0x00000000ca400000, 0x00000000ca500000, 0x00000000ca500000|100%|HC|  |TAMS 0x00000000ca400000, 0x00000000ca400000| Complete 
| 143|0x00000000ca500000, 0x00000000ca600000, 0x00000000ca600000|100%|HC|  |TAMS 0x00000000ca500000, 0x00000000ca500000| Complete 
| 144|0x00000000ca600000, 0x00000000ca700000, 0x00000000ca700000|100%|HC|  |TAMS 0x00000000ca600000, 0x00000000ca600000| Complete 
| 145|0x00000000ca700000, 0x00000000ca800000, 0x00000000ca800000|100%|HC|  |TAMS 0x00000000ca700000, 0x00000000ca700000| Complete 
| 146|0x00000000ca800000, 0x00000000ca900000, 0x00000000ca900000|100%|HC|  |TAMS 0x00000000ca800000, 0x00000000ca800000| Complete 
| 147|0x00000000ca900000, 0x00000000caa00000, 0x00000000caa00000|100%|HC|  |TAMS 0x00000000ca900000, 0x00000000ca900000| Complete 
| 148|0x00000000caa00000, 0x00000000cab00000, 0x00000000cab00000|100%|HC|  |TAMS 0x00000000caa00000, 0x00000000caa00000| Complete 
| 149|0x00000000cab00000, 0x00000000cac00000, 0x00000000cac00000|100%|HC|  |TAMS 0x00000000cab00000, 0x00000000cab00000| Complete 
| 150|0x00000000cac00000, 0x00000000cad00000, 0x00000000cad00000|100%|HC|  |TAMS 0x00000000cac00000, 0x00000000cac00000| Complete 
| 151|0x00000000cad00000, 0x00000000cae00000, 0x00000000cae00000|100%|HC|  |TAMS 0x00000000cad00000, 0x00000000cad00000| Complete 
| 152|0x00000000cae00000, 0x00000000caf00000, 0x00000000caf00000|100%|HC|  |TAMS 0x00000000cae00000, 0x00000000cae00000| Complete 
| 153|0x00000000caf00000, 0x00000000cb000000, 0x00000000cb000000|100%|HC|  |TAMS 0x00000000caf00000, 0x00000000caf00000| Complete 
| 154|0x00000000cb000000, 0x00000000cb100000, 0x00000000cb100000|100%|HC|  |TAMS 0x00000000cb000000, 0x00000000cb000000| Complete 
| 155|0x00000000cb100000, 0x00000000cb200000, 0x00000000cb200000|100%|HC|  |TAMS 0x00000000cb100000, 0x00000000cb100000| Complete 
| 156|0x00000000cb200000, 0x00000000cb300000, 0x00000000cb300000|100%|HC|  |TAMS 0x00000000cb200000, 0x00000000cb200000| Complete 
| 157|0x00000000cb300000, 0x00000000cb400000, 0x00000000cb400000|100%|HC|  |TAMS 0x00000000cb300000, 0x00000000cb300000| Complete 
| 158|0x00000000cb400000, 0x00000000cb500000, 0x00000000cb500000|100%|HC|  |TAMS 0x00000000cb400000, 0x00000000cb400000| Complete 
| 159|0x00000000cb500000, 0x00000000cb600000, 0x00000000cb600000|100%|HC|  |TAMS 0x00000000cb500000, 0x00000000cb500000| Complete 
| 160|0x00000000cb600000, 0x00000000cb700000, 0x00000000cb700000|100%|HC|  |TAMS 0x00000000cb600000, 0x00000000cb600000| Complete 
| 161|0x00000000cb700000, 0x00000000cb800000, 0x00000000cb800000|100%|HC|  |TAMS 0x00000000cb700000, 0x00000000cb700000| Complete 
| 162|0x00000000cb800000, 0x00000000cb900000, 0x00000000cb900000|100%|HC|  |TAMS 0x00000000cb800000, 0x00000000cb800000| Complete 
| 163|0x00000000cb900000, 0x00000000cba00000, 0x00000000cba00000|100%|HC|  |TAMS 0x00000000cb900000, 0x00000000cb900000| Complete 
| 164|0x00000000cba00000, 0x00000000cbb00000, 0x00000000cbb00000|100%|HC|  |TAMS 0x00000000cba00000, 0x00000000cba00000| Complete 
| 165|0x00000000cbb00000, 0x00000000cbc00000, 0x00000000cbc00000|100%|HC|  |TAMS 0x00000000cbb00000, 0x00000000cbb00000| Complete 
| 166|0x00000000cbc00000, 0x00000000cbd00000, 0x00000000cbd00000|100%|HC|  |TAMS 0x00000000cbc00000, 0x00000000cbc00000| Complete 
| 167|0x00000000cbd00000, 0x00000000cbe00000, 0x00000000cbe00000|100%|HC|  |TAMS 0x00000000cbd00000, 0x00000000cbd00000| Complete 
| 168|0x00000000cbe00000, 0x00000000cbf00000, 0x00000000cbf00000|100%|HC|  |TAMS 0x00000000cbe00000, 0x00000000cbe00000| Complete 
| 169|0x00000000cbf00000, 0x00000000cc000000, 0x00000000cc000000|100%|HC|  |TAMS 0x00000000cbf00000, 0x00000000cbf00000| Complete 
| 170|0x00000000cc000000, 0x00000000cc100000, 0x00000000cc100000|100%|HC|  |TAMS 0x00000000cc000000, 0x00000000cc000000| Complete 
| 171|0x00000000cc100000, 0x00000000cc200000, 0x00000000cc200000|100%|HC|  |TAMS 0x00000000cc100000, 0x00000000cc100000| Complete 
| 172|0x00000000cc200000, 0x00000000cc300000, 0x00000000cc300000|100%|HC|  |TAMS 0x00000000cc200000, 0x00000000cc200000| Complete 
| 173|0x00000000cc300000, 0x00000000cc400000, 0x00000000cc400000|100%|HC|  |TAMS 0x00000000cc300000, 0x00000000cc300000| Complete 
| 174|0x00000000cc400000, 0x00000000cc500000, 0x00000000cc500000|100%|HC|  |TAMS 0x00000000cc400000, 0x00000000cc400000| Complete 
| 175|0x00000000cc500000, 0x00000000cc600000, 0x00000000cc600000|100%|HC|  |TAMS 0x00000000cc500000, 0x00000000cc500000| Complete 
| 176|0x00000000cc600000, 0x00000000cc700000, 0x00000000cc700000|100%|HC|  |TAMS 0x00000000cc600000, 0x00000000cc600000| Complete 
| 177|0x00000000cc700000, 0x00000000cc800000, 0x00000000cc800000|100%|HC|  |TAMS 0x00000000cc700000, 0x00000000cc700000| Complete 
| 178|0x00000000cc800000, 0x00000000cc900000, 0x00000000cc900000|100%|HC|  |TAMS 0x00000000cc800000, 0x00000000cc800000| Complete 
| 179|0x00000000cc900000, 0x00000000cca00000, 0x00000000cca00000|100%|HC|  |TAMS 0x00000000cc900000, 0x00000000cc900000| Complete 
| 180|0x00000000cca00000, 0x00000000ccb00000, 0x00000000ccb00000|100%|HC|  |TAMS 0x00000000cca00000, 0x00000000cca00000| Complete 
| 181|0x00000000ccb00000, 0x00000000ccc00000, 0x00000000ccc00000|100%|HC|  |TAMS 0x00000000ccb00000, 0x00000000ccb00000| Complete 
| 182|0x00000000ccc00000, 0x00000000ccd00000, 0x00000000ccd00000|100%|HC|  |TAMS 0x00000000ccc00000, 0x00000000ccc00000| Complete 
| 183|0x00000000ccd00000, 0x00000000cce00000, 0x00000000cce00000|100%|HC|  |TAMS 0x00000000ccd00000, 0x00000000ccd00000| Complete 
| 184|0x00000000cce00000, 0x00000000ccf00000, 0x00000000ccf00000|100%|HC|  |TAMS 0x00000000cce00000, 0x00000000cce00000| Complete 
| 185|0x00000000ccf00000, 0x00000000cd000000, 0x00000000cd000000|100%|HC|  |TAMS 0x00000000ccf00000, 0x00000000ccf00000| Complete 
| 186|0x00000000cd000000, 0x00000000cd100000, 0x00000000cd100000|100%|HC|  |TAMS 0x00000000cd000000, 0x00000000cd000000| Complete 
| 187|0x00000000cd100000, 0x00000000cd200000, 0x00000000cd200000|100%|HC|  |TAMS 0x00000000cd100000, 0x00000000cd100000| Complete 
| 188|0x00000000cd200000, 0x00000000cd300000, 0x00000000cd300000|100%|HC|  |TAMS 0x00000000cd200000, 0x00000000cd200000| Complete 
| 189|0x00000000cd300000, 0x00000000cd400000, 0x00000000cd400000|100%|HC|  |TAMS 0x00000000cd300000, 0x00000000cd300000| Complete 
| 190|0x00000000cd400000, 0x00000000cd500000, 0x00000000cd500000|100%|HC|  |TAMS 0x00000000cd400000, 0x00000000cd400000| Complete 
| 191|0x00000000cd500000, 0x00000000cd600000, 0x00000000cd600000|100%|HC|  |TAMS 0x00000000cd500000, 0x00000000cd500000| Complete 
| 192|0x00000000cd600000, 0x00000000cd700000, 0x00000000cd700000|100%|HC|  |TAMS 0x00000000cd600000, 0x00000000cd600000| Complete 
| 193|0x00000000cd700000, 0x00000000cd800000, 0x00000000cd800000|100%|HC|  |TAMS 0x00000000cd700000, 0x00000000cd700000| Complete 
| 194|0x00000000cd800000, 0x00000000cd900000, 0x00000000cd900000|100%|HC|  |TAMS 0x00000000cd800000, 0x00000000cd800000| Complete 
| 195|0x00000000cd900000, 0x00000000cda00000, 0x00000000cda00000|100%|HC|  |TAMS 0x00000000cd900000, 0x00000000cd900000| Complete 
| 196|0x00000000cda00000, 0x00000000cdb00000, 0x00000000cdb00000|100%|HC|  |TAMS 0x00000000cda00000, 0x00000000cda00000| Complete 
| 197|0x00000000cdb00000, 0x00000000cdc00000, 0x00000000cdc00000|100%|HC|  |TAMS 0x00000000cdb00000, 0x00000000cdb00000| Complete 
| 198|0x00000000cdc00000, 0x00000000cdd00000, 0x00000000cdd00000|100%|HC|  |TAMS 0x00000000cdc00000, 0x00000000cdc00000| Complete 
| 199|0x00000000cdd00000, 0x00000000cde00000, 0x00000000cde00000|100%|HC|  |TAMS 0x00000000cdd00000, 0x00000000cdd00000| Complete 
| 200|0x00000000cde00000, 0x00000000cdf00000, 0x00000000cdf00000|100%|HC|  |TAMS 0x00000000cde00000, 0x00000000cde00000| Complete 
| 201|0x00000000cdf00000, 0x00000000ce000000, 0x00000000ce000000|100%|HC|  |TAMS 0x00000000cdf00000, 0x00000000cdf00000| Complete 
| 202|0x00000000ce000000, 0x00000000ce100000, 0x00000000ce100000|100%|HC|  |TAMS 0x00000000ce000000, 0x00000000ce000000| Complete 
| 203|0x00000000ce100000, 0x00000000ce200000, 0x00000000ce200000|100%|HC|  |TAMS 0x00000000ce100000, 0x00000000ce100000| Complete 
| 204|0x00000000ce200000, 0x00000000ce300000, 0x00000000ce300000|100%|HC|  |TAMS 0x00000000ce200000, 0x00000000ce200000| Complete 
| 205|0x00000000ce300000, 0x00000000ce400000, 0x00000000ce400000|100%|HC|  |TAMS 0x00000000ce300000, 0x00000000ce300000| Complete 
| 206|0x00000000ce400000, 0x00000000ce500000, 0x00000000ce500000|100%|HC|  |TAMS 0x00000000ce400000, 0x00000000ce400000| Complete 
| 207|0x00000000ce500000, 0x00000000ce600000, 0x00000000ce600000|100%|HC|  |TAMS 0x00000000ce500000, 0x00000000ce500000| Complete 
| 208|0x00000000ce600000, 0x00000000ce700000, 0x00000000ce700000|100%|HC|  |TAMS 0x00000000ce600000, 0x00000000ce600000| Complete 
| 209|0x00000000ce700000, 0x00000000ce800000, 0x00000000ce800000|100%|HC|  |TAMS 0x00000000ce700000, 0x00000000ce700000| Complete 
| 210|0x00000000ce800000, 0x00000000ce900000, 0x00000000ce900000|100%|HC|  |TAMS 0x00000000ce800000, 0x00000000ce800000| Complete 
| 211|0x00000000ce900000, 0x00000000cea00000, 0x00000000cea00000|100%|HC|  |TAMS 0x00000000ce900000, 0x00000000ce900000| Complete 
| 212|0x00000000cea00000, 0x00000000ceb00000, 0x00000000ceb00000|100%|HC|  |TAMS 0x00000000cea00000, 0x00000000cea00000| Complete 
| 213|0x00000000ceb00000, 0x00000000cec00000, 0x00000000cec00000|100%|HC|  |TAMS 0x00000000ceb00000, 0x00000000ceb00000| Complete 
| 214|0x00000000cec00000, 0x00000000ced00000, 0x00000000ced00000|100%|HC|  |TAMS 0x00000000cec00000, 0x00000000cec00000| Complete 
| 215|0x00000000ced00000, 0x00000000cee00000, 0x00000000cee00000|100%|HC|  |TAMS 0x00000000ced00000, 0x00000000ced00000| Complete 
| 216|0x00000000cee00000, 0x00000000cee00000, 0x00000000cef00000|  0%| F|  |TAMS 0x00000000cee00000, 0x00000000cee00000| Untracked 
| 217|0x00000000cef00000, 0x00000000cef00000, 0x00000000cf000000|  0%| F|  |TAMS 0x00000000cef00000, 0x00000000cef00000| Untracked 
| 218|0x00000000cf000000, 0x00000000cf000000, 0x00000000cf100000|  0%| F|  |TAMS 0x00000000cf000000, 0x00000000cf000000| Untracked 
| 219|0x00000000cf100000, 0x00000000cf100000, 0x00000000cf200000|  0%| F|  |TAMS 0x00000000cf100000, 0x00000000cf100000| Untracked 
| 220|0x00000000cf200000, 0x00000000cf200000, 0x00000000cf300000|  0%| F|  |TAMS 0x00000000cf200000, 0x00000000cf200000| Untracked 
| 221|0x00000000cf300000, 0x00000000cf300000, 0x00000000cf400000|  0%| F|  |TAMS 0x00000000cf300000, 0x00000000cf300000| Untracked 
| 222|0x00000000cf400000, 0x00000000cf400000, 0x00000000cf500000|  0%| F|  |TAMS 0x00000000cf400000, 0x00000000cf400000| Untracked 
| 223|0x00000000cf500000, 0x00000000cf500000, 0x00000000cf600000|  0%| F|  |TAMS 0x00000000cf500000, 0x00000000cf500000| Untracked 
| 224|0x00000000cf600000, 0x00000000cf600000, 0x00000000cf700000|  0%| F|  |TAMS 0x00000000cf600000, 0x00000000cf600000| Untracked 
| 225|0x00000000cf700000, 0x00000000cf700000, 0x00000000cf800000|  0%| F|  |TAMS 0x00000000cf700000, 0x00000000cf700000| Untracked 
| 226|0x00000000cf800000, 0x00000000cf800000, 0x00000000cf900000|  0%| F|  |TAMS 0x00000000cf800000, 0x00000000cf800000| Untracked 
| 227|0x00000000cf900000, 0x00000000cf900000, 0x00000000cfa00000|  0%| F|  |TAMS 0x00000000cf900000, 0x00000000cf900000| Untracked 
| 228|0x00000000cfa00000, 0x00000000cfa00000, 0x00000000cfb00000|  0%| F|  |TAMS 0x00000000cfa00000, 0x00000000cfa00000| Untracked 
| 229|0x00000000cfb00000, 0x00000000cfb00000, 0x00000000cfc00000|  0%| F|  |TAMS 0x00000000cfb00000, 0x00000000cfb00000| Untracked 
| 230|0x00000000cfc00000, 0x00000000cfc00000, 0x00000000cfd00000|  0%| F|  |TAMS 0x00000000cfc00000, 0x00000000cfc00000| Untracked 
| 231|0x00000000cfd00000, 0x00000000cfd00000, 0x00000000cfe00000|  0%| F|  |TAMS 0x00000000cfd00000, 0x00000000cfd00000| Untracked 
| 232|0x00000000cfe00000, 0x00000000cfe00000, 0x00000000cff00000|  0%| F|  |TAMS 0x00000000cfe00000, 0x00000000cfe00000| Untracked 
| 233|0x00000000cff00000, 0x00000000cff00000, 0x00000000d0000000|  0%| F|  |TAMS 0x00000000cff00000, 0x00000000cff00000| Untracked 
| 234|0x00000000d0000000, 0x00000000d0000000, 0x00000000d0100000|  0%| F|  |TAMS 0x00000000d0000000, 0x00000000d0000000| Untracked 
| 235|0x00000000d0100000, 0x00000000d0100000, 0x00000000d0200000|  0%| F|  |TAMS 0x00000000d0100000, 0x00000000d0100000| Untracked 
| 236|0x00000000d0200000, 0x00000000d02911b0, 0x00000000d0300000| 56%| E|  |TAMS 0x00000000d0200000, 0x00000000d0200000| Complete 
| 237|0x00000000d0300000, 0x00000000d03fb4c0, 0x00000000d0400000| 98%| E|  |TAMS 0x00000000d0300000, 0x00000000d0300000| Complete 

Card table byte_map: [0x0000027f4ce30000,0x0000027f4d030000] _byte_map_base: 0x0000027f4c825000

Marking Bits (Prev, Next): (CMBitMap*) 0x0000027f357628a8, (CMBitMap*) 0x0000027f35762868
 Prev Bits: [0x0000027f4e1e0000, 0x0000027f4f188000)
 Next Bits: [0x0000027f4d230000, 0x0000027f4e1d8000)

Polling page: 0x0000027f336f0000

Metaspace:

Usage:
  Non-class:     16.70 MB capacity,    16.47 MB ( 99%) used,   204.15 KB (  1%) free+waste,    39.13 KB ( <1%) overhead. 
      Class:      2.29 MB capacity,     2.12 MB ( 93%) used,   150.38 KB (  6%) free+waste,    21.00 KB ( <1%) overhead. 
       Both:     18.99 MB capacity,    18.59 MB ( 98%) used,   354.53 KB (  2%) free+waste,    60.13 KB ( <1%) overhead. 

Virtual space:
  Non-class space:       18.00 MB reserved,      16.75 MB ( 93%) committed 
      Class space:        1.00 GB reserved,       2.38 MB ( <1%) committed 
             Both:        1.02 GB reserved,      19.13 MB (  2%) committed 

Chunk freelists:
   Non-Class:  47.00 KB
       Class:  26.00 KB
        Both:  73.00 KB

MaxMetaspaceSize: 17179869184.00 GB
CompressedClassSpaceSize: 1.00 GB

CodeHeap 'non-profiled nmethods': size=120000Kb used=801Kb max_used=801Kb free=119199Kb
 bounds [0x0000027f45700000, 0x0000027f45970000, 0x0000027f4cc30000]
CodeHeap 'profiled nmethods': size=120000Kb used=3858Kb max_used=3987Kb free=116141Kb
 bounds [0x0000027f3e1d0000, 0x0000027f3e5c0000, 0x0000027f45700000]
CodeHeap 'non-nmethods': size=5760Kb used=1334Kb max_used=1375Kb free=4426Kb
 bounds [0x0000027f3dc30000, 0x0000027f3dea0000, 0x0000027f3e1d0000]
 total_blobs=3271 nmethods=1877 adapters=536
 compilation: enabled
              stopped_count=0, restarted_count=0
 full_count=0

Compilation events (20 events):
Event: 3.544 Thread 0x0000027f51746800 1910       3       jdk.internal.reflect.ReflectionFactory::newConstructorAccessor (154 bytes)
Event: 3.546 Thread 0x0000027f51746800 nmethod 1910 0x0000027f3e5b2090 code [0x0000027f3e5b2460, 0x0000027f3e5b40a0]
Event: 3.546 Thread 0x0000027f51746800 1911       3       java.lang.reflect.Constructor::getRoot (5 bytes)
Event: 3.546 Thread 0x0000027f51746800 nmethod 1911 0x0000027f3e5b4990 code [0x0000027f3e5b4b40, 0x0000027f3e5b4cd8]
Event: 3.549 Thread 0x0000027f51741000 nmethod 1899 0x0000027f4572c010 code [0x0000027f4572c1c0, 0x0000027f4572cdb8]
Event: 3.549 Thread 0x0000027f51741000 1903       4       java.util.HashMap::get (23 bytes)
Event: 3.554 Thread 0x0000027f51741000 nmethod 1903 0x0000027f457c6090 code [0x0000027f457c6240, 0x0000027f457c6518]
Event: 3.554 Thread 0x0000027f51741000 1904       4       java.awt.Component::getTreeLock (4 bytes)
Event: 3.554 Thread 0x0000027f51741000 nmethod 1904 0x0000027f45700410 code [0x0000027f457005a0, 0x0000027f45700618]
Event: 3.554 Thread 0x0000027f51741000 1905       4       java.util.WeakHashMap::indexFor (6 bytes)
Event: 3.554 Thread 0x0000027f51741000 nmethod 1905 0x0000027f45704b10 code [0x0000027f45704c80, 0x0000027f45704cd8]
Event: 3.578 Thread 0x0000027f5327e800 nmethod 1895 0x0000027f457c6790 code [0x0000027f457c6940, 0x0000027f457c7ad8]
Event: 3.690 Thread 0x0000027f51746800 1912   !   3       java.lang.ref.ReferenceQueue::enqueue (119 bytes)
Event: 3.691 Thread 0x0000027f51746800 nmethod 1912 0x0000027f3e1d0490 code [0x0000027f3e1d0680, 0x0000027f3e1d0ed0]
Event: 3.693 Thread 0x0000027f51746800 1915       3       java.lang.ref.ReferenceQueue::reallyPoll (65 bytes)
Event: 3.694 Thread 0x0000027f51746800 nmethod 1915 0x0000027f3e1ee790 code [0x0000027f3e1ee960, 0x0000027f3e1eeef8]
Event: 3.694 Thread 0x0000027f51746800 1916   !   3       java.lang.ref.ReferenceQueue::remove (125 bytes)
Event: 3.694 Thread 0x0000027f51746800 nmethod 1916 0x0000027f3e1f0910 code [0x0000027f3e1f0b40, 0x0000027f3e1f1440]
Event: 3.694 Thread 0x0000027f51746800 1917   !   3       jdk.internal.ref.PhantomCleanable::isListEmpty (34 bytes)
Event: 3.695 Thread 0x0000027f51746800 nmethod 1917 0x0000027f3e1ea190 code [0x0000027f3e1ea340, 0x0000027f3e1ea6d8]

GC Heap History (6 events):
Event: 0.912 GC heap before
{Heap before GC invocations=0 (full 0):
 garbage-first heap   total 65536K, used 13312K [0x00000000c1600000, 0x0000000100000000)
  region size 1024K, 14 young (14336K), 0 survivors (0K)
 Metaspace       used 6202K, capacity 7137K, committed 7424K, reserved 1056768K
  class space    used 585K, capacity 682K, committed 768K, reserved 1048576K
}
Event: 0.919 GC heap after
{Heap after GC invocations=1 (full 0):
 garbage-first heap   total 65536K, used 5491K [0x00000000c1600000, 0x0000000100000000)
  region size 1024K, 2 young (2048K), 2 survivors (2048K)
 Metaspace       used 6202K, capacity 7137K, committed 7424K, reserved 1056768K
  class space    used 585K, capacity 682K, committed 768K, reserved 1048576K
}
Event: 1.772 GC heap before
{Heap before GC invocations=1 (full 0):
 garbage-first heap   total 65536K, used 13683K [0x00000000c1600000, 0x0000000100000000)
  region size 1024K, 10 young (10240K), 2 survivors (2048K)
 Metaspace       used 9938K, capacity 10176K, committed 10368K, reserved 1058816K
  class space    used 991K, capacity 1079K, committed 1152K, reserved 1048576K
}
Event: 1.778 GC heap after
{Heap after GC invocations=2 (full 0):
 garbage-first heap   total 65536K, used 7288K [0x00000000c1600000, 0x0000000100000000)
  region size 1024K, 2 young (2048K), 2 survivors (2048K)
 Metaspace       used 9938K, capacity 10176K, committed 10368K, reserved 1058816K
  class space    used 991K, capacity 1079K, committed 1152K, reserved 1048576K
}
Event: 3.595 GC heap before
{Heap before GC invocations=2 (full 0):
 garbage-first heap   total 65536K, used 25720K [0x00000000c1600000, 0x0000000100000000)
  region size 1024K, 22 young (22528K), 2 survivors (2048K)
 Metaspace       used 19029K, capacity 19447K, committed 19584K, reserved 1067008K
  class space    used 2170K, capacity 2342K, committed 2432K, reserved 1048576K
}
Event: 3.605 GC heap after
{Heap after GC invocations=3 (full 0):
 garbage-first heap   total 65536K, used 11704K [0x00000000c1600000, 0x0000000100000000)
  region size 1024K, 3 young (3072K), 3 survivors (3072K)
 Metaspace       used 19029K, capacity 19447K, committed 19584K, reserved 1067008K
  class space    used 2170K, capacity 2342K, committed 2432K, reserved 1048576K
}

Deoptimization events (20 events):
Event: 3.523 Thread 0x0000027f5346e000 DEOPT PACKING pc=0x0000027f3e5acc0d sp=0x0000009d997fecc0
Event: 3.523 Thread 0x0000027f5346e000 DEOPT UNPACKING pc=0x0000027f3dc7964e sp=0x0000009d997fe130 mode 0
Event: 3.523 Thread 0x0000027f5346e000 DEOPT PACKING pc=0x0000027f3e5acc54 sp=0x0000009d997fecc0
Event: 3.523 Thread 0x0000027f5346e000 DEOPT UNPACKING pc=0x0000027f3dc7964e sp=0x0000009d997fe130 mode 0
Event: 3.525 Thread 0x0000027f531d2800 DEOPT PACKING pc=0x0000027f3e5acc54 sp=0x0000009d991fedc0
Event: 3.525 Thread 0x0000027f531d2800 DEOPT UNPACKING pc=0x0000027f3dc7964e sp=0x0000009d991fe230 mode 0
Event: 3.525 Thread 0x0000027f531d2800 DEOPT PACKING pc=0x0000027f3e5acc0d sp=0x0000009d991fedc0
Event: 3.525 Thread 0x0000027f531d2800 DEOPT UNPACKING pc=0x0000027f3dc7964e sp=0x0000009d991fe230 mode 0
Event: 3.525 Thread 0x0000027f531d2800 DEOPT PACKING pc=0x0000027f3e5aca7e sp=0x0000009d991fedc0
Event: 3.525 Thread 0x0000027f531d2800 DEOPT UNPACKING pc=0x0000027f3dc7964e sp=0x0000009d991fe230 mode 0
Event: 3.525 Thread 0x0000027f531d2800 DEOPT PACKING pc=0x0000027f3e5acc0d sp=0x0000009d991fedc0
Event: 3.525 Thread 0x0000027f531d2800 DEOPT UNPACKING pc=0x0000027f3dc7964e sp=0x0000009d991fe230 mode 0
Event: 3.527 Thread 0x0000027f5346e000 DEOPT PACKING pc=0x0000027f3e5aca7e sp=0x0000009d997fecc0
Event: 3.527 Thread 0x0000027f5346e000 DEOPT UNPACKING pc=0x0000027f3dc7964e sp=0x0000009d997fe130 mode 0
Event: 3.527 Thread 0x0000027f5346e000 DEOPT PACKING pc=0x0000027f3e5aca7e sp=0x0000009d997fecc0
Event: 3.527 Thread 0x0000027f5346e000 DEOPT UNPACKING pc=0x0000027f3dc7964e sp=0x0000009d997fe130 mode 0
Event: 3.527 Thread 0x0000027f5346e000 DEOPT PACKING pc=0x0000027f3e5aca7e sp=0x0000009d997fecc0
Event: 3.527 Thread 0x0000027f5346e000 DEOPT UNPACKING pc=0x0000027f3dc7964e sp=0x0000009d997fe130 mode 0
Event: 3.527 Thread 0x0000027f5346e000 DEOPT PACKING pc=0x0000027f3e5acc0d sp=0x0000009d997fecc0
Event: 3.528 Thread 0x0000027f5346e000 DEOPT UNPACKING pc=0x0000027f3dc7964e sp=0x0000009d997fe130 mode 0

Classes unloaded (0 events):
No events

Classes redefined (0 events):
No events

Internal exceptions (20 events):
Event: 1.141 Thread 0x0000027f525dc000 Exception <a 'sun/nio/fs/WindowsException'{0x00000000c504b468}> (0x00000000c504b468) 
thrown [t:/workspace/open/src/hotspot/share/prims/jni.cpp, line 598]
Event: 1.144 Thread 0x0000027f525dc000 Exception <a 'java/lang/NoSuchMethodError'{0x00000000c504d278}: 'int java.lang.invoke.DirectMethodHandle$Holder.invokeSpecialIFC(java.lang.Object, java.lang.Object, int)'> (0x00000000c504d278) 
thrown [t:/workspace/open/src/hotspot/share/interpreter/linkResolver.cpp, line 767]
Event: 1.161 Thread 0x0000027f525dc000 Exception <a 'java/lang/NoSuchMethodError'{0x00000000c5076550}: 'int java.lang.invoke.DirectMethodHandle$Holder.invokeStaticInit(java.lang.Object, java.lang.Object, java.lang.Object, java.lang.Object)'> (0x00000000c5076550) 
thrown [t:/workspace/open/src/hotspot/share/interpreter/linkResolver.cpp, line 767]
Event: 1.163 Thread 0x0000027f525dc000 Exception <a 'java/lang/IncompatibleClassChangeError'{0x00000000c507f048}: Found class java.lang.Object, but interface was expected> (0x00000000c507f048) 
thrown [t:/workspace/open/src/hotspot/share/interpreter/linkResolver.cpp, line 833]
Event: 1.168 Thread 0x0000027f525dc000 Exception <a 'java/lang/NoSuchMethodError'{0x00000000c50823f8}: 'void java.lang.invoke.DirectMethodHandle$Holder.invokeStaticInit(java.lang.Object, java.lang.Object)'> (0x00000000c50823f8) 
thrown [t:/workspace/open/src/hotspot/share/interpreter/linkResolver.cpp, line 767]
Event: 1.171 Thread 0x0000027f525dc000 Exception <a 'java/lang/NoSuchMethodError'{0x00000000c5087bb0}: 'int java.lang.invoke.DirectMethodHandle$Holder.invokeStaticInit(java.lang.Object, java.lang.Object)'> (0x00000000c5087bb0) 
thrown [t:/workspace/open/src/hotspot/share/interpreter/linkResolver.cpp, line 767]
Event: 1.728 Thread 0x0000027f525dc000 Exception <a 'java/lang/NoSuchMethodError'{0x00000000c4e88520}: 'java.lang.Object java.lang.invoke.DirectMethodHandle$Holder.invokeStaticInit(java.lang.Object, java.lang.Object, int, int, int, int)'> (0x00000000c4e88520) 
thrown [t:/workspace/open/src/hotspot/share/interpreter/linkResolver.cpp, line 767]
Event: 1.945 Thread 0x0000027f525dc000 Exception <a 'java/lang/NullPointerException'{0x00000000c5459110}> (0x00000000c5459110) 
thrown [t:/workspace/open/src/hotspot/share/interpreter/linkResolver.cpp, line 1349]
Event: 1.946 Thread 0x0000027f525dc000 Exception <a 'java/lang/reflect/InvocationTargetException'{0x00000000c545cd40}> (0x00000000c545cd40) 
thrown [t:/workspace/open/src/hotspot/share/runtime/reflection.cpp, line 1188]
Event: 2.001 Thread 0x0000027f525dc000 Exception <a 'java/lang/NoSuchMethodError'{0x00000000c53b1e28}: 'java.lang.Object java.lang.invoke.DirectMethodHandle$Holder.invokeVirtual(java.lang.Object, java.lang.Object, java.lang.Object)'> (0x00000000c53b1e28) 
thrown [t:/workspace/open/src/hotspot/share/interpreter/linkResolver.cpp, line 767]
Event: 2.670 Thread 0x0000027f525dc000 Exception <a 'java/lang/NoSuchMethodError'{0x00000000c47287d0}: 'java.lang.Object java.lang.invoke.DirectMethodHandle$Holder.invokeStatic(java.lang.Object, int, java.lang.Object, java.lang.Object, java.lang.Object, java.lang.Object)'> (0x00000000c47287d0) 
thrown [t:/workspace/open/src/hotspot/share/interpreter/linkResolver.cpp, line 767]
Event: 2.671 Thread 0x0000027f525dc000 Exception <a 'java/lang/NoSuchMethodError'{0x00000000c472f138}: 'java.lang.Object java.lang.invoke.DirectMethodHandle$Holder.invokeStatic(java.lang.Object, int, java.lang.Object, java.lang.Object, java.lang.Object)'> (0x00000000c472f138) 
thrown [t:/workspace/open/src/hotspot/share/interpreter/linkResolver.cpp, line 767]
Event: 2.672 Thread 0x0000027f525dc000 Exception <a 'java/lang/NoSuchMethodError'{0x00000000c47329a0}: 'java.lang.Object java.lang.invoke.DirectMethodHandle$Holder.invokeSpecial(java.lang.Object, java.lang.Object, int, java.lang.Object, java.lang.Object, java.lang.Object)'> (0x00000000c47329a0) 
thrown [t:/workspace/open/src/hotspot/share/interpreter/linkResolver.cpp, line 767]
Event: 2.675 Thread 0x0000027f525dc000 Exception <a 'java/lang/NoSuchMethodError'{0x00000000c4748ce0}: 'java.lang.Object java.lang.invoke.DirectMethodHandle$Holder.invokeStatic(java.lang.Object, int, java.lang.Object)'> (0x00000000c4748ce0) 
thrown [t:/workspace/open/src/hotspot/share/interpreter/linkResolver.cpp, line 767]
Event: 2.707 Thread 0x0000027f525dc000 Exception <a 'java/lang/ClassNotFoundException'{0x00000000c47eeff8}: com/sun/swing/internal/plaf/metal/resources/spi/metalProvider> (0x00000000c47eeff8) 
thrown [t:/workspace/open/src/hotspot/share/classfile/systemDictionary.cpp, line 232]
Event: 2.708 Thread 0x0000027f525dc000 Exception <a 'java/lang/ClassNotFoundException'{0x00000000c47f30a0}: com/sun/swing/internal/plaf/basic/resources/spi/basicProvider> (0x00000000c47f30a0) 
thrown [t:/workspace/open/src/hotspot/share/classfile/systemDictionary.cpp, line 232]
Event: 2.714 Thread 0x0000027f525dc000 Implicit null exception at 0x0000027f45784505 to 0x0000027f457846ee
Event: 2.714 Thread 0x0000027f525dc000 Implicit null exception at 0x0000027f457746af to 0x0000027f4577472d
Event: 2.772 Thread 0x0000027f525dc000 Exception <a 'java/net/UnknownHostException'{0x00000000c4610db0}> (0x00000000c4610db0) 
thrown [t:/workspace/open/src/hotspot/share/prims/jni.cpp, line 598]
Event: 2.870 Thread 0x0000027f525dc000 Implicit null exception at 0x0000027f4579ee0e to 0x0000027f4579f9f6

Events (20 events):
Event: 3.692 Executing VM operation: RevokeBias done
Event: 3.692 Executing VM operation: RevokeBias
Event: 3.692 Executing VM operation: RevokeBias done
Event: 3.692 Executing VM operation: RevokeBias
Event: 3.692 Executing VM operation: RevokeBias done
Event: 3.692 Executing VM operation: RevokeBias
Event: 3.692 Executing VM operation: RevokeBias done
Event: 3.692 Executing VM operation: RevokeBias
Event: 3.692 Executing VM operation: RevokeBias done
Event: 3.692 Executing VM operation: RevokeBias
Event: 3.692 Executing VM operation: RevokeBias done
Event: 3.692 Executing VM operation: RevokeBias
Event: 3.692 Executing VM operation: RevokeBias done
Event: 3.692 Executing VM operation: RevokeBias
Event: 3.692 Executing VM operation: RevokeBias done
Event: 3.692 Executing VM operation: BulkRevokeBias
Event: 3.693 Executing VM operation: BulkRevokeBias done
Event: 3.693 Executing VM operation: RevokeBias
Event: 3.693 Executing VM operation: RevokeBias done
Event: 3.699 Executing VM operation: G1Concurrent


Dynamic libraries:
0x00007ff63a940000 - 0x00007ff63a94f000 	C:\Program Files\Java\jdk-13.0.2\bin\javaw.exe
0x00007ffbb7de0000 - 0x00007ffbb7fd0000 	C:\Windows\SYSTEM32\ntdll.dll
0x00007ffbb6920000 - 0x00007ffbb69d2000 	C:\Windows\System32\KERNEL32.DLL
0x00007ffbb5560000 - 0x00007ffbb5805000 	C:\Windows\System32\KERNELBASE.dll
0x00007ffbb5a20000 - 0x00007ffbb5b1a000 	C:\Windows\System32\ucrtbase.dll
0x00007ffbb04f0000 - 0x00007ffbb0505000 	C:\Program Files\Java\jdk-13.0.2\bin\VCRUNTIME140.dll
0x00007ffba9aa0000 - 0x00007ffba9ab8000 	C:\Program Files\Java\jdk-13.0.2\bin\jli.dll
0x00007ffbb73b0000 - 0x00007ffbb7453000 	C:\Windows\System32\ADVAPI32.dll
0x00007ffbb7810000 - 0x00007ffbb78ae000 	C:\Windows\System32\msvcrt.dll
0x00007ffbb7770000 - 0x00007ffbb7807000 	C:\Windows\System32\sechost.dll
0x00007ffbb6800000 - 0x00007ffbb691f000 	C:\Windows\System32\RPCRT4.dll
0x00007ffbb6fc0000 - 0x00007ffbb7154000 	C:\Windows\System32\USER32.dll
0x00007ffbb5b20000 - 0x00007ffbb5b41000 	C:\Windows\System32\win32u.dll
0x00007ffbb71d0000 - 0x00007ffbb71f6000 	C:\Windows\System32\GDI32.dll
0x00007ffbb5b70000 - 0x00007ffbb5d08000 	C:\Windows\System32\gdi32full.dll
0x00007ffbb5d10000 - 0x00007ffbb5dae000 	C:\Windows\System32\msvcp_win.dll
0x00007ffba65d0000 - 0x00007ffba6854000 	C:\Windows\WinSxS\amd64_microsoft.windows.common-controls_6595b64144ccf1df_6.0.18362.1556_none_9e7e372fe45e41d5\COMCTL32.dll
0x00007ffbb69e0000 - 0x00007ffbb6d16000 	C:\Windows\System32\combase.dll
0x00007ffbb4d50000 - 0x00007ffbb4dd1000 	C:\Windows\System32\bcryptPrimitives.dll
0x00007ffba9a20000 - 0x00007ffba9a2a000 	C:\Windows\SYSTEM32\VERSION.dll
0x00007ffbb78d0000 - 0x00007ffbb78fe000 	C:\Windows\System32\IMM32.DLL
0x00007ffb8f610000 - 0x00007ffb8f6ab000 	C:\Program Files\Java\jdk-13.0.2\bin\msvcp140.dll
0x00007ffb7eca0000 - 0x00007ffb7f7fd000 	C:\Program Files\Java\jdk-13.0.2\bin\server\jvm.dll
0x00007ffbb67f0000 - 0x00007ffbb67f8000 	C:\Windows\System32\PSAPI.DLL
0x00007ffbb1580000 - 0x00007ffbb1589000 	C:\Windows\SYSTEM32\WSOCK32.dll
0x00007ffbb18f0000 - 0x00007ffbb1914000 	C:\Windows\SYSTEM32\WINMM.dll
0x00007ffbb7160000 - 0x00007ffbb71cf000 	C:\Windows\System32\WS2_32.dll
0x00007ffbb18c0000 - 0x00007ffbb18ed000 	C:\Windows\SYSTEM32\winmmbase.dll
0x00007ffbb5810000 - 0x00007ffbb585a000 	C:\Windows\System32\cfgmgr32.dll
0x00007ffbb4c90000 - 0x00007ffbb4ca1000 	C:\Windows\System32\kernel.appcore.dll
0x00007ffbafe30000 - 0x00007ffbafe40000 	C:\Program Files\Java\jdk-13.0.2\bin\verify.dll
0x00007ffba5f30000 - 0x00007ffba6124000 	C:\Windows\SYSTEM32\DBGHELP.DLL
0x00007ffba5f00000 - 0x00007ffba5f2a000 	C:\Windows\SYSTEM32\dbgcore.DLL
0x00007ffba2f20000 - 0x00007ffba2f46000 	C:\Program Files\Java\jdk-13.0.2\bin\java.dll
0x00007ffba35e0000 - 0x00007ffba35f7000 	C:\Program Files\Java\jdk-13.0.2\bin\zip.dll
0x00007ffbafd10000 - 0x00007ffbafd1a000 	C:\Program Files\Java\jdk-13.0.2\bin\jimage.dll
0x00007ffbb5e60000 - 0x00007ffbb6547000 	C:\Windows\System32\SHELL32.dll
0x00007ffbb6550000 - 0x00007ffbb65f8000 	C:\Windows\System32\shcore.dll
0x00007ffbb4de0000 - 0x00007ffbb555b000 	C:\Windows\System32\windows.storage.dll
0x00007ffbb4cb0000 - 0x00007ffbb4cce000 	C:\Windows\System32\profapi.dll
0x00007ffbb4cd0000 - 0x00007ffbb4d1a000 	C:\Windows\System32\powrprof.dll
0x00007ffbb4c60000 - 0x00007ffbb4c70000 	C:\Windows\System32\UMPDC.dll
0x00007ffbb6e00000 - 0x00007ffbb6e52000 	C:\Windows\System32\shlwapi.dll
0x00007ffbb5b50000 - 0x00007ffbb5b67000 	C:\Windows\System32\cryptsp.dll
0x00007ffba2f00000 - 0x00007ffba2f19000 	C:\Program Files\Java\jdk-13.0.2\bin\net.dll
0x00007ffbb03e0000 - 0x00007ffbb04da000 	C:\Windows\SYSTEM32\WINHTTP.dll
0x00007ffbb44a0000 - 0x00007ffbb4507000 	C:\Windows\system32\mswsock.dll
0x00007ffb9e400000 - 0x00007ffb9e413000 	C:\Program Files\Java\jdk-13.0.2\bin\nio.dll
0x00007ffb88f80000 - 0x00007ffb89119000 	C:\Program Files\Java\jdk-13.0.2\bin\awt.dll
0x00007ffbb7200000 - 0x00007ffbb72c5000 	C:\Windows\System32\OLEAUT32.dll
0x00007ffbb2dd0000 - 0x00007ffbb2e5f000 	C:\Windows\SYSTEM32\apphelp.dll
0x00007ffbb2f80000 - 0x00007ffbb3019000 	C:\Windows\system32\uxtheme.dll
0x00007ffbb6600000 - 0x00007ffbb6735000 	C:\Windows\System32\MSCTF.dll
0x00007ffbb6e60000 - 0x00007ffbb6fb7000 	C:\Windows\System32\ole32.dll
0x00007ffbb41f0000 - 0x00007ffbb42bb000 	C:\Windows\SYSTEM32\DNSAPI.dll
0x00007ffbb6d90000 - 0x00007ffbb6d98000 	C:\Windows\System32\NSI.dll
0x00007ffbb41b0000 - 0x00007ffbb41ea000 	C:\Windows\SYSTEM32\IPHLPAPI.DLL
0x00007ffbac330000 - 0x00007ffbac33a000 	C:\Windows\System32\rasadhlp.dll
0x00007ffbac250000 - 0x00007ffbac2c7000 	C:\Windows\System32\fwpuclnt.dll
0x00007ffbb4d20000 - 0x00007ffbb4d46000 	C:\Windows\System32\bcrypt.dll
0x00007ffb94fb0000 - 0x00007ffb94fd5000 	C:\Program Files\Java\jdk-13.0.2\bin\sunec.dll
0x00007ffbb4020000 - 0x00007ffbb4053000 	C:\Windows\system32\rsaenh.dll
0x00007ffbb4b80000 - 0x00007ffbb4ba5000 	C:\Windows\SYSTEM32\USERENV.dll
0x00007ffbb4670000 - 0x00007ffbb467c000 	C:\Windows\SYSTEM32\CRYPTBASE.dll
0x00007ffbacf50000 - 0x00007ffbacf66000 	C:\Windows\SYSTEM32\dhcpcsvc6.DLL
0x00007ffbad120000 - 0x00007ffbad13c000 	C:\Windows\SYSTEM32\dhcpcsvc.DLL
0x00007ffba9580000 - 0x00007ffba958e000 	C:\Program Files\Java\jdk-13.0.2\bin\sunmscapi.dll
0x00007ffbb5860000 - 0x00007ffbb59b1000 	C:\Windows\System32\CRYPT32.dll
0x00007ffbb4c70000 - 0x00007ffbb4c82000 	C:\Windows\System32\MSASN1.dll
0x00007ffbb4780000 - 0x00007ffbb47a6000 	C:\Windows\SYSTEM32\ncrypt.dll
0x00007ffbb4740000 - 0x00007ffbb477b000 	C:\Windows\SYSTEM32\NTASN1.dll
0x00007ffbb3070000 - 0x00007ffbb309d000 	C:\Windows\system32\DWMAPI.DLL
0x00007ffb872b0000 - 0x00007ffb87406000 	C:\Windows\system32\opengl32.dll
0x00007ffbae740000 - 0x00007ffbae76c000 	C:\Windows\SYSTEM32\GLU32.dll
0x00007ffbb38a0000 - 0x00007ffbb38c0000 	C:\Windows\SYSTEM32\dxcore.dll
0x00007ffb94f80000 - 0x00007ffb94fad000 	C:\Program Files\Java\jdk-13.0.2\bin\javajpeg.dll

dbghelp: loaded successfully - version: 4.0.5 - missing functions: none
symbol engine: initialized successfully - sym options: 0x614 - pdb path: .;C:\Program Files\Java\jdk-13.0.2\bin;C:\Windows\SYSTEM32;C:\Windows\WinSxS\amd64_microsoft.windows.common-controls_6595b64144ccf1df_6.0.18362.1556_none_9e7e372fe45e41d5;C:\Program Files\Java\jdk-13.0.2\bin\server

VM Arguments:
jvm_args: -Dfile.encoding=Cp1252 
java_command: Application.Home
java_class_path (initial): C:\Users\User\git\bakame\DriveOperations\target\classes;C:\Users\User\Desktop\Libraries\jgoodies-common-1.8.0.jar;C:\Users\User\Desktop\Libraries\jgoodies-forms-1.8.0.jar;C:\Users\User\Desktop\Libraries\miglayout15-swing.jar;C:\Users\User\Downloads\javax.mail.jar;C:\Users\User\Downloads\activation-1.1.1.jar;C:\Users\User\Downloads\jcalendar-1.4.jar;C:\Users\User\Downloads\jfreechart-1.0.19\lib\jcommon-1.0.23.jar;C:\Users\User\Downloads\jfreechart-1.0.19\lib\jfreechart-1.0.19.jar;C:\Users\User\Downloads\commons-net-3.8.0\commons-net-3.8.0.jar;C:\Users\User\Documents\Libs\comm-2.0.jar;C:\Users\User\Documents\Libs\http-2.2.1.jar;C:\Users\User\Downloads\JTattoo-1.6.13.jar;C:\Users\User\Desktop\Libs\jmespath-java-1.11.470.jar;C:\Users\User\Desktop\Libs\aws-java-sdk-core-1.12.65.jar;C:\Users\User\Desktop\Libs\aws-java-sdk-kms-1.12.65.jar;C:\Users\User\Desktop\Libs\aws-java-sdk-s3-1.12.65.jar;C:\Users\User\Desktop\Libs\commons-codec-1.15.jar;C:\Users\User\Desktop\Libs\commons-logging-1.1.3.jar;C:\Users\User\Desktop\Libs\httpclient-4.5.13.jar;C:\Users\User\Desktop\Libs\ion-java-1.0.2.jar;C:\Users\User\Desktop\Libs\jackson-annotations-2.12.3.jar;C:\Users\User\Desktop\Libs\jackson-core-2.12.3.jar;C:\Users\User\Desktop\Libs\jackson-databind-2.12.3.jar;C:\Users\User\Desktop\Libs\jackson-dataformat-cbor-2.12.3.jar;C:\Users\User\Desktop\Libs\jmespath-java-1.12.65.jar;C:\Users\User\Desktop\Libs\joda-time-2.8.1.jar;C:\Users\User\Desktop\Libs\mysql-connector-java-5.1.45.jar;C:\Users\User\.m2\repository\com\amazonaws\aws-java-sdk-s3\1.12.65\aws-java-sdk-s3-1.12.65.jar;C:\Users\User\.m2\repository\com\amazonaws\aws-java-sdk-kms\1.12.65\aws-java-sdk-kms-1.12.65.jar;C:\Users\User\.m2\repository\com\amazonaws\aws-java-sdk-core\1.12.65\aws-java-sdk-core-1.12.65.jar;C:\Users\User\.m2\repository\commons-logging\commons-logging\1.1.3\commons-logging-1.1.3.jar;C:\Users\User\.m2\repository\commons-codec\commons-codec\1.15\commons-codec-1.15.jar;C:\Users\User\.m2\re
Launcher Type: SUN_STANDARD

[Global flags]
     intx CICompilerCount                          = 3                                         {product} {ergonomic}
     uint ConcGCThreads                            = 1                                         {product} {ergonomic}
     uint G1ConcRefinementThreads                  = 4                                         {product} {ergonomic}
   size_t G1HeapRegionSize                         = 1048576                                   {product} {ergonomic}
    uintx GCDrainStackTargetSize                   = 64                                        {product} {ergonomic}
   size_t InitialHeapSize                          = 67108864                                  {product} {ergonomic}
   size_t MarkStackSize                            = 4194304                                   {product} {ergonomic}
   size_t MaxHeapSize                              = 1050673152                                {product} {ergonomic}
   size_t MaxNewSize                               = 630194176                                 {product} {ergonomic}
   size_t MinHeapDeltaBytes                        = 1048576                                   {product} {ergonomic}
   size_t MinHeapSize                              = 8388608                                   {product} {ergonomic}
    uintx NonNMethodCodeHeapSize                   = 5832780                                {pd product} {ergonomic}
    uintx NonProfiledCodeHeapSize                  = 122912730                              {pd product} {ergonomic}
    uintx ProfiledCodeHeapSize                     = 122912730                              {pd product} {ergonomic}
    uintx ReservedCodeCacheSize                    = 251658240                              {pd product} {ergonomic}
     bool SegmentedCodeCache                       = true                                      {product} {ergonomic}
   size_t SoftMaxHeapSize                          = 1050673152                             {manageable} {ergonomic}
     bool UseCompressedClassPointers               = true                                 {lp64_product} {ergonomic}
     bool UseCompressedOops                        = true                                 {lp64_product} {ergonomic}
     bool UseG1GC                                  = true                                      {product} {ergonomic}
     bool UseLargePagesIndividualAllocation        = false                                  {pd product} {ergonomic}

Logging:
Log output configuration:
 #0: stdout all=warning uptime,level,tags
 #1: stderr all=off uptime,level,tags

Environment Variables:
JAVA_HOME=C:\Program Files (x86)\Java\jre1.8.0_241
PATH=C:\Program Files\Java\jdk-13.0.2\bin;C:\Program Files (x86)\Common Files\Oracle\Java\javapath;C:\Windows\system32;C:\Windows;C:\Windows\System32\Wbem;C:\Windows\System32\WindowsPowerShell\v1.0\;C:\Windows\System32\OpenSSH\;C:\Program Files (x86)\apache-maven-3.8.1\bin;C:\Program Files (x86)\gradle-7.1.1\bin;C:\Users\User\Documents\Setup logiciels\mongosh-1.1.2-win32-x64\bin;C:\Program Files\Git\cmd;C:\Program Files\MySQL\MySQL Shell 8.0\bin\;C:\Users\User\AppData\Local\Microsoft\WindowsApps;C:\Users\User\AppData\Local\Programs\Microsoft VS Code\bin;C:\Program Files (x86)\gradle-7.1.1\bin;C:\Users\User\Downloads\platform-tools;C:\Users\User\Documents\Setup logiciels\mongosh-1.1.2-win32-x64\bin;C:\Users\User\AppData\Local\GitHubDesktop\bin;C:\Program Files\JetBrains\IntelliJ IDEA 2022.1.1\bin;
USERNAME=User
OS=Windows_NT
PROCESSOR_IDENTIFIER=Intel64 Family 6 Model 42 Stepping 7, GenuineIntel



---------------  S Y S T E M  ---------------

OS: Windows 10 , 64 bit Build 18362 (10.0.18362.1500)

CPU:total 4 (initial active 4) (2 cores per cpu, 2 threads per core) family 6 model 42 stepping 7, cmov, cx8, fxsr, mmx, sse, sse2, sse3, ssse3, sse4.1, sse4.2, popcnt, avx, aes, clmul, ht, tsc, tscinvbit

Memory: 4k page, system-wide physical 4006M (380M free)
TotalPageFile size 16287M (AvailPageFile size 45M)
current process WorkingSet (physical memory assigned to process): 271M, peak: 271M
current process commit charge ("private bytes"): 361M, peak: 437M

vm_info: Java HotSpot(TM) 64-Bit Server VM (13.0.2+8) for windows-amd64 JRE (13.0.2+8), built on Dec 11 2019 09:20:33 by "mach5one" with unknown MS VC++:1916

END.
