#
# There is insufficient memory for the Java Runtime Environment to continue.
# Native memory allocation (mmap) failed to map 45088768 bytes for Failed to commit area from 0x00000000d0800000 to 0x00000000d3300000 of length 45088768.
# Possible reasons:
#   The system is out of physical RAM or swap space
#   The process is running with CompressedOops enabled, and the Java Heap may be blocking the growth of the native heap
# Possible solutions:
#   Reduce memory load on the system
#   Increase physical memory or swap space
#   Check if swap backing store is full
#   Decrease Java heap size (-Xmx/-Xms)
#   Decrease number of Java threads
#   Decrease Java thread stack sizes (-Xss)
#   Set larger code cache with -XX:ReservedCodeCacheSize=
#   JVM is running with Unscaled Compressed Oops mode in which the Java heap is
#     placed in the first 4GB address space. The Java Heap base address is the
#     maximum limit for the native heap growth. Please use -XX:HeapBaseMinAddress
#     to set the Java Heap base and to place the Java Heap above 4GB virtual address.
# This output file may be truncated or incomplete.
#
#  Out of Memory Error (t:/workspace/open/src/hotspot/os/windows/os_windows.cpp:3301), pid=12312, tid=1588
#
# JRE version: Java(TM) SE Runtime Environment (13.0.2+8) (build 13.0.2+8)
# Java VM: Java HotSpot(TM) 64-Bit Server VM (13.0.2+8, mixed mode, sharing, tiered, compressed oops, g1 gc, windows-amd64)
# No core dump will be written. Minidumps are not enabled by default on client versions of Windows
#

---------------  S U M M A R Y ------------

Command Line: -Dfile.encoding=Cp1252 Application.Home

Host: Intel(R) Core(TM) i5-2520M CPU @ 2.50GHz, 4 cores, 3G,  Windows 10 , 64 bit Build 18362 (10.0.18362.1500)
Time: Mon Apr 18 13:43:58 2022 Afrique de l?Est elapsed time: 50 seconds (0d 0h 0m 50s)

---------------  T H R E A D  ---------------

Current thread (0x00000122eab79000):  VMThread "VM Thread" [stack: 0x0000002269500000,0x0000002269600000] [id=1588]

Stack: [0x0000002269500000,0x0000002269600000]
[error occurred during error reporting (printing stack bounds), id 0xc0000005, EXCEPTION_ACCESS_VIOLATION (0xc0000005) at pc=0x00000122d70910ad]

Native frames: (J=compiled Java code, j=interpreted, Vv=VM code, C=native code)
V  [jvm.dll+0x624f9a]
V  [jvm.dll+0x770cfa]
V  [jvm.dll+0x7724af]
V  [jvm.dll+0x772a15]
V  [jvm.dll+0x7729cb]
V  [jvm.dll+0x6244df]
C  [ntdll.dll+0x790b6]
C  [ntdll.dll+0x6a926]
C  [ntdll.dll+0xa0c6e]
C  0x00000122d70910ad

VM_Operation (0x00000022691ff820): G1Concurrent, mode: safepoint, requested by thread 0x00000122cebcd000


---------------  P R O C E S S  ---------------

Threads class SMR info:
_java_thread_list=0x00000122ec01a0c0, length=31, elements={
0x00000122eab7e000, 0x00000122eab83800, 0x00000122eab9b000, 0x00000122eab9d000,
0x00000122eaba3000, 0x00000122eabb0000, 0x00000122eabc0000, 0x00000122eb5fd000,
0x00000122eb5f0800, 0x00000122eb89a800, 0x00000122eba1a800, 0x00000122eba24000,
0x00000122eba32800, 0x00000122ceb93000, 0x00000122eba4b000, 0x00000122eba84800,
0x00000122ec8dc000, 0x00000122eabb1000, 0x00000122eabb3000, 0x00000122eabb5000,
0x00000122eabb1800, 0x00000122eabaf000, 0x00000122eabb5800, 0x00000122eabb2800,
0x00000122ed2fa000, 0x00000122ed2f6000, 0x00000122ed2f6800, 0x00000122ed2f7800,
0x00000122ed2f9000, 0x00000122ed2f8800, 0x00000122ed2fb000
}

Java Threads: ( => current thread )
  0x00000122eab7e000 JavaThread "Reference Handler" daemon [_thread_blocked, id=3136, stack(0x0000002269600000,0x0000002269700000)]
  0x00000122eab83800 JavaThread "Finalizer" daemon [_thread_blocked, id=13076, stack(0x0000002269700000,0x0000002269800000)]
  0x00000122eab9b000 JavaThread "Signal Dispatcher" daemon [_thread_blocked, id=10984, stack(0x0000002269800000,0x0000002269900000)]
  0x00000122eab9d000 JavaThread "Attach Listener" daemon [_thread_blocked, id=12648, stack(0x0000002269900000,0x0000002269a00000)]
  0x00000122eaba3000 JavaThread "C2 CompilerThread0" daemon [_thread_blocked, id=6536, stack(0x0000002269a00000,0x0000002269b00000)]
  0x00000122eabb0000 JavaThread "C1 CompilerThread0" daemon [_thread_blocked, id=10632, stack(0x0000002269b00000,0x0000002269c00000)]
  0x00000122eabc0000 JavaThread "Sweeper thread" daemon [_thread_blocked, id=6716, stack(0x0000002269c00000,0x0000002269d00000)]
  0x00000122eb5fd000 JavaThread "Service Thread" daemon [_thread_blocked, id=12752, stack(0x0000002269d00000,0x0000002269e00000)]
  0x00000122eb5f0800 JavaThread "Common-Cleaner" daemon [_thread_blocked, id=11616, stack(0x0000002269f00000,0x000000226a000000)]
  0x00000122eb89a800 JavaThread "Java2D Disposer" daemon [_thread_blocked, id=11820, stack(0x000000226a000000,0x000000226a100000)]
  0x00000122eba1a800 JavaThread "AWT-Shutdown" [_thread_blocked, id=13108, stack(0x000000226a100000,0x000000226a200000)]
  0x00000122eba24000 JavaThread "AWT-Windows" daemon [_thread_blocked, id=13280, stack(0x000000226a200000,0x000000226a300000)]
  0x00000122eba32800 JavaThread "AWT-EventQueue-0" [_thread_blocked, id=13296, stack(0x000000226a300000,0x000000226a400000)]
  0x00000122ceb93000 JavaThread "DestroyJavaVM" [_thread_blocked, id=12152, stack(0x0000002268f00000,0x0000002269000000)]
  0x00000122eba4b000 JavaThread "Abandoned connection cleanup thread" daemon [_thread_blocked, id=10548, stack(0x000000226a400000,0x000000226a500000)]
  0x00000122eba84800 JavaThread "mysql-cj-abandoned-connection-cleanup" daemon [_thread_blocked, id=9032, stack(0x000000226a500000,0x000000226a600000)]
  0x00000122ec8dc000 JavaThread "TimerQueue" daemon [_thread_blocked, id=13252, stack(0x000000226ab00000,0x000000226ac00000)]
  0x00000122eabb1000 JavaThread "SwingWorker-pool-1-thread-1" daemon [_thread_blocked, id=12080, stack(0x000000226ae00000,0x000000226af00000)]
  0x00000122eabb3000 JavaThread "SwingWorker-pool-1-thread-2" daemon [_thread_blocked, id=7124, stack(0x000000226af00000,0x000000226b000000)]
  0x00000122eabb5000 JavaThread "SwingWorker-pool-1-thread-3" daemon [_thread_blocked, id=7048, stack(0x000000226b000000,0x000000226b100000)]
  0x00000122eabb1800 JavaThread "Image Fetcher 3" daemon [_thread_blocked, id=11476, stack(0x000000226ad00000,0x000000226ae00000)]
  0x00000122eabaf000 JavaThread "SwingWorker-pool-1-thread-4" daemon [_thread_blocked, id=7996, stack(0x000000226b100000,0x000000226b200000)]
  0x00000122eabb5800 JavaThread "SwingWorker-pool-1-thread-5" daemon [_thread_blocked, id=12280, stack(0x000000226b300000,0x000000226b400000)]
  0x00000122eabb2800 JavaThread "SwingWorker-pool-1-thread-6" daemon [_thread_blocked, id=2024, stack(0x000000226b200000,0x000000226b300000)]
  0x00000122ed2fa000 JavaThread "SwingWorker-pool-1-thread-7" daemon [_thread_blocked, id=7704, stack(0x000000226b500000,0x000000226b600000)]
  0x00000122ed2f6000 JavaThread "SwingWorker-pool-1-thread-8" daemon [_thread_blocked, id=11036, stack(0x000000226b600000,0x000000226b700000)]
  0x00000122ed2f6800 JavaThread "SwingWorker-pool-1-thread-9" daemon [_thread_blocked, id=11456, stack(0x000000226b700000,0x000000226b800000)]
  0x00000122ed2f7800 JavaThread "SwingWorker-pool-1-thread-10" daemon [_thread_blocked, id=10380, stack(0x000000226b800000,0x000000226b900000)]
  0x00000122ed2f9000 JavaThread "Image Fetcher 0" daemon [_thread_blocked, id=944, stack(0x000000226ba00000,0x000000226bb00000)]
  0x00000122ed2f8800 JavaThread "Image Fetcher 1" daemon [_thread_blocked, id=5924, stack(0x000000226b400000,0x000000226b500000)]
  0x00000122ed2fb000 JavaThread "Image Fetcher 2" daemon [_thread_blocked, id=12720, stack(0x000000226bb00000,0x000000226bc00000)]

Other Threads:
=>0x00000122eab79000 VMThread "VM Thread" [stack: 0x0000002269500000,0x0000002269600000] [id=1588]
  0x00000122eb5f0000 WatcherThread [stack: 0x0000002269e00000,0x0000002269f00000] [id=8776]
  0x00000122cebc3800 GCTaskThread "GC Thread#0" [stack: 0x0000002269000000,0x0000002269100000] [id=2428]
  0x00000122ebcb9000 GCTaskThread "GC Thread#1" [stack: 0x000000226a700000,0x000000226a800000] [id=13044]
  0x00000122ebc57800 GCTaskThread "GC Thread#2" [stack: 0x000000226a800000,0x000000226a900000] [id=6532]
  0x00000122eba67000 GCTaskThread "GC Thread#3" [stack: 0x000000226a900000,0x000000226aa00000] [id=8416]
  0x00000122cebcd000 ConcurrentGCThread "G1 Main Marker" [stack: 0x0000002269100000,0x0000002269200000] [id=10168]
  0x00000122cebcf000 ConcurrentGCThread "G1 Conc#0" [stack: 0x0000002269200000,0x0000002269300000] [id=9228]
  0x00000122cec25000 ConcurrentGCThread "G1 Refine#0" [stack: 0x0000002269300000,0x0000002269400000] [id=8656]
  0x00000122eb709000 ConcurrentGCThread "G1 Refine#1" [stack: 0x000000226aa00000,0x000000226ab00000] [id=600]
  0x00000122cec27000 ConcurrentGCThread "G1 Young RemSet Sampling" [stack: 0x0000002269400000,0x0000002269500000] [id=8144]

Threads with active compile tasks:
C2 CompilerThread0    50888 4695       4       com.sun.crypto.provider.GaloisCounterMode::init (216 bytes)

VM state:at safepoint (normal execution)

VM Mutex/Monitor currently owned by a thread:  ([mutex/lock_event])
[0x00000122ceb8def0] Threads_lock - owner thread: 0x00000122eab79000
[0x00000122ceb8e910] Heap_lock - owner thread: 0x00000122cebcd000

Heap address: 0x00000000c1600000, size: 1002 MB, Compressed Oops mode: 32-bit
Narrow klass base: 0x0000000800000000, Narrow klass shift: 3
Compressed class space size: 1073741824 Address: 0x0000000800b40000

Heap:
 garbage-first heap   total 291840K, used 169554K [0x00000000c1600000, 0x0000000100000000)
  region size 1024K, 10 young (10240K), 6 survivors (6144K)
 Metaspace       used 25656K, capacity 26122K, committed 26240K, reserved 1073152K
  class space    used 2742K, capacity 2915K, committed 2944K, reserved 1048576K
Heap Regions: E=young(eden), S=young(survivor), O=old, HS=humongous(starts), HC=humongous(continues), CS=collection set, F=free, A=archive, TAMS=top-at-mark-start (previous, next)
|   0|0x00000000c1600000, 0x00000000c1700000, 0x00000000c1700000|100%| O|  |TAMS 0x00000000c1700000, 0x00000000c1600000| Updating 
|   1|0x00000000c1700000, 0x00000000c17edef0, 0x00000000c1800000| 92%| O|  |TAMS 0x00000000c17edef0, 0x00000000c1700000| Updating 
|   2|0x00000000c1800000, 0x00000000c18fe638, 0x00000000c1900000| 99%| O|  |TAMS 0x00000000c18fe638, 0x00000000c1800000| Updating 
|   3|0x00000000c1900000, 0x00000000c19ebc38, 0x00000000c1a00000| 92%| O|  |TAMS 0x00000000c19ebc38, 0x00000000c1900000| Updating 
|   4|0x00000000c1a00000, 0x00000000c1affe28, 0x00000000c1b00000| 99%| O|  |TAMS 0x00000000c1affe28, 0x00000000c1a00000| Updating 
|   5|0x00000000c1b00000, 0x00000000c1bffea0, 0x00000000c1c00000| 99%| O|  |TAMS 0x00000000c1bffea0, 0x00000000c1b00000| Updating 
|   6|0x00000000c1c00000, 0x00000000c1d00000, 0x00000000c1d00000|100%| O|  |TAMS 0x00000000c1d00000, 0x00000000c1c00000| Updating 
|   7|0x00000000c1d00000, 0x00000000c1de2210, 0x00000000c1e00000| 88%| O|  |TAMS 0x00000000c1de2210, 0x00000000c1d00000| Updating 
|   8|0x00000000c1e00000, 0x00000000c1effff8, 0x00000000c1f00000| 99%| O|  |TAMS 0x00000000c1effff8, 0x00000000c1e00000| Updating 
|   9|0x00000000c1f00000, 0x00000000c1ffffe0, 0x00000000c2000000| 99%| O|  |TAMS 0x00000000c1ffffe0, 0x00000000c1f00000| Updating 
|  10|0x00000000c2000000, 0x00000000c20ce648, 0x00000000c2100000| 80%| O|  |TAMS 0x00000000c20ce648, 0x00000000c2000000| Updating 
|  11|0x00000000c2100000, 0x00000000c216aac0, 0x00000000c2200000| 41%| O|  |TAMS 0x00000000c216aac0, 0x00000000c2100000| Updating 
|  12|0x00000000c2200000, 0x00000000c22154e8, 0x00000000c2300000|  8%| O|  |TAMS 0x00000000c22154e8, 0x00000000c2200000| Updating 
|  13|0x00000000c2300000, 0x00000000c2400000, 0x00000000c2400000|100%|HS|  |TAMS 0x00000000c2400000, 0x00000000c2300000| Complete 
|  14|0x00000000c2400000, 0x00000000c2500000, 0x00000000c2500000|100%|HC|  |TAMS 0x00000000c2500000, 0x00000000c2400000| Complete 
|  15|0x00000000c2500000, 0x00000000c2600000, 0x00000000c2600000|100%|HC|  |TAMS 0x00000000c2600000, 0x00000000c2500000| Complete 
|  16|0x00000000c2600000, 0x00000000c2700000, 0x00000000c2700000|100%|HC|  |TAMS 0x00000000c2700000, 0x00000000c2600000| Complete 
|  17|0x00000000c2700000, 0x00000000c2800000, 0x00000000c2800000|100%| O|  |TAMS 0x00000000c2700000, 0x00000000c2700000| Untracked 
|  18|0x00000000c2800000, 0x00000000c2900000, 0x00000000c2900000|100%| O|  |TAMS 0x00000000c2800000, 0x00000000c2800000| Untracked 
|  19|0x00000000c2900000, 0x00000000c2a00000, 0x00000000c2a00000|100%| O|  |TAMS 0x00000000c2900000, 0x00000000c2900000| Untracked 
|  20|0x00000000c2a00000, 0x00000000c2b00000, 0x00000000c2b00000|100%| O|  |TAMS 0x00000000c2a00000, 0x00000000c2a00000| Untracked 
|  21|0x00000000c2b00000, 0x00000000c2c00000, 0x00000000c2c00000|100%|HS|  |TAMS 0x00000000c2c00000, 0x00000000c2b00000| Complete 
|  22|0x00000000c2c00000, 0x00000000c2d00000, 0x00000000c2d00000|100%|HC|  |TAMS 0x00000000c2d00000, 0x00000000c2c00000| Complete 
|  23|0x00000000c2d00000, 0x00000000c2e00000, 0x00000000c2e00000|100%|HC|  |TAMS 0x00000000c2e00000, 0x00000000c2d00000| Complete 
|  24|0x00000000c2e00000, 0x00000000c2f00000, 0x00000000c2f00000|100%|HC|  |TAMS 0x00000000c2f00000, 0x00000000c2e00000| Complete 
|  25|0x00000000c2f00000, 0x00000000c3000000, 0x00000000c3000000|100%| O|  |TAMS 0x00000000c3000000, 0x00000000c2f00000| Updating 
|  26|0x00000000c3000000, 0x00000000c3100000, 0x00000000c3100000|100%| O|  |TAMS 0x00000000c3100000, 0x00000000c3000000| Updating 
|  27|0x00000000c3100000, 0x00000000c3200000, 0x00000000c3200000|100%| O|  |TAMS 0x00000000c3200000, 0x00000000c3100000| Updating 
|  28|0x00000000c3200000, 0x00000000c3300000, 0x00000000c3300000|100%| O|  |TAMS 0x00000000c3300000, 0x00000000c3200000| Updating 
|  29|0x00000000c3300000, 0x00000000c3400000, 0x00000000c3400000|100%| O|  |TAMS 0x00000000c3400000, 0x00000000c3300000| Updating 
|  30|0x00000000c3400000, 0x00000000c3500000, 0x00000000c3500000|100%| O|  |TAMS 0x00000000c3500000, 0x00000000c3400000| Updating 
|  31|0x00000000c3500000, 0x00000000c3600000, 0x00000000c3600000|100%| O|  |TAMS 0x00000000c3600000, 0x00000000c3500000| Updating 
|  32|0x00000000c3600000, 0x00000000c3700000, 0x00000000c3700000|100%| O|  |TAMS 0x00000000c3700000, 0x00000000c3600000| Updating 
|  33|0x00000000c3700000, 0x00000000c3800000, 0x00000000c3800000|100%| O|  |TAMS 0x00000000c3800000, 0x00000000c3700000| Updating 
|  34|0x00000000c3800000, 0x00000000c3900000, 0x00000000c3900000|100%| O|  |TAMS 0x00000000c3900000, 0x00000000c3800000| Updating 
|  35|0x00000000c3900000, 0x00000000c3a00000, 0x00000000c3a00000|100%| O|  |TAMS 0x00000000c3a00000, 0x00000000c3900000| Updating 
|  36|0x00000000c3a00000, 0x00000000c3b00000, 0x00000000c3b00000|100%| O|  |TAMS 0x00000000c3b00000, 0x00000000c3a00000| Updating 
|  37|0x00000000c3b00000, 0x00000000c3c00000, 0x00000000c3c00000|100%| O|  |TAMS 0x00000000c3bf5200, 0x00000000c3b00000| Updating 
|  38|0x00000000c3c00000, 0x00000000c3d00000, 0x00000000c3d00000|100%| O|  |TAMS 0x00000000c3c00000, 0x00000000c3c00000| Untracked 
|  39|0x00000000c3d00000, 0x00000000c3e00000, 0x00000000c3e00000|100%| O|  |TAMS 0x00000000c3d00000, 0x00000000c3d00000| Untracked 
|  40|0x00000000c3e00000, 0x00000000c3f00000, 0x00000000c3f00000|100%| O|  |TAMS 0x00000000c3e00000, 0x00000000c3e00000| Untracked 
|  41|0x00000000c3f00000, 0x00000000c4000000, 0x00000000c4000000|100%| O|  |TAMS 0x00000000c3f00000, 0x00000000c3f00000| Untracked 
|  42|0x00000000c4000000, 0x00000000c4100000, 0x00000000c4100000|100%| O|  |TAMS 0x00000000c4000000, 0x00000000c4000000| Untracked 
|  43|0x00000000c4100000, 0x00000000c4200000, 0x00000000c4200000|100%| O|  |TAMS 0x00000000c4100000, 0x00000000c4100000| Untracked 
|  44|0x00000000c4200000, 0x00000000c4300000, 0x00000000c4300000|100%| O|  |TAMS 0x00000000c4200000, 0x00000000c4200000| Untracked 
|  45|0x00000000c4300000, 0x00000000c4400000, 0x00000000c4400000|100%| O|  |TAMS 0x00000000c4300000, 0x00000000c4300000| Untracked 
|  46|0x00000000c4400000, 0x00000000c4500000, 0x00000000c4500000|100%| O|  |TAMS 0x00000000c4400000, 0x00000000c4400000| Untracked 
|  47|0x00000000c4500000, 0x00000000c456e400, 0x00000000c4600000| 43%| O|  |TAMS 0x00000000c4500000, 0x00000000c4500000| Updating 
|  48|0x00000000c4600000, 0x00000000c4600000, 0x00000000c4700000|  0%| F|  |TAMS 0x00000000c4600000, 0x00000000c4600000| Untracked 
|  49|0x00000000c4700000, 0x00000000c4700000, 0x00000000c4800000|  0%| F|  |TAMS 0x00000000c4700000, 0x00000000c4700000| Untracked 
|  50|0x00000000c4800000, 0x00000000c4800000, 0x00000000c4900000|  0%| F|  |TAMS 0x00000000c4800000, 0x00000000c4800000| Untracked 
|  51|0x00000000c4900000, 0x00000000c4900000, 0x00000000c4a00000|  0%| F|  |TAMS 0x00000000c4900000, 0x00000000c4900000| Untracked 
|  52|0x00000000c4a00000, 0x00000000c4a00000, 0x00000000c4b00000|  0%| F|  |TAMS 0x00000000c4a00000, 0x00000000c4a00000| Untracked 
|  53|0x00000000c4b00000, 0x00000000c4b00000, 0x00000000c4c00000|  0%| F|  |TAMS 0x00000000c4b00000, 0x00000000c4b00000| Untracked 
|  54|0x00000000c4c00000, 0x00000000c4c00000, 0x00000000c4d00000|  0%| F|  |TAMS 0x00000000c4c00000, 0x00000000c4c00000| Untracked 
|  55|0x00000000c4d00000, 0x00000000c4e00000, 0x00000000c4e00000|100%|HS|  |TAMS 0x00000000c4e00000, 0x00000000c4d00000| Complete 
|  56|0x00000000c4e00000, 0x00000000c4f00000, 0x00000000c4f00000|100%|HC|  |TAMS 0x00000000c4f00000, 0x00000000c4e00000| Complete 
|  57|0x00000000c4f00000, 0x00000000c5000000, 0x00000000c5000000|100%|HC|  |TAMS 0x00000000c5000000, 0x00000000c4f00000| Complete 
|  58|0x00000000c5000000, 0x00000000c5100000, 0x00000000c5100000|100%|HC|  |TAMS 0x00000000c5100000, 0x00000000c5000000| Complete 
|  59|0x00000000c5100000, 0x00000000c5200000, 0x00000000c5200000|100%|HC|  |TAMS 0x00000000c5200000, 0x00000000c5100000| Complete 
|  60|0x00000000c5200000, 0x00000000c5300000, 0x00000000c5300000|100%|HC|  |TAMS 0x00000000c5300000, 0x00000000c5200000| Complete 
|  61|0x00000000c5300000, 0x00000000c5400000, 0x00000000c5400000|100%|HC|  |TAMS 0x00000000c5400000, 0x00000000c5300000| Complete 
|  62|0x00000000c5400000, 0x00000000c5500000, 0x00000000c5500000|100%|HC|  |TAMS 0x00000000c5500000, 0x00000000c5400000| Complete 
|  63|0x00000000c5500000, 0x00000000c5600000, 0x00000000c5600000|100%|HC|  |TAMS 0x00000000c5600000, 0x00000000c5500000| Complete 
|  64|0x00000000c5600000, 0x00000000c5700000, 0x00000000c5700000|100%|HC|  |TAMS 0x00000000c5700000, 0x00000000c5600000| Complete 
|  65|0x00000000c5700000, 0x00000000c5800000, 0x00000000c5800000|100%|HC|  |TAMS 0x00000000c5800000, 0x00000000c5700000| Complete 
|  66|0x00000000c5800000, 0x00000000c5900000, 0x00000000c5900000|100%|HC|  |TAMS 0x00000000c5900000, 0x00000000c5800000| Complete 
|  67|0x00000000c5900000, 0x00000000c5a00000, 0x00000000c5a00000|100%|HC|  |TAMS 0x00000000c5a00000, 0x00000000c5900000| Complete 
|  68|0x00000000c5a00000, 0x00000000c5b00000, 0x00000000c5b00000|100%|HC|  |TAMS 0x00000000c5b00000, 0x00000000c5a00000| Complete 
|  69|0x00000000c5b00000, 0x00000000c5c00000, 0x00000000c5c00000|100%|HC|  |TAMS 0x00000000c5c00000, 0x00000000c5b00000| Complete 
|  70|0x00000000c5c00000, 0x00000000c5d00000, 0x00000000c5d00000|100%|HC|  |TAMS 0x00000000c5d00000, 0x00000000c5c00000| Complete 
|  71|0x00000000c5d00000, 0x00000000c5e00000, 0x00000000c5e00000|100%|HC|  |TAMS 0x00000000c5e00000, 0x00000000c5d00000| Complete 
|  72|0x00000000c5e00000, 0x00000000c5f00000, 0x00000000c5f00000|100%|HC|  |TAMS 0x00000000c5f00000, 0x00000000c5e00000| Complete 
|  73|0x00000000c5f00000, 0x00000000c6000000, 0x00000000c6000000|100%|HC|  |TAMS 0x00000000c6000000, 0x00000000c5f00000| Complete 
|  74|0x00000000c6000000, 0x00000000c6100000, 0x00000000c6100000|100%|HC|  |TAMS 0x00000000c6100000, 0x00000000c6000000| Complete 
|  75|0x00000000c6100000, 0x00000000c6200000, 0x00000000c6200000|100%|HC|  |TAMS 0x00000000c6200000, 0x00000000c6100000| Complete 
|  76|0x00000000c6200000, 0x00000000c6300000, 0x00000000c6300000|100%|HC|  |TAMS 0x00000000c6300000, 0x00000000c6200000| Complete 
|  77|0x00000000c6300000, 0x00000000c6400000, 0x00000000c6400000|100%|HC|  |TAMS 0x00000000c6400000, 0x00000000c6300000| Complete 
|  78|0x00000000c6400000, 0x00000000c6500000, 0x00000000c6500000|100%|HC|  |TAMS 0x00000000c6500000, 0x00000000c6400000| Complete 
|  79|0x00000000c6500000, 0x00000000c6600000, 0x00000000c6600000|100%|HC|  |TAMS 0x00000000c6600000, 0x00000000c6500000| Complete 
|  80|0x00000000c6600000, 0x00000000c6700000, 0x00000000c6700000|100%|HC|  |TAMS 0x00000000c6700000, 0x00000000c6600000| Complete 
|  81|0x00000000c6700000, 0x00000000c6800000, 0x00000000c6800000|100%|HC|  |TAMS 0x00000000c6800000, 0x00000000c6700000| Complete 
|  82|0x00000000c6800000, 0x00000000c6900000, 0x00000000c6900000|100%|HC|  |TAMS 0x00000000c6900000, 0x00000000c6800000| Complete 
|  83|0x00000000c6900000, 0x00000000c6a00000, 0x00000000c6a00000|100%|HC|  |TAMS 0x00000000c6a00000, 0x00000000c6900000| Complete 
|  84|0x00000000c6a00000, 0x00000000c6b00000, 0x00000000c6b00000|100%|HC|  |TAMS 0x00000000c6b00000, 0x00000000c6a00000| Complete 
|  85|0x00000000c6b00000, 0x00000000c6c00000, 0x00000000c6c00000|100%|HC|  |TAMS 0x00000000c6c00000, 0x00000000c6b00000| Complete 
|  86|0x00000000c6c00000, 0x00000000c6d00000, 0x00000000c6d00000|100%|HC|  |TAMS 0x00000000c6d00000, 0x00000000c6c00000| Complete 
|  87|0x00000000c6d00000, 0x00000000c6e00000, 0x00000000c6e00000|100%|HC|  |TAMS 0x00000000c6e00000, 0x00000000c6d00000| Complete 
|  88|0x00000000c6e00000, 0x00000000c6f00000, 0x00000000c6f00000|100%|HC|  |TAMS 0x00000000c6f00000, 0x00000000c6e00000| Complete 
|  89|0x00000000c6f00000, 0x00000000c7000000, 0x00000000c7000000|100%|HC|  |TAMS 0x00000000c7000000, 0x00000000c6f00000| Complete 
|  90|0x00000000c7000000, 0x00000000c7100000, 0x00000000c7100000|100%|HC|  |TAMS 0x00000000c7100000, 0x00000000c7000000| Complete 
|  91|0x00000000c7100000, 0x00000000c7200000, 0x00000000c7200000|100%|HC|  |TAMS 0x00000000c7200000, 0x00000000c7100000| Complete 
|  92|0x00000000c7200000, 0x00000000c7300000, 0x00000000c7300000|100%|HC|  |TAMS 0x00000000c7300000, 0x00000000c7200000| Complete 
|  93|0x00000000c7300000, 0x00000000c7400000, 0x00000000c7400000|100%|HC|  |TAMS 0x00000000c7400000, 0x00000000c7300000| Complete 
|  94|0x00000000c7400000, 0x00000000c7500000, 0x00000000c7500000|100%|HC|  |TAMS 0x00000000c7500000, 0x00000000c7400000| Complete 
|  95|0x00000000c7500000, 0x00000000c7600000, 0x00000000c7600000|100%|HC|  |TAMS 0x00000000c7600000, 0x00000000c7500000| Complete 
|  96|0x00000000c7600000, 0x00000000c7700000, 0x00000000c7700000|100%|HC|  |TAMS 0x00000000c7700000, 0x00000000c7600000| Complete 
|  97|0x00000000c7700000, 0x00000000c7800000, 0x00000000c7800000|100%|HC|  |TAMS 0x00000000c7800000, 0x00000000c7700000| Complete 
|  98|0x00000000c7800000, 0x00000000c7900000, 0x00000000c7900000|100%|HC|  |TAMS 0x00000000c7900000, 0x00000000c7800000| Complete 
|  99|0x00000000c7900000, 0x00000000c7a00000, 0x00000000c7a00000|100%|HC|  |TAMS 0x00000000c7a00000, 0x00000000c7900000| Complete 
| 100|0x00000000c7a00000, 0x00000000c7b00000, 0x00000000c7b00000|100%|HC|  |TAMS 0x00000000c7b00000, 0x00000000c7a00000| Complete 
| 101|0x00000000c7b00000, 0x00000000c7c00000, 0x00000000c7c00000|100%|HC|  |TAMS 0x00000000c7c00000, 0x00000000c7b00000| Complete 
| 102|0x00000000c7c00000, 0x00000000c7d00000, 0x00000000c7d00000|100%|HC|  |TAMS 0x00000000c7d00000, 0x00000000c7c00000| Complete 
| 103|0x00000000c7d00000, 0x00000000c7e00000, 0x00000000c7e00000|100%|HC|  |TAMS 0x00000000c7e00000, 0x00000000c7d00000| Complete 
| 104|0x00000000c7e00000, 0x00000000c7f00000, 0x00000000c7f00000|100%|HC|  |TAMS 0x00000000c7f00000, 0x00000000c7e00000| Complete 
| 105|0x00000000c7f00000, 0x00000000c8000000, 0x00000000c8000000|100%|HC|  |TAMS 0x00000000c8000000, 0x00000000c7f00000| Complete 
| 106|0x00000000c8000000, 0x00000000c8100000, 0x00000000c8100000|100%|HC|  |TAMS 0x00000000c8100000, 0x00000000c8000000| Complete 
| 107|0x00000000c8100000, 0x00000000c8200000, 0x00000000c8200000|100%|HC|  |TAMS 0x00000000c8200000, 0x00000000c8100000| Complete 
| 108|0x00000000c8200000, 0x00000000c8300000, 0x00000000c8300000|100%|HC|  |TAMS 0x00000000c8300000, 0x00000000c8200000| Complete 
| 109|0x00000000c8300000, 0x00000000c8400000, 0x00000000c8400000|100%|HC|  |TAMS 0x00000000c8400000, 0x00000000c8300000| Complete 
| 110|0x00000000c8400000, 0x00000000c8500000, 0x00000000c8500000|100%|HC|  |TAMS 0x00000000c8500000, 0x00000000c8400000| Complete 
| 111|0x00000000c8500000, 0x00000000c8600000, 0x00000000c8600000|100%|HC|  |TAMS 0x00000000c8600000, 0x00000000c8500000| Complete 
| 112|0x00000000c8600000, 0x00000000c8700000, 0x00000000c8700000|100%|HC|  |TAMS 0x00000000c8700000, 0x00000000c8600000| Complete 
| 113|0x00000000c8700000, 0x00000000c8800000, 0x00000000c8800000|100%|HC|  |TAMS 0x00000000c8800000, 0x00000000c8700000| Complete 
| 114|0x00000000c8800000, 0x00000000c8900000, 0x00000000c8900000|100%|HC|  |TAMS 0x00000000c8900000, 0x00000000c8800000| Complete 
| 115|0x00000000c8900000, 0x00000000c8a00000, 0x00000000c8a00000|100%|HC|  |TAMS 0x00000000c8a00000, 0x00000000c8900000| Complete 
| 116|0x00000000c8a00000, 0x00000000c8b00000, 0x00000000c8b00000|100%|HC|  |TAMS 0x00000000c8b00000, 0x00000000c8a00000| Complete 
| 117|0x00000000c8b00000, 0x00000000c8c00000, 0x00000000c8c00000|100%|HC|  |TAMS 0x00000000c8c00000, 0x00000000c8b00000| Complete 
| 118|0x00000000c8c00000, 0x00000000c8d00000, 0x00000000c8d00000|100%|HC|  |TAMS 0x00000000c8d00000, 0x00000000c8c00000| Complete 
| 119|0x00000000c8d00000, 0x00000000c8e00000, 0x00000000c8e00000|100%|HC|  |TAMS 0x00000000c8e00000, 0x00000000c8d00000| Complete 
| 120|0x00000000c8e00000, 0x00000000c8f00000, 0x00000000c8f00000|100%|HC|  |TAMS 0x00000000c8f00000, 0x00000000c8e00000| Complete 
| 121|0x00000000c8f00000, 0x00000000c9000000, 0x00000000c9000000|100%|HC|  |TAMS 0x00000000c9000000, 0x00000000c8f00000| Complete 
| 122|0x00000000c9000000, 0x00000000c9100000, 0x00000000c9100000|100%|HC|  |TAMS 0x00000000c9100000, 0x00000000c9000000| Complete 
| 123|0x00000000c9100000, 0x00000000c9200000, 0x00000000c9200000|100%|HC|  |TAMS 0x00000000c9200000, 0x00000000c9100000| Complete 
| 124|0x00000000c9200000, 0x00000000c9300000, 0x00000000c9300000|100%|HC|  |TAMS 0x00000000c9300000, 0x00000000c9200000| Complete 
| 125|0x00000000c9300000, 0x00000000c9400000, 0x00000000c9400000|100%|HC|  |TAMS 0x00000000c9400000, 0x00000000c9300000| Complete 
| 126|0x00000000c9400000, 0x00000000c9500000, 0x00000000c9500000|100%|HC|  |TAMS 0x00000000c9500000, 0x00000000c9400000| Complete 
| 127|0x00000000c9500000, 0x00000000c9600000, 0x00000000c9600000|100%|HC|  |TAMS 0x00000000c9600000, 0x00000000c9500000| Complete 
| 128|0x00000000c9600000, 0x00000000c9700000, 0x00000000c9700000|100%|HC|  |TAMS 0x00000000c9700000, 0x00000000c9600000| Complete 
| 129|0x00000000c9700000, 0x00000000c9800000, 0x00000000c9800000|100%|HC|  |TAMS 0x00000000c9800000, 0x00000000c9700000| Complete 
| 130|0x00000000c9800000, 0x00000000c9900000, 0x00000000c9900000|100%|HC|  |TAMS 0x00000000c9900000, 0x00000000c9800000| Complete 
| 131|0x00000000c9900000, 0x00000000c9a00000, 0x00000000c9a00000|100%|HC|  |TAMS 0x00000000c9a00000, 0x00000000c9900000| Complete 
| 132|0x00000000c9a00000, 0x00000000c9b00000, 0x00000000c9b00000|100%|HC|  |TAMS 0x00000000c9b00000, 0x00000000c9a00000| Complete 
| 133|0x00000000c9b00000, 0x00000000c9c00000, 0x00000000c9c00000|100%|HC|  |TAMS 0x00000000c9c00000, 0x00000000c9b00000| Complete 
| 134|0x00000000c9c00000, 0x00000000c9d00000, 0x00000000c9d00000|100%|HC|  |TAMS 0x00000000c9d00000, 0x00000000c9c00000| Complete 
| 135|0x00000000c9d00000, 0x00000000c9e00000, 0x00000000c9e00000|100%|HC|  |TAMS 0x00000000c9e00000, 0x00000000c9d00000| Complete 
| 136|0x00000000c9e00000, 0x00000000c9f00000, 0x00000000c9f00000|100%|HC|  |TAMS 0x00000000c9f00000, 0x00000000c9e00000| Complete 
| 137|0x00000000c9f00000, 0x00000000ca000000, 0x00000000ca000000|100%|HC|  |TAMS 0x00000000ca000000, 0x00000000c9f00000| Complete 
| 138|0x00000000ca000000, 0x00000000ca100000, 0x00000000ca100000|100%|HC|  |TAMS 0x00000000ca100000, 0x00000000ca000000| Complete 
| 139|0x00000000ca100000, 0x00000000ca200000, 0x00000000ca200000|100%|HC|  |TAMS 0x00000000ca200000, 0x00000000ca100000| Complete 
| 140|0x00000000ca200000, 0x00000000ca300000, 0x00000000ca300000|100%|HC|  |TAMS 0x00000000ca300000, 0x00000000ca200000| Complete 
| 141|0x00000000ca300000, 0x00000000ca400000, 0x00000000ca400000|100%|HC|  |TAMS 0x00000000ca400000, 0x00000000ca300000| Complete 
| 142|0x00000000ca400000, 0x00000000ca500000, 0x00000000ca500000|100%|HC|  |TAMS 0x00000000ca500000, 0x00000000ca400000| Complete 
| 143|0x00000000ca500000, 0x00000000ca600000, 0x00000000ca600000|100%|HC|  |TAMS 0x00000000ca600000, 0x00000000ca500000| Complete 
| 144|0x00000000ca600000, 0x00000000ca700000, 0x00000000ca700000|100%|HC|  |TAMS 0x00000000ca700000, 0x00000000ca600000| Complete 
| 145|0x00000000ca700000, 0x00000000ca800000, 0x00000000ca800000|100%|HC|  |TAMS 0x00000000ca800000, 0x00000000ca700000| Complete 
| 146|0x00000000ca800000, 0x00000000ca900000, 0x00000000ca900000|100%|HC|  |TAMS 0x00000000ca900000, 0x00000000ca800000| Complete 
| 147|0x00000000ca900000, 0x00000000caa00000, 0x00000000caa00000|100%|HC|  |TAMS 0x00000000caa00000, 0x00000000ca900000| Complete 
| 148|0x00000000caa00000, 0x00000000cab00000, 0x00000000cab00000|100%|HC|  |TAMS 0x00000000cab00000, 0x00000000caa00000| Complete 
| 149|0x00000000cab00000, 0x00000000cac00000, 0x00000000cac00000|100%|HC|  |TAMS 0x00000000cac00000, 0x00000000cab00000| Complete 
| 150|0x00000000cac00000, 0x00000000cad00000, 0x00000000cad00000|100%|HC|  |TAMS 0x00000000cad00000, 0x00000000cac00000| Complete 
| 151|0x00000000cad00000, 0x00000000cae00000, 0x00000000cae00000|100%|HC|  |TAMS 0x00000000cae00000, 0x00000000cad00000| Complete 
| 152|0x00000000cae00000, 0x00000000caf00000, 0x00000000caf00000|100%|HC|  |TAMS 0x00000000caf00000, 0x00000000cae00000| Complete 
| 153|0x00000000caf00000, 0x00000000cb000000, 0x00000000cb000000|100%|HC|  |TAMS 0x00000000cb000000, 0x00000000caf00000| Complete 
| 154|0x00000000cb000000, 0x00000000cb100000, 0x00000000cb100000|100%|HC|  |TAMS 0x00000000cb100000, 0x00000000cb000000| Complete 
| 155|0x00000000cb100000, 0x00000000cb200000, 0x00000000cb200000|100%|HC|  |TAMS 0x00000000cb200000, 0x00000000cb100000| Complete 
| 156|0x00000000cb200000, 0x00000000cb300000, 0x00000000cb300000|100%|HC|  |TAMS 0x00000000cb300000, 0x00000000cb200000| Complete 
| 157|0x00000000cb300000, 0x00000000cb400000, 0x00000000cb400000|100%|HC|  |TAMS 0x00000000cb400000, 0x00000000cb300000| Complete 
| 158|0x00000000cb400000, 0x00000000cb500000, 0x00000000cb500000|100%|HC|  |TAMS 0x00000000cb500000, 0x00000000cb400000| Complete 
| 159|0x00000000cb500000, 0x00000000cb600000, 0x00000000cb600000|100%|HC|  |TAMS 0x00000000cb600000, 0x00000000cb500000| Complete 
| 160|0x00000000cb600000, 0x00000000cb700000, 0x00000000cb700000|100%|HC|  |TAMS 0x00000000cb700000, 0x00000000cb600000| Complete 
| 161|0x00000000cb700000, 0x00000000cb800000, 0x00000000cb800000|100%|HC|  |TAMS 0x00000000cb800000, 0x00000000cb700000| Complete 
| 162|0x00000000cb800000, 0x00000000cb900000, 0x00000000cb900000|100%|HC|  |TAMS 0x00000000cb900000, 0x00000000cb800000| Complete 
| 163|0x00000000cb900000, 0x00000000cba00000, 0x00000000cba00000|100%|HC|  |TAMS 0x00000000cba00000, 0x00000000cb900000| Complete 
| 164|0x00000000cba00000, 0x00000000cbb00000, 0x00000000cbb00000|100%|HC|  |TAMS 0x00000000cbb00000, 0x00000000cba00000| Complete 
| 165|0x00000000cbb00000, 0x00000000cbc00000, 0x00000000cbc00000|100%|HC|  |TAMS 0x00000000cbc00000, 0x00000000cbb00000| Complete 
| 166|0x00000000cbc00000, 0x00000000cbd00000, 0x00000000cbd00000|100%|HC|  |TAMS 0x00000000cbd00000, 0x00000000cbc00000| Complete 
| 167|0x00000000cbd00000, 0x00000000cbd00000, 0x00000000cbe00000|  0%| F|  |TAMS 0x00000000cbd00000, 0x00000000cbd00000| Untracked 
| 168|0x00000000cbe00000, 0x00000000cbe00000, 0x00000000cbf00000|  0%| F|  |TAMS 0x00000000cbe00000, 0x00000000cbe00000| Untracked 
| 169|0x00000000cbf00000, 0x00000000cbf1de88, 0x00000000cc000000| 11%| O|  |TAMS 0x00000000cbf1de88, 0x00000000cbf00000| Updating 
| 170|0x00000000cc000000, 0x00000000cc000000, 0x00000000cc100000|  0%| F|  |TAMS 0x00000000cc000000, 0x00000000cc000000| Untracked 
| 171|0x00000000cc100000, 0x00000000cc100000, 0x00000000cc200000|  0%| F|  |TAMS 0x00000000cc100000, 0x00000000cc100000| Untracked 
| 172|0x00000000cc200000, 0x00000000cc200000, 0x00000000cc300000|  0%| F|  |TAMS 0x00000000cc200000, 0x00000000cc200000| Untracked 
| 173|0x00000000cc300000, 0x00000000cc300000, 0x00000000cc400000|  0%| F|  |TAMS 0x00000000cc300000, 0x00000000cc300000| Untracked 
| 174|0x00000000cc400000, 0x00000000cc400000, 0x00000000cc500000|  0%| F|  |TAMS 0x00000000cc400000, 0x00000000cc400000| Untracked 
| 175|0x00000000cc500000, 0x00000000cc500000, 0x00000000cc600000|  0%| F|  |TAMS 0x00000000cc500000, 0x00000000cc500000| Untracked 
| 176|0x00000000cc600000, 0x00000000cc600000, 0x00000000cc700000|  0%| F|  |TAMS 0x00000000cc600000, 0x00000000cc600000| Untracked 
| 177|0x00000000cc700000, 0x00000000cc700000, 0x00000000cc800000|  0%| F|  |TAMS 0x00000000cc700000, 0x00000000cc700000| Untracked 
| 178|0x00000000cc800000, 0x00000000cc800000, 0x00000000cc900000|  0%| F|  |TAMS 0x00000000cc800000, 0x00000000cc800000| Untracked 
| 179|0x00000000cc900000, 0x00000000cc900000, 0x00000000cca00000|  0%| F|  |TAMS 0x00000000cc900000, 0x00000000cc900000| Untracked 
| 180|0x00000000cca00000, 0x00000000cca00000, 0x00000000ccb00000|  0%| F|  |TAMS 0x00000000cca00000, 0x00000000cca00000| Untracked 
| 181|0x00000000ccb00000, 0x00000000ccb00000, 0x00000000ccc00000|  0%| F|  |TAMS 0x00000000ccb00000, 0x00000000ccb00000| Untracked 
| 182|0x00000000ccc00000, 0x00000000ccc00000, 0x00000000ccd00000|  0%| F|  |TAMS 0x00000000ccc00000, 0x00000000ccc00000| Untracked 
| 183|0x00000000ccd00000, 0x00000000ccd00000, 0x00000000cce00000|  0%| F|  |TAMS 0x00000000ccd00000, 0x00000000ccd00000| Untracked 
| 184|0x00000000cce00000, 0x00000000cce00000, 0x00000000ccf00000|  0%| F|  |TAMS 0x00000000cce00000, 0x00000000cce00000| Untracked 
| 185|0x00000000ccf00000, 0x00000000ccf00000, 0x00000000cd000000|  0%| F|  |TAMS 0x00000000ccf00000, 0x00000000ccf00000| Untracked 
| 186|0x00000000cd000000, 0x00000000cd000000, 0x00000000cd100000|  0%| F|  |TAMS 0x00000000cd000000, 0x00000000cd000000| Untracked 
| 187|0x00000000cd100000, 0x00000000cd100000, 0x00000000cd200000|  0%| F|  |TAMS 0x00000000cd100000, 0x00000000cd100000| Untracked 
| 188|0x00000000cd200000, 0x00000000cd200000, 0x00000000cd300000|  0%| F|  |TAMS 0x00000000cd200000, 0x00000000cd200000| Untracked 
| 189|0x00000000cd300000, 0x00000000cd300000, 0x00000000cd400000|  0%| F|  |TAMS 0x00000000cd300000, 0x00000000cd300000| Untracked 
| 190|0x00000000cd400000, 0x00000000cd400000, 0x00000000cd500000|  0%| F|  |TAMS 0x00000000cd400000, 0x00000000cd400000| Untracked 
| 191|0x00000000cd500000, 0x00000000cd500000, 0x00000000cd600000|  0%| F|  |TAMS 0x00000000cd500000, 0x00000000cd500000| Untracked 
| 192|0x00000000cd600000, 0x00000000cd600000, 0x00000000cd700000|  0%| F|  |TAMS 0x00000000cd600000, 0x00000000cd600000| Untracked 
| 193|0x00000000cd700000, 0x00000000cd700000, 0x00000000cd800000|  0%| F|  |TAMS 0x00000000cd700000, 0x00000000cd700000| Untracked 
| 194|0x00000000cd800000, 0x00000000cd800000, 0x00000000cd900000|  0%| F|  |TAMS 0x00000000cd800000, 0x00000000cd800000| Untracked 
| 195|0x00000000cd900000, 0x00000000cd900000, 0x00000000cda00000|  0%| F|  |TAMS 0x00000000cd900000, 0x00000000cd900000| Untracked 
| 196|0x00000000cda00000, 0x00000000cda00000, 0x00000000cdb00000|  0%| F|  |TAMS 0x00000000cda00000, 0x00000000cda00000| Untracked 
| 197|0x00000000cdb00000, 0x00000000cdb00000, 0x00000000cdc00000|  0%| F|  |TAMS 0x00000000cdb00000, 0x00000000cdb00000| Untracked 
| 198|0x00000000cdc00000, 0x00000000cdd00000, 0x00000000cdd00000|100%| S|CS|TAMS 0x00000000cdc00000, 0x00000000cdc00000| Complete 
| 199|0x00000000cdd00000, 0x00000000cde00000, 0x00000000cde00000|100%| S|CS|TAMS 0x00000000cdd00000, 0x00000000cdd00000| Complete 
| 200|0x00000000cde00000, 0x00000000cdf00000, 0x00000000cdf00000|100%| S|CS|TAMS 0x00000000cde00000, 0x00000000cde00000| Complete 
| 201|0x00000000cdf00000, 0x00000000ce000000, 0x00000000ce000000|100%| S|CS|TAMS 0x00000000cdf00000, 0x00000000cdf00000| Complete 
| 202|0x00000000ce000000, 0x00000000ce100000, 0x00000000ce100000|100%| S|CS|TAMS 0x00000000ce000000, 0x00000000ce000000| Complete 
| 203|0x00000000ce100000, 0x00000000ce200000, 0x00000000ce200000|100%| S|CS|TAMS 0x00000000ce100000, 0x00000000ce100000| Complete 
| 204|0x00000000ce200000, 0x00000000ce200000, 0x00000000ce300000|  0%| F|  |TAMS 0x00000000ce200000, 0x00000000ce200000| Untracked 
| 205|0x00000000ce300000, 0x00000000ce300000, 0x00000000ce400000|  0%| F|  |TAMS 0x00000000ce300000, 0x00000000ce300000| Untracked 
| 206|0x00000000ce400000, 0x00000000ce400000, 0x00000000ce500000|  0%| F|  |TAMS 0x00000000ce400000, 0x00000000ce400000| Untracked 
| 207|0x00000000ce500000, 0x00000000ce500000, 0x00000000ce600000|  0%| F|  |TAMS 0x00000000ce500000, 0x00000000ce500000| Untracked 
| 208|0x00000000ce600000, 0x00000000ce600000, 0x00000000ce700000|  0%| F|  |TAMS 0x00000000ce600000, 0x00000000ce600000| Untracked 
| 209|0x00000000ce700000, 0x00000000ce700000, 0x00000000ce800000|  0%| F|  |TAMS 0x00000000ce700000, 0x00000000ce700000| Untracked 
| 210|0x00000000ce800000, 0x00000000ce800000, 0x00000000ce900000|  0%| F|  |TAMS 0x00000000ce800000, 0x00000000ce800000| Untracked 
| 211|0x00000000ce900000, 0x00000000ce900000, 0x00000000cea00000|  0%| F|  |TAMS 0x00000000ce900000, 0x00000000ce900000| Untracked 
| 212|0x00000000cea00000, 0x00000000cea00000, 0x00000000ceb00000|  0%| F|  |TAMS 0x00000000cea00000, 0x00000000cea00000| Untracked 
| 213|0x00000000ceb00000, 0x00000000ceb00000, 0x00000000cec00000|  0%| F|  |TAMS 0x00000000ceb00000, 0x00000000ceb00000| Untracked 
| 214|0x00000000cec00000, 0x00000000cec00000, 0x00000000ced00000|  0%| F|  |TAMS 0x00000000cec00000, 0x00000000cec00000| Untracked 
| 215|0x00000000ced00000, 0x00000000ced00000, 0x00000000cee00000|  0%| F|  |TAMS 0x00000000ced00000, 0x00000000ced00000| Untracked 
| 216|0x00000000cee00000, 0x00000000cee00000, 0x00000000cef00000|  0%| F|  |TAMS 0x00000000cee00000, 0x00000000cee00000| Untracked 
| 217|0x00000000cef00000, 0x00000000cef00000, 0x00000000cf000000|  0%| F|  |TAMS 0x00000000cef00000, 0x00000000cef00000| Untracked 
| 218|0x00000000cf000000, 0x00000000cf000000, 0x00000000cf100000|  0%| F|  |TAMS 0x00000000cf000000, 0x00000000cf000000| Untracked 
| 219|0x00000000cf100000, 0x00000000cf100000, 0x00000000cf200000|  0%| F|  |TAMS 0x00000000cf100000, 0x00000000cf100000| Untracked 
| 220|0x00000000cf200000, 0x00000000cf200000, 0x00000000cf300000|  0%| F|  |TAMS 0x00000000cf200000, 0x00000000cf200000| Untracked 
| 221|0x00000000cf300000, 0x00000000cf300000, 0x00000000cf400000|  0%| F|  |TAMS 0x00000000cf300000, 0x00000000cf300000| Untracked 
| 222|0x00000000cf400000, 0x00000000cf400000, 0x00000000cf500000|  0%| F|  |TAMS 0x00000000cf400000, 0x00000000cf400000| Untracked 
| 223|0x00000000cf500000, 0x00000000cf500000, 0x00000000cf600000|  0%| F|  |TAMS 0x00000000cf500000, 0x00000000cf500000| Untracked 
| 224|0x00000000cf600000, 0x00000000cf600000, 0x00000000cf700000|  0%| F|  |TAMS 0x00000000cf600000, 0x00000000cf600000| Untracked 
| 225|0x00000000cf700000, 0x00000000cf700000, 0x00000000cf800000|  0%| F|  |TAMS 0x00000000cf700000, 0x00000000cf700000| Untracked 
| 226|0x00000000cf800000, 0x00000000cf800000, 0x00000000cf900000|  0%| F|  |TAMS 0x00000000cf800000, 0x00000000cf800000| Untracked 
| 227|0x00000000cf900000, 0x00000000cf900000, 0x00000000cfa00000|  0%| F|  |TAMS 0x00000000cf900000, 0x00000000cf900000| Untracked 
| 228|0x00000000cfa00000, 0x00000000cfa00000, 0x00000000cfb00000|  0%| F|  |TAMS 0x00000000cfa00000, 0x00000000cfa00000| Untracked 
| 229|0x00000000cfb00000, 0x00000000cfb00000, 0x00000000cfc00000|  0%| F|  |TAMS 0x00000000cfb00000, 0x00000000cfb00000| Untracked 
| 230|0x00000000cfc00000, 0x00000000cfc00000, 0x00000000cfd00000|  0%| F|  |TAMS 0x00000000cfc00000, 0x00000000cfc00000| Untracked 
| 231|0x00000000cfd00000, 0x00000000cfd00000, 0x00000000cfe00000|  0%| F|  |TAMS 0x00000000cfd00000, 0x00000000cfd00000| Untracked 
| 232|0x00000000cfe00000, 0x00000000cfe00000, 0x00000000cff00000|  0%| F|  |TAMS 0x00000000cfe00000, 0x00000000cfe00000| Untracked 
| 233|0x00000000cff00000, 0x00000000cff00000, 0x00000000d0000000|  0%| F|  |TAMS 0x00000000cff00000, 0x00000000cff00000| Untracked 
| 234|0x00000000d0000000, 0x00000000d0000000, 0x00000000d0100000|  0%| F|  |TAMS 0x00000000d0000000, 0x00000000d0000000| Untracked 
| 235|0x00000000d0100000, 0x00000000d0100000, 0x00000000d0200000|  0%| F|  |TAMS 0x00000000d0100000, 0x00000000d0100000| Untracked 
| 236|0x00000000d0200000, 0x00000000d0200000, 0x00000000d0300000|  0%| F|  |TAMS 0x00000000d0200000, 0x00000000d0200000| Untracked 
| 237|0x00000000d0300000, 0x00000000d0300000, 0x00000000d0400000|  0%| F|  |TAMS 0x00000000d0300000, 0x00000000d0300000| Untracked 
| 238|0x00000000d0400000, 0x00000000d0481b98, 0x00000000d0500000| 50%| E|  |TAMS 0x00000000d0400000, 0x00000000d0400000| Complete 
| 239|0x00000000d0500000, 0x00000000d0600000, 0x00000000d0600000|100%| E|CS|TAMS 0x00000000d0500000, 0x00000000d0500000| Complete 
| 240|0x00000000d0600000, 0x00000000d0700000, 0x00000000d0700000|100%| E|  |TAMS 0x00000000d0600000, 0x00000000d0600000| Complete 
| 241|0x00000000d0700000, 0x00000000d0800000, 0x00000000d0800000|100%| E|CS|TAMS 0x00000000d0700000, 0x00000000d0700000| Complete 

Card table byte_map: [0x00000122e6290000,0x00000122e6490000] _byte_map_base: 0x00000122e5c85000

Marking Bits (Prev, Next): (CMBitMap*) 0x00000122cebc4198, (CMBitMap*) 0x00000122cebc4158
 Prev Bits: [0x00000122e7640000, 0x00000122e85e8000)
 Next Bits: [0x00000122e6690000, 0x00000122e7638000)

Polling page: 0x00000122cc9c0000

Metaspace:

Usage:
  Non-class:     22.66 MB capacity,    22.38 MB ( 99%) used,   244.58 KB (  1%) free+waste,    49.06 KB ( <1%) overhead. 
      Class:      2.85 MB capacity,     2.68 MB ( 94%) used,   148.45 KB (  5%) free+waste,    23.88 KB ( <1%) overhead. 
       Both:     25.51 MB capacity,    25.05 MB ( 98%) used,   393.03 KB (  2%) free+waste,    72.94 KB ( <1%) overhead. 

Virtual space:
  Non-class space:       24.00 MB reserved,      22.75 MB ( 95%) committed 
      Class space:        1.00 GB reserved,       2.88 MB ( <1%) committed 
             Both:        1.02 GB reserved,      25.63 MB (  2%) committed 

Chunk freelists:
   Non-Class:  25.00 KB
       Class:  0 bytes
        Both:  25.00 KB

MaxMetaspaceSize: 17179869184.00 GB
CompressedClassSpaceSize: 1.00 GB

CodeHeap 'non-profiled nmethods': size=120000Kb used=2077Kb max_used=2077Kb free=117922Kb
 bounds [0x00000122deb60000, 0x00000122dedd0000, 0x00000122e6090000]
CodeHeap 'profiled nmethods': size=120000Kb used=10087Kb max_used=10087Kb free=109913Kb
 bounds [0x00000122d7630000, 0x00000122d8010000, 0x00000122deb60000]
CodeHeap 'non-nmethods': size=5760Kb used=1424Kb max_used=1455Kb free=4335Kb
 bounds [0x00000122d7090000, 0x00000122d7300000, 0x00000122d7630000]
 total_blobs=6902 nmethods=4169 adapters=654
 compilation: enabled
              stopped_count=0, restarted_count=0
 full_count=0

Compilation events (20 events):
Event: 48.904 Thread 0x00000122eabb0000 nmethod 4686 0x00000122d8009610 code [0x00000122d80097c0, 0x00000122d8009ab8]
Event: 48.904 Thread 0x00000122eabb0000 4687       3       java.util.stream.IntPipeline::forEachWithCancel (37 bytes)
Event: 48.904 Thread 0x00000122eabb0000 nmethod 4687 0x00000122d8009c10 code [0x00000122d8009e40, 0x00000122d800a790]
Event: 48.904 Thread 0x00000122eabb0000 4688       3       java.util.stream.IntPipeline$9$1::accept (27 bytes)
Event: 48.905 Thread 0x00000122eabb0000 nmethod 4688 0x00000122d800aa10 code [0x00000122d800ac00, 0x00000122d800b170]
Event: 48.905 Thread 0x00000122eabb0000 4689       3       java.util.stream.FindOps$FindSink$OfInt::accept (9 bytes)
Event: 48.905 Thread 0x00000122eabb0000 nmethod 4689 0x00000122d800b390 code [0x00000122d800b560, 0x00000122d800baf8]
Event: 48.909 Thread 0x00000122eaba3000 4690       4       java.text.DecimalFormat::expandAffix (200 bytes)
Event: 48.934 Thread 0x00000122eaba3000 nmethod 4690 0x00000122ded64910 code [0x00000122ded64b00, 0x00000122ded66050]
Event: 48.934 Thread 0x00000122eaba3000 4691       4       java.lang.CharacterDataLatin1::getType (11 bytes)
Event: 48.935 Thread 0x00000122eaba3000 nmethod 4691 0x00000122ded66890 code [0x00000122ded66a20, 0x00000122ded66ab8]
Event: 48.944 Thread 0x00000122eaba3000 4692       4       jdk.internal.misc.Unsafe::checkNativeAddress (28 bytes)
Event: 48.944 Thread 0x00000122eaba3000 nmethod 4692 0x00000122ded66b90 code [0x00000122ded66d20, 0x00000122ded66d98]
Event: 48.958 Thread 0x00000122eaba3000 4693       4       sun.security.ssl.SSLSocketInputRecord::read (111 bytes)
Event: 48.960 Thread 0x00000122eaba3000 nmethod 4693 0x00000122ded66e90 code [0x00000122ded67020, 0x00000122ded67108]
Event: 48.961 Thread 0x00000122eaba3000 4694       4       com.sun.crypto.provider.CipherCore::getKeyBytes (65 bytes)
Event: 48.962 Thread 0x00000122eabb0000 4696       3       jdk.internal.math.FloatingDecimal$BinaryToASCIIBuffer::estimateDecExp (182 bytes)
Event: 48.963 Thread 0x00000122eabb0000 nmethod 4696 0x00000122d800bc90 code [0x00000122d800bea0, 0x00000122d800c3d8]
Event: 48.963 Thread 0x00000122eaba3000 nmethod 4694 0x00000122ded67210 code [0x00000122ded673a0, 0x00000122ded674f8]
Event: 48.963 Thread 0x00000122eaba3000 4695       4       com.sun.crypto.provider.GaloisCounterMode::init (216 bytes)

GC Heap History (20 events):
Event: 4.109 GC heap before
{Heap before GC invocations=5 (full 0):
 garbage-first heap   total 214016K, used 143626K [0x00000000c1600000, 0x0000000100000000)
  region size 1024K, 20 young (20480K), 3 survivors (3072K)
 Metaspace       used 20052K, capacity 20404K, committed 20736K, reserved 1067008K
  class space    used 2295K, capacity 2443K, committed 2560K, reserved 1048576K
}
Event: 4.111 GC heap after
{Heap after GC invocations=6 (full 0):
 garbage-first heap   total 214016K, used 127364K [0x00000000c1600000, 0x0000000100000000)
  region size 1024K, 1 young (1024K), 1 survivors (1024K)
 Metaspace       used 20052K, capacity 20404K, committed 20736K, reserved 1067008K
  class space    used 2295K, capacity 2443K, committed 2560K, reserved 1048576K
}
Event: 4.226 GC heap before
{Heap before GC invocations=6 (full 0):
 garbage-first heap   total 214016K, used 152964K [0x00000000c1600000, 0x0000000100000000)
  region size 1024K, 26 young (26624K), 1 survivors (1024K)
 Metaspace       used 20052K, capacity 20404K, committed 20736K, reserved 1067008K
  class space    used 2295K, capacity 2443K, committed 2560K, reserved 1048576K
}
Event: 4.227 GC heap after
{Heap after GC invocations=7 (full 0):
 garbage-first heap   total 214016K, used 127195K [0x00000000c1600000, 0x0000000100000000)
  region size 1024K, 1 young (1024K), 1 survivors (1024K)
 Metaspace       used 20052K, capacity 20404K, committed 20736K, reserved 1067008K
  class space    used 2295K, capacity 2443K, committed 2560K, reserved 1048576K
}
Event: 4.485 GC heap before
{Heap before GC invocations=8 (full 0):
 garbage-first heap   total 220160K, used 175323K [0x00000000c1600000, 0x0000000100000000)
  region size 1024K, 48 young (49152K), 1 survivors (1024K)
 Metaspace       used 20052K, capacity 20404K, committed 20736K, reserved 1067008K
  class space    used 2295K, capacity 2443K, committed 2560K, reserved 1048576K
}
Event: 4.486 GC heap after
{Heap after GC invocations=9 (full 0):
 garbage-first heap   total 220160K, used 127145K [0x00000000c1600000, 0x0000000100000000)
  region size 1024K, 1 young (1024K), 1 survivors (1024K)
 Metaspace       used 20052K, capacity 20404K, committed 20736K, reserved 1067008K
  class space    used 2295K, capacity 2443K, committed 2560K, reserved 1048576K
}
Event: 9.367 GC heap before
{Heap before GC invocations=9 (full 0):
 garbage-first heap   total 220160K, used 155817K [0x00000000c1600000, 0x0000000100000000)
  region size 1024K, 30 young (30720K), 1 survivors (1024K)
 Metaspace       used 20921K, capacity 21277K, committed 21504K, reserved 1069056K
  class space    used 2379K, capacity 2539K, committed 2560K, reserved 1048576K
}
Event: 9.391 GC heap after
{Heap after GC invocations=10 (full 1):
 garbage-first heap   total 220160K, used 126105K [0x00000000c1600000, 0x0000000100000000)
  region size 1024K, 0 young (0K), 0 survivors (0K)
 Metaspace       used 20921K, capacity 21277K, committed 21504K, reserved 1069056K
  class space    used 2379K, capacity 2539K, committed 2560K, reserved 1048576K
}
Event: 12.864 GC heap before
{Heap before GC invocations=10 (full 1):
 garbage-first heap   total 220160K, used 127129K [0x00000000c1600000, 0x0000000100000000)
  region size 1024K, 2 young (2048K), 0 survivors (0K)
 Metaspace       used 21141K, capacity 21501K, committed 21632K, reserved 1069056K
  class space    used 2404K, capacity 2571K, committed 2688K, reserved 1048576K
}
Event: 12.867 GC heap after
{Heap after GC invocations=11 (full 1):
 garbage-first heap   total 220160K, used 126161K [0x00000000c1600000, 0x0000000100000000)
  region size 1024K, 1 young (1024K), 1 survivors (1024K)
 Metaspace       used 21141K, capacity 21501K, committed 21632K, reserved 1069056K
  class space    used 2404K, capacity 2571K, committed 2688K, reserved 1048576K
}
Event: 13.519 GC heap before
{Heap before GC invocations=12 (full 1):
 garbage-first heap   total 225280K, used 131281K [0x00000000c1600000, 0x0000000100000000)
  region size 1024K, 3 young (3072K), 1 survivors (1024K)
 Metaspace       used 21940K, capacity 22332K, committed 22400K, reserved 1069056K
  class space    used 2505K, capacity 2678K, committed 2688K, reserved 1048576K
}
Event: 13.524 GC heap after
{Heap after GC invocations=13 (full 1):
 garbage-first heap   total 225280K, used 130546K [0x00000000c1600000, 0x0000000100000000)
  region size 1024K, 1 young (1024K), 1 survivors (1024K)
 Metaspace       used 21940K, capacity 22332K, committed 22400K, reserved 1069056K
  class space    used 2505K, capacity 2678K, committed 2688K, reserved 1048576K
}
Event: 45.640 GC heap before
{Heap before GC invocations=14 (full 1):
 garbage-first heap   total 232448K, used 164338K [0x00000000c1600000, 0x0000000100000000)
  region size 1024K, 32 young (32768K), 1 survivors (1024K)
 Metaspace       used 24155K, capacity 24592K, committed 24832K, reserved 1071104K
  class space    used 2662K, capacity 2811K, committed 2816K, reserved 1048576K
}
Event: 45.645 GC heap after
{Heap after GC invocations=15 (full 1):
 garbage-first heap   total 232448K, used 137740K [0x00000000c1600000, 0x0000000100000000)
  region size 1024K, 4 young (4096K), 4 survivors (4096K)
 Metaspace       used 24155K, capacity 24592K, committed 24832K, reserved 1071104K
  class space    used 2662K, capacity 2811K, committed 2816K, reserved 1048576K
}
Event: 46.357 GC heap before
{Heap before GC invocations=16 (full 1):
 garbage-first heap   total 245760K, used 144908K [0x00000000c1600000, 0x0000000100000000)
  region size 1024K, 8 young (8192K), 4 survivors (4096K)
 Metaspace       used 24674K, capacity 25153K, committed 25216K, reserved 1071104K
  class space    used 2718K, capacity 2914K, committed 2944K, reserved 1048576K
}
Event: 46.364 GC heap after
{Heap after GC invocations=17 (full 1):
 garbage-first heap   total 245760K, used 139007K [0x00000000c1600000, 0x0000000100000000)
  region size 1024K, 5 young (5120K), 5 survivors (5120K)
 Metaspace       used 24674K, capacity 25153K, committed 25216K, reserved 1071104K
  class space    used 2718K, capacity 2914K, committed 2944K, reserved 1048576K
}
Event: 48.148 GC heap before
{Heap before GC invocations=18 (full 1):
 garbage-first heap   total 247808K, used 193279K [0x00000000c1600000, 0x0000000100000000)
  region size 1024K, 55 young (56320K), 5 survivors (5120K)
 Metaspace       used 25635K, capacity 26121K, committed 26240K, reserved 1073152K
  class space    used 2742K, capacity 2915K, committed 2944K, reserved 1048576K
}
Event: 48.175 GC heap after
{Heap after GC invocations=19 (full 1):
 garbage-first heap   total 247808K, used 154733K [0x00000000c1600000, 0x0000000100000000)
  region size 1024K, 7 young (7168K), 7 survivors (7168K)
 Metaspace       used 25635K, capacity 26121K, committed 26240K, reserved 1073152K
  class space    used 2742K, capacity 2915K, committed 2944K, reserved 1048576K
}
Event: 48.967 GC heap before
{Heap before GC invocations=19 (full 1):
 garbage-first heap   total 247808K, used 192621K [0x00000000c1600000, 0x0000000100000000)
  region size 1024K, 45 young (46080K), 7 survivors (7168K)
 Metaspace       used 25656K, capacity 26122K, committed 26240K, reserved 1073152K
  class space    used 2742K, capacity 2915K, committed 2944K, reserved 1048576K
}
Event: 49.019 GC heap after
{Heap after GC invocations=20 (full 1):
 garbage-first heap   total 247808K, used 167506K [0x00000000c1600000, 0x0000000100000000)
  region size 1024K, 6 young (6144K), 6 survivors (6144K)
 Metaspace       used 25656K, capacity 26122K, committed 26240K, reserved 1073152K
  class space    used 2742K, capacity 2915K, committed 2944K, reserved 1048576K
}

Deoptimization events (20 events):
Event: 46.326 Thread 0x00000122ed2fa000 DEOPT PACKING pc=0x00000122debe3d20 sp=0x000000226b5fed30
Event: 46.326 Thread 0x00000122ed2fa000 DEOPT UNPACKING pc=0x00000122d70d912f sp=0x000000226b5feca0 mode 2
Event: 46.404 Thread 0x00000122eabb1800 Uncommon trap: trap_request=0xffffff45 fr.pc=0x00000122deca69e4 relative=0x0000000000000344
Event: 46.404 Thread 0x00000122eabb1800 Uncommon trap: reason=unstable_if action=reinterpret pc=0x00000122deca69e4 method=sun.awt.image.ImageDecoder.nextConsumer(Lsun/awt/image/ImageConsumerQueue;)Lsun/awt/image/ImageConsumerQueue; @ 11 c2
Event: 46.404 Thread 0x00000122eabb1800 DEOPT PACKING pc=0x00000122deca69e4 sp=0x000000226adfe950
Event: 46.404 Thread 0x00000122eabb1800 DEOPT UNPACKING pc=0x00000122d70d912f sp=0x000000226adfe910 mode 2
Event: 46.450 Thread 0x00000122ed2fa000 DEOPT PACKING pc=0x00000122d7af4a68 sp=0x000000226b5fd700
Event: 46.450 Thread 0x00000122ed2fa000 DEOPT UNPACKING pc=0x00000122d70d964e sp=0x000000226b5fcbe0 mode 0
Event: 46.960 Thread 0x00000122ed2fa000 Uncommon trap: trap_request=0xffffff45 fr.pc=0x00000122dec12f18 relative=0x0000000000003a98
Event: 46.960 Thread 0x00000122ed2fa000 Uncommon trap: reason=unstable_if action=reinterpret pc=0x00000122dec12f18 method=sun.awt.PostEventQueue.flush()V @ 23 c2
Event: 46.960 Thread 0x00000122ed2fa000 DEOPT PACKING pc=0x00000122dec12f18 sp=0x000000226b5fed40
Event: 46.960 Thread 0x00000122ed2fa000 DEOPT UNPACKING pc=0x00000122d70d912f sp=0x000000226b5feb48 mode 2
Event: 47.230 Thread 0x00000122eabb1000 DEOPT PACKING pc=0x00000122d7dfa0b9 sp=0x000000226aefebe0
Event: 47.230 Thread 0x00000122eabb1000 DEOPT UNPACKING pc=0x00000122d70d964e sp=0x000000226aefe070 mode 0
Event: 47.749 Thread 0x00000122eabaf000 DEOPT PACKING pc=0x00000122d7e6a3ab sp=0x000000226b1fe510
Event: 47.749 Thread 0x00000122eabaf000 DEOPT UNPACKING pc=0x00000122d70d964e sp=0x000000226b1fd9d0 mode 0
Event: 48.526 Thread 0x00000122eabb5000 Uncommon trap: trap_request=0xffffffcc fr.pc=0x00000122ded4e0b8 relative=0x00000000000001f8
Event: 48.526 Thread 0x00000122eabb5000 Uncommon trap: reason=intrinsic_or_type_checked_inlining action=make_not_entrant pc=0x00000122ded4e0b8 method=java.util.Arrays.copyOf([Ljava/lang/Object;ILjava/lang/Class;)[Ljava/lang/Object; @ 35 c2
Event: 48.526 Thread 0x00000122eabb5000 DEOPT PACKING pc=0x00000122ded4e0b8 sp=0x000000226b0fe950
Event: 48.526 Thread 0x00000122eabb5000 DEOPT UNPACKING pc=0x00000122d70d912f sp=0x000000226b0fe8e0 mode 2

Classes unloaded (0 events):
No events

Classes redefined (0 events):
No events

Internal exceptions (20 events):
Event: 1.717 Thread 0x00000122eba32800 Exception <a 'java/lang/reflect/InvocationTargetException'{0x00000000c4f68c40}> (0x00000000c4f68c40) 
thrown [t:/workspace/open/src/hotspot/share/runtime/reflection.cpp, line 1188]
Event: 1.759 Thread 0x00000122eba32800 Exception <a 'java/lang/NoSuchMethodError'{0x00000000c4ebee90}: 'java.lang.Object java.lang.invoke.DirectMethodHandle$Holder.invokeVirtual(java.lang.Object, java.lang.Object, java.lang.Object)'> (0x00000000c4ebee90) 
thrown [t:/workspace/open/src/hotspot/share/interpreter/linkResolver.cpp, line 767]
Event: 2.217 Thread 0x00000122eba32800 Exception <a 'java/lang/NoSuchMethodError'{0x00000000c4454c60}: 'java.lang.Object java.lang.invoke.DirectMethodHandle$Holder.invokeStatic(java.lang.Object, int, java.lang.Object, java.lang.Object, java.lang.Object, java.lang.Object)'> (0x00000000c4454c60) 
thrown [t:/workspace/open/src/hotspot/share/interpreter/linkResolver.cpp, line 767]
Event: 2.218 Thread 0x00000122eba32800 Exception <a 'java/lang/NoSuchMethodError'{0x00000000c445b5c8}: 'java.lang.Object java.lang.invoke.DirectMethodHandle$Holder.invokeStatic(java.lang.Object, int, java.lang.Object, java.lang.Object, java.lang.Object)'> (0x00000000c445b5c8) 
thrown [t:/workspace/open/src/hotspot/share/interpreter/linkResolver.cpp, line 767]
Event: 2.219 Thread 0x00000122eba32800 Exception <a 'java/lang/NoSuchMethodError'{0x00000000c445ee30}: 'java.lang.Object java.lang.invoke.DirectMethodHandle$Holder.invokeSpecial(java.lang.Object, java.lang.Object, int, java.lang.Object, java.lang.Object, java.lang.Object)'> (0x00000000c445ee30) 
thrown [t:/workspace/open/src/hotspot/share/interpreter/linkResolver.cpp, line 767]
Event: 2.223 Thread 0x00000122eba32800 Exception <a 'java/lang/NoSuchMethodError'{0x00000000c4475170}: 'java.lang.Object java.lang.invoke.DirectMethodHandle$Holder.invokeStatic(java.lang.Object, int, java.lang.Object)'> (0x00000000c4475170) 
thrown [t:/workspace/open/src/hotspot/share/interpreter/linkResolver.cpp, line 767]
Event: 2.263 Thread 0x00000122eba32800 Exception <a 'java/lang/ClassNotFoundException'{0x00000000c551b728}: com/sun/swing/internal/plaf/metal/resources/spi/metalProvider> (0x00000000c551b728) 
thrown [t:/workspace/open/src/hotspot/share/classfile/systemDictionary.cpp, line 232]
Event: 2.264 Thread 0x00000122eba32800 Exception <a 'java/lang/ClassNotFoundException'{0x00000000c551f7d0}: com/sun/swing/internal/plaf/basic/resources/spi/basicProvider> (0x00000000c551f7d0) 
thrown [t:/workspace/open/src/hotspot/share/classfile/systemDictionary.cpp, line 232]
Event: 2.271 Thread 0x00000122eba32800 Implicit null exception at 0x00000122debf3685 to 0x00000122debf386e
Event: 2.271 Thread 0x00000122eba32800 Implicit null exception at 0x00000122debbb6af to 0x00000122debbb72d
Event: 2.305 Thread 0x00000122eba32800 Exception <a 'java/net/UnknownHostException'{0x00000000c553d018}> (0x00000000c553d018) 
thrown [t:/workspace/open/src/hotspot/share/prims/jni.cpp, line 598]
Event: 2.370 Thread 0x00000122eba32800 Implicit null exception at 0x00000122debf520e to 0x00000122debf5df2
Event: 3.381 Thread 0x00000122eabb1000 Implicit null exception at 0x00000122deba3904 to 0x00000122deba3e8e
Event: 3.382 Thread 0x00000122eabb5000 Exception <a 'java/lang/NullPointerException'{0x00000000c4e052f8}> (0x00000000c4e052f8) 
thrown [t:/workspace/open/src/hotspot/share/interpreter/linkResolver.cpp, line 1349]
Event: 3.581 Thread 0x00000122eba32800 Exception <a 'java/lang/NoSuchMethodError'{0x00000000c4f9d118}: 'void java.lang.invoke.DirectMethodHandle$Holder.invokeStaticInit(java.lang.Object)'> (0x00000000c4f9d118) 
thrown [t:/workspace/open/src/hotspot/share/interpreter/linkResolver.cpp, line 767]
Event: 3.813 Thread 0x00000122eba32800 Exception <a 'java/lang/NoSuchMethodError'{0x00000000c4eab1b0}: 'java.lang.Object java.lang.invoke.Invokers$Holder.linkToTargetMethod(java.lang.Object, int, java.lang.Object)'> (0x00000000c4eab1b0) 
thrown [t:/workspace/open/src/hotspot/share/interpreter/linkResolver.cpp, line 767]
Event: 13.871 Thread 0x00000122eabb1000 Implicit null exception at 0x00000122deba2e04 to 0x00000122deba335e
Event: 38.916 Thread 0x00000122eabb1800 Exception <a 'java/lang/InterruptedException'{0x00000000ce9aca80}: sleep interrupted> (0x00000000ce9aca80) 
thrown [t:/workspace/open/src/hotspot/share/prims/jvm.cpp, line 2966]
Event: 46.404 Thread 0x00000122eabb1800 Exception <a 'java/lang/InterruptedException'{0x00000000d04721d8}: sleep interrupted> (0x00000000d04721d8) 
thrown [t:/workspace/open/src/hotspot/share/prims/jvm.cpp, line 2966]
Event: 48.782 Thread 0x00000122ed2f6000 Exception <a 'java/lang/NullPointerException'{0x00000000ceb4bd30}> (0x00000000ceb4bd30) 
thrown [t:/workspace/open/src/hotspot/share/interpreter/linkResolver.cpp, line 1349]

Events (20 events):
Event: 48.177 Executing VM operation: RevokeBias
Event: 48.177 Executing VM operation: RevokeBias done
Event: 48.177 Executing VM operation: RevokeBias
Event: 48.177 Executing VM operation: RevokeBias done
Event: 48.177 Executing VM operation: RevokeBias
Event: 48.177 Executing VM operation: RevokeBias done
Event: 48.177 Executing VM operation: RevokeBias
Event: 48.177 Executing VM operation: RevokeBias done
Event: 48.177 Executing VM operation: BulkRevokeBias
Event: 48.177 Executing VM operation: BulkRevokeBias done
Event: 48.251 Executing VM operation: HandshakeAllThreads
Event: 48.251 Executing VM operation: HandshakeAllThreads done
Event: 48.253 Thread 0x00000122eabc0000 flushing nmethod 0x00000122d76a6790
Event: 48.255 Thread 0x00000122eabc0000 flushing nmethod 0x00000122d7980f90
Event: 48.255 Thread 0x00000122eabc0000 flushing nmethod 0x00000122d79b8590
Event: 48.256 Thread 0x00000122eabc0000 flushing nmethod 0x00000122d7ad4590
Event: 48.256 Thread 0x00000122eabc0000 flushing nmethod 0x00000122d7afaf90
Event: 48.966 Executing VM operation: G1CollectForAllocation
Event: 49.020 Executing VM operation: G1CollectForAllocation done
Event: 49.098 Executing VM operation: G1Concurrent


Dynamic libraries:
0x00007ff699770000 - 0x00007ff69977f000 	C:\Program Files\Java\jdk-13.0.2\bin\javaw.exe
0x00007ffeeda40000 - 0x00007ffeedc30000 	C:\Windows\SYSTEM32\ntdll.dll
0x00007ffeec180000 - 0x00007ffeec232000 	C:\Windows\System32\KERNEL32.DLL
0x00007ffeeb090000 - 0x00007ffeeb335000 	C:\Windows\System32\KERNELBASE.dll
0x00007ffeeaa60000 - 0x00007ffeeab5a000 	C:\Windows\System32\ucrtbase.dll
0x00007ffed3cb0000 - 0x00007ffed3cc5000 	C:\Program Files\Java\jdk-13.0.2\bin\VCRUNTIME140.dll
0x00007ffec6080000 - 0x00007ffec6098000 	C:\Program Files\Java\jdk-13.0.2\bin\jli.dll
0x00007ffeebac0000 - 0x00007ffeebb63000 	C:\Windows\System32\ADVAPI32.dll
0x00007ffeeca00000 - 0x00007ffeeca9e000 	C:\Windows\System32\msvcrt.dll
0x00007ffeed4a0000 - 0x00007ffeed537000 	C:\Windows\System32\sechost.dll
0x00007ffeece00000 - 0x00007ffeecf1f000 	C:\Windows\System32\RPCRT4.dll
0x00007ffeecc60000 - 0x00007ffeecdf4000 	C:\Windows\System32\USER32.dll
0x00007ffeeab60000 - 0x00007ffeeab81000 	C:\Windows\System32\win32u.dll
0x00007ffedc2d0000 - 0x00007ffedc554000 	C:\Windows\WinSxS\amd64_microsoft.windows.common-controls_6595b64144ccf1df_6.0.18362.1556_none_9e7e372fe45e41d5\COMCTL32.dll
0x00007ffeec0d0000 - 0x00007ffeec0f6000 	C:\Windows\System32\GDI32.dll
0x00007ffeebd60000 - 0x00007ffeec096000 	C:\Windows\System32\combase.dll
0x00007ffeeae00000 - 0x00007ffeeaf98000 	C:\Windows\System32\gdi32full.dll
0x00007ffeead60000 - 0x00007ffeeadfe000 	C:\Windows\System32\msvcp_win.dll
0x00007ffeeb000000 - 0x00007ffeeb081000 	C:\Windows\System32\bcryptPrimitives.dll
0x00007ffee1380000 - 0x00007ffee138a000 	C:\Windows\SYSTEM32\VERSION.dll
0x00007ffeec0a0000 - 0x00007ffeec0ce000 	C:\Windows\System32\IMM32.DLL
0x00007ffec5790000 - 0x00007ffec582b000 	C:\Program Files\Java\jdk-13.0.2\bin\msvcp140.dll
0x00007ffeb8910000 - 0x00007ffeb946d000 	C:\Program Files\Java\jdk-13.0.2\bin\server\jvm.dll
0x00007ffeec9e0000 - 0x00007ffeec9e8000 	C:\Windows\System32\PSAPI.DLL
0x00007ffee89c0000 - 0x00007ffee89e4000 	C:\Windows\SYSTEM32\WINMM.dll
0x00007ffee0c10000 - 0x00007ffee0c19000 	C:\Windows\SYSTEM32\WSOCK32.dll
0x00007ffeecff0000 - 0x00007ffeed05f000 	C:\Windows\System32\WS2_32.dll
0x00007ffee8990000 - 0x00007ffee89bd000 	C:\Windows\SYSTEM32\winmmbase.dll
0x00007ffeeabb0000 - 0x00007ffeeabfa000 	C:\Windows\System32\cfgmgr32.dll
0x00007ffeea8d0000 - 0x00007ffeea8e1000 	C:\Windows\System32\kernel.appcore.dll
0x00007ffed2340000 - 0x00007ffed2350000 	C:\Program Files\Java\jdk-13.0.2\bin\verify.dll
0x00007ffedbb40000 - 0x00007ffedbd34000 	C:\Windows\SYSTEM32\DBGHELP.DLL
0x00007ffedba00000 - 0x00007ffedba2a000 	C:\Windows\SYSTEM32\dbgcore.DLL
0x00007ffec5760000 - 0x00007ffec5786000 	C:\Program Files\Java\jdk-13.0.2\bin\java.dll
0x00007ffec6040000 - 0x00007ffec6057000 	C:\Program Files\Java\jdk-13.0.2\bin\zip.dll
0x00007ffec6070000 - 0x00007ffec607a000 	C:\Program Files\Java\jdk-13.0.2\bin\jimage.dll
0x00007ffeec240000 - 0x00007ffeec927000 	C:\Windows\System32\SHELL32.dll
0x00007ffeebbf0000 - 0x00007ffeebc98000 	C:\Windows\System32\shcore.dll
0x00007ffeeb340000 - 0x00007ffeebabb000 	C:\Windows\System32\windows.storage.dll
0x00007ffeea940000 - 0x00007ffeea95e000 	C:\Windows\System32\profapi.dll
0x00007ffeea8f0000 - 0x00007ffeea93a000 	C:\Windows\System32\powrprof.dll
0x00007ffeea8c0000 - 0x00007ffeea8d0000 	C:\Windows\System32\UMPDC.dll
0x00007ffeebca0000 - 0x00007ffeebcf2000 	C:\Windows\System32\shlwapi.dll
0x00007ffeeab90000 - 0x00007ffeeaba7000 	C:\Windows\System32\cryptsp.dll
0x00007ffec5740000 - 0x00007ffec5759000 	C:\Program Files\Java\jdk-13.0.2\bin\net.dll
0x00007ffee09e0000 - 0x00007ffee0ada000 	C:\Windows\SYSTEM32\WINHTTP.dll
0x00007ffeea0a0000 - 0x00007ffeea107000 	C:\Windows\system32\mswsock.dll
0x00007ffec5720000 - 0x00007ffec5733000 	C:\Program Files\Java\jdk-13.0.2\bin\nio.dll
0x00007ffebe490000 - 0x00007ffebe629000 	C:\Program Files\Java\jdk-13.0.2\bin\awt.dll
0x00007ffeecf20000 - 0x00007ffeecfe5000 	C:\Windows\System32\OLEAUT32.dll
0x00007ffee8900000 - 0x00007ffee898f000 	C:\Windows\SYSTEM32\apphelp.dll
0x00007ffee8be0000 - 0x00007ffee8c79000 	C:\Windows\system32\uxtheme.dll
0x00007ffeed360000 - 0x00007ffeed495000 	C:\Windows\System32\MSCTF.dll
0x00007ffeecaa0000 - 0x00007ffeecbf7000 	C:\Windows\System32\ole32.dll
0x00007ffee9df0000 - 0x00007ffee9ebb000 	C:\Windows\SYSTEM32\DNSAPI.dll
0x00007ffeec9f0000 - 0x00007ffeec9f8000 	C:\Windows\System32\NSI.dll
0x00007ffee9db0000 - 0x00007ffee9dea000 	C:\Windows\SYSTEM32\IPHLPAPI.DLL
0x00007ffee03f0000 - 0x00007ffee03fa000 	C:\Windows\System32\rasadhlp.dll
0x00007ffee18a0000 - 0x00007ffee1917000 	C:\Windows\System32\fwpuclnt.dll
0x00007ffeea980000 - 0x00007ffeea9a6000 	C:\Windows\System32\bcrypt.dll
0x00007ffee0d80000 - 0x00007ffee0d8e000 	C:\Program Files\Java\jdk-13.0.2\bin\sunmscapi.dll
0x00007ffeeac00000 - 0x00007ffeead51000 	C:\Windows\System32\CRYPT32.dll
0x00007ffeea960000 - 0x00007ffeea972000 	C:\Windows\System32\MSASN1.dll
0x00007ffeea3e0000 - 0x00007ffeea406000 	C:\Windows\SYSTEM32\ncrypt.dll
0x00007ffeea3a0000 - 0x00007ffeea3db000 	C:\Windows\SYSTEM32\NTASN1.dll
0x00007ffec55f0000 - 0x00007ffec5615000 	C:\Program Files\Java\jdk-13.0.2\bin\sunec.dll
0x00007ffee9c20000 - 0x00007ffee9c53000 	C:\Windows\system32\rsaenh.dll
0x00007ffeea7b0000 - 0x00007ffeea7d5000 	C:\Windows\SYSTEM32\USERENV.dll
0x00007ffeea270000 - 0x00007ffeea27c000 	C:\Windows\SYSTEM32\CRYPTBASE.dll
0x00007ffee1980000 - 0x00007ffee1996000 	C:\Windows\SYSTEM32\dhcpcsvc6.DLL
0x00007ffee1a50000 - 0x00007ffee1a6c000 	C:\Windows\SYSTEM32\dhcpcsvc.DLL
0x00007ffee8cd0000 - 0x00007ffee8cfd000 	C:\Windows\system32\DWMAPI.DLL
0x00007ffebf640000 - 0x00007ffebf796000 	C:\Windows\system32\opengl32.dll
0x00007ffedf440000 - 0x00007ffedf46c000 	C:\Windows\SYSTEM32\GLU32.dll
0x00007ffee9500000 - 0x00007ffee9520000 	C:\Windows\SYSTEM32\dxcore.dll
0x00007ffecc410000 - 0x00007ffecc492000 	C:\Program Files\Java\jdk-13.0.2\bin\freetype.dll
0x00007ffecc2e0000 - 0x00007ffecc386000 	C:\Program Files\Java\jdk-13.0.2\bin\fontmanager.dll
0x00007ffedf0a0000 - 0x00007ffedf13b000 	C:\Windows\System32\TextInputFramework.dll
0x00007ffee8530000 - 0x00007ffee8604000 	C:\Windows\System32\CoreMessaging.dll
0x00007ffee55f0000 - 0x00007ffee591a000 	C:\Windows\System32\CoreUIComponents.dll
0x00007ffee9900000 - 0x00007ffee9931000 	C:\Windows\SYSTEM32\ntmarta.dll
0x00007ffee6670000 - 0x00007ffee67c2000 	C:\Windows\SYSTEM32\wintypes.dll
0x00007ffeddaa0000 - 0x00007ffeddd47000 	C:\Windows\System32\iertutil.dll
0x00007ffeec930000 - 0x00007ffeec9d2000 	C:\Windows\System32\clbcatq.dll
0x00007ffee53d0000 - 0x00007ffee557f000 	C:\Windows\SYSTEM32\WindowsCodecs.dll
0x00007ffee8a80000 - 0x00007ffee8abb000 	C:\Windows\system32\dataexchange.dll
0x00007ffee78f0000 - 0x00007ffee7b4b000 	C:\Windows\system32\d3d11.dll
0x00007ffee7fb0000 - 0x00007ffee818d000 	C:\Windows\system32\dcomp.dll
0x00007ffee9590000 - 0x00007ffee967b000 	C:\Windows\system32\dxgi.dll
0x00007ffee8d00000 - 0x00007ffee8f5a000 	C:\Windows\system32\twinapi.appcore.dll
0x00007ffee91f0000 - 0x00007ffee9219000 	C:\Windows\system32\RMCLIENT.dll

dbghelp: loaded successfully - version: 4.0.5 - missing functions: none
symbol engine: initialized successfully - sym options: 0x614 - pdb path: .;C:\Program Files\Java\jdk-13.0.2\bin;C:\Windows\SYSTEM32;C:\Windows\WinSxS\amd64_microsoft.windows.common-controls_6595b64144ccf1df_6.0.18362.1556_none_9e7e372fe45e41d5;C:\Program Files\Java\jdk-13.0.2\bin\server

VM Arguments:
jvm_args: -Dfile.encoding=Cp1252 
java_command: Application.Home
java_class_path (initial): C:\Users\User\git\bakame\DriveOperations\target\classes;C:\Users\User\Desktop\Libraries\jgoodies-common-1.8.0.jar;C:\Users\User\Desktop\Libraries\jgoodies-forms-1.8.0.jar;C:\Users\User\Desktop\Libraries\miglayout15-swing.jar;C:\Users\User\Downloads\javax.mail.jar;C:\Users\User\Downloads\activation-1.1.1.jar;C:\Users\User\Downloads\jcalendar-1.4.jar;C:\Users\User\Downloads\jfreechart-1.0.19\lib\jcommon-1.0.23.jar;C:\Users\User\Downloads\jfreechart-1.0.19\lib\jfreechart-1.0.19.jar;C:\Users\User\Downloads\commons-net-3.8.0\commons-net-3.8.0.jar;C:\Users\User\Documents\Libs\comm-2.0.jar;C:\Users\User\Documents\Libs\http-2.2.1.jar;C:\Users\User\Downloads\JTattoo-1.6.13.jar;C:\Users\User\Desktop\Libs\jmespath-java-1.11.470.jar;C:\Users\User\Desktop\Libs\aws-java-sdk-core-1.12.65.jar;C:\Users\User\Desktop\Libs\aws-java-sdk-kms-1.12.65.jar;C:\Users\User\Desktop\Libs\aws-java-sdk-s3-1.12.65.jar;C:\Users\User\Desktop\Libs\commons-codec-1.15.jar;C:\Users\User\Desktop\Libs\commons-logging-1.1.3.jar;C:\Users\User\Desktop\Libs\httpclient-4.5.13.jar;C:\Users\User\Desktop\Libs\ion-java-1.0.2.jar;C:\Users\User\Desktop\Libs\jackson-annotations-2.12.3.jar;C:\Users\User\Desktop\Libs\jackson-core-2.12.3.jar;C:\Users\User\Desktop\Libs\jackson-databind-2.12.3.jar;C:\Users\User\Desktop\Libs\jackson-dataformat-cbor-2.12.3.jar;C:\Users\User\Desktop\Libs\jmespath-java-1.12.65.jar;C:\Users\User\Desktop\Libs\joda-time-2.8.1.jar;C:\Users\User\Desktop\Libs\mysql-connector-java-5.1.45.jar;C:\Users\User\.m2\repository\com\amazonaws\aws-java-sdk-s3\1.12.65\aws-java-sdk-s3-1.12.65.jar;C:\Users\User\.m2\repository\com\amazonaws\aws-java-sdk-kms\1.12.65\aws-java-sdk-kms-1.12.65.jar;C:\Users\User\.m2\repository\com\amazonaws\aws-java-sdk-core\1.12.65\aws-java-sdk-core-1.12.65.jar;C:\Users\User\.m2\repository\commons-logging\commons-logging\1.1.3\commons-logging-1.1.3.jar;C:\Users\User\.m2\repository\commons-codec\commons-codec\1.15\commons-codec-1.15.jar;C:\Users\User\.m2\re
Launcher Type: SUN_STANDARD

[Global flags]
     intx CICompilerCount                          = 3                                         {product} {ergonomic}
     uint ConcGCThreads                            = 1                                         {product} {ergonomic}
     uint G1ConcRefinementThreads                  = 4                                         {product} {ergonomic}
   size_t G1HeapRegionSize                         = 1048576                                   {product} {ergonomic}
    uintx GCDrainStackTargetSize                   = 64                                        {product} {ergonomic}
   size_t InitialHeapSize                          = 67108864                                  {product} {ergonomic}
   size_t MarkStackSize                            = 4194304                                   {product} {ergonomic}
   size_t MaxHeapSize                              = 1050673152                                {product} {ergonomic}
   size_t MaxNewSize                               = 630194176                                 {product} {ergonomic}
   size_t MinHeapDeltaBytes                        = 1048576                                   {product} {ergonomic}
   size_t MinHeapSize                              = 8388608                                   {product} {ergonomic}
    uintx NonNMethodCodeHeapSize                   = 5832780                                {pd product} {ergonomic}
    uintx NonProfiledCodeHeapSize                  = 122912730                              {pd product} {ergonomic}
    uintx ProfiledCodeHeapSize                     = 122912730                              {pd product} {ergonomic}
    uintx ReservedCodeCacheSize                    = 251658240                              {pd product} {ergonomic}
     bool SegmentedCodeCache                       = true                                      {product} {ergonomic}
   size_t SoftMaxHeapSize                          = 1050673152                             {manageable} {ergonomic}
     bool UseCompressedClassPointers               = true                                 {lp64_product} {ergonomic}
     bool UseCompressedOops                        = true                                 {lp64_product} {ergonomic}
     bool UseG1GC                                  = true                                      {product} {ergonomic}
     bool UseLargePagesIndividualAllocation        = false                                  {pd product} {ergonomic}

Logging:
Log output configuration:
 #0: stdout all=warning uptime,level,tags
 #1: stderr all=off uptime,level,tags

Environment Variables:
JAVA_HOME=C:\Program Files (x86)\Java\jre1.8.0_241
PATH=C:\Program Files\Java\jdk-13.0.2\bin;C:\Program Files (x86)\Common Files\Oracle\Java\javapath;C:\Windows\system32;C:\Windows;C:\Windows\System32\Wbem;C:\Windows\System32\WindowsPowerShell\v1.0\;C:\Windows\System32\OpenSSH\;C:\Program Files (x86)\apache-maven-3.8.1\bin;C:\Program Files (x86)\gradle-7.1.1\bin;C:\Users\User\Documents\Setup logiciels\mongosh-1.1.2-win32-x64\bin;C:\Program Files\MySQL\MySQL Shell 8.0\bin\;C:\Users\User\AppData\Local\Microsoft\WindowsApps;C:\Users\User\AppData\Local\Programs\Microsoft VS Code\bin;C:\Program Files (x86)\gradle-7.1.1\bin;C:\Users\User\Downloads\platform-tools;C:\Users\User\Documents\Setup logiciels\mongosh-1.1.2-win32-x64\bin;C:\Users\User\AppData\Local\GitHubDesktop\bin
USERNAME=User
OS=Windows_NT
PROCESSOR_IDENTIFIER=Intel64 Family 6 Model 42 Stepping 7, GenuineIntel



---------------  S Y S T E M  ---------------

OS: Windows 10 , 64 bit Build 18362 (10.0.18362.1500)

CPU:total 4 (initial active 4) (2 cores per cpu, 2 threads per core) family 6 model 42 stepping 7, cmov, cx8, fxsr, mmx, sse, sse2, sse3, ssse3, sse4.1, sse4.2, popcnt, avx, aes, clmul, ht, tsc, tscinvbit

Memory: 4k page, system-wide physical 4006M (335M free)
TotalPageFile size 16294M (AvailPageFile size 23M)
current process WorkingSet (physical memory assigned to process): 356M, peak: 356M
current process commit charge ("private bytes"): 385M, peak: 428M

vm_info: Java HotSpot(TM) 64-Bit Server VM (13.0.2+8) for windows-amd64 JRE (13.0.2+8), built on Dec 11 2019 09:20:33 by "mach5one" with unknown MS VC++:1916

END.
