#
# There is insufficient memory for the Java Runtime Environment to continue.
# Native memory allocation (mmap) failed to map 117440512 bytes for Failed to commit area from 0x00000000c5600000 to 0x00000000cc600000 of length 117440512.
# Possible reasons:
#   The system is out of physical RAM or swap space
#   The process is running with CompressedOops enabled, and the Java Heap may be blocking the growth of the native heap
# Possible solutions:
#   Reduce memory load on the system
#   Increase physical memory or swap space
#   Check if swap backing store is full
#   Decrease Java heap size (-Xmx/-Xms)
#   Decrease number of Java threads
#   Decrease Java thread stack sizes (-Xss)
#   Set larger code cache with -XX:ReservedCodeCacheSize=
#   JVM is running with Unscaled Compressed Oops mode in which the Java heap is
#     placed in the first 4GB address space. The Java Heap base address is the
#     maximum limit for the native heap growth. Please use -XX:HeapBaseMinAddress
#     to set the Java Heap base and to place the Java Heap above 4GB virtual address.
# This output file may be truncated or incomplete.
#
#  Out of Memory Error (t:/workspace/open/src/hotspot/os/windows/os_windows.cpp:3301), pid=13120, tid=11956
#
# JRE version: Java(TM) SE Runtime Environment (13.0.2+8) (build 13.0.2+8)
# Java VM: Java HotSpot(TM) 64-Bit Server VM (13.0.2+8, mixed mode, sharing, tiered, compressed oops, g1 gc, windows-amd64)
# No core dump will be written. Minidumps are not enabled by default on client versions of Windows
#

---------------  S U M M A R Y ------------

Command Line: -Dfile.encoding=Cp1252 Application.Home

Host: Intel(R) Core(TM) i5-2520M CPU @ 2.50GHz, 4 cores, 3G,  Windows 10 , 64 bit Build 18362 (10.0.18362.1500)
Time: Fri May  6 11:45:24 2022 Afrique de l?Est elapsed time: 2 seconds (0d 0h 0m 2s)

---------------  T H R E A D  ---------------

Current thread (0x00000194fefd6000):  JavaThread "Image Fetcher 0" daemon [_thread_in_vm, id=11956, stack(0x00000019e6100000,0x00000019e6200000)]

Stack: [0x00000019e6100000,0x00000019e6200000]
Native frames: (J=compiled Java code, j=interpreted, Vv=VM code, C=native code)
V  [jvm.dll+0x624f9a]
V  [jvm.dll+0x770cfa]
V  [jvm.dll+0x7724af]
V  [jvm.dll+0x772ab3]
V  [jvm.dll+0x24bf08]
V  [jvm.dll+0x6222aa]
V  [jvm.dll+0x6170b5]
V  [jvm.dll+0x30a88c]
V  [jvm.dll+0x30a6c2]
V  [jvm.dll+0x30fe36]
V  [jvm.dll+0x353f46]
V  [jvm.dll+0x353720]
V  [jvm.dll+0x2e5d5e]
V  [jvm.dll+0x2e16ff]
V  [jvm.dll+0x5be8b5]
V  [jvm.dll+0x5be33b]
V  [jvm.dll+0x1f48d5]
V  [jvm.dll+0x74b3a7]
V  [jvm.dll+0x3783ea]
C  0x000001948001fd37

Java frames: (J=compiled Java code, j=interpreted, Vv=VM code)
j  java.awt.image.DataBufferInt.<init>(I)V+11 java.desktop@13.0.2
j  java.awt.image.Raster.createPackedRaster(III[ILjava/awt/Point;)Ljava/awt/image/WritableRaster;+69 java.desktop@13.0.2
j  java.awt.image.DirectColorModel.createCompatibleWritableRaster(II)Ljava/awt/image/WritableRaster;+83 java.desktop@13.0.2
j  sun.awt.image.ImageRepresentation.createBufferedImage()V+18 java.desktop@13.0.2
J 1763 c1 sun.awt.image.ImageRepresentation.setPixels(IIIILjava/awt/image/ColorModel;[III)V java.desktop@13.0.2 (527 bytes) @ 0x0000019480927cec [0x0000019480927960+0x000000000000038c]
J 1778% c2 sun.awt.image.PNGImageDecoder.produceImage()V java.desktop@13.0.2 (1917 bytes) @ 0x0000019487b7cff0 [0x0000019487b7c960+0x0000000000000690]
j  sun.awt.image.InputStreamImageSource.doFetch()V+51 java.desktop@13.0.2
j  sun.awt.image.ImageFetcher.fetchloop()V+31 java.desktop@13.0.2
j  sun.awt.image.ImageFetcher.run()V+5 java.desktop@13.0.2
v  ~StubRoutines::call_stub

---------------  P R O C E S S  ---------------

Threads class SMR info:
_java_thread_list=0x000001948f1183e0, length=23, elements={
0x00000194fe08e800, 0x00000194fe093000, 0x00000194fe0ad000, 0x00000194fe0af000,
0x00000194fe0b0800, 0x00000194fe0b6000, 0x00000194fe0c7800, 0x00000194feb1e000,
0x00000194feb28800, 0x00000194fee96800, 0x00000194fef44800, 0x00000194fef45800,
0x00000194fef55000, 0x00000194f10a2800, 0x00000194fef69000, 0x00000194fef92000,
0x00000194fefd6000, 0x000001948f21f800, 0x000001948f163000, 0x000001948f991800,
0x00000194ff5ef800, 0x000001948f408000, 0x000001948f403800
}

Java Threads: ( => current thread )
  0x00000194fe08e800 JavaThread "Reference Handler" daemon [_thread_blocked, id=13916, stack(0x00000019e5100000,0x00000019e5200000)]
  0x00000194fe093000 JavaThread "Finalizer" daemon [_thread_blocked, id=9664, stack(0x00000019e5200000,0x00000019e5300000)]
  0x00000194fe0ad000 JavaThread "Signal Dispatcher" daemon [_thread_blocked, id=1944, stack(0x00000019e5300000,0x00000019e5400000)]
  0x00000194fe0af000 JavaThread "Attach Listener" daemon [_thread_blocked, id=10712, stack(0x00000019e5400000,0x00000019e5500000)]
  0x00000194fe0b0800 JavaThread "C2 CompilerThread0" daemon [_thread_blocked, id=7092, stack(0x00000019e5500000,0x00000019e5600000)]
  0x00000194fe0b6000 JavaThread "C1 CompilerThread0" daemon [_thread_blocked, id=10464, stack(0x00000019e5600000,0x00000019e5700000)]
  0x00000194fe0c7800 JavaThread "Sweeper thread" daemon [_thread_blocked, id=8260, stack(0x00000019e5700000,0x00000019e5800000)]
  0x00000194feb1e000 JavaThread "Service Thread" daemon [_thread_blocked, id=8232, stack(0x00000019e5800000,0x00000019e5900000)]
  0x00000194feb28800 JavaThread "Common-Cleaner" daemon [_thread_blocked, id=14528, stack(0x00000019e5a00000,0x00000019e5b00000)]
  0x00000194fee96800 JavaThread "Java2D Disposer" daemon [_thread_blocked, id=14500, stack(0x00000019e5b00000,0x00000019e5c00000)]
  0x00000194fef44800 JavaThread "AWT-Shutdown" [_thread_blocked, id=13808, stack(0x00000019e5c00000,0x00000019e5d00000)]
  0x00000194fef45800 JavaThread "AWT-Windows" daemon [_thread_in_native, id=12984, stack(0x00000019e5d00000,0x00000019e5e00000)]
  0x00000194fef55000 JavaThread "AWT-EventQueue-0" [_thread_blocked, id=11668, stack(0x00000019e5e00000,0x00000019e5f00000)]
  0x00000194f10a2800 JavaThread "DestroyJavaVM" [_thread_blocked, id=5616, stack(0x00000019e4a00000,0x00000019e4b00000)]
  0x00000194fef69000 JavaThread "Abandoned connection cleanup thread" daemon [_thread_blocked, id=8456, stack(0x00000019e5f00000,0x00000019e6000000)]
  0x00000194fef92000 JavaThread "mysql-cj-abandoned-connection-cleanup" daemon [_thread_blocked, id=8228, stack(0x00000019e6000000,0x00000019e6100000)]
=>0x00000194fefd6000 JavaThread "Image Fetcher 0" daemon [_thread_in_vm, id=11956, stack(0x00000019e6100000,0x00000019e6200000)]
  0x000001948f21f800 JavaThread "TimerQueue" daemon [_thread_blocked, id=12344, stack(0x00000019e6600000,0x00000019e6700000)]
  0x000001948f163000 JavaThread "Image Fetcher 1" daemon [_thread_blocked, id=952, stack(0x00000019e6700000,0x00000019e6800000)]
  0x000001948f991800 JavaThread "C2 CompilerThread1" daemon [_thread_blocked, id=10120, stack(0x00000019e6800000,0x00000019e6900000)]
  0x00000194ff5ef800 JavaThread "SwingWorker-pool-1-thread-1" daemon [_thread_blocked, id=13348, stack(0x00000019e6900000,0x00000019e6a00000)]
  0x000001948f408000 JavaThread "SwingWorker-pool-1-thread-2" daemon [_thread_blocked, id=4996, stack(0x00000019e6a00000,0x00000019e6b00000)]
  0x000001948f403800 JavaThread "SwingWorker-pool-1-thread-3" daemon [_thread_blocked, id=11292, stack(0x00000019e6b00000,0x00000019e6c00000)]

Other Threads:
  0x00000194fe08b000 VMThread "VM Thread" [stack: 0x00000019e5000000,0x00000019e5100000] [id=3756] _threads_hazard_ptr=0x000001948f1183e0
  0x00000194feb1f800 WatcherThread [stack: 0x00000019e5900000,0x00000019e5a00000] [id=7416]
  0x00000194f10d2800 GCTaskThread "GC Thread#0" [stack: 0x00000019e4b00000,0x00000019e4c00000] [id=3416]
  0x00000194ff406000 GCTaskThread "GC Thread#1" [stack: 0x00000019e6200000,0x00000019e6300000] [id=11540]
  0x00000194ff407800 GCTaskThread "GC Thread#2" [stack: 0x00000019e6300000,0x00000019e6400000] [id=11896]
  0x00000194ff40a000 GCTaskThread "GC Thread#3" [stack: 0x00000019e6400000,0x00000019e6500000] [id=3228]
  0x00000194f10dc800 ConcurrentGCThread "G1 Main Marker" [stack: 0x00000019e4c00000,0x00000019e4d00000] [id=3592]
  0x00000194f10df800 ConcurrentGCThread "G1 Conc#0" [stack: 0x00000019e4d00000,0x00000019e4e00000] [id=13356]
  0x00000194f1134000 ConcurrentGCThread "G1 Refine#0" [stack: 0x00000019e4e00000,0x00000019e4f00000] [id=12364]
  0x00000194fec33000 ConcurrentGCThread "G1 Refine#1" [stack: 0x00000019e6500000,0x00000019e6600000] [id=11448]
  0x00000194f1136000 ConcurrentGCThread "G1 Young RemSet Sampling" [stack: 0x00000019e4f00000,0x00000019e5000000] [id=12156]

Threads with active compile tasks:
C1 CompilerThread0     2668 1952       3       java.lang.ref.ReferenceQueue::reallyPoll (65 bytes)
C2 CompilerThread1     2668 1950   !   4       sun.awt.image.PNGImageDecoder::produceImage (1917 bytes)

VM state:synchronizing (normal execution)

VM Mutex/Monitor currently owned by a thread:  ([mutex/lock_event])
[0x00000194f109ec00] Threads_lock - owner thread: 0x00000194fe08b000
[0x00000194f109e0c0] Heap_lock - owner thread: 0x00000194fefd6000

Heap address: 0x00000000c1600000, size: 1002 MB, Compressed Oops mode: 32-bit
Narrow klass base: 0x0000000800000000, Narrow klass shift: 3
Compressed class space size: 1073741824 Address: 0x0000000800b40000

Heap:
 garbage-first heap   total 180224K, used 12520K [0x00000000c1600000, 0x0000000100000000)
  region size 1024K, 2 young (2048K), 1 survivors (1024K)
 Metaspace       used 20073K, capacity 20404K, committed 20736K, reserved 1067008K
  class space    used 2296K, capacity 2443K, committed 2560K, reserved 1048576K
Heap Regions: E=young(eden), S=young(survivor), O=old, HS=humongous(starts), HC=humongous(continues), CS=collection set, F=free, A=archive, TAMS=top-at-mark-start (previous, next)
|   0|0x00000000c1600000, 0x00000000c1700000, 0x00000000c1700000|100%| O|  |TAMS 0x00000000c1600000, 0x00000000c1700000| Untracked 
|   1|0x00000000c1700000, 0x00000000c1800000, 0x00000000c1800000|100%| O|  |TAMS 0x00000000c1700000, 0x00000000c1800000| Untracked 
|   2|0x00000000c1800000, 0x00000000c1900000, 0x00000000c1900000|100%| O|  |TAMS 0x00000000c1800000, 0x00000000c1900000| Untracked 
|   3|0x00000000c1900000, 0x00000000c1a00000, 0x00000000c1a00000|100%| O|  |TAMS 0x00000000c1900000, 0x00000000c1a00000| Untracked 
|   4|0x00000000c1a00000, 0x00000000c1b00000, 0x00000000c1b00000|100%| O|  |TAMS 0x00000000c1a00000, 0x00000000c1b00000| Untracked 
|   5|0x00000000c1b00000, 0x00000000c1c00000, 0x00000000c1c00000|100%| O|  |TAMS 0x00000000c1b00000, 0x00000000c1c00000| Untracked 
|   6|0x00000000c1c00000, 0x00000000c1d00000, 0x00000000c1d00000|100%| O|  |TAMS 0x00000000c1c00000, 0x00000000c1d00000| Untracked 
|   7|0x00000000c1d00000, 0x00000000c1e00000, 0x00000000c1e00000|100%| O|  |TAMS 0x00000000c1d00000, 0x00000000c1e00000| Untracked 
|   8|0x00000000c1e00000, 0x00000000c1f00000, 0x00000000c1f00000|100%| O|  |TAMS 0x00000000c1e00000, 0x00000000c1e59000| Untracked 
|   9|0x00000000c1f00000, 0x00000000c2000000, 0x00000000c2000000|100%| O|  |TAMS 0x00000000c1f00000, 0x00000000c1f00000| Untracked 
|  10|0x00000000c2000000, 0x00000000c2100000, 0x00000000c2100000|100%| O|  |TAMS 0x00000000c2000000, 0x00000000c2000000| Untracked 
|  11|0x00000000c2100000, 0x00000000c217c800, 0x00000000c2200000| 48%| O|  |TAMS 0x00000000c2100000, 0x00000000c2100000| Untracked 
|  12|0x00000000c2200000, 0x00000000c2200000, 0x00000000c2300000|  0%| F|  |TAMS 0x00000000c2200000, 0x00000000c2200000| Untracked 
|  13|0x00000000c2300000, 0x00000000c2300000, 0x00000000c2400000|  0%| F|  |TAMS 0x00000000c2300000, 0x00000000c2300000| Untracked 
|  14|0x00000000c2400000, 0x00000000c2400000, 0x00000000c2500000|  0%| F|  |TAMS 0x00000000c2400000, 0x00000000c2400000| Untracked 
|  15|0x00000000c2500000, 0x00000000c2500000, 0x00000000c2600000|  0%| F|  |TAMS 0x00000000c2500000, 0x00000000c2500000| Untracked 
|  16|0x00000000c2600000, 0x00000000c2600000, 0x00000000c2700000|  0%| F|  |TAMS 0x00000000c2600000, 0x00000000c2600000| Untracked 
|  17|0x00000000c2700000, 0x00000000c2700000, 0x00000000c2800000|  0%| F|  |TAMS 0x00000000c2700000, 0x00000000c2700000| Untracked 
|  18|0x00000000c2800000, 0x00000000c2800000, 0x00000000c2900000|  0%| F|  |TAMS 0x00000000c2800000, 0x00000000c2800000| Untracked 
|  19|0x00000000c2900000, 0x00000000c2900000, 0x00000000c2a00000|  0%| F|  |TAMS 0x00000000c2900000, 0x00000000c2900000| Untracked 
|  20|0x00000000c2a00000, 0x00000000c2a00000, 0x00000000c2b00000|  0%| F|  |TAMS 0x00000000c2a00000, 0x00000000c2a00000| Untracked 
|  21|0x00000000c2b00000, 0x00000000c2b00000, 0x00000000c2c00000|  0%| F|  |TAMS 0x00000000c2b00000, 0x00000000c2b00000| Untracked 
|  22|0x00000000c2c00000, 0x00000000c2c00000, 0x00000000c2d00000|  0%| F|  |TAMS 0x00000000c2c00000, 0x00000000c2c00000| Untracked 
|  23|0x00000000c2d00000, 0x00000000c2d00000, 0x00000000c2e00000|  0%| F|  |TAMS 0x00000000c2d00000, 0x00000000c2d00000| Untracked 
|  24|0x00000000c2e00000, 0x00000000c2e00000, 0x00000000c2f00000|  0%| F|  |TAMS 0x00000000c2e00000, 0x00000000c2e00000| Untracked 
|  25|0x00000000c2f00000, 0x00000000c2f00000, 0x00000000c3000000|  0%| F|  |TAMS 0x00000000c2f00000, 0x00000000c2f00000| Untracked 
|  26|0x00000000c3000000, 0x00000000c3000000, 0x00000000c3100000|  0%| F|  |TAMS 0x00000000c3000000, 0x00000000c3000000| Untracked 
|  27|0x00000000c3100000, 0x00000000c3100000, 0x00000000c3200000|  0%| F|  |TAMS 0x00000000c3100000, 0x00000000c3100000| Untracked 
|  28|0x00000000c3200000, 0x00000000c3200000, 0x00000000c3300000|  0%| F|  |TAMS 0x00000000c3200000, 0x00000000c3200000| Untracked 
|  29|0x00000000c3300000, 0x00000000c3300000, 0x00000000c3400000|  0%| F|  |TAMS 0x00000000c3300000, 0x00000000c3300000| Untracked 
|  30|0x00000000c3400000, 0x00000000c3400000, 0x00000000c3500000|  0%| F|  |TAMS 0x00000000c3400000, 0x00000000c3400000| Untracked 
|  31|0x00000000c3500000, 0x00000000c3500000, 0x00000000c3600000|  0%| F|  |TAMS 0x00000000c3500000, 0x00000000c3500000| Untracked 
|  32|0x00000000c3600000, 0x00000000c3600000, 0x00000000c3700000|  0%| F|  |TAMS 0x00000000c3600000, 0x00000000c3600000| Untracked 
|  33|0x00000000c3700000, 0x00000000c3700000, 0x00000000c3800000|  0%| F|  |TAMS 0x00000000c3700000, 0x00000000c3700000| Untracked 
|  34|0x00000000c3800000, 0x00000000c3800000, 0x00000000c3900000|  0%| F|  |TAMS 0x00000000c3800000, 0x00000000c3800000| Untracked 
|  35|0x00000000c3900000, 0x00000000c3900000, 0x00000000c3a00000|  0%| F|  |TAMS 0x00000000c3900000, 0x00000000c3900000| Untracked 
|  36|0x00000000c3a00000, 0x00000000c3a00000, 0x00000000c3b00000|  0%| F|  |TAMS 0x00000000c3a00000, 0x00000000c3a00000| Untracked 
|  37|0x00000000c3b00000, 0x00000000c3b00000, 0x00000000c3c00000|  0%| F|  |TAMS 0x00000000c3b00000, 0x00000000c3b00000| Untracked 
|  38|0x00000000c3c00000, 0x00000000c3c00000, 0x00000000c3d00000|  0%| F|  |TAMS 0x00000000c3c00000, 0x00000000c3c00000| Untracked 
|  39|0x00000000c3d00000, 0x00000000c3d00000, 0x00000000c3e00000|  0%| F|  |TAMS 0x00000000c3d00000, 0x00000000c3d00000| Untracked 
|  40|0x00000000c3e00000, 0x00000000c3e00000, 0x00000000c3f00000|  0%| F|  |TAMS 0x00000000c3e00000, 0x00000000c3e00000| Untracked 
|  41|0x00000000c3f00000, 0x00000000c3f00000, 0x00000000c4000000|  0%| F|  |TAMS 0x00000000c3f00000, 0x00000000c3f00000| Untracked 
|  42|0x00000000c4000000, 0x00000000c4000000, 0x00000000c4100000|  0%| F|  |TAMS 0x00000000c4000000, 0x00000000c4000000| Untracked 
|  43|0x00000000c4100000, 0x00000000c4100000, 0x00000000c4200000|  0%| F|  |TAMS 0x00000000c4100000, 0x00000000c4100000| Untracked 
|  44|0x00000000c4200000, 0x00000000c4200000, 0x00000000c4300000|  0%| F|  |TAMS 0x00000000c4200000, 0x00000000c4200000| Untracked 
|  45|0x00000000c4300000, 0x00000000c4300000, 0x00000000c4400000|  0%| F|  |TAMS 0x00000000c4300000, 0x00000000c4300000| Untracked 
|  46|0x00000000c4400000, 0x00000000c4400000, 0x00000000c4500000|  0%| F|  |TAMS 0x00000000c4400000, 0x00000000c4400000| Untracked 
|  47|0x00000000c4500000, 0x00000000c4500000, 0x00000000c4600000|  0%| F|  |TAMS 0x00000000c4500000, 0x00000000c4500000| Untracked 
|  48|0x00000000c4600000, 0x00000000c4600000, 0x00000000c4700000|  0%| F|  |TAMS 0x00000000c4600000, 0x00000000c4600000| Untracked 
|  49|0x00000000c4700000, 0x00000000c4700000, 0x00000000c4800000|  0%| F|  |TAMS 0x00000000c4700000, 0x00000000c4700000| Untracked 
|  50|0x00000000c4800000, 0x00000000c4800000, 0x00000000c4900000|  0%| F|  |TAMS 0x00000000c4800000, 0x00000000c4800000| Untracked 
|  51|0x00000000c4900000, 0x00000000c4900000, 0x00000000c4a00000|  0%| F|  |TAMS 0x00000000c4900000, 0x00000000c4900000| Untracked 
|  52|0x00000000c4a00000, 0x00000000c4a00000, 0x00000000c4b00000|  0%| F|  |TAMS 0x00000000c4a00000, 0x00000000c4a00000| Untracked 
|  53|0x00000000c4b00000, 0x00000000c4b00000, 0x00000000c4c00000|  0%| F|  |TAMS 0x00000000c4b00000, 0x00000000c4b00000| Untracked 
|  54|0x00000000c4c00000, 0x00000000c4c00000, 0x00000000c4d00000|  0%| F|  |TAMS 0x00000000c4c00000, 0x00000000c4c00000| Untracked 
|  55|0x00000000c4d00000, 0x00000000c4d00000, 0x00000000c4e00000|  0%| F|  |TAMS 0x00000000c4d00000, 0x00000000c4d00000| Untracked 
|  56|0x00000000c4e00000, 0x00000000c4e00000, 0x00000000c4f00000|  0%| F|  |TAMS 0x00000000c4e00000, 0x00000000c4e00000| Untracked 
|  57|0x00000000c4f00000, 0x00000000c4f00000, 0x00000000c5000000|  0%| F|  |TAMS 0x00000000c4f00000, 0x00000000c4f00000| Untracked 
|  58|0x00000000c5000000, 0x00000000c5000000, 0x00000000c5100000|  0%| F|  |TAMS 0x00000000c5000000, 0x00000000c5000000| Untracked 
|  59|0x00000000c5100000, 0x00000000c5100000, 0x00000000c5200000|  0%| F|  |TAMS 0x00000000c5100000, 0x00000000c5100000| Untracked 
|  60|0x00000000c5200000, 0x00000000c5200000, 0x00000000c5300000|  0%| F|  |TAMS 0x00000000c5200000, 0x00000000c5200000| Untracked 
|  61|0x00000000c5300000, 0x00000000c53bd9f8, 0x00000000c5400000| 74%| S|CS|TAMS 0x00000000c5300000, 0x00000000c5300000| Complete 
|  62|0x00000000c5400000, 0x00000000c5400000, 0x00000000c5500000|  0%| F|  |TAMS 0x00000000c5400000, 0x00000000c5400000| Untracked 
|  63|0x00000000c5500000, 0x00000000c555c2a0, 0x00000000c5600000| 36%| E|  |TAMS 0x00000000c5500000, 0x00000000c5500000| Complete 

Card table byte_map: [0x00000194f97a0000,0x00000194f99a0000] _byte_map_base: 0x00000194f9195000

Marking Bits (Prev, Next): (CMBitMap*) 0x00000194f10d38b8, (CMBitMap*) 0x00000194f10d38f8
 Prev Bits: [0x00000194f9ba0000, 0x00000194fab48000)
 Next Bits: [0x00000194fab50000, 0x00000194fbaf8000)

Polling page: 0x00000194eef50000

Metaspace:

Usage:
  Non-class:     17.54 MB capacity,    17.36 MB ( 99%) used,   142.57 KB ( <1%) free+waste,    40.69 KB ( <1%) overhead. 
      Class:      2.39 MB capacity,     2.24 MB ( 94%) used,   125.30 KB (  5%) free+waste,    21.50 KB ( <1%) overhead. 
       Both:     19.93 MB capacity,    19.60 MB ( 98%) used,   267.87 KB (  1%) free+waste,    62.19 KB ( <1%) overhead. 

Virtual space:
  Non-class space:       18.00 MB reserved,      17.75 MB ( 99%) committed 
      Class space:        1.00 GB reserved,       2.50 MB ( <1%) committed 
             Both:        1.02 GB reserved,      20.25 MB (  2%) committed 

Chunk freelists:
   Non-Class:  23.00 KB
       Class:  21.00 KB
        Both:  44.00 KB

MaxMetaspaceSize: 17179869184.00 GB
CompressedClassSpaceSize: 1.00 GB

CodeHeap 'non-profiled nmethods': size=120000Kb used=733Kb max_used=733Kb free=119267Kb
 bounds [0x0000019487ad0000, 0x0000019487d40000, 0x000001948f000000]
CodeHeap 'profiled nmethods': size=120000Kb used=3560Kb max_used=3868Kb free=116440Kb
 bounds [0x00000194805a0000, 0x0000019480970000, 0x0000019487ad0000]
CodeHeap 'non-nmethods': size=5760Kb used=1360Kb max_used=1386Kb free=4399Kb
 bounds [0x0000019480000000, 0x0000019480270000, 0x00000194805a0000]
 total_blobs=3327 nmethods=1735 adapters=568
 compilation: enabled
              stopped_count=0, restarted_count=0
 full_count=0

Compilation events (20 events):
Event: 2.627 Thread 0x00000194fe0b6000 nmethod 1940 0x000001948060c190 code [0x000001948060c340, 0x000001948060c4f0]
Event: 2.627 Thread 0x00000194fe0b6000 1943       3       java.lang.invoke.LambdaFormBuffer::ownedCount (7 bytes)
Event: 2.627 Thread 0x00000194fe0b6000 nmethod 1943 0x00000194807c2a10 code [0x00000194807c2ba0, 0x00000194807c2d18]
Event: 2.627 Thread 0x00000194fe0b6000 1941       3       jdk.internal.org.objectweb.asm.AnnotationVisitor::<init> (47 bytes)
Event: 2.628 Thread 0x00000194fe0b6000 nmethod 1941 0x00000194805b4e90 code [0x00000194805b5060, 0x00000194805b5470]
Event: 2.628 Thread 0x00000194fe0b6000 1942       3       jdk.internal.org.objectweb.asm.AnnotationWriter::visitEnd (44 bytes)
Event: 2.628 Thread 0x00000194fe0b6000 nmethod 1942 0x000001948064b390 code [0x000001948064b540, 0x000001948064b758]
Event: 2.628 Thread 0x00000194fe0b6000 1944       3       java.lang.invoke.InvokerBytecodeGenerator::emitReferenceCast (192 bytes)
Event: 2.629 Thread 0x00000194fe0b6000 nmethod 1944 0x00000194805bc010 code [0x00000194805bc300, 0x00000194805bd2f0]
Event: 2.629 Thread 0x00000194fe0b6000 1945       3       java.lang.reflect.Modifier::isPrivate (12 bytes)
Event: 2.629 Thread 0x00000194fe0b6000 nmethod 1945 0x00000194807b0890 code [0x00000194807b0a40, 0x00000194807b0bd8]
Event: 2.630 Thread 0x00000194fe0b6000 1948       3       java.util.Arrays::copyOfRange (90 bytes)
Event: 2.631 Thread 0x00000194fe0b6000 nmethod 1948 0x00000194806af390 code [0x00000194806af660, 0x00000194806b0640]
Event: 2.632 Thread 0x000001948f991800 1949 %     4       sun.awt.image.PNGImageDecoder::update_crc @ 3 (41 bytes)
Event: 2.641 Thread 0x00000194fe0b6000 1951   !   3       java.lang.ref.ReferenceQueue::enqueue (119 bytes)
Event: 2.641 Thread 0x000001948f991800 nmethod 1949% 0x0000019487b45390 code [0x0000019487b45520, 0x0000019487b45798]
Event: 2.641 Thread 0x000001948f991800 1950   !   4       sun.awt.image.PNGImageDecoder::produceImage (1917 bytes)
Event: 2.642 Thread 0x00000194fe0b6000 nmethod 1951 0x0000019480627310 code [0x0000019480627500, 0x0000019480627d50]
Event: 2.642 Thread 0x00000194fe0b0800 nmethod 1934 0x0000019487b86f10 code [0x0000019487b87140, 0x0000019487b87d90]
Event: 2.642 Thread 0x00000194fe0b6000 1952       3       java.lang.ref.ReferenceQueue::reallyPoll (65 bytes)

GC Heap History (8 events):
Event: 0.755 GC heap before
{Heap before GC invocations=0 (full 0):
 garbage-first heap   total 65536K, used 13312K [0x00000000c1600000, 0x0000000100000000)
  region size 1024K, 14 young (14336K), 0 survivors (0K)
 Metaspace       used 6676K, capacity 7248K, committed 7424K, reserved 1056768K
  class space    used 638K, capacity 723K, committed 768K, reserved 1048576K
}
Event: 0.763 GC heap after
{Heap after GC invocations=1 (full 0):
 garbage-first heap   total 65536K, used 5633K [0x00000000c1600000, 0x0000000100000000)
  region size 1024K, 2 young (2048K), 2 survivors (2048K)
 Metaspace       used 6676K, capacity 7248K, committed 7424K, reserved 1056768K
  class space    used 638K, capacity 723K, committed 768K, reserved 1048576K
}
Event: 1.378 GC heap before
{Heap before GC invocations=1 (full 0):
 garbage-first heap   total 65536K, used 12801K [0x00000000c1600000, 0x0000000100000000)
  region size 1024K, 9 young (9216K), 2 survivors (2048K)
 Metaspace       used 9752K, capacity 9997K, committed 10112K, reserved 1058816K
  class space    used 969K, capacity 1078K, committed 1152K, reserved 1048576K
}
Event: 1.383 GC heap after
{Heap after GC invocations=2 (full 0):
 garbage-first heap   total 65536K, used 7124K [0x00000000c1600000, 0x0000000100000000)
  region size 1024K, 2 young (2048K), 2 survivors (2048K)
 Metaspace       used 9752K, capacity 9997K, committed 10112K, reserved 1058816K
  class space    used 969K, capacity 1078K, committed 1152K, reserved 1048576K
}
Event: 2.520 GC heap before
{Heap before GC invocations=2 (full 0):
 garbage-first heap   total 65536K, used 25556K [0x00000000c1600000, 0x0000000100000000)
  region size 1024K, 21 young (21504K), 2 survivors (2048K)
 Metaspace       used 18832K, capacity 19188K, committed 19456K, reserved 1067008K
  class space    used 2131K, capacity 2271K, committed 2304K, reserved 1048576K
}
Event: 2.526 GC heap after
{Heap after GC invocations=3 (full 0):
 garbage-first heap   total 65536K, used 11620K [0x00000000c1600000, 0x0000000100000000)
  region size 1024K, 3 young (3072K), 3 survivors (3072K)
 Metaspace       used 18832K, capacity 19188K, committed 19456K, reserved 1067008K
  class space    used 2131K, capacity 2271K, committed 2304K, reserved 1048576K
}
Event: 2.636 GC heap before
{Heap before GC invocations=3 (full 0):
 garbage-first heap   total 65536K, used 12644K [0x00000000c1600000, 0x0000000100000000)
  region size 1024K, 5 young (5120K), 3 survivors (3072K)
 Metaspace       used 20072K, capacity 20404K, committed 20736K, reserved 1067008K
  class space    used 2296K, capacity 2443K, committed 2560K, reserved 1048576K
}
Event: 2.641 GC heap after
{Heap after GC invocations=4 (full 0):
 garbage-first heap   total 65536K, used 12520K [0x00000000c1600000, 0x0000000100000000)
  region size 1024K, 1 young (1024K), 1 survivors (1024K)
 Metaspace       used 20072K, capacity 20404K, committed 20736K, reserved 1067008K
  class space    used 2296K, capacity 2443K, committed 2560K, reserved 1048576K
}

Deoptimization events (20 events):
Event: 2.634 Thread 0x00000194fefd6000 DEOPT PACKING pc=0x00000194805c759f sp=0x00000019e61fede0
Event: 2.634 Thread 0x00000194fefd6000 DEOPT UNPACKING pc=0x000001948004964e sp=0x00000019e61fe2b0 mode 0
Event: 2.634 Thread 0x00000194fefd6000 DEOPT PACKING pc=0x00000194805c759f sp=0x00000019e61fede0
Event: 2.634 Thread 0x00000194fefd6000 DEOPT UNPACKING pc=0x000001948004964e sp=0x00000019e61fe2b0 mode 0
Event: 2.635 Thread 0x00000194fefd6000 DEOPT PACKING pc=0x00000194805c759f sp=0x00000019e61fede0
Event: 2.635 Thread 0x00000194fefd6000 DEOPT UNPACKING pc=0x000001948004964e sp=0x00000019e61fe2b0 mode 0
Event: 2.635 Thread 0x00000194fefd6000 DEOPT PACKING pc=0x00000194805c759f sp=0x00000019e61fede0
Event: 2.635 Thread 0x00000194fefd6000 DEOPT UNPACKING pc=0x000001948004964e sp=0x00000019e61fe2b0 mode 0
Event: 2.635 Thread 0x00000194fefd6000 DEOPT PACKING pc=0x00000194805c759f sp=0x00000019e61fede0
Event: 2.635 Thread 0x00000194fefd6000 DEOPT UNPACKING pc=0x000001948004964e sp=0x00000019e61fe2b0 mode 0
Event: 2.635 Thread 0x00000194fefd6000 DEOPT PACKING pc=0x00000194805c759f sp=0x00000019e61fede0
Event: 2.635 Thread 0x00000194fefd6000 DEOPT UNPACKING pc=0x000001948004964e sp=0x00000019e61fe2b0 mode 0
Event: 2.635 Thread 0x00000194fefd6000 DEOPT PACKING pc=0x00000194805c759f sp=0x00000019e61fede0
Event: 2.635 Thread 0x00000194fefd6000 DEOPT UNPACKING pc=0x000001948004964e sp=0x00000019e61fe2b0 mode 0
Event: 2.635 Thread 0x00000194fefd6000 DEOPT PACKING pc=0x00000194805c759f sp=0x00000019e61fede0
Event: 2.635 Thread 0x00000194fefd6000 DEOPT UNPACKING pc=0x000001948004964e sp=0x00000019e61fe2b0 mode 0
Event: 2.635 Thread 0x00000194fefd6000 DEOPT PACKING pc=0x00000194805c759f sp=0x00000019e61fede0
Event: 2.635 Thread 0x00000194fefd6000 DEOPT UNPACKING pc=0x000001948004964e sp=0x00000019e61fe2b0 mode 0
Event: 2.635 Thread 0x00000194fefd6000 DEOPT PACKING pc=0x00000194809407d8 sp=0x00000019e61fefb0
Event: 2.635 Thread 0x00000194fefd6000 DEOPT UNPACKING pc=0x000001948004964e sp=0x00000019e61fe540 mode 0

Classes unloaded (0 events):
No events

Classes redefined (0 events):
No events

Internal exceptions (20 events):
Event: 0.904 Thread 0x00000194fef55000 Exception <a 'java/lang/IncompatibleClassChangeError'{0x00000000c51a2ae8}: Found class java.lang.Object, but interface was expected> (0x00000000c51a2ae8) 
thrown [t:/workspace/open/src/hotspot/share/interpreter/linkResolver.cpp, line 833]
Event: 0.905 Thread 0x00000194fef55000 Exception <a 'java/lang/NoSuchMethodError'{0x00000000c51a5ce8}: 'void java.lang.invoke.DirectMethodHandle$Holder.invokeStaticInit(java.lang.Object, java.lang.Object)'> (0x00000000c51a5ce8) 
thrown [t:/workspace/open/src/hotspot/share/interpreter/linkResolver.cpp, line 767]
Event: 0.907 Thread 0x00000194fef55000 Exception <a 'java/lang/NoSuchMethodError'{0x00000000c51ab568}: 'int java.lang.invoke.DirectMethodHandle$Holder.invokeStaticInit(java.lang.Object, java.lang.Object)'> (0x00000000c51ab568) 
thrown [t:/workspace/open/src/hotspot/share/interpreter/linkResolver.cpp, line 767]
Event: 1.345 Thread 0x00000194fef55000 Exception <a 'java/lang/NoSuchMethodError'{0x00000000c4fab278}: 'java.lang.Object java.lang.invoke.DirectMethodHandle$Holder.invokeStaticInit(java.lang.Object, java.lang.Object, int, int, int, int)'> (0x00000000c4fab278) 
thrown [t:/workspace/open/src/hotspot/share/interpreter/linkResolver.cpp, line 767]
Event: 1.562 Thread 0x00000194fef55000 Exception <a 'java/lang/NullPointerException'{0x00000000c5465010}> (0x00000000c5465010) 
thrown [t:/workspace/open/src/hotspot/share/interpreter/linkResolver.cpp, line 1349]
Event: 1.563 Thread 0x00000194fef55000 Exception <a 'java/lang/reflect/InvocationTargetException'{0x00000000c5468c40}> (0x00000000c5468c40) 
thrown [t:/workspace/open/src/hotspot/share/runtime/reflection.cpp, line 1188]
Event: 1.606 Thread 0x00000194fef55000 Exception <a 'java/lang/NoSuchMethodError'{0x00000000c53bd818}: 'java.lang.Object java.lang.invoke.DirectMethodHandle$Holder.invokeVirtual(java.lang.Object, java.lang.Object, java.lang.Object)'> (0x00000000c53bd818) 
thrown [t:/workspace/open/src/hotspot/share/interpreter/linkResolver.cpp, line 767]
Event: 2.135 Thread 0x00000194fef55000 Exception <a 'java/lang/NoSuchMethodError'{0x00000000c474dcf0}: 'java.lang.Object java.lang.invoke.DirectMethodHandle$Holder.invokeStatic(java.lang.Object, int, java.lang.Object, java.lang.Object, java.lang.Object, java.lang.Object)'> (0x00000000c474dcf0) 
thrown [t:/workspace/open/src/hotspot/share/interpreter/linkResolver.cpp, line 767]
Event: 2.136 Thread 0x00000194fef55000 Exception <a 'java/lang/NoSuchMethodError'{0x00000000c4754658}: 'java.lang.Object java.lang.invoke.DirectMethodHandle$Holder.invokeStatic(java.lang.Object, int, java.lang.Object, java.lang.Object, java.lang.Object)'> (0x00000000c4754658) 
thrown [t:/workspace/open/src/hotspot/share/interpreter/linkResolver.cpp, line 767]
Event: 2.136 Thread 0x00000194fef55000 Exception <a 'java/lang/NoSuchMethodError'{0x00000000c4758200}: 'java.lang.Object java.lang.invoke.DirectMethodHandle$Holder.invokeSpecial(java.lang.Object, java.lang.Object, int, java.lang.Object, java.lang.Object, java.lang.Object)'> (0x00000000c4758200) 
thrown [t:/workspace/open/src/hotspot/share/interpreter/linkResolver.cpp, line 767]
Event: 2.140 Thread 0x00000194fef55000 Exception <a 'java/lang/NoSuchMethodError'{0x00000000c476e540}: 'java.lang.Object java.lang.invoke.DirectMethodHandle$Holder.invokeStatic(java.lang.Object, int, java.lang.Object)'> (0x00000000c476e540) 
thrown [t:/workspace/open/src/hotspot/share/interpreter/linkResolver.cpp, line 767]
Event: 2.173 Thread 0x00000194fef55000 Exception <a 'java/lang/ClassNotFoundException'{0x00000000c4614df8}: com/sun/swing/internal/plaf/metal/resources/spi/metalProvider> (0x00000000c4614df8) 
thrown [t:/workspace/open/src/hotspot/share/classfile/systemDictionary.cpp, line 232]
Event: 2.175 Thread 0x00000194fef55000 Exception <a 'java/lang/ClassNotFoundException'{0x00000000c4618ea0}: com/sun/swing/internal/plaf/basic/resources/spi/basicProvider> (0x00000000c4618ea0) 
thrown [t:/workspace/open/src/hotspot/share/classfile/systemDictionary.cpp, line 232]
Event: 2.182 Thread 0x00000194fef55000 Implicit null exception at 0x0000019487b56085 to 0x0000019487b56272
Event: 2.182 Thread 0x00000194fef55000 Implicit null exception at 0x0000019487b25468 to 0x0000019487b254fa
Event: 2.185 Thread 0x00000194fef55000 Implicit null exception at 0x0000019487b1b9af to 0x0000019487b1ba2d
Event: 2.193 Thread 0x00000194fef55000 Exception <a 'java/net/UnknownHostException'{0x00000000c46366e8}> (0x00000000c46366e8) 
thrown [t:/workspace/open/src/hotspot/share/prims/jni.cpp, line 598]
Event: 2.557 Thread 0x000001948f403800 Exception <a 'java/lang/NullPointerException'{0x00000000c55da940}> (0x00000000c55da940) 
thrown [t:/workspace/open/src/hotspot/share/interpreter/linkResolver.cpp, line 1349]
Event: 2.588 Thread 0x00000194fef55000 Exception <a 'java/lang/NoSuchMethodError'{0x00000000c555a090}: 'void java.lang.invoke.DirectMethodHandle$Holder.invokeStaticInit(java.lang.Object)'> (0x00000000c555a090) 
thrown [t:/workspace/open/src/hotspot/share/interpreter/linkResolver.cpp, line 767]
Event: 2.630 Thread 0x00000194fef55000 Exception <a 'java/lang/NoSuchMethodError'{0x00000000c544a8b8}: 'java.lang.Object java.lang.invoke.Invokers$Holder.linkToTargetMethod(java.lang.Object, int, java.lang.Object)'> (0x00000000c544a8b8) 
thrown [t:/workspace/open/src/hotspot/share/interpreter/linkResolver.cpp, line 767]

Events (20 events):
Event: 2.622 loading class sun/awt/Win32FontManager$2 done
Event: 2.624 loading class sun/awt/FontConfiguration$2
Event: 2.625 loading class sun/awt/FontConfiguration$2 done
Event: 2.625 loading class sun/awt/windows/WingDings
Event: 2.625 loading class sun/awt/windows/WingDings done
Event: 2.625 loading class sun/awt/windows/WingDings$Encoder
Event: 2.625 loading class sun/awt/windows/WingDings$Encoder done
Event: 2.625 loading class sun/awt/Symbol
Event: 2.625 loading class sun/awt/Symbol done
Event: 2.625 loading class sun/awt/Symbol$Encoder
Event: 2.625 loading class sun/awt/Symbol$Encoder done
Event: 2.630 Executing VM operation: RevokeBias
Event: 2.630 Executing VM operation: RevokeBias done
Event: 2.631 Executing VM operation: RevokeBias
Event: 2.632 Executing VM operation: RevokeBias done
Event: 2.635 Executing VM operation: RevokeBias
Event: 2.635 Executing VM operation: RevokeBias done
Event: 2.636 Executing VM operation: G1CollectForAllocation
Event: 2.641 Executing VM operation: G1CollectForAllocation done
Event: 2.642 Executing VM operation: RevokeBias


Dynamic libraries:
0x00007ff7a0250000 - 0x00007ff7a025f000 	C:\Program Files\Java\jdk-13.0.2\bin\javaw.exe
0x00007ffea35c0000 - 0x00007ffea37b0000 	C:\Windows\SYSTEM32\ntdll.dll
0x00007ffea2080000 - 0x00007ffea2132000 	C:\Windows\System32\KERNEL32.DLL
0x00007ffea0f30000 - 0x00007ffea11d5000 	C:\Windows\System32\KERNELBASE.dll
0x00007ffea1200000 - 0x00007ffea12fa000 	C:\Windows\System32\ucrtbase.dll
0x00007ffe73830000 - 0x00007ffe73845000 	C:\Program Files\Java\jdk-13.0.2\bin\VCRUNTIME140.dll
0x00007ffe72350000 - 0x00007ffe72368000 	C:\Program Files\Java\jdk-13.0.2\bin\jli.dll
0x00007ffea2a20000 - 0x00007ffea2ac3000 	C:\Windows\System32\ADVAPI32.dll
0x00007ffea16a0000 - 0x00007ffea173e000 	C:\Windows\System32\msvcrt.dll
0x00007ffea1cb0000 - 0x00007ffea1d47000 	C:\Windows\System32\sechost.dll
0x00007ffea2140000 - 0x00007ffea225f000 	C:\Windows\System32\RPCRT4.dll
0x00007ffea1e30000 - 0x00007ffea1fc4000 	C:\Windows\System32\USER32.dll
0x00007ffea1440000 - 0x00007ffea1461000 	C:\Windows\System32\win32u.dll
0x00007ffe90510000 - 0x00007ffe90794000 	C:\Windows\WinSxS\amd64_microsoft.windows.common-controls_6595b64144ccf1df_6.0.18362.1556_none_9e7e372fe45e41d5\COMCTL32.dll
0x00007ffea1c80000 - 0x00007ffea1ca6000 	C:\Windows\System32\GDI32.dll
0x00007ffea25e0000 - 0x00007ffea2916000 	C:\Windows\System32\combase.dll
0x00007ffea1470000 - 0x00007ffea1608000 	C:\Windows\System32\gdi32full.dll
0x00007ffea0500000 - 0x00007ffea059e000 	C:\Windows\System32\msvcp_win.dll
0x00007ffea13b0000 - 0x00007ffea1431000 	C:\Windows\System32\bcryptPrimitives.dll
0x00007ffe90e70000 - 0x00007ffe90e7a000 	C:\Windows\SYSTEM32\VERSION.dll
0x00007ffea1e00000 - 0x00007ffea1e2e000 	C:\Windows\System32\IMM32.DLL
0x00007ffe722b0000 - 0x00007ffe7234b000 	C:\Program Files\Java\jdk-13.0.2\bin\msvcp140.dll
0x00007ffe71750000 - 0x00007ffe722ad000 	C:\Program Files\Java\jdk-13.0.2\bin\server\jvm.dll
0x00007ffea22e0000 - 0x00007ffea22e8000 	C:\Windows\System32\PSAPI.DLL
0x00007ffe9d0d0000 - 0x00007ffe9d0f4000 	C:\Windows\SYSTEM32\WINMM.dll
0x00007ffe79f00000 - 0x00007ffe79f09000 	C:\Windows\SYSTEM32\WSOCK32.dll
0x00007ffe9d0a0000 - 0x00007ffe9d0cd000 	C:\Windows\SYSTEM32\WINMMBASE.dll
0x00007ffea2260000 - 0x00007ffea22cf000 	C:\Windows\System32\WS2_32.dll
0x00007ffea05a0000 - 0x00007ffea05ea000 	C:\Windows\System32\cfgmgr32.dll
0x00007ffea04c0000 - 0x00007ffea04d1000 	C:\Windows\System32\kernel.appcore.dll
0x00007ffe73820000 - 0x00007ffe73830000 	C:\Program Files\Java\jdk-13.0.2\bin\verify.dll
0x00007ffe90eb0000 - 0x00007ffe910a4000 	C:\Windows\SYSTEM32\DBGHELP.DLL
0x00007ffe90c80000 - 0x00007ffe90caa000 	C:\Windows\SYSTEM32\dbgcore.DLL
0x00007ffe71720000 - 0x00007ffe71746000 	C:\Program Files\Java\jdk-13.0.2\bin\java.dll
0x00007ffe71700000 - 0x00007ffe71717000 	C:\Program Files\Java\jdk-13.0.2\bin\zip.dll
0x00007ffe716f0000 - 0x00007ffe716fa000 	C:\Program Files\Java\jdk-13.0.2\bin\jimage.dll
0x00007ffea2b60000 - 0x00007ffea3247000 	C:\Windows\System32\SHELL32.dll
0x00007ffea1d50000 - 0x00007ffea1df8000 	C:\Windows\System32\shcore.dll
0x00007ffea05f0000 - 0x00007ffea0d6b000 	C:\Windows\System32\windows.storage.dll
0x00007ffea04a0000 - 0x00007ffea04be000 	C:\Windows\System32\profapi.dll
0x00007ffea0450000 - 0x00007ffea049a000 	C:\Windows\System32\powrprof.dll
0x00007ffea0440000 - 0x00007ffea0450000 	C:\Windows\System32\UMPDC.dll
0x00007ffea2ae0000 - 0x00007ffea2b32000 	C:\Windows\System32\shlwapi.dll
0x00007ffea11e0000 - 0x00007ffea11f7000 	C:\Windows\System32\cryptsp.dll
0x00007ffe716d0000 - 0x00007ffe716e9000 	C:\Program Files\Java\jdk-13.0.2\bin\net.dll
0x00007ffe96830000 - 0x00007ffe9692a000 	C:\Windows\SYSTEM32\WINHTTP.dll
0x00007ffe9fc80000 - 0x00007ffe9fce7000 	C:\Windows\system32\mswsock.dll
0x00007ffe716b0000 - 0x00007ffe716c3000 	C:\Program Files\Java\jdk-13.0.2\bin\nio.dll
0x00007ffe6bb30000 - 0x00007ffe6bcc9000 	C:\Program Files\Java\jdk-13.0.2\bin\awt.dll
0x00007ffea1740000 - 0x00007ffea1805000 	C:\Windows\System32\OLEAUT32.dll
0x00007ffe9e5c0000 - 0x00007ffe9e64f000 	C:\Windows\SYSTEM32\apphelp.dll
0x00007ffe9e760000 - 0x00007ffe9e7f9000 	C:\Windows\system32\uxtheme.dll
0x00007ffea33b0000 - 0x00007ffea34e5000 	C:\Windows\System32\MSCTF.dll
0x00007ffea3250000 - 0x00007ffea33a7000 	C:\Windows\System32\ole32.dll
0x00007ffe9f9d0000 - 0x00007ffe9fa9b000 	C:\Windows\SYSTEM32\DNSAPI.dll
0x00007ffea2ad0000 - 0x00007ffea2ad8000 	C:\Windows\System32\NSI.dll
0x00007ffe9f990000 - 0x00007ffe9f9ca000 	C:\Windows\SYSTEM32\IPHLPAPI.DLL
0x00007ffe95ec0000 - 0x00007ffe95eca000 	C:\Windows\System32\rasadhlp.dll
0x00007ffe973d0000 - 0x00007ffe97447000 	C:\Windows\System32\fwpuclnt.dll
0x00007ffea1610000 - 0x00007ffea1636000 	C:\Windows\System32\bcrypt.dll
0x00007ffe710a0000 - 0x00007ffe710c5000 	C:\Program Files\Java\jdk-13.0.2\bin\sunec.dll
0x00007ffe9f800000 - 0x00007ffe9f833000 	C:\Windows\system32\rsaenh.dll
0x00007ffea0360000 - 0x00007ffea0385000 	C:\Windows\SYSTEM32\USERENV.dll
0x00007ffe9fe50000 - 0x00007ffe9fe5c000 	C:\Windows\SYSTEM32\CRYPTBASE.dll
0x00007ffe974b0000 - 0x00007ffe974c6000 	C:\Windows\SYSTEM32\dhcpcsvc6.DLL
0x00007ffe97580000 - 0x00007ffe9759c000 	C:\Windows\SYSTEM32\dhcpcsvc.DLL
0x00007ffe88d70000 - 0x00007ffe88d7e000 	C:\Program Files\Java\jdk-13.0.2\bin\sunmscapi.dll
0x00007ffea0dd0000 - 0x00007ffea0f21000 	C:\Windows\System32\CRYPT32.dll
0x00007ffea04e0000 - 0x00007ffea04f2000 	C:\Windows\System32\MSASN1.dll
0x00007ffe9ff60000 - 0x00007ffe9ff86000 	C:\Windows\SYSTEM32\ncrypt.dll
0x00007ffe9ff20000 - 0x00007ffe9ff5b000 	C:\Windows\SYSTEM32\NTASN1.dll
0x00007ffe9eab0000 - 0x00007ffe9eadd000 	C:\Windows\system32\DWMAPI.DLL
0x00007ffe6b9d0000 - 0x00007ffe6bb26000 	C:\Windows\system32\opengl32.dll
0x00007ffe84e10000 - 0x00007ffe84e3c000 	C:\Windows\SYSTEM32\GLU32.dll
0x00007ffe9f080000 - 0x00007ffe9f0a0000 	C:\Windows\SYSTEM32\dxcore.dll
0x00007ffe71320000 - 0x00007ffe713a2000 	C:\Program Files\Java\jdk-13.0.2\bin\freetype.dll
0x00007ffe6c170000 - 0x00007ffe6c216000 	C:\Program Files\Java\jdk-13.0.2\bin\fontmanager.dll

dbghelp: loaded successfully - version: 4.0.5 - missing functions: none
symbol engine: initialized successfully - sym options: 0x614 - pdb path: .;C:\Program Files\Java\jdk-13.0.2\bin;C:\Windows\SYSTEM32;C:\Windows\WinSxS\amd64_microsoft.windows.common-controls_6595b64144ccf1df_6.0.18362.1556_none_9e7e372fe45e41d5;C:\Program Files\Java\jdk-13.0.2\bin\server

VM Arguments:
jvm_args: -Dfile.encoding=Cp1252 
java_command: Application.Home
java_class_path (initial): C:\Users\User\git\bakame\DriveOperations\target\classes;C:\Users\User\Desktop\Libraries\jgoodies-common-1.8.0.jar;C:\Users\User\Desktop\Libraries\jgoodies-forms-1.8.0.jar;C:\Users\User\Desktop\Libraries\miglayout15-swing.jar;C:\Users\User\Downloads\javax.mail.jar;C:\Users\User\Downloads\activation-1.1.1.jar;C:\Users\User\Downloads\jcalendar-1.4.jar;C:\Users\User\Downloads\jfreechart-1.0.19\lib\jcommon-1.0.23.jar;C:\Users\User\Downloads\jfreechart-1.0.19\lib\jfreechart-1.0.19.jar;C:\Users\User\Downloads\commons-net-3.8.0\commons-net-3.8.0.jar;C:\Users\User\Documents\Libs\comm-2.0.jar;C:\Users\User\Documents\Libs\http-2.2.1.jar;C:\Users\User\Downloads\JTattoo-1.6.13.jar;C:\Users\User\Desktop\Libs\jmespath-java-1.11.470.jar;C:\Users\User\Desktop\Libs\aws-java-sdk-core-1.12.65.jar;C:\Users\User\Desktop\Libs\aws-java-sdk-kms-1.12.65.jar;C:\Users\User\Desktop\Libs\aws-java-sdk-s3-1.12.65.jar;C:\Users\User\Desktop\Libs\commons-codec-1.15.jar;C:\Users\User\Desktop\Libs\commons-logging-1.1.3.jar;C:\Users\User\Desktop\Libs\httpclient-4.5.13.jar;C:\Users\User\Desktop\Libs\ion-java-1.0.2.jar;C:\Users\User\Desktop\Libs\jackson-annotations-2.12.3.jar;C:\Users\User\Desktop\Libs\jackson-core-2.12.3.jar;C:\Users\User\Desktop\Libs\jackson-databind-2.12.3.jar;C:\Users\User\Desktop\Libs\jackson-dataformat-cbor-2.12.3.jar;C:\Users\User\Desktop\Libs\jmespath-java-1.12.65.jar;C:\Users\User\Desktop\Libs\joda-time-2.8.1.jar;C:\Users\User\Desktop\Libs\mysql-connector-java-5.1.45.jar;C:\Users\User\.m2\repository\com\amazonaws\aws-java-sdk-s3\1.12.65\aws-java-sdk-s3-1.12.65.jar;C:\Users\User\.m2\repository\com\amazonaws\aws-java-sdk-kms\1.12.65\aws-java-sdk-kms-1.12.65.jar;C:\Users\User\.m2\repository\com\amazonaws\aws-java-sdk-core\1.12.65\aws-java-sdk-core-1.12.65.jar;C:\Users\User\.m2\repository\commons-logging\commons-logging\1.1.3\commons-logging-1.1.3.jar;C:\Users\User\.m2\repository\commons-codec\commons-codec\1.15\commons-codec-1.15.jar;C:\Users\User\.m2\re
Launcher Type: SUN_STANDARD

[Global flags]
     intx CICompilerCount                          = 3                                         {product} {ergonomic}
     uint ConcGCThreads                            = 1                                         {product} {ergonomic}
     uint G1ConcRefinementThreads                  = 4                                         {product} {ergonomic}
   size_t G1HeapRegionSize                         = 1048576                                   {product} {ergonomic}
    uintx GCDrainStackTargetSize                   = 64                                        {product} {ergonomic}
   size_t InitialHeapSize                          = 67108864                                  {product} {ergonomic}
   size_t MarkStackSize                            = 4194304                                   {product} {ergonomic}
   size_t MaxHeapSize                              = 1050673152                                {product} {ergonomic}
   size_t MaxNewSize                               = 630194176                                 {product} {ergonomic}
   size_t MinHeapDeltaBytes                        = 1048576                                   {product} {ergonomic}
   size_t MinHeapSize                              = 8388608                                   {product} {ergonomic}
    uintx NonNMethodCodeHeapSize                   = 5832780                                {pd product} {ergonomic}
    uintx NonProfiledCodeHeapSize                  = 122912730                              {pd product} {ergonomic}
    uintx ProfiledCodeHeapSize                     = 122912730                              {pd product} {ergonomic}
    uintx ReservedCodeCacheSize                    = 251658240                              {pd product} {ergonomic}
     bool SegmentedCodeCache                       = true                                      {product} {ergonomic}
   size_t SoftMaxHeapSize                          = 1050673152                             {manageable} {ergonomic}
     bool UseCompressedClassPointers               = true                                 {lp64_product} {ergonomic}
     bool UseCompressedOops                        = true                                 {lp64_product} {ergonomic}
     bool UseG1GC                                  = true                                      {product} {ergonomic}
     bool UseLargePagesIndividualAllocation        = false                                  {pd product} {ergonomic}

Logging:
Log output configuration:
 #0: stdout all=warning uptime,level,tags
 #1: stderr all=off uptime,level,tags

Environment Variables:
JAVA_HOME=C:\Program Files (x86)\Java\jre1.8.0_241
PATH=C:\Program Files\Java\jdk-13.0.2\bin;C:\Program Files (x86)\Common Files\Oracle\Java\javapath;C:\Windows\system32;C:\Windows;C:\Windows\System32\Wbem;C:\Windows\System32\WindowsPowerShell\v1.0\;C:\Windows\System32\OpenSSH\;C:\Program Files (x86)\apache-maven-3.8.1\bin;C:\Program Files (x86)\gradle-7.1.1\bin;C:\Users\User\Documents\Setup logiciels\mongosh-1.1.2-win32-x64\bin;C:\Program Files\MySQL\MySQL Shell 8.0\bin\;C:\Users\User\AppData\Local\Microsoft\WindowsApps;C:\Users\User\AppData\Local\Programs\Microsoft VS Code\bin;C:\Program Files (x86)\gradle-7.1.1\bin;C:\Users\User\Downloads\platform-tools;C:\Users\User\Documents\Setup logiciels\mongosh-1.1.2-win32-x64\bin;C:\Users\User\AppData\Local\GitHubDesktop\bin
USERNAME=User
OS=Windows_NT
PROCESSOR_IDENTIFIER=Intel64 Family 6 Model 42 Stepping 7, GenuineIntel



---------------  S Y S T E M  ---------------

OS: Windows 10 , 64 bit Build 18362 (10.0.18362.1500)

CPU:total 4 (initial active 4) (2 cores per cpu, 2 threads per core) family 6 model 42 stepping 7, cmov, cx8, fxsr, mmx, sse, sse2, sse3, ssse3, sse4.1, sse4.2, popcnt, avx, aes, clmul, ht, tsc, tscinvbit

Memory: 4k page, system-wide physical 4006M (607M free)
TotalPageFile size 16294M (AvailPageFile size 84M)
current process WorkingSet (physical memory assigned to process): 116M, peak: 116M
current process commit charge ("private bytes"): 178M, peak: 290M

vm_info: Java HotSpot(TM) 64-Bit Server VM (13.0.2+8) for windows-amd64 JRE (13.0.2+8), built on Dec 11 2019 09:20:33 by "mach5one" with unknown MS VC++:1916

END.
