#
# There is insufficient memory for the Java Runtime Environment to continue.
# Native memory allocation (malloc) failed to allocate 1048576 bytes for AllocateHeap
# Possible reasons:
#   The system is out of physical RAM or swap space
#   The process is running with CompressedOops enabled, and the Java Heap may be blocking the growth of the native heap
# Possible solutions:
#   Reduce memory load on the system
#   Increase physical memory or swap space
#   Check if swap backing store is full
#   Decrease Java heap size (-Xmx/-Xms)
#   Decrease number of Java threads
#   Decrease Java thread stack sizes (-Xss)
#   Set larger code cache with -XX:ReservedCodeCacheSize=
#   JVM is running with Unscaled Compressed Oops mode in which the Java heap is
#     placed in the first 4GB address space. The Java Heap base address is the
#     maximum limit for the native heap growth. Please use -XX:HeapBaseMinAddress
#     to set the Java Heap base and to place the Java Heap above 4GB virtual address.
# This output file may be truncated or incomplete.
#
#  Out of Memory Error (t:/workspace/open/src/hotspot/share/memory/allocation.cpp:45), pid=11096, tid=9244
#
# JRE version: Java(TM) SE Runtime Environment (13.0.2+8) (build 13.0.2+8)
# Java VM: Java HotSpot(TM) 64-Bit Server VM (13.0.2+8, mixed mode, sharing, tiered, compressed oops, g1 gc, windows-amd64)
# No core dump will be written. Minidumps are not enabled by default on client versions of Windows
#

---------------  S U M M A R Y ------------

Command Line: -Dfile.encoding=Cp1252 Application.Home

Host: Intel(R) Core(TM) i5-2520M CPU @ 2.50GHz, 4 cores, 3G,  Windows 10 , 64 bit Build 18362 (10.0.18362.1500)
Time: Sun Jun 19 21:10:15 2022 Afrique de l?Est elapsed time: 1 seconds (0d 0h 0m 1s)

---------------  T H R E A D  ---------------

Current thread (0x000001ef74416000):  VMThread "VM Thread" [stack: 0x000000800d400000,0x000000800d500000] [id=9244]

Stack: [0x000000800d400000,0x000000800d500000]
[error occurred during error reporting (printing stack bounds), id 0xc0000005, EXCEPTION_ACCESS_VIOLATION (0xc0000005) at pc=0x000001ef601d10ad]

Native frames: (J=compiled Java code, j=interpreted, Vv=VM code, C=native code)
V  [jvm.dll+0x624f9a]
V  [jvm.dll+0x770cfa]
V  [jvm.dll+0x7724af]
V  [jvm.dll+0x772a15]
V  [jvm.dll+0x7729cb]
V  [jvm.dll+0x6244df]
C  [ntdll.dll+0x790b6]
C  [ntdll.dll+0x6a926]
C  [ntdll.dll+0xa0c6e]
C  0x000001ef601d10ad

VM_Operation (0x000000800e2fdef0): CollectForMetadataAllocation, mode: safepoint, requested by thread 0x000001ef752c7000


---------------  P R O C E S S  ---------------

Threads class SMR info:
_java_thread_list=0x000001ef75300b80, length=17, elements={
0x000001ef74417800, 0x000001ef7441d800, 0x000001ef7443c000, 0x000001ef7443e000,
0x000001ef7443f000, 0x000001ef7449c000, 0x000001ef744b6800, 0x000001ef74e98000,
0x000001ef74e87000, 0x000001ef75130000, 0x000001ef752c2800, 0x000001ef752c4800,
0x000001ef752c7000, 0x000001ef56511800, 0x000001ef74e99000, 0x000001ef75329800,
0x000001ef7534d800
}

Java Threads: ( => current thread )
  0x000001ef74417800 JavaThread "Reference Handler" daemon [_thread_blocked, id=7528, stack(0x000000800d500000,0x000000800d600000)]
  0x000001ef7441d800 JavaThread "Finalizer" daemon [_thread_blocked, id=2904, stack(0x000000800d600000,0x000000800d700000)]
  0x000001ef7443c000 JavaThread "Signal Dispatcher" daemon [_thread_blocked, id=10952, stack(0x000000800d700000,0x000000800d800000)]
  0x000001ef7443e000 JavaThread "Attach Listener" daemon [_thread_blocked, id=10208, stack(0x000000800d800000,0x000000800d900000)]
  0x000001ef7443f000 JavaThread "C2 CompilerThread0" daemon [_thread_blocked, id=9632, stack(0x000000800d900000,0x000000800da00000)]
  0x000001ef7449c000 JavaThread "C1 CompilerThread0" daemon [_thread_blocked, id=10452, stack(0x000000800da00000,0x000000800db00000)]
  0x000001ef744b6800 JavaThread "Sweeper thread" daemon [_thread_blocked, id=10300, stack(0x000000800db00000,0x000000800dc00000)]
  0x000001ef74e98000 JavaThread "Service Thread" daemon [_thread_blocked, id=9488, stack(0x000000800dc00000,0x000000800dd00000)]
  0x000001ef74e87000 JavaThread "Common-Cleaner" daemon [_thread_blocked, id=10924, stack(0x000000800de00000,0x000000800df00000)]
  0x000001ef75130000 JavaThread "Java2D Disposer" daemon [_thread_blocked, id=11244, stack(0x000000800df00000,0x000000800e000000)]
  0x000001ef752c2800 JavaThread "AWT-Shutdown" [_thread_blocked, id=10184, stack(0x000000800e000000,0x000000800e100000)]
  0x000001ef752c4800 JavaThread "AWT-Windows" daemon [_thread_in_native, id=8972, stack(0x000000800e100000,0x000000800e200000)]
  0x000001ef752c7000 JavaThread "AWT-EventQueue-0" [_thread_blocked, id=10260, stack(0x000000800e200000,0x000000800e300000)]
  0x000001ef56511800 JavaThread "DestroyJavaVM" [_thread_blocked, id=8968, stack(0x000000800ce00000,0x000000800cf00000)]
  0x000001ef74e99000 JavaThread "Abandoned connection cleanup thread" daemon [_thread_blocked, id=11220, stack(0x000000800e300000,0x000000800e400000)]
  0x000001ef75329800 JavaThread "mysql-cj-abandoned-connection-cleanup" daemon [_thread_blocked, id=3096, stack(0x000000800e400000,0x000000800e500000)]
  0x000001ef7534d800 JavaThread "C2 CompilerThread1" daemon [_thread_blocked, id=10304, stack(0x000000800e500000,0x000000800e600000)]

Other Threads:
=>0x000001ef74416000 VMThread "VM Thread" [stack: 0x000000800d400000,0x000000800d500000] [id=9244]
  0x000001ef74e9a000 WatcherThread [stack: 0x000000800dd00000,0x000000800de00000] [id=7740]
  0x000001ef56542800 GCTaskThread "GC Thread#0" [stack: 0x000000800cf00000,0x000000800d000000] [id=7580]
  0x000001ef75686000 GCTaskThread "GC Thread#1" [stack: 0x000000800e600000,0x000000800e700000] [id=11232]
  0x000001ef75685800 GCTaskThread "GC Thread#2" [stack: 0x000000800e700000,0x000000800e800000] [id=10264]
  0x000001ef75683000 GCTaskThread "GC Thread#3" [stack: 0x000000800e800000,0x000000800e900000] [id=10348]
  0x000001ef5654c800 ConcurrentGCThread "G1 Main Marker" [stack: 0x000000800d000000,0x000000800d100000] [id=9984]
  0x000001ef5654e800 ConcurrentGCThread "G1 Conc#0" [stack: 0x000000800d100000,0x000000800d200000] [id=3904]
  0x000001ef565a2000 ConcurrentGCThread "G1 Refine#0" [stack: 0x000000800d200000,0x000000800d300000] [id=7540]
  0x000001ef74fa1800 ConcurrentGCThread "G1 Refine#1" [stack: 0x000000800e900000,0x000000800ea00000] [id=1488]
  0x000001ef565a4000 ConcurrentGCThread "G1 Young RemSet Sampling" [stack: 0x000000800d300000,0x000000800d400000] [id=10488]

Threads with active compile tasks:

VM state:at safepoint (normal execution)

VM Mutex/Monitor currently owned by a thread:  ([mutex/lock_event])
[0x000001ef5650da70] Threads_lock - owner thread: 0x000001ef74416000
[0x000001ef5650f3c0] Heap_lock - owner thread: 0x000001ef752c7000

Heap address: 0x00000000c1600000, size: 1002 MB, Compressed Oops mode: 32-bit
Narrow klass base: 0x0000000800000000, Narrow klass shift: 3
Compressed class space size: 1073741824 Address: 0x0000000800b40000

Heap:
 garbage-first heap   total 65536K, used 7813K [0x00000000c1600000, 0x0000000100000000)
  region size 1024K, 2 young (2048K), 2 survivors (2048K)
 Metaspace       used 11823K, capacity 12049K, committed 12160K, reserved 1073152K
  class space    used 1235K, capacity 1320K, committed 1408K, reserved 1048576K
Heap Regions: E=young(eden), S=young(survivor), O=old, HS=humongous(starts), HC=humongous(continues), CS=collection set, F=free, A=archive, TAMS=top-at-mark-start (previous, next)
|   0|0x00000000c1600000, 0x00000000c1700000, 0x00000000c1700000|100%| O|  |TAMS 0x00000000c1600000, 0x00000000c1700000| Untracked 
|   1|0x00000000c1700000, 0x00000000c1800000, 0x00000000c1800000|100%| O|  |TAMS 0x00000000c1700000, 0x00000000c1800000| Untracked 
|   2|0x00000000c1800000, 0x00000000c1900000, 0x00000000c1900000|100%| O|  |TAMS 0x00000000c1800000, 0x00000000c1900000| Untracked 
|   3|0x00000000c1900000, 0x00000000c1a00000, 0x00000000c1a00000|100%| O|  |TAMS 0x00000000c1900000, 0x00000000c1a00000| Untracked 
|   4|0x00000000c1a00000, 0x00000000c1b00000, 0x00000000c1b00000|100%| O|  |TAMS 0x00000000c1a00000, 0x00000000c1b00000| Untracked 
|   5|0x00000000c1b00000, 0x00000000c1ba1600, 0x00000000c1c00000| 63%| O|  |TAMS 0x00000000c1b00000, 0x00000000c1ba1600| Untracked 
|   6|0x00000000c1c00000, 0x00000000c1c00000, 0x00000000c1d00000|  0%| F|  |TAMS 0x00000000c1c00000, 0x00000000c1c00000| Untracked 
|   7|0x00000000c1d00000, 0x00000000c1d00000, 0x00000000c1e00000|  0%| F|  |TAMS 0x00000000c1d00000, 0x00000000c1d00000| Untracked 
|   8|0x00000000c1e00000, 0x00000000c1e00000, 0x00000000c1f00000|  0%| F|  |TAMS 0x00000000c1e00000, 0x00000000c1e00000| Untracked 
|   9|0x00000000c1f00000, 0x00000000c1f00000, 0x00000000c2000000|  0%| F|  |TAMS 0x00000000c1f00000, 0x00000000c1f00000| Untracked 
|  10|0x00000000c2000000, 0x00000000c2000000, 0x00000000c2100000|  0%| F|  |TAMS 0x00000000c2000000, 0x00000000c2000000| Untracked 
|  11|0x00000000c2100000, 0x00000000c2100000, 0x00000000c2200000|  0%| F|  |TAMS 0x00000000c2100000, 0x00000000c2100000| Untracked 
|  12|0x00000000c2200000, 0x00000000c2200000, 0x00000000c2300000|  0%| F|  |TAMS 0x00000000c2200000, 0x00000000c2200000| Untracked 
|  13|0x00000000c2300000, 0x00000000c2300000, 0x00000000c2400000|  0%| F|  |TAMS 0x00000000c2300000, 0x00000000c2300000| Untracked 
|  14|0x00000000c2400000, 0x00000000c2400000, 0x00000000c2500000|  0%| F|  |TAMS 0x00000000c2400000, 0x00000000c2400000| Untracked 
|  15|0x00000000c2500000, 0x00000000c2500000, 0x00000000c2600000|  0%| F|  |TAMS 0x00000000c2500000, 0x00000000c2500000| Untracked 
|  16|0x00000000c2600000, 0x00000000c2600000, 0x00000000c2700000|  0%| F|  |TAMS 0x00000000c2600000, 0x00000000c2600000| Untracked 
|  17|0x00000000c2700000, 0x00000000c2700000, 0x00000000c2800000|  0%| F|  |TAMS 0x00000000c2700000, 0x00000000c2700000| Untracked 
|  18|0x00000000c2800000, 0x00000000c2800000, 0x00000000c2900000|  0%| F|  |TAMS 0x00000000c2800000, 0x00000000c2800000| Untracked 
|  19|0x00000000c2900000, 0x00000000c2900000, 0x00000000c2a00000|  0%| F|  |TAMS 0x00000000c2900000, 0x00000000c2900000| Untracked 
|  20|0x00000000c2a00000, 0x00000000c2a00000, 0x00000000c2b00000|  0%| F|  |TAMS 0x00000000c2a00000, 0x00000000c2a00000| Untracked 
|  21|0x00000000c2b00000, 0x00000000c2b00000, 0x00000000c2c00000|  0%| F|  |TAMS 0x00000000c2b00000, 0x00000000c2b00000| Untracked 
|  22|0x00000000c2c00000, 0x00000000c2c00000, 0x00000000c2d00000|  0%| F|  |TAMS 0x00000000c2c00000, 0x00000000c2c00000| Untracked 
|  23|0x00000000c2d00000, 0x00000000c2d00000, 0x00000000c2e00000|  0%| F|  |TAMS 0x00000000c2d00000, 0x00000000c2d00000| Untracked 
|  24|0x00000000c2e00000, 0x00000000c2e00000, 0x00000000c2f00000|  0%| F|  |TAMS 0x00000000c2e00000, 0x00000000c2e00000| Untracked 
|  25|0x00000000c2f00000, 0x00000000c2f00000, 0x00000000c3000000|  0%| F|  |TAMS 0x00000000c2f00000, 0x00000000c2f00000| Untracked 
|  26|0x00000000c3000000, 0x00000000c3000000, 0x00000000c3100000|  0%| F|  |TAMS 0x00000000c3000000, 0x00000000c3000000| Untracked 
|  27|0x00000000c3100000, 0x00000000c3100000, 0x00000000c3200000|  0%| F|  |TAMS 0x00000000c3100000, 0x00000000c3100000| Untracked 
|  28|0x00000000c3200000, 0x00000000c3200000, 0x00000000c3300000|  0%| F|  |TAMS 0x00000000c3200000, 0x00000000c3200000| Untracked 
|  29|0x00000000c3300000, 0x00000000c3300000, 0x00000000c3400000|  0%| F|  |TAMS 0x00000000c3300000, 0x00000000c3300000| Untracked 
|  30|0x00000000c3400000, 0x00000000c3400000, 0x00000000c3500000|  0%| F|  |TAMS 0x00000000c3400000, 0x00000000c3400000| Untracked 
|  31|0x00000000c3500000, 0x00000000c3500000, 0x00000000c3600000|  0%| F|  |TAMS 0x00000000c3500000, 0x00000000c3500000| Untracked 
|  32|0x00000000c3600000, 0x00000000c3600000, 0x00000000c3700000|  0%| F|  |TAMS 0x00000000c3600000, 0x00000000c3600000| Untracked 
|  33|0x00000000c3700000, 0x00000000c3700000, 0x00000000c3800000|  0%| F|  |TAMS 0x00000000c3700000, 0x00000000c3700000| Untracked 
|  34|0x00000000c3800000, 0x00000000c3800000, 0x00000000c3900000|  0%| F|  |TAMS 0x00000000c3800000, 0x00000000c3800000| Untracked 
|  35|0x00000000c3900000, 0x00000000c3900000, 0x00000000c3a00000|  0%| F|  |TAMS 0x00000000c3900000, 0x00000000c3900000| Untracked 
|  36|0x00000000c3a00000, 0x00000000c3a00000, 0x00000000c3b00000|  0%| F|  |TAMS 0x00000000c3a00000, 0x00000000c3a00000| Untracked 
|  37|0x00000000c3b00000, 0x00000000c3b00000, 0x00000000c3c00000|  0%| F|  |TAMS 0x00000000c3b00000, 0x00000000c3b00000| Untracked 
|  38|0x00000000c3c00000, 0x00000000c3c00000, 0x00000000c3d00000|  0%| F|  |TAMS 0x00000000c3c00000, 0x00000000c3c00000| Untracked 
|  39|0x00000000c3d00000, 0x00000000c3d00000, 0x00000000c3e00000|  0%| F|  |TAMS 0x00000000c3d00000, 0x00000000c3d00000| Untracked 
|  40|0x00000000c3e00000, 0x00000000c3e00000, 0x00000000c3f00000|  0%| F|  |TAMS 0x00000000c3e00000, 0x00000000c3e00000| Untracked 
|  41|0x00000000c3f00000, 0x00000000c3f00000, 0x00000000c4000000|  0%| F|  |TAMS 0x00000000c3f00000, 0x00000000c3f00000| Untracked 
|  42|0x00000000c4000000, 0x00000000c4000000, 0x00000000c4100000|  0%| F|  |TAMS 0x00000000c4000000, 0x00000000c4000000| Untracked 
|  43|0x00000000c4100000, 0x00000000c4100000, 0x00000000c4200000|  0%| F|  |TAMS 0x00000000c4100000, 0x00000000c4100000| Untracked 
|  44|0x00000000c4200000, 0x00000000c4200000, 0x00000000c4300000|  0%| F|  |TAMS 0x00000000c4200000, 0x00000000c4200000| Untracked 
|  45|0x00000000c4300000, 0x00000000c4300000, 0x00000000c4400000|  0%| F|  |TAMS 0x00000000c4300000, 0x00000000c4300000| Untracked 
|  46|0x00000000c4400000, 0x00000000c4400000, 0x00000000c4500000|  0%| F|  |TAMS 0x00000000c4400000, 0x00000000c4400000| Untracked 
|  47|0x00000000c4500000, 0x00000000c4500000, 0x00000000c4600000|  0%| F|  |TAMS 0x00000000c4500000, 0x00000000c4500000| Untracked 
|  48|0x00000000c4600000, 0x00000000c4600000, 0x00000000c4700000|  0%| F|  |TAMS 0x00000000c4600000, 0x00000000c4600000| Untracked 
|  49|0x00000000c4700000, 0x00000000c4700000, 0x00000000c4800000|  0%| F|  |TAMS 0x00000000c4700000, 0x00000000c4700000| Untracked 
|  50|0x00000000c4800000, 0x00000000c4800000, 0x00000000c4900000|  0%| F|  |TAMS 0x00000000c4800000, 0x00000000c4800000| Untracked 
|  51|0x00000000c4900000, 0x00000000c4900000, 0x00000000c4a00000|  0%| F|  |TAMS 0x00000000c4900000, 0x00000000c4900000| Untracked 
|  52|0x00000000c4a00000, 0x00000000c4a00000, 0x00000000c4b00000|  0%| F|  |TAMS 0x00000000c4a00000, 0x00000000c4a00000| Untracked 
|  53|0x00000000c4b00000, 0x00000000c4b00000, 0x00000000c4c00000|  0%| F|  |TAMS 0x00000000c4b00000, 0x00000000c4b00000| Untracked 
|  54|0x00000000c4c00000, 0x00000000c4c00000, 0x00000000c4d00000|  0%| F|  |TAMS 0x00000000c4c00000, 0x00000000c4c00000| Untracked 
|  55|0x00000000c4d00000, 0x00000000c4e00000, 0x00000000c4e00000|100%| S|CS|TAMS 0x00000000c4d00000, 0x00000000c4d00000| Complete 
|  56|0x00000000c4e00000, 0x00000000c4f00000, 0x00000000c4f00000|100%| S|CS|TAMS 0x00000000c4e00000, 0x00000000c4e00000| Complete 
|  57|0x00000000c4f00000, 0x00000000c4f00000, 0x00000000c5000000|  0%| F|  |TAMS 0x00000000c4f00000, 0x00000000c4f00000| Untracked 
|  58|0x00000000c5000000, 0x00000000c5000000, 0x00000000c5100000|  0%| F|  |TAMS 0x00000000c5000000, 0x00000000c5000000| Untracked 
|  59|0x00000000c5100000, 0x00000000c5100000, 0x00000000c5200000|  0%| F|  |TAMS 0x00000000c5100000, 0x00000000c5100000| Untracked 
|  60|0x00000000c5200000, 0x00000000c5200000, 0x00000000c5300000|  0%| F|  |TAMS 0x00000000c5200000, 0x00000000c5200000| Untracked 
|  61|0x00000000c5300000, 0x00000000c5300000, 0x00000000c5400000|  0%| F|  |TAMS 0x00000000c5300000, 0x00000000c5300000| Untracked 
|  62|0x00000000c5400000, 0x00000000c5400000, 0x00000000c5500000|  0%| F|  |TAMS 0x00000000c5400000, 0x00000000c5400000| Untracked 
|  63|0x00000000c5500000, 0x00000000c5500000, 0x00000000c5600000|  0%| F|  |TAMS 0x00000000c5500000, 0x00000000c5500000| Untracked 

Card table byte_map: [0x000001ef6fb30000,0x000001ef6fd30000] _byte_map_base: 0x000001ef6f525000

Marking Bits (Prev, Next): (CMBitMap*) 0x000001ef565437f8, (CMBitMap*) 0x000001ef56543838
 Prev Bits: [0x000001ef6ff30000, 0x000001ef70ed8000)
 Next Bits: [0x000001ef70ee0000, 0x000001ef71e88000)

Polling page: 0x000001ef56370000

Metaspace:

Usage:
  Non-class:     10.48 MB capacity,    10.34 MB ( 99%) used,   122.10 KB (  1%) free+waste,    19.00 KB ( <1%) overhead. 
      Class:      1.29 MB capacity,     1.21 MB ( 94%) used,    74.80 KB (  6%) free+waste,     9.44 KB ( <1%) overhead. 
       Both:     11.77 MB capacity,    11.55 MB ( 98%) used,   196.90 KB (  2%) free+waste,    28.44 KB ( <1%) overhead. 

Virtual space:
  Non-class space:       24.00 MB reserved,      10.50 MB ( 44%) committed 
      Class space:        1.00 GB reserved,       1.38 MB ( <1%) committed 
             Both:        1.02 GB reserved,      11.88 MB (  1%) committed 

Chunk freelists:
   Non-Class:  23.00 KB
       Class:  24.00 KB
        Both:  47.00 KB

MaxMetaspaceSize: 17179869184.00 GB
CompressedClassSpaceSize: 1.00 GB

CodeHeap 'non-profiled nmethods': size=120000Kb used=458Kb max_used=458Kb free=119542Kb
 bounds [0x000001ef67ca0000, 0x000001ef67f10000, 0x000001ef6f1d0000]
CodeHeap 'profiled nmethods': size=120000Kb used=2467Kb max_used=2467Kb free=117532Kb
 bounds [0x000001ef60770000, 0x000001ef609e0000, 0x000001ef67ca0000]
CodeHeap 'non-nmethods': size=5760Kb used=1269Kb max_used=1278Kb free=4490Kb
 bounds [0x000001ef601d0000, 0x000001ef60440000, 0x000001ef60770000]
 total_blobs=2450 nmethods=1321 adapters=451
 compilation: enabled
              stopped_count=0, restarted_count=0
 full_count=0

Compilation events (20 events):
Event: 1.721 Thread 0x000001ef7449c000 1312  s    3       jdk.internal.loader.Resource::cachedInputStream (20 bytes)
Event: 1.721 Thread 0x000001ef7449c000 nmethod 1312 0x000001ef609d2390 code [0x000001ef609d2540, 0x000001ef609d29d0]
Event: 1.724 Thread 0x000001ef7449c000 1313       3       java.util.jar.JarFile::maybeInstantiateVerifier (116 bytes)
Event: 1.725 Thread 0x000001ef7449c000 nmethod 1313 0x000001ef609d2a90 code [0x000001ef609d2dc0, 0x000001ef609d4040]
Event: 1.725 Thread 0x000001ef7449c000 1314       1       java.util.jar.Manifest::getEntries (5 bytes)
Event: 1.726 Thread 0x000001ef7449c000 nmethod 1314 0x000001ef67d12110 code [0x000001ef67d122a0, 0x000001ef67d123d8]
Event: 1.726 Thread 0x000001ef7449c000 1315       1       java.util.jar.Manifest::getMainAttributes (5 bytes)
Event: 1.726 Thread 0x000001ef7449c000 nmethod 1315 0x000001ef67d12490 code [0x000001ef67d12620, 0x000001ef67d12758]
Event: 1.726 Thread 0x000001ef7449c000 1316       3       java.lang.invoke.MethodHandles$Lookup::checkAccess (228 bytes)
Event: 1.728 Thread 0x000001ef7449c000 nmethod 1316 0x000001ef609d4710 code [0x000001ef609d4aa0, 0x000001ef609d6240]
Event: 1.728 Thread 0x000001ef7449c000 1317       3       java.util.regex.Pattern$Node::<init> (12 bytes)
Event: 1.728 Thread 0x000001ef7449c000 nmethod 1317 0x000001ef609d6910 code [0x000001ef609d6ac0, 0x000001ef609d6cf8]
Event: 1.732 Thread 0x000001ef7449c000 1318   !   3       java.util.zip.ZipFile$ZipFileInputStream::close (59 bytes)
Event: 1.732 Thread 0x000001ef7449c000 nmethod 1318 0x000001ef609d6d90 code [0x000001ef609d6f60, 0x000001ef609d7410]
Event: 1.735 Thread 0x000001ef7449c000 1319       3       java.lang.invoke.BootstrapMethodInvoker::maybeReBox (28 bytes)
Event: 1.735 Thread 0x000001ef7449c000 nmethod 1319 0x000001ef609d7610 code [0x000001ef609d7800, 0x000001ef609d7e78]
Event: 1.735 Thread 0x000001ef7449c000 1320       3       jdk.internal.org.objectweb.asm.MethodWriter::visitInsn (115 bytes)
Event: 1.736 Thread 0x000001ef7449c000 nmethod 1320 0x000001ef609d8090 code [0x000001ef609d8280, 0x000001ef609d8710]
Event: 1.736 Thread 0x000001ef7449c000 1321       3       jdk.internal.org.objectweb.asm.MethodVisitor::<init> (47 bytes)
Event: 1.736 Thread 0x000001ef7449c000 nmethod 1321 0x000001ef609d8890 code [0x000001ef609d8a60, 0x000001ef609d8e70]

GC Heap History (6 events):
Event: 0.793 GC heap before
{Heap before GC invocations=0 (full 0):
 garbage-first heap   total 65536K, used 13312K [0x00000000c1600000, 0x0000000100000000)
  region size 1024K, 14 young (14336K), 0 survivors (0K)
 Metaspace       used 6217K, capacity 7137K, committed 7424K, reserved 1056768K
  class space    used 585K, capacity 682K, committed 768K, reserved 1048576K
}
Event: 0.799 GC heap after
{Heap after GC invocations=1 (full 0):
 garbage-first heap   total 65536K, used 5563K [0x00000000c1600000, 0x0000000100000000)
  region size 1024K, 2 young (2048K), 2 survivors (2048K)
 Metaspace       used 6217K, capacity 7137K, committed 7424K, reserved 1056768K
  class space    used 585K, capacity 682K, committed 768K, reserved 1048576K
}
Event: 0.946 GC heap before
{Heap before GC invocations=1 (full 0):
 garbage-first heap   total 65536K, used 9659K [0x00000000c1600000, 0x0000000100000000)
  region size 1024K, 6 young (6144K), 2 survivors (2048K)
 Metaspace       used 7806K, capacity 8054K, committed 8320K, reserved 1056768K
  class space    used 751K, capacity 860K, committed 896K, reserved 1048576K
}
Event: 0.953 GC heap after
{Heap after GC invocations=2 (full 0):
 garbage-first heap   total 65536K, used 6789K [0x00000000c1600000, 0x0000000100000000)
  region size 1024K, 1 young (1024K), 1 survivors (1024K)
 Metaspace       used 7806K, capacity 8054K, committed 8320K, reserved 1056768K
  class space    used 751K, capacity 860K, committed 896K, reserved 1048576K
}
Event: 1.739 GC heap before
{Heap before GC invocations=2 (full 0):
 garbage-first heap   total 65536K, used 10885K [0x00000000c1600000, 0x0000000100000000)
  region size 1024K, 7 young (7168K), 1 survivors (1024K)
 Metaspace       used 11823K, capacity 12049K, committed 12160K, reserved 1071104K
  class space    used 1235K, capacity 1320K, committed 1408K, reserved 1048576K
}
Event: 1.744 GC heap after
{Heap after GC invocations=3 (full 0):
 garbage-first heap   total 65536K, used 7813K [0x00000000c1600000, 0x0000000100000000)
  region size 1024K, 2 young (2048K), 2 survivors (2048K)
 Metaspace       used 11823K, capacity 12049K, committed 12160K, reserved 1071104K
  class space    used 1235K, capacity 1320K, committed 1408K, reserved 1048576K
}

Deoptimization events (20 events):
Event: 0.859 Thread 0x000001ef752c7000 DEOPT PACKING pc=0x000001ef67ce2d58 sp=0x000000800e2fb400
Event: 0.859 Thread 0x000001ef752c7000 DEOPT UNPACKING pc=0x000001ef6021912f sp=0x000000800e2fb3b0 mode 2
Event: 0.924 Thread 0x000001ef752c7000 DEOPT PACKING pc=0x000001ef608f8cb8 sp=0x000000800e2fcdf0
Event: 0.924 Thread 0x000001ef752c7000 DEOPT UNPACKING pc=0x000001ef6021964e sp=0x000000800e2fc270 mode 0
Event: 1.004 Thread 0x000001ef752c7000 Uncommon trap: trap_request=0xffffffde fr.pc=0x000001ef67ceca6c relative=0x000000000000142c
Event: 1.004 Thread 0x000001ef752c7000 Uncommon trap: reason=class_check action=maybe_recompile pc=0x000001ef67ceca6c method=java.util.HashMap.putVal(ILjava/lang/Object;Ljava/lang/Object;ZZ)Ljava/lang/Object; @ 253 c2
Event: 1.004 Thread 0x000001ef752c7000 DEOPT PACKING pc=0x000001ef67ceca6c sp=0x000000800e2f99f0
Event: 1.004 Thread 0x000001ef752c7000 DEOPT UNPACKING pc=0x000001ef6021912f sp=0x000000800e2f99a0 mode 2
Event: 1.004 Thread 0x000001ef752c7000 Uncommon trap: trap_request=0xffffffde fr.pc=0x000001ef67ceca6c relative=0x000000000000142c
Event: 1.004 Thread 0x000001ef752c7000 Uncommon trap: reason=class_check action=maybe_recompile pc=0x000001ef67ceca6c method=java.util.HashMap.putVal(ILjava/lang/Object;Ljava/lang/Object;ZZ)Ljava/lang/Object; @ 253 c2
Event: 1.004 Thread 0x000001ef752c7000 DEOPT PACKING pc=0x000001ef67ceca6c sp=0x000000800e2f99f0
Event: 1.004 Thread 0x000001ef752c7000 DEOPT UNPACKING pc=0x000001ef6021912f sp=0x000000800e2f99a0 mode 2
Event: 1.562 Thread 0x000001ef752c7000 Uncommon trap: trap_request=0xffffff45 fr.pc=0x000001ef67cff0e0 relative=0x0000000000000280
Event: 1.562 Thread 0x000001ef752c7000 Uncommon trap: reason=unstable_if action=reinterpret pc=0x000001ef67cff0e0 method=java.util.HashMap.putVal(ILjava/lang/Object;Ljava/lang/Object;ZZ)Ljava/lang/Object; @ 162 c2
Event: 1.562 Thread 0x000001ef752c7000 DEOPT PACKING pc=0x000001ef67cff0e0 sp=0x000000800e2fb6e0
Event: 1.562 Thread 0x000001ef752c7000 DEOPT UNPACKING pc=0x000001ef6021912f sp=0x000000800e2fb690 mode 2
Event: 1.737 Thread 0x000001ef752c7000 Uncommon trap: trap_request=0xffffff45 fr.pc=0x000001ef67d040c8 relative=0x0000000000000128
Event: 1.737 Thread 0x000001ef752c7000 Uncommon trap: reason=unstable_if action=reinterpret pc=0x000001ef67d040c8 method=java.util.regex.Pattern$Branch.match(Ljava/util/regex/Matcher;ILjava/lang/CharSequence;)Z @ 19 c2
Event: 1.737 Thread 0x000001ef752c7000 DEOPT PACKING pc=0x000001ef67d040c8 sp=0x000000800e2fd940
Event: 1.737 Thread 0x000001ef752c7000 DEOPT UNPACKING pc=0x000001ef6021912f sp=0x000000800e2fd8f8 mode 2

Classes unloaded (0 events):
No events

Classes redefined (0 events):
No events

Internal exceptions (14 events):
Event: 0.197 Thread 0x000001ef56511800 Exception <a 'java/lang/ClassNotFoundException'{0x00000000c5301eb0}: sun/awt/resources/spi/awtProvider> (0x00000000c5301eb0) 
thrown [t:/workspace/open/src/hotspot/share/classfile/systemDictionary.cpp, line 232]
Event: 0.248 Thread 0x000001ef56511800 Exception <a 'java/io/FileNotFoundException'{0x00000000c5357618}> (0x00000000c5357618) 
thrown [t:/workspace/open/src/hotspot/share/prims/jni.cpp, line 598]
Event: 0.258 Thread 0x000001ef56511800 Exception <a 'java/io/FileNotFoundException'{0x00000000c537dbf8}> (0x00000000c537dbf8) 
thrown [t:/workspace/open/src/hotspot/share/prims/jni.cpp, line 598]
Event: 0.376 Thread 0x000001ef752c4800 Exception <a 'java/lang/NoSuchMethodError'{0x00000000c5005168}: 'void java.lang.invoke.DirectMethodHandle$Holder.invokeSpecial(java.lang.Object, java.lang.Object)'> (0x00000000c5005168) 
thrown [t:/workspace/open/src/hotspot/share/interpreter/linkResolver.cpp, line 767]
Event: 1.010 Thread 0x000001ef752c7000 Exception <a 'java/lang/NoSuchMethodError'{0x00000000c5482b98}: 'java.lang.Object java.lang.invoke.DirectMethodHandle$Holder.invokeStaticInit(java.lang.Object, int, int, int, int)'> (0x00000000c5482b98) 
thrown [t:/workspace/open/src/hotspot/share/interpreter/linkResolver.cpp, line 767]
Event: 1.018 Thread 0x000001ef752c7000 Exception <a 'sun/nio/fs/WindowsException'{0x00000000c54888d0}> (0x00000000c54888d0) 
thrown [t:/workspace/open/src/hotspot/share/prims/jni.cpp, line 598]
Event: 1.020 Thread 0x000001ef752c7000 Exception <a 'java/lang/NoSuchMethodError'{0x00000000c548a760}: 'int java.lang.invoke.DirectMethodHandle$Holder.invokeSpecialIFC(java.lang.Object, java.lang.Object, int)'> (0x00000000c548a760) 
thrown [t:/workspace/open/src/hotspot/share/interpreter/linkResolver.cpp, line 767]
Event: 1.041 Thread 0x000001ef752c7000 Exception <a 'java/lang/NoSuchMethodError'{0x00000000c54b3d10}: 'int java.lang.invoke.DirectMethodHandle$Holder.invokeStaticInit(java.lang.Object, java.lang.Object, java.lang.Object, java.lang.Object)'> (0x00000000c54b3d10) 
thrown [t:/workspace/open/src/hotspot/share/interpreter/linkResolver.cpp, line 767]
Event: 1.043 Thread 0x000001ef752c7000 Exception <a 'java/lang/IncompatibleClassChangeError'{0x00000000c54bc808}: Found class java.lang.Object, but interface was expected> (0x00000000c54bc808) 
thrown [t:/workspace/open/src/hotspot/share/interpreter/linkResolver.cpp, line 833]
Event: 1.047 Thread 0x000001ef752c7000 Exception <a 'java/lang/NoSuchMethodError'{0x00000000c54bfa08}: 'void java.lang.invoke.DirectMethodHandle$Holder.invokeStaticInit(java.lang.Object, java.lang.Object)'> (0x00000000c54bfa08) 
thrown [t:/workspace/open/src/hotspot/share/interpreter/linkResolver.cpp, line 767]
Event: 1.050 Thread 0x000001ef752c7000 Exception <a 'java/lang/NoSuchMethodError'{0x00000000c54c52c8}: 'int java.lang.invoke.DirectMethodHandle$Holder.invokeStaticInit(java.lang.Object, java.lang.Object)'> (0x00000000c54c52c8) 
thrown [t:/workspace/open/src/hotspot/share/interpreter/linkResolver.cpp, line 767]
Event: 1.532 Thread 0x000001ef752c7000 Exception <a 'java/lang/NoSuchMethodError'{0x00000000c52c2cb0}: 'java.lang.Object java.lang.invoke.DirectMethodHandle$Holder.invokeStaticInit(java.lang.Object, java.lang.Object, int, int, int, int)'> (0x00000000c52c2cb0) 
thrown [t:/workspace/open/src/hotspot/share/interpreter/linkResolver.cpp, line 767]
Event: 1.721 Thread 0x000001ef752c7000 Exception <a 'java/lang/NullPointerException'{0x00000000c4f55010}> (0x00000000c4f55010) 
thrown [t:/workspace/open/src/hotspot/share/interpreter/linkResolver.cpp, line 1349]
Event: 1.722 Thread 0x000001ef752c7000 Exception <a 'java/lang/reflect/InvocationTargetException'{0x00000000c4f58c40}> (0x00000000c4f58c40) 
thrown [t:/workspace/open/src/hotspot/share/runtime/reflection.cpp, line 1188]

Events (20 events):
Event: 1.730 loading class java/net/URLEncoder done
Event: 1.730 loading class java/util/BitSet
Event: 1.730 loading class java/util/BitSet done
Event: 1.730 loading class com/mysql/cj/conf/ConnectionUrl$Type
Event: 1.730 loading class com/mysql/cj/conf/ConnectionUrl$Type done
Event: 1.731 loading class com/mysql/cj/conf/ConnectionUrl$HostsCardinality
Event: 1.731 loading class com/mysql/cj/conf/ConnectionUrl$HostsCardinality done
Event: 1.731 loading class com/mysql/cj/conf/ConnectionUrl$HostsCardinality$1
Event: 1.731 loading class com/mysql/cj/conf/ConnectionUrl$HostsCardinality$1 done
Event: 1.731 loading class com/mysql/cj/conf/ConnectionUrl$HostsCardinality$2
Event: 1.731 loading class com/mysql/cj/conf/ConnectionUrl$HostsCardinality$2 done
Event: 1.732 loading class com/mysql/cj/conf/ConnectionUrl$HostsCardinality$3
Event: 1.732 loading class com/mysql/cj/conf/ConnectionUrl$HostsCardinality$3 done
Event: 1.732 loading class com/mysql/cj/conf/PropertyKey
Event: 1.732 loading class com/mysql/cj/conf/PropertyKey done
Event: 1.737 loading class com/mysql/cj/util/SearchMode
Event: 1.737 loading class com/mysql/cj/util/SearchMode done
Event: 1.738 loading class com/mysql/cj/util/StringInspector
Event: 1.738 loading class com/mysql/cj/util/StringInspector done
Event: 1.739 Executing VM operation: CollectForMetadataAllocation


Dynamic libraries:
0x00007ff7c7ad0000 - 0x00007ff7c7adf000 	C:\Program Files\Java\jdk-13.0.2\bin\javaw.exe
0x00007ffa66940000 - 0x00007ffa66b30000 	C:\Windows\SYSTEM32\ntdll.dll
0x00007ffa64df0000 - 0x00007ffa64ea2000 	C:\Windows\System32\KERNEL32.DLL
0x00007ffa63b20000 - 0x00007ffa63dc5000 	C:\Windows\System32\KERNELBASE.dll
0x00007ffa646b0000 - 0x00007ffa647aa000 	C:\Windows\System32\ucrtbase.dll
0x00007ffa5c880000 - 0x00007ffa5c895000 	C:\Program Files\Java\jdk-13.0.2\bin\VCRUNTIME140.dll
0x00007ffa5c860000 - 0x00007ffa5c878000 	C:\Program Files\Java\jdk-13.0.2\bin\jli.dll
0x00007ffa66670000 - 0x00007ffa66713000 	C:\Windows\System32\ADVAPI32.dll
0x00007ffa66460000 - 0x00007ffa664fe000 	C:\Windows\System32\msvcrt.dll
0x00007ffa64f80000 - 0x00007ffa65017000 	C:\Windows\System32\sechost.dll
0x00007ffa661c0000 - 0x00007ffa662df000 	C:\Windows\System32\RPCRT4.dll
0x00007ffa66720000 - 0x00007ffa668b4000 	C:\Windows\System32\USER32.dll
0x00007ffa63970000 - 0x00007ffa63991000 	C:\Windows\System32\win32u.dll
0x00007ffa66430000 - 0x00007ffa66456000 	C:\Windows\System32\GDI32.dll
0x00007ffa647b0000 - 0x00007ffa64948000 	C:\Windows\System32\gdi32full.dll
0x00007ffa639a0000 - 0x00007ffa63a3e000 	C:\Windows\System32\msvcp_win.dll
0x00007ffa575e0000 - 0x00007ffa57864000 	C:\Windows\WinSxS\amd64_microsoft.windows.common-controls_6595b64144ccf1df_6.0.18362.1556_none_9e7e372fe45e41d5\COMCTL32.dll
0x00007ffa64a30000 - 0x00007ffa64d66000 	C:\Windows\System32\combase.dll
0x00007ffa638e0000 - 0x00007ffa63961000 	C:\Windows\System32\bcryptPrimitives.dll
0x00007ffa57d40000 - 0x00007ffa57d4a000 	C:\Windows\SYSTEM32\VERSION.dll
0x00007ffa66570000 - 0x00007ffa6659e000 	C:\Windows\System32\IMM32.DLL
0x00007ffa3cb60000 - 0x00007ffa3cbfb000 	C:\Program Files\Java\jdk-13.0.2\bin\msvcp140.dll
0x00007ffa27780000 - 0x00007ffa282dd000 	C:\Program Files\Java\jdk-13.0.2\bin\server\jvm.dll
0x00007ffa662e0000 - 0x00007ffa662e8000 	C:\Windows\System32\PSAPI.DLL
0x00007ffa5e540000 - 0x00007ffa5e549000 	C:\Windows\SYSTEM32\WSOCK32.dll
0x00007ffa61620000 - 0x00007ffa61644000 	C:\Windows\SYSTEM32\WINMM.dll
0x00007ffa649c0000 - 0x00007ffa64a2f000 	C:\Windows\System32\WS2_32.dll
0x00007ffa615f0000 - 0x00007ffa6161d000 	C:\Windows\SYSTEM32\WINMMBASE.dll
0x00007ffa64950000 - 0x00007ffa6499a000 	C:\Windows\System32\cfgmgr32.dll
0x00007ffa63840000 - 0x00007ffa63851000 	C:\Windows\System32\kernel.appcore.dll
0x00007ffa5c850000 - 0x00007ffa5c860000 	C:\Program Files\Java\jdk-13.0.2\bin\verify.dll
0x00007ffa573e0000 - 0x00007ffa575d4000 	C:\Windows\SYSTEM32\DBGHELP.DLL
0x00007ffa572d0000 - 0x00007ffa572fa000 	C:\Windows\SYSTEM32\dbgcore.DLL
0x00007ffa5c780000 - 0x00007ffa5c7a6000 	C:\Program Files\Java\jdk-13.0.2\bin\java.dll
0x00007ffa5c760000 - 0x00007ffa5c777000 	C:\Program Files\Java\jdk-13.0.2\bin\zip.dll
0x00007ffa5c750000 - 0x00007ffa5c75a000 	C:\Program Files\Java\jdk-13.0.2\bin\jimage.dll
0x00007ffa65180000 - 0x00007ffa65867000 	C:\Windows\System32\SHELL32.dll
0x00007ffa65870000 - 0x00007ffa65918000 	C:\Windows\System32\shcore.dll
0x00007ffa63dd0000 - 0x00007ffa6454b000 	C:\Windows\System32\windows.storage.dll
0x00007ffa63820000 - 0x00007ffa6383e000 	C:\Windows\System32\profapi.dll
0x00007ffa637d0000 - 0x00007ffa6381a000 	C:\Windows\System32\powrprof.dll
0x00007ffa637c0000 - 0x00007ffa637d0000 	C:\Windows\System32\UMPDC.dll
0x00007ffa65c10000 - 0x00007ffa65c62000 	C:\Windows\System32\shlwapi.dll
0x00007ffa649a0000 - 0x00007ffa649b7000 	C:\Windows\System32\cryptsp.dll
0x00007ffa5c730000 - 0x00007ffa5c749000 	C:\Program Files\Java\jdk-13.0.2\bin\net.dll
0x00007ffa5a0c0000 - 0x00007ffa5a1ba000 	C:\Windows\SYSTEM32\WINHTTP.dll
0x00007ffa63000000 - 0x00007ffa63067000 	C:\Windows\system32\mswsock.dll
0x00007ffa4c010000 - 0x00007ffa4c023000 	C:\Program Files\Java\jdk-13.0.2\bin\nio.dll
0x00007ffa28b40000 - 0x00007ffa28cd9000 	C:\Program Files\Java\jdk-13.0.2\bin\awt.dll
0x00007ffa65920000 - 0x00007ffa659e5000 	C:\Windows\System32\OLEAUT32.dll
0x00007ffa61930000 - 0x00007ffa619bf000 	C:\Windows\SYSTEM32\apphelp.dll
0x00007ffa61ae0000 - 0x00007ffa61b79000 	C:\Windows\system32\uxtheme.dll
0x00007ffa662f0000 - 0x00007ffa66425000 	C:\Windows\System32\MSCTF.dll
0x00007ffa65020000 - 0x00007ffa65177000 	C:\Windows\System32\ole32.dll
0x00007ffa62d50000 - 0x00007ffa62e1b000 	C:\Windows\SYSTEM32\DNSAPI.dll
0x00007ffa668c0000 - 0x00007ffa668c8000 	C:\Windows\System32\NSI.dll
0x00007ffa62cb0000 - 0x00007ffa62cea000 	C:\Windows\SYSTEM32\IPHLPAPI.DLL
0x00007ffa59490000 - 0x00007ffa5949a000 	C:\Windows\System32\rasadhlp.dll
0x00007ffa5a7a0000 - 0x00007ffa5a817000 	C:\Windows\System32\fwpuclnt.dll
0x00007ffa63a40000 - 0x00007ffa63a66000 	C:\Windows\System32\bcrypt.dll
0x00007ffa4d260000 - 0x00007ffa4d26e000 	C:\Program Files\Java\jdk-13.0.2\bin\sunmscapi.dll
0x00007ffa64550000 - 0x00007ffa646a1000 	C:\Windows\System32\CRYPT32.dll
0x00007ffa63860000 - 0x00007ffa63872000 	C:\Windows\System32\MSASN1.dll
0x00007ffa632e0000 - 0x00007ffa63306000 	C:\Windows\SYSTEM32\ncrypt.dll
0x00007ffa632a0000 - 0x00007ffa632db000 	C:\Windows\SYSTEM32\NTASN1.dll
0x00007ffa4b790000 - 0x00007ffa4b7b5000 	C:\Program Files\Java\jdk-13.0.2\bin\sunec.dll
0x00007ffa62b20000 - 0x00007ffa62b53000 	C:\Windows\system32\rsaenh.dll
0x00007ffa636e0000 - 0x00007ffa63705000 	C:\Windows\SYSTEM32\USERENV.dll
0x00007ffa631d0000 - 0x00007ffa631dc000 	C:\Windows\SYSTEM32\CRYPTBASE.dll
0x00007ffa5a880000 - 0x00007ffa5a896000 	C:\Windows\SYSTEM32\dhcpcsvc6.DLL
0x00007ffa5a950000 - 0x00007ffa5a96c000 	C:\Windows\SYSTEM32\dhcpcsvc.DLL

dbghelp: loaded successfully - version: 4.0.5 - missing functions: none
symbol engine: initialized successfully - sym options: 0x614 - pdb path: .;C:\Program Files\Java\jdk-13.0.2\bin;C:\Windows\SYSTEM32;C:\Windows\WinSxS\amd64_microsoft.windows.common-controls_6595b64144ccf1df_6.0.18362.1556_none_9e7e372fe45e41d5;C:\Program Files\Java\jdk-13.0.2\bin\server

VM Arguments:
jvm_args: -Dfile.encoding=Cp1252 
java_command: Application.Home
java_class_path (initial): C:\Users\User\git\bakame\DriveOperations\target\classes;C:\Users\User\Desktop\Libraries\jgoodies-common-1.8.0.jar;C:\Users\User\Desktop\Libraries\jgoodies-forms-1.8.0.jar;C:\Users\User\Desktop\Libraries\miglayout15-swing.jar;C:\Users\User\Downloads\javax.mail.jar;C:\Users\User\Downloads\activation-1.1.1.jar;C:\Users\User\Downloads\jcalendar-1.4.jar;C:\Users\User\Downloads\jfreechart-1.0.19\lib\jcommon-1.0.23.jar;C:\Users\User\Downloads\jfreechart-1.0.19\lib\jfreechart-1.0.19.jar;C:\Users\User\Downloads\commons-net-3.8.0\commons-net-3.8.0.jar;C:\Users\User\Documents\Libs\comm-2.0.jar;C:\Users\User\Documents\Libs\http-2.2.1.jar;C:\Users\User\Downloads\JTattoo-1.6.13.jar;C:\Users\User\Desktop\Libs\jmespath-java-1.11.470.jar;C:\Users\User\Desktop\Libs\aws-java-sdk-core-1.12.65.jar;C:\Users\User\Desktop\Libs\aws-java-sdk-kms-1.12.65.jar;C:\Users\User\Desktop\Libs\aws-java-sdk-s3-1.12.65.jar;C:\Users\User\Desktop\Libs\commons-codec-1.15.jar;C:\Users\User\Desktop\Libs\commons-logging-1.1.3.jar;C:\Users\User\Desktop\Libs\httpclient-4.5.13.jar;C:\Users\User\Desktop\Libs\ion-java-1.0.2.jar;C:\Users\User\Desktop\Libs\jackson-annotations-2.12.3.jar;C:\Users\User\Desktop\Libs\jackson-core-2.12.3.jar;C:\Users\User\Desktop\Libs\jackson-databind-2.12.3.jar;C:\Users\User\Desktop\Libs\jackson-dataformat-cbor-2.12.3.jar;C:\Users\User\Desktop\Libs\jmespath-java-1.12.65.jar;C:\Users\User\Desktop\Libs\joda-time-2.8.1.jar;C:\Users\User\Desktop\Libs\mysql-connector-java-5.1.45.jar;C:\Users\User\.m2\repository\com\amazonaws\aws-java-sdk-s3\1.12.65\aws-java-sdk-s3-1.12.65.jar;C:\Users\User\.m2\repository\com\amazonaws\aws-java-sdk-kms\1.12.65\aws-java-sdk-kms-1.12.65.jar;C:\Users\User\.m2\repository\com\amazonaws\aws-java-sdk-core\1.12.65\aws-java-sdk-core-1.12.65.jar;C:\Users\User\.m2\repository\commons-logging\commons-logging\1.1.3\commons-logging-1.1.3.jar;C:\Users\User\.m2\repository\commons-codec\commons-codec\1.15\commons-codec-1.15.jar;C:\Users\User\.m2\re
Launcher Type: SUN_STANDARD

[Global flags]
     intx CICompilerCount                          = 3                                         {product} {ergonomic}
     uint ConcGCThreads                            = 1                                         {product} {ergonomic}
     uint G1ConcRefinementThreads                  = 4                                         {product} {ergonomic}
   size_t G1HeapRegionSize                         = 1048576                                   {product} {ergonomic}
    uintx GCDrainStackTargetSize                   = 64                                        {product} {ergonomic}
   size_t InitialHeapSize                          = 67108864                                  {product} {ergonomic}
   size_t MarkStackSize                            = 4194304                                   {product} {ergonomic}
   size_t MaxHeapSize                              = 1050673152                                {product} {ergonomic}
   size_t MaxNewSize                               = 630194176                                 {product} {ergonomic}
   size_t MinHeapDeltaBytes                        = 1048576                                   {product} {ergonomic}
   size_t MinHeapSize                              = 8388608                                   {product} {ergonomic}
    uintx NonNMethodCodeHeapSize                   = 5832780                                {pd product} {ergonomic}
    uintx NonProfiledCodeHeapSize                  = 122912730                              {pd product} {ergonomic}
    uintx ProfiledCodeHeapSize                     = 122912730                              {pd product} {ergonomic}
    uintx ReservedCodeCacheSize                    = 251658240                              {pd product} {ergonomic}
     bool SegmentedCodeCache                       = true                                      {product} {ergonomic}
   size_t SoftMaxHeapSize                          = 1050673152                             {manageable} {ergonomic}
     bool UseCompressedClassPointers               = true                                 {lp64_product} {ergonomic}
     bool UseCompressedOops                        = true                                 {lp64_product} {ergonomic}
     bool UseG1GC                                  = true                                      {product} {ergonomic}
     bool UseLargePagesIndividualAllocation        = false                                  {pd product} {ergonomic}

Logging:
Log output configuration:
 #0: stdout all=warning uptime,level,tags
 #1: stderr all=off uptime,level,tags

Environment Variables:
JAVA_HOME=C:\Program Files (x86)\Java\jre1.8.0_241
PATH=C:\Program Files\Java\jdk-13.0.2\bin;C:\Program Files (x86)\Common Files\Oracle\Java\javapath;C:\Windows\system32;C:\Windows;C:\Windows\System32\Wbem;C:\Windows\System32\WindowsPowerShell\v1.0\;C:\Windows\System32\OpenSSH\;C:\Program Files (x86)\apache-maven-3.8.1\bin;C:\Program Files (x86)\gradle-7.1.1\bin;C:\Users\User\Documents\Setup logiciels\mongosh-1.1.2-win32-x64\bin;C:\Program Files\Git\cmd;C:\Program Files\MySQL\MySQL Shell 8.0\bin\;C:\Users\User\AppData\Local\Microsoft\WindowsApps;C:\Users\User\AppData\Local\Programs\Microsoft VS Code\bin;C:\Program Files (x86)\gradle-7.1.1\bin;C:\Users\User\Downloads\platform-tools;C:\Users\User\Documents\Setup logiciels\mongosh-1.1.2-win32-x64\bin;C:\Users\User\AppData\Local\GitHubDesktop\bin;C:\Program Files\JetBrains\IntelliJ IDEA 2022.1.1\bin;
USERNAME=User
OS=Windows_NT
PROCESSOR_IDENTIFIER=Intel64 Family 6 Model 42 Stepping 7, GenuineIntel



---------------  S Y S T E M  ---------------

OS: Windows 10 , 64 bit Build 18362 (10.0.18362.1500)

CPU:total 4 (initial active 4) (2 cores per cpu, 2 threads per core) family 6 model 42 stepping 7, cmov, cx8, fxsr, mmx, sse, sse2, sse3, ssse3, sse4.1, sse4.2, popcnt, avx, aes, clmul, ht, tsc, tscinvbit

Memory: 4k page, system-wide physical 4006M (882M free)
TotalPageFile size 16294M (AvailPageFile size 3M)
current process WorkingSet (physical memory assigned to process): 82M, peak: 82M
current process commit charge ("private bytes"): 158M, peak: 159M

vm_info: Java HotSpot(TM) 64-Bit Server VM (13.0.2+8) for windows-amd64 JRE (13.0.2+8), built on Dec 11 2019 09:20:33 by "mach5one" with unknown MS VC++:1916

END.
