#
# There is insufficient memory for the Java Runtime Environment to continue.
# Native memory allocation (malloc) failed to allocate 165328 bytes for Chunk::new
# Possible reasons:
#   The system is out of physical RAM or swap space
#   The process is running with CompressedOops enabled, and the Java Heap may be blocking the growth of the native heap
# Possible solutions:
#   Reduce memory load on the system
#   Increase physical memory or swap space
#   Check if swap backing store is full
#   Decrease Java heap size (-Xmx/-Xms)
#   Decrease number of Java threads
#   Decrease Java thread stack sizes (-Xss)
#   Set larger code cache with -XX:ReservedCodeCacheSize=
#   JVM is running with Unscaled Compressed Oops mode in which the Java heap is
#     placed in the first 4GB address space. The Java Heap base address is the
#     maximum limit for the native heap growth. Please use -XX:HeapBaseMinAddress
#     to set the Java Heap base and to place the Java Heap above 4GB virtual address.
# This output file may be truncated or incomplete.
#
#  Out of Memory Error (t:/workspace/open/src/hotspot/share/memory/arena.cpp:196), pid=19432, tid=352
#
# JRE version: Java(TM) SE Runtime Environment (13.0.2+8) (build 13.0.2+8)
# Java VM: Java HotSpot(TM) 64-Bit Server VM (13.0.2+8, mixed mode, sharing, tiered, compressed oops, g1 gc, windows-amd64)
# No core dump will be written. Minidumps are not enabled by default on client versions of Windows
#

---------------  S U M M A R Y ------------

Command Line: -Dfile.encoding=Cp1252 Schedule.TeacherSchedule

Host: Intel(R) Core(TM) i5-2520M CPU @ 2.50GHz, 4 cores, 3G,  Windows 10 , 64 bit Build 18362 (10.0.18362.1316)
Time: Sat Aug 28 12:00:49 2021 South Africa Standard Time elapsed time: 1 seconds (0d 0h 0m 1s)

---------------  T H R E A D  ---------------

Current thread (0x000001ef7f7e9800):  JavaThread "C2 CompilerThread0" daemon [_thread_in_native, id=352, stack(0x000000b0bf200000,0x000000b0bf300000)]


Current CompileTask:
C2:   1666 1447       4       java.util.regex.Matcher::search (154 bytes)

Stack: [0x000000b0bf200000,0x000000b0bf300000]
Native frames: (J=compiled Java code, j=interpreted, Vv=VM code, C=native code)
V  [jvm.dll+0x624f9a]
V  [jvm.dll+0x770cfa]
V  [jvm.dll+0x7724af]
V  [jvm.dll+0x772ab3]
V  [jvm.dll+0x24bf08]
V  [jvm.dll+0xc1e47]
V  [jvm.dll+0xc23cc]
V  [jvm.dll+0x35c0c5]
V  [jvm.dll+0x327803]
V  [jvm.dll+0x326bda]
V  [jvm.dll+0x205c27]
V  [jvm.dll+0x204e3f]
V  [jvm.dll+0x189c2c]
V  [jvm.dll+0x213e6d]
V  [jvm.dll+0x2120bb]
V  [jvm.dll+0x736bb6]
V  [jvm.dll+0x72fcaa]
V  [jvm.dll+0x623ea6]
C  [ucrtbase.dll+0x210b2]
C  [KERNEL32.DLL+0x17c24]
C  [ntdll.dll+0x6d4d1]


---------------  P R O C E S S  ---------------

Threads class SMR info:
_java_thread_list=0x000001ef12895a10, length=17, elements={
0x000001ef7f7c8000, 0x000001ef7f7d5800, 0x000001ef7f7e6000, 0x000001ef7f7e8000,
0x000001ef7f7e9800, 0x000001ef7f855800, 0x000001ef7f857000, 0x000001ef7fa47800,
0x000001ef7fa51800, 0x000001ef127d6000, 0x000001ef127d9000, 0x000001ef7fd79800,
0x000001ef7fd8b800, 0x000001ef736ee800, 0x000001ef12864800, 0x000001ef129b2000,
0x000001ef12a51000
}

Java Threads: ( => current thread )
  0x000001ef7f7c8000 JavaThread "Reference Handler" daemon [_thread_blocked, id=14640, stack(0x000000b0bee00000,0x000000b0bef00000)]
  0x000001ef7f7d5800 JavaThread "Finalizer" daemon [_thread_blocked, id=240, stack(0x000000b0bef00000,0x000000b0bf000000)]
  0x000001ef7f7e6000 JavaThread "Signal Dispatcher" daemon [_thread_blocked, id=9420, stack(0x000000b0bf000000,0x000000b0bf100000)]
  0x000001ef7f7e8000 JavaThread "Attach Listener" daemon [_thread_blocked, id=5952, stack(0x000000b0bf100000,0x000000b0bf200000)]
=>0x000001ef7f7e9800 JavaThread "C2 CompilerThread0" daemon [_thread_in_native, id=352, stack(0x000000b0bf200000,0x000000b0bf300000)]
  0x000001ef7f855800 JavaThread "C1 CompilerThread0" daemon [_thread_in_native, id=15412, stack(0x000000b0bf300000,0x000000b0bf400000)]
  0x000001ef7f857000 JavaThread "Sweeper thread" daemon [_thread_blocked, id=18124, stack(0x000000b0bf400000,0x000000b0bf500000)]
  0x000001ef7fa47800 JavaThread "Service Thread" daemon [_thread_blocked, id=12588, stack(0x000000b0bf500000,0x000000b0bf600000)]
  0x000001ef7fa51800 JavaThread "Common-Cleaner" daemon [_thread_blocked, id=5964, stack(0x000000b0bf700000,0x000000b0bf800000)]
  0x000001ef127d6000 JavaThread "Java2D Disposer" daemon [_thread_blocked, id=7752, stack(0x000000b0bf800000,0x000000b0bf900000)]
  0x000001ef127d9000 JavaThread "AWT-Shutdown" [_thread_blocked, id=9360, stack(0x000000b0bf900000,0x000000b0bfa00000)]
  0x000001ef7fd79800 JavaThread "AWT-Windows" daemon [_thread_in_native, id=17444, stack(0x000000b0bfa00000,0x000000b0bfb00000)]
  0x000001ef7fd8b800 JavaThread "AWT-EventQueue-0" [_thread_in_native, id=4144, stack(0x000000b0bfb00000,0x000000b0bfc00000)]
  0x000001ef736ee800 JavaThread "DestroyJavaVM" [_thread_blocked, id=16524, stack(0x000000b0be700000,0x000000b0be800000)]
  0x000001ef12864800 JavaThread "TimerQueue" daemon [_thread_blocked, id=13544, stack(0x000000b0bfd00000,0x000000b0bfe00000)]
  0x000001ef129b2000 JavaThread "Image Fetcher 0" daemon [_thread_blocked, id=2164, stack(0x000000b0bfe00000,0x000000b0bff00000)]
  0x000001ef12a51000 JavaThread "C2 CompilerThread1" daemon [_thread_in_native, id=7708, stack(0x000000b0c0400000,0x000000b0c0500000)]

Other Threads:
  0x000001ef7f7c6000 VMThread "VM Thread" [stack: 0x000000b0bed00000,0x000000b0bee00000] [id=10956]
  0x000001ef7fa4c800 WatcherThread [stack: 0x000000b0bf600000,0x000000b0bf700000] [id=9832]
  0x000001ef73850000 GCTaskThread "GC Thread#0" [stack: 0x000000b0be800000,0x000000b0be900000] [id=13916]
  0x000001ef12a39000 GCTaskThread "GC Thread#1" [stack: 0x000000b0bff00000,0x000000b0c0000000] [id=19132]
  0x000001ef12a39800 GCTaskThread "GC Thread#2" [stack: 0x000000b0c0000000,0x000000b0c0100000] [id=11128]
  0x000001ef12a3d000 GCTaskThread "GC Thread#3" [stack: 0x000000b0c0100000,0x000000b0c0200000] [id=10800]
  0x000001ef73859800 ConcurrentGCThread "G1 Main Marker" [stack: 0x000000b0be900000,0x000000b0bea00000] [id=11172]
  0x000001ef7385c800 ConcurrentGCThread "G1 Conc#0" [stack: 0x000000b0bea00000,0x000000b0beb00000] [id=10832]
  0x000001ef738b0000 ConcurrentGCThread "G1 Refine#0" [stack: 0x000000b0beb00000,0x000000b0bec00000] [id=18056]
  0x000001ef7fbd2800 ConcurrentGCThread "G1 Refine#1" [stack: 0x000000b0c0200000,0x000000b0c0300000] [id=13796]
  0x000001ef12863800 ConcurrentGCThread "G1 Refine#2" [stack: 0x000000b0c0300000,0x000000b0c0400000] [id=4212]
  0x000001ef738b2800 ConcurrentGCThread "G1 Young RemSet Sampling" [stack: 0x000000b0bec00000,0x000000b0bed00000] [id=11380]

Threads with active compile tasks:
C2 CompilerThread0     1951 1447       4       java.util.regex.Matcher::search (154 bytes)
C1 CompilerThread0     1951 1542       3       java.util.regex.Matcher::appendExpandedReplacement (510 bytes)
C2 CompilerThread1     1952 1442       4       javax.swing.text.html.StyleSheet$ViewAttributeSet::doGetAttribute (53 bytes)

VM state:not at safepoint (normal execution)

VM Mutex/Monitor currently owned by a thread: None

Heap address: 0x00000000c1600000, size: 1002 MB, Compressed Oops mode: 32-bit
Narrow klass base: 0x0000000800000000, Narrow klass shift: 3
Compressed class space size: 1073741824 Address: 0x0000000800b40000

Heap:
 garbage-first heap   total 65536K, used 13477K [0x00000000c1600000, 0x0000000100000000)
  region size 1024K, 8 young (8192K), 2 survivors (2048K)
 Metaspace       used 9623K, capacity 9979K, committed 10240K, reserved 1058816K
  class space    used 1056K, capacity 1207K, committed 1280K, reserved 1048576K
Heap Regions: E=young(eden), S=young(survivor), O=old, HS=humongous(starts), HC=humongous(continues), CS=collection set, F=free, A=archive, TAMS=top-at-mark-start (previous, next)
|   0|0x00000000c1600000, 0x00000000c1700000, 0x00000000c1700000|100%| O|  |TAMS 0x00000000c1600000, 0x00000000c1600000| Untracked 
|   1|0x00000000c1700000, 0x00000000c1800000, 0x00000000c1800000|100%| O|  |TAMS 0x00000000c1700000, 0x00000000c1700000| Untracked 
|   2|0x00000000c1800000, 0x00000000c1829600, 0x00000000c1900000| 16%| O|  |TAMS 0x00000000c1800000, 0x00000000c1800000| Untracked 
|   3|0x00000000c1900000, 0x00000000c1a00000, 0x00000000c1a00000|100%|HS|  |TAMS 0x00000000c1900000, 0x00000000c1900000| Complete 
|   4|0x00000000c1a00000, 0x00000000c1b00000, 0x00000000c1b00000|100%|HC|  |TAMS 0x00000000c1a00000, 0x00000000c1a00000| Complete 
|   5|0x00000000c1b00000, 0x00000000c1c00000, 0x00000000c1c00000|100%|HC|  |TAMS 0x00000000c1b00000, 0x00000000c1b00000| Complete 
|   6|0x00000000c1c00000, 0x00000000c1d00000, 0x00000000c1d00000|100%|HC|  |TAMS 0x00000000c1c00000, 0x00000000c1c00000| Complete 
|   7|0x00000000c1d00000, 0x00000000c1d00000, 0x00000000c1e00000|  0%| F|  |TAMS 0x00000000c1d00000, 0x00000000c1d00000| Untracked 
|   8|0x00000000c1e00000, 0x00000000c1e00000, 0x00000000c1f00000|  0%| F|  |TAMS 0x00000000c1e00000, 0x00000000c1e00000| Untracked 
|   9|0x00000000c1f00000, 0x00000000c1f00000, 0x00000000c2000000|  0%| F|  |TAMS 0x00000000c1f00000, 0x00000000c1f00000| Untracked 
|  10|0x00000000c2000000, 0x00000000c2000000, 0x00000000c2100000|  0%| F|  |TAMS 0x00000000c2000000, 0x00000000c2000000| Untracked 
|  11|0x00000000c2100000, 0x00000000c2100000, 0x00000000c2200000|  0%| F|  |TAMS 0x00000000c2100000, 0x00000000c2100000| Untracked 
|  12|0x00000000c2200000, 0x00000000c2200000, 0x00000000c2300000|  0%| F|  |TAMS 0x00000000c2200000, 0x00000000c2200000| Untracked 
|  13|0x00000000c2300000, 0x00000000c2300000, 0x00000000c2400000|  0%| F|  |TAMS 0x00000000c2300000, 0x00000000c2300000| Untracked 
|  14|0x00000000c2400000, 0x00000000c2400000, 0x00000000c2500000|  0%| F|  |TAMS 0x00000000c2400000, 0x00000000c2400000| Untracked 
|  15|0x00000000c2500000, 0x00000000c2500000, 0x00000000c2600000|  0%| F|  |TAMS 0x00000000c2500000, 0x00000000c2500000| Untracked 
|  16|0x00000000c2600000, 0x00000000c2600000, 0x00000000c2700000|  0%| F|  |TAMS 0x00000000c2600000, 0x00000000c2600000| Untracked 
|  17|0x00000000c2700000, 0x00000000c2700000, 0x00000000c2800000|  0%| F|  |TAMS 0x00000000c2700000, 0x00000000c2700000| Untracked 
|  18|0x00000000c2800000, 0x00000000c2800000, 0x00000000c2900000|  0%| F|  |TAMS 0x00000000c2800000, 0x00000000c2800000| Untracked 
|  19|0x00000000c2900000, 0x00000000c2900000, 0x00000000c2a00000|  0%| F|  |TAMS 0x00000000c2900000, 0x00000000c2900000| Untracked 
|  20|0x00000000c2a00000, 0x00000000c2a00000, 0x00000000c2b00000|  0%| F|  |TAMS 0x00000000c2a00000, 0x00000000c2a00000| Untracked 
|  21|0x00000000c2b00000, 0x00000000c2b00000, 0x00000000c2c00000|  0%| F|  |TAMS 0x00000000c2b00000, 0x00000000c2b00000| Untracked 
|  22|0x00000000c2c00000, 0x00000000c2c00000, 0x00000000c2d00000|  0%| F|  |TAMS 0x00000000c2c00000, 0x00000000c2c00000| Untracked 
|  23|0x00000000c2d00000, 0x00000000c2d00000, 0x00000000c2e00000|  0%| F|  |TAMS 0x00000000c2d00000, 0x00000000c2d00000| Untracked 
|  24|0x00000000c2e00000, 0x00000000c2e00000, 0x00000000c2f00000|  0%| F|  |TAMS 0x00000000c2e00000, 0x00000000c2e00000| Untracked 
|  25|0x00000000c2f00000, 0x00000000c2f00000, 0x00000000c3000000|  0%| F|  |TAMS 0x00000000c2f00000, 0x00000000c2f00000| Untracked 
|  26|0x00000000c3000000, 0x00000000c3000000, 0x00000000c3100000|  0%| F|  |TAMS 0x00000000c3000000, 0x00000000c3000000| Untracked 
|  27|0x00000000c3100000, 0x00000000c3100000, 0x00000000c3200000|  0%| F|  |TAMS 0x00000000c3100000, 0x00000000c3100000| Untracked 
|  28|0x00000000c3200000, 0x00000000c3200000, 0x00000000c3300000|  0%| F|  |TAMS 0x00000000c3200000, 0x00000000c3200000| Untracked 
|  29|0x00000000c3300000, 0x00000000c3300000, 0x00000000c3400000|  0%| F|  |TAMS 0x00000000c3300000, 0x00000000c3300000| Untracked 
|  30|0x00000000c3400000, 0x00000000c3400000, 0x00000000c3500000|  0%| F|  |TAMS 0x00000000c3400000, 0x00000000c3400000| Untracked 
|  31|0x00000000c3500000, 0x00000000c3500000, 0x00000000c3600000|  0%| F|  |TAMS 0x00000000c3500000, 0x00000000c3500000| Untracked 
|  32|0x00000000c3600000, 0x00000000c3600000, 0x00000000c3700000|  0%| F|  |TAMS 0x00000000c3600000, 0x00000000c3600000| Untracked 
|  33|0x00000000c3700000, 0x00000000c3700000, 0x00000000c3800000|  0%| F|  |TAMS 0x00000000c3700000, 0x00000000c3700000| Untracked 
|  34|0x00000000c3800000, 0x00000000c3800000, 0x00000000c3900000|  0%| F|  |TAMS 0x00000000c3800000, 0x00000000c3800000| Untracked 
|  35|0x00000000c3900000, 0x00000000c3900000, 0x00000000c3a00000|  0%| F|  |TAMS 0x00000000c3900000, 0x00000000c3900000| Untracked 
|  36|0x00000000c3a00000, 0x00000000c3a00000, 0x00000000c3b00000|  0%| F|  |TAMS 0x00000000c3a00000, 0x00000000c3a00000| Untracked 
|  37|0x00000000c3b00000, 0x00000000c3b00000, 0x00000000c3c00000|  0%| F|  |TAMS 0x00000000c3b00000, 0x00000000c3b00000| Untracked 
|  38|0x00000000c3c00000, 0x00000000c3c00000, 0x00000000c3d00000|  0%| F|  |TAMS 0x00000000c3c00000, 0x00000000c3c00000| Untracked 
|  39|0x00000000c3d00000, 0x00000000c3d00000, 0x00000000c3e00000|  0%| F|  |TAMS 0x00000000c3d00000, 0x00000000c3d00000| Untracked 
|  40|0x00000000c3e00000, 0x00000000c3e00000, 0x00000000c3f00000|  0%| F|  |TAMS 0x00000000c3e00000, 0x00000000c3e00000| Untracked 
|  41|0x00000000c3f00000, 0x00000000c3f00000, 0x00000000c4000000|  0%| F|  |TAMS 0x00000000c3f00000, 0x00000000c3f00000| Untracked 
|  42|0x00000000c4000000, 0x00000000c4000000, 0x00000000c4100000|  0%| F|  |TAMS 0x00000000c4000000, 0x00000000c4000000| Untracked 
|  43|0x00000000c4100000, 0x00000000c4100000, 0x00000000c4200000|  0%| F|  |TAMS 0x00000000c4100000, 0x00000000c4100000| Untracked 
|  44|0x00000000c4200000, 0x00000000c4200000, 0x00000000c4300000|  0%| F|  |TAMS 0x00000000c4200000, 0x00000000c4200000| Untracked 
|  45|0x00000000c4300000, 0x00000000c4300000, 0x00000000c4400000|  0%| F|  |TAMS 0x00000000c4300000, 0x00000000c4300000| Untracked 
|  46|0x00000000c4400000, 0x00000000c4400000, 0x00000000c4500000|  0%| F|  |TAMS 0x00000000c4400000, 0x00000000c4400000| Untracked 
|  47|0x00000000c4500000, 0x00000000c4500000, 0x00000000c4600000|  0%| F|  |TAMS 0x00000000c4500000, 0x00000000c4500000| Untracked 
|  48|0x00000000c4600000, 0x00000000c4700000, 0x00000000c4700000|100%| S|CS|TAMS 0x00000000c4600000, 0x00000000c4600000| Complete 
|  49|0x00000000c4700000, 0x00000000c4800000, 0x00000000c4800000|100%| S|CS|TAMS 0x00000000c4700000, 0x00000000c4700000| Complete 
|  50|0x00000000c4800000, 0x00000000c4800000, 0x00000000c4900000|  0%| F|  |TAMS 0x00000000c4800000, 0x00000000c4800000| Untracked 
|  51|0x00000000c4900000, 0x00000000c4900000, 0x00000000c4a00000|  0%| F|  |TAMS 0x00000000c4900000, 0x00000000c4900000| Untracked 
|  52|0x00000000c4a00000, 0x00000000c4a00000, 0x00000000c4b00000|  0%| F|  |TAMS 0x00000000c4a00000, 0x00000000c4a00000| Untracked 
|  53|0x00000000c4b00000, 0x00000000c4b00000, 0x00000000c4c00000|  0%| F|  |TAMS 0x00000000c4b00000, 0x00000000c4b00000| Untracked 
|  54|0x00000000c4c00000, 0x00000000c4c00000, 0x00000000c4d00000|  0%| F|  |TAMS 0x00000000c4c00000, 0x00000000c4c00000| Untracked 
|  55|0x00000000c4d00000, 0x00000000c4d00000, 0x00000000c4e00000|  0%| F|  |TAMS 0x00000000c4d00000, 0x00000000c4d00000| Untracked 
|  56|0x00000000c4e00000, 0x00000000c4e00000, 0x00000000c4f00000|  0%| F|  |TAMS 0x00000000c4e00000, 0x00000000c4e00000| Untracked 
|  57|0x00000000c4f00000, 0x00000000c4f00000, 0x00000000c5000000|  0%| F|  |TAMS 0x00000000c4f00000, 0x00000000c4f00000| Untracked 
|  58|0x00000000c5000000, 0x00000000c50de338, 0x00000000c5100000| 86%| E|  |TAMS 0x00000000c5000000, 0x00000000c5000000| Complete 
|  59|0x00000000c5100000, 0x00000000c5200000, 0x00000000c5200000|100%| E|CS|TAMS 0x00000000c5100000, 0x00000000c5100000| Complete 
|  60|0x00000000c5200000, 0x00000000c5300000, 0x00000000c5300000|100%| E|CS|TAMS 0x00000000c5200000, 0x00000000c5200000| Complete 
|  61|0x00000000c5300000, 0x00000000c5400000, 0x00000000c5400000|100%| E|CS|TAMS 0x00000000c5300000, 0x00000000c5300000| Complete 
|  62|0x00000000c5400000, 0x00000000c5500000, 0x00000000c5500000|100%| E|CS|TAMS 0x00000000c5400000, 0x00000000c5400000| Complete 
|  63|0x00000000c5500000, 0x00000000c5600000, 0x00000000c5600000|100%| E|CS|TAMS 0x00000000c5500000, 0x00000000c5500000| Complete 

Card table byte_map: [0x000001ef7de60000,0x000001ef7e060000] _byte_map_base: 0x000001ef7d855000

Marking Bits (Prev, Next): (CMBitMap*) 0x000001ef73850f28, (CMBitMap*) 0x000001ef73850f68
 Prev Bits: [0x000001ef7e260000, 0x000001ef7f208000)
 Next Bits: [0x000001ef0f000000, 0x000001ef0ffa8000)

Polling page: 0x000001ef750a0000

Metaspace:

Usage:
  Non-class:      8.57 MB capacity,     8.39 MB ( 98%) used,   160.52 KB (  2%) free+waste,    23.06 KB ( <1%) overhead. 
      Class:      1.18 MB capacity,     1.04 MB ( 88%) used,   132.27 KB ( 11%) free+waste,    14.31 KB (  1%) overhead. 
       Both:      9.75 MB capacity,     9.42 MB ( 97%) used,   292.79 KB (  3%) free+waste,    37.38 KB ( <1%) overhead. 

Virtual space:
  Non-class space:       10.00 MB reserved,       8.75 MB ( 88%) committed 
      Class space:        1.00 GB reserved,       1.25 MB ( <1%) committed 
             Both:        1.01 GB reserved,      10.00 MB ( <1%) committed 

Chunk freelists:
   Non-Class:  60.00 KB
       Class:  9.00 KB
        Both:  69.00 KB

MaxMetaspaceSize: 17179869184.00 GB
CompressedClassSpaceSize: 1.00 GB

CodeHeap 'non-profiled nmethods': size=120000Kb used=403Kb max_used=403Kb free=119597Kb
 bounds [0x000001ef07ad0000, 0x000001ef07d40000, 0x000001ef0f000000]
CodeHeap 'profiled nmethods': size=120000Kb used=3047Kb max_used=3047Kb free=116952Kb
 bounds [0x000001ef005a0000, 0x000001ef008a0000, 0x000001ef07ad0000]
CodeHeap 'non-nmethods': size=5760Kb used=1309Kb max_used=1309Kb free=4450Kb
 bounds [0x000001ef00000000, 0x000001ef00270000, 0x000001ef005a0000]
 total_blobs=2640 nmethods=1538 adapters=508
 compilation: enabled
              stopped_count=0, restarted_count=0
 full_count=0

Compilation events (20 events):
Event: 1.608 Thread 0x000001ef7f855800 nmethod 1473 0x000001ef0086d090 code [0x000001ef0086d280, 0x000001ef0086d800]
Event: 1.608 Thread 0x000001ef7f855800 1474       3       java.lang.Math::min (12 bytes)
Event: 1.608 Thread 0x000001ef7f855800 nmethod 1474 0x000001ef0086da10 code [0x000001ef0086dbc0, 0x000001ef0086dd58]
Event: 1.608 Thread 0x000001ef7f855800 1475       3       javax.swing.text.BoxView::setSize (41 bytes)
Event: 1.609 Thread 0x000001ef7f855800 nmethod 1475 0x000001ef0086de10 code [0x000001ef0086e000, 0x000001ef0086e750]
Event: 1.609 Thread 0x000001ef7f855800 1476       3       javax.swing.text.BoxView::layout (15 bytes)
Event: 1.609 Thread 0x000001ef7f855800 nmethod 1476 0x000001ef0086e890 code [0x000001ef0086ea40, 0x000001ef0086ed60]
Event: 1.610 Thread 0x000001ef7f855800 1477   !   3       java.io.BufferedReader$1::hasNext (43 bytes)
Event: 1.611 Thread 0x000001ef7f855800 nmethod 1477 0x000001ef0086ee10 code [0x000001ef0086efe0, 0x000001ef0086f3e0]
Event: 1.611 Thread 0x000001ef7f855800 1478       3       sun.nio.cs.SingleByte$Decoder::decodeArrayLoop (154 bytes)
Event: 1.613 Thread 0x000001ef7f855800 nmethod 1478 0x000001ef0086f590 code [0x000001ef0086f960, 0x000001ef00871230]
Event: 1.613 Thread 0x000001ef7f855800 1479       3       javax.swing.text.StyleContext$NamedStyle::fireStateChanged (68 bytes)
Event: 1.613 Thread 0x000001ef7f855800 nmethod 1479 0x000001ef00871c10 code [0x000001ef00871e00, 0x000001ef00872420]
Event: 1.615 Thread 0x000001ef7f855800 1480       3       javax.swing.plaf.basic.BasicLabelUI::propertyChange (82 bytes)
Event: 1.616 Thread 0x000001ef7f855800 nmethod 1480 0x000001ef00872610 code [0x000001ef00872820, 0x000001ef008730f0]
Event: 1.616 Thread 0x000001ef7f855800 1481       3       java.util.regex.Pattern$BnM::optimize (179 bytes)
Event: 1.616 Thread 0x000001ef7f855800 nmethod 1481 0x000001ef00873290 code [0x000001ef008734e0, 0x000001ef00874330]
Event: 1.616 Thread 0x000001ef7f855800 1482       3       java.awt.AWTEventMulticaster::addInternal (22 bytes)
Event: 1.616 Thread 0x000001ef7f855800 nmethod 1482 0x000001ef00874710 code [0x000001ef008748e0, 0x000001ef00874c98]
Event: 1.616 Thread 0x000001ef7f855800 1483       3       java.awt.Component::setBackground (45 bytes)

GC Heap History (2 events):
Event: 1.590 GC heap before
{Heap before GC invocations=0 (full 0):
 garbage-first heap   total 65536K, used 13312K [0x00000000c1600000, 0x0000000100000000)
  region size 1024K, 14 young (14336K), 0 survivors (0K)
 Metaspace       used 8707K, capacity 8988K, committed 9088K, reserved 1056768K
  class space    used 941K, capacity 1067K, committed 1152K, reserved 1048576K
}
Event: 1.599 GC heap after
{Heap after GC invocations=1 (full 0):
 garbage-first heap   total 65536K, used 4261K [0x00000000c1600000, 0x0000000100000000)
  region size 1024K, 2 young (2048K), 2 survivors (2048K)
 Metaspace       used 8707K, capacity 8988K, committed 9088K, reserved 1056768K
  class space    used 941K, capacity 1067K, committed 1152K, reserved 1048576K
}

Deoptimization events (20 events):
Event: 1.567 Thread 0x000001ef7fd8b800 DEOPT PACKING pc=0x000001ef07b1a3a4 sp=0x000000b0bfbfe900
Event: 1.567 Thread 0x000001ef7fd8b800 DEOPT UNPACKING pc=0x000001ef0004912f sp=0x000000b0bfbfe878 mode 2
Event: 1.568 Thread 0x000001ef7fd8b800 DEOPT PACKING pc=0x000001ef007ea444 sp=0x000000b0bfbfe880
Event: 1.568 Thread 0x000001ef7fd8b800 DEOPT UNPACKING pc=0x000001ef0004964e sp=0x000000b0bfbfdda8 mode 0
Event: 1.568 Thread 0x000001ef7fd8b800 Uncommon trap: trap_request=0xffffffde fr.pc=0x000001ef07b2b1e0 relative=0x0000000000000720
Event: 1.568 Thread 0x000001ef7fd8b800 Uncommon trap: reason=class_check action=maybe_recompile pc=0x000001ef07b2b1e0 method=java.util.regex.Matcher.search(I)Z @ 121 c2
Event: 1.568 Thread 0x000001ef7fd8b800 DEOPT PACKING pc=0x000001ef07b2b1e0 sp=0x000000b0bfbfe960
Event: 1.568 Thread 0x000001ef7fd8b800 DEOPT UNPACKING pc=0x000001ef0004912f sp=0x000000b0bfbfe940 mode 2
Event: 1.568 Thread 0x000001ef7fd8b800 Uncommon trap: trap_request=0xffffffde fr.pc=0x000001ef07b2b1e0 relative=0x0000000000000720
Event: 1.568 Thread 0x000001ef7fd8b800 Uncommon trap: reason=class_check action=maybe_recompile pc=0x000001ef07b2b1e0 method=java.util.regex.Matcher.search(I)Z @ 121 c2
Event: 1.568 Thread 0x000001ef7fd8b800 DEOPT PACKING pc=0x000001ef07b2b1e0 sp=0x000000b0bfbfe960
Event: 1.568 Thread 0x000001ef7fd8b800 DEOPT UNPACKING pc=0x000001ef0004912f sp=0x000000b0bfbfe940 mode 2
Event: 1.568 Thread 0x000001ef7fd8b800 Uncommon trap: trap_request=0xffffffde fr.pc=0x000001ef07b2b1e0 relative=0x0000000000000720
Event: 1.568 Thread 0x000001ef7fd8b800 Uncommon trap: reason=class_check action=maybe_recompile pc=0x000001ef07b2b1e0 method=java.util.regex.Matcher.search(I)Z @ 121 c2
Event: 1.568 Thread 0x000001ef7fd8b800 DEOPT PACKING pc=0x000001ef07b2b1e0 sp=0x000000b0bfbfe960
Event: 1.568 Thread 0x000001ef7fd8b800 DEOPT UNPACKING pc=0x000001ef0004912f sp=0x000000b0bfbfe940 mode 2
Event: 1.568 Thread 0x000001ef7fd8b800 Uncommon trap: trap_request=0xffffffde fr.pc=0x000001ef07b2b1e0 relative=0x0000000000000720
Event: 1.568 Thread 0x000001ef7fd8b800 Uncommon trap: reason=class_check action=maybe_recompile pc=0x000001ef07b2b1e0 method=java.util.regex.Matcher.search(I)Z @ 121 c2
Event: 1.568 Thread 0x000001ef7fd8b800 DEOPT PACKING pc=0x000001ef07b2b1e0 sp=0x000000b0bfbfe960
Event: 1.568 Thread 0x000001ef7fd8b800 DEOPT UNPACKING pc=0x000001ef0004912f sp=0x000000b0bfbfe940 mode 2

Classes unloaded (0 events):
No events

Classes redefined (0 events):
No events

Internal exceptions (10 events):
Event: 0.511 Thread 0x000001ef736ee800 Exception <a 'java/lang/ClassNotFoundException'{0x00000000c54f7168}: sun/awt/resources/spi/awtProvider> (0x00000000c54f7168) 
thrown [t:/workspace/open/src/hotspot/share/classfile/systemDictionary.cpp, line 232]
Event: 0.564 Thread 0x000001ef736ee800 Exception <a 'java/io/FileNotFoundException'{0x00000000c5374ab0}> (0x00000000c5374ab0) 
thrown [t:/workspace/open/src/hotspot/share/prims/jni.cpp, line 598]
Event: 0.578 Thread 0x000001ef736ee800 Exception <a 'java/io/FileNotFoundException'{0x00000000c539b028}> (0x00000000c539b028) 
thrown [t:/workspace/open/src/hotspot/share/prims/jni.cpp, line 598]
Event: 0.641 Thread 0x000001ef7fd79800 Exception <a 'java/lang/NoSuchMethodError'{0x00000000c5205168}: 'void java.lang.invoke.DirectMethodHandle$Holder.invokeSpecial(java.lang.Object, java.lang.Object)'> (0x00000000c5205168) 
thrown [t:/workspace/open/src/hotspot/share/interpreter/linkResolver.cpp, line 767]
Event: 0.719 Thread 0x000001ef7fd8b800 Exception <a 'java/lang/NoSuchMethodError'{0x00000000c5109388}: 'java.lang.Object java.lang.invoke.DirectMethodHandle$Holder.invokeStatic(java.lang.Object, int, java.lang.Object, java.lang.Object, java.lang.Object, java.lang.Object)'> (0x00000000c5109388) 
thrown [t:/workspace/open/src/hotspot/share/interpreter/linkResolver.cpp, line 767]
Event: 0.720 Thread 0x000001ef7fd8b800 Exception <a 'java/lang/NoSuchMethodError'{0x00000000c510fce8}: 'java.lang.Object java.lang.invoke.DirectMethodHandle$Holder.invokeStatic(java.lang.Object, int, java.lang.Object, java.lang.Object, java.lang.Object)'> (0x00000000c510fce8) 
thrown [t:/workspace/open/src/hotspot/share/interpreter/linkResolver.cpp, line 767]
Event: 0.720 Thread 0x000001ef7fd8b800 Exception <a 'java/lang/NoSuchMethodError'{0x00000000c5113550}: 'java.lang.Object java.lang.invoke.DirectMethodHandle$Holder.invokeSpecial(java.lang.Object, java.lang.Object, int, java.lang.Object, java.lang.Object, java.lang.Object)'> (0x00000000c5113550) 
thrown [t:/workspace/open/src/hotspot/share/interpreter/linkResolver.cpp, line 767]
Event: 0.724 Thread 0x000001ef7fd8b800 Exception <a 'java/lang/NoSuchMethodError'{0x00000000c5129878}: 'java.lang.Object java.lang.invoke.DirectMethodHandle$Holder.invokeStatic(java.lang.Object, int, java.lang.Object)'> (0x00000000c5129878) 
thrown [t:/workspace/open/src/hotspot/share/interpreter/linkResolver.cpp, line 767]
Event: 0.764 Thread 0x000001ef7fd8b800 Exception <a 'java/lang/ClassNotFoundException'{0x00000000c51ccd38}: com/sun/swing/internal/plaf/metal/resources/spi/metalProvider> (0x00000000c51ccd38) 
thrown [t:/workspace/open/src/hotspot/share/classfile/systemDictionary.cpp, line 232]
Event: 0.765 Thread 0x000001ef7fd8b800 Exception <a 'java/lang/ClassNotFoundException'{0x00000000c51d0e10}: com/sun/swing/internal/plaf/basic/resources/spi/basicProvider> (0x00000000c51d0e10) 
thrown [t:/workspace/open/src/hotspot/share/classfile/systemDictionary.cpp, line 232]

Events (20 events):
Event: 1.558 loading class java/awt/image/BufferedImage$1
Event: 1.558 loading class java/awt/image/BufferedImage$1 done
Event: 1.558 Executing VM operation: RevokeBias
Event: 1.558 Executing VM operation: RevokeBias done
Event: 1.568 loading class java/util/regex/Pattern$SliceS
Event: 1.568 loading class java/util/regex/Pattern$SliceS done
Event: 1.568 Executing VM operation: Deoptimize
Event: 1.568 Executing VM operation: Deoptimize done
Event: 1.569 loading class Schedule/TeacherSchedule$9
Event: 1.569 loading class Schedule/TeacherSchedule$9 done
Event: 1.572 Executing VM operation: BulkRevokeBias
Event: 1.572 Executing VM operation: BulkRevokeBias done
Event: 1.590 Executing VM operation: G1CollectForAllocation
Event: 1.599 Executing VM operation: G1CollectForAllocation done
Event: 1.601 Executing VM operation: RevokeBias
Event: 1.601 Executing VM operation: RevokeBias done
Event: 1.602 Executing VM operation: RevokeBias
Event: 1.602 Executing VM operation: RevokeBias done
Event: 1.602 Executing VM operation: RevokeBias
Event: 1.602 Executing VM operation: RevokeBias done


Dynamic libraries:
0x00007ff71eaf0000 - 0x00007ff71eaff000 	C:\Program Files\Java\jdk-13.0.2\bin\javaw.exe
0x00007ff9fec60000 - 0x00007ff9fee50000 	C:\Windows\SYSTEM32\ntdll.dll
0x00007ff9fd510000 - 0x00007ff9fd5c2000 	C:\Windows\System32\KERNEL32.DLL
0x00007ff9fca30000 - 0x00007ff9fccd5000 	C:\Windows\System32\KERNELBASE.dll
0x00007ff9fbc70000 - 0x00007ff9fbd6a000 	C:\Windows\System32\ucrtbase.dll
0x00007ff9e8d90000 - 0x00007ff9e8da8000 	C:\Program Files\Java\jdk-13.0.2\bin\jli.dll
0x00007ff9fd460000 - 0x00007ff9fd503000 	C:\Windows\System32\ADVAPI32.dll
0x00007ff9fdb20000 - 0x00007ff9fdbbe000 	C:\Windows\System32\msvcrt.dll
0x00007ff9fd110000 - 0x00007ff9fd1a7000 	C:\Windows\System32\sechost.dll
0x00007ff9fcd90000 - 0x00007ff9fceaf000 	C:\Windows\System32\RPCRT4.dll
0x00007ff9e7680000 - 0x00007ff9e7695000 	C:\Program Files\Java\jdk-13.0.2\bin\VCRUNTIME140.dll
0x00007ff9fd2c0000 - 0x00007ff9fd454000 	C:\Windows\System32\USER32.dll
0x00007ff9fca00000 - 0x00007ff9fca21000 	C:\Windows\System32\win32u.dll
0x00007ff9fdce0000 - 0x00007ff9fdd06000 	C:\Windows\System32\GDI32.dll
0x00007ff9fbec0000 - 0x00007ff9fc058000 	C:\Windows\System32\gdi32full.dll
0x00007ff9fbd70000 - 0x00007ff9fbe0e000 	C:\Windows\System32\msvcp_win.dll
0x00007ff9ee960000 - 0x00007ff9eebe4000 	C:\Windows\WinSxS\amd64_microsoft.windows.common-controls_6595b64144ccf1df_6.0.18362.1316_none_9e7a364fe461dbd7\COMCTL32.dll
0x00007ff9fd5d0000 - 0x00007ff9fd907000 	C:\Windows\System32\combase.dll
0x00007ff9fbbb0000 - 0x00007ff9fbc31000 	C:\Windows\System32\bcryptPrimitives.dll
0x00007ff9eec20000 - 0x00007ff9eec2a000 	C:\Windows\SYSTEM32\VERSION.dll
0x00007ff9fcec0000 - 0x00007ff9fceee000 	C:\Windows\System32\IMM32.DLL
0x00007ff9e12d0000 - 0x00007ff9e136b000 	C:\Program Files\Java\jdk-13.0.2\bin\msvcp140.dll
0x00007ff9c6be0000 - 0x00007ff9c773d000 	C:\Program Files\Java\jdk-13.0.2\bin\server\jvm.dll
0x00007ff9fceb0000 - 0x00007ff9fceb8000 	C:\Windows\System32\PSAPI.DLL
0x00007ff9f73e0000 - 0x00007ff9f73e9000 	C:\Windows\SYSTEM32\WSOCK32.dll
0x00007ff9fdc70000 - 0x00007ff9fdcdf000 	C:\Windows\System32\WS2_32.dll
0x00007ff9f93f0000 - 0x00007ff9f9414000 	C:\Windows\SYSTEM32\WINMM.dll
0x00007ff9f93c0000 - 0x00007ff9f93ed000 	C:\Windows\SYSTEM32\WINMMBASE.dll
0x00007ff9fc0e0000 - 0x00007ff9fc12a000 	C:\Windows\System32\cfgmgr32.dll
0x00007ff9fbb40000 - 0x00007ff9fbb51000 	C:\Windows\System32\kernel.appcore.dll
0x00007ff9f1920000 - 0x00007ff9f1930000 	C:\Program Files\Java\jdk-13.0.2\bin\verify.dll
0x00007ff9ecf50000 - 0x00007ff9ed144000 	C:\Windows\SYSTEM32\DBGHELP.DLL
0x00007ff9ece50000 - 0x00007ff9ece7a000 	C:\Windows\SYSTEM32\dbgcore.DLL
0x00007ff9e75f0000 - 0x00007ff9e7616000 	C:\Program Files\Java\jdk-13.0.2\bin\java.dll
0x00007ff9e71f0000 - 0x00007ff9e7207000 	C:\Program Files\Java\jdk-13.0.2\bin\zip.dll
0x00007ff9e7740000 - 0x00007ff9e774a000 	C:\Program Files\Java\jdk-13.0.2\bin\jimage.dll
0x00007ff9fe090000 - 0x00007ff9fe778000 	C:\Windows\System32\SHELL32.dll
0x00007ff9fdbc0000 - 0x00007ff9fdc67000 	C:\Windows\System32\shcore.dll
0x00007ff9fc130000 - 0x00007ff9fc8ab000 	C:\Windows\System32\windows.storage.dll
0x00007ff9fbb80000 - 0x00007ff9fbba3000 	C:\Windows\System32\profapi.dll
0x00007ff9fbaf0000 - 0x00007ff9fbb3a000 	C:\Windows\System32\powrprof.dll
0x00007ff9fbae0000 - 0x00007ff9fbaf0000 	C:\Windows\System32\UMPDC.dll
0x00007ff9fcf60000 - 0x00007ff9fcfb2000 	C:\Windows\System32\shlwapi.dll
0x00007ff9fc0c0000 - 0x00007ff9fc0d7000 	C:\Windows\System32\cryptsp.dll
0x00007ff9e5900000 - 0x00007ff9e5919000 	C:\Program Files\Java\jdk-13.0.2\bin\net.dll
0x00007ff9f23f0000 - 0x00007ff9f24e0000 	C:\Windows\SYSTEM32\WINHTTP.dll
0x00007ff9fb320000 - 0x00007ff9fb387000 	C:\Windows\system32\mswsock.dll
0x00007ff9e5660000 - 0x00007ff9e5673000 	C:\Program Files\Java\jdk-13.0.2\bin\nio.dll
0x00007ff9d0440000 - 0x00007ff9d05d9000 	C:\Program Files\Java\jdk-13.0.2\bin\awt.dll
0x00007ff9fde00000 - 0x00007ff9fdec5000 	C:\Windows\System32\OLEAUT32.dll
0x00007ff9f9c50000 - 0x00007ff9f9cdf000 	C:\Windows\SYSTEM32\apphelp.dll
0x00007ff9f9e10000 - 0x00007ff9f9ea9000 	C:\Windows\system32\uxtheme.dll
0x00007ff9fcfd0000 - 0x00007ff9fd105000 	C:\Windows\System32\MSCTF.dll
0x00007ff9fdf30000 - 0x00007ff9fe087000 	C:\Windows\System32\ole32.dll
0x00007ff9fa160000 - 0x00007ff9fa18d000 	C:\Windows\system32\DWMAPI.DLL
0x00007ff9cfdc0000 - 0x00007ff9cff16000 	C:\Windows\system32\opengl32.dll
0x00007ff9e13c0000 - 0x00007ff9e13ec000 	C:\Windows\SYSTEM32\GLU32.dll
0x00007ff9fa720000 - 0x00007ff9fa740000 	C:\Windows\SYSTEM32\dxcore.dll
0x00007ff9d8fe0000 - 0x00007ff9d9062000 	C:\Program Files\Java\jdk-13.0.2\bin\freetype.dll
0x00007ff9d7e00000 - 0x00007ff9d7ea6000 	C:\Program Files\Java\jdk-13.0.2\bin\fontmanager.dll
0x00007ff9efe70000 - 0x00007ff9eff0d000 	C:\Windows\System32\TextInputFramework.dll
0x00007ff9f9600000 - 0x00007ff9f96d4000 	C:\Windows\System32\CoreMessaging.dll
0x00007ff9f6c50000 - 0x00007ff9f6f7a000 	C:\Windows\System32\CoreUIComponents.dll
0x00007ff9fab20000 - 0x00007ff9fab51000 	C:\Windows\SYSTEM32\ntmarta.dll
0x00007ff9f7790000 - 0x00007ff9f78e2000 	C:\Windows\SYSTEM32\wintypes.dll

dbghelp: loaded successfully - version: 4.0.5 - missing functions: none
symbol engine: initialized successfully - sym options: 0x614 - pdb path: .;C:\Program Files\Java\jdk-13.0.2\bin;C:\Windows\SYSTEM32;C:\Windows\WinSxS\amd64_microsoft.windows.common-controls_6595b64144ccf1df_6.0.18362.1316_none_9e7a364fe461dbd7;C:\Program Files\Java\jdk-13.0.2\bin\server

VM Arguments:
jvm_args: -Dfile.encoding=Cp1252 
java_command: Schedule.TeacherSchedule
java_class_path (initial): C:\Users\User\Desktop\Programmes\Java\Workspace\DriveOperations\target\classes;C:\Users\User\Desktop\Libraries\jcalendar-1.4.jar;C:\Users\User\Desktop\Libraries\jgoodies-common-1.8.0.jar;C:\Users\User\Desktop\Libraries\jgoodies-forms-1.8.0.jar;C:\Users\User\Desktop\Libraries\miglayout15-swing.jar;C:\Users\User\Downloads\javax.mail.jar;C:\Users\User\Downloads\activation-1.1.1.jar;C:\Users\User\Downloads\jcalendar-1.4.jar;C:\Users\User\Downloads\jfreechart-1.0.19\lib\jcommon-1.0.23.jar;C:\Users\User\Downloads\jfreechart-1.0.19\lib\jfreechart-1.0.19.jar;C:\Users\User\Downloads\commons-net-3.8.0\commons-net-3.8.0.jar;C:\Users\User\Documents\Libs\comm-2.0.jar;C:\Users\User\Documents\Libs\http-2.2.1.jar;C:\Users\User\Documents\Libs\mysql-connector-java-5.1.45.jar;C:\Users\User\.m2\repository\com\google\apis\google-api-services-drive\v3-rev105-1.23.0\google-api-services-drive-v3-rev105-1.23.0.jar;C:\Users\User\.m2\repository\com\google\api-client\google-api-client\1.23.0\google-api-client-1.23.0.jar;C:\Users\User\.m2\repository\com\google\oauth-client\google-oauth-client\1.23.0\google-oauth-client-1.23.0.jar;C:\Users\User\.m2\repository\com\google\http-client\google-http-client\1.23.0\google-http-client-1.23.0.jar;C:\Users\User\.m2\repository\org\apache\httpcomponents\httpclient\4.0.1\httpclient-4.0.1.jar;C:\Users\User\.m2\repository\org\apache\httpcomponents\httpcore\4.0.1\httpcore-4.0.1.jar;C:\Users\User\.m2\repository\commons-logging\commons-logging\1.1.1\commons-logging-1.1.1.jar;C:\Users\User\.m2\repository\commons-codec\commons-codec\1.3\commons-codec-1.3.jar;C:\Users\User\.m2\repository\com\google\code\findbugs\jsr305\1.3.9\jsr305-1.3.9.jar;C:\Users\User\.m2\repository\com\google\http-client\google-http-client-jackson2\1.23.0\google-http-client-jackson2-1.23.0.jar;C:\Users\User\.m2\repository\com\fasterxml\jackson\core\jackson-core\2.1.3\jackson-core-2.1.3.jar;C:\Users\User\.m2\repository\com\google\guava\guava-jdk5\17.0\guava-jdk5-17.0.
Launcher Type: SUN_STANDARD

[Global flags]
     intx CICompilerCount                          = 3                                         {product} {ergonomic}
     uint ConcGCThreads                            = 1                                         {product} {ergonomic}
     uint G1ConcRefinementThreads                  = 4                                         {product} {ergonomic}
   size_t G1HeapRegionSize                         = 1048576                                   {product} {ergonomic}
    uintx GCDrainStackTargetSize                   = 64                                        {product} {ergonomic}
   size_t InitialHeapSize                          = 67108864                                  {product} {ergonomic}
   size_t MarkStackSize                            = 4194304                                   {product} {ergonomic}
   size_t MaxHeapSize                              = 1050673152                                {product} {ergonomic}
   size_t MaxNewSize                               = 630194176                                 {product} {ergonomic}
   size_t MinHeapDeltaBytes                        = 1048576                                   {product} {ergonomic}
   size_t MinHeapSize                              = 8388608                                   {product} {ergonomic}
    uintx NonNMethodCodeHeapSize                   = 5832780                                {pd product} {ergonomic}
    uintx NonProfiledCodeHeapSize                  = 122912730                              {pd product} {ergonomic}
    uintx ProfiledCodeHeapSize                     = 122912730                              {pd product} {ergonomic}
    uintx ReservedCodeCacheSize                    = 251658240                              {pd product} {ergonomic}
     bool SegmentedCodeCache                       = true                                      {product} {ergonomic}
   size_t SoftMaxHeapSize                          = 1050673152                             {manageable} {ergonomic}
     bool UseCompressedClassPointers               = true                                 {lp64_product} {ergonomic}
     bool UseCompressedOops                        = true                                 {lp64_product} {ergonomic}
     bool UseG1GC                                  = true                                      {product} {ergonomic}
     bool UseLargePagesIndividualAllocation        = false                                  {pd product} {ergonomic}

Logging:
Log output configuration:
 #0: stdout all=warning uptime,level,tags
 #1: stderr all=off uptime,level,tags

Environment Variables:
JAVA_HOME=C:\Program Files (x86)\Java\jre1.8.0_241
PATH=C:\Program Files\Java\jdk-13.0.2\bin;C:\Program Files (x86)\Common Files\Oracle\Java\javapath;C:\Windows\system32;C:\Windows;C:\Windows\System32\Wbem;C:\Windows\System32\WindowsPowerShell\v1.0\;C:\Windows\System32\OpenSSH\;C:\Program Files (x86)\apache-maven-3.8.1\bin;C:\Program Files (x86)\gradle-7.1.1\bin;C:\Users\User\AppData\Local\Microsoft\WindowsApps;C:\Users\User\AppData\Local\Programs\Microsoft VS Code\bin;C:\Program Files (x86)\gradle-7.1.1\bin;
USERNAME=User
OS=Windows_NT
PROCESSOR_IDENTIFIER=Intel64 Family 6 Model 42 Stepping 7, GenuineIntel



---------------  S Y S T E M  ---------------

OS: Windows 10 , 64 bit Build 18362 (10.0.18362.1316)

CPU:total 4 (initial active 4) (2 cores per cpu, 2 threads per core) family 6 model 42 stepping 7, cmov, cx8, fxsr, mmx, sse, sse2, sse3, ssse3, sse4.1, sse4.2, popcnt, avx, aes, clmul, ht, tsc, tscinvbit

Memory: 4k page, system-wide physical 4006M (438M free)
TotalPageFile size 16294M (AvailPageFile size 0M)
current process WorkingSet (physical memory assigned to process): 79M, peak: 79M
current process commit charge ("private bytes"): 153M, peak: 153M

vm_info: Java HotSpot(TM) 64-Bit Server VM (13.0.2+8) for windows-amd64 JRE (13.0.2+8), built on Dec 11 2019 09:20:33 by "mach5one" with unknown MS VC++:1916

END.
