#
# There is insufficient memory for the Java Runtime Environment to continue.
# Native memory allocation (mmap) failed to map 5242880 bytes for Failed to commit area from 0x00000000cef00000 to 0x00000000cf400000 of length 5242880.
# Possible reasons:
#   The system is out of physical RAM or swap space
#   The process is running with CompressedOops enabled, and the Java Heap may be blocking the growth of the native heap
# Possible solutions:
#   Reduce memory load on the system
#   Increase physical memory or swap space
#   Check if swap backing store is full
#   Decrease Java heap size (-Xmx/-Xms)
#   Decrease number of Java threads
#   Decrease Java thread stack sizes (-Xss)
#   Set larger code cache with -XX:ReservedCodeCacheSize=
#   JVM is running with Unscaled Compressed Oops mode in which the Java heap is
#     placed in the first 4GB address space. The Java Heap base address is the
#     maximum limit for the native heap growth. Please use -XX:HeapBaseMinAddress
#     to set the Java Heap base and to place the Java Heap above 4GB virtual address.
# This output file may be truncated or incomplete.
#
#  Out of Memory Error (t:/workspace/open/src/hotspot/os/windows/os_windows.cpp:3301), pid=9516, tid=10940
#
# JRE version: Java(TM) SE Runtime Environment (13.0.2+8) (build 13.0.2+8)
# Java VM: Java HotSpot(TM) 64-Bit Server VM (13.0.2+8, mixed mode, sharing, tiered, compressed oops, g1 gc, windows-amd64)
# No core dump will be written. Minidumps are not enabled by default on client versions of Windows
#

---------------  S U M M A R Y ------------

Command Line: -Dfile.encoding=Cp1252 Application.Home

Host: Intel(R) Core(TM) i5-2520M CPU @ 2.50GHz, 4 cores, 3G,  Windows 10 , 64 bit Build 18362 (10.0.18362.1500)
Time: Wed Apr 20 13:21:13 2022 Afrique de l?Est elapsed time: 185 seconds (0d 0h 3m 5s)

---------------  T H R E A D  ---------------

Current thread (0x0000022a21c57000):  VMThread "VM Thread" [stack: 0x000000a818400000,0x000000a818500000] [id=10940]

Stack: [0x000000a818400000,0x000000a818500000]
[error occurred during error reporting (printing stack bounds), id 0xc0000005, EXCEPTION_ACCESS_VIOLATION (0xc0000005) at pc=0x0000022a0d9e10ad]

Native frames: (J=compiled Java code, j=interpreted, Vv=VM code, C=native code)
V  [jvm.dll+0x624f9a]
V  [jvm.dll+0x770cfa]
V  [jvm.dll+0x7724af]
V  [jvm.dll+0x772a15]
V  [jvm.dll+0x7729cb]
V  [jvm.dll+0x6244df]
C  [ntdll.dll+0x790b6]
C  [ntdll.dll+0x6a926]
C  [ntdll.dll+0xa0c6e]
C  0x0000022a0d9e10ad

VM_Operation (0x000000a8180ff3c0): G1Concurrent, mode: safepoint, requested by thread 0x0000022a03d2d800


---------------  P R O C E S S  ---------------

Threads class SMR info:
_java_thread_list=0x0000022a227c7ac0, length=22, elements={
0x0000022a21c58800, 0x0000022a21c5e800, 0x0000022a21c7c000, 0x0000022a21c7e000,
0x0000022a21c80000, 0x0000022a21c87000, 0x0000022a21c91000, 0x0000022a226d6800,
0x0000022a22700800, 0x0000022a21cfa000, 0x0000022a226c5000, 0x0000022a229cb000,
0x0000022a22966800, 0x0000022a03cf0000, 0x0000022a2296b000, 0x0000022a22c21800,
0x0000022a23e09000, 0x0000022a22eb7000, 0x0000022a23257000, 0x0000022a23257800,
0x0000022a240da800, 0x0000022a240dd000
}

Java Threads: ( => current thread )
  0x0000022a21c58800 JavaThread "Reference Handler" daemon [_thread_blocked, id=12388, stack(0x000000a818500000,0x000000a818600000)]
  0x0000022a21c5e800 JavaThread "Finalizer" daemon [_thread_blocked, id=12840, stack(0x000000a818600000,0x000000a818700000)]
  0x0000022a21c7c000 JavaThread "Signal Dispatcher" daemon [_thread_blocked, id=10092, stack(0x000000a818700000,0x000000a818800000)]
  0x0000022a21c7e000 JavaThread "Attach Listener" daemon [_thread_blocked, id=14184, stack(0x000000a818800000,0x000000a818900000)]
  0x0000022a21c80000 JavaThread "C2 CompilerThread0" daemon [_thread_blocked, id=11032, stack(0x000000a818900000,0x000000a818a00000)]
  0x0000022a21c87000 JavaThread "C1 CompilerThread0" daemon [_thread_blocked, id=14112, stack(0x000000a818a00000,0x000000a818b00000)]
  0x0000022a21c91000 JavaThread "Sweeper thread" daemon [_thread_blocked, id=12852, stack(0x000000a818b00000,0x000000a818c00000)]
  0x0000022a226d6800 JavaThread "Service Thread" daemon [_thread_blocked, id=13944, stack(0x000000a818c00000,0x000000a818d00000)]
  0x0000022a22700800 JavaThread "Common-Cleaner" daemon [_thread_blocked, id=11488, stack(0x000000a818e00000,0x000000a818f00000)]
  0x0000022a21cfa000 JavaThread "Java2D Disposer" daemon [_thread_blocked, id=13268, stack(0x000000a818f00000,0x000000a819000000)]
  0x0000022a226c5000 JavaThread "AWT-Shutdown" [_thread_blocked, id=12304, stack(0x000000a819000000,0x000000a819100000)]
  0x0000022a229cb000 JavaThread "AWT-Windows" daemon [_thread_in_native, id=13168, stack(0x000000a819100000,0x000000a819200000)]
  0x0000022a22966800 JavaThread "AWT-EventQueue-0" [_thread_blocked, id=5636, stack(0x000000a819200000,0x000000a819300000)]
  0x0000022a03cf0000 JavaThread "DestroyJavaVM" [_thread_blocked, id=11456, stack(0x000000a817e00000,0x000000a817f00000)]
  0x0000022a2296b000 JavaThread "Abandoned connection cleanup thread" daemon [_thread_blocked, id=9596, stack(0x000000a819300000,0x000000a819400000)]
  0x0000022a22c21800 JavaThread "mysql-cj-abandoned-connection-cleanup" daemon [_thread_blocked, id=10624, stack(0x000000a819400000,0x000000a819500000)]
  0x0000022a23e09000 JavaThread "java-sdk-http-connection-reaper" daemon [_thread_blocked, id=10516, stack(0x000000a819b00000,0x000000a819c00000)]
  0x0000022a22eb7000 JavaThread "TimerQueue" daemon [_thread_blocked, id=6632, stack(0x000000a819d00000,0x000000a819e00000)]
  0x0000022a23257000 JavaThread "SwingWorker-pool-1-thread-1" daemon [_thread_blocked, id=2884, stack(0x000000a819800000,0x000000a819900000)]
  0x0000022a23257800 JavaThread "SwingWorker-pool-1-thread-2" daemon [_thread_blocked, id=9136, stack(0x000000a819c00000,0x000000a819d00000)]
  0x0000022a240da800 JavaThread "SwingWorker-pool-1-thread-3" daemon [_thread_blocked, id=8248, stack(0x000000a819e00000,0x000000a819f00000)]
  0x0000022a240dd000 JavaThread "Image Fetcher 0" daemon [_thread_blocked, id=10840, stack(0x000000a817b00000,0x000000a817c00000)]

Other Threads:
=>0x0000022a21c57000 VMThread "VM Thread" [stack: 0x000000a818400000,0x000000a818500000] [id=10940]
  0x0000022a22700000 WatcherThread [stack: 0x000000a818d00000,0x000000a818e00000] [id=11736]
  0x0000022a03d22800 GCTaskThread "GC Thread#0" [stack: 0x000000a817f00000,0x000000a818000000] [id=12332]
  0x0000022a22c69800 GCTaskThread "GC Thread#1" [stack: 0x000000a817d00000,0x000000a817e00000] [id=7080]
  0x0000022a22d40800 GCTaskThread "GC Thread#2" [stack: 0x000000a819500000,0x000000a819600000] [id=8808]
  0x0000022a22d41000 GCTaskThread "GC Thread#3" [stack: 0x000000a819600000,0x000000a819700000] [id=10620]
  0x0000022a03d2d800 ConcurrentGCThread "G1 Main Marker" [stack: 0x000000a818000000,0x000000a818100000] [id=12720]
  0x0000022a03d2f000 ConcurrentGCThread "G1 Conc#0" [stack: 0x000000a818100000,0x000000a818200000] [id=9820]
  0x0000022a03d84000 ConcurrentGCThread "G1 Refine#0" [stack: 0x000000a818200000,0x000000a818300000] [id=13264]
  0x0000022a21cd5800 ConcurrentGCThread "G1 Refine#1" [stack: 0x000000a819700000,0x000000a819800000] [id=6956]
  0x0000022a03d86000 ConcurrentGCThread "G1 Young RemSet Sampling" [stack: 0x000000a818300000,0x000000a818400000] [id=13704]

Threads with active compile tasks:
C2 CompilerThread0   199947 2493   !   4       sun.awt.image.ImageRepresentation::setPixels (527 bytes)

VM state:at safepoint (normal execution)

VM Mutex/Monitor currently owned by a thread:  ([mutex/lock_event])
[0x0000022a03c8b640] Threads_lock - owner thread: 0x0000022a21c57000
[0x0000022a03c8acb0] Heap_lock - owner thread: 0x0000022a03d2d800

Heap address: 0x00000000c1600000, size: 1002 MB, Compressed Oops mode: 32-bit
Narrow klass base: 0x0000000800000000, Narrow klass shift: 3
Compressed class space size: 1073741824 Address: 0x0000000800b40000

Heap:
 garbage-first heap   total 227328K, used 132420K [0x00000000c1600000, 0x0000000100000000)
  region size 1024K, 5 young (5120K), 1 survivors (1024K)
 Metaspace       used 29255K, capacity 29833K, committed 30000K, reserved 1075200K
  class space    used 3434K, capacity 3634K, committed 3712K, reserved 1048576K
Heap Regions: E=young(eden), S=young(survivor), O=old, HS=humongous(starts), HC=humongous(continues), CS=collection set, F=free, A=archive, TAMS=top-at-mark-start (previous, next)
|   0|0x00000000c1600000, 0x00000000c1700000, 0x00000000c1700000|100%| O|  |TAMS 0x00000000c1700000, 0x00000000c1600000| Updating 
|   1|0x00000000c1700000, 0x00000000c1800000, 0x00000000c1800000|100%| O|  |TAMS 0x00000000c1800000, 0x00000000c1700000| Updating 
|   2|0x00000000c1800000, 0x00000000c1900000, 0x00000000c1900000|100%| O|  |TAMS 0x00000000c1900000, 0x00000000c1800000| Updating 
|   3|0x00000000c1900000, 0x00000000c1a00000, 0x00000000c1a00000|100%| O|  |TAMS 0x00000000c1a00000, 0x00000000c1900000| Updating 
|   4|0x00000000c1a00000, 0x00000000c1b00000, 0x00000000c1b00000|100%| O|  |TAMS 0x00000000c1b00000, 0x00000000c1a00000| Updating 
|   5|0x00000000c1b00000, 0x00000000c1c00000, 0x00000000c1c00000|100%| O|  |TAMS 0x00000000c1c00000, 0x00000000c1b00000| Updating 
|   6|0x00000000c1c00000, 0x00000000c1d00000, 0x00000000c1d00000|100%| O|  |TAMS 0x00000000c1d00000, 0x00000000c1c00000| Updating 
|   7|0x00000000c1d00000, 0x00000000c1e00000, 0x00000000c1e00000|100%| O|  |TAMS 0x00000000c1e00000, 0x00000000c1d00000| Updating 
|   8|0x00000000c1e00000, 0x00000000c1e5b200, 0x00000000c1f00000| 35%| O|  |TAMS 0x00000000c1e5b200, 0x00000000c1e00000| Updating 
|   9|0x00000000c1f00000, 0x00000000c2000000, 0x00000000c2000000|100%| O|  |TAMS 0x00000000c2000000, 0x00000000c1f00000| Updating 
|  10|0x00000000c2000000, 0x00000000c2100000, 0x00000000c2100000|100%| O|  |TAMS 0x00000000c2100000, 0x00000000c2000000| Updating 
|  11|0x00000000c2100000, 0x00000000c2200000, 0x00000000c2200000|100%| O|  |TAMS 0x00000000c2200000, 0x00000000c2100000| Updating 
|  12|0x00000000c2200000, 0x00000000c2300000, 0x00000000c2300000|100%| O|  |TAMS 0x00000000c2300000, 0x00000000c2200000| Updating 
|  13|0x00000000c2300000, 0x00000000c2300000, 0x00000000c2400000|  0%| F|  |TAMS 0x00000000c2300000, 0x00000000c2300000| Untracked 
|  14|0x00000000c2400000, 0x00000000c2400000, 0x00000000c2500000|  0%| F|  |TAMS 0x00000000c2400000, 0x00000000c2400000| Untracked 
|  15|0x00000000c2500000, 0x00000000c2500000, 0x00000000c2600000|  0%| F|  |TAMS 0x00000000c2500000, 0x00000000c2500000| Untracked 
|  16|0x00000000c2600000, 0x00000000c2700000, 0x00000000c2700000|100%| O|  |TAMS 0x00000000c2700000, 0x00000000c2600000| Updating 
|  17|0x00000000c2700000, 0x00000000c2800000, 0x00000000c2800000|100%| O|  |TAMS 0x00000000c2800000, 0x00000000c2700000| Updating 
|  18|0x00000000c2800000, 0x00000000c2863800, 0x00000000c2900000| 38%| O|  |TAMS 0x00000000c2863800, 0x00000000c2800000| Updating 
|  19|0x00000000c2900000, 0x00000000c2900000, 0x00000000c2a00000|  0%| F|  |TAMS 0x00000000c2900000, 0x00000000c2900000| Untracked 
|  20|0x00000000c2a00000, 0x00000000c2a00000, 0x00000000c2b00000|  0%| F|  |TAMS 0x00000000c2a00000, 0x00000000c2a00000| Untracked 
|  21|0x00000000c2b00000, 0x00000000c2b00000, 0x00000000c2c00000|  0%| F|  |TAMS 0x00000000c2b00000, 0x00000000c2b00000| Untracked 
|  22|0x00000000c2c00000, 0x00000000c2c00000, 0x00000000c2d00000|  0%| F|  |TAMS 0x00000000c2c00000, 0x00000000c2c00000| Untracked 
|  23|0x00000000c2d00000, 0x00000000c2d00000, 0x00000000c2e00000|  0%| F|  |TAMS 0x00000000c2d00000, 0x00000000c2d00000| Untracked 
|  24|0x00000000c2e00000, 0x00000000c2e00000, 0x00000000c2f00000|  0%| F|  |TAMS 0x00000000c2e00000, 0x00000000c2e00000| Untracked 
|  25|0x00000000c2f00000, 0x00000000c2f00000, 0x00000000c3000000|  0%| F|  |TAMS 0x00000000c2f00000, 0x00000000c2f00000| Untracked 
|  26|0x00000000c3000000, 0x00000000c3000000, 0x00000000c3100000|  0%| F|  |TAMS 0x00000000c3000000, 0x00000000c3000000| Untracked 
|  27|0x00000000c3100000, 0x00000000c3100000, 0x00000000c3200000|  0%| F|  |TAMS 0x00000000c3100000, 0x00000000c3100000| Untracked 
|  28|0x00000000c3200000, 0x00000000c3200000, 0x00000000c3300000|  0%| F|  |TAMS 0x00000000c3200000, 0x00000000c3200000| Untracked 
|  29|0x00000000c3300000, 0x00000000c3300000, 0x00000000c3400000|  0%| F|  |TAMS 0x00000000c3300000, 0x00000000c3300000| Untracked 
|  30|0x00000000c3400000, 0x00000000c3400000, 0x00000000c3500000|  0%| F|  |TAMS 0x00000000c3400000, 0x00000000c3400000| Untracked 
|  31|0x00000000c3500000, 0x00000000c3500000, 0x00000000c3600000|  0%| F|  |TAMS 0x00000000c3500000, 0x00000000c3500000| Untracked 
|  32|0x00000000c3600000, 0x00000000c3600000, 0x00000000c3700000|  0%| F|  |TAMS 0x00000000c3600000, 0x00000000c3600000| Untracked 
|  33|0x00000000c3700000, 0x00000000c3700000, 0x00000000c3800000|  0%| F|  |TAMS 0x00000000c3700000, 0x00000000c3700000| Untracked 
|  34|0x00000000c3800000, 0x00000000c3800000, 0x00000000c3900000|  0%| F|  |TAMS 0x00000000c3800000, 0x00000000c3800000| Untracked 
|  35|0x00000000c3900000, 0x00000000c3900000, 0x00000000c3a00000|  0%| F|  |TAMS 0x00000000c3900000, 0x00000000c3900000| Untracked 
|  36|0x00000000c3a00000, 0x00000000c3a00000, 0x00000000c3b00000|  0%| F|  |TAMS 0x00000000c3a00000, 0x00000000c3a00000| Untracked 
|  37|0x00000000c3b00000, 0x00000000c3b00000, 0x00000000c3c00000|  0%| F|  |TAMS 0x00000000c3b00000, 0x00000000c3b00000| Untracked 
|  38|0x00000000c3c00000, 0x00000000c3c00000, 0x00000000c3d00000|  0%| F|  |TAMS 0x00000000c3c00000, 0x00000000c3c00000| Untracked 
|  39|0x00000000c3d00000, 0x00000000c3e00000, 0x00000000c3e00000|100%|HS|  |TAMS 0x00000000c3e00000, 0x00000000c3d00000| Complete 
|  40|0x00000000c3e00000, 0x00000000c3f00000, 0x00000000c3f00000|100%|HC|  |TAMS 0x00000000c3f00000, 0x00000000c3e00000| Complete 
|  41|0x00000000c3f00000, 0x00000000c4000000, 0x00000000c4000000|100%|HC|  |TAMS 0x00000000c4000000, 0x00000000c3f00000| Complete 
|  42|0x00000000c4000000, 0x00000000c4100000, 0x00000000c4100000|100%|HC|  |TAMS 0x00000000c4100000, 0x00000000c4000000| Complete 
|  43|0x00000000c4100000, 0x00000000c4200000, 0x00000000c4200000|100%|HC|  |TAMS 0x00000000c4200000, 0x00000000c4100000| Complete 
|  44|0x00000000c4200000, 0x00000000c4300000, 0x00000000c4300000|100%|HC|  |TAMS 0x00000000c4300000, 0x00000000c4200000| Complete 
|  45|0x00000000c4300000, 0x00000000c4400000, 0x00000000c4400000|100%|HC|  |TAMS 0x00000000c4400000, 0x00000000c4300000| Complete 
|  46|0x00000000c4400000, 0x00000000c4500000, 0x00000000c4500000|100%|HC|  |TAMS 0x00000000c4500000, 0x00000000c4400000| Complete 
|  47|0x00000000c4500000, 0x00000000c4600000, 0x00000000c4600000|100%|HC|  |TAMS 0x00000000c4600000, 0x00000000c4500000| Complete 
|  48|0x00000000c4600000, 0x00000000c4700000, 0x00000000c4700000|100%|HC|  |TAMS 0x00000000c4700000, 0x00000000c4600000| Complete 
|  49|0x00000000c4700000, 0x00000000c4800000, 0x00000000c4800000|100%|HC|  |TAMS 0x00000000c4800000, 0x00000000c4700000| Complete 
|  50|0x00000000c4800000, 0x00000000c4900000, 0x00000000c4900000|100%|HC|  |TAMS 0x00000000c4900000, 0x00000000c4800000| Complete 
|  51|0x00000000c4900000, 0x00000000c4a00000, 0x00000000c4a00000|100%|HC|  |TAMS 0x00000000c4a00000, 0x00000000c4900000| Complete 
|  52|0x00000000c4a00000, 0x00000000c4b00000, 0x00000000c4b00000|100%|HC|  |TAMS 0x00000000c4b00000, 0x00000000c4a00000| Complete 
|  53|0x00000000c4b00000, 0x00000000c4c00000, 0x00000000c4c00000|100%|HC|  |TAMS 0x00000000c4c00000, 0x00000000c4b00000| Complete 
|  54|0x00000000c4c00000, 0x00000000c4d00000, 0x00000000c4d00000|100%|HC|  |TAMS 0x00000000c4d00000, 0x00000000c4c00000| Complete 
|  55|0x00000000c4d00000, 0x00000000c4e00000, 0x00000000c4e00000|100%|HC|  |TAMS 0x00000000c4e00000, 0x00000000c4d00000| Complete 
|  56|0x00000000c4e00000, 0x00000000c4f00000, 0x00000000c4f00000|100%|HC|  |TAMS 0x00000000c4f00000, 0x00000000c4e00000| Complete 
|  57|0x00000000c4f00000, 0x00000000c5000000, 0x00000000c5000000|100%|HC|  |TAMS 0x00000000c5000000, 0x00000000c4f00000| Complete 
|  58|0x00000000c5000000, 0x00000000c5100000, 0x00000000c5100000|100%|HC|  |TAMS 0x00000000c5100000, 0x00000000c5000000| Complete 
|  59|0x00000000c5100000, 0x00000000c5200000, 0x00000000c5200000|100%|HC|  |TAMS 0x00000000c5200000, 0x00000000c5100000| Complete 
|  60|0x00000000c5200000, 0x00000000c5300000, 0x00000000c5300000|100%|HC|  |TAMS 0x00000000c5300000, 0x00000000c5200000| Complete 
|  61|0x00000000c5300000, 0x00000000c5400000, 0x00000000c5400000|100%|HC|  |TAMS 0x00000000c5400000, 0x00000000c5300000| Complete 
|  62|0x00000000c5400000, 0x00000000c5500000, 0x00000000c5500000|100%|HC|  |TAMS 0x00000000c5500000, 0x00000000c5400000| Complete 
|  63|0x00000000c5500000, 0x00000000c5600000, 0x00000000c5600000|100%|HC|  |TAMS 0x00000000c5600000, 0x00000000c5500000| Complete 
|  64|0x00000000c5600000, 0x00000000c5700000, 0x00000000c5700000|100%|HC|  |TAMS 0x00000000c5700000, 0x00000000c5600000| Complete 
|  65|0x00000000c5700000, 0x00000000c5800000, 0x00000000c5800000|100%|HC|  |TAMS 0x00000000c5800000, 0x00000000c5700000| Complete 
|  66|0x00000000c5800000, 0x00000000c5900000, 0x00000000c5900000|100%|HC|  |TAMS 0x00000000c5900000, 0x00000000c5800000| Complete 
|  67|0x00000000c5900000, 0x00000000c5a00000, 0x00000000c5a00000|100%|HC|  |TAMS 0x00000000c5a00000, 0x00000000c5900000| Complete 
|  68|0x00000000c5a00000, 0x00000000c5b00000, 0x00000000c5b00000|100%|HC|  |TAMS 0x00000000c5b00000, 0x00000000c5a00000| Complete 
|  69|0x00000000c5b00000, 0x00000000c5c00000, 0x00000000c5c00000|100%|HC|  |TAMS 0x00000000c5c00000, 0x00000000c5b00000| Complete 
|  70|0x00000000c5c00000, 0x00000000c5d00000, 0x00000000c5d00000|100%|HC|  |TAMS 0x00000000c5d00000, 0x00000000c5c00000| Complete 
|  71|0x00000000c5d00000, 0x00000000c5e00000, 0x00000000c5e00000|100%|HC|  |TAMS 0x00000000c5e00000, 0x00000000c5d00000| Complete 
|  72|0x00000000c5e00000, 0x00000000c5f00000, 0x00000000c5f00000|100%|HC|  |TAMS 0x00000000c5f00000, 0x00000000c5e00000| Complete 
|  73|0x00000000c5f00000, 0x00000000c6000000, 0x00000000c6000000|100%|HC|  |TAMS 0x00000000c6000000, 0x00000000c5f00000| Complete 
|  74|0x00000000c6000000, 0x00000000c6100000, 0x00000000c6100000|100%|HC|  |TAMS 0x00000000c6100000, 0x00000000c6000000| Complete 
|  75|0x00000000c6100000, 0x00000000c6200000, 0x00000000c6200000|100%|HC|  |TAMS 0x00000000c6200000, 0x00000000c6100000| Complete 
|  76|0x00000000c6200000, 0x00000000c6300000, 0x00000000c6300000|100%|HC|  |TAMS 0x00000000c6300000, 0x00000000c6200000| Complete 
|  77|0x00000000c6300000, 0x00000000c6400000, 0x00000000c6400000|100%|HC|  |TAMS 0x00000000c6400000, 0x00000000c6300000| Complete 
|  78|0x00000000c6400000, 0x00000000c6500000, 0x00000000c6500000|100%|HC|  |TAMS 0x00000000c6500000, 0x00000000c6400000| Complete 
|  79|0x00000000c6500000, 0x00000000c6600000, 0x00000000c6600000|100%|HC|  |TAMS 0x00000000c6600000, 0x00000000c6500000| Complete 
|  80|0x00000000c6600000, 0x00000000c6700000, 0x00000000c6700000|100%|HC|  |TAMS 0x00000000c6700000, 0x00000000c6600000| Complete 
|  81|0x00000000c6700000, 0x00000000c6800000, 0x00000000c6800000|100%|HC|  |TAMS 0x00000000c6800000, 0x00000000c6700000| Complete 
|  82|0x00000000c6800000, 0x00000000c6900000, 0x00000000c6900000|100%|HC|  |TAMS 0x00000000c6900000, 0x00000000c6800000| Complete 
|  83|0x00000000c6900000, 0x00000000c6a00000, 0x00000000c6a00000|100%|HC|  |TAMS 0x00000000c6a00000, 0x00000000c6900000| Complete 
|  84|0x00000000c6a00000, 0x00000000c6b00000, 0x00000000c6b00000|100%|HC|  |TAMS 0x00000000c6b00000, 0x00000000c6a00000| Complete 
|  85|0x00000000c6b00000, 0x00000000c6c00000, 0x00000000c6c00000|100%|HC|  |TAMS 0x00000000c6c00000, 0x00000000c6b00000| Complete 
|  86|0x00000000c6c00000, 0x00000000c6d00000, 0x00000000c6d00000|100%|HC|  |TAMS 0x00000000c6d00000, 0x00000000c6c00000| Complete 
|  87|0x00000000c6d00000, 0x00000000c6e00000, 0x00000000c6e00000|100%|HC|  |TAMS 0x00000000c6e00000, 0x00000000c6d00000| Complete 
|  88|0x00000000c6e00000, 0x00000000c6f00000, 0x00000000c6f00000|100%|HC|  |TAMS 0x00000000c6f00000, 0x00000000c6e00000| Complete 
|  89|0x00000000c6f00000, 0x00000000c7000000, 0x00000000c7000000|100%|HC|  |TAMS 0x00000000c7000000, 0x00000000c6f00000| Complete 
|  90|0x00000000c7000000, 0x00000000c7100000, 0x00000000c7100000|100%|HC|  |TAMS 0x00000000c7100000, 0x00000000c7000000| Complete 
|  91|0x00000000c7100000, 0x00000000c7200000, 0x00000000c7200000|100%|HC|  |TAMS 0x00000000c7200000, 0x00000000c7100000| Complete 
|  92|0x00000000c7200000, 0x00000000c7300000, 0x00000000c7300000|100%|HC|  |TAMS 0x00000000c7300000, 0x00000000c7200000| Complete 
|  93|0x00000000c7300000, 0x00000000c7400000, 0x00000000c7400000|100%|HC|  |TAMS 0x00000000c7400000, 0x00000000c7300000| Complete 
|  94|0x00000000c7400000, 0x00000000c7500000, 0x00000000c7500000|100%|HC|  |TAMS 0x00000000c7500000, 0x00000000c7400000| Complete 
|  95|0x00000000c7500000, 0x00000000c7600000, 0x00000000c7600000|100%|HC|  |TAMS 0x00000000c7600000, 0x00000000c7500000| Complete 
|  96|0x00000000c7600000, 0x00000000c7700000, 0x00000000c7700000|100%|HC|  |TAMS 0x00000000c7700000, 0x00000000c7600000| Complete 
|  97|0x00000000c7700000, 0x00000000c7800000, 0x00000000c7800000|100%|HC|  |TAMS 0x00000000c7800000, 0x00000000c7700000| Complete 
|  98|0x00000000c7800000, 0x00000000c7900000, 0x00000000c7900000|100%|HC|  |TAMS 0x00000000c7900000, 0x00000000c7800000| Complete 
|  99|0x00000000c7900000, 0x00000000c7a00000, 0x00000000c7a00000|100%|HC|  |TAMS 0x00000000c7a00000, 0x00000000c7900000| Complete 
| 100|0x00000000c7a00000, 0x00000000c7b00000, 0x00000000c7b00000|100%|HC|  |TAMS 0x00000000c7b00000, 0x00000000c7a00000| Complete 
| 101|0x00000000c7b00000, 0x00000000c7c00000, 0x00000000c7c00000|100%|HC|  |TAMS 0x00000000c7c00000, 0x00000000c7b00000| Complete 
| 102|0x00000000c7c00000, 0x00000000c7d00000, 0x00000000c7d00000|100%|HC|  |TAMS 0x00000000c7d00000, 0x00000000c7c00000| Complete 
| 103|0x00000000c7d00000, 0x00000000c7e00000, 0x00000000c7e00000|100%|HC|  |TAMS 0x00000000c7e00000, 0x00000000c7d00000| Complete 
| 104|0x00000000c7e00000, 0x00000000c7f00000, 0x00000000c7f00000|100%|HC|  |TAMS 0x00000000c7f00000, 0x00000000c7e00000| Complete 
| 105|0x00000000c7f00000, 0x00000000c8000000, 0x00000000c8000000|100%|HC|  |TAMS 0x00000000c8000000, 0x00000000c7f00000| Complete 
| 106|0x00000000c8000000, 0x00000000c8100000, 0x00000000c8100000|100%|HC|  |TAMS 0x00000000c8100000, 0x00000000c8000000| Complete 
| 107|0x00000000c8100000, 0x00000000c8200000, 0x00000000c8200000|100%|HC|  |TAMS 0x00000000c8200000, 0x00000000c8100000| Complete 
| 108|0x00000000c8200000, 0x00000000c8300000, 0x00000000c8300000|100%|HC|  |TAMS 0x00000000c8300000, 0x00000000c8200000| Complete 
| 109|0x00000000c8300000, 0x00000000c8400000, 0x00000000c8400000|100%|HC|  |TAMS 0x00000000c8400000, 0x00000000c8300000| Complete 
| 110|0x00000000c8400000, 0x00000000c8500000, 0x00000000c8500000|100%|HC|  |TAMS 0x00000000c8500000, 0x00000000c8400000| Complete 
| 111|0x00000000c8500000, 0x00000000c8600000, 0x00000000c8600000|100%|HC|  |TAMS 0x00000000c8600000, 0x00000000c8500000| Complete 
| 112|0x00000000c8600000, 0x00000000c8700000, 0x00000000c8700000|100%|HC|  |TAMS 0x00000000c8700000, 0x00000000c8600000| Complete 
| 113|0x00000000c8700000, 0x00000000c8800000, 0x00000000c8800000|100%|HC|  |TAMS 0x00000000c8800000, 0x00000000c8700000| Complete 
| 114|0x00000000c8800000, 0x00000000c8900000, 0x00000000c8900000|100%|HC|  |TAMS 0x00000000c8900000, 0x00000000c8800000| Complete 
| 115|0x00000000c8900000, 0x00000000c8a00000, 0x00000000c8a00000|100%|HC|  |TAMS 0x00000000c8a00000, 0x00000000c8900000| Complete 
| 116|0x00000000c8a00000, 0x00000000c8b00000, 0x00000000c8b00000|100%|HC|  |TAMS 0x00000000c8b00000, 0x00000000c8a00000| Complete 
| 117|0x00000000c8b00000, 0x00000000c8c00000, 0x00000000c8c00000|100%|HC|  |TAMS 0x00000000c8c00000, 0x00000000c8b00000| Complete 
| 118|0x00000000c8c00000, 0x00000000c8d00000, 0x00000000c8d00000|100%|HC|  |TAMS 0x00000000c8d00000, 0x00000000c8c00000| Complete 
| 119|0x00000000c8d00000, 0x00000000c8e00000, 0x00000000c8e00000|100%|HC|  |TAMS 0x00000000c8e00000, 0x00000000c8d00000| Complete 
| 120|0x00000000c8e00000, 0x00000000c8f00000, 0x00000000c8f00000|100%|HC|  |TAMS 0x00000000c8f00000, 0x00000000c8e00000| Complete 
| 121|0x00000000c8f00000, 0x00000000c9000000, 0x00000000c9000000|100%|HC|  |TAMS 0x00000000c9000000, 0x00000000c8f00000| Complete 
| 122|0x00000000c9000000, 0x00000000c9100000, 0x00000000c9100000|100%|HC|  |TAMS 0x00000000c9100000, 0x00000000c9000000| Complete 
| 123|0x00000000c9100000, 0x00000000c9200000, 0x00000000c9200000|100%|HC|  |TAMS 0x00000000c9200000, 0x00000000c9100000| Complete 
| 124|0x00000000c9200000, 0x00000000c9300000, 0x00000000c9300000|100%|HC|  |TAMS 0x00000000c9300000, 0x00000000c9200000| Complete 
| 125|0x00000000c9300000, 0x00000000c9400000, 0x00000000c9400000|100%|HC|  |TAMS 0x00000000c9400000, 0x00000000c9300000| Complete 
| 126|0x00000000c9400000, 0x00000000c9500000, 0x00000000c9500000|100%|HC|  |TAMS 0x00000000c9500000, 0x00000000c9400000| Complete 
| 127|0x00000000c9500000, 0x00000000c9600000, 0x00000000c9600000|100%|HC|  |TAMS 0x00000000c9600000, 0x00000000c9500000| Complete 
| 128|0x00000000c9600000, 0x00000000c9700000, 0x00000000c9700000|100%|HC|  |TAMS 0x00000000c9700000, 0x00000000c9600000| Complete 
| 129|0x00000000c9700000, 0x00000000c9800000, 0x00000000c9800000|100%|HC|  |TAMS 0x00000000c9800000, 0x00000000c9700000| Complete 
| 130|0x00000000c9800000, 0x00000000c9900000, 0x00000000c9900000|100%|HC|  |TAMS 0x00000000c9900000, 0x00000000c9800000| Complete 
| 131|0x00000000c9900000, 0x00000000c9a00000, 0x00000000c9a00000|100%|HC|  |TAMS 0x00000000c9a00000, 0x00000000c9900000| Complete 
| 132|0x00000000c9a00000, 0x00000000c9b00000, 0x00000000c9b00000|100%|HC|  |TAMS 0x00000000c9b00000, 0x00000000c9a00000| Complete 
| 133|0x00000000c9b00000, 0x00000000c9c00000, 0x00000000c9c00000|100%|HC|  |TAMS 0x00000000c9c00000, 0x00000000c9b00000| Complete 
| 134|0x00000000c9c00000, 0x00000000c9d00000, 0x00000000c9d00000|100%|HC|  |TAMS 0x00000000c9d00000, 0x00000000c9c00000| Complete 
| 135|0x00000000c9d00000, 0x00000000c9e00000, 0x00000000c9e00000|100%|HC|  |TAMS 0x00000000c9e00000, 0x00000000c9d00000| Complete 
| 136|0x00000000c9e00000, 0x00000000c9f00000, 0x00000000c9f00000|100%|HC|  |TAMS 0x00000000c9f00000, 0x00000000c9e00000| Complete 
| 137|0x00000000c9f00000, 0x00000000ca000000, 0x00000000ca000000|100%|HC|  |TAMS 0x00000000ca000000, 0x00000000c9f00000| Complete 
| 138|0x00000000ca000000, 0x00000000ca100000, 0x00000000ca100000|100%|HC|  |TAMS 0x00000000ca100000, 0x00000000ca000000| Complete 
| 139|0x00000000ca100000, 0x00000000ca200000, 0x00000000ca200000|100%|HC|  |TAMS 0x00000000ca200000, 0x00000000ca100000| Complete 
| 140|0x00000000ca200000, 0x00000000ca300000, 0x00000000ca300000|100%|HC|  |TAMS 0x00000000ca300000, 0x00000000ca200000| Complete 
| 141|0x00000000ca300000, 0x00000000ca400000, 0x00000000ca400000|100%|HC|  |TAMS 0x00000000ca400000, 0x00000000ca300000| Complete 
| 142|0x00000000ca400000, 0x00000000ca500000, 0x00000000ca500000|100%|HC|  |TAMS 0x00000000ca500000, 0x00000000ca400000| Complete 
| 143|0x00000000ca500000, 0x00000000ca600000, 0x00000000ca600000|100%|HC|  |TAMS 0x00000000ca600000, 0x00000000ca500000| Complete 
| 144|0x00000000ca600000, 0x00000000ca700000, 0x00000000ca700000|100%|HC|  |TAMS 0x00000000ca700000, 0x00000000ca600000| Complete 
| 145|0x00000000ca700000, 0x00000000ca800000, 0x00000000ca800000|100%|HC|  |TAMS 0x00000000ca800000, 0x00000000ca700000| Complete 
| 146|0x00000000ca800000, 0x00000000ca900000, 0x00000000ca900000|100%|HC|  |TAMS 0x00000000ca900000, 0x00000000ca800000| Complete 
| 147|0x00000000ca900000, 0x00000000caa00000, 0x00000000caa00000|100%|HC|  |TAMS 0x00000000caa00000, 0x00000000ca900000| Complete 
| 148|0x00000000caa00000, 0x00000000cab00000, 0x00000000cab00000|100%|HC|  |TAMS 0x00000000cab00000, 0x00000000caa00000| Complete 
| 149|0x00000000cab00000, 0x00000000cac00000, 0x00000000cac00000|100%|HC|  |TAMS 0x00000000cac00000, 0x00000000cab00000| Complete 
| 150|0x00000000cac00000, 0x00000000cad00000, 0x00000000cad00000|100%|HC|  |TAMS 0x00000000cad00000, 0x00000000cac00000| Complete 
| 151|0x00000000cad00000, 0x00000000cad00000, 0x00000000cae00000|  0%| F|  |TAMS 0x00000000cad00000, 0x00000000cad00000| Untracked 
| 152|0x00000000cae00000, 0x00000000cae00000, 0x00000000caf00000|  0%| F|  |TAMS 0x00000000cae00000, 0x00000000cae00000| Untracked 
| 153|0x00000000caf00000, 0x00000000caf00000, 0x00000000cb000000|  0%| F|  |TAMS 0x00000000caf00000, 0x00000000caf00000| Untracked 
| 154|0x00000000cb000000, 0x00000000cb000000, 0x00000000cb100000|  0%| F|  |TAMS 0x00000000cb000000, 0x00000000cb000000| Untracked 
| 155|0x00000000cb100000, 0x00000000cb100000, 0x00000000cb200000|  0%| F|  |TAMS 0x00000000cb100000, 0x00000000cb100000| Untracked 
| 156|0x00000000cb200000, 0x00000000cb200000, 0x00000000cb300000|  0%| F|  |TAMS 0x00000000cb200000, 0x00000000cb200000| Untracked 
| 157|0x00000000cb300000, 0x00000000cb300000, 0x00000000cb400000|  0%| F|  |TAMS 0x00000000cb300000, 0x00000000cb300000| Untracked 
| 158|0x00000000cb400000, 0x00000000cb400000, 0x00000000cb500000|  0%| F|  |TAMS 0x00000000cb400000, 0x00000000cb400000| Untracked 
| 159|0x00000000cb500000, 0x00000000cb500000, 0x00000000cb600000|  0%| F|  |TAMS 0x00000000cb500000, 0x00000000cb500000| Untracked 
| 160|0x00000000cb600000, 0x00000000cb600000, 0x00000000cb700000|  0%| F|  |TAMS 0x00000000cb600000, 0x00000000cb600000| Untracked 
| 161|0x00000000cb700000, 0x00000000cb700000, 0x00000000cb800000|  0%| F|  |TAMS 0x00000000cb700000, 0x00000000cb700000| Untracked 
| 162|0x00000000cb800000, 0x00000000cb800000, 0x00000000cb900000|  0%| F|  |TAMS 0x00000000cb800000, 0x00000000cb800000| Untracked 
| 163|0x00000000cb900000, 0x00000000cb900000, 0x00000000cba00000|  0%| F|  |TAMS 0x00000000cb900000, 0x00000000cb900000| Untracked 
| 164|0x00000000cba00000, 0x00000000cba00000, 0x00000000cbb00000|  0%| F|  |TAMS 0x00000000cba00000, 0x00000000cba00000| Untracked 
| 165|0x00000000cbb00000, 0x00000000cbb00000, 0x00000000cbc00000|  0%| F|  |TAMS 0x00000000cbb00000, 0x00000000cbb00000| Untracked 
| 166|0x00000000cbc00000, 0x00000000cbc00000, 0x00000000cbd00000|  0%| F|  |TAMS 0x00000000cbc00000, 0x00000000cbc00000| Untracked 
| 167|0x00000000cbd00000, 0x00000000cbd00000, 0x00000000cbe00000|  0%| F|  |TAMS 0x00000000cbd00000, 0x00000000cbd00000| Untracked 
| 168|0x00000000cbe00000, 0x00000000cbe00000, 0x00000000cbf00000|  0%| F|  |TAMS 0x00000000cbe00000, 0x00000000cbe00000| Untracked 
| 169|0x00000000cbf00000, 0x00000000cbf00000, 0x00000000cc000000|  0%| F|  |TAMS 0x00000000cbf00000, 0x00000000cbf00000| Untracked 
| 170|0x00000000cc000000, 0x00000000cc000000, 0x00000000cc100000|  0%| F|  |TAMS 0x00000000cc000000, 0x00000000cc000000| Untracked 
| 171|0x00000000cc100000, 0x00000000cc100000, 0x00000000cc200000|  0%| F|  |TAMS 0x00000000cc100000, 0x00000000cc100000| Untracked 
| 172|0x00000000cc200000, 0x00000000cc200000, 0x00000000cc300000|  0%| F|  |TAMS 0x00000000cc200000, 0x00000000cc200000| Untracked 
| 173|0x00000000cc300000, 0x00000000cc300000, 0x00000000cc400000|  0%| F|  |TAMS 0x00000000cc300000, 0x00000000cc300000| Untracked 
| 174|0x00000000cc400000, 0x00000000cc400000, 0x00000000cc500000|  0%| F|  |TAMS 0x00000000cc400000, 0x00000000cc400000| Untracked 
| 175|0x00000000cc500000, 0x00000000cc500000, 0x00000000cc600000|  0%| F|  |TAMS 0x00000000cc500000, 0x00000000cc500000| Untracked 
| 176|0x00000000cc600000, 0x00000000cc600000, 0x00000000cc700000|  0%| F|  |TAMS 0x00000000cc600000, 0x00000000cc600000| Untracked 
| 177|0x00000000cc700000, 0x00000000cc700000, 0x00000000cc800000|  0%| F|  |TAMS 0x00000000cc700000, 0x00000000cc700000| Untracked 
| 178|0x00000000cc800000, 0x00000000cc800000, 0x00000000cc900000|  0%| F|  |TAMS 0x00000000cc800000, 0x00000000cc800000| Untracked 
| 179|0x00000000cc900000, 0x00000000cc900000, 0x00000000cca00000|  0%| F|  |TAMS 0x00000000cc900000, 0x00000000cc900000| Untracked 
| 180|0x00000000cca00000, 0x00000000cca00000, 0x00000000ccb00000|  0%| F|  |TAMS 0x00000000cca00000, 0x00000000cca00000| Untracked 
| 181|0x00000000ccb00000, 0x00000000ccb00000, 0x00000000ccc00000|  0%| F|  |TAMS 0x00000000ccb00000, 0x00000000ccb00000| Untracked 
| 182|0x00000000ccc00000, 0x00000000ccc00000, 0x00000000ccd00000|  0%| F|  |TAMS 0x00000000ccc00000, 0x00000000ccc00000| Untracked 
| 183|0x00000000ccd00000, 0x00000000ccd00000, 0x00000000cce00000|  0%| F|  |TAMS 0x00000000ccd00000, 0x00000000ccd00000| Untracked 
| 184|0x00000000cce00000, 0x00000000cce00000, 0x00000000ccf00000|  0%| F|  |TAMS 0x00000000cce00000, 0x00000000cce00000| Untracked 
| 185|0x00000000ccf00000, 0x00000000ccf00000, 0x00000000cd000000|  0%| F|  |TAMS 0x00000000ccf00000, 0x00000000ccf00000| Untracked 
| 186|0x00000000cd000000, 0x00000000cd000000, 0x00000000cd100000|  0%| F|  |TAMS 0x00000000cd000000, 0x00000000cd000000| Untracked 
| 187|0x00000000cd100000, 0x00000000cd100000, 0x00000000cd200000|  0%| F|  |TAMS 0x00000000cd100000, 0x00000000cd100000| Untracked 
| 188|0x00000000cd200000, 0x00000000cd200000, 0x00000000cd300000|  0%| F|  |TAMS 0x00000000cd200000, 0x00000000cd200000| Untracked 
| 189|0x00000000cd300000, 0x00000000cd300000, 0x00000000cd400000|  0%| F|  |TAMS 0x00000000cd300000, 0x00000000cd300000| Untracked 
| 190|0x00000000cd400000, 0x00000000cd400000, 0x00000000cd500000|  0%| F|  |TAMS 0x00000000cd400000, 0x00000000cd400000| Untracked 
| 191|0x00000000cd500000, 0x00000000cd500000, 0x00000000cd600000|  0%| F|  |TAMS 0x00000000cd500000, 0x00000000cd500000| Untracked 
| 192|0x00000000cd600000, 0x00000000cd600000, 0x00000000cd700000|  0%| F|  |TAMS 0x00000000cd600000, 0x00000000cd600000| Untracked 
| 193|0x00000000cd700000, 0x00000000cd700000, 0x00000000cd800000|  0%| F|  |TAMS 0x00000000cd700000, 0x00000000cd700000| Untracked 
| 194|0x00000000cd800000, 0x00000000cd800000, 0x00000000cd900000|  0%| F|  |TAMS 0x00000000cd800000, 0x00000000cd800000| Untracked 
| 195|0x00000000cd900000, 0x00000000cd900000, 0x00000000cda00000|  0%| F|  |TAMS 0x00000000cd900000, 0x00000000cd900000| Untracked 
| 196|0x00000000cda00000, 0x00000000cda00000, 0x00000000cdb00000|  0%| F|  |TAMS 0x00000000cda00000, 0x00000000cda00000| Untracked 
| 197|0x00000000cdb00000, 0x00000000cdb00000, 0x00000000cdc00000|  0%| F|  |TAMS 0x00000000cdb00000, 0x00000000cdb00000| Untracked 
| 198|0x00000000cdc00000, 0x00000000cdc00000, 0x00000000cdd00000|  0%| F|  |TAMS 0x00000000cdc00000, 0x00000000cdc00000| Untracked 
| 199|0x00000000cdd00000, 0x00000000cdd00000, 0x00000000cde00000|  0%| F|  |TAMS 0x00000000cdd00000, 0x00000000cdd00000| Untracked 
| 200|0x00000000cde00000, 0x00000000cde00000, 0x00000000cdf00000|  0%| F|  |TAMS 0x00000000cde00000, 0x00000000cde00000| Untracked 
| 201|0x00000000cdf00000, 0x00000000cdf00000, 0x00000000ce000000|  0%| F|  |TAMS 0x00000000cdf00000, 0x00000000cdf00000| Untracked 
| 202|0x00000000ce000000, 0x00000000ce000000, 0x00000000ce100000|  0%| F|  |TAMS 0x00000000ce000000, 0x00000000ce000000| Untracked 
| 203|0x00000000ce100000, 0x00000000ce100000, 0x00000000ce200000|  0%| F|  |TAMS 0x00000000ce100000, 0x00000000ce100000| Untracked 
| 204|0x00000000ce200000, 0x00000000ce200000, 0x00000000ce300000|  0%| F|  |TAMS 0x00000000ce200000, 0x00000000ce200000| Untracked 
| 205|0x00000000ce300000, 0x00000000ce300000, 0x00000000ce400000|  0%| F|  |TAMS 0x00000000ce300000, 0x00000000ce300000| Untracked 
| 206|0x00000000ce400000, 0x00000000ce492618, 0x00000000ce500000| 57%| S|CS|TAMS 0x00000000ce400000, 0x00000000ce400000| Complete 
| 207|0x00000000ce500000, 0x00000000ce500000, 0x00000000ce600000|  0%| F|  |TAMS 0x00000000ce500000, 0x00000000ce500000| Untracked 
| 208|0x00000000ce600000, 0x00000000ce600000, 0x00000000ce700000|  0%| F|  |TAMS 0x00000000ce600000, 0x00000000ce600000| Untracked 
| 209|0x00000000ce700000, 0x00000000ce700000, 0x00000000ce800000|  0%| F|  |TAMS 0x00000000ce700000, 0x00000000ce700000| Untracked 
| 210|0x00000000ce800000, 0x00000000ce800000, 0x00000000ce900000|  0%| F|  |TAMS 0x00000000ce800000, 0x00000000ce800000| Untracked 
| 211|0x00000000ce900000, 0x00000000ce900000, 0x00000000cea00000|  0%| F|  |TAMS 0x00000000ce900000, 0x00000000ce900000| Untracked 
| 212|0x00000000cea00000, 0x00000000cea00000, 0x00000000ceb00000|  0%| F|  |TAMS 0x00000000cea00000, 0x00000000cea00000| Untracked 
| 213|0x00000000ceb00000, 0x00000000ceb741a0, 0x00000000cec00000| 45%| E|  |TAMS 0x00000000ceb00000, 0x00000000ceb00000| Complete 
| 214|0x00000000cec00000, 0x00000000ced00000, 0x00000000ced00000|100%| E|CS|TAMS 0x00000000cec00000, 0x00000000cec00000| Complete 
| 215|0x00000000ced00000, 0x00000000cee00000, 0x00000000cee00000|100%| E|CS|TAMS 0x00000000ced00000, 0x00000000ced00000| Complete 
| 216|0x00000000cee00000, 0x00000000ceefb8a0, 0x00000000cef00000| 98%| E|  |TAMS 0x00000000cee00000, 0x00000000cee00000| Complete 

Card table byte_map: [0x0000022a1d340000,0x0000022a1d540000] _byte_map_base: 0x0000022a1cd35000

Marking Bits (Prev, Next): (CMBitMap*) 0x0000022a03d23578, (CMBitMap*) 0x0000022a03d23538
 Prev Bits: [0x0000022a1e6f0000, 0x0000022a1f698000)
 Next Bits: [0x0000022a1d740000, 0x0000022a1e6e8000)

Polling page: 0x0000022a03dc0000

Metaspace:

Usage:
  Non-class:     25.58 MB capacity,    25.22 MB ( 99%) used,   321.50 KB (  1%) free+waste,    56.63 KB ( <1%) overhead. 
      Class:      3.55 MB capacity,     3.35 MB ( 95%) used,   171.54 KB (  5%) free+waste,    28.13 KB ( <1%) overhead. 
       Both:     29.13 MB capacity,    28.57 MB ( 98%) used,   493.04 KB (  2%) free+waste,    84.75 KB ( <1%) overhead. 

Virtual space:
  Non-class space:       26.00 MB reserved,      25.67 MB ( 99%) committed 
      Class space:        1.00 GB reserved,       3.63 MB ( <1%) committed 
             Both:        1.03 GB reserved,      29.30 MB (  3%) committed 

Chunk freelists:
   Non-Class:  25.00 KB
       Class:  14.00 KB
        Both:  39.00 KB

MaxMetaspaceSize: 17179869184.00 GB
CompressedClassSpaceSize: 1.00 GB

CodeHeap 'non-profiled nmethods': size=120000Kb used=989Kb max_used=1063Kb free=119010Kb
 bounds [0x0000022a154b0000, 0x0000022a15720000, 0x0000022a1c9e0000]
CodeHeap 'profiled nmethods': size=120000Kb used=4189Kb max_used=5124Kb free=115810Kb
 bounds [0x0000022a0df80000, 0x0000022a0e490000, 0x0000022a154b0000]
CodeHeap 'non-nmethods': size=5760Kb used=1382Kb max_used=1416Kb free=4377Kb
 bounds [0x0000022a0d9e0000, 0x0000022a0dc50000, 0x0000022a0df80000]
 total_blobs=4076 nmethods=2125 adapters=598
 compilation: enabled
              stopped_count=0, restarted_count=0
 full_count=0

Compilation events (20 events):
Event: 166.570 Thread 0x0000022a21c87000 nmethod 2480 0x0000022a0dfaac10 code [0x0000022a0dfaaf00, 0x0000022a0dfabef0]
Event: 166.570 Thread 0x0000022a21c87000 2482       3       java.lang.reflect.Modifier::isPrivate (12 bytes)
Event: 166.570 Thread 0x0000022a21c87000 nmethod 2482 0x0000022a0dfe5190 code [0x0000022a0dfe5340, 0x0000022a0dfe54d8]
Event: 166.739 Thread 0x0000022a21c80000 2485 %     4       sun.awt.image.PNGImageDecoder::update_crc @ 3 (41 bytes)
Event: 166.746 Thread 0x0000022a21c80000 nmethod 2485% 0x0000022a15563810 code [0x0000022a155639a0, 0x0000022a15563c18]
Event: 166.949 Thread 0x0000022a21c80000 2486 %     4       sun.awt.image.PNGImageDecoder::filterRow @ 47 (460 bytes)
Event: 166.959 Thread 0x0000022a21c80000 nmethod 2486% 0x0000022a1550f490 code [0x0000022a1550f620, 0x0000022a1550f978]
Event: 166.959 Thread 0x0000022a21c80000 2487 % !   4       sun.awt.image.PNGImageDecoder::produceImage @ 960 (1917 bytes)
Event: 167.123 Thread 0x0000022a21c80000 nmethod 2487% 0x0000022a155b9c10 code [0x0000022a155b9f40, 0x0000022a155bed98]
Event: 167.123 Thread 0x0000022a21c80000 2488       4       sun.awt.image.PNGImageDecoder::filterRow (460 bytes)
Event: 167.190 Thread 0x0000022a21c80000 nmethod 2488 0x0000022a15536890 code [0x0000022a15536a40, 0x0000022a15537bd8]
Event: 167.203 Thread 0x0000022a21c80000 2489   !   4       java.util.zip.InflaterInputStream::read (138 bytes)
Event: 167.270 Thread 0x0000022a21c80000 nmethod 2489 0x0000022a1551f290 code [0x0000022a1551f520, 0x0000022a15522110]
Event: 167.290 Thread 0x0000022a21c87000 2490       3       java.util.zip.InflaterInputStream::fill (60 bytes)
Event: 167.291 Thread 0x0000022a21c87000 nmethod 2490 0x0000022a0e00f010 code [0x0000022a0e00f220, 0x0000022a0e00f7a0]
Event: 167.292 Thread 0x0000022a21c87000 2491       3       sun.awt.image.PNGFilterInputStream::read (89 bytes)
Event: 167.293 Thread 0x0000022a21c87000 nmethod 2491 0x0000022a0e09f890 code [0x0000022a0e09fa60, 0x0000022a0e09fe20]
Event: 171.882 Thread 0x0000022a21c87000 2492       3       jdk.internal.module.Resources::toPackageName (39 bytes)
Event: 171.886 Thread 0x0000022a21c87000 nmethod 2492 0x0000022a0dfa1310 code [0x0000022a0dfa1540, 0x0000022a0dfa1c20]
Event: 172.602 Thread 0x0000022a21c80000 2493   !   4       sun.awt.image.ImageRepresentation::setPixels (527 bytes)

GC Heap History (20 events):
Event: 62.497 GC heap before
{Heap before GC invocations=0 (full 0):
 garbage-first heap   total 65536K, used 13312K [0x00000000c1600000, 0x0000000100000000)
  region size 1024K, 14 young (14336K), 0 survivors (0K)
 Metaspace       used 6471K, capacity 7143K, committed 7424K, reserved 1056768K
  class space    used 606K, capacity 684K, committed 768K, reserved 1048576K
}
Event: 62.511 GC heap after
{Heap after GC invocations=1 (full 0):
 garbage-first heap   total 65536K, used 5553K [0x00000000c1600000, 0x0000000100000000)
  region size 1024K, 2 young (2048K), 2 survivors (2048K)
 Metaspace       used 6471K, capacity 7143K, committed 7424K, reserved 1056768K
  class space    used 606K, capacity 684K, committed 768K, reserved 1048576K
}
Event: 65.896 GC heap before
{Heap before GC invocations=1 (full 0):
 garbage-first heap   total 65536K, used 6577K [0x00000000c1600000, 0x0000000100000000)
  region size 1024K, 3 young (3072K), 2 survivors (2048K)
 Metaspace       used 7151K, capacity 7384K, committed 7552K, reserved 1056768K
  class space    used 673K, capacity 791K, committed 896K, reserved 1048576K
}
Event: 65.900 GC heap after
{Heap after GC invocations=2 (full 0):
 garbage-first heap   total 65536K, used 6054K [0x00000000c1600000, 0x0000000100000000)
  region size 1024K, 1 young (1024K), 1 survivors (1024K)
 Metaspace       used 7151K, capacity 7384K, committed 7552K, reserved 1056768K
  class space    used 673K, capacity 791K, committed 896K, reserved 1048576K
}
Event: 104.185 GC heap before
{Heap before GC invocations=2 (full 0):
 garbage-first heap   total 65536K, used 23462K [0x00000000c1600000, 0x0000000100000000)
  region size 1024K, 19 young (19456K), 1 survivors (1024K)
 Metaspace       used 13920K, capacity 14238K, committed 14464K, reserved 1062912K
  class space    used 1458K, capacity 1580K, committed 1664K, reserved 1048576K
}
Event: 104.195 GC heap after
{Heap after GC invocations=3 (full 0):
 garbage-first heap   total 65536K, used 8586K [0x00000000c1600000, 0x0000000100000000)
  region size 1024K, 3 young (3072K), 3 survivors (3072K)
 Metaspace       used 13920K, capacity 14238K, committed 14464K, reserved 1062912K
  class space    used 1458K, capacity 1580K, committed 1664K, reserved 1048576K
}
Event: 119.525 GC heap before
{Heap before GC invocations=3 (full 0):
 garbage-first heap   total 65536K, used 29066K [0x00000000c1600000, 0x0000000100000000)
  region size 1024K, 24 young (24576K), 3 survivors (3072K)
 Metaspace       used 20821K, capacity 21204K, committed 21296K, reserved 1069056K
  class space    used 2256K, capacity 2414K, committed 2432K, reserved 1048576K
}
Event: 119.535 GC heap after
{Heap after GC invocations=4 (full 0):
 garbage-first heap   total 65536K, used 9874K [0x00000000c1600000, 0x0000000100000000)
  region size 1024K, 2 young (2048K), 2 survivors (2048K)
 Metaspace       used 20821K, capacity 21204K, committed 21296K, reserved 1069056K
  class space    used 2256K, capacity 2414K, committed 2432K, reserved 1048576K
}
Event: 155.322 GC heap before
{Heap before GC invocations=5 (full 0):
 garbage-first heap   total 40960K, used 31378K [0x00000000c1600000, 0x0000000100000000)
  region size 1024K, 24 young (24576K), 2 survivors (2048K)
 Metaspace       used 28339K, capacity 28873K, committed 29104K, reserved 1075200K
  class space    used 3330K, capacity 3526K, committed 3584K, reserved 1048576K
}
Event: 155.332 GC heap after
{Heap after GC invocations=6 (full 0):
 garbage-first heap   total 40960K, used 15086K [0x00000000c1600000, 0x0000000100000000)
  region size 1024K, 3 young (3072K), 3 survivors (3072K)
 Metaspace       used 28339K, capacity 28873K, committed 29104K, reserved 1075200K
  class space    used 3330K, capacity 3526K, committed 3584K, reserved 1048576K
}
Event: 166.758 GC heap before
{Heap before GC invocations=6 (full 0):
 garbage-first heap   total 40960K, used 15086K [0x00000000c1600000, 0x0000000100000000)
  region size 1024K, 5 young (5120K), 3 survivors (3072K)
 Metaspace       used 29254K, capacity 29833K, committed 30000K, reserved 1075200K
  class space    used 3434K, capacity 3634K, committed 3712K, reserved 1048576K
}
Event: 166.766 GC heap after
{Heap after GC invocations=7 (full 0):
 garbage-first heap   total 40960K, used 15854K [0x00000000c1600000, 0x0000000100000000)
  region size 1024K, 1 young (1024K), 1 survivors (1024K)
 Metaspace       used 29254K, capacity 29833K, committed 30000K, reserved 1075200K
  class space    used 3434K, capacity 3634K, committed 3712K, reserved 1048576K
}
Event: 167.197 GC heap before
{Heap before GC invocations=8 (full 0):
 garbage-first heap   total 222208K, used 137710K [0x00000000c1600000, 0x0000000100000000)
  region size 1024K, 9 young (9216K), 1 survivors (1024K)
 Metaspace       used 29255K, capacity 29833K, committed 30000K, reserved 1075200K
  class space    used 3434K, capacity 3634K, committed 3712K, reserved 1048576K
}
Event: 167.199 GC heap after
{Heap after GC invocations=9 (full 0):
 garbage-first heap   total 222208K, used 130396K [0x00000000c1600000, 0x0000000100000000)
  region size 1024K, 1 young (1024K), 1 survivors (1024K)
 Metaspace       used 29255K, capacity 29833K, committed 30000K, reserved 1075200K
  class space    used 3434K, capacity 3634K, committed 3712K, reserved 1048576K
}
Event: 167.587 GC heap before
{Heap before GC invocations=9 (full 0):
 garbage-first heap   total 222208K, used 158044K [0x00000000c1600000, 0x0000000100000000)
  region size 1024K, 29 young (29696K), 1 survivors (1024K)
 Metaspace       used 29255K, capacity 29833K, committed 30000K, reserved 1075200K
  class space    used 3434K, capacity 3634K, committed 3712K, reserved 1048576K
}
Event: 171.881 GC heap after
{Heap after GC invocations=10 (full 0):
 garbage-first heap   total 222208K, used 130380K [0x00000000c1600000, 0x0000000100000000)
  region size 1024K, 1 young (1024K), 1 survivors (1024K)
 Metaspace       used 29255K, capacity 29833K, committed 30000K, reserved 1075200K
  class space    used 3434K, capacity 3634K, committed 3712K, reserved 1048576K
}
Event: 172.558 GC heap before
{Heap before GC invocations=10 (full 0):
 garbage-first heap   total 222208K, used 138572K [0x00000000c1600000, 0x0000000100000000)
  region size 1024K, 10 young (10240K), 1 survivors (1024K)
 Metaspace       used 29255K, capacity 29833K, committed 30000K, reserved 1075200K
  class space    used 3434K, capacity 3634K, committed 3712K, reserved 1048576K
}
Event: 172.561 GC heap after
{Heap after GC invocations=11 (full 0):
 garbage-first heap   total 222208K, used 130372K [0x00000000c1600000, 0x0000000100000000)
  region size 1024K, 1 young (1024K), 1 survivors (1024K)
 Metaspace       used 29255K, capacity 29833K, committed 30000K, reserved 1075200K
  class space    used 3434K, capacity 3634K, committed 3712K, reserved 1048576K
}
Event: 173.346 GC heap before
{Heap before GC invocations=11 (full 0):
 garbage-first heap   total 222208K, used 139588K [0x00000000c1600000, 0x0000000100000000)
  region size 1024K, 10 young (10240K), 1 survivors (1024K)
 Metaspace       used 29255K, capacity 29833K, committed 30000K, reserved 1075200K
  class space    used 3434K, capacity 3634K, committed 3712K, reserved 1048576K
}
Event: 173.347 GC heap after
{Heap after GC invocations=12 (full 0):
 garbage-first heap   total 222208K, used 130372K [0x00000000c1600000, 0x0000000100000000)
  region size 1024K, 1 young (1024K), 1 survivors (1024K)
 Metaspace       used 29255K, capacity 29833K, committed 30000K, reserved 1075200K
  class space    used 3434K, capacity 3634K, committed 3712K, reserved 1048576K
}

Deoptimization events (20 events):
Event: 167.188 Thread 0x0000022a240dd000 DEOPT PACKING pc=0x0000022a0e05930d sp=0x000000a817bff380
Event: 167.188 Thread 0x0000022a240dd000 DEOPT UNPACKING pc=0x0000022a0da2964e sp=0x000000a817bfe7f0 mode 0
Event: 167.188 Thread 0x0000022a240dd000 DEOPT PACKING pc=0x0000022a0e059354 sp=0x000000a817bff380
Event: 167.188 Thread 0x0000022a240dd000 DEOPT UNPACKING pc=0x0000022a0da2964e sp=0x000000a817bfe7f0 mode 0
Event: 167.189 Thread 0x0000022a240dd000 DEOPT PACKING pc=0x0000022a0e059354 sp=0x000000a817bff380
Event: 167.189 Thread 0x0000022a240dd000 DEOPT UNPACKING pc=0x0000022a0da2964e sp=0x000000a817bfe7f0 mode 0
Event: 167.189 Thread 0x0000022a240dd000 DEOPT PACKING pc=0x0000022a0e059354 sp=0x000000a817bff380
Event: 167.189 Thread 0x0000022a240dd000 DEOPT UNPACKING pc=0x0000022a0da2964e sp=0x000000a817bfe7f0 mode 0
Event: 167.189 Thread 0x0000022a240dd000 DEOPT PACKING pc=0x0000022a0e059354 sp=0x000000a817bff380
Event: 167.189 Thread 0x0000022a240dd000 DEOPT UNPACKING pc=0x0000022a0da2964e sp=0x000000a817bfe7f0 mode 0
Event: 167.190 Thread 0x0000022a240dd000 DEOPT PACKING pc=0x0000022a0e059354 sp=0x000000a817bff380
Event: 167.190 Thread 0x0000022a240dd000 DEOPT UNPACKING pc=0x0000022a0da2964e sp=0x000000a817bfe7f0 mode 0
Event: 167.190 Thread 0x0000022a240dd000 DEOPT PACKING pc=0x0000022a0e05930d sp=0x000000a817bff380
Event: 167.190 Thread 0x0000022a240dd000 DEOPT UNPACKING pc=0x0000022a0da2964e sp=0x000000a817bfe7f0 mode 0
Event: 167.190 Thread 0x0000022a240dd000 DEOPT PACKING pc=0x0000022a0e059354 sp=0x000000a817bff380
Event: 167.190 Thread 0x0000022a240dd000 DEOPT UNPACKING pc=0x0000022a0da2964e sp=0x000000a817bfe7f0 mode 0
Event: 167.190 Thread 0x0000022a240dd000 DEOPT PACKING pc=0x0000022a0e059354 sp=0x000000a817bff380
Event: 167.190 Thread 0x0000022a240dd000 DEOPT UNPACKING pc=0x0000022a0da2964e sp=0x000000a817bfe7f0 mode 0
Event: 167.190 Thread 0x0000022a240dd000 DEOPT PACKING pc=0x0000022a0e059354 sp=0x000000a817bff380
Event: 167.190 Thread 0x0000022a240dd000 DEOPT UNPACKING pc=0x0000022a0da2964e sp=0x000000a817bfe7f0 mode 0

Classes unloaded (0 events):
No events

Classes redefined (0 events):
No events

Internal exceptions (20 events):
Event: 81.793 Thread 0x0000022a22966800 Exception <a 'java/io/IOException'{0x00000000c4d1f8f0}> (0x00000000c4d1f8f0) 
thrown [t:/workspace/open/src/hotspot/share/prims/jni.cpp, line 598]
Event: 83.566 Thread 0x0000022a22966800 Exception <a 'java/lang/NullPointerException'{0x00000000c4dac230}> (0x00000000c4dac230) 
thrown [t:/workspace/open/src/hotspot/share/interpreter/linkResolver.cpp, line 1349]
Event: 83.567 Thread 0x0000022a22966800 Exception <a 'java/lang/reflect/InvocationTargetException'{0x00000000c4dafe60}> (0x00000000c4dafe60) 
thrown [t:/workspace/open/src/hotspot/share/runtime/reflection.cpp, line 1188]
Event: 86.276 Thread 0x0000022a22966800 Exception <a 'java/lang/NoSuchMethodError'{0x00000000c4b05cc0}: 'java.lang.Object java.lang.invoke.DirectMethodHandle$Holder.invokeVirtual(java.lang.Object, java.lang.Object, java.lang.Object)'> (0x00000000c4b05cc0) 
thrown [t:/workspace/open/src/hotspot/share/interpreter/linkResolver.cpp, line 767]
Event: 109.258 Thread 0x0000022a22966800 Exception <a 'java/lang/NoSuchMethodError'{0x00000000c540e8e0}: 'java.lang.Object java.lang.invoke.DirectMethodHandle$Holder.invokeStatic(java.lang.Object, int, java.lang.Object, java.lang.Object, java.lang.Object, java.lang.Object)'> (0x00000000c540e8e0) 
thrown [t:/workspace/open/src/hotspot/share/interpreter/linkResolver.cpp, line 767]
Event: 109.259 Thread 0x0000022a22966800 Exception <a 'java/lang/NoSuchMethodError'{0x00000000c5415248}: 'java.lang.Object java.lang.invoke.DirectMethodHandle$Holder.invokeStatic(java.lang.Object, int, java.lang.Object, java.lang.Object, java.lang.Object)'> (0x00000000c5415248) 
thrown [t:/workspace/open/src/hotspot/share/interpreter/linkResolver.cpp, line 767]
Event: 109.259 Thread 0x0000022a22966800 Exception <a 'java/lang/NoSuchMethodError'{0x00000000c5418ab0}: 'java.lang.Object java.lang.invoke.DirectMethodHandle$Holder.invokeSpecial(java.lang.Object, java.lang.Object, int, java.lang.Object, java.lang.Object, java.lang.Object)'> (0x00000000c5418ab0) 
thrown [t:/workspace/open/src/hotspot/share/interpreter/linkResolver.cpp, line 767]
Event: 109.271 Thread 0x0000022a22966800 Exception <a 'java/lang/NoSuchMethodError'{0x00000000c542edf0}: 'java.lang.Object java.lang.invoke.DirectMethodHandle$Holder.invokeStatic(java.lang.Object, int, java.lang.Object)'> (0x00000000c542edf0) 
thrown [t:/workspace/open/src/hotspot/share/interpreter/linkResolver.cpp, line 767]
Event: 109.589 Thread 0x0000022a22966800 Exception <a 'java/lang/ClassNotFoundException'{0x00000000c54d4f90}: com/sun/swing/internal/plaf/metal/resources/spi/metalProvider> (0x00000000c54d4f90) 
thrown [t:/workspace/open/src/hotspot/share/classfile/systemDictionary.cpp, line 232]
Event: 109.678 Thread 0x0000022a22966800 Exception <a 'java/lang/ClassNotFoundException'{0x00000000c54d9038}: com/sun/swing/internal/plaf/basic/resources/spi/basicProvider> (0x00000000c54d9038) 
thrown [t:/workspace/open/src/hotspot/share/classfile/systemDictionary.cpp, line 232]
Event: 111.297 Thread 0x0000022a22966800 Implicit null exception at 0x0000022a15523085 to 0x0000022a1552326e
Event: 111.297 Thread 0x0000022a22966800 Implicit null exception at 0x0000022a1554be0e to 0x0000022a1554ca12
Event: 111.989 Thread 0x0000022a22966800 Implicit null exception at 0x0000022a15546faf to 0x0000022a1554702d
Event: 114.755 Thread 0x0000022a22966800 Exception <a 'java/lang/NoClassDefFoundError'{0x00000000c53d4e38}: org/apache/log4j/Category> (0x00000000c53d4e38) 
thrown [t:/workspace/open/src/hotspot/share/classfile/systemDictionary.cpp, line 221]
Event: 121.570 Thread 0x0000022a22966800 Exception <a 'java/lang/NoSuchMethodError'{0x00000000c351db00}: 'java.lang.Object java.lang.invoke.DirectMethodHandle$Holder.invokeStaticInit(java.lang.Object, java.lang.Object, java.lang.Object)'> (0x00000000c351db00) 
thrown [t:/workspace/open/src/hotspot/share/interpreter/linkResolver.cpp, line 767]
Event: 121.607 Thread 0x0000022a22966800 Exception <a 'java/lang/NoSuchMethodError'{0x00000000c3535fe8}: 'int java.lang.invoke.DirectMethodHandle$Holder.invokeInterface(java.lang.Object, java.lang.Object)'> (0x00000000c3535fe8) 
thrown [t:/workspace/open/src/hotspot/share/interpreter/linkResolver.cpp, line 767]
Event: 121.607 Thread 0x0000022a22966800 Exception <a 'java/lang/IncompatibleClassChangeError'{0x00000000c3538b10}: Found class java.lang.Object, but interface was expected> (0x00000000c3538b10) 
thrown [t:/workspace/open/src/hotspot/share/interpreter/linkResolver.cpp, line 833]
Event: 155.334 Thread 0x0000022a240da800 Exception <a 'java/lang/NullPointerException'{0x00000000c55009a8}> (0x00000000c55009a8) 
thrown [t:/workspace/open/src/hotspot/share/interpreter/linkResolver.cpp, line 1349]
Event: 163.733 Thread 0x0000022a22966800 Exception <a 'java/lang/NoSuchMethodError'{0x00000000c554e1b0}: 'void java.lang.invoke.DirectMethodHandle$Holder.invokeStaticInit(java.lang.Object)'> (0x00000000c554e1b0) 
thrown [t:/workspace/open/src/hotspot/share/interpreter/linkResolver.cpp, line 767]
Event: 166.571 Thread 0x0000022a22966800 Exception <a 'java/lang/NoSuchMethodError'{0x00000000c55aad08}: 'java.lang.Object java.lang.invoke.Invokers$Holder.linkToTargetMethod(java.lang.Object, int, java.lang.Object)'> (0x00000000c55aad08) 
thrown [t:/workspace/open/src/hotspot/share/interpreter/linkResolver.cpp, line 767]

Events (20 events):
Event: 166.588 Executing VM operation: RevokeBias done
Event: 166.745 Executing VM operation: RevokeBias
Event: 166.746 Executing VM operation: RevokeBias done
Event: 166.748 Executing VM operation: RevokeBias
Event: 166.748 Executing VM operation: RevokeBias done
Event: 166.758 Executing VM operation: G1CollectForAllocation
Event: 166.766 Executing VM operation: G1CollectForAllocation done
Event: 166.803 Executing VM operation: G1Concurrent
Event: 166.948 Executing VM operation: G1Concurrent done
Event: 166.965 Executing VM operation: G1Concurrent
Event: 166.965 Executing VM operation: G1Concurrent done
Event: 167.197 Executing VM operation: G1CollectForAllocation
Event: 167.199 Executing VM operation: G1CollectForAllocation done
Event: 167.480 Executing VM operation: G1CollectForAllocation
Event: 171.881 Executing VM operation: G1CollectForAllocation done
Event: 172.485 Executing VM operation: G1CollectForAllocation
Event: 172.562 Executing VM operation: G1CollectForAllocation done
Event: 172.654 Executing VM operation: G1CollectForAllocation
Event: 173.347 Executing VM operation: G1CollectForAllocation done
Event: 173.376 Executing VM operation: G1Concurrent


Dynamic libraries:
0x00007ff660690000 - 0x00007ff66069f000 	C:\Program Files\Java\jdk-13.0.2\bin\javaw.exe
0x00007ffcd8ca0000 - 0x00007ffcd8e90000 	C:\Windows\SYSTEM32\ntdll.dll
0x00007ffcd7d10000 - 0x00007ffcd7dc2000 	C:\Windows\System32\KERNEL32.DLL
0x00007ffcd5c10000 - 0x00007ffcd5eb5000 	C:\Windows\System32\KERNELBASE.dll
0x00007ffcd6040000 - 0x00007ffcd613a000 	C:\Windows\System32\ucrtbase.dll
0x00007ffca8590000 - 0x00007ffca85a5000 	C:\Program Files\Java\jdk-13.0.2\bin\VCRUNTIME140.dll
0x00007ffca8570000 - 0x00007ffca8588000 	C:\Program Files\Java\jdk-13.0.2\bin\jli.dll
0x00007ffcd6f50000 - 0x00007ffcd6ff3000 	C:\Windows\System32\ADVAPI32.dll
0x00007ffcd72e0000 - 0x00007ffcd737e000 	C:\Windows\System32\msvcrt.dll
0x00007ffcd7b50000 - 0x00007ffcd7be7000 	C:\Windows\System32\sechost.dll
0x00007ffcd8a90000 - 0x00007ffcd8baf000 	C:\Windows\System32\RPCRT4.dll
0x00007ffcd6db0000 - 0x00007ffcd6f44000 	C:\Windows\System32\USER32.dll
0x00007ffcc7570000 - 0x00007ffcc77f4000 	C:\Windows\WinSxS\amd64_microsoft.windows.common-controls_6595b64144ccf1df_6.0.18362.1556_none_9e7e372fe45e41d5\COMCTL32.dll
0x00007ffcd5be0000 - 0x00007ffcd5c01000 	C:\Windows\System32\win32u.dll
0x00007ffcd8520000 - 0x00007ffcd8856000 	C:\Windows\System32\combase.dll
0x00007ffcd7c20000 - 0x00007ffcd7c46000 	C:\Windows\System32\GDI32.dll
0x00007ffcd6140000 - 0x00007ffcd61c1000 	C:\Windows\System32\bcryptPrimitives.dll
0x00007ffcd6b80000 - 0x00007ffcd6d18000 	C:\Windows\System32\gdi32full.dll
0x00007ffcd5ef0000 - 0x00007ffcd5f8e000 	C:\Windows\System32\msvcp_win.dll
0x00007ffcc7d20000 - 0x00007ffcc7d2a000 	C:\Windows\SYSTEM32\VERSION.dll
0x00007ffcd7bf0000 - 0x00007ffcd7c1e000 	C:\Windows\System32\IMM32.DLL
0x00007ffca84d0000 - 0x00007ffca856b000 	C:\Program Files\Java\jdk-13.0.2\bin\msvcp140.dll
0x00007ffca76a0000 - 0x00007ffca81fd000 	C:\Program Files\Java\jdk-13.0.2\bin\server\jvm.dll
0x00007ffcd8c20000 - 0x00007ffcd8c28000 	C:\Windows\System32\PSAPI.DLL
0x00007ffcd3610000 - 0x00007ffcd3634000 	C:\Windows\SYSTEM32\WINMM.dll
0x00007ffcb0f60000 - 0x00007ffcb0f69000 	C:\Windows\SYSTEM32\WSOCK32.dll
0x00007ffcd8a20000 - 0x00007ffcd8a8f000 	C:\Windows\System32\WS2_32.dll
0x00007ffcd35e0000 - 0x00007ffcd360d000 	C:\Windows\SYSTEM32\WINMMBASE.dll
0x00007ffcd6b30000 - 0x00007ffcd6b7a000 	C:\Windows\System32\cfgmgr32.dll
0x00007ffcd5b30000 - 0x00007ffcd5b41000 	C:\Windows\System32\kernel.appcore.dll
0x00007ffcb0720000 - 0x00007ffcb0730000 	C:\Program Files\Java\jdk-13.0.2\bin\verify.dll
0x00007ffcc6ee0000 - 0x00007ffcc70d4000 	C:\Windows\SYSTEM32\DBGHELP.DLL
0x00007ffcc6eb0000 - 0x00007ffcc6eda000 	C:\Windows\SYSTEM32\dbgcore.DLL
0x00007ffca84a0000 - 0x00007ffca84c6000 	C:\Program Files\Java\jdk-13.0.2\bin\java.dll
0x00007ffca8480000 - 0x00007ffca8497000 	C:\Program Files\Java\jdk-13.0.2\bin\zip.dll
0x00007ffcb0540000 - 0x00007ffcb054a000 	C:\Program Files\Java\jdk-13.0.2\bin\jimage.dll
0x00007ffcd7e30000 - 0x00007ffcd8517000 	C:\Windows\System32\SHELL32.dll
0x00007ffcd7870000 - 0x00007ffcd7918000 	C:\Windows\System32\shcore.dll
0x00007ffcd6230000 - 0x00007ffcd69ab000 	C:\Windows\System32\windows.storage.dll
0x00007ffcd5b50000 - 0x00007ffcd5b6e000 	C:\Windows\System32\profapi.dll
0x00007ffcd5b90000 - 0x00007ffcd5bda000 	C:\Windows\System32\powrprof.dll
0x00007ffcd5b20000 - 0x00007ffcd5b30000 	C:\Windows\System32\UMPDC.dll
0x00007ffcd7cb0000 - 0x00007ffcd7d02000 	C:\Windows\System32\shlwapi.dll
0x00007ffcd69b0000 - 0x00007ffcd69c7000 	C:\Windows\System32\cryptsp.dll
0x00007ffca8460000 - 0x00007ffca8479000 	C:\Program Files\Java\jdk-13.0.2\bin\net.dll
0x00007ffccb930000 - 0x00007ffccba2a000 	C:\Windows\SYSTEM32\WINHTTP.dll
0x00007ffcd5360000 - 0x00007ffcd53c7000 	C:\Windows\system32\mswsock.dll
0x00007ffca8440000 - 0x00007ffca8453000 	C:\Program Files\Java\jdk-13.0.2\bin\nio.dll
0x00007ffca8aa0000 - 0x00007ffca8c39000 	C:\Program Files\Java\jdk-13.0.2\bin\awt.dll
0x00007ffcd70d0000 - 0x00007ffcd7195000 	C:\Windows\System32\OLEAUT32.dll
0x00007ffcd3c90000 - 0x00007ffcd3d1f000 	C:\Windows\SYSTEM32\apphelp.dll
0x00007ffcd3e40000 - 0x00007ffcd3ed9000 	C:\Windows\system32\uxtheme.dll
0x00007ffcd71a0000 - 0x00007ffcd72d5000 	C:\Windows\System32\MSCTF.dll
0x00007ffcd7940000 - 0x00007ffcd7a97000 	C:\Windows\System32\ole32.dll
0x00007ffcd50b0000 - 0x00007ffcd517b000 	C:\Windows\SYSTEM32\DNSAPI.dll
0x00007ffcd8860000 - 0x00007ffcd8868000 	C:\Windows\System32\NSI.dll
0x00007ffcd5070000 - 0x00007ffcd50aa000 	C:\Windows\SYSTEM32\IPHLPAPI.DLL
0x00007ffccc790000 - 0x00007ffccc79a000 	C:\Windows\System32\rasadhlp.dll
0x00007ffcccb00000 - 0x00007ffcccb77000 	C:\Windows\System32\fwpuclnt.dll
0x00007ffcd5ec0000 - 0x00007ffcd5ee6000 	C:\Windows\System32\bcrypt.dll
0x00007ffcd1ac0000 - 0x00007ffcd1ace000 	C:\Program Files\Java\jdk-13.0.2\bin\sunmscapi.dll
0x00007ffcd69d0000 - 0x00007ffcd6b21000 	C:\Windows\System32\CRYPT32.dll
0x00007ffcd5b70000 - 0x00007ffcd5b82000 	C:\Windows\System32\MSASN1.dll
0x00007ffcd5640000 - 0x00007ffcd5666000 	C:\Windows\SYSTEM32\ncrypt.dll
0x00007ffcd5600000 - 0x00007ffcd563b000 	C:\Windows\SYSTEM32\NTASN1.dll
0x00007ffccbd40000 - 0x00007ffccbd65000 	C:\Program Files\Java\jdk-13.0.2\bin\sunec.dll
0x00007ffcd4ee0000 - 0x00007ffcd4f13000 	C:\Windows\system32\rsaenh.dll
0x00007ffcd5a10000 - 0x00007ffcd5a35000 	C:\Windows\SYSTEM32\USERENV.dll
0x00007ffcd5530000 - 0x00007ffcd553c000 	C:\Windows\SYSTEM32\CRYPTBASE.dll
0x00007ffcccbe0000 - 0x00007ffcccbf6000 	C:\Windows\SYSTEM32\dhcpcsvc6.DLL
0x00007ffccccb0000 - 0x00007ffcccccc000 	C:\Windows\SYSTEM32\dhcpcsvc.DLL
0x00007ffcd41b0000 - 0x00007ffcd41dd000 	C:\Windows\system32\DWMAPI.DLL
0x00007ffc97340000 - 0x00007ffc97496000 	C:\Windows\system32\opengl32.dll
0x00007ffcbf7c0000 - 0x00007ffcbf7ec000 	C:\Windows\SYSTEM32\GLU32.dll
0x00007ffcd4760000 - 0x00007ffcd4780000 	C:\Windows\SYSTEM32\dxcore.dll
0x00007ffcc8c00000 - 0x00007ffcc8c09000 	C:\Program Files\Java\jdk-13.0.2\bin\management.dll
0x00007ffcc31c0000 - 0x00007ffcc31cb000 	C:\Program Files\Java\jdk-13.0.2\bin\management_ext.dll
0x00007ffca83b0000 - 0x00007ffca8432000 	C:\Program Files\Java\jdk-13.0.2\bin\freetype.dll
0x00007ffca5690000 - 0x00007ffca5736000 	C:\Program Files\Java\jdk-13.0.2\bin\fontmanager.dll

dbghelp: loaded successfully - version: 4.0.5 - missing functions: none
symbol engine: initialized successfully - sym options: 0x614 - pdb path: .;C:\Program Files\Java\jdk-13.0.2\bin;C:\Windows\SYSTEM32;C:\Windows\WinSxS\amd64_microsoft.windows.common-controls_6595b64144ccf1df_6.0.18362.1556_none_9e7e372fe45e41d5;C:\Program Files\Java\jdk-13.0.2\bin\server

VM Arguments:
jvm_args: -Dfile.encoding=Cp1252 
java_command: Application.Home
java_class_path (initial): C:\Users\User\git\bakame\DriveOperations\target\classes;C:\Users\User\Desktop\Libraries\jgoodies-common-1.8.0.jar;C:\Users\User\Desktop\Libraries\jgoodies-forms-1.8.0.jar;C:\Users\User\Desktop\Libraries\miglayout15-swing.jar;C:\Users\User\Downloads\javax.mail.jar;C:\Users\User\Downloads\activation-1.1.1.jar;C:\Users\User\Downloads\jcalendar-1.4.jar;C:\Users\User\Downloads\jfreechart-1.0.19\lib\jcommon-1.0.23.jar;C:\Users\User\Downloads\jfreechart-1.0.19\lib\jfreechart-1.0.19.jar;C:\Users\User\Downloads\commons-net-3.8.0\commons-net-3.8.0.jar;C:\Users\User\Documents\Libs\comm-2.0.jar;C:\Users\User\Documents\Libs\http-2.2.1.jar;C:\Users\User\Downloads\JTattoo-1.6.13.jar;C:\Users\User\Desktop\Libs\jmespath-java-1.11.470.jar;C:\Users\User\Desktop\Libs\aws-java-sdk-core-1.12.65.jar;C:\Users\User\Desktop\Libs\aws-java-sdk-kms-1.12.65.jar;C:\Users\User\Desktop\Libs\aws-java-sdk-s3-1.12.65.jar;C:\Users\User\Desktop\Libs\commons-codec-1.15.jar;C:\Users\User\Desktop\Libs\commons-logging-1.1.3.jar;C:\Users\User\Desktop\Libs\httpclient-4.5.13.jar;C:\Users\User\Desktop\Libs\ion-java-1.0.2.jar;C:\Users\User\Desktop\Libs\jackson-annotations-2.12.3.jar;C:\Users\User\Desktop\Libs\jackson-core-2.12.3.jar;C:\Users\User\Desktop\Libs\jackson-databind-2.12.3.jar;C:\Users\User\Desktop\Libs\jackson-dataformat-cbor-2.12.3.jar;C:\Users\User\Desktop\Libs\jmespath-java-1.12.65.jar;C:\Users\User\Desktop\Libs\joda-time-2.8.1.jar;C:\Users\User\Desktop\Libs\mysql-connector-java-5.1.45.jar;C:\Users\User\.m2\repository\com\amazonaws\aws-java-sdk-s3\1.12.65\aws-java-sdk-s3-1.12.65.jar;C:\Users\User\.m2\repository\com\amazonaws\aws-java-sdk-kms\1.12.65\aws-java-sdk-kms-1.12.65.jar;C:\Users\User\.m2\repository\com\amazonaws\aws-java-sdk-core\1.12.65\aws-java-sdk-core-1.12.65.jar;C:\Users\User\.m2\repository\commons-logging\commons-logging\1.1.3\commons-logging-1.1.3.jar;C:\Users\User\.m2\repository\commons-codec\commons-codec\1.15\commons-codec-1.15.jar;C:\Users\User\.m2\re
Launcher Type: SUN_STANDARD

[Global flags]
     intx CICompilerCount                          = 3                                         {product} {ergonomic}
     uint ConcGCThreads                            = 1                                         {product} {ergonomic}
     uint G1ConcRefinementThreads                  = 4                                         {product} {ergonomic}
   size_t G1HeapRegionSize                         = 1048576                                   {product} {ergonomic}
    uintx GCDrainStackTargetSize                   = 64                                        {product} {ergonomic}
   size_t InitialHeapSize                          = 67108864                                  {product} {ergonomic}
   size_t MarkStackSize                            = 4194304                                   {product} {ergonomic}
   size_t MaxHeapSize                              = 1050673152                                {product} {ergonomic}
   size_t MaxNewSize                               = 630194176                                 {product} {ergonomic}
   size_t MinHeapDeltaBytes                        = 1048576                                   {product} {ergonomic}
   size_t MinHeapSize                              = 8388608                                   {product} {ergonomic}
    uintx NonNMethodCodeHeapSize                   = 5832780                                {pd product} {ergonomic}
    uintx NonProfiledCodeHeapSize                  = 122912730                              {pd product} {ergonomic}
    uintx ProfiledCodeHeapSize                     = 122912730                              {pd product} {ergonomic}
    uintx ReservedCodeCacheSize                    = 251658240                              {pd product} {ergonomic}
     bool SegmentedCodeCache                       = true                                      {product} {ergonomic}
   size_t SoftMaxHeapSize                          = 1050673152                             {manageable} {ergonomic}
     bool UseCompressedClassPointers               = true                                 {lp64_product} {ergonomic}
     bool UseCompressedOops                        = true                                 {lp64_product} {ergonomic}
     bool UseG1GC                                  = true                                      {product} {ergonomic}
     bool UseLargePagesIndividualAllocation        = false                                  {pd product} {ergonomic}

Logging:
Log output configuration:
 #0: stdout all=warning uptime,level,tags
 #1: stderr all=off uptime,level,tags

Environment Variables:
JAVA_HOME=C:\Program Files (x86)\Java\jre1.8.0_241
PATH=C:\Program Files\Java\jdk-13.0.2\bin;C:\Program Files (x86)\Common Files\Oracle\Java\javapath;C:\Windows\system32;C:\Windows;C:\Windows\System32\Wbem;C:\Windows\System32\WindowsPowerShell\v1.0\;C:\Windows\System32\OpenSSH\;C:\Program Files (x86)\apache-maven-3.8.1\bin;C:\Program Files (x86)\gradle-7.1.1\bin;C:\Users\User\Documents\Setup logiciels\mongosh-1.1.2-win32-x64\bin;C:\Program Files\MySQL\MySQL Shell 8.0\bin\;C:\Users\User\AppData\Local\Microsoft\WindowsApps;C:\Users\User\AppData\Local\Programs\Microsoft VS Code\bin;C:\Program Files (x86)\gradle-7.1.1\bin;C:\Users\User\Downloads\platform-tools;C:\Users\User\Documents\Setup logiciels\mongosh-1.1.2-win32-x64\bin;C:\Users\User\AppData\Local\GitHubDesktop\bin
USERNAME=User
OS=Windows_NT
PROCESSOR_IDENTIFIER=Intel64 Family 6 Model 42 Stepping 7, GenuineIntel



---------------  S Y S T E M  ---------------

OS: Windows 10 , 64 bit Build 18362 (10.0.18362.1500)

CPU:total 4 (initial active 4) (2 cores per cpu, 2 threads per core) family 6 model 42 stepping 7, cmov, cx8, fxsr, mmx, sse, sse2, sse3, ssse3, sse4.1, sse4.2, popcnt, avx, aes, clmul, ht, tsc, tscinvbit

Memory: 4k page, system-wide physical 4006M (368M free)
TotalPageFile size 16294M (AvailPageFile size 27M)
current process WorkingSet (physical memory assigned to process): 217M, peak: 261M
current process commit charge ("private bytes"): 344M, peak: 352M

vm_info: Java HotSpot(TM) 64-Bit Server VM (13.0.2+8) for windows-amd64 JRE (13.0.2+8), built on Dec 11 2019 09:20:33 by "mach5one" with unknown MS VC++:1916

END.
