#
# There is insufficient memory for the Java Runtime Environment to continue.
# Native memory allocation (mmap) failed to map 76546048 bytes for Failed to commit area from 0x00000000d6400000 to 0x00000000dad00000 of length 76546048.
# Possible reasons:
#   The system is out of physical RAM or swap space
#   The process is running with CompressedOops enabled, and the Java Heap may be blocking the growth of the native heap
# Possible solutions:
#   Reduce memory load on the system
#   Increase physical memory or swap space
#   Check if swap backing store is full
#   Decrease Java heap size (-Xmx/-Xms)
#   Decrease number of Java threads
#   Decrease Java thread stack sizes (-Xss)
#   Set larger code cache with -XX:ReservedCodeCacheSize=
#   JVM is running with Unscaled Compressed Oops mode in which the Java heap is
#     placed in the first 4GB address space. The Java Heap base address is the
#     maximum limit for the native heap growth. Please use -XX:HeapBaseMinAddress
#     to set the Java Heap base and to place the Java Heap above 4GB virtual address.
# This output file may be truncated or incomplete.
#
#  Out of Memory Error (t:/workspace/open/src/hotspot/os/windows/os_windows.cpp:3301), pid=1028, tid=7608
#
# JRE version: Java(TM) SE Runtime Environment (13.0.2+8) (build 13.0.2+8)
# Java VM: Java HotSpot(TM) 64-Bit Server VM (13.0.2+8, mixed mode, sharing, tiered, compressed oops, g1 gc, windows-amd64)
# No core dump will be written. Minidumps are not enabled by default on client versions of Windows
#

---------------  S U M M A R Y ------------

Command Line: -Dfile.encoding=Cp1252 accounts.Login

Host: Intel(R) Core(TM) i5-2520M CPU @ 2.50GHz, 4 cores, 3G,  Windows 10 , 64 bit Build 18362 (10.0.18362.1500)
Time: Wed Jun  8 17:16:58 2022 Afrique de l?Est elapsed time: 61 seconds (0d 0h 1m 1s)

---------------  T H R E A D  ---------------

Current thread (0x000001e0fe76a000):  VMThread "VM Thread" [stack: 0x0000006bc9100000,0x0000006bc9200000] [id=7608]

Stack: [0x0000006bc9100000,0x0000006bc9200000]
[error occurred during error reporting (printing stack bounds), id 0xc0000005, EXCEPTION_ACCESS_VIOLATION (0xc0000005) at pc=0x000001e0800010ad]

Native frames: (J=compiled Java code, j=interpreted, Vv=VM code, C=native code)
V  [jvm.dll+0x624f9a]
V  [jvm.dll+0x770cfa]
V  [jvm.dll+0x7724af]
V  [jvm.dll+0x772a15]
V  [jvm.dll+0x7729cb]
V  [jvm.dll+0x6244df]
C  [ntdll.dll+0x790b6]
C  [ntdll.dll+0x6a926]
C  [ntdll.dll+0xa0c6e]
C  0x000001e0800010ad

VM_Operation (0x0000006bc8dff5d0): G1Concurrent, mode: safepoint, requested by thread 0x000001e0f37bf800


---------------  P R O C E S S  ---------------

Threads class SMR info:
_java_thread_list=0x000001e0ffbe6dd0, length=18, elements={
0x000001e0fe76c000, 0x000001e0fe76f800, 0x000001e0fe78a000, 0x000001e0fe78c000,
0x000001e0fe78e800, 0x000001e0fe794800, 0x000001e0fe7a0800, 0x000001e0ff1c4000,
0x000001e0ff1cb000, 0x000001e0ff61c800, 0x000001e0ff621000, 0x000001e0ff622800,
0x000001e0ff63f800, 0x000001e0f3785800, 0x000001e0ffb37800, 0x000001e0ff753800,
0x000001e09155d800, 0x000001e0ff251000
}

Java Threads: ( => current thread )
  0x000001e0fe76c000 JavaThread "Reference Handler" daemon [_thread_blocked, id=10008, stack(0x0000006bc9200000,0x0000006bc9300000)]
  0x000001e0fe76f800 JavaThread "Finalizer" daemon [_thread_blocked, id=15104, stack(0x0000006bc9300000,0x0000006bc9400000)]
  0x000001e0fe78a000 JavaThread "Signal Dispatcher" daemon [_thread_blocked, id=6052, stack(0x0000006bc9400000,0x0000006bc9500000)]
  0x000001e0fe78c000 JavaThread "Attach Listener" daemon [_thread_blocked, id=9952, stack(0x0000006bc9500000,0x0000006bc9600000)]
  0x000001e0fe78e800 JavaThread "C2 CompilerThread0" daemon [_thread_blocked, id=11364, stack(0x0000006bc9600000,0x0000006bc9700000)]
  0x000001e0fe794800 JavaThread "C1 CompilerThread0" daemon [_thread_blocked, id=15048, stack(0x0000006bc9700000,0x0000006bc9800000)]
  0x000001e0fe7a0800 JavaThread "Sweeper thread" daemon [_thread_blocked, id=14700, stack(0x0000006bc9800000,0x0000006bc9900000)]
  0x000001e0ff1c4000 JavaThread "Service Thread" daemon [_thread_blocked, id=12548, stack(0x0000006bc9900000,0x0000006bc9a00000)]
  0x000001e0ff1cb000 JavaThread "Common-Cleaner" daemon [_thread_blocked, id=14440, stack(0x0000006bc9b00000,0x0000006bc9c00000)]
  0x000001e0ff61c800 JavaThread "Java2D Disposer" daemon [_thread_blocked, id=15124, stack(0x0000006bc9c00000,0x0000006bc9d00000)]
  0x000001e0ff621000 JavaThread "AWT-Shutdown" [_thread_blocked, id=14220, stack(0x0000006bc9d00000,0x0000006bc9e00000)]
  0x000001e0ff622800 JavaThread "AWT-Windows" daemon [_thread_blocked, id=13240, stack(0x0000006bc9e00000,0x0000006bc9f00000)]
  0x000001e0ff63f800 JavaThread "AWT-EventQueue-0" [_thread_blocked, id=11700, stack(0x0000006bc9f00000,0x0000006bca000000)]
  0x000001e0f3785800 JavaThread "DestroyJavaVM" [_thread_blocked, id=7032, stack(0x0000006bc8b00000,0x0000006bc8c00000)]
  0x000001e0ffb37800 JavaThread "Abandoned connection cleanup thread" daemon [_thread_blocked, id=2764, stack(0x0000006bca000000,0x0000006bca100000)]
  0x000001e0ff753800 JavaThread "mysql-cj-abandoned-connection-cleanup" daemon [_thread_blocked, id=11240, stack(0x0000006bca100000,0x0000006bca200000)]
  0x000001e09155d800 JavaThread "TimerQueue" daemon [_thread_blocked, id=9528, stack(0x0000006bcaa00000,0x0000006bcab00000)]
  0x000001e0ff251000 JavaThread "Image Animator 3" daemon [_thread_blocked, id=6940, stack(0x0000006bca600000,0x0000006bca700000)]

Other Threads:
=>0x000001e0fe76a000 VMThread "VM Thread" [stack: 0x0000006bc9100000,0x0000006bc9200000] [id=7608]
  0x000001e0ff1c9800 WatcherThread [stack: 0x0000006bc9a00000,0x0000006bc9b00000] [id=10928]
  0x000001e0f37b5800 GCTaskThread "GC Thread#0" [stack: 0x0000006bc8c00000,0x0000006bc8d00000] [id=1040]
  0x000001e0ffcd5000 GCTaskThread "GC Thread#1" [stack: 0x0000006bca200000,0x0000006bca300000] [id=5124]
  0x000001e0ffcd9800 GCTaskThread "GC Thread#2" [stack: 0x0000006bca300000,0x0000006bca400000] [id=14612]
  0x000001e0ffcdd000 GCTaskThread "GC Thread#3" [stack: 0x0000006bca400000,0x0000006bca500000] [id=14424]
  0x000001e0f37bf800 ConcurrentGCThread "G1 Main Marker" [stack: 0x0000006bc8d00000,0x0000006bc8e00000] [id=14864]
  0x000001e0f37c2000 ConcurrentGCThread "G1 Conc#0" [stack: 0x0000006bc8e00000,0x0000006bc8f00000] [id=7824]
  0x000001e0f3817000 ConcurrentGCThread "G1 Refine#0" [stack: 0x0000006bc8f00000,0x0000006bc9000000] [id=11492]
  0x000001e0ff3fe000 ConcurrentGCThread "G1 Refine#1" [stack: 0x0000006bca500000,0x0000006bca600000] [id=10328]
  0x000001e0f3819000 ConcurrentGCThread "G1 Young RemSet Sampling" [stack: 0x0000006bc9000000,0x0000006bc9100000] [id=7324]

Threads with active compile tasks:

VM state:at safepoint (normal execution)

VM Mutex/Monitor currently owned by a thread:  ([mutex/lock_event])
[0x000001e0f37816e0] Threads_lock - owner thread: 0x000001e0fe76a000
[0x000001e0f3781e30] Heap_lock - owner thread: 0x000001e0f37bf800

Heap address: 0x00000000c1600000, size: 1002 MB, Compressed Oops mode: 32-bit
Narrow klass base: 0x0000000800000000, Narrow klass shift: 3
Compressed class space size: 1073741824 Address: 0x0000000800b40000

Heap:
 garbage-first heap   total 416768K, used 247123K [0x00000000c1600000, 0x0000000100000000)
  region size 1024K, 2 young (2048K), 1 survivors (1024K)
 Metaspace       used 24339K, capacity 24883K, committed 25216K, reserved 1071104K
  class space    used 2647K, capacity 2844K, committed 2944K, reserved 1048576K
Heap Regions: E=young(eden), S=young(survivor), O=old, HS=humongous(starts), HC=humongous(continues), CS=collection set, F=free, A=archive, TAMS=top-at-mark-start (previous, next)
|   0|0x00000000c1600000, 0x00000000c1700000, 0x00000000c1700000|100%| O|  |TAMS 0x00000000c1700000, 0x00000000c1600000| Updating 
|   1|0x00000000c1700000, 0x00000000c1800000, 0x00000000c1800000|100%| O|  |TAMS 0x00000000c1800000, 0x00000000c1700000| Updating 
|   2|0x00000000c1800000, 0x00000000c1900000, 0x00000000c1900000|100%| O|  |TAMS 0x00000000c1900000, 0x00000000c1800000| Updating 
|   3|0x00000000c1900000, 0x00000000c1a00000, 0x00000000c1a00000|100%| O|  |TAMS 0x00000000c1a00000, 0x00000000c1900000| Updating 
|   4|0x00000000c1a00000, 0x00000000c1b00000, 0x00000000c1b00000|100%| O|  |TAMS 0x00000000c1b00000, 0x00000000c1a00000| Updating 
|   5|0x00000000c1b00000, 0x00000000c1c00000, 0x00000000c1c00000|100%| O|  |TAMS 0x00000000c1c00000, 0x00000000c1b00000| Updating 
|   6|0x00000000c1c00000, 0x00000000c1d00000, 0x00000000c1d00000|100%| O|  |TAMS 0x00000000c1d00000, 0x00000000c1c00000| Updating 
|   7|0x00000000c1d00000, 0x00000000c1d00000, 0x00000000c1e00000|  0%| F|  |TAMS 0x00000000c1d00000, 0x00000000c1d00000| Untracked 
|   8|0x00000000c1e00000, 0x00000000c1f00000, 0x00000000c1f00000|100%| O|  |TAMS 0x00000000c1f00000, 0x00000000c1e00000| Updating 
|   9|0x00000000c1f00000, 0x00000000c2000000, 0x00000000c2000000|100%| O|  |TAMS 0x00000000c2000000, 0x00000000c1f00000| Updating 
|  10|0x00000000c2000000, 0x00000000c2031a00, 0x00000000c2100000| 19%| O|  |TAMS 0x00000000c2031a00, 0x00000000c2000000| Updating 
|  11|0x00000000c2100000, 0x00000000c2100000, 0x00000000c2200000|  0%| F|  |TAMS 0x00000000c2100000, 0x00000000c2100000| Untracked 
|  12|0x00000000c2200000, 0x00000000c2300000, 0x00000000c2300000|100%| O|  |TAMS 0x00000000c2300000, 0x00000000c2200000| Updating 
|  13|0x00000000c2300000, 0x00000000c2400000, 0x00000000c2400000|100%| O|  |TAMS 0x00000000c2400000, 0x00000000c2300000| Updating 
|  14|0x00000000c2400000, 0x00000000c2500000, 0x00000000c2500000|100%| O|  |TAMS 0x00000000c2500000, 0x00000000c2400000| Updating 
|  15|0x00000000c2500000, 0x00000000c25e4400, 0x00000000c2600000| 89%| O|  |TAMS 0x00000000c25e4400, 0x00000000c2500000| Updating 
|  16|0x00000000c2600000, 0x00000000c2700000, 0x00000000c2700000|100%|HS|  |TAMS 0x00000000c2700000, 0x00000000c2600000| Complete 
|  17|0x00000000c2700000, 0x00000000c2800000, 0x00000000c2800000|100%|HC|  |TAMS 0x00000000c2800000, 0x00000000c2700000| Complete 
|  18|0x00000000c2800000, 0x00000000c2900000, 0x00000000c2900000|100%|HC|  |TAMS 0x00000000c2900000, 0x00000000c2800000| Complete 
|  19|0x00000000c2900000, 0x00000000c2a00000, 0x00000000c2a00000|100%|HC|  |TAMS 0x00000000c2a00000, 0x00000000c2900000| Complete 
|  20|0x00000000c2a00000, 0x00000000c2a00000, 0x00000000c2b00000|  0%| F|  |TAMS 0x00000000c2a00000, 0x00000000c2a00000| Untracked 
|  21|0x00000000c2b00000, 0x00000000c2b00000, 0x00000000c2c00000|  0%| F|  |TAMS 0x00000000c2b00000, 0x00000000c2b00000| Untracked 
|  22|0x00000000c2c00000, 0x00000000c2c00000, 0x00000000c2d00000|  0%| F|  |TAMS 0x00000000c2c00000, 0x00000000c2c00000| Untracked 
|  23|0x00000000c2d00000, 0x00000000c2d00000, 0x00000000c2e00000|  0%| F|  |TAMS 0x00000000c2d00000, 0x00000000c2d00000| Untracked 
|  24|0x00000000c2e00000, 0x00000000c2e00000, 0x00000000c2f00000|  0%| F|  |TAMS 0x00000000c2e00000, 0x00000000c2e00000| Untracked 
|  25|0x00000000c2f00000, 0x00000000c2f00000, 0x00000000c3000000|  0%| F|  |TAMS 0x00000000c2f00000, 0x00000000c2f00000| Untracked 
|  26|0x00000000c3000000, 0x00000000c3000000, 0x00000000c3100000|  0%| F|  |TAMS 0x00000000c3000000, 0x00000000c3000000| Untracked 
|  27|0x00000000c3100000, 0x00000000c3100000, 0x00000000c3200000|  0%| F|  |TAMS 0x00000000c3100000, 0x00000000c3100000| Untracked 
|  28|0x00000000c3200000, 0x00000000c3200000, 0x00000000c3300000|  0%| F|  |TAMS 0x00000000c3200000, 0x00000000c3200000| Untracked 
|  29|0x00000000c3300000, 0x00000000c3300000, 0x00000000c3400000|  0%| F|  |TAMS 0x00000000c3300000, 0x00000000c3300000| Untracked 
|  30|0x00000000c3400000, 0x00000000c3400000, 0x00000000c3500000|  0%| F|  |TAMS 0x00000000c3400000, 0x00000000c3400000| Untracked 
|  31|0x00000000c3500000, 0x00000000c3500000, 0x00000000c3600000|  0%| F|  |TAMS 0x00000000c3500000, 0x00000000c3500000| Untracked 
|  32|0x00000000c3600000, 0x00000000c3600000, 0x00000000c3700000|  0%| F|  |TAMS 0x00000000c3600000, 0x00000000c3600000| Untracked 
|  33|0x00000000c3700000, 0x00000000c3700000, 0x00000000c3800000|  0%| F|  |TAMS 0x00000000c3700000, 0x00000000c3700000| Untracked 
|  34|0x00000000c3800000, 0x00000000c3800000, 0x00000000c3900000|  0%| F|  |TAMS 0x00000000c3800000, 0x00000000c3800000| Untracked 
|  35|0x00000000c3900000, 0x00000000c3900000, 0x00000000c3a00000|  0%| F|  |TAMS 0x00000000c3900000, 0x00000000c3900000| Untracked 
|  36|0x00000000c3a00000, 0x00000000c3a00000, 0x00000000c3b00000|  0%| F|  |TAMS 0x00000000c3a00000, 0x00000000c3a00000| Untracked 
|  37|0x00000000c3b00000, 0x00000000c3b00000, 0x00000000c3c00000|  0%| F|  |TAMS 0x00000000c3b00000, 0x00000000c3b00000| Untracked 
|  38|0x00000000c3c00000, 0x00000000c3c00000, 0x00000000c3d00000|  0%| F|  |TAMS 0x00000000c3c00000, 0x00000000c3c00000| Untracked 
|  39|0x00000000c3d00000, 0x00000000c3d00000, 0x00000000c3e00000|  0%| F|  |TAMS 0x00000000c3d00000, 0x00000000c3d00000| Untracked 
|  40|0x00000000c3e00000, 0x00000000c3e00000, 0x00000000c3f00000|  0%| F|  |TAMS 0x00000000c3e00000, 0x00000000c3e00000| Untracked 
|  41|0x00000000c3f00000, 0x00000000c3f00000, 0x00000000c4000000|  0%| F|  |TAMS 0x00000000c3f00000, 0x00000000c3f00000| Untracked 
|  42|0x00000000c4000000, 0x00000000c4000000, 0x00000000c4100000|  0%| F|  |TAMS 0x00000000c4000000, 0x00000000c4000000| Untracked 
|  43|0x00000000c4100000, 0x00000000c4100000, 0x00000000c4200000|  0%| F|  |TAMS 0x00000000c4100000, 0x00000000c4100000| Untracked 
|  44|0x00000000c4200000, 0x00000000c4300000, 0x00000000c4300000|100%|HS|  |TAMS 0x00000000c4300000, 0x00000000c4200000| Complete 
|  45|0x00000000c4300000, 0x00000000c4400000, 0x00000000c4400000|100%|HC|  |TAMS 0x00000000c4400000, 0x00000000c4300000| Complete 
|  46|0x00000000c4400000, 0x00000000c4500000, 0x00000000c4500000|100%|HC|  |TAMS 0x00000000c4500000, 0x00000000c4400000| Complete 
|  47|0x00000000c4500000, 0x00000000c4600000, 0x00000000c4600000|100%|HC|  |TAMS 0x00000000c4600000, 0x00000000c4500000| Complete 
|  48|0x00000000c4600000, 0x00000000c4700000, 0x00000000c4700000|100%|HC|  |TAMS 0x00000000c4700000, 0x00000000c4600000| Complete 
|  49|0x00000000c4700000, 0x00000000c4800000, 0x00000000c4800000|100%|HC|  |TAMS 0x00000000c4800000, 0x00000000c4700000| Complete 
|  50|0x00000000c4800000, 0x00000000c4900000, 0x00000000c4900000|100%|HC|  |TAMS 0x00000000c4900000, 0x00000000c4800000| Complete 
|  51|0x00000000c4900000, 0x00000000c4a00000, 0x00000000c4a00000|100%|HC|  |TAMS 0x00000000c4a00000, 0x00000000c4900000| Complete 
|  52|0x00000000c4a00000, 0x00000000c4b00000, 0x00000000c4b00000|100%|HC|  |TAMS 0x00000000c4b00000, 0x00000000c4a00000| Complete 
|  53|0x00000000c4b00000, 0x00000000c4c00000, 0x00000000c4c00000|100%|HC|  |TAMS 0x00000000c4c00000, 0x00000000c4b00000| Complete 
|  54|0x00000000c4c00000, 0x00000000c4d00000, 0x00000000c4d00000|100%|HC|  |TAMS 0x00000000c4d00000, 0x00000000c4c00000| Complete 
|  55|0x00000000c4d00000, 0x00000000c4e00000, 0x00000000c4e00000|100%|HC|  |TAMS 0x00000000c4e00000, 0x00000000c4d00000| Complete 
|  56|0x00000000c4e00000, 0x00000000c4f00000, 0x00000000c4f00000|100%|HC|  |TAMS 0x00000000c4f00000, 0x00000000c4e00000| Complete 
|  57|0x00000000c4f00000, 0x00000000c5000000, 0x00000000c5000000|100%|HC|  |TAMS 0x00000000c5000000, 0x00000000c4f00000| Complete 
|  58|0x00000000c5000000, 0x00000000c5100000, 0x00000000c5100000|100%|HC|  |TAMS 0x00000000c5100000, 0x00000000c5000000| Complete 
|  59|0x00000000c5100000, 0x00000000c5200000, 0x00000000c5200000|100%|HC|  |TAMS 0x00000000c5200000, 0x00000000c5100000| Complete 
|  60|0x00000000c5200000, 0x00000000c5300000, 0x00000000c5300000|100%|HC|  |TAMS 0x00000000c5300000, 0x00000000c5200000| Complete 
|  61|0x00000000c5300000, 0x00000000c5400000, 0x00000000c5400000|100%|HC|  |TAMS 0x00000000c5400000, 0x00000000c5300000| Complete 
|  62|0x00000000c5400000, 0x00000000c5500000, 0x00000000c5500000|100%|HC|  |TAMS 0x00000000c5500000, 0x00000000c5400000| Complete 
|  63|0x00000000c5500000, 0x00000000c5600000, 0x00000000c5600000|100%|HC|  |TAMS 0x00000000c5600000, 0x00000000c5500000| Complete 
|  64|0x00000000c5600000, 0x00000000c5700000, 0x00000000c5700000|100%|HC|  |TAMS 0x00000000c5700000, 0x00000000c5600000| Complete 
|  65|0x00000000c5700000, 0x00000000c5800000, 0x00000000c5800000|100%|HC|  |TAMS 0x00000000c5800000, 0x00000000c5700000| Complete 
|  66|0x00000000c5800000, 0x00000000c5900000, 0x00000000c5900000|100%|HC|  |TAMS 0x00000000c5900000, 0x00000000c5800000| Complete 
|  67|0x00000000c5900000, 0x00000000c5a00000, 0x00000000c5a00000|100%|HC|  |TAMS 0x00000000c5a00000, 0x00000000c5900000| Complete 
|  68|0x00000000c5a00000, 0x00000000c5b00000, 0x00000000c5b00000|100%|HC|  |TAMS 0x00000000c5b00000, 0x00000000c5a00000| Complete 
|  69|0x00000000c5b00000, 0x00000000c5c00000, 0x00000000c5c00000|100%|HC|  |TAMS 0x00000000c5c00000, 0x00000000c5b00000| Complete 
|  70|0x00000000c5c00000, 0x00000000c5d00000, 0x00000000c5d00000|100%|HC|  |TAMS 0x00000000c5d00000, 0x00000000c5c00000| Complete 
|  71|0x00000000c5d00000, 0x00000000c5e00000, 0x00000000c5e00000|100%|HC|  |TAMS 0x00000000c5e00000, 0x00000000c5d00000| Complete 
|  72|0x00000000c5e00000, 0x00000000c5f00000, 0x00000000c5f00000|100%|HC|  |TAMS 0x00000000c5f00000, 0x00000000c5e00000| Complete 
|  73|0x00000000c5f00000, 0x00000000c6000000, 0x00000000c6000000|100%|HC|  |TAMS 0x00000000c6000000, 0x00000000c5f00000| Complete 
|  74|0x00000000c6000000, 0x00000000c6100000, 0x00000000c6100000|100%|HC|  |TAMS 0x00000000c6100000, 0x00000000c6000000| Complete 
|  75|0x00000000c6100000, 0x00000000c6200000, 0x00000000c6200000|100%|HC|  |TAMS 0x00000000c6200000, 0x00000000c6100000| Complete 
|  76|0x00000000c6200000, 0x00000000c6300000, 0x00000000c6300000|100%|HC|  |TAMS 0x00000000c6300000, 0x00000000c6200000| Complete 
|  77|0x00000000c6300000, 0x00000000c6400000, 0x00000000c6400000|100%|HC|  |TAMS 0x00000000c6400000, 0x00000000c6300000| Complete 
|  78|0x00000000c6400000, 0x00000000c6500000, 0x00000000c6500000|100%|HC|  |TAMS 0x00000000c6500000, 0x00000000c6400000| Complete 
|  79|0x00000000c6500000, 0x00000000c6600000, 0x00000000c6600000|100%|HC|  |TAMS 0x00000000c6600000, 0x00000000c6500000| Complete 
|  80|0x00000000c6600000, 0x00000000c6700000, 0x00000000c6700000|100%|HC|  |TAMS 0x00000000c6700000, 0x00000000c6600000| Complete 
|  81|0x00000000c6700000, 0x00000000c6800000, 0x00000000c6800000|100%|HC|  |TAMS 0x00000000c6800000, 0x00000000c6700000| Complete 
|  82|0x00000000c6800000, 0x00000000c6900000, 0x00000000c6900000|100%|HC|  |TAMS 0x00000000c6900000, 0x00000000c6800000| Complete 
|  83|0x00000000c6900000, 0x00000000c6a00000, 0x00000000c6a00000|100%|HC|  |TAMS 0x00000000c6a00000, 0x00000000c6900000| Complete 
|  84|0x00000000c6a00000, 0x00000000c6b00000, 0x00000000c6b00000|100%|HC|  |TAMS 0x00000000c6b00000, 0x00000000c6a00000| Complete 
|  85|0x00000000c6b00000, 0x00000000c6c00000, 0x00000000c6c00000|100%|HC|  |TAMS 0x00000000c6c00000, 0x00000000c6b00000| Complete 
|  86|0x00000000c6c00000, 0x00000000c6d00000, 0x00000000c6d00000|100%|HC|  |TAMS 0x00000000c6d00000, 0x00000000c6c00000| Complete 
|  87|0x00000000c6d00000, 0x00000000c6e00000, 0x00000000c6e00000|100%|HC|  |TAMS 0x00000000c6e00000, 0x00000000c6d00000| Complete 
|  88|0x00000000c6e00000, 0x00000000c6f00000, 0x00000000c6f00000|100%|HC|  |TAMS 0x00000000c6f00000, 0x00000000c6e00000| Complete 
|  89|0x00000000c6f00000, 0x00000000c7000000, 0x00000000c7000000|100%|HC|  |TAMS 0x00000000c7000000, 0x00000000c6f00000| Complete 
|  90|0x00000000c7000000, 0x00000000c7100000, 0x00000000c7100000|100%|HC|  |TAMS 0x00000000c7100000, 0x00000000c7000000| Complete 
|  91|0x00000000c7100000, 0x00000000c7200000, 0x00000000c7200000|100%|HC|  |TAMS 0x00000000c7200000, 0x00000000c7100000| Complete 
|  92|0x00000000c7200000, 0x00000000c7300000, 0x00000000c7300000|100%|HC|  |TAMS 0x00000000c7300000, 0x00000000c7200000| Complete 
|  93|0x00000000c7300000, 0x00000000c7400000, 0x00000000c7400000|100%|HC|  |TAMS 0x00000000c7400000, 0x00000000c7300000| Complete 
|  94|0x00000000c7400000, 0x00000000c7500000, 0x00000000c7500000|100%|HC|  |TAMS 0x00000000c7500000, 0x00000000c7400000| Complete 
|  95|0x00000000c7500000, 0x00000000c7600000, 0x00000000c7600000|100%|HC|  |TAMS 0x00000000c7600000, 0x00000000c7500000| Complete 
|  96|0x00000000c7600000, 0x00000000c7700000, 0x00000000c7700000|100%|HC|  |TAMS 0x00000000c7700000, 0x00000000c7600000| Complete 
|  97|0x00000000c7700000, 0x00000000c7800000, 0x00000000c7800000|100%|HC|  |TAMS 0x00000000c7800000, 0x00000000c7700000| Complete 
|  98|0x00000000c7800000, 0x00000000c7900000, 0x00000000c7900000|100%|HC|  |TAMS 0x00000000c7900000, 0x00000000c7800000| Complete 
|  99|0x00000000c7900000, 0x00000000c7a00000, 0x00000000c7a00000|100%|HC|  |TAMS 0x00000000c7a00000, 0x00000000c7900000| Complete 
| 100|0x00000000c7a00000, 0x00000000c7b00000, 0x00000000c7b00000|100%|HC|  |TAMS 0x00000000c7b00000, 0x00000000c7a00000| Complete 
| 101|0x00000000c7b00000, 0x00000000c7c00000, 0x00000000c7c00000|100%|HC|  |TAMS 0x00000000c7c00000, 0x00000000c7b00000| Complete 
| 102|0x00000000c7c00000, 0x00000000c7d00000, 0x00000000c7d00000|100%|HC|  |TAMS 0x00000000c7d00000, 0x00000000c7c00000| Complete 
| 103|0x00000000c7d00000, 0x00000000c7e00000, 0x00000000c7e00000|100%|HC|  |TAMS 0x00000000c7e00000, 0x00000000c7d00000| Complete 
| 104|0x00000000c7e00000, 0x00000000c7f00000, 0x00000000c7f00000|100%|HC|  |TAMS 0x00000000c7f00000, 0x00000000c7e00000| Complete 
| 105|0x00000000c7f00000, 0x00000000c8000000, 0x00000000c8000000|100%|HC|  |TAMS 0x00000000c8000000, 0x00000000c7f00000| Complete 
| 106|0x00000000c8000000, 0x00000000c8100000, 0x00000000c8100000|100%|HC|  |TAMS 0x00000000c8100000, 0x00000000c8000000| Complete 
| 107|0x00000000c8100000, 0x00000000c8200000, 0x00000000c8200000|100%|HC|  |TAMS 0x00000000c8200000, 0x00000000c8100000| Complete 
| 108|0x00000000c8200000, 0x00000000c8300000, 0x00000000c8300000|100%|HC|  |TAMS 0x00000000c8300000, 0x00000000c8200000| Complete 
| 109|0x00000000c8300000, 0x00000000c8400000, 0x00000000c8400000|100%|HC|  |TAMS 0x00000000c8400000, 0x00000000c8300000| Complete 
| 110|0x00000000c8400000, 0x00000000c8500000, 0x00000000c8500000|100%|HC|  |TAMS 0x00000000c8500000, 0x00000000c8400000| Complete 
| 111|0x00000000c8500000, 0x00000000c8600000, 0x00000000c8600000|100%|HC|  |TAMS 0x00000000c8600000, 0x00000000c8500000| Complete 
| 112|0x00000000c8600000, 0x00000000c8700000, 0x00000000c8700000|100%|HC|  |TAMS 0x00000000c8700000, 0x00000000c8600000| Complete 
| 113|0x00000000c8700000, 0x00000000c8800000, 0x00000000c8800000|100%|HC|  |TAMS 0x00000000c8800000, 0x00000000c8700000| Complete 
| 114|0x00000000c8800000, 0x00000000c8900000, 0x00000000c8900000|100%|HC|  |TAMS 0x00000000c8900000, 0x00000000c8800000| Complete 
| 115|0x00000000c8900000, 0x00000000c8a00000, 0x00000000c8a00000|100%|HC|  |TAMS 0x00000000c8a00000, 0x00000000c8900000| Complete 
| 116|0x00000000c8a00000, 0x00000000c8b00000, 0x00000000c8b00000|100%|HC|  |TAMS 0x00000000c8b00000, 0x00000000c8a00000| Complete 
| 117|0x00000000c8b00000, 0x00000000c8c00000, 0x00000000c8c00000|100%|HC|  |TAMS 0x00000000c8c00000, 0x00000000c8b00000| Complete 
| 118|0x00000000c8c00000, 0x00000000c8d00000, 0x00000000c8d00000|100%|HC|  |TAMS 0x00000000c8d00000, 0x00000000c8c00000| Complete 
| 119|0x00000000c8d00000, 0x00000000c8e00000, 0x00000000c8e00000|100%|HC|  |TAMS 0x00000000c8e00000, 0x00000000c8d00000| Complete 
| 120|0x00000000c8e00000, 0x00000000c8f00000, 0x00000000c8f00000|100%|HC|  |TAMS 0x00000000c8f00000, 0x00000000c8e00000| Complete 
| 121|0x00000000c8f00000, 0x00000000c9000000, 0x00000000c9000000|100%|HC|  |TAMS 0x00000000c9000000, 0x00000000c8f00000| Complete 
| 122|0x00000000c9000000, 0x00000000c9100000, 0x00000000c9100000|100%|HC|  |TAMS 0x00000000c9100000, 0x00000000c9000000| Complete 
| 123|0x00000000c9100000, 0x00000000c9200000, 0x00000000c9200000|100%|HC|  |TAMS 0x00000000c9200000, 0x00000000c9100000| Complete 
| 124|0x00000000c9200000, 0x00000000c9300000, 0x00000000c9300000|100%|HC|  |TAMS 0x00000000c9300000, 0x00000000c9200000| Complete 
| 125|0x00000000c9300000, 0x00000000c9400000, 0x00000000c9400000|100%|HC|  |TAMS 0x00000000c9400000, 0x00000000c9300000| Complete 
| 126|0x00000000c9400000, 0x00000000c9500000, 0x00000000c9500000|100%|HC|  |TAMS 0x00000000c9500000, 0x00000000c9400000| Complete 
| 127|0x00000000c9500000, 0x00000000c9600000, 0x00000000c9600000|100%|HC|  |TAMS 0x00000000c9600000, 0x00000000c9500000| Complete 
| 128|0x00000000c9600000, 0x00000000c9700000, 0x00000000c9700000|100%|HC|  |TAMS 0x00000000c9700000, 0x00000000c9600000| Complete 
| 129|0x00000000c9700000, 0x00000000c9800000, 0x00000000c9800000|100%|HC|  |TAMS 0x00000000c9800000, 0x00000000c9700000| Complete 
| 130|0x00000000c9800000, 0x00000000c9900000, 0x00000000c9900000|100%|HC|  |TAMS 0x00000000c9900000, 0x00000000c9800000| Complete 
| 131|0x00000000c9900000, 0x00000000c9a00000, 0x00000000c9a00000|100%|HC|  |TAMS 0x00000000c9a00000, 0x00000000c9900000| Complete 
| 132|0x00000000c9a00000, 0x00000000c9b00000, 0x00000000c9b00000|100%|HC|  |TAMS 0x00000000c9b00000, 0x00000000c9a00000| Complete 
| 133|0x00000000c9b00000, 0x00000000c9c00000, 0x00000000c9c00000|100%|HC|  |TAMS 0x00000000c9c00000, 0x00000000c9b00000| Complete 
| 134|0x00000000c9c00000, 0x00000000c9d00000, 0x00000000c9d00000|100%|HC|  |TAMS 0x00000000c9d00000, 0x00000000c9c00000| Complete 
| 135|0x00000000c9d00000, 0x00000000c9e00000, 0x00000000c9e00000|100%|HC|  |TAMS 0x00000000c9e00000, 0x00000000c9d00000| Complete 
| 136|0x00000000c9e00000, 0x00000000c9f00000, 0x00000000c9f00000|100%|HC|  |TAMS 0x00000000c9f00000, 0x00000000c9e00000| Complete 
| 137|0x00000000c9f00000, 0x00000000ca000000, 0x00000000ca000000|100%|HC|  |TAMS 0x00000000ca000000, 0x00000000c9f00000| Complete 
| 138|0x00000000ca000000, 0x00000000ca100000, 0x00000000ca100000|100%|HC|  |TAMS 0x00000000ca100000, 0x00000000ca000000| Complete 
| 139|0x00000000ca100000, 0x00000000ca200000, 0x00000000ca200000|100%|HC|  |TAMS 0x00000000ca200000, 0x00000000ca100000| Complete 
| 140|0x00000000ca200000, 0x00000000ca300000, 0x00000000ca300000|100%|HC|  |TAMS 0x00000000ca300000, 0x00000000ca200000| Complete 
| 141|0x00000000ca300000, 0x00000000ca400000, 0x00000000ca400000|100%|HC|  |TAMS 0x00000000ca400000, 0x00000000ca300000| Complete 
| 142|0x00000000ca400000, 0x00000000ca500000, 0x00000000ca500000|100%|HC|  |TAMS 0x00000000ca500000, 0x00000000ca400000| Complete 
| 143|0x00000000ca500000, 0x00000000ca600000, 0x00000000ca600000|100%|HC|  |TAMS 0x00000000ca600000, 0x00000000ca500000| Complete 
| 144|0x00000000ca600000, 0x00000000ca700000, 0x00000000ca700000|100%|HC|  |TAMS 0x00000000ca700000, 0x00000000ca600000| Complete 
| 145|0x00000000ca700000, 0x00000000ca800000, 0x00000000ca800000|100%|HC|  |TAMS 0x00000000ca800000, 0x00000000ca700000| Complete 
| 146|0x00000000ca800000, 0x00000000ca900000, 0x00000000ca900000|100%|HC|  |TAMS 0x00000000ca900000, 0x00000000ca800000| Complete 
| 147|0x00000000ca900000, 0x00000000caa00000, 0x00000000caa00000|100%|HC|  |TAMS 0x00000000caa00000, 0x00000000ca900000| Complete 
| 148|0x00000000caa00000, 0x00000000cab00000, 0x00000000cab00000|100%|HC|  |TAMS 0x00000000cab00000, 0x00000000caa00000| Complete 
| 149|0x00000000cab00000, 0x00000000cac00000, 0x00000000cac00000|100%|HC|  |TAMS 0x00000000cac00000, 0x00000000cab00000| Complete 
| 150|0x00000000cac00000, 0x00000000cad00000, 0x00000000cad00000|100%|HC|  |TAMS 0x00000000cad00000, 0x00000000cac00000| Complete 
| 151|0x00000000cad00000, 0x00000000cae00000, 0x00000000cae00000|100%|HC|  |TAMS 0x00000000cae00000, 0x00000000cad00000| Complete 
| 152|0x00000000cae00000, 0x00000000caf00000, 0x00000000caf00000|100%|HC|  |TAMS 0x00000000caf00000, 0x00000000cae00000| Complete 
| 153|0x00000000caf00000, 0x00000000cb000000, 0x00000000cb000000|100%|HC|  |TAMS 0x00000000cb000000, 0x00000000caf00000| Complete 
| 154|0x00000000cb000000, 0x00000000cb100000, 0x00000000cb100000|100%|HC|  |TAMS 0x00000000cb100000, 0x00000000cb000000| Complete 
| 155|0x00000000cb100000, 0x00000000cb200000, 0x00000000cb200000|100%|HC|  |TAMS 0x00000000cb200000, 0x00000000cb100000| Complete 
| 156|0x00000000cb200000, 0x00000000cb200000, 0x00000000cb300000|  0%| F|  |TAMS 0x00000000cb200000, 0x00000000cb200000| Untracked 
| 157|0x00000000cb300000, 0x00000000cb300000, 0x00000000cb400000|  0%| F|  |TAMS 0x00000000cb300000, 0x00000000cb300000| Untracked 
| 158|0x00000000cb400000, 0x00000000cb400000, 0x00000000cb500000|  0%| F|  |TAMS 0x00000000cb400000, 0x00000000cb400000| Untracked 
| 159|0x00000000cb500000, 0x00000000cb500000, 0x00000000cb600000|  0%| F|  |TAMS 0x00000000cb500000, 0x00000000cb500000| Untracked 
| 160|0x00000000cb600000, 0x00000000cb600000, 0x00000000cb700000|  0%| F|  |TAMS 0x00000000cb600000, 0x00000000cb600000| Untracked 
| 161|0x00000000cb700000, 0x00000000cb700000, 0x00000000cb800000|  0%| F|  |TAMS 0x00000000cb700000, 0x00000000cb700000| Untracked 
| 162|0x00000000cb800000, 0x00000000cb800000, 0x00000000cb900000|  0%| F|  |TAMS 0x00000000cb800000, 0x00000000cb800000| Untracked 
| 163|0x00000000cb900000, 0x00000000cb900000, 0x00000000cba00000|  0%| F|  |TAMS 0x00000000cb900000, 0x00000000cb900000| Untracked 
| 164|0x00000000cba00000, 0x00000000cba00000, 0x00000000cbb00000|  0%| F|  |TAMS 0x00000000cba00000, 0x00000000cba00000| Untracked 
| 165|0x00000000cbb00000, 0x00000000cbb00000, 0x00000000cbc00000|  0%| F|  |TAMS 0x00000000cbb00000, 0x00000000cbb00000| Untracked 
| 166|0x00000000cbc00000, 0x00000000cbc00000, 0x00000000cbd00000|  0%| F|  |TAMS 0x00000000cbc00000, 0x00000000cbc00000| Untracked 
| 167|0x00000000cbd00000, 0x00000000cbd00000, 0x00000000cbe00000|  0%| F|  |TAMS 0x00000000cbd00000, 0x00000000cbd00000| Untracked 
| 168|0x00000000cbe00000, 0x00000000cbe00000, 0x00000000cbf00000|  0%| F|  |TAMS 0x00000000cbe00000, 0x00000000cbe00000| Untracked 
| 169|0x00000000cbf00000, 0x00000000cbf00000, 0x00000000cc000000|  0%| F|  |TAMS 0x00000000cbf00000, 0x00000000cbf00000| Untracked 
| 170|0x00000000cc000000, 0x00000000cc000000, 0x00000000cc100000|  0%| F|  |TAMS 0x00000000cc000000, 0x00000000cc000000| Untracked 
| 171|0x00000000cc100000, 0x00000000cc100000, 0x00000000cc200000|  0%| F|  |TAMS 0x00000000cc100000, 0x00000000cc100000| Untracked 
| 172|0x00000000cc200000, 0x00000000cc200000, 0x00000000cc300000|  0%| F|  |TAMS 0x00000000cc200000, 0x00000000cc200000| Untracked 
| 173|0x00000000cc300000, 0x00000000cc300000, 0x00000000cc400000|  0%| F|  |TAMS 0x00000000cc300000, 0x00000000cc300000| Untracked 
| 174|0x00000000cc400000, 0x00000000cc400000, 0x00000000cc500000|  0%| F|  |TAMS 0x00000000cc400000, 0x00000000cc400000| Untracked 
| 175|0x00000000cc500000, 0x00000000cc500000, 0x00000000cc600000|  0%| F|  |TAMS 0x00000000cc500000, 0x00000000cc500000| Untracked 
| 176|0x00000000cc600000, 0x00000000cc600000, 0x00000000cc700000|  0%| F|  |TAMS 0x00000000cc600000, 0x00000000cc600000| Untracked 
| 177|0x00000000cc700000, 0x00000000cc700000, 0x00000000cc800000|  0%| F|  |TAMS 0x00000000cc700000, 0x00000000cc700000| Untracked 
| 178|0x00000000cc800000, 0x00000000cc800000, 0x00000000cc900000|  0%| F|  |TAMS 0x00000000cc800000, 0x00000000cc800000| Untracked 
| 179|0x00000000cc900000, 0x00000000cc900000, 0x00000000cca00000|  0%| F|  |TAMS 0x00000000cc900000, 0x00000000cc900000| Untracked 
| 180|0x00000000cca00000, 0x00000000cca00000, 0x00000000ccb00000|  0%| F|  |TAMS 0x00000000cca00000, 0x00000000cca00000| Untracked 
| 181|0x00000000ccb00000, 0x00000000ccb00000, 0x00000000ccc00000|  0%| F|  |TAMS 0x00000000ccb00000, 0x00000000ccb00000| Untracked 
| 182|0x00000000ccc00000, 0x00000000ccc00000, 0x00000000ccd00000|  0%| F|  |TAMS 0x00000000ccc00000, 0x00000000ccc00000| Untracked 
| 183|0x00000000ccd00000, 0x00000000ccd00000, 0x00000000cce00000|  0%| F|  |TAMS 0x00000000ccd00000, 0x00000000ccd00000| Untracked 
| 184|0x00000000cce00000, 0x00000000cce00000, 0x00000000ccf00000|  0%| F|  |TAMS 0x00000000cce00000, 0x00000000cce00000| Untracked 
| 185|0x00000000ccf00000, 0x00000000ccf00000, 0x00000000cd000000|  0%| F|  |TAMS 0x00000000ccf00000, 0x00000000ccf00000| Untracked 
| 186|0x00000000cd000000, 0x00000000cd000000, 0x00000000cd100000|  0%| F|  |TAMS 0x00000000cd000000, 0x00000000cd000000| Untracked 
| 187|0x00000000cd100000, 0x00000000cd100000, 0x00000000cd200000|  0%| F|  |TAMS 0x00000000cd100000, 0x00000000cd100000| Untracked 
| 188|0x00000000cd200000, 0x00000000cd200000, 0x00000000cd300000|  0%| F|  |TAMS 0x00000000cd200000, 0x00000000cd200000| Untracked 
| 189|0x00000000cd300000, 0x00000000cd300000, 0x00000000cd400000|  0%| F|  |TAMS 0x00000000cd300000, 0x00000000cd300000| Untracked 
| 190|0x00000000cd400000, 0x00000000cd400000, 0x00000000cd500000|  0%| F|  |TAMS 0x00000000cd400000, 0x00000000cd400000| Untracked 
| 191|0x00000000cd500000, 0x00000000cd500000, 0x00000000cd600000|  0%| F|  |TAMS 0x00000000cd500000, 0x00000000cd500000| Untracked 
| 192|0x00000000cd600000, 0x00000000cd600000, 0x00000000cd700000|  0%| F|  |TAMS 0x00000000cd600000, 0x00000000cd600000| Untracked 
| 193|0x00000000cd700000, 0x00000000cd700000, 0x00000000cd800000|  0%| F|  |TAMS 0x00000000cd700000, 0x00000000cd700000| Untracked 
| 194|0x00000000cd800000, 0x00000000cd800000, 0x00000000cd900000|  0%| F|  |TAMS 0x00000000cd800000, 0x00000000cd800000| Untracked 
| 195|0x00000000cd900000, 0x00000000cd900000, 0x00000000cda00000|  0%| F|  |TAMS 0x00000000cd900000, 0x00000000cd900000| Untracked 
| 196|0x00000000cda00000, 0x00000000cda00000, 0x00000000cdb00000|  0%| F|  |TAMS 0x00000000cda00000, 0x00000000cda00000| Untracked 
| 197|0x00000000cdb00000, 0x00000000cdb00000, 0x00000000cdc00000|  0%| F|  |TAMS 0x00000000cdb00000, 0x00000000cdb00000| Untracked 
| 198|0x00000000cdc00000, 0x00000000cdc00000, 0x00000000cdd00000|  0%| F|  |TAMS 0x00000000cdc00000, 0x00000000cdc00000| Untracked 
| 199|0x00000000cdd00000, 0x00000000cdd00000, 0x00000000cde00000|  0%| F|  |TAMS 0x00000000cdd00000, 0x00000000cdd00000| Untracked 
| 200|0x00000000cde00000, 0x00000000cde00000, 0x00000000cdf00000|  0%| F|  |TAMS 0x00000000cde00000, 0x00000000cde00000| Untracked 
| 201|0x00000000cdf00000, 0x00000000cdf00000, 0x00000000ce000000|  0%| F|  |TAMS 0x00000000cdf00000, 0x00000000cdf00000| Untracked 
| 202|0x00000000ce000000, 0x00000000ce000000, 0x00000000ce100000|  0%| F|  |TAMS 0x00000000ce000000, 0x00000000ce000000| Untracked 
| 203|0x00000000ce100000, 0x00000000ce100000, 0x00000000ce200000|  0%| F|  |TAMS 0x00000000ce100000, 0x00000000ce100000| Untracked 
| 204|0x00000000ce200000, 0x00000000ce200000, 0x00000000ce300000|  0%| F|  |TAMS 0x00000000ce200000, 0x00000000ce200000| Untracked 
| 205|0x00000000ce300000, 0x00000000ce300000, 0x00000000ce400000|  0%| F|  |TAMS 0x00000000ce300000, 0x00000000ce300000| Untracked 
| 206|0x00000000ce400000, 0x00000000ce400000, 0x00000000ce500000|  0%| F|  |TAMS 0x00000000ce400000, 0x00000000ce400000| Untracked 
| 207|0x00000000ce500000, 0x00000000ce500000, 0x00000000ce600000|  0%| F|  |TAMS 0x00000000ce500000, 0x00000000ce500000| Untracked 
| 208|0x00000000ce600000, 0x00000000ce600000, 0x00000000ce700000|  0%| F|  |TAMS 0x00000000ce600000, 0x00000000ce600000| Untracked 
| 209|0x00000000ce700000, 0x00000000ce700000, 0x00000000ce800000|  0%| F|  |TAMS 0x00000000ce700000, 0x00000000ce700000| Untracked 
| 210|0x00000000ce800000, 0x00000000ce800000, 0x00000000ce900000|  0%| F|  |TAMS 0x00000000ce800000, 0x00000000ce800000| Untracked 
| 211|0x00000000ce900000, 0x00000000ce900000, 0x00000000cea00000|  0%| F|  |TAMS 0x00000000ce900000, 0x00000000ce900000| Untracked 
| 212|0x00000000cea00000, 0x00000000cea00000, 0x00000000ceb00000|  0%| F|  |TAMS 0x00000000cea00000, 0x00000000cea00000| Untracked 
| 213|0x00000000ceb00000, 0x00000000ceb00000, 0x00000000cec00000|  0%| F|  |TAMS 0x00000000ceb00000, 0x00000000ceb00000| Untracked 
| 214|0x00000000cec00000, 0x00000000cec00000, 0x00000000ced00000|  0%| F|  |TAMS 0x00000000cec00000, 0x00000000cec00000| Untracked 
| 215|0x00000000ced00000, 0x00000000ced00000, 0x00000000cee00000|  0%| F|  |TAMS 0x00000000ced00000, 0x00000000ced00000| Untracked 
| 216|0x00000000cee00000, 0x00000000cee00000, 0x00000000cef00000|  0%| F|  |TAMS 0x00000000cee00000, 0x00000000cee00000| Untracked 
| 217|0x00000000cef00000, 0x00000000cef00000, 0x00000000cf000000|  0%| F|  |TAMS 0x00000000cef00000, 0x00000000cef00000| Untracked 
| 218|0x00000000cf000000, 0x00000000cf000000, 0x00000000cf100000|  0%| F|  |TAMS 0x00000000cf000000, 0x00000000cf000000| Untracked 
| 219|0x00000000cf100000, 0x00000000cf100000, 0x00000000cf200000|  0%| F|  |TAMS 0x00000000cf100000, 0x00000000cf100000| Untracked 
| 220|0x00000000cf200000, 0x00000000cf23f1e0, 0x00000000cf300000| 24%| S|CS|TAMS 0x00000000cf200000, 0x00000000cf200000| Complete 
| 221|0x00000000cf300000, 0x00000000cf400000, 0x00000000cf400000|100%|HS|  |TAMS 0x00000000cf300000, 0x00000000cf300000| Complete 
| 222|0x00000000cf400000, 0x00000000cf500000, 0x00000000cf500000|100%|HC|  |TAMS 0x00000000cf400000, 0x00000000cf400000| Complete 
| 223|0x00000000cf500000, 0x00000000cf600000, 0x00000000cf600000|100%|HC|  |TAMS 0x00000000cf500000, 0x00000000cf500000| Complete 
| 224|0x00000000cf600000, 0x00000000cf700000, 0x00000000cf700000|100%|HC|  |TAMS 0x00000000cf600000, 0x00000000cf600000| Complete 
| 225|0x00000000cf700000, 0x00000000cf800000, 0x00000000cf800000|100%|HC|  |TAMS 0x00000000cf700000, 0x00000000cf700000| Complete 
| 226|0x00000000cf800000, 0x00000000cf900000, 0x00000000cf900000|100%|HC|  |TAMS 0x00000000cf800000, 0x00000000cf800000| Complete 
| 227|0x00000000cf900000, 0x00000000cfa00000, 0x00000000cfa00000|100%|HC|  |TAMS 0x00000000cf900000, 0x00000000cf900000| Complete 
| 228|0x00000000cfa00000, 0x00000000cfb00000, 0x00000000cfb00000|100%|HC|  |TAMS 0x00000000cfa00000, 0x00000000cfa00000| Complete 
| 229|0x00000000cfb00000, 0x00000000cfc00000, 0x00000000cfc00000|100%|HC|  |TAMS 0x00000000cfb00000, 0x00000000cfb00000| Complete 
| 230|0x00000000cfc00000, 0x00000000cfd00000, 0x00000000cfd00000|100%|HC|  |TAMS 0x00000000cfc00000, 0x00000000cfc00000| Complete 
| 231|0x00000000cfd00000, 0x00000000cfe00000, 0x00000000cfe00000|100%|HC|  |TAMS 0x00000000cfd00000, 0x00000000cfd00000| Complete 
| 232|0x00000000cfe00000, 0x00000000cff00000, 0x00000000cff00000|100%|HC|  |TAMS 0x00000000cfe00000, 0x00000000cfe00000| Complete 
| 233|0x00000000cff00000, 0x00000000d0000000, 0x00000000d0000000|100%|HC|  |TAMS 0x00000000cff00000, 0x00000000cff00000| Complete 
| 234|0x00000000d0000000, 0x00000000d0100000, 0x00000000d0100000|100%|HC|  |TAMS 0x00000000d0000000, 0x00000000d0000000| Complete 
| 235|0x00000000d0100000, 0x00000000d0200000, 0x00000000d0200000|100%|HC|  |TAMS 0x00000000d0100000, 0x00000000d0100000| Complete 
| 236|0x00000000d0200000, 0x00000000d0300000, 0x00000000d0300000|100%|HC|  |TAMS 0x00000000d0200000, 0x00000000d0200000| Complete 
| 237|0x00000000d0300000, 0x00000000d0400000, 0x00000000d0400000|100%|HC|  |TAMS 0x00000000d0300000, 0x00000000d0300000| Complete 
| 238|0x00000000d0400000, 0x00000000d0500000, 0x00000000d0500000|100%|HC|  |TAMS 0x00000000d0400000, 0x00000000d0400000| Complete 
| 239|0x00000000d0500000, 0x00000000d0600000, 0x00000000d0600000|100%|HC|  |TAMS 0x00000000d0500000, 0x00000000d0500000| Complete 
| 240|0x00000000d0600000, 0x00000000d0700000, 0x00000000d0700000|100%|HC|  |TAMS 0x00000000d0600000, 0x00000000d0600000| Complete 
| 241|0x00000000d0700000, 0x00000000d0800000, 0x00000000d0800000|100%|HC|  |TAMS 0x00000000d0700000, 0x00000000d0700000| Complete 
| 242|0x00000000d0800000, 0x00000000d0900000, 0x00000000d0900000|100%|HC|  |TAMS 0x00000000d0800000, 0x00000000d0800000| Complete 
| 243|0x00000000d0900000, 0x00000000d0a00000, 0x00000000d0a00000|100%|HC|  |TAMS 0x00000000d0900000, 0x00000000d0900000| Complete 
| 244|0x00000000d0a00000, 0x00000000d0b00000, 0x00000000d0b00000|100%|HC|  |TAMS 0x00000000d0a00000, 0x00000000d0a00000| Complete 
| 245|0x00000000d0b00000, 0x00000000d0c00000, 0x00000000d0c00000|100%|HC|  |TAMS 0x00000000d0b00000, 0x00000000d0b00000| Complete 
| 246|0x00000000d0c00000, 0x00000000d0d00000, 0x00000000d0d00000|100%|HC|  |TAMS 0x00000000d0c00000, 0x00000000d0c00000| Complete 
| 247|0x00000000d0d00000, 0x00000000d0e00000, 0x00000000d0e00000|100%|HC|  |TAMS 0x00000000d0d00000, 0x00000000d0d00000| Complete 
| 248|0x00000000d0e00000, 0x00000000d0f00000, 0x00000000d0f00000|100%|HC|  |TAMS 0x00000000d0e00000, 0x00000000d0e00000| Complete 
| 249|0x00000000d0f00000, 0x00000000d1000000, 0x00000000d1000000|100%|HC|  |TAMS 0x00000000d0f00000, 0x00000000d0f00000| Complete 
| 250|0x00000000d1000000, 0x00000000d1100000, 0x00000000d1100000|100%|HC|  |TAMS 0x00000000d1000000, 0x00000000d1000000| Complete 
| 251|0x00000000d1100000, 0x00000000d1200000, 0x00000000d1200000|100%|HC|  |TAMS 0x00000000d1100000, 0x00000000d1100000| Complete 
| 252|0x00000000d1200000, 0x00000000d1300000, 0x00000000d1300000|100%|HC|  |TAMS 0x00000000d1200000, 0x00000000d1200000| Complete 
| 253|0x00000000d1300000, 0x00000000d1400000, 0x00000000d1400000|100%|HC|  |TAMS 0x00000000d1300000, 0x00000000d1300000| Complete 
| 254|0x00000000d1400000, 0x00000000d1500000, 0x00000000d1500000|100%|HC|  |TAMS 0x00000000d1400000, 0x00000000d1400000| Complete 
| 255|0x00000000d1500000, 0x00000000d1600000, 0x00000000d1600000|100%|HC|  |TAMS 0x00000000d1500000, 0x00000000d1500000| Complete 
| 256|0x00000000d1600000, 0x00000000d1700000, 0x00000000d1700000|100%|HC|  |TAMS 0x00000000d1600000, 0x00000000d1600000| Complete 
| 257|0x00000000d1700000, 0x00000000d1800000, 0x00000000d1800000|100%|HC|  |TAMS 0x00000000d1700000, 0x00000000d1700000| Complete 
| 258|0x00000000d1800000, 0x00000000d1900000, 0x00000000d1900000|100%|HC|  |TAMS 0x00000000d1800000, 0x00000000d1800000| Complete 
| 259|0x00000000d1900000, 0x00000000d1a00000, 0x00000000d1a00000|100%|HC|  |TAMS 0x00000000d1900000, 0x00000000d1900000| Complete 
| 260|0x00000000d1a00000, 0x00000000d1b00000, 0x00000000d1b00000|100%|HC|  |TAMS 0x00000000d1a00000, 0x00000000d1a00000| Complete 
| 261|0x00000000d1b00000, 0x00000000d1c00000, 0x00000000d1c00000|100%|HC|  |TAMS 0x00000000d1b00000, 0x00000000d1b00000| Complete 
| 262|0x00000000d1c00000, 0x00000000d1d00000, 0x00000000d1d00000|100%|HC|  |TAMS 0x00000000d1c00000, 0x00000000d1c00000| Complete 
| 263|0x00000000d1d00000, 0x00000000d1e00000, 0x00000000d1e00000|100%|HC|  |TAMS 0x00000000d1d00000, 0x00000000d1d00000| Complete 
| 264|0x00000000d1e00000, 0x00000000d1f00000, 0x00000000d1f00000|100%|HC|  |TAMS 0x00000000d1e00000, 0x00000000d1e00000| Complete 
| 265|0x00000000d1f00000, 0x00000000d2000000, 0x00000000d2000000|100%|HC|  |TAMS 0x00000000d1f00000, 0x00000000d1f00000| Complete 
| 266|0x00000000d2000000, 0x00000000d2100000, 0x00000000d2100000|100%|HC|  |TAMS 0x00000000d2000000, 0x00000000d2000000| Complete 
| 267|0x00000000d2100000, 0x00000000d2200000, 0x00000000d2200000|100%|HC|  |TAMS 0x00000000d2100000, 0x00000000d2100000| Complete 
| 268|0x00000000d2200000, 0x00000000d2300000, 0x00000000d2300000|100%|HC|  |TAMS 0x00000000d2200000, 0x00000000d2200000| Complete 
| 269|0x00000000d2300000, 0x00000000d2400000, 0x00000000d2400000|100%|HC|  |TAMS 0x00000000d2300000, 0x00000000d2300000| Complete 
| 270|0x00000000d2400000, 0x00000000d2500000, 0x00000000d2500000|100%|HC|  |TAMS 0x00000000d2400000, 0x00000000d2400000| Complete 
| 271|0x00000000d2500000, 0x00000000d2600000, 0x00000000d2600000|100%|HC|  |TAMS 0x00000000d2500000, 0x00000000d2500000| Complete 
| 272|0x00000000d2600000, 0x00000000d2700000, 0x00000000d2700000|100%|HC|  |TAMS 0x00000000d2600000, 0x00000000d2600000| Complete 
| 273|0x00000000d2700000, 0x00000000d2800000, 0x00000000d2800000|100%|HC|  |TAMS 0x00000000d2700000, 0x00000000d2700000| Complete 
| 274|0x00000000d2800000, 0x00000000d2900000, 0x00000000d2900000|100%|HC|  |TAMS 0x00000000d2800000, 0x00000000d2800000| Complete 
| 275|0x00000000d2900000, 0x00000000d2a00000, 0x00000000d2a00000|100%|HC|  |TAMS 0x00000000d2900000, 0x00000000d2900000| Complete 
| 276|0x00000000d2a00000, 0x00000000d2b00000, 0x00000000d2b00000|100%|HC|  |TAMS 0x00000000d2a00000, 0x00000000d2a00000| Complete 
| 277|0x00000000d2b00000, 0x00000000d2c00000, 0x00000000d2c00000|100%|HC|  |TAMS 0x00000000d2b00000, 0x00000000d2b00000| Complete 
| 278|0x00000000d2c00000, 0x00000000d2d00000, 0x00000000d2d00000|100%|HC|  |TAMS 0x00000000d2c00000, 0x00000000d2c00000| Complete 
| 279|0x00000000d2d00000, 0x00000000d2e00000, 0x00000000d2e00000|100%|HC|  |TAMS 0x00000000d2d00000, 0x00000000d2d00000| Complete 
| 280|0x00000000d2e00000, 0x00000000d2f00000, 0x00000000d2f00000|100%|HC|  |TAMS 0x00000000d2e00000, 0x00000000d2e00000| Complete 
| 281|0x00000000d2f00000, 0x00000000d3000000, 0x00000000d3000000|100%|HC|  |TAMS 0x00000000d2f00000, 0x00000000d2f00000| Complete 
| 282|0x00000000d3000000, 0x00000000d3100000, 0x00000000d3100000|100%|HC|  |TAMS 0x00000000d3000000, 0x00000000d3000000| Complete 
| 283|0x00000000d3100000, 0x00000000d3200000, 0x00000000d3200000|100%|HC|  |TAMS 0x00000000d3100000, 0x00000000d3100000| Complete 
| 284|0x00000000d3200000, 0x00000000d3300000, 0x00000000d3300000|100%|HC|  |TAMS 0x00000000d3200000, 0x00000000d3200000| Complete 
| 285|0x00000000d3300000, 0x00000000d3400000, 0x00000000d3400000|100%|HC|  |TAMS 0x00000000d3300000, 0x00000000d3300000| Complete 
| 286|0x00000000d3400000, 0x00000000d3500000, 0x00000000d3500000|100%|HC|  |TAMS 0x00000000d3400000, 0x00000000d3400000| Complete 
| 287|0x00000000d3500000, 0x00000000d3600000, 0x00000000d3600000|100%|HC|  |TAMS 0x00000000d3500000, 0x00000000d3500000| Complete 
| 288|0x00000000d3600000, 0x00000000d3700000, 0x00000000d3700000|100%|HC|  |TAMS 0x00000000d3600000, 0x00000000d3600000| Complete 
| 289|0x00000000d3700000, 0x00000000d3800000, 0x00000000d3800000|100%|HC|  |TAMS 0x00000000d3700000, 0x00000000d3700000| Complete 
| 290|0x00000000d3800000, 0x00000000d3900000, 0x00000000d3900000|100%|HC|  |TAMS 0x00000000d3800000, 0x00000000d3800000| Complete 
| 291|0x00000000d3900000, 0x00000000d3a00000, 0x00000000d3a00000|100%|HC|  |TAMS 0x00000000d3900000, 0x00000000d3900000| Complete 
| 292|0x00000000d3a00000, 0x00000000d3b00000, 0x00000000d3b00000|100%|HC|  |TAMS 0x00000000d3a00000, 0x00000000d3a00000| Complete 
| 293|0x00000000d3b00000, 0x00000000d3c00000, 0x00000000d3c00000|100%|HC|  |TAMS 0x00000000d3b00000, 0x00000000d3b00000| Complete 
| 294|0x00000000d3c00000, 0x00000000d3d00000, 0x00000000d3d00000|100%|HC|  |TAMS 0x00000000d3c00000, 0x00000000d3c00000| Complete 
| 295|0x00000000d3d00000, 0x00000000d3e00000, 0x00000000d3e00000|100%|HC|  |TAMS 0x00000000d3d00000, 0x00000000d3d00000| Complete 
| 296|0x00000000d3e00000, 0x00000000d3f00000, 0x00000000d3f00000|100%|HC|  |TAMS 0x00000000d3e00000, 0x00000000d3e00000| Complete 
| 297|0x00000000d3f00000, 0x00000000d4000000, 0x00000000d4000000|100%|HC|  |TAMS 0x00000000d3f00000, 0x00000000d3f00000| Complete 
| 298|0x00000000d4000000, 0x00000000d4100000, 0x00000000d4100000|100%|HC|  |TAMS 0x00000000d4000000, 0x00000000d4000000| Complete 
| 299|0x00000000d4100000, 0x00000000d4200000, 0x00000000d4200000|100%|HC|  |TAMS 0x00000000d4100000, 0x00000000d4100000| Complete 
| 300|0x00000000d4200000, 0x00000000d4300000, 0x00000000d4300000|100%|HC|  |TAMS 0x00000000d4200000, 0x00000000d4200000| Complete 
| 301|0x00000000d4300000, 0x00000000d4400000, 0x00000000d4400000|100%|HC|  |TAMS 0x00000000d4300000, 0x00000000d4300000| Complete 
| 302|0x00000000d4400000, 0x00000000d4500000, 0x00000000d4500000|100%|HC|  |TAMS 0x00000000d4400000, 0x00000000d4400000| Complete 
| 303|0x00000000d4500000, 0x00000000d4600000, 0x00000000d4600000|100%|HC|  |TAMS 0x00000000d4500000, 0x00000000d4500000| Complete 
| 304|0x00000000d4600000, 0x00000000d4700000, 0x00000000d4700000|100%|HC|  |TAMS 0x00000000d4600000, 0x00000000d4600000| Complete 
| 305|0x00000000d4700000, 0x00000000d4800000, 0x00000000d4800000|100%|HC|  |TAMS 0x00000000d4700000, 0x00000000d4700000| Complete 
| 306|0x00000000d4800000, 0x00000000d4900000, 0x00000000d4900000|100%|HC|  |TAMS 0x00000000d4800000, 0x00000000d4800000| Complete 
| 307|0x00000000d4900000, 0x00000000d4a00000, 0x00000000d4a00000|100%|HC|  |TAMS 0x00000000d4900000, 0x00000000d4900000| Complete 
| 308|0x00000000d4a00000, 0x00000000d4b00000, 0x00000000d4b00000|100%|HC|  |TAMS 0x00000000d4a00000, 0x00000000d4a00000| Complete 
| 309|0x00000000d4b00000, 0x00000000d4c00000, 0x00000000d4c00000|100%|HC|  |TAMS 0x00000000d4b00000, 0x00000000d4b00000| Complete 
| 310|0x00000000d4c00000, 0x00000000d4d00000, 0x00000000d4d00000|100%|HC|  |TAMS 0x00000000d4c00000, 0x00000000d4c00000| Complete 
| 311|0x00000000d4d00000, 0x00000000d4e00000, 0x00000000d4e00000|100%|HC|  |TAMS 0x00000000d4d00000, 0x00000000d4d00000| Complete 
| 312|0x00000000d4e00000, 0x00000000d4f00000, 0x00000000d4f00000|100%|HC|  |TAMS 0x00000000d4e00000, 0x00000000d4e00000| Complete 
| 313|0x00000000d4f00000, 0x00000000d5000000, 0x00000000d5000000|100%|HC|  |TAMS 0x00000000d4f00000, 0x00000000d4f00000| Complete 
| 314|0x00000000d5000000, 0x00000000d5100000, 0x00000000d5100000|100%|HC|  |TAMS 0x00000000d5000000, 0x00000000d5000000| Complete 
| 315|0x00000000d5100000, 0x00000000d5200000, 0x00000000d5200000|100%|HC|  |TAMS 0x00000000d5100000, 0x00000000d5100000| Complete 
| 316|0x00000000d5200000, 0x00000000d5300000, 0x00000000d5300000|100%|HC|  |TAMS 0x00000000d5200000, 0x00000000d5200000| Complete 
| 317|0x00000000d5300000, 0x00000000d5400000, 0x00000000d5400000|100%|HC|  |TAMS 0x00000000d5300000, 0x00000000d5300000| Complete 
| 318|0x00000000d5400000, 0x00000000d5500000, 0x00000000d5500000|100%|HC|  |TAMS 0x00000000d5400000, 0x00000000d5400000| Complete 
| 319|0x00000000d5500000, 0x00000000d5600000, 0x00000000d5600000|100%|HC|  |TAMS 0x00000000d5500000, 0x00000000d5500000| Complete 
| 320|0x00000000d5600000, 0x00000000d5700000, 0x00000000d5700000|100%|HC|  |TAMS 0x00000000d5600000, 0x00000000d5600000| Complete 
| 321|0x00000000d5700000, 0x00000000d5800000, 0x00000000d5800000|100%|HC|  |TAMS 0x00000000d5700000, 0x00000000d5700000| Complete 
| 322|0x00000000d5800000, 0x00000000d5900000, 0x00000000d5900000|100%|HC|  |TAMS 0x00000000d5800000, 0x00000000d5800000| Complete 
| 323|0x00000000d5900000, 0x00000000d5a00000, 0x00000000d5a00000|100%|HC|  |TAMS 0x00000000d5900000, 0x00000000d5900000| Complete 
| 324|0x00000000d5a00000, 0x00000000d5b00000, 0x00000000d5b00000|100%|HC|  |TAMS 0x00000000d5a00000, 0x00000000d5a00000| Complete 
| 325|0x00000000d5b00000, 0x00000000d5c00000, 0x00000000d5c00000|100%|HC|  |TAMS 0x00000000d5b00000, 0x00000000d5b00000| Complete 
| 326|0x00000000d5c00000, 0x00000000d5d00000, 0x00000000d5d00000|100%|HC|  |TAMS 0x00000000d5c00000, 0x00000000d5c00000| Complete 
| 327|0x00000000d5d00000, 0x00000000d5e00000, 0x00000000d5e00000|100%|HC|  |TAMS 0x00000000d5d00000, 0x00000000d5d00000| Complete 
| 328|0x00000000d5e00000, 0x00000000d5f00000, 0x00000000d5f00000|100%|HC|  |TAMS 0x00000000d5e00000, 0x00000000d5e00000| Complete 
| 329|0x00000000d5f00000, 0x00000000d6000000, 0x00000000d6000000|100%|HC|  |TAMS 0x00000000d5f00000, 0x00000000d5f00000| Complete 
| 330|0x00000000d6000000, 0x00000000d6100000, 0x00000000d6100000|100%|HC|  |TAMS 0x00000000d6000000, 0x00000000d6000000| Complete 
| 331|0x00000000d6100000, 0x00000000d6200000, 0x00000000d6200000|100%|HC|  |TAMS 0x00000000d6100000, 0x00000000d6100000| Complete 
| 332|0x00000000d6200000, 0x00000000d6300000, 0x00000000d6300000|100%|HC|  |TAMS 0x00000000d6200000, 0x00000000d6200000| Complete 
| 333|0x00000000d6300000, 0x00000000d6315cb8, 0x00000000d6400000|  8%| E|  |TAMS 0x00000000d6300000, 0x00000000d6300000| Complete 

Card table byte_map: [0x000001e0fbe80000,0x000001e0fc080000] _byte_map_base: 0x000001e0fb875000

Marking Bits (Prev, Next): (CMBitMap*) 0x000001e0f37b6798, (CMBitMap*) 0x000001e0f37b6758
 Prev Bits: [0x000001e0fd230000, 0x000001e0fe1d8000)
 Next Bits: [0x000001e0fc280000, 0x000001e0fd228000)

Polling page: 0x000001e0f1580000

Metaspace:

Usage:
  Non-class:     21.52 MB capacity,    21.18 MB ( 98%) used,   293.08 KB (  1%) free+waste,    54.25 KB ( <1%) overhead. 
      Class:      2.78 MB capacity,     2.59 MB ( 93%) used,   169.11 KB (  6%) free+waste,    27.25 KB ( <1%) overhead. 
       Both:     24.30 MB capacity,    23.77 MB ( 98%) used,   462.19 KB (  2%) free+waste,    81.50 KB ( <1%) overhead. 

Virtual space:
  Non-class space:       22.00 MB reserved,      21.75 MB ( 99%) committed 
      Class space:        1.00 GB reserved,       2.88 MB ( <1%) committed 
             Both:        1.02 GB reserved,      24.63 MB (  2%) committed 

Chunk freelists:
   Non-Class:  41.00 KB
       Class:  4.00 KB
        Both:  45.00 KB

MaxMetaspaceSize: 17179869184.00 GB
CompressedClassSpaceSize: 1.00 GB

CodeHeap 'non-profiled nmethods': size=120000Kb used=1193Kb max_used=1200Kb free=118806Kb
 bounds [0x000001e087ad0000, 0x000001e087d40000, 0x000001e08f000000]
CodeHeap 'profiled nmethods': size=120000Kb used=6440Kb max_used=6733Kb free=113559Kb
 bounds [0x000001e0805a0000, 0x000001e080c40000, 0x000001e087ad0000]
CodeHeap 'non-nmethods': size=5760Kb used=1443Kb max_used=1471Kb free=4316Kb
 bounds [0x000001e080000000, 0x000001e080270000, 0x000001e0805a0000]
 total_blobs=5095 nmethods=2962 adapters=675
 compilation: enabled
              stopped_count=0, restarted_count=0
 full_count=0

Compilation events (20 events):
Event: 56.809 Thread 0x000001e0fe794800 nmethod 3325 0x000001e08089b510 code [0x000001e08089b6e0, 0x000001e08089bc00]
Event: 56.809 Thread 0x000001e0fe794800 3326   !   3       java.awt.Component::invalidate (63 bytes)
Event: 56.810 Thread 0x000001e0fe78e800 nmethod 3324 0x000001e087b48510 code [0x000001e087b486a0, 0x000001e087b48768]
Event: 56.811 Thread 0x000001e0fe794800 nmethod 3326 0x000001e08089aa10 code [0x000001e08089abe0, 0x000001e08089b3d0]
Event: 57.537 Thread 0x000001e0fe794800 3327       1       javax.swing.JScrollBar::getModel (5 bytes)
Event: 57.537 Thread 0x000001e0fe794800 nmethod 3327 0x000001e087bfb810 code [0x000001e087bfb9a0, 0x000001e087bfbad8]
Event: 57.537 Thread 0x000001e0fe794800 3328       3       java.awt.Container::getListenersCount (52 bytes)
Event: 57.537 Thread 0x000001e0fe794800 nmethod 3328 0x000001e08089a210 code [0x000001e08089a400, 0x000001e08089a8c0]
Event: 57.537 Thread 0x000001e0fe794800 3331       3       java.awt.Container::hasHeavyweightDescendants (17 bytes)
Event: 57.538 Thread 0x000001e0fe794800 nmethod 3331 0x000001e080a83190 code [0x000001e080a83360, 0x000001e080a83760]
Event: 57.538 Thread 0x000001e0fe794800 3329       3       java.awt.Component::setBounds (10 bytes)
Event: 57.539 Thread 0x000001e0fe794800 nmethod 3329 0x000001e0806b6510 code [0x000001e0806b66c0, 0x000001e0806b6910]
Event: 57.539 Thread 0x000001e0fe794800 3330   !   3       java.awt.Component::reshape (312 bytes)
Event: 57.542 Thread 0x000001e0fe794800 nmethod 3330 0x000001e080672790 code [0x000001e080672a40, 0x000001e080674020]
Event: 57.542 Thread 0x000001e0fe794800 3332       1       sun.awt.Win32GraphicsConfig::getDevice (5 bytes)
Event: 57.542 Thread 0x000001e0fe794800 nmethod 3332 0x000001e087bfbb90 code [0x000001e087bfbd20, 0x000001e087bfbe58]
Event: 58.307 Thread 0x000001e0fe794800 3333       3       java.awt.BorderLayout::getChild (152 bytes)
Event: 58.309 Thread 0x000001e0fe794800 nmethod 3333 0x000001e080a82990 code [0x000001e080a82b60, 0x000001e080a830f8]
Event: 58.328 Thread 0x000001e0fe794800 3334       1       javax.swing.AbstractButton::getModel (5 bytes)
Event: 58.328 Thread 0x000001e0fe794800 nmethod 3334 0x000001e087bfbf10 code [0x000001e087bfc0a0, 0x000001e087bfc1d8]

GC Heap History (20 events):
Event: 6.464 GC heap before
{Heap before GC invocations=1 (full 0):
 garbage-first heap   total 65536K, used 7909K [0x00000000c1600000, 0x0000000100000000)
  region size 1024K, 5 young (5120K), 2 survivors (2048K)
 Metaspace       used 8630K, capacity 8948K, committed 9088K, reserved 1056768K
  class space    used 918K, capacity 1056K, committed 1152K, reserved 1048576K
}
Event: 6.470 GC heap after
{Heap after GC invocations=2 (full 0):
 garbage-first heap   total 65536K, used 6585K [0x00000000c1600000, 0x0000000100000000)
  region size 1024K, 1 young (1024K), 1 survivors (1024K)
 Metaspace       used 8630K, capacity 8948K, committed 9088K, reserved 1056768K
  class space    used 918K, capacity 1056K, committed 1152K, reserved 1048576K
}
Event: 14.372 GC heap before
{Heap before GC invocations=2 (full 0):
 garbage-first heap   total 65536K, used 22969K [0x00000000c1600000, 0x0000000100000000)
  region size 1024K, 18 young (18432K), 1 survivors (1024K)
 Metaspace       used 16566K, capacity 16971K, committed 17024K, reserved 1064960K
  class space    used 1773K, capacity 1915K, committed 1920K, reserved 1048576K
}
Event: 14.382 GC heap after
{Heap after GC invocations=3 (full 0):
 garbage-first heap   total 65536K, used 9472K [0x00000000c1600000, 0x0000000100000000)
  region size 1024K, 3 young (3072K), 3 survivors (3072K)
 Metaspace       used 16566K, capacity 16971K, committed 17024K, reserved 1064960K
  class space    used 1773K, capacity 1915K, committed 1920K, reserved 1048576K
}
Event: 20.467 GC heap before
{Heap before GC invocations=3 (full 0):
 garbage-first heap   total 65536K, used 19712K [0x00000000c1600000, 0x0000000100000000)
  region size 1024K, 13 young (13312K), 3 survivors (3072K)
 Metaspace       used 20693K, capacity 21171K, committed 21296K, reserved 1069056K
  class space    used 2240K, capacity 2419K, committed 2432K, reserved 1048576K
}
Event: 20.488 GC heap after
{Heap after GC invocations=4 (full 0):
 garbage-first heap   total 65536K, used 11977K [0x00000000c1600000, 0x0000000100000000)
  region size 1024K, 2 young (2048K), 2 survivors (2048K)
 Metaspace       used 20693K, capacity 21171K, committed 21296K, reserved 1069056K
  class space    used 2240K, capacity 2419K, committed 2432K, reserved 1048576K
}
Event: 46.079 GC heap before
{Heap before GC invocations=5 (full 0):
 garbage-first heap   total 48128K, used 30409K [0x00000000c1600000, 0x0000000100000000)
  region size 1024K, 20 young (20480K), 2 survivors (2048K)
 Metaspace       used 24108K, capacity 24655K, committed 24832K, reserved 1071104K
  class space    used 2612K, capacity 2811K, committed 2816K, reserved 1048576K
}
Event: 46.084 GC heap after
{Heap after GC invocations=6 (full 0):
 garbage-first heap   total 48128K, used 15320K [0x00000000c1600000, 0x0000000100000000)
  region size 1024K, 3 young (3072K), 3 survivors (3072K)
 Metaspace       used 24108K, capacity 24655K, committed 24832K, reserved 1071104K
  class space    used 2612K, capacity 2811K, committed 2816K, reserved 1048576K
}
Event: 48.685 GC heap before
{Heap before GC invocations=6 (full 0):
 garbage-first heap   total 48128K, used 17368K [0x00000000c1600000, 0x0000000100000000)
  region size 1024K, 6 young (6144K), 3 survivors (3072K)
 Metaspace       used 24188K, capacity 24787K, committed 24832K, reserved 1071104K
  class space    used 2631K, capacity 2812K, committed 2816K, reserved 1048576K
}
Event: 48.692 GC heap after
{Heap after GC invocations=7 (full 0):
 garbage-first heap   total 48128K, used 15198K [0x00000000c1600000, 0x0000000100000000)
  region size 1024K, 1 young (1024K), 1 survivors (1024K)
 Metaspace       used 24188K, capacity 24787K, committed 24832K, reserved 1071104K
  class space    used 2631K, capacity 2812K, committed 2816K, reserved 1048576K
}
Event: 48.915 GC heap before
{Heap before GC invocations=8 (full 0):
 garbage-first heap   total 220160K, used 140126K [0x00000000c1600000, 0x0000000100000000)
  region size 1024K, 12 young (12288K), 1 survivors (1024K)
 Metaspace       used 24189K, capacity 24787K, committed 24832K, reserved 1071104K
  class space    used 2631K, capacity 2812K, committed 2816K, reserved 1048576K
}
Event: 48.916 GC heap after
{Heap after GC invocations=9 (full 0):
 garbage-first heap   total 220160K, used 129733K [0x00000000c1600000, 0x0000000100000000)
  region size 1024K, 1 young (1024K), 1 survivors (1024K)
 Metaspace       used 24189K, capacity 24787K, committed 24832K, reserved 1071104K
  class space    used 2631K, capacity 2812K, committed 2816K, reserved 1048576K
}
Event: 49.066 GC heap before
{Heap before GC invocations=9 (full 0):
 garbage-first heap   total 220160K, used 157381K [0x00000000c1600000, 0x0000000100000000)
  region size 1024K, 29 young (29696K), 1 survivors (1024K)
 Metaspace       used 24190K, capacity 24787K, committed 24832K, reserved 1071104K
  class space    used 2631K, capacity 2812K, committed 2816K, reserved 1048576K
}
Event: 49.069 GC heap after
{Heap after GC invocations=10 (full 0):
 garbage-first heap   total 220160K, used 129701K [0x00000000c1600000, 0x0000000100000000)
  region size 1024K, 1 young (1024K), 1 survivors (1024K)
 Metaspace       used 24190K, capacity 24787K, committed 24832K, reserved 1071104K
  class space    used 2631K, capacity 2812K, committed 2816K, reserved 1048576K
}
Event: 49.360 GC heap before
{Heap before GC invocations=11 (full 0):
 garbage-first heap   total 227328K, used 176805K [0x00000000c1600000, 0x0000000100000000)
  region size 1024K, 47 young (48128K), 1 survivors (1024K)
 Metaspace       used 24190K, capacity 24787K, committed 24832K, reserved 1071104K
  class space    used 2631K, capacity 2812K, committed 2816K, reserved 1048576K
}
Event: 49.360 GC heap after
{Heap after GC invocations=12 (full 0):
 garbage-first heap   total 227328K, used 129685K [0x00000000c1600000, 0x0000000100000000)
  region size 1024K, 1 young (1024K), 1 survivors (1024K)
 Metaspace       used 24190K, capacity 24787K, committed 24832K, reserved 1071104K
  class space    used 2631K, capacity 2812K, committed 2816K, reserved 1048576K
}
Event: 58.312 GC heap before
{Heap before GC invocations=12 (full 0):
 garbage-first heap   total 227328K, used 163477K [0x00000000c1600000, 0x0000000100000000)
  region size 1024K, 35 young (35840K), 1 survivors (1024K)
 Metaspace       used 24216K, capacity 24787K, committed 24832K, reserved 1071104K
  class space    used 2632K, capacity 2812K, committed 2816K, reserved 1048576K
}
Event: 58.314 GC heap after
{Heap after GC invocations=13 (full 0):
 garbage-first heap   total 227328K, used 129356K [0x00000000c1600000, 0x0000000100000000)
  region size 1024K, 1 young (1024K), 1 survivors (1024K)
 Metaspace       used 24216K, capacity 24787K, committed 24832K, reserved 1071104K
  class space    used 2632K, capacity 2812K, committed 2816K, reserved 1048576K
}
Event: 59.819 GC heap before
{Heap before GC invocations=14 (full 0):
 garbage-first heap   total 227328K, used 133452K [0x00000000c1600000, 0x0000000100000000)
  region size 1024K, 2 young (2048K), 1 survivors (1024K)
 Metaspace       used 24339K, capacity 24883K, committed 25216K, reserved 1071104K
  class space    used 2647K, capacity 2844K, committed 2944K, reserved 1048576K
}
Event: 59.823 GC heap after
{Heap after GC invocations=15 (full 0):
 garbage-first heap   total 227328K, used 133459K [0x00000000c1600000, 0x0000000100000000)
  region size 1024K, 1 young (1024K), 1 survivors (1024K)
 Metaspace       used 24339K, capacity 24883K, committed 25216K, reserved 1071104K
  class space    used 2647K, capacity 2844K, committed 2944K, reserved 1048576K
}

Deoptimization events (20 events):
Event: 48.809 Thread 0x000001e0ff253800 Uncommon trap: trap_request=0xffffffc6 fr.pc=0x000001e087bc6bc8 relative=0x0000000000000768
Event: 48.809 Thread 0x000001e0ff253800 Uncommon trap: reason=bimorphic_or_optimized_type_check action=maybe_recompile pc=0x000001e087bc6bc8 method=java.io.BufferedInputStream.read1([BII)I @ 39 c2
Event: 48.809 Thread 0x000001e0ff253800 DEOPT PACKING pc=0x000001e087bc6bc8 sp=0x0000006bcacfed80
Event: 48.809 Thread 0x000001e0ff253800 DEOPT UNPACKING pc=0x000001e08004912f sp=0x0000006bcacfed48 mode 2
Event: 48.810 Thread 0x000001e0ff253800 Uncommon trap: trap_request=0xffffffc6 fr.pc=0x000001e087bc6bc8 relative=0x0000000000000768
Event: 48.810 Thread 0x000001e0ff253800 Uncommon trap: reason=bimorphic_or_optimized_type_check action=maybe_recompile pc=0x000001e087bc6bc8 method=java.io.BufferedInputStream.read1([BII)I @ 39 c2
Event: 48.810 Thread 0x000001e0ff253800 DEOPT PACKING pc=0x000001e087bc6bc8 sp=0x0000006bcacfed80
Event: 48.810 Thread 0x000001e0ff253800 DEOPT UNPACKING pc=0x000001e08004912f sp=0x0000006bcacfed48 mode 2
Event: 48.810 Thread 0x000001e0ff253800 Uncommon trap: trap_request=0xffffffc6 fr.pc=0x000001e087bc6bc8 relative=0x0000000000000768
Event: 48.810 Thread 0x000001e0ff253800 Uncommon trap: reason=bimorphic_or_optimized_type_check action=maybe_recompile pc=0x000001e087bc6bc8 method=java.io.BufferedInputStream.read1([BII)I @ 39 c2
Event: 48.810 Thread 0x000001e0ff253800 DEOPT PACKING pc=0x000001e087bc6bc8 sp=0x0000006bcacfed80
Event: 48.810 Thread 0x000001e0ff253800 DEOPT UNPACKING pc=0x000001e08004912f sp=0x0000006bcacfed48 mode 2
Event: 49.426 Thread 0x000001e0ff253800 Uncommon trap: trap_request=0xffffff45 fr.pc=0x000001e087bcefb4 relative=0x0000000000000814
Event: 49.426 Thread 0x000001e0ff253800 Uncommon trap: reason=unstable_if action=reinterpret pc=0x000001e087bcefb4 method=sun.awt.image.PNGImageDecoder.filterRow([B[BIII)V @ 4 c2
Event: 49.426 Thread 0x000001e0ff253800 DEOPT PACKING pc=0x000001e087bcefb4 sp=0x0000006bcacfede0
Event: 49.426 Thread 0x000001e0ff253800 DEOPT UNPACKING pc=0x000001e08004912f sp=0x0000006bcacfed18 mode 2
Event: 58.311 Thread 0x000001e0ff63f800 Uncommon trap: trap_request=0xffffff45 fr.pc=0x000001e087b2b6cc relative=0x000000000000012c
Event: 58.311 Thread 0x000001e0ff63f800 Uncommon trap: reason=unstable_if action=reinterpret pc=0x000001e087b2b6cc method=javax.swing.SwingUtilities.computeIntersection(IIIILjava/awt/Rectangle;)Ljava/awt/Rectangle; @ 90 c2
Event: 58.311 Thread 0x000001e0ff63f800 DEOPT PACKING pc=0x000001e087b2b6cc sp=0x0000006bc9ffe820
Event: 58.311 Thread 0x000001e0ff63f800 DEOPT UNPACKING pc=0x000001e08004912f sp=0x0000006bc9ffe780 mode 2

Classes unloaded (0 events):
No events

Classes redefined (0 events):
No events

Internal exceptions (20 events):
Event: 4.807 Thread 0x000001e0ff63f800 Exception <a 'java/lang/NoSuchMethodError'{0x00000000c4d95708}: 'java.lang.Object java.lang.invoke.DirectMethodHandle$Holder.invokeStatic(java.lang.Object, int, int, int)'> (0x00000000c4d95708) 
thrown [t:/workspace/open/src/hotspot/share/interpreter/linkResolver.cpp, line 767]
Event: 10.243 Thread 0x000001e0ff63f800 Exception <a 'java/lang/NoSuchMethodError'{0x00000000c4ecaf68}: 'java.lang.Object java.lang.invoke.DirectMethodHandle$Holder.invokeStaticInit(java.lang.Object, int, int, int, int)'> (0x00000000c4ecaf68) 
thrown [t:/workspace/open/src/hotspot/share/interpreter/linkResolver.cpp, line 767]
Event: 10.267 Thread 0x000001e0ff63f800 Exception <a 'sun/nio/fs/WindowsException'{0x00000000c4ed0ca8}> (0x00000000c4ed0ca8) 
thrown [t:/workspace/open/src/hotspot/share/prims/jni.cpp, line 598]
Event: 10.289 Thread 0x000001e0ff63f800 Exception <a 'java/lang/NoSuchMethodError'{0x00000000c4ed2890}: 'int java.lang.invoke.DirectMethodHandle$Holder.invokeSpecialIFC(java.lang.Object, java.lang.Object, int)'> (0x00000000c4ed2890) 
thrown [t:/workspace/open/src/hotspot/share/interpreter/linkResolver.cpp, line 767]
Event: 10.423 Thread 0x000001e0ff63f800 Exception <a 'java/lang/NoSuchMethodError'{0x00000000c4efb020}: 'int java.lang.invoke.DirectMethodHandle$Holder.invokeStaticInit(java.lang.Object, java.lang.Object, java.lang.Object, java.lang.Object)'> (0x00000000c4efb020) 
thrown [t:/workspace/open/src/hotspot/share/interpreter/linkResolver.cpp, line 767]
Event: 10.433 Thread 0x000001e0ff63f800 Exception <a 'java/lang/IncompatibleClassChangeError'{0x00000000c4d2fda0}: Found class java.lang.Object, but interface was expected> (0x00000000c4d2fda0) 
thrown [t:/workspace/open/src/hotspot/share/interpreter/linkResolver.cpp, line 833]
Event: 10.435 Thread 0x000001e0ff63f800 Exception <a 'java/lang/NoSuchMethodError'{0x00000000c4d32b58}: 'void java.lang.invoke.DirectMethodHandle$Holder.invokeStaticInit(java.lang.Object, java.lang.Object)'> (0x00000000c4d32b58) 
thrown [t:/workspace/open/src/hotspot/share/interpreter/linkResolver.cpp, line 767]
Event: 10.449 Thread 0x000001e0ff63f800 Exception <a 'java/lang/NoSuchMethodError'{0x00000000c4d386a8}: 'int java.lang.invoke.DirectMethodHandle$Holder.invokeStaticInit(java.lang.Object, java.lang.Object)'> (0x00000000c4d386a8) 
thrown [t:/workspace/open/src/hotspot/share/interpreter/linkResolver.cpp, line 767]
Event: 11.406 Thread 0x000001e0ff63f800 Exception <a 'java/lang/NoSuchMethodError'{0x00000000c4b3b0e8}: 'java.lang.Object java.lang.invoke.DirectMethodHandle$Holder.invokeStaticInit(java.lang.Object, java.lang.Object, int, int, int, int)'> (0x00000000c4b3b0e8) 
thrown [t:/workspace/open/src/hotspot/share/interpreter/linkResolver.cpp, line 767]
Event: 13.085 Thread 0x000001e0ff63f800 Exception <a 'java/lang/NullPointerException'{0x00000000c4ac5580}> (0x00000000c4ac5580) 
thrown [t:/workspace/open/src/hotspot/share/interpreter/linkResolver.cpp, line 1349]
Event: 13.086 Thread 0x000001e0ff63f800 Exception <a 'java/lang/reflect/InvocationTargetException'{0x00000000c4ac91b0}> (0x00000000c4ac91b0) 
thrown [t:/workspace/open/src/hotspot/share/runtime/reflection.cpp, line 1188]
Event: 13.654 Thread 0x000001e0ff63f800 Exception <a 'java/lang/NoSuchMethodError'{0x00000000c4813350}: 'java.lang.Object java.lang.invoke.DirectMethodHandle$Holder.invokeVirtual(java.lang.Object, java.lang.Object, java.lang.Object)'> (0x00000000c4813350) 
thrown [t:/workspace/open/src/hotspot/share/interpreter/linkResolver.cpp, line 767]
Event: 16.965 Thread 0x000001e0ff63f800 Exception <a 'java/lang/NoSuchMethodError'{0x00000000c5095cf8}: 'java.lang.Object java.lang.invoke.DirectMethodHandle$Holder.invokeVirtual(java.lang.Object, java.lang.Object, java.lang.Object, java.lang.Object)'> (0x00000000c5095cf8) 
thrown [t:/workspace/open/src/hotspot/share/interpreter/linkResolver.cpp, line 767]
Event: 17.507 Thread 0x000001e0ff63f800 Exception <a 'java/lang/NoSuchMethodError'{0x00000000c4f4d718}: 'void java.lang.invoke.DirectMethodHandle$Holder.invokeStaticInit(java.lang.Object)'> (0x00000000c4f4d718) 
thrown [t:/workspace/open/src/hotspot/share/interpreter/linkResolver.cpp, line 767]
Event: 17.537 Thread 0x000001e0ff63f800 Exception <a 'java/lang/NoSuchMethodError'{0x00000000c4fa6240}: 'java.lang.Object java.lang.invoke.Invokers$Holder.linkToTargetMethod(java.lang.Object, int, java.lang.Object)'> (0x00000000c4fa6240) 
thrown [t:/workspace/open/src/hotspot/share/interpreter/linkResolver.cpp, line 767]
Event: 30.232 Thread 0x000001e0ff63f800 Exception <a 'sun/nio/fs/WindowsException'{0x00000000c41fcb80}> (0x00000000c41fcb80) 
thrown [t:/workspace/open/src/hotspot/share/prims/jni.cpp, line 598]
Event: 30.951 Thread 0x000001e0ff251000 Exception <a 'java/lang/InterruptedException'{0x00000000c4072d70}: sleep interrupted> (0x00000000c4072d70) 
thrown [t:/workspace/open/src/hotspot/share/prims/jvm.cpp, line 2966]
Event: 42.153 Thread 0x000001e0ff63f800 Exception <a 'java/lang/NoSuchMethodError'{0x00000000c35d0f38}: 'void java.lang.invoke.DirectMethodHandle$Holder.invokeVirtual(java.lang.Object, java.lang.Object, java.lang.Object, int, int, int, int, double)'> (0x00000000c35d0f38) 
thrown [t:/workspace/open/src/hotspot/share/interpreter/linkResolver.cpp, line 767]
Event: 43.062 Thread 0x000001e0ff251000 Exception <a 'java/lang/InterruptedException'{0x00000000c33e47b0}: sleep interrupted> (0x00000000c33e47b0) 
thrown [t:/workspace/open/src/hotspot/share/prims/jvm.cpp, line 2966]
Event: 45.527 Thread 0x000001e0ff251000 Exception <a 'java/lang/InterruptedException'{0x00000000c3264750}: sleep interrupted> (0x00000000c3264750) 
thrown [t:/workspace/open/src/hotspot/share/prims/jvm.cpp, line 2966]

Events (20 events):
Event: 59.656 loading class sun/awt/geom/AreaOp$NZWindOp done
Event: 59.657 loading class sun/awt/geom/AreaOp$SubOp
Event: 59.657 loading class sun/awt/geom/AreaOp$CAGOp
Event: 59.657 loading class sun/awt/geom/AreaOp$CAGOp done
Event: 59.657 loading class sun/awt/geom/AreaOp$SubOp done
Event: 59.658 loading class java/awt/geom/AreaIterator
Event: 59.739 loading class java/awt/geom/AreaIterator done
Event: 59.789 loading class com/formdev/flatlaf/util/MultiResolutionImageSupport
Event: 59.789 loading class com/formdev/flatlaf/util/MultiResolutionImageSupport done
Event: 59.791 loading class com/formdev/flatlaf/util/MultiResolutionImageSupport$MappedMultiResolutionImage
Event: 59.791 loading class com/formdev/flatlaf/util/MultiResolutionImageSupport$MappedMultiResolutionImage done
Event: 59.793 loading class java/awt/image/AbstractMultiResolutionImage
Event: 59.793 loading class java/awt/image/AbstractMultiResolutionImage done
Event: 59.794 loading class java/awt/image/BaseMultiResolutionImage
Event: 59.816 loading class java/awt/image/BaseMultiResolutionImage done
Event: 59.816 loading class com/formdev/flatlaf/util/MultiResolutionImageSupport$ProducerMultiResolutionImage
Event: 59.816 loading class com/formdev/flatlaf/util/MultiResolutionImageSupport$ProducerMultiResolutionImage done
Event: 59.818 Executing VM operation: G1CollectForAllocation
Event: 59.823 Executing VM operation: G1CollectForAllocation done
Event: 59.876 Executing VM operation: G1Concurrent


Dynamic libraries:
0x00007ff6e1820000 - 0x00007ff6e182f000 	C:\Program Files\Java\jdk-13.0.2\bin\javaw.exe
0x00007ff84d620000 - 0x00007ff84d810000 	C:\Windows\SYSTEM32\ntdll.dll
0x00007ff84cb60000 - 0x00007ff84cc12000 	C:\Windows\System32\KERNEL32.DLL
0x00007ff84aa80000 - 0x00007ff84ad25000 	C:\Windows\System32\KERNELBASE.dll
0x00007ff84a8f0000 - 0x00007ff84a9ea000 	C:\Windows\System32\ucrtbase.dll
0x00007ff8401e0000 - 0x00007ff8401f5000 	C:\Program Files\Java\jdk-13.0.2\bin\VCRUNTIME140.dll
0x00007ff840150000 - 0x00007ff840168000 	C:\Program Files\Java\jdk-13.0.2\bin\jli.dll
0x00007ff84d490000 - 0x00007ff84d533000 	C:\Windows\System32\ADVAPI32.dll
0x00007ff84bc70000 - 0x00007ff84bd0e000 	C:\Windows\System32\msvcrt.dll
0x00007ff84bbd0000 - 0x00007ff84bc67000 	C:\Windows\System32\sechost.dll
0x00007ff84b6a0000 - 0x00007ff84b7bf000 	C:\Windows\System32\RPCRT4.dll
0x00007ff84d130000 - 0x00007ff84d2c4000 	C:\Windows\System32\USER32.dll
0x00007ff84b670000 - 0x00007ff84b691000 	C:\Windows\System32\win32u.dll
0x00007ff83bdd0000 - 0x00007ff83c054000 	C:\Windows\WinSxS\amd64_microsoft.windows.common-controls_6595b64144ccf1df_6.0.18362.1556_none_9e7e372fe45e41d5\COMCTL32.dll
0x00007ff84ca20000 - 0x00007ff84ca46000 	C:\Windows\System32\GDI32.dll
0x00007ff84b890000 - 0x00007ff84bbc6000 	C:\Windows\System32\combase.dll
0x00007ff84ad30000 - 0x00007ff84aec8000 	C:\Windows\System32\gdi32full.dll
0x00007ff84a560000 - 0x00007ff84a5fe000 	C:\Windows\System32\msvcp_win.dll
0x00007ff84a9f0000 - 0x00007ff84aa71000 	C:\Windows\System32\bcryptPrimitives.dll
0x00007ff840c10000 - 0x00007ff840c1a000 	C:\Windows\SYSTEM32\VERSION.dll
0x00007ff84c890000 - 0x00007ff84c8be000 	C:\Windows\System32\IMM32.DLL
0x00007ff82d680000 - 0x00007ff82d71b000 	C:\Program Files\Java\jdk-13.0.2\bin\msvcp140.dll
0x00007ff8018c0000 - 0x00007ff80241d000 	C:\Program Files\Java\jdk-13.0.2\bin\server\jvm.dll
0x00007ff84d120000 - 0x00007ff84d128000 	C:\Windows\System32\PSAPI.DLL
0x00007ff840140000 - 0x00007ff840149000 	C:\Windows\SYSTEM32\WSOCK32.dll
0x00007ff847f90000 - 0x00007ff847fb4000 	C:\Windows\SYSTEM32\WINMM.dll
0x00007ff84d540000 - 0x00007ff84d5af000 	C:\Windows\System32\WS2_32.dll
0x00007ff847f60000 - 0x00007ff847f8d000 	C:\Windows\SYSTEM32\WINMMBASE.dll
0x00007ff84a840000 - 0x00007ff84a88a000 	C:\Windows\System32\cfgmgr32.dll
0x00007ff84a4b0000 - 0x00007ff84a4c1000 	C:\Windows\System32\kernel.appcore.dll
0x00007ff840130000 - 0x00007ff840140000 	C:\Program Files\Java\jdk-13.0.2\bin\verify.dll
0x00007ff83b640000 - 0x00007ff83b834000 	C:\Windows\SYSTEM32\DBGHELP.DLL
0x00007ff83b610000 - 0x00007ff83b63a000 	C:\Windows\SYSTEM32\dbgcore.DLL
0x00007ff840100000 - 0x00007ff840126000 	C:\Program Files\Java\jdk-13.0.2\bin\java.dll
0x00007ff837410000 - 0x00007ff837427000 	C:\Program Files\Java\jdk-13.0.2\bin\zip.dll
0x00007ff8400f0000 - 0x00007ff8400fa000 	C:\Program Files\Java\jdk-13.0.2\bin\jimage.dll
0x00007ff84bd10000 - 0x00007ff84c3f7000 	C:\Windows\System32\SHELL32.dll
0x00007ff84ca50000 - 0x00007ff84caf8000 	C:\Windows\System32\shcore.dll
0x00007ff84aed0000 - 0x00007ff84b64b000 	C:\Windows\System32\windows.storage.dll
0x00007ff84a4d0000 - 0x00007ff84a4ee000 	C:\Windows\System32\profapi.dll
0x00007ff84a510000 - 0x00007ff84a55a000 	C:\Windows\System32\powrprof.dll
0x00007ff84a4a0000 - 0x00007ff84a4b0000 	C:\Windows\System32\UMPDC.dll
0x00007ff84cb00000 - 0x00007ff84cb52000 	C:\Windows\System32\shlwapi.dll
0x00007ff84b650000 - 0x00007ff84b667000 	C:\Windows\System32\cryptsp.dll
0x00007ff834810000 - 0x00007ff834829000 	C:\Program Files\Java\jdk-13.0.2\bin\net.dll
0x00007ff840820000 - 0x00007ff84091a000 	C:\Windows\SYSTEM32\WINHTTP.dll
0x00007ff849ce0000 - 0x00007ff849d47000 	C:\Windows\system32\mswsock.dll
0x00007ff8346a0000 - 0x00007ff8346b3000 	C:\Program Files\Java\jdk-13.0.2\bin\nio.dll
0x00007ff8076d0000 - 0x00007ff807869000 	C:\Program Files\Java\jdk-13.0.2\bin\awt.dll
0x00007ff84b7c0000 - 0x00007ff84b885000 	C:\Windows\System32\OLEAUT32.dll
0x00007ff848620000 - 0x00007ff8486af000 	C:\Windows\SYSTEM32\apphelp.dll
0x00007ff8487e0000 - 0x00007ff848879000 	C:\Windows\system32\uxtheme.dll
0x00007ff84c630000 - 0x00007ff84c765000 	C:\Windows\System32\MSCTF.dll
0x00007ff84d330000 - 0x00007ff84d487000 	C:\Windows\System32\ole32.dll
0x00007ff848dd0000 - 0x00007ff848dfd000 	C:\Windows\system32\DWMAPI.DLL
0x00007ff803ea0000 - 0x00007ff803ff6000 	C:\Windows\system32\opengl32.dll
0x00007ff8321d0000 - 0x00007ff8321fc000 	C:\Windows\SYSTEM32\GLU32.dll
0x00007ff8490e0000 - 0x00007ff849100000 	C:\Windows\SYSTEM32\dxcore.dll
0x00007ff80ec90000 - 0x00007ff80ed12000 	C:\Program Files\Java\jdk-13.0.2\bin\freetype.dll
0x00007ff807420000 - 0x00007ff8074c6000 	C:\Program Files\Java\jdk-13.0.2\bin\fontmanager.dll
0x00007ff849a30000 - 0x00007ff849afb000 	C:\Windows\SYSTEM32\DNSAPI.dll
0x00007ff84c8c0000 - 0x00007ff84c8c8000 	C:\Windows\System32\NSI.dll
0x00007ff8499f0000 - 0x00007ff849a2a000 	C:\Windows\SYSTEM32\IPHLPAPI.DLL
0x00007ff840810000 - 0x00007ff84081a000 	C:\Windows\System32\rasadhlp.dll
0x00007ff841430000 - 0x00007ff8414a7000 	C:\Windows\System32\fwpuclnt.dll
0x00007ff84a600000 - 0x00007ff84a626000 	C:\Windows\System32\bcrypt.dll
0x00007ff837400000 - 0x00007ff83740e000 	C:\Program Files\Java\jdk-13.0.2\bin\sunmscapi.dll
0x00007ff84a630000 - 0x00007ff84a781000 	C:\Windows\System32\CRYPT32.dll
0x00007ff84a4f0000 - 0x00007ff84a502000 	C:\Windows\System32\MSASN1.dll
0x00007ff849fc0000 - 0x00007ff849fe6000 	C:\Windows\SYSTEM32\ncrypt.dll
0x00007ff849f80000 - 0x00007ff849fbb000 	C:\Windows\SYSTEM32\NTASN1.dll
0x00007ff832760000 - 0x00007ff832785000 	C:\Program Files\Java\jdk-13.0.2\bin\sunec.dll
0x00007ff849860000 - 0x00007ff849893000 	C:\Windows\system32\rsaenh.dll
0x00007ff84a3c0000 - 0x00007ff84a3e5000 	C:\Windows\SYSTEM32\USERENV.dll
0x00007ff849eb0000 - 0x00007ff849ebc000 	C:\Windows\SYSTEM32\CRYPTBASE.dll
0x00007ff841590000 - 0x00007ff8415a6000 	C:\Windows\SYSTEM32\dhcpcsvc6.DLL
0x00007ff841660000 - 0x00007ff84167c000 	C:\Windows\SYSTEM32\dhcpcsvc.DLL
0x00007ff84c770000 - 0x00007ff84c812000 	C:\Windows\System32\clbcatq.dll
0x00007ff845060000 - 0x00007ff84520f000 	C:\Windows\SYSTEM32\WindowsCodecs.dll
0x00007ff82c040000 - 0x00007ff82c07b000 	C:\Windows\system32\dataexchange.dll
0x00007ff847b20000 - 0x00007ff847d7b000 	C:\Windows\system32\d3d11.dll
0x00007ff847d80000 - 0x00007ff847f5d000 	C:\Windows\system32\dcomp.dll
0x00007ff849170000 - 0x00007ff84925b000 	C:\Windows\system32\dxgi.dll
0x00007ff8488b0000 - 0x00007ff848b0a000 	C:\Windows\system32\twinapi.appcore.dll
0x00007ff848c00000 - 0x00007ff848c29000 	C:\Windows\system32\RMCLIENT.dll
0x00007ff83e970000 - 0x00007ff83ea0b000 	C:\Windows\System32\TextInputFramework.dll
0x00007ff848330000 - 0x00007ff848404000 	C:\Windows\System32\CoreMessaging.dll
0x00007ff8456b0000 - 0x00007ff8459da000 	C:\Windows\System32\CoreUIComponents.dll
0x00007ff846260000 - 0x00007ff8463b2000 	C:\Windows\SYSTEM32\wintypes.dll
0x00007ff8494e0000 - 0x00007ff849511000 	C:\Windows\SYSTEM32\ntmarta.dll
0x00007ff83d440000 - 0x00007ff83d6e7000 	C:\Windows\System32\iertutil.dll
0x00007ff8484b0000 - 0x00007ff8484b6000 	C:\Users\User\AppData\Local\Temp\flatlaf.temp\flatlaf-windows-x86_64-2652483210794000.dll
0x00007ff844030000 - 0x00007ff844037000 	C:\Program Files\Java\jdk-13.0.2\bin\jawt.dll

dbghelp: loaded successfully - version: 4.0.5 - missing functions: none
symbol engine: initialized successfully - sym options: 0x614 - pdb path: .;C:\Program Files\Java\jdk-13.0.2\bin;C:\Windows\SYSTEM32;C:\Windows\WinSxS\amd64_microsoft.windows.common-controls_6595b64144ccf1df_6.0.18362.1556_none_9e7e372fe45e41d5;C:\Program Files\Java\jdk-13.0.2\bin\server;C:\Users\User\AppData\Local\Temp\flatlaf.temp

VM Arguments:
jvm_args: -Dfile.encoding=Cp1252 
java_command: accounts.Login
java_class_path (initial): C:\Users\User\git\bakame\DriveOperations\target\classes;C:\Users\User\Desktop\Libraries\jgoodies-common-1.8.0.jar;C:\Users\User\Desktop\Libraries\jgoodies-forms-1.8.0.jar;C:\Users\User\Desktop\Libraries\miglayout15-swing.jar;C:\Users\User\Downloads\javax.mail.jar;C:\Users\User\Downloads\activation-1.1.1.jar;C:\Users\User\Downloads\jcalendar-1.4.jar;C:\Users\User\Downloads\jfreechart-1.0.19\lib\jcommon-1.0.23.jar;C:\Users\User\Downloads\jfreechart-1.0.19\lib\jfreechart-1.0.19.jar;C:\Users\User\Downloads\commons-net-3.8.0\commons-net-3.8.0.jar;C:\Users\User\Documents\Libs\comm-2.0.jar;C:\Users\User\Documents\Libs\http-2.2.1.jar;C:\Users\User\Downloads\JTattoo-1.6.13.jar;C:\Users\User\Desktop\Libs\jmespath-java-1.11.470.jar;C:\Users\User\Desktop\Libs\aws-java-sdk-core-1.12.65.jar;C:\Users\User\Desktop\Libs\aws-java-sdk-kms-1.12.65.jar;C:\Users\User\Desktop\Libs\aws-java-sdk-s3-1.12.65.jar;C:\Users\User\Desktop\Libs\commons-codec-1.15.jar;C:\Users\User\Desktop\Libs\commons-logging-1.1.3.jar;C:\Users\User\Desktop\Libs\httpclient-4.5.13.jar;C:\Users\User\Desktop\Libs\ion-java-1.0.2.jar;C:\Users\User\Desktop\Libs\jackson-annotations-2.12.3.jar;C:\Users\User\Desktop\Libs\jackson-core-2.12.3.jar;C:\Users\User\Desktop\Libs\jackson-databind-2.12.3.jar;C:\Users\User\Desktop\Libs\jackson-dataformat-cbor-2.12.3.jar;C:\Users\User\Desktop\Libs\jmespath-java-1.12.65.jar;C:\Users\User\Desktop\Libs\joda-time-2.8.1.jar;C:\Users\User\Desktop\Libs\mysql-connector-java-5.1.45.jar;C:\Users\User\.m2\repository\com\amazonaws\aws-java-sdk-s3\1.12.65\aws-java-sdk-s3-1.12.65.jar;C:\Users\User\.m2\repository\com\amazonaws\aws-java-sdk-kms\1.12.65\aws-java-sdk-kms-1.12.65.jar;C:\Users\User\.m2\repository\com\amazonaws\aws-java-sdk-core\1.12.65\aws-java-sdk-core-1.12.65.jar;C:\Users\User\.m2\repository\commons-logging\commons-logging\1.1.3\commons-logging-1.1.3.jar;C:\Users\User\.m2\repository\commons-codec\commons-codec\1.15\commons-codec-1.15.jar;C:\Users\User\.m2\re
Launcher Type: SUN_STANDARD

[Global flags]
     intx CICompilerCount                          = 3                                         {product} {ergonomic}
     uint ConcGCThreads                            = 1                                         {product} {ergonomic}
     uint G1ConcRefinementThreads                  = 4                                         {product} {ergonomic}
   size_t G1HeapRegionSize                         = 1048576                                   {product} {ergonomic}
    uintx GCDrainStackTargetSize                   = 64                                        {product} {ergonomic}
   size_t InitialHeapSize                          = 67108864                                  {product} {ergonomic}
   size_t MarkStackSize                            = 4194304                                   {product} {ergonomic}
   size_t MaxHeapSize                              = 1050673152                                {product} {ergonomic}
   size_t MaxNewSize                               = 630194176                                 {product} {ergonomic}
   size_t MinHeapDeltaBytes                        = 1048576                                   {product} {ergonomic}
   size_t MinHeapSize                              = 8388608                                   {product} {ergonomic}
    uintx NonNMethodCodeHeapSize                   = 5832780                                {pd product} {ergonomic}
    uintx NonProfiledCodeHeapSize                  = 122912730                              {pd product} {ergonomic}
    uintx ProfiledCodeHeapSize                     = 122912730                              {pd product} {ergonomic}
    uintx ReservedCodeCacheSize                    = 251658240                              {pd product} {ergonomic}
     bool SegmentedCodeCache                       = true                                      {product} {ergonomic}
   size_t SoftMaxHeapSize                          = 1050673152                             {manageable} {ergonomic}
     bool UseCompressedClassPointers               = true                                 {lp64_product} {ergonomic}
     bool UseCompressedOops                        = true                                 {lp64_product} {ergonomic}
     bool UseG1GC                                  = true                                      {product} {ergonomic}
     bool UseLargePagesIndividualAllocation        = false                                  {pd product} {ergonomic}

Logging:
Log output configuration:
 #0: stdout all=warning uptime,level,tags
 #1: stderr all=off uptime,level,tags

Environment Variables:
JAVA_HOME=C:\Program Files (x86)\Java\jre1.8.0_241
PATH=C:\Program Files\Java\jdk-13.0.2\bin;C:\Program Files (x86)\Common Files\Oracle\Java\javapath;C:\Windows\system32;C:\Windows;C:\Windows\System32\Wbem;C:\Windows\System32\WindowsPowerShell\v1.0\;C:\Windows\System32\OpenSSH\;C:\Program Files (x86)\apache-maven-3.8.1\bin;C:\Program Files (x86)\gradle-7.1.1\bin;C:\Users\User\Documents\Setup logiciels\mongosh-1.1.2-win32-x64\bin;C:\Program Files\Git\cmd;C:\Program Files\MySQL\MySQL Shell 8.0\bin\;C:\Users\User\AppData\Local\Microsoft\WindowsApps;C:\Users\User\AppData\Local\Programs\Microsoft VS Code\bin;C:\Program Files (x86)\gradle-7.1.1\bin;C:\Users\User\Downloads\platform-tools;C:\Users\User\Documents\Setup logiciels\mongosh-1.1.2-win32-x64\bin;C:\Users\User\AppData\Local\GitHubDesktop\bin;C:\Program Files\JetBrains\IntelliJ IDEA 2022.1.1\bin;
USERNAME=User
OS=Windows_NT
PROCESSOR_IDENTIFIER=Intel64 Family 6 Model 42 Stepping 7, GenuineIntel



---------------  S Y S T E M  ---------------

OS: Windows 10 , 64 bit Build 18362 (10.0.18362.1500)

CPU:total 4 (initial active 4) (2 cores per cpu, 2 threads per core) family 6 model 42 stepping 7, cmov, cx8, fxsr, mmx, sse, sse2, sse3, ssse3, sse4.1, sse4.2, popcnt, avx, aes, clmul, ht, tsc, tscinvbit

Memory: 4k page, system-wide physical 4006M (241M free)
TotalPageFile size 16294M (AvailPageFile size 50M)
current process WorkingSet (physical memory assigned to process): 279M, peak: 292M
current process commit charge ("private bytes"): 463M, peak: 536M

vm_info: Java HotSpot(TM) 64-Bit Server VM (13.0.2+8) for windows-amd64 JRE (13.0.2+8), built on Dec 11 2019 09:20:33 by "mach5one" with unknown MS VC++:1916

END.
