#
# There is insufficient memory for the Java Runtime Environment to continue.
# Native memory allocation (mmap) failed to map 42991616 bytes for Failed to commit area from 0x00000000cc600000 to 0x00000000cef00000 of length 42991616.
# Possible reasons:
#   The system is out of physical RAM or swap space
#   The process is running with CompressedOops enabled, and the Java Heap may be blocking the growth of the native heap
# Possible solutions:
#   Reduce memory load on the system
#   Increase physical memory or swap space
#   Check if swap backing store is full
#   Decrease Java heap size (-Xmx/-Xms)
#   Decrease number of Java threads
#   Decrease Java thread stack sizes (-Xss)
#   Set larger code cache with -XX:ReservedCodeCacheSize=
#   JVM is running with Unscaled Compressed Oops mode in which the Java heap is
#     placed in the first 4GB address space. The Java Heap base address is the
#     maximum limit for the native heap growth. Please use -XX:HeapBaseMinAddress
#     to set the Java Heap base and to place the Java Heap above 4GB virtual address.
# This output file may be truncated or incomplete.
#
#  Out of Memory Error (t:/workspace/open/src/hotspot/os/windows/os_windows.cpp:3301), pid=14532, tid=9196
#
# JRE version: Java(TM) SE Runtime Environment (13.0.2+8) (build 13.0.2+8)
# Java VM: Java HotSpot(TM) 64-Bit Server VM (13.0.2+8, mixed mode, sharing, tiered, compressed oops, g1 gc, windows-amd64)
# No core dump will be written. Minidumps are not enabled by default on client versions of Windows
#

---------------  S U M M A R Y ------------

Command Line: -Dfile.encoding=Cp1252 Application.Home

Host: Intel(R) Core(TM) i5-2520M CPU @ 2.50GHz, 4 cores, 3G,  Windows 10 , 64 bit Build 18362 (10.0.18362.1500)
Time: Wed Jun  1 14:10:59 2022 Afrique de l?Est elapsed time: 53 seconds (0d 0h 0m 53s)

---------------  T H R E A D  ---------------

Current thread (0x0000028971c3e000):  VMThread "VM Thread" [stack: 0x000000e4bf200000,0x000000e4bf300000] [id=9196]

Stack: [0x000000e4bf200000,0x000000e4bf300000]
[error occurred during error reporting (printing stack bounds), id 0xc0000005, EXCEPTION_ACCESS_VIOLATION (0xc0000005) at pc=0x000002895d9e10ad]

Native frames: (J=compiled Java code, j=interpreted, Vv=VM code, C=native code)
V  [jvm.dll+0x624f9a]
V  [jvm.dll+0x770cfa]
V  [jvm.dll+0x7724af]
V  [jvm.dll+0x772a15]
V  [jvm.dll+0x7729cb]
V  [jvm.dll+0x6244df]
C  [ntdll.dll+0x790b6]
C  [ntdll.dll+0x6a926]
C  [ntdll.dll+0xa0c6e]
C  0x000002895d9e10ad

VM_Operation (0x000000e4beeff270): G1Concurrent, mode: safepoint, requested by thread 0x0000028953d50000


---------------  P R O C E S S  ---------------

Threads class SMR info:
_java_thread_list=0x0000028972e8da50, length=22, elements={
0x0000028971c41000, 0x0000028971c44000, 0x0000028971c5d800, 0x0000028971c5f800,
0x0000028971c60800, 0x0000028971c71800, 0x0000028971c7a800, 0x00000289726bf800,
0x00000289726c6000, 0x0000028972a6b000, 0x0000028972a38800, 0x0000028972a3b000,
0x0000028972b2a800, 0x0000028953d17000, 0x0000028972b40800, 0x0000028972b6c000,
0x0000028973d6e800, 0x0000028973a87800, 0x0000028972f41000, 0x0000028972f3e800,
0x0000028972f42000, 0x0000028972f3f800
}

Java Threads: ( => current thread )
  0x0000028971c41000 JavaThread "Reference Handler" daemon [_thread_blocked, id=13232, stack(0x000000e4bf300000,0x000000e4bf400000)]
  0x0000028971c44000 JavaThread "Finalizer" daemon [_thread_blocked, id=4168, stack(0x000000e4bf400000,0x000000e4bf500000)]
  0x0000028971c5d800 JavaThread "Signal Dispatcher" daemon [_thread_blocked, id=11276, stack(0x000000e4bf500000,0x000000e4bf600000)]
  0x0000028971c5f800 JavaThread "Attach Listener" daemon [_thread_blocked, id=14340, stack(0x000000e4bf600000,0x000000e4bf700000)]
  0x0000028971c60800 JavaThread "C2 CompilerThread0" daemon [_thread_blocked, id=9728, stack(0x000000e4bf700000,0x000000e4bf800000)]
  0x0000028971c71800 JavaThread "C1 CompilerThread0" daemon [_thread_blocked, id=14712, stack(0x000000e4bf800000,0x000000e4bf900000)]
  0x0000028971c7a800 JavaThread "Sweeper thread" daemon [_thread_blocked, id=13392, stack(0x000000e4bf900000,0x000000e4bfa00000)]
  0x00000289726bf800 JavaThread "Service Thread" daemon [_thread_blocked, id=11616, stack(0x000000e4bfa00000,0x000000e4bfb00000)]
  0x00000289726c6000 JavaThread "Common-Cleaner" daemon [_thread_blocked, id=2484, stack(0x000000e4bfc00000,0x000000e4bfd00000)]
  0x0000028972a6b000 JavaThread "Java2D Disposer" daemon [_thread_blocked, id=12408, stack(0x000000e4bfd00000,0x000000e4bfe00000)]
  0x0000028972a38800 JavaThread "AWT-Shutdown" [_thread_blocked, id=9852, stack(0x000000e4bfe00000,0x000000e4bff00000)]
  0x0000028972a3b000 JavaThread "AWT-Windows" daemon [_thread_in_native, id=3800, stack(0x000000e4bff00000,0x000000e4c0000000)]
  0x0000028972b2a800 JavaThread "AWT-EventQueue-0" [_thread_blocked, id=10556, stack(0x000000e4c0000000,0x000000e4c0100000)]
  0x0000028953d17000 JavaThread "DestroyJavaVM" [_thread_blocked, id=6172, stack(0x000000e4bec00000,0x000000e4bed00000)]
  0x0000028972b40800 JavaThread "Abandoned connection cleanup thread" daemon [_thread_blocked, id=13052, stack(0x000000e4c0100000,0x000000e4c0200000)]
  0x0000028972b6c000 JavaThread "mysql-cj-abandoned-connection-cleanup" daemon [_thread_blocked, id=13920, stack(0x000000e4c0200000,0x000000e4c0300000)]
  0x0000028973d6e800 JavaThread "java-sdk-http-connection-reaper" daemon [_thread_blocked, id=10220, stack(0x000000e4c0700000,0x000000e4c0800000)]
  0x0000028973a87800 JavaThread "TimerQueue" daemon [_thread_blocked, id=12368, stack(0x000000e4c0b00000,0x000000e4c0c00000)]
  0x0000028972f41000 JavaThread "SwingWorker-pool-1-thread-1" daemon [_thread_blocked, id=5040, stack(0x000000e4c0d00000,0x000000e4c0e00000)]
  0x0000028972f3e800 JavaThread "SwingWorker-pool-1-thread-2" daemon [_thread_blocked, id=13704, stack(0x000000e4c0e00000,0x000000e4c0f00000)]
  0x0000028972f42000 JavaThread "SwingWorker-pool-1-thread-3" daemon [_thread_blocked, id=14640, stack(0x000000e4c0f00000,0x000000e4c1000000)]
  0x0000028972f3f800 JavaThread "Image Fetcher 0" daemon [_thread_blocked, id=14192, stack(0x000000e4c0a00000,0x000000e4c0b00000)]

Other Threads:
=>0x0000028971c3e000 VMThread "VM Thread" [stack: 0x000000e4bf200000,0x000000e4bf300000] [id=9196]
  0x00000289726c4000 WatcherThread [stack: 0x000000e4bfb00000,0x000000e4bfc00000] [id=3576]
  0x0000028953d46000 GCTaskThread "GC Thread#0" [stack: 0x000000e4bed00000,0x000000e4bee00000] [id=11112]
  0x0000028971cc4800 GCTaskThread "GC Thread#1" [stack: 0x000000e4c0300000,0x000000e4c0400000] [id=11852]
  0x0000028972885000 GCTaskThread "GC Thread#2" [stack: 0x000000e4c0400000,0x000000e4c0500000] [id=12668]
  0x0000028972be3000 GCTaskThread "GC Thread#3" [stack: 0x000000e4c0500000,0x000000e4c0600000] [id=13928]
  0x0000028953d50000 ConcurrentGCThread "G1 Main Marker" [stack: 0x000000e4bee00000,0x000000e4bef00000] [id=15156]
  0x0000028953d51000 ConcurrentGCThread "G1 Conc#0" [stack: 0x000000e4bef00000,0x000000e4bf000000] [id=5348]
  0x0000028953dab800 ConcurrentGCThread "G1 Refine#0" [stack: 0x000000e4bf000000,0x000000e4bf100000] [id=14344]
  0x00000289727db000 ConcurrentGCThread "G1 Refine#1" [stack: 0x000000e4c0600000,0x000000e4c0700000] [id=14796]
  0x0000028953dae000 ConcurrentGCThread "G1 Young RemSet Sampling" [stack: 0x000000e4bf100000,0x000000e4bf200000] [id=10444]

Threads with active compile tasks:
C2 CompilerThread0    56674 2480 % !   4       sun.awt.image.PNGImageDecoder::produceImage @ 960 (1917 bytes)

VM state:at safepoint (normal execution)

VM Mutex/Monitor currently owned by a thread:  ([mutex/lock_event])
[0x0000028953d13ce0] Threads_lock - owner thread: 0x0000028971c3e000
[0x0000028953d13c50] Heap_lock - owner thread: 0x0000028953d50000

Heap address: 0x00000000c1600000, size: 1002 MB, Compressed Oops mode: 32-bit
Narrow klass base: 0x0000000800000000, Narrow klass shift: 3
Compressed class space size: 1073741824 Address: 0x0000000800b40000

Heap:
 garbage-first heap   total 222208K, used 131212K [0x00000000c1600000, 0x0000000100000000)
  region size 1024K, 3 young (3072K), 2 survivors (2048K)
 Metaspace       used 29549K, capacity 30074K, committed 30332K, reserved 1075200K
  class space    used 3466K, capacity 3667K, committed 3788K, reserved 1048576K
Heap Regions: E=young(eden), S=young(survivor), O=old, HS=humongous(starts), HC=humongous(continues), CS=collection set, F=free, A=archive, TAMS=top-at-mark-start (previous, next)
|   0|0x00000000c1600000, 0x00000000c1700000, 0x00000000c1700000|100%| O|  |TAMS 0x00000000c1700000, 0x00000000c1600000| Updating 
|   1|0x00000000c1700000, 0x00000000c1800000, 0x00000000c1800000|100%| O|  |TAMS 0x00000000c1800000, 0x00000000c1700000| Updating 
|   2|0x00000000c1800000, 0x00000000c1900000, 0x00000000c1900000|100%| O|  |TAMS 0x00000000c1900000, 0x00000000c1800000| Updating 
|   3|0x00000000c1900000, 0x00000000c1a00000, 0x00000000c1a00000|100%| O|  |TAMS 0x00000000c1a00000, 0x00000000c1900000| Updating 
|   4|0x00000000c1a00000, 0x00000000c1b00000, 0x00000000c1b00000|100%| O|  |TAMS 0x00000000c1b00000, 0x00000000c1a00000| Updating 
|   5|0x00000000c1b00000, 0x00000000c1c00000, 0x00000000c1c00000|100%| O|  |TAMS 0x00000000c1c00000, 0x00000000c1b00000| Updating 
|   6|0x00000000c1c00000, 0x00000000c1d00000, 0x00000000c1d00000|100%| O|  |TAMS 0x00000000c1d00000, 0x00000000c1c00000| Updating 
|   7|0x00000000c1d00000, 0x00000000c1e00000, 0x00000000c1e00000|100%| O|  |TAMS 0x00000000c1e00000, 0x00000000c1d00000| Updating 
|   8|0x00000000c1e00000, 0x00000000c1ee8c00, 0x00000000c1f00000| 90%| O|  |TAMS 0x00000000c1ee8c00, 0x00000000c1e00000| Updating 
|   9|0x00000000c1f00000, 0x00000000c2000000, 0x00000000c2000000|100%| O|  |TAMS 0x00000000c2000000, 0x00000000c1f00000| Updating 
|  10|0x00000000c2000000, 0x00000000c2100000, 0x00000000c2100000|100%| O|  |TAMS 0x00000000c2100000, 0x00000000c2000000| Updating 
|  11|0x00000000c2100000, 0x00000000c2200000, 0x00000000c2200000|100%| O|  |TAMS 0x00000000c21b9800, 0x00000000c2100000| Updating 
|  12|0x00000000c2200000, 0x00000000c2300000, 0x00000000c2300000|100%| O|  |TAMS 0x00000000c2200000, 0x00000000c2200000| Untracked 
|  13|0x00000000c2300000, 0x00000000c2400000, 0x00000000c2400000|100%| O|  |TAMS 0x00000000c2300000, 0x00000000c2300000| Untracked 
|  14|0x00000000c2400000, 0x00000000c2400000, 0x00000000c2500000|  0%| F|  |TAMS 0x00000000c2400000, 0x00000000c2400000| Untracked 
|  15|0x00000000c2500000, 0x00000000c2500000, 0x00000000c2600000|  0%| F|  |TAMS 0x00000000c2500000, 0x00000000c2500000| Untracked 
|  16|0x00000000c2600000, 0x00000000c2600000, 0x00000000c2700000|  0%| F|  |TAMS 0x00000000c2600000, 0x00000000c2600000| Untracked 
|  17|0x00000000c2700000, 0x00000000c27f7c00, 0x00000000c2800000| 96%| O|  |TAMS 0x00000000c2700000, 0x00000000c2700000| Untracked 
|  18|0x00000000c2800000, 0x00000000c2800000, 0x00000000c2900000|  0%| F|  |TAMS 0x00000000c2800000, 0x00000000c2800000| Untracked 
|  19|0x00000000c2900000, 0x00000000c2900000, 0x00000000c2a00000|  0%| F|  |TAMS 0x00000000c2900000, 0x00000000c2900000| Untracked 
|  20|0x00000000c2a00000, 0x00000000c2a00000, 0x00000000c2b00000|  0%| F|  |TAMS 0x00000000c2a00000, 0x00000000c2a00000| Untracked 
|  21|0x00000000c2b00000, 0x00000000c2b00000, 0x00000000c2c00000|  0%| F|  |TAMS 0x00000000c2b00000, 0x00000000c2b00000| Untracked 
|  22|0x00000000c2c00000, 0x00000000c2c00000, 0x00000000c2d00000|  0%| F|  |TAMS 0x00000000c2c00000, 0x00000000c2c00000| Untracked 
|  23|0x00000000c2d00000, 0x00000000c2d00000, 0x00000000c2e00000|  0%| F|  |TAMS 0x00000000c2d00000, 0x00000000c2d00000| Untracked 
|  24|0x00000000c2e00000, 0x00000000c2e00000, 0x00000000c2f00000|  0%| F|  |TAMS 0x00000000c2e00000, 0x00000000c2e00000| Untracked 
|  25|0x00000000c2f00000, 0x00000000c2f00000, 0x00000000c3000000|  0%| F|  |TAMS 0x00000000c2f00000, 0x00000000c2f00000| Untracked 
|  26|0x00000000c3000000, 0x00000000c3000000, 0x00000000c3100000|  0%| F|  |TAMS 0x00000000c3000000, 0x00000000c3000000| Untracked 
|  27|0x00000000c3100000, 0x00000000c3100000, 0x00000000c3200000|  0%| F|  |TAMS 0x00000000c3100000, 0x00000000c3100000| Untracked 
|  28|0x00000000c3200000, 0x00000000c3200000, 0x00000000c3300000|  0%| F|  |TAMS 0x00000000c3200000, 0x00000000c3200000| Untracked 
|  29|0x00000000c3300000, 0x00000000c3300000, 0x00000000c3400000|  0%| F|  |TAMS 0x00000000c3300000, 0x00000000c3300000| Untracked 
|  30|0x00000000c3400000, 0x00000000c3400000, 0x00000000c3500000|  0%| F|  |TAMS 0x00000000c3400000, 0x00000000c3400000| Untracked 
|  31|0x00000000c3500000, 0x00000000c3500000, 0x00000000c3600000|  0%| F|  |TAMS 0x00000000c3500000, 0x00000000c3500000| Untracked 
|  32|0x00000000c3600000, 0x00000000c3600000, 0x00000000c3700000|  0%| F|  |TAMS 0x00000000c3600000, 0x00000000c3600000| Untracked 
|  33|0x00000000c3700000, 0x00000000c3700000, 0x00000000c3800000|  0%| F|  |TAMS 0x00000000c3700000, 0x00000000c3700000| Untracked 
|  34|0x00000000c3800000, 0x00000000c3800000, 0x00000000c3900000|  0%| F|  |TAMS 0x00000000c3800000, 0x00000000c3800000| Untracked 
|  35|0x00000000c3900000, 0x00000000c39428e8, 0x00000000c3a00000| 25%| S|CS|TAMS 0x00000000c3900000, 0x00000000c3900000| Complete 
|  36|0x00000000c3a00000, 0x00000000c3b00000, 0x00000000c3b00000|100%| S|CS|TAMS 0x00000000c3a00000, 0x00000000c3a00000| Complete 
|  37|0x00000000c3b00000, 0x00000000c3b00000, 0x00000000c3c00000|  0%| F|  |TAMS 0x00000000c3b00000, 0x00000000c3b00000| Untracked 
|  38|0x00000000c3c00000, 0x00000000c3c00000, 0x00000000c3d00000|  0%| F|  |TAMS 0x00000000c3c00000, 0x00000000c3c00000| Untracked 
|  39|0x00000000c3d00000, 0x00000000c3d00000, 0x00000000c3e00000|  0%| F|  |TAMS 0x00000000c3d00000, 0x00000000c3d00000| Untracked 
|  40|0x00000000c3e00000, 0x00000000c3e00000, 0x00000000c3f00000|  0%| F|  |TAMS 0x00000000c3e00000, 0x00000000c3e00000| Untracked 
|  41|0x00000000c3f00000, 0x00000000c3f00000, 0x00000000c4000000|  0%| F|  |TAMS 0x00000000c3f00000, 0x00000000c3f00000| Untracked 
|  42|0x00000000c4000000, 0x00000000c4000000, 0x00000000c4100000|  0%| F|  |TAMS 0x00000000c4000000, 0x00000000c4000000| Untracked 
|  43|0x00000000c4100000, 0x00000000c4100000, 0x00000000c4200000|  0%| F|  |TAMS 0x00000000c4100000, 0x00000000c4100000| Untracked 
|  44|0x00000000c4200000, 0x00000000c4200000, 0x00000000c4300000|  0%| F|  |TAMS 0x00000000c4200000, 0x00000000c4200000| Untracked 
|  45|0x00000000c4300000, 0x00000000c4300000, 0x00000000c4400000|  0%| F|  |TAMS 0x00000000c4300000, 0x00000000c4300000| Untracked 
|  46|0x00000000c4400000, 0x00000000c4400000, 0x00000000c4500000|  0%| F|  |TAMS 0x00000000c4400000, 0x00000000c4400000| Untracked 
|  47|0x00000000c4500000, 0x00000000c4500000, 0x00000000c4600000|  0%| F|  |TAMS 0x00000000c4500000, 0x00000000c4500000| Untracked 
|  48|0x00000000c4600000, 0x00000000c4600000, 0x00000000c4700000|  0%| F|  |TAMS 0x00000000c4600000, 0x00000000c4600000| Untracked 
|  49|0x00000000c4700000, 0x00000000c4700000, 0x00000000c4800000|  0%| F|  |TAMS 0x00000000c4700000, 0x00000000c4700000| Untracked 
|  50|0x00000000c4800000, 0x00000000c4800000, 0x00000000c4900000|  0%| F|  |TAMS 0x00000000c4800000, 0x00000000c4800000| Untracked 
|  51|0x00000000c4900000, 0x00000000c4900000, 0x00000000c4a00000|  0%| F|  |TAMS 0x00000000c4900000, 0x00000000c4900000| Untracked 
|  52|0x00000000c4a00000, 0x00000000c4a00000, 0x00000000c4b00000|  0%| F|  |TAMS 0x00000000c4a00000, 0x00000000c4a00000| Untracked 
|  53|0x00000000c4b00000, 0x00000000c4b00000, 0x00000000c4c00000|  0%| F|  |TAMS 0x00000000c4b00000, 0x00000000c4b00000| Untracked 
|  54|0x00000000c4c00000, 0x00000000c4c00000, 0x00000000c4d00000|  0%| F|  |TAMS 0x00000000c4c00000, 0x00000000c4c00000| Untracked 
|  55|0x00000000c4d00000, 0x00000000c4d00000, 0x00000000c4e00000|  0%| F|  |TAMS 0x00000000c4d00000, 0x00000000c4d00000| Untracked 
|  56|0x00000000c4e00000, 0x00000000c4e00000, 0x00000000c4f00000|  0%| F|  |TAMS 0x00000000c4e00000, 0x00000000c4e00000| Untracked 
|  57|0x00000000c4f00000, 0x00000000c4f00000, 0x00000000c5000000|  0%| F|  |TAMS 0x00000000c4f00000, 0x00000000c4f00000| Untracked 
|  58|0x00000000c5000000, 0x00000000c5000000, 0x00000000c5100000|  0%| F|  |TAMS 0x00000000c5000000, 0x00000000c5000000| Untracked 
|  59|0x00000000c5100000, 0x00000000c5100000, 0x00000000c5200000|  0%| F|  |TAMS 0x00000000c5100000, 0x00000000c5100000| Untracked 
|  60|0x00000000c5200000, 0x00000000c5200000, 0x00000000c5300000|  0%| F|  |TAMS 0x00000000c5200000, 0x00000000c5200000| Untracked 
|  61|0x00000000c5300000, 0x00000000c5300000, 0x00000000c5400000|  0%| F|  |TAMS 0x00000000c5300000, 0x00000000c5300000| Untracked 
|  62|0x00000000c5400000, 0x00000000c5400000, 0x00000000c5500000|  0%| F|  |TAMS 0x00000000c5400000, 0x00000000c5400000| Untracked 
|  63|0x00000000c5500000, 0x00000000c55972a0, 0x00000000c5600000| 59%| E|  |TAMS 0x00000000c5500000, 0x00000000c5500000| Complete 
|  64|0x00000000c5600000, 0x00000000c5700000, 0x00000000c5700000|100%|HS|  |TAMS 0x00000000c5600000, 0x00000000c5600000| Complete 
|  65|0x00000000c5700000, 0x00000000c5800000, 0x00000000c5800000|100%|HC|  |TAMS 0x00000000c5700000, 0x00000000c5700000| Complete 
|  66|0x00000000c5800000, 0x00000000c5900000, 0x00000000c5900000|100%|HC|  |TAMS 0x00000000c5800000, 0x00000000c5800000| Complete 
|  67|0x00000000c5900000, 0x00000000c5a00000, 0x00000000c5a00000|100%|HC|  |TAMS 0x00000000c5900000, 0x00000000c5900000| Complete 
|  68|0x00000000c5a00000, 0x00000000c5b00000, 0x00000000c5b00000|100%|HC|  |TAMS 0x00000000c5a00000, 0x00000000c5a00000| Complete 
|  69|0x00000000c5b00000, 0x00000000c5c00000, 0x00000000c5c00000|100%|HC|  |TAMS 0x00000000c5b00000, 0x00000000c5b00000| Complete 
|  70|0x00000000c5c00000, 0x00000000c5d00000, 0x00000000c5d00000|100%|HC|  |TAMS 0x00000000c5c00000, 0x00000000c5c00000| Complete 
|  71|0x00000000c5d00000, 0x00000000c5e00000, 0x00000000c5e00000|100%|HC|  |TAMS 0x00000000c5d00000, 0x00000000c5d00000| Complete 
|  72|0x00000000c5e00000, 0x00000000c5f00000, 0x00000000c5f00000|100%|HC|  |TAMS 0x00000000c5e00000, 0x00000000c5e00000| Complete 
|  73|0x00000000c5f00000, 0x00000000c6000000, 0x00000000c6000000|100%|HC|  |TAMS 0x00000000c5f00000, 0x00000000c5f00000| Complete 
|  74|0x00000000c6000000, 0x00000000c6100000, 0x00000000c6100000|100%|HC|  |TAMS 0x00000000c6000000, 0x00000000c6000000| Complete 
|  75|0x00000000c6100000, 0x00000000c6200000, 0x00000000c6200000|100%|HC|  |TAMS 0x00000000c6100000, 0x00000000c6100000| Complete 
|  76|0x00000000c6200000, 0x00000000c6300000, 0x00000000c6300000|100%|HC|  |TAMS 0x00000000c6200000, 0x00000000c6200000| Complete 
|  77|0x00000000c6300000, 0x00000000c6400000, 0x00000000c6400000|100%|HC|  |TAMS 0x00000000c6300000, 0x00000000c6300000| Complete 
|  78|0x00000000c6400000, 0x00000000c6500000, 0x00000000c6500000|100%|HC|  |TAMS 0x00000000c6400000, 0x00000000c6400000| Complete 
|  79|0x00000000c6500000, 0x00000000c6600000, 0x00000000c6600000|100%|HC|  |TAMS 0x00000000c6500000, 0x00000000c6500000| Complete 
|  80|0x00000000c6600000, 0x00000000c6700000, 0x00000000c6700000|100%|HC|  |TAMS 0x00000000c6600000, 0x00000000c6600000| Complete 
|  81|0x00000000c6700000, 0x00000000c6800000, 0x00000000c6800000|100%|HC|  |TAMS 0x00000000c6700000, 0x00000000c6700000| Complete 
|  82|0x00000000c6800000, 0x00000000c6900000, 0x00000000c6900000|100%|HC|  |TAMS 0x00000000c6800000, 0x00000000c6800000| Complete 
|  83|0x00000000c6900000, 0x00000000c6a00000, 0x00000000c6a00000|100%|HC|  |TAMS 0x00000000c6900000, 0x00000000c6900000| Complete 
|  84|0x00000000c6a00000, 0x00000000c6b00000, 0x00000000c6b00000|100%|HC|  |TAMS 0x00000000c6a00000, 0x00000000c6a00000| Complete 
|  85|0x00000000c6b00000, 0x00000000c6c00000, 0x00000000c6c00000|100%|HC|  |TAMS 0x00000000c6b00000, 0x00000000c6b00000| Complete 
|  86|0x00000000c6c00000, 0x00000000c6d00000, 0x00000000c6d00000|100%|HC|  |TAMS 0x00000000c6c00000, 0x00000000c6c00000| Complete 
|  87|0x00000000c6d00000, 0x00000000c6e00000, 0x00000000c6e00000|100%|HC|  |TAMS 0x00000000c6d00000, 0x00000000c6d00000| Complete 
|  88|0x00000000c6e00000, 0x00000000c6f00000, 0x00000000c6f00000|100%|HC|  |TAMS 0x00000000c6e00000, 0x00000000c6e00000| Complete 
|  89|0x00000000c6f00000, 0x00000000c7000000, 0x00000000c7000000|100%|HC|  |TAMS 0x00000000c6f00000, 0x00000000c6f00000| Complete 
|  90|0x00000000c7000000, 0x00000000c7100000, 0x00000000c7100000|100%|HC|  |TAMS 0x00000000c7000000, 0x00000000c7000000| Complete 
|  91|0x00000000c7100000, 0x00000000c7200000, 0x00000000c7200000|100%|HC|  |TAMS 0x00000000c7100000, 0x00000000c7100000| Complete 
|  92|0x00000000c7200000, 0x00000000c7300000, 0x00000000c7300000|100%|HC|  |TAMS 0x00000000c7200000, 0x00000000c7200000| Complete 
|  93|0x00000000c7300000, 0x00000000c7400000, 0x00000000c7400000|100%|HC|  |TAMS 0x00000000c7300000, 0x00000000c7300000| Complete 
|  94|0x00000000c7400000, 0x00000000c7500000, 0x00000000c7500000|100%|HC|  |TAMS 0x00000000c7400000, 0x00000000c7400000| Complete 
|  95|0x00000000c7500000, 0x00000000c7600000, 0x00000000c7600000|100%|HC|  |TAMS 0x00000000c7500000, 0x00000000c7500000| Complete 
|  96|0x00000000c7600000, 0x00000000c7700000, 0x00000000c7700000|100%|HC|  |TAMS 0x00000000c7600000, 0x00000000c7600000| Complete 
|  97|0x00000000c7700000, 0x00000000c7800000, 0x00000000c7800000|100%|HC|  |TAMS 0x00000000c7700000, 0x00000000c7700000| Complete 
|  98|0x00000000c7800000, 0x00000000c7900000, 0x00000000c7900000|100%|HC|  |TAMS 0x00000000c7800000, 0x00000000c7800000| Complete 
|  99|0x00000000c7900000, 0x00000000c7a00000, 0x00000000c7a00000|100%|HC|  |TAMS 0x00000000c7900000, 0x00000000c7900000| Complete 
| 100|0x00000000c7a00000, 0x00000000c7b00000, 0x00000000c7b00000|100%|HC|  |TAMS 0x00000000c7a00000, 0x00000000c7a00000| Complete 
| 101|0x00000000c7b00000, 0x00000000c7c00000, 0x00000000c7c00000|100%|HC|  |TAMS 0x00000000c7b00000, 0x00000000c7b00000| Complete 
| 102|0x00000000c7c00000, 0x00000000c7d00000, 0x00000000c7d00000|100%|HC|  |TAMS 0x00000000c7c00000, 0x00000000c7c00000| Complete 
| 103|0x00000000c7d00000, 0x00000000c7e00000, 0x00000000c7e00000|100%|HC|  |TAMS 0x00000000c7d00000, 0x00000000c7d00000| Complete 
| 104|0x00000000c7e00000, 0x00000000c7f00000, 0x00000000c7f00000|100%|HC|  |TAMS 0x00000000c7e00000, 0x00000000c7e00000| Complete 
| 105|0x00000000c7f00000, 0x00000000c8000000, 0x00000000c8000000|100%|HC|  |TAMS 0x00000000c7f00000, 0x00000000c7f00000| Complete 
| 106|0x00000000c8000000, 0x00000000c8100000, 0x00000000c8100000|100%|HC|  |TAMS 0x00000000c8000000, 0x00000000c8000000| Complete 
| 107|0x00000000c8100000, 0x00000000c8200000, 0x00000000c8200000|100%|HC|  |TAMS 0x00000000c8100000, 0x00000000c8100000| Complete 
| 108|0x00000000c8200000, 0x00000000c8300000, 0x00000000c8300000|100%|HC|  |TAMS 0x00000000c8200000, 0x00000000c8200000| Complete 
| 109|0x00000000c8300000, 0x00000000c8400000, 0x00000000c8400000|100%|HC|  |TAMS 0x00000000c8300000, 0x00000000c8300000| Complete 
| 110|0x00000000c8400000, 0x00000000c8500000, 0x00000000c8500000|100%|HC|  |TAMS 0x00000000c8400000, 0x00000000c8400000| Complete 
| 111|0x00000000c8500000, 0x00000000c8600000, 0x00000000c8600000|100%|HC|  |TAMS 0x00000000c8500000, 0x00000000c8500000| Complete 
| 112|0x00000000c8600000, 0x00000000c8700000, 0x00000000c8700000|100%|HC|  |TAMS 0x00000000c8600000, 0x00000000c8600000| Complete 
| 113|0x00000000c8700000, 0x00000000c8800000, 0x00000000c8800000|100%|HC|  |TAMS 0x00000000c8700000, 0x00000000c8700000| Complete 
| 114|0x00000000c8800000, 0x00000000c8900000, 0x00000000c8900000|100%|HC|  |TAMS 0x00000000c8800000, 0x00000000c8800000| Complete 
| 115|0x00000000c8900000, 0x00000000c8a00000, 0x00000000c8a00000|100%|HC|  |TAMS 0x00000000c8900000, 0x00000000c8900000| Complete 
| 116|0x00000000c8a00000, 0x00000000c8b00000, 0x00000000c8b00000|100%|HC|  |TAMS 0x00000000c8a00000, 0x00000000c8a00000| Complete 
| 117|0x00000000c8b00000, 0x00000000c8c00000, 0x00000000c8c00000|100%|HC|  |TAMS 0x00000000c8b00000, 0x00000000c8b00000| Complete 
| 118|0x00000000c8c00000, 0x00000000c8d00000, 0x00000000c8d00000|100%|HC|  |TAMS 0x00000000c8c00000, 0x00000000c8c00000| Complete 
| 119|0x00000000c8d00000, 0x00000000c8e00000, 0x00000000c8e00000|100%|HC|  |TAMS 0x00000000c8d00000, 0x00000000c8d00000| Complete 
| 120|0x00000000c8e00000, 0x00000000c8f00000, 0x00000000c8f00000|100%|HC|  |TAMS 0x00000000c8e00000, 0x00000000c8e00000| Complete 
| 121|0x00000000c8f00000, 0x00000000c9000000, 0x00000000c9000000|100%|HC|  |TAMS 0x00000000c8f00000, 0x00000000c8f00000| Complete 
| 122|0x00000000c9000000, 0x00000000c9100000, 0x00000000c9100000|100%|HC|  |TAMS 0x00000000c9000000, 0x00000000c9000000| Complete 
| 123|0x00000000c9100000, 0x00000000c9200000, 0x00000000c9200000|100%|HC|  |TAMS 0x00000000c9100000, 0x00000000c9100000| Complete 
| 124|0x00000000c9200000, 0x00000000c9300000, 0x00000000c9300000|100%|HC|  |TAMS 0x00000000c9200000, 0x00000000c9200000| Complete 
| 125|0x00000000c9300000, 0x00000000c9400000, 0x00000000c9400000|100%|HC|  |TAMS 0x00000000c9300000, 0x00000000c9300000| Complete 
| 126|0x00000000c9400000, 0x00000000c9500000, 0x00000000c9500000|100%|HC|  |TAMS 0x00000000c9400000, 0x00000000c9400000| Complete 
| 127|0x00000000c9500000, 0x00000000c9600000, 0x00000000c9600000|100%|HC|  |TAMS 0x00000000c9500000, 0x00000000c9500000| Complete 
| 128|0x00000000c9600000, 0x00000000c9700000, 0x00000000c9700000|100%|HC|  |TAMS 0x00000000c9600000, 0x00000000c9600000| Complete 
| 129|0x00000000c9700000, 0x00000000c9800000, 0x00000000c9800000|100%|HC|  |TAMS 0x00000000c9700000, 0x00000000c9700000| Complete 
| 130|0x00000000c9800000, 0x00000000c9900000, 0x00000000c9900000|100%|HC|  |TAMS 0x00000000c9800000, 0x00000000c9800000| Complete 
| 131|0x00000000c9900000, 0x00000000c9a00000, 0x00000000c9a00000|100%|HC|  |TAMS 0x00000000c9900000, 0x00000000c9900000| Complete 
| 132|0x00000000c9a00000, 0x00000000c9b00000, 0x00000000c9b00000|100%|HC|  |TAMS 0x00000000c9a00000, 0x00000000c9a00000| Complete 
| 133|0x00000000c9b00000, 0x00000000c9c00000, 0x00000000c9c00000|100%|HC|  |TAMS 0x00000000c9b00000, 0x00000000c9b00000| Complete 
| 134|0x00000000c9c00000, 0x00000000c9d00000, 0x00000000c9d00000|100%|HC|  |TAMS 0x00000000c9c00000, 0x00000000c9c00000| Complete 
| 135|0x00000000c9d00000, 0x00000000c9e00000, 0x00000000c9e00000|100%|HC|  |TAMS 0x00000000c9d00000, 0x00000000c9d00000| Complete 
| 136|0x00000000c9e00000, 0x00000000c9f00000, 0x00000000c9f00000|100%|HC|  |TAMS 0x00000000c9e00000, 0x00000000c9e00000| Complete 
| 137|0x00000000c9f00000, 0x00000000ca000000, 0x00000000ca000000|100%|HC|  |TAMS 0x00000000c9f00000, 0x00000000c9f00000| Complete 
| 138|0x00000000ca000000, 0x00000000ca100000, 0x00000000ca100000|100%|HC|  |TAMS 0x00000000ca000000, 0x00000000ca000000| Complete 
| 139|0x00000000ca100000, 0x00000000ca200000, 0x00000000ca200000|100%|HC|  |TAMS 0x00000000ca100000, 0x00000000ca100000| Complete 
| 140|0x00000000ca200000, 0x00000000ca300000, 0x00000000ca300000|100%|HC|  |TAMS 0x00000000ca200000, 0x00000000ca200000| Complete 
| 141|0x00000000ca300000, 0x00000000ca400000, 0x00000000ca400000|100%|HC|  |TAMS 0x00000000ca300000, 0x00000000ca300000| Complete 
| 142|0x00000000ca400000, 0x00000000ca500000, 0x00000000ca500000|100%|HC|  |TAMS 0x00000000ca400000, 0x00000000ca400000| Complete 
| 143|0x00000000ca500000, 0x00000000ca600000, 0x00000000ca600000|100%|HC|  |TAMS 0x00000000ca500000, 0x00000000ca500000| Complete 
| 144|0x00000000ca600000, 0x00000000ca700000, 0x00000000ca700000|100%|HC|  |TAMS 0x00000000ca600000, 0x00000000ca600000| Complete 
| 145|0x00000000ca700000, 0x00000000ca800000, 0x00000000ca800000|100%|HC|  |TAMS 0x00000000ca700000, 0x00000000ca700000| Complete 
| 146|0x00000000ca800000, 0x00000000ca900000, 0x00000000ca900000|100%|HC|  |TAMS 0x00000000ca800000, 0x00000000ca800000| Complete 
| 147|0x00000000ca900000, 0x00000000caa00000, 0x00000000caa00000|100%|HC|  |TAMS 0x00000000ca900000, 0x00000000ca900000| Complete 
| 148|0x00000000caa00000, 0x00000000cab00000, 0x00000000cab00000|100%|HC|  |TAMS 0x00000000caa00000, 0x00000000caa00000| Complete 
| 149|0x00000000cab00000, 0x00000000cac00000, 0x00000000cac00000|100%|HC|  |TAMS 0x00000000cab00000, 0x00000000cab00000| Complete 
| 150|0x00000000cac00000, 0x00000000cad00000, 0x00000000cad00000|100%|HC|  |TAMS 0x00000000cac00000, 0x00000000cac00000| Complete 
| 151|0x00000000cad00000, 0x00000000cae00000, 0x00000000cae00000|100%|HC|  |TAMS 0x00000000cad00000, 0x00000000cad00000| Complete 
| 152|0x00000000cae00000, 0x00000000caf00000, 0x00000000caf00000|100%|HC|  |TAMS 0x00000000cae00000, 0x00000000cae00000| Complete 
| 153|0x00000000caf00000, 0x00000000cb000000, 0x00000000cb000000|100%|HC|  |TAMS 0x00000000caf00000, 0x00000000caf00000| Complete 
| 154|0x00000000cb000000, 0x00000000cb100000, 0x00000000cb100000|100%|HC|  |TAMS 0x00000000cb000000, 0x00000000cb000000| Complete 
| 155|0x00000000cb100000, 0x00000000cb200000, 0x00000000cb200000|100%|HC|  |TAMS 0x00000000cb100000, 0x00000000cb100000| Complete 
| 156|0x00000000cb200000, 0x00000000cb300000, 0x00000000cb300000|100%|HC|  |TAMS 0x00000000cb200000, 0x00000000cb200000| Complete 
| 157|0x00000000cb300000, 0x00000000cb400000, 0x00000000cb400000|100%|HC|  |TAMS 0x00000000cb300000, 0x00000000cb300000| Complete 
| 158|0x00000000cb400000, 0x00000000cb500000, 0x00000000cb500000|100%|HC|  |TAMS 0x00000000cb400000, 0x00000000cb400000| Complete 
| 159|0x00000000cb500000, 0x00000000cb600000, 0x00000000cb600000|100%|HC|  |TAMS 0x00000000cb500000, 0x00000000cb500000| Complete 
| 160|0x00000000cb600000, 0x00000000cb700000, 0x00000000cb700000|100%|HC|  |TAMS 0x00000000cb600000, 0x00000000cb600000| Complete 
| 161|0x00000000cb700000, 0x00000000cb800000, 0x00000000cb800000|100%|HC|  |TAMS 0x00000000cb700000, 0x00000000cb700000| Complete 
| 162|0x00000000cb800000, 0x00000000cb900000, 0x00000000cb900000|100%|HC|  |TAMS 0x00000000cb800000, 0x00000000cb800000| Complete 
| 163|0x00000000cb900000, 0x00000000cba00000, 0x00000000cba00000|100%|HC|  |TAMS 0x00000000cb900000, 0x00000000cb900000| Complete 
| 164|0x00000000cba00000, 0x00000000cbb00000, 0x00000000cbb00000|100%|HC|  |TAMS 0x00000000cba00000, 0x00000000cba00000| Complete 
| 165|0x00000000cbb00000, 0x00000000cbc00000, 0x00000000cbc00000|100%|HC|  |TAMS 0x00000000cbb00000, 0x00000000cbb00000| Complete 
| 166|0x00000000cbc00000, 0x00000000cbd00000, 0x00000000cbd00000|100%|HC|  |TAMS 0x00000000cbc00000, 0x00000000cbc00000| Complete 
| 167|0x00000000cbd00000, 0x00000000cbe00000, 0x00000000cbe00000|100%|HC|  |TAMS 0x00000000cbd00000, 0x00000000cbd00000| Complete 
| 168|0x00000000cbe00000, 0x00000000cbf00000, 0x00000000cbf00000|100%|HC|  |TAMS 0x00000000cbe00000, 0x00000000cbe00000| Complete 
| 169|0x00000000cbf00000, 0x00000000cc000000, 0x00000000cc000000|100%|HC|  |TAMS 0x00000000cbf00000, 0x00000000cbf00000| Complete 
| 170|0x00000000cc000000, 0x00000000cc100000, 0x00000000cc100000|100%|HC|  |TAMS 0x00000000cc000000, 0x00000000cc000000| Complete 
| 171|0x00000000cc100000, 0x00000000cc200000, 0x00000000cc200000|100%|HC|  |TAMS 0x00000000cc100000, 0x00000000cc100000| Complete 
| 172|0x00000000cc200000, 0x00000000cc300000, 0x00000000cc300000|100%|HC|  |TAMS 0x00000000cc200000, 0x00000000cc200000| Complete 
| 173|0x00000000cc300000, 0x00000000cc400000, 0x00000000cc400000|100%|HC|  |TAMS 0x00000000cc300000, 0x00000000cc300000| Complete 
| 174|0x00000000cc400000, 0x00000000cc500000, 0x00000000cc500000|100%|HC|  |TAMS 0x00000000cc400000, 0x00000000cc400000| Complete 
| 175|0x00000000cc500000, 0x00000000cc600000, 0x00000000cc600000|100%|HC|  |TAMS 0x00000000cc500000, 0x00000000cc500000| Complete 

Card table byte_map: [0x000002896d350000,0x000002896d550000] _byte_map_base: 0x000002896cd45000

Marking Bits (Prev, Next): (CMBitMap*) 0x0000028953d46b28, (CMBitMap*) 0x0000028953d46b68
 Prev Bits: [0x000002896d750000, 0x000002896e6f8000)
 Next Bits: [0x000002896e700000, 0x000002896f6a8000)

Polling page: 0x0000028953b30000

Metaspace:

Usage:
  Non-class:     25.79 MB capacity,    25.47 MB ( 99%) used,   266.91 KB (  1%) free+waste,    57.06 KB ( <1%) overhead. 
      Class:      3.58 MB capacity,     3.39 MB ( 95%) used,   171.91 KB (  5%) free+waste,    28.25 KB ( <1%) overhead. 
       Both:     29.37 MB capacity,    28.86 MB ( 98%) used,   438.83 KB (  1%) free+waste,    85.31 KB ( <1%) overhead. 

Virtual space:
  Non-class space:       26.00 MB reserved,      25.92 MB (>99%) committed 
      Class space:        1.00 GB reserved,       3.70 MB ( <1%) committed 
             Both:        1.03 GB reserved,      29.62 MB (  3%) committed 

Chunk freelists:
   Non-Class:  9.00 KB
       Class:  13.00 KB
        Both:  22.00 KB

MaxMetaspaceSize: 17179869184.00 GB
CompressedClassSpaceSize: 1.00 GB

CodeHeap 'non-profiled nmethods': size=120000Kb used=938Kb max_used=1049Kb free=119061Kb
 bounds [0x00000289654b0000, 0x0000028965720000, 0x000002896c9e0000]
CodeHeap 'profiled nmethods': size=120000Kb used=4196Kb max_used=4908Kb free=115803Kb
 bounds [0x000002895df80000, 0x000002895e460000, 0x00000289654b0000]
CodeHeap 'non-nmethods': size=5760Kb used=1389Kb max_used=1403Kb free=4370Kb
 bounds [0x000002895d9e0000, 0x000002895dc50000, 0x000002895df80000]
 total_blobs=4091 nmethods=2118 adapters=606
 compilation: enabled
              stopped_count=0, restarted_count=0
 full_count=0

Compilation events (20 events):
Event: 50.893 Thread 0x0000028971c71800 nmethod 2468 0x000002895e180510 code [0x000002895e1806c0, 0x000002895e180970]
Event: 50.965 Thread 0x0000028971c71800 2470       3       jdk.internal.reflect.Reflection::isSubclassOf (21 bytes)
Event: 50.965 Thread 0x0000028971c71800 nmethod 2470 0x000002895e187d10 code [0x000002895e187ec0, 0x000002895e188150]
Event: 50.965 Thread 0x0000028971c71800 2469       3       jdk.internal.reflect.ReflectionFactory::newConstructorAccessor (154 bytes)
Event: 50.968 Thread 0x0000028971c71800 nmethod 2469 0x000002895e071a10 code [0x000002895e071de0, 0x000002895e073a00]
Event: 51.137 Thread 0x0000028971c71800 2471       3       java.lang.invoke.LambdaFormBuffer::changeName (149 bytes)
Event: 51.139 Thread 0x0000028971c71800 nmethod 2471 0x000002895e071090 code [0x000002895e071280, 0x000002895e071850]
Event: 51.142 Thread 0x0000028971c71800 2472       3       java.lang.invoke.ClassSpecializer$SpeciesData::getterFunction (78 bytes)
Event: 51.143 Thread 0x0000028971c71800 nmethod 2472 0x000002895e321090 code [0x000002895e321240, 0x000002895e3215d0]
Event: 51.143 Thread 0x0000028971c71800 2473       3       java.lang.invoke.InvokerBytecodeGenerator::emitReferenceCast (192 bytes)
Event: 51.147 Thread 0x0000028971c71800 nmethod 2473 0x000002895e1aa190 code [0x000002895e1aa480, 0x000002895e1ab470]
Event: 51.147 Thread 0x0000028971c71800 2475       3       java.lang.reflect.Modifier::isPrivate (12 bytes)
Event: 51.148 Thread 0x0000028971c71800 nmethod 2475 0x000002895e195010 code [0x000002895e1951c0, 0x000002895e195358]
Event: 51.148 Thread 0x0000028971c71800 2474       3       java.lang.invoke.LambdaFormEditor$Transform::packedBytes (32 bytes)
Event: 51.149 Thread 0x0000028971c71800 nmethod 2474 0x000002895e12c890 code [0x000002895e12ca20, 0x000002895e12cb78]
Event: 51.553 Thread 0x0000028971c60800 2478 %     4       sun.awt.image.PNGImageDecoder::update_crc @ 3 (41 bytes)
Event: 51.571 Thread 0x0000028971c60800 nmethod 2478% 0x00000289654ccd10 code [0x00000289654ccea0, 0x00000289654cd118]
Event: 51.571 Thread 0x0000028971c60800 2479       4       sun.awt.image.PNGImageDecoder::update_crc (41 bytes)
Event: 51.704 Thread 0x0000028971c60800 nmethod 2479 0x00000289654f7d10 code [0x00000289654f7ea0, 0x00000289654f8058]
Event: 51.709 Thread 0x0000028971c60800 2480 % !   4       sun.awt.image.PNGImageDecoder::produceImage @ 960 (1917 bytes)

GC Heap History (12 events):
Event: 6.805 GC heap before
{Heap before GC invocations=0 (full 0):
 garbage-first heap   total 65536K, used 14336K [0x00000000c1600000, 0x0000000100000000)
  region size 1024K, 14 young (14336K), 0 survivors (0K)
 Metaspace       used 6164K, capacity 7079K, committed 7168K, reserved 1056768K
  class space    used 573K, capacity 684K, committed 768K, reserved 1048576K
}
Event: 6.813 GC heap after
{Heap after GC invocations=1 (full 0):
 garbage-first heap   total 65536K, used 5702K [0x00000000c1600000, 0x0000000100000000)
  region size 1024K, 2 young (2048K), 2 survivors (2048K)
 Metaspace       used 6164K, capacity 7079K, committed 7168K, reserved 1056768K
  class space    used 573K, capacity 684K, committed 768K, reserved 1048576K
}
Event: 10.124 GC heap before
{Heap before GC invocations=1 (full 0):
 garbage-first heap   total 65536K, used 7750K [0x00000000c1600000, 0x0000000100000000)
  region size 1024K, 4 young (4096K), 2 survivors (2048K)
 Metaspace       used 7566K, capacity 7744K, committed 8064K, reserved 1056768K
  class space    used 719K, capacity 795K, committed 896K, reserved 1048576K
}
Event: 10.133 GC heap after
{Heap after GC invocations=2 (full 0):
 garbage-first heap   total 65536K, used 6405K [0x00000000c1600000, 0x0000000100000000)
  region size 1024K, 1 young (1024K), 1 survivors (1024K)
 Metaspace       used 7566K, capacity 7744K, committed 8064K, reserved 1056768K
  class space    used 719K, capacity 795K, committed 896K, reserved 1048576K
}
Event: 23.574 GC heap before
{Heap before GC invocations=2 (full 0):
 garbage-first heap   total 65536K, used 23813K [0x00000000c1600000, 0x0000000100000000)
  region size 1024K, 19 young (19456K), 1 survivors (1024K)
 Metaspace       used 14986K, capacity 15247K, committed 15616K, reserved 1062912K
  class space    used 1569K, capacity 1677K, committed 1792K, reserved 1048576K
}
Event: 23.584 GC heap after
{Heap after GC invocations=3 (full 0):
 garbage-first heap   total 65536K, used 8996K [0x00000000c1600000, 0x0000000100000000)
  region size 1024K, 3 young (3072K), 3 survivors (3072K)
 Metaspace       used 14986K, capacity 15247K, committed 15616K, reserved 1062912K
  class space    used 1569K, capacity 1677K, committed 1792K, reserved 1048576K
}
Event: 29.249 GC heap before
{Heap before GC invocations=3 (full 0):
 garbage-first heap   total 65536K, used 27428K [0x00000000c1600000, 0x0000000100000000)
  region size 1024K, 22 young (22528K), 3 survivors (3072K)
 Metaspace       used 20872K, capacity 21200K, committed 21296K, reserved 1069056K
  class space    used 2253K, capacity 2411K, committed 2432K, reserved 1048576K
}
Event: 29.258 GC heap after
{Heap after GC invocations=4 (full 0):
 garbage-first heap   total 65536K, used 10553K [0x00000000c1600000, 0x0000000100000000)
  region size 1024K, 2 young (2048K), 2 survivors (2048K)
 Metaspace       used 20872K, capacity 21200K, committed 21296K, reserved 1069056K
  class space    used 2253K, capacity 2411K, committed 2432K, reserved 1048576K
}
Event: 40.420 GC heap before
{Heap before GC invocations=5 (full 0):
 garbage-first heap   total 40960K, used 31033K [0x00000000c1600000, 0x0000000100000000)
  region size 1024K, 23 young (23552K), 2 survivors (2048K)
 Metaspace       used 26637K, capacity 27152K, committed 27260K, reserved 1073152K
  class space    used 3025K, capacity 3204K, committed 3276K, reserved 1048576K
}
Event: 40.441 GC heap after
{Heap after GC invocations=6 (full 0):
 garbage-first heap   total 40960K, used 14985K [0x00000000c1600000, 0x0000000100000000)
  region size 1024K, 3 young (3072K), 3 survivors (3072K)
 Metaspace       used 26637K, capacity 27152K, committed 27260K, reserved 1073152K
  class space    used 3025K, capacity 3204K, committed 3276K, reserved 1048576K
}
Event: 51.572 GC heap before
{Heap before GC invocations=6 (full 0):
 garbage-first heap   total 40960K, used 16009K [0x00000000c1600000, 0x0000000100000000)
  region size 1024K, 6 young (6144K), 3 survivors (3072K)
 Metaspace       used 29549K, capacity 30074K, committed 30332K, reserved 1075200K
  class space    used 3466K, capacity 3667K, committed 3788K, reserved 1048576K
}
Event: 51.583 GC heap after
{Heap after GC invocations=7 (full 0):
 garbage-first heap   total 40960K, used 16524K [0x00000000c1600000, 0x0000000100000000)
  region size 1024K, 2 young (2048K), 2 survivors (2048K)
 Metaspace       used 29549K, capacity 30074K, committed 30332K, reserved 1075200K
  class space    used 3466K, capacity 3667K, committed 3788K, reserved 1048576K
}

Deoptimization events (20 events):
Event: 51.570 Thread 0x0000028972f3f800 DEOPT PACKING pc=0x000002895df89f9f sp=0x000000e4c0afebf0
Event: 51.571 Thread 0x0000028972f3f800 DEOPT UNPACKING pc=0x000002895da2964e sp=0x000000e4c0afe0c0 mode 0
Event: 51.571 Thread 0x0000028972f3f800 DEOPT PACKING pc=0x000002895df89f9f sp=0x000000e4c0afebf0
Event: 51.571 Thread 0x0000028972f3f800 DEOPT UNPACKING pc=0x000002895da2964e sp=0x000000e4c0afe0c0 mode 0
Event: 51.571 Thread 0x0000028972f3f800 Uncommon trap: trap_request=0xffffffc6 fr.pc=0x00000289655b3d40 relative=0x0000000000003ce0
Event: 51.571 Thread 0x0000028972f3f800 Uncommon trap: reason=bimorphic_or_optimized_type_check action=maybe_recompile pc=0x00000289655b3d40 method=java.io.BufferedInputStream.read1([BII)I @ 39 c2
Event: 51.571 Thread 0x0000028972f3f800 DEOPT PACKING pc=0x00000289655b3d40 sp=0x000000e4c0afedc0
Event: 51.572 Thread 0x0000028972f3f800 DEOPT UNPACKING pc=0x000002895da2912f sp=0x000000e4c0afec08 mode 2
Event: 51.707 Thread 0x0000028972f3f800 Uncommon trap: trap_request=0xffffffc6 fr.pc=0x00000289655ad9b4 relative=0x00000000000023b4
Event: 51.707 Thread 0x0000028972f3f800 Uncommon trap: reason=bimorphic_or_optimized_type_check action=maybe_recompile pc=0x00000289655ad9b4 method=java.io.BufferedInputStream.read1([BII)I @ 39 c2
Event: 51.707 Thread 0x0000028972f3f800 DEOPT PACKING pc=0x00000289655ad9b4 sp=0x000000e4c0afedb0
Event: 51.707 Thread 0x0000028972f3f800 DEOPT UNPACKING pc=0x000002895da2912f sp=0x000000e4c0afec08 mode 2
Event: 51.708 Thread 0x0000028972f3f800 Uncommon trap: trap_request=0xffffffc6 fr.pc=0x00000289655ad9b4 relative=0x00000000000023b4
Event: 51.708 Thread 0x0000028972f3f800 Uncommon trap: reason=bimorphic_or_optimized_type_check action=maybe_recompile pc=0x00000289655ad9b4 method=java.io.BufferedInputStream.read1([BII)I @ 39 c2
Event: 51.708 Thread 0x0000028972f3f800 DEOPT PACKING pc=0x00000289655ad9b4 sp=0x000000e4c0afedb0
Event: 51.708 Thread 0x0000028972f3f800 DEOPT UNPACKING pc=0x000002895da2912f sp=0x000000e4c0afec08 mode 2
Event: 51.708 Thread 0x0000028972f3f800 Uncommon trap: trap_request=0xffffffc6 fr.pc=0x00000289655ad9b4 relative=0x00000000000023b4
Event: 51.708 Thread 0x0000028972f3f800 Uncommon trap: reason=bimorphic_or_optimized_type_check action=maybe_recompile pc=0x00000289655ad9b4 method=java.io.BufferedInputStream.read1([BII)I @ 39 c2
Event: 51.708 Thread 0x0000028972f3f800 DEOPT PACKING pc=0x00000289655ad9b4 sp=0x000000e4c0afedb0
Event: 51.708 Thread 0x0000028972f3f800 DEOPT UNPACKING pc=0x000002895da2912f sp=0x000000e4c0afec08 mode 2

Classes unloaded (0 events):
No events

Classes redefined (0 events):
No events

Internal exceptions (20 events):
Event: 13.417 Thread 0x0000028972b2a800 Exception <a 'java/lang/NoSuchMethodError'{0x00000000c4f688e8}: 'java.lang.Object java.lang.invoke.DirectMethodHandle$Holder.invokeStaticInit(java.lang.Object, java.lang.Object, int, int, int, int)'> (0x00000000c4f688e8) 
thrown [t:/workspace/open/src/hotspot/share/interpreter/linkResolver.cpp, line 767]
Event: 19.920 Thread 0x0000028972b2a800 Exception <a 'java/lang/NullPointerException'{0x00000000c4d56d00}> (0x00000000c4d56d00) 
thrown [t:/workspace/open/src/hotspot/share/interpreter/linkResolver.cpp, line 1349]
Event: 19.921 Thread 0x0000028972b2a800 Exception <a 'java/lang/reflect/InvocationTargetException'{0x00000000c4d5a930}> (0x00000000c4d5a930) 
thrown [t:/workspace/open/src/hotspot/share/runtime/reflection.cpp, line 1188]
Event: 20.554 Thread 0x0000028972b2a800 Exception <a 'java/lang/NoSuchMethodError'{0x00000000c4cab9f0}: 'java.lang.Object java.lang.invoke.DirectMethodHandle$Holder.invokeVirtual(java.lang.Object, java.lang.Object, java.lang.Object)'> (0x00000000c4cab9f0) 
thrown [t:/workspace/open/src/hotspot/share/interpreter/linkResolver.cpp, line 767]
Event: 24.346 Thread 0x0000028972b2a800 Exception <a 'java/lang/NoSuchMethodError'{0x00000000c553d0f8}: 'java.lang.Object java.lang.invoke.DirectMethodHandle$Holder.invokeStatic(java.lang.Object, int, java.lang.Object, java.lang.Object, java.lang.Object, java.lang.Object)'> (0x00000000c553d0f8) 
thrown [t:/workspace/open/src/hotspot/share/interpreter/linkResolver.cpp, line 767]
Event: 24.347 Thread 0x0000028972b2a800 Exception <a 'java/lang/NoSuchMethodError'{0x00000000c5543a60}: 'java.lang.Object java.lang.invoke.DirectMethodHandle$Holder.invokeStatic(java.lang.Object, int, java.lang.Object, java.lang.Object, java.lang.Object)'> (0x00000000c5543a60) 
thrown [t:/workspace/open/src/hotspot/share/interpreter/linkResolver.cpp, line 767]
Event: 24.347 Thread 0x0000028972b2a800 Exception <a 'java/lang/NoSuchMethodError'{0x00000000c55472c8}: 'java.lang.Object java.lang.invoke.DirectMethodHandle$Holder.invokeSpecial(java.lang.Object, java.lang.Object, int, java.lang.Object, java.lang.Object, java.lang.Object)'> (0x00000000c55472c8) 
thrown [t:/workspace/open/src/hotspot/share/interpreter/linkResolver.cpp, line 767]
Event: 24.396 Thread 0x0000028972b2a800 Exception <a 'java/lang/NoSuchMethodError'{0x00000000c5572420}: 'java.lang.Object java.lang.invoke.DirectMethodHandle$Holder.invokeStatic(java.lang.Object, int, java.lang.Object)'> (0x00000000c5572420) 
thrown [t:/workspace/open/src/hotspot/share/interpreter/linkResolver.cpp, line 767]
Event: 24.924 Thread 0x0000028972b2a800 Exception <a 'java/lang/ClassNotFoundException'{0x00000000c5441a50}: com/sun/swing/internal/plaf/metal/resources/spi/metalProvider> (0x00000000c5441a50) 
thrown [t:/workspace/open/src/hotspot/share/classfile/systemDictionary.cpp, line 232]
Event: 24.926 Thread 0x0000028972b2a800 Exception <a 'java/lang/ClassNotFoundException'{0x00000000c5445af8}: com/sun/swing/internal/plaf/basic/resources/spi/basicProvider> (0x00000000c5445af8) 
thrown [t:/workspace/open/src/hotspot/share/classfile/systemDictionary.cpp, line 232]
Event: 25.274 Thread 0x0000028972b2a800 Implicit null exception at 0x0000028965531205 to 0x0000028965531402
Event: 25.274 Thread 0x0000028972b2a800 Implicit null exception at 0x000002896555130e to 0x0000028965551dda
Event: 25.613 Thread 0x0000028972b2a800 Implicit null exception at 0x000002896554ba2f to 0x000002896554baad
Event: 27.473 Thread 0x0000028972b2a800 Exception <a 'java/lang/NoClassDefFoundError'{0x00000000c5346b60}: org/apache/log4j/Category> (0x00000000c5346b60) 
thrown [t:/workspace/open/src/hotspot/share/classfile/systemDictionary.cpp, line 221]
Event: 31.506 Thread 0x0000028972b2a800 Exception <a 'java/lang/NoSuchMethodError'{0x00000000c3439bd0}: 'java.lang.Object java.lang.invoke.DirectMethodHandle$Holder.invokeStaticInit(java.lang.Object, java.lang.Object, java.lang.Object)'> (0x00000000c3439bd0) 
thrown [t:/workspace/open/src/hotspot/share/interpreter/linkResolver.cpp, line 767]
Event: 31.677 Thread 0x0000028972b2a800 Exception <a 'java/lang/NoSuchMethodError'{0x00000000c34520d8}: 'int java.lang.invoke.DirectMethodHandle$Holder.invokeInterface(java.lang.Object, java.lang.Object)'> (0x00000000c34520d8) 
thrown [t:/workspace/open/src/hotspot/share/interpreter/linkResolver.cpp, line 767]
Event: 31.678 Thread 0x0000028972b2a800 Exception <a 'java/lang/IncompatibleClassChangeError'{0x00000000c3454c00}: Found class java.lang.Object, but interface was expected> (0x00000000c3454c00) 
thrown [t:/workspace/open/src/hotspot/share/interpreter/linkResolver.cpp, line 833]
Event: 46.604 Thread 0x0000028972f42000 Exception <a 'java/lang/NullPointerException'{0x00000000c3fdc240}> (0x00000000c3fdc240) 
thrown [t:/workspace/open/src/hotspot/share/interpreter/linkResolver.cpp, line 1349]
Event: 48.975 Thread 0x0000028972b2a800 Exception <a 'java/lang/NoSuchMethodError'{0x00000000c3e20810}: 'void java.lang.invoke.DirectMethodHandle$Holder.invokeStaticInit(java.lang.Object)'> (0x00000000c3e20810) 
thrown [t:/workspace/open/src/hotspot/share/interpreter/linkResolver.cpp, line 767]
Event: 51.150 Thread 0x0000028972b2a800 Exception <a 'java/lang/NoSuchMethodError'{0x00000000c3e73c08}: 'java.lang.Object java.lang.invoke.Invokers$Holder.linkToTargetMethod(java.lang.Object, int, java.lang.Object)'> (0x00000000c3e73c08) 
thrown [t:/workspace/open/src/hotspot/share/interpreter/linkResolver.cpp, line 767]

Events (20 events):
Event: 51.706 Executing VM operation: RevokeBias done
Event: 51.706 Executing VM operation: RevokeBias
Event: 51.707 Executing VM operation: RevokeBias done
Event: 51.707 Executing VM operation: RevokeBias
Event: 51.707 Executing VM operation: RevokeBias done
Event: 51.707 Executing VM operation: RevokeBias
Event: 51.707 Executing VM operation: RevokeBias done
Event: 51.707 Executing VM operation: RevokeBias
Event: 51.707 Executing VM operation: RevokeBias done
Event: 51.707 Executing VM operation: RevokeBias
Event: 51.707 Executing VM operation: RevokeBias done
Event: 51.707 Executing VM operation: RevokeBias
Event: 51.707 Executing VM operation: RevokeBias done
Event: 51.707 Executing VM operation: RevokeBias
Event: 51.708 Executing VM operation: RevokeBias done
Event: 51.708 Executing VM operation: RevokeBias
Event: 51.708 Executing VM operation: RevokeBias done
Event: 51.708 Executing VM operation: RevokeBias
Event: 51.708 Executing VM operation: RevokeBias done
Event: 51.743 Executing VM operation: G1Concurrent


Dynamic libraries:
0x00007ff7873a0000 - 0x00007ff7873af000 	C:\Program Files\Java\jdk-13.0.2\bin\javaw.exe
0x00007ffab7180000 - 0x00007ffab7370000 	C:\Windows\SYSTEM32\ntdll.dll
0x00007ffab5750000 - 0x00007ffab5802000 	C:\Windows\System32\KERNEL32.DLL
0x00007ffab4260000 - 0x00007ffab4505000 	C:\Windows\System32\KERNELBASE.dll
0x00007ffab45a0000 - 0x00007ffab469a000 	C:\Windows\System32\ucrtbase.dll
0x00007ffa8d9c0000 - 0x00007ffa8d9d5000 	C:\Program Files\Java\jdk-13.0.2\bin\VCRUNTIME140.dll
0x00007ffa7b450000 - 0x00007ffa7b468000 	C:\Program Files\Java\jdk-13.0.2\bin\jli.dll
0x00007ffab6080000 - 0x00007ffab6123000 	C:\Windows\System32\ADVAPI32.dll
0x00007ffab69e0000 - 0x00007ffab6a7e000 	C:\Windows\System32\msvcrt.dll
0x00007ffab6a80000 - 0x00007ffab6b17000 	C:\Windows\System32\sechost.dll
0x00007ffab6de0000 - 0x00007ffab6eff000 	C:\Windows\System32\RPCRT4.dll
0x00007ffab66a0000 - 0x00007ffab6834000 	C:\Windows\System32\USER32.dll
0x00007ffab4fc0000 - 0x00007ffab4fe1000 	C:\Windows\System32\win32u.dll
0x00007ffaa5f70000 - 0x00007ffaa61f4000 	C:\Windows\WinSxS\amd64_microsoft.windows.common-controls_6595b64144ccf1df_6.0.18362.1556_none_9e7e372fe45e41d5\COMCTL32.dll
0x00007ffab6c00000 - 0x00007ffab6c26000 	C:\Windows\System32\GDI32.dll
0x00007ffab6360000 - 0x00007ffab6696000 	C:\Windows\System32\combase.dll
0x00007ffab4e20000 - 0x00007ffab4fb8000 	C:\Windows\System32\gdi32full.dll
0x00007ffab4170000 - 0x00007ffab420e000 	C:\Windows\System32\msvcp_win.dll
0x00007ffab4510000 - 0x00007ffab4591000 	C:\Windows\System32\bcryptPrimitives.dll
0x00007ffaa6230000 - 0x00007ffaa623a000 	C:\Windows\SYSTEM32\VERSION.dll
0x00007ffab5810000 - 0x00007ffab583e000 	C:\Windows\System32\IMM32.DLL
0x00007ffa7b3b0000 - 0x00007ffa7b44b000 	C:\Program Files\Java\jdk-13.0.2\bin\msvcp140.dll
0x00007ffa7a850000 - 0x00007ffa7b3ad000 	C:\Program Files\Java\jdk-13.0.2\bin\server\jvm.dll
0x00007ffab5200000 - 0x00007ffab5208000 	C:\Windows\System32\PSAPI.DLL
0x00007ffab1890000 - 0x00007ffab18b4000 	C:\Windows\SYSTEM32\WINMM.dll
0x00007ffa98880000 - 0x00007ffa98889000 	C:\Windows\SYSTEM32\WSOCK32.dll
0x00007ffab6d70000 - 0x00007ffab6ddf000 	C:\Windows\System32\ws2_32.DLL
0x00007ffab1400000 - 0x00007ffab142d000 	C:\Windows\SYSTEM32\WINMMBASE.dll
0x00007ffab40c0000 - 0x00007ffab410a000 	C:\Windows\System32\cfgmgr32.dll
0x00007ffab4010000 - 0x00007ffab4021000 	C:\Windows\System32\kernel.appcore.dll
0x00007ffa8eaf0000 - 0x00007ffa8eb00000 	C:\Program Files\Java\jdk-13.0.2\bin\verify.dll
0x00007ffaa56e0000 - 0x00007ffaa58d4000 	C:\Windows\SYSTEM32\DBGHELP.DLL
0x00007ffaa56b0000 - 0x00007ffaa56da000 	C:\Windows\SYSTEM32\dbgcore.DLL
0x00007ffa7a820000 - 0x00007ffa7a846000 	C:\Program Files\Java\jdk-13.0.2\bin\java.dll
0x00007ffa7a800000 - 0x00007ffa7a817000 	C:\Program Files\Java\jdk-13.0.2\bin\zip.dll
0x00007ffa8d9b0000 - 0x00007ffa8d9ba000 	C:\Program Files\Java\jdk-13.0.2\bin\jimage.dll
0x00007ffab5910000 - 0x00007ffab5ff7000 	C:\Windows\System32\SHELL32.dll
0x00007ffab7060000 - 0x00007ffab7108000 	C:\Windows\System32\shcore.dll
0x00007ffab46a0000 - 0x00007ffab4e1b000 	C:\Windows\System32\windows.storage.dll
0x00007ffab40a0000 - 0x00007ffab40be000 	C:\Windows\System32\profapi.dll
0x00007ffab4050000 - 0x00007ffab409a000 	C:\Windows\System32\powrprof.dll
0x00007ffab4000000 - 0x00007ffab4010000 	C:\Windows\System32\UMPDC.dll
0x00007ffab6b20000 - 0x00007ffab6b72000 	C:\Windows\System32\shlwapi.dll
0x00007ffab4240000 - 0x00007ffab4257000 	C:\Windows\System32\cryptsp.dll
0x00007ffa7a7e0000 - 0x00007ffa7a7f9000 	C:\Program Files\Java\jdk-13.0.2\bin\net.dll
0x00007ffaaa2e0000 - 0x00007ffaaa3da000 	C:\Windows\SYSTEM32\WINHTTP.dll
0x00007ffab3840000 - 0x00007ffab38a7000 	C:\Windows\system32\mswsock.dll
0x00007ffa7a7c0000 - 0x00007ffa7a7d3000 	C:\Program Files\Java\jdk-13.0.2\bin\nio.dll
0x00007ffa6f870000 - 0x00007ffa6fa09000 	C:\Program Files\Java\jdk-13.0.2\bin\awt.dll
0x00007ffab5840000 - 0x00007ffab5905000 	C:\Windows\System32\OLEAUT32.dll
0x00007ffab2170000 - 0x00007ffab21ff000 	C:\Windows\SYSTEM32\apphelp.dll
0x00007ffab2320000 - 0x00007ffab23b9000 	C:\Windows\system32\uxtheme.dll
0x00007ffab6c30000 - 0x00007ffab6d65000 	C:\Windows\System32\MSCTF.dll
0x00007ffab6f00000 - 0x00007ffab7057000 	C:\Windows\System32\ole32.dll
0x00007ffab3590000 - 0x00007ffab365b000 	C:\Windows\SYSTEM32\DNSAPI.dll
0x00007ffab62f0000 - 0x00007ffab62f8000 	C:\Windows\System32\NSI.dll
0x00007ffab3550000 - 0x00007ffab358a000 	C:\Windows\SYSTEM32\IPHLPAPI.DLL
0x00007ffaaaeb0000 - 0x00007ffaaaeba000 	C:\Windows\System32\rasadhlp.dll
0x00007ffaaafd0000 - 0x00007ffaab047000 	C:\Windows\System32\fwpuclnt.dll
0x00007ffab4210000 - 0x00007ffab4236000 	C:\Windows\System32\bcrypt.dll
0x00007ffaab430000 - 0x00007ffaab455000 	C:\Program Files\Java\jdk-13.0.2\bin\sunec.dll
0x00007ffab33c0000 - 0x00007ffab33f3000 	C:\Windows\system32\rsaenh.dll
0x00007ffab3f20000 - 0x00007ffab3f45000 	C:\Windows\SYSTEM32\USERENV.dll
0x00007ffab3a10000 - 0x00007ffab3a1c000 	C:\Windows\SYSTEM32\CRYPTBASE.dll
0x00007ffaab0b0000 - 0x00007ffaab0c6000 	C:\Windows\SYSTEM32\dhcpcsvc6.DLL
0x00007ffaab1c0000 - 0x00007ffaab1dc000 	C:\Windows\SYSTEM32\dhcpcsvc.DLL
0x00007ffa9c390000 - 0x00007ffa9c39e000 	C:\Program Files\Java\jdk-13.0.2\bin\sunmscapi.dll
0x00007ffab4ff0000 - 0x00007ffab5141000 	C:\Windows\System32\CRYPT32.dll
0x00007ffab4030000 - 0x00007ffab4042000 	C:\Windows\System32\MSASN1.dll
0x00007ffab3b20000 - 0x00007ffab3b46000 	C:\Windows\SYSTEM32\ncrypt.dll
0x00007ffab3ae0000 - 0x00007ffab3b1b000 	C:\Windows\SYSTEM32\NTASN1.dll
0x00007ffab2670000 - 0x00007ffab269d000 	C:\Windows\system32\DWMAPI.DLL
0x00007ffa6c0c0000 - 0x00007ffa6c216000 	C:\Windows\system32\opengl32.dll
0x00007ffa9c340000 - 0x00007ffa9c36c000 	C:\Windows\SYSTEM32\GLU32.dll
0x00007ffab2c40000 - 0x00007ffab2c60000 	C:\Windows\SYSTEM32\dxcore.dll
0x00007ffab0850000 - 0x00007ffab0859000 	C:\Program Files\Java\jdk-13.0.2\bin\management.dll
0x00007ffab0840000 - 0x00007ffab084b000 	C:\Program Files\Java\jdk-13.0.2\bin\management_ext.dll
0x00007ffa74650000 - 0x00007ffa746d2000 	C:\Program Files\Java\jdk-13.0.2\bin\freetype.dll
0x00007ffa745a0000 - 0x00007ffa74646000 	C:\Program Files\Java\jdk-13.0.2\bin\fontmanager.dll

dbghelp: loaded successfully - version: 4.0.5 - missing functions: none
symbol engine: initialized successfully - sym options: 0x614 - pdb path: .;C:\Program Files\Java\jdk-13.0.2\bin;C:\Windows\SYSTEM32;C:\Windows\WinSxS\amd64_microsoft.windows.common-controls_6595b64144ccf1df_6.0.18362.1556_none_9e7e372fe45e41d5;C:\Program Files\Java\jdk-13.0.2\bin\server

VM Arguments:
jvm_args: -Dfile.encoding=Cp1252 
java_command: Application.Home
java_class_path (initial): C:\Users\User\git\bakame\DriveOperations\target\classes;C:\Users\User\Desktop\Libraries\jgoodies-common-1.8.0.jar;C:\Users\User\Desktop\Libraries\jgoodies-forms-1.8.0.jar;C:\Users\User\Desktop\Libraries\miglayout15-swing.jar;C:\Users\User\Downloads\javax.mail.jar;C:\Users\User\Downloads\activation-1.1.1.jar;C:\Users\User\Downloads\jcalendar-1.4.jar;C:\Users\User\Downloads\jfreechart-1.0.19\lib\jcommon-1.0.23.jar;C:\Users\User\Downloads\jfreechart-1.0.19\lib\jfreechart-1.0.19.jar;C:\Users\User\Downloads\commons-net-3.8.0\commons-net-3.8.0.jar;C:\Users\User\Documents\Libs\comm-2.0.jar;C:\Users\User\Documents\Libs\http-2.2.1.jar;C:\Users\User\Downloads\JTattoo-1.6.13.jar;C:\Users\User\Desktop\Libs\jmespath-java-1.11.470.jar;C:\Users\User\Desktop\Libs\aws-java-sdk-core-1.12.65.jar;C:\Users\User\Desktop\Libs\aws-java-sdk-kms-1.12.65.jar;C:\Users\User\Desktop\Libs\aws-java-sdk-s3-1.12.65.jar;C:\Users\User\Desktop\Libs\commons-codec-1.15.jar;C:\Users\User\Desktop\Libs\commons-logging-1.1.3.jar;C:\Users\User\Desktop\Libs\httpclient-4.5.13.jar;C:\Users\User\Desktop\Libs\ion-java-1.0.2.jar;C:\Users\User\Desktop\Libs\jackson-annotations-2.12.3.jar;C:\Users\User\Desktop\Libs\jackson-core-2.12.3.jar;C:\Users\User\Desktop\Libs\jackson-databind-2.12.3.jar;C:\Users\User\Desktop\Libs\jackson-dataformat-cbor-2.12.3.jar;C:\Users\User\Desktop\Libs\jmespath-java-1.12.65.jar;C:\Users\User\Desktop\Libs\joda-time-2.8.1.jar;C:\Users\User\Desktop\Libs\mysql-connector-java-5.1.45.jar;C:\Users\User\.m2\repository\com\amazonaws\aws-java-sdk-s3\1.12.65\aws-java-sdk-s3-1.12.65.jar;C:\Users\User\.m2\repository\com\amazonaws\aws-java-sdk-kms\1.12.65\aws-java-sdk-kms-1.12.65.jar;C:\Users\User\.m2\repository\com\amazonaws\aws-java-sdk-core\1.12.65\aws-java-sdk-core-1.12.65.jar;C:\Users\User\.m2\repository\commons-logging\commons-logging\1.1.3\commons-logging-1.1.3.jar;C:\Users\User\.m2\repository\commons-codec\commons-codec\1.15\commons-codec-1.15.jar;C:\Users\User\.m2\re
Launcher Type: SUN_STANDARD

[Global flags]
     intx CICompilerCount                          = 3                                         {product} {ergonomic}
     uint ConcGCThreads                            = 1                                         {product} {ergonomic}
     uint G1ConcRefinementThreads                  = 4                                         {product} {ergonomic}
   size_t G1HeapRegionSize                         = 1048576                                   {product} {ergonomic}
    uintx GCDrainStackTargetSize                   = 64                                        {product} {ergonomic}
   size_t InitialHeapSize                          = 67108864                                  {product} {ergonomic}
   size_t MarkStackSize                            = 4194304                                   {product} {ergonomic}
   size_t MaxHeapSize                              = 1050673152                                {product} {ergonomic}
   size_t MaxNewSize                               = 630194176                                 {product} {ergonomic}
   size_t MinHeapDeltaBytes                        = 1048576                                   {product} {ergonomic}
   size_t MinHeapSize                              = 8388608                                   {product} {ergonomic}
    uintx NonNMethodCodeHeapSize                   = 5832780                                {pd product} {ergonomic}
    uintx NonProfiledCodeHeapSize                  = 122912730                              {pd product} {ergonomic}
    uintx ProfiledCodeHeapSize                     = 122912730                              {pd product} {ergonomic}
    uintx ReservedCodeCacheSize                    = 251658240                              {pd product} {ergonomic}
     bool SegmentedCodeCache                       = true                                      {product} {ergonomic}
   size_t SoftMaxHeapSize                          = 1050673152                             {manageable} {ergonomic}
     bool UseCompressedClassPointers               = true                                 {lp64_product} {ergonomic}
     bool UseCompressedOops                        = true                                 {lp64_product} {ergonomic}
     bool UseG1GC                                  = true                                      {product} {ergonomic}
     bool UseLargePagesIndividualAllocation        = false                                  {pd product} {ergonomic}

Logging:
Log output configuration:
 #0: stdout all=warning uptime,level,tags
 #1: stderr all=off uptime,level,tags

Environment Variables:
JAVA_HOME=C:\Program Files (x86)\Java\jre1.8.0_241
PATH=C:\Program Files\Java\jdk-13.0.2\bin;C:\Program Files (x86)\Common Files\Oracle\Java\javapath;C:\Windows\system32;C:\Windows;C:\Windows\System32\Wbem;C:\Windows\System32\WindowsPowerShell\v1.0\;C:\Windows\System32\OpenSSH\;C:\Program Files (x86)\apache-maven-3.8.1\bin;C:\Program Files (x86)\gradle-7.1.1\bin;C:\Users\User\Documents\Setup logiciels\mongosh-1.1.2-win32-x64\bin;C:\Program Files\Git\cmd;C:\Program Files\MySQL\MySQL Shell 8.0\bin\;C:\Users\User\AppData\Local\Microsoft\WindowsApps;C:\Users\User\AppData\Local\Programs\Microsoft VS Code\bin;C:\Program Files (x86)\gradle-7.1.1\bin;C:\Users\User\Downloads\platform-tools;C:\Users\User\Documents\Setup logiciels\mongosh-1.1.2-win32-x64\bin;C:\Users\User\AppData\Local\GitHubDesktop\bin;C:\Program Files\JetBrains\IntelliJ IDEA 2022.1.1\bin;
USERNAME=User
OS=Windows_NT
PROCESSOR_IDENTIFIER=Intel64 Family 6 Model 42 Stepping 7, GenuineIntel



---------------  S Y S T E M  ---------------

OS: Windows 10 , 64 bit Build 18362 (10.0.18362.1500)

CPU:total 4 (initial active 4) (2 cores per cpu, 2 threads per core) family 6 model 42 stepping 7, cmov, cx8, fxsr, mmx, sse, sse2, sse3, ssse3, sse4.1, sse4.2, popcnt, avx, aes, clmul, ht, tsc, tscinvbit

Memory: 4k page, system-wide physical 4006M (226M free)
TotalPageFile size 16294M (AvailPageFile size 28M)
current process WorkingSet (physical memory assigned to process): 200M, peak: 200M
current process commit charge ("private bytes"): 307M, peak: 348M

vm_info: Java HotSpot(TM) 64-Bit Server VM (13.0.2+8) for windows-amd64 JRE (13.0.2+8), built on Dec 11 2019 09:20:33 by "mach5one" with unknown MS VC++:1916

END.
