#
# There is insufficient memory for the Java Runtime Environment to continue.
# Native memory allocation (malloc) failed to allocate 1962928 bytes for Chunk::new
# Possible reasons:
#   The system is out of physical RAM or swap space
#   The process is running with CompressedOops enabled, and the Java Heap may be blocking the growth of the native heap
# Possible solutions:
#   Reduce memory load on the system
#   Increase physical memory or swap space
#   Check if swap backing store is full
#   Decrease Java heap size (-Xmx/-Xms)
#   Decrease number of Java threads
#   Decrease Java thread stack sizes (-Xss)
#   Set larger code cache with -XX:ReservedCodeCacheSize=
#   JVM is running with Unscaled Compressed Oops mode in which the Java heap is
#     placed in the first 4GB address space. The Java Heap base address is the
#     maximum limit for the native heap growth. Please use -XX:HeapBaseMinAddress
#     to set the Java Heap base and to place the Java Heap above 4GB virtual address.
# This output file may be truncated or incomplete.
#
#  Out of Memory Error (t:/workspace/open/src/hotspot/share/memory/arena.cpp:196), pid=6548, tid=10360
#
# JRE version: Java(TM) SE Runtime Environment (13.0.2+8) (build 13.0.2+8)
# Java VM: Java HotSpot(TM) 64-Bit Server VM (13.0.2+8, mixed mode, sharing, tiered, compressed oops, g1 gc, windows-amd64)
# No core dump will be written. Minidumps are not enabled by default on client versions of Windows
#

---------------  S U M M A R Y ------------

Command Line: -Dfile.encoding=Cp1252 Application.Home

Host: Intel(R) Core(TM) i5-2520M CPU @ 2.50GHz, 4 cores, 3G,  Windows 10 , 64 bit Build 18362 (10.0.18362.1500)
Time: Fri Sep 24 16:32:49 2021 South Africa Standard Time elapsed time: 12 seconds (0d 0h 0m 12s)

---------------  T H R E A D  ---------------

Current thread (0x0000026be529e800):  JavaThread "C2 CompilerThread0" daemon [_thread_in_native, id=10360, stack(0x0000009a85200000,0x0000009a85300000)]


Current CompileTask:
C2:  12181 4481       4       javax.swing.plaf.basic.BasicLabelUI::paint (187 bytes)

Stack: [0x0000009a85200000,0x0000009a85300000]
Native frames: (J=compiled Java code, j=interpreted, Vv=VM code, C=native code)
V  [jvm.dll+0x624f9a]
V  [jvm.dll+0x770cfa]
V  [jvm.dll+0x7724af]
V  [jvm.dll+0x772ab3]
V  [jvm.dll+0x24bf08]
V  [jvm.dll+0xc1e47]
V  [jvm.dll+0xc23cc]
V  [jvm.dll+0x35c0c5]
V  [jvm.dll+0x19f100]
V  [jvm.dll+0x205d36]
V  [jvm.dll+0x204e3f]
V  [jvm.dll+0x189c2c]
V  [jvm.dll+0x213e6d]
V  [jvm.dll+0x2120bb]
V  [jvm.dll+0x736bb6]
V  [jvm.dll+0x72fcaa]
V  [jvm.dll+0x623ea6]
C  [ucrtbase.dll+0x210b2]
C  [KERNEL32.DLL+0x17c24]
C  [ntdll.dll+0x6d721]


---------------  P R O C E S S  ---------------

Threads class SMR info:
_java_thread_list=0x0000026be7e8da70, length=27, elements={
0x0000026be527a000, 0x0000026be527f800, 0x0000026be529b000, 0x0000026be529d800,
0x0000026be529e800, 0x0000026be52a4000, 0x0000026be52b5800, 0x0000026be5ce7800,
0x0000026be5cec800, 0x0000026be6056800, 0x0000026be60ac800, 0x0000026be60ad000,
0x0000026be60bd800, 0x0000026bc9290000, 0x0000026be6174800, 0x0000026be6334000,
0x0000026be63c3000, 0x0000026be638d000, 0x0000026be6509000, 0x0000026be7348800,
0x0000026be7346000, 0x0000026be7346800, 0x0000026be7347800, 0x0000026be61c9000,
0x0000026be61c8800, 0x0000026be732c000, 0x0000026be61c7000
}

Java Threads: ( => current thread )
  0x0000026be527a000 JavaThread "Reference Handler" daemon [_thread_blocked, id=11476, stack(0x0000009a84e00000,0x0000009a84f00000)]
  0x0000026be527f800 JavaThread "Finalizer" daemon [_thread_blocked, id=9416, stack(0x0000009a84f00000,0x0000009a85000000)]
  0x0000026be529b000 JavaThread "Signal Dispatcher" daemon [_thread_blocked, id=9448, stack(0x0000009a85000000,0x0000009a85100000)]
  0x0000026be529d800 JavaThread "Attach Listener" daemon [_thread_blocked, id=2836, stack(0x0000009a85100000,0x0000009a85200000)]
=>0x0000026be529e800 JavaThread "C2 CompilerThread0" daemon [_thread_in_native, id=10360, stack(0x0000009a85200000,0x0000009a85300000)]
  0x0000026be52a4000 JavaThread "C1 CompilerThread0" daemon [_thread_blocked, id=15324, stack(0x0000009a85300000,0x0000009a85400000)]
  0x0000026be52b5800 JavaThread "Sweeper thread" daemon [_thread_blocked, id=10728, stack(0x0000009a85400000,0x0000009a85500000)]
  0x0000026be5ce7800 JavaThread "Service Thread" daemon [_thread_blocked, id=8588, stack(0x0000009a85500000,0x0000009a85600000)]
  0x0000026be5cec800 JavaThread "Common-Cleaner" daemon [_thread_blocked, id=14392, stack(0x0000009a85700000,0x0000009a85800000)]
  0x0000026be6056800 JavaThread "Java2D Disposer" daemon [_thread_blocked, id=11156, stack(0x0000009a85800000,0x0000009a85900000)]
  0x0000026be60ac800 JavaThread "AWT-Shutdown" [_thread_blocked, id=1268, stack(0x0000009a85900000,0x0000009a85a00000)]
  0x0000026be60ad000 JavaThread "AWT-Windows" daemon [_thread_in_native, id=14172, stack(0x0000009a85a00000,0x0000009a85b00000)]
  0x0000026be60bd800 JavaThread "AWT-EventQueue-0" [_thread_in_native, id=12788, stack(0x0000009a85b00000,0x0000009a85c00000)]
  0x0000026bc9290000 JavaThread "DestroyJavaVM" [_thread_blocked, id=776, stack(0x0000009a84700000,0x0000009a84800000)]
  0x0000026be6174800 JavaThread "TimerQueue" daemon [_thread_blocked, id=13020, stack(0x0000009a85d00000,0x0000009a85e00000)]
  0x0000026be6334000 JavaThread "SwingWorker-pool-1-thread-1" daemon [_thread_blocked, id=12604, stack(0x0000009a85e00000,0x0000009a85f00000)]
  0x0000026be63c3000 JavaThread "SwingWorker-pool-1-thread-2" daemon [_thread_in_native, id=940, stack(0x0000009a85f00000,0x0000009a86000000)]
  0x0000026be638d000 JavaThread "SwingWorker-pool-1-thread-3" daemon [_thread_blocked, id=12900, stack(0x0000009a86000000,0x0000009a86100000)]
  0x0000026be6509000 JavaThread "SwingWorker-pool-1-thread-4" daemon [_thread_blocked, id=8392, stack(0x0000009a86700000,0x0000009a86800000)]
  0x0000026be7348800 JavaThread "SwingWorker-pool-1-thread-5" daemon [_thread_blocked, id=13344, stack(0x0000009a86900000,0x0000009a86a00000)]
  0x0000026be7346000 JavaThread "SwingWorker-pool-1-thread-6" daemon [_thread_blocked, id=9672, stack(0x0000009a86a00000,0x0000009a86b00000)]
  0x0000026be7346800 JavaThread "SwingWorker-pool-1-thread-7" daemon [_thread_blocked, id=4088, stack(0x0000009a86800000,0x0000009a86900000)]
  0x0000026be7347800 JavaThread "SwingWorker-pool-1-thread-8" daemon [_thread_blocked, id=9044, stack(0x0000009a86b00000,0x0000009a86c00000)]
  0x0000026be61c9000 JavaThread "SwingWorker-pool-1-thread-9" daemon [_thread_blocked, id=7620, stack(0x0000009a86d00000,0x0000009a86e00000)]
  0x0000026be61c8800 JavaThread "SwingWorker-pool-1-thread-10" daemon [_thread_blocked, id=1988, stack(0x0000009a86e00000,0x0000009a86f00000)]
  0x0000026be732c000 JavaThread "C2 CompilerThread1" daemon [_thread_in_native, id=2460, stack(0x0000009a86f00000,0x0000009a87000000)]
  0x0000026be61c7000 JavaThread "Image Fetcher 0" daemon [_thread_blocked, id=120, stack(0x0000009a87000000,0x0000009a87100000)]

Other Threads:
  0x0000026be5278800 VMThread "VM Thread" [stack: 0x0000009a84d00000,0x0000009a84e00000] [id=10904]
  0x0000026be5ceb800 WatcherThread [stack: 0x0000009a85600000,0x0000009a85700000] [id=14936]
  0x0000026bc92c0800 GCTaskThread "GC Thread#0" [stack: 0x0000009a84800000,0x0000009a84900000] [id=10608]
  0x0000026be6394000 GCTaskThread "GC Thread#1" [stack: 0x0000009a86100000,0x0000009a86200000] [id=14024]
  0x0000026be6436000 GCTaskThread "GC Thread#2" [stack: 0x0000009a86200000,0x0000009a86300000] [id=7460]
  0x0000026be6438800 GCTaskThread "GC Thread#3" [stack: 0x0000009a86300000,0x0000009a86400000] [id=8512]
  0x0000026bc92cb800 ConcurrentGCThread "G1 Main Marker" [stack: 0x0000009a84900000,0x0000009a84a00000] [id=12992]
  0x0000026bc92cd800 ConcurrentGCThread "G1 Conc#0" [stack: 0x0000009a84a00000,0x0000009a84b00000] [id=3724]
  0x0000026bc9322000 ConcurrentGCThread "G1 Refine#0" [stack: 0x0000009a84b00000,0x0000009a84c00000] [id=13800]
  0x0000026bc9324000 ConcurrentGCThread "G1 Young RemSet Sampling" [stack: 0x0000009a84c00000,0x0000009a84d00000] [id=16324]

Threads with active compile tasks:
C2 CompilerThread0    12305 4481       4       javax.swing.plaf.basic.BasicLabelUI::paint (187 bytes)
C2 CompilerThread1    12306 4505       4       javax.swing.plaf.metal.MetalButtonUI::update (135 bytes)

VM state:not at safepoint (normal execution)

VM Mutex/Monitor currently owned by a thread: None

Heap address: 0x00000000c1600000, size: 1002 MB, Compressed Oops mode: 32-bit
Narrow klass base: 0x0000000800000000, Narrow klass shift: 3
Compressed class space size: 1073741824 Address: 0x0000000800b40000

Heap:
 garbage-first heap   total 222208K, used 147645K [0x00000000c1600000, 0x0000000100000000)
  region size 1024K, 23 young (23552K), 4 survivors (4096K)
 Metaspace       used 15665K, capacity 15960K, committed 16128K, reserved 1062912K
  class space    used 1586K, capacity 1703K, committed 1792K, reserved 1048576K
Heap Regions: E=young(eden), S=young(survivor), O=old, HS=humongous(starts), HC=humongous(continues), CS=collection set, F=free, A=archive, TAMS=top-at-mark-start (previous, next)
|   0|0x00000000c1600000, 0x00000000c16fe5a8, 0x00000000c1700000| 99%| O|  |TAMS 0x00000000c16fe5a8, 0x00000000c1600000| Untracked 
|   1|0x00000000c1700000, 0x00000000c17ff8c0, 0x00000000c1800000| 99%| O|  |TAMS 0x00000000c17ff8c0, 0x00000000c1700000| Untracked 
|   2|0x00000000c1800000, 0x00000000c18ed8d0, 0x00000000c1900000| 92%| O|  |TAMS 0x00000000c18ed8d0, 0x00000000c1800000| Untracked 
|   3|0x00000000c1900000, 0x00000000c19ffff8, 0x00000000c1a00000| 99%| O|  |TAMS 0x00000000c19ffff8, 0x00000000c1900000| Untracked 
|   4|0x00000000c1a00000, 0x00000000c1a37d00, 0x00000000c1b00000| 21%| O|  |TAMS 0x00000000c1a37d00, 0x00000000c1a00000| Untracked 
|   5|0x00000000c1b00000, 0x00000000c1c00000, 0x00000000c1c00000|100%| O|  |TAMS 0x00000000c1b00000, 0x00000000c1b00000| Untracked 
|   6|0x00000000c1c00000, 0x00000000c1d00000, 0x00000000c1d00000|100%|HS|  |TAMS 0x00000000c1d00000, 0x00000000c1c00000| Complete 
|   7|0x00000000c1d00000, 0x00000000c1e00000, 0x00000000c1e00000|100%|HC|  |TAMS 0x00000000c1e00000, 0x00000000c1d00000| Complete 
|   8|0x00000000c1e00000, 0x00000000c1f00000, 0x00000000c1f00000|100%|HC|  |TAMS 0x00000000c1f00000, 0x00000000c1e00000| Complete 
|   9|0x00000000c1f00000, 0x00000000c2000000, 0x00000000c2000000|100%|HC|  |TAMS 0x00000000c2000000, 0x00000000c1f00000| Complete 
|  10|0x00000000c2000000, 0x00000000c2100000, 0x00000000c2100000|100%| O|  |TAMS 0x00000000c2000000, 0x00000000c2000000| Untracked 
|  11|0x00000000c2100000, 0x00000000c212b200, 0x00000000c2200000| 16%| O|  |TAMS 0x00000000c2100000, 0x00000000c2100000| Untracked 
|  12|0x00000000c2200000, 0x00000000c2200000, 0x00000000c2300000|  0%| F|  |TAMS 0x00000000c2200000, 0x00000000c2200000| Untracked 
|  13|0x00000000c2300000, 0x00000000c2300000, 0x00000000c2400000|  0%| F|  |TAMS 0x00000000c2300000, 0x00000000c2300000| Untracked 
|  14|0x00000000c2400000, 0x00000000c2400000, 0x00000000c2500000|  0%| F|  |TAMS 0x00000000c2400000, 0x00000000c2400000| Untracked 
|  15|0x00000000c2500000, 0x00000000c2500000, 0x00000000c2600000|  0%| F|  |TAMS 0x00000000c2500000, 0x00000000c2500000| Untracked 
|  16|0x00000000c2600000, 0x00000000c2600000, 0x00000000c2700000|  0%| F|  |TAMS 0x00000000c2600000, 0x00000000c2600000| Untracked 
|  17|0x00000000c2700000, 0x00000000c2700000, 0x00000000c2800000|  0%| F|  |TAMS 0x00000000c2700000, 0x00000000c2700000| Untracked 
|  18|0x00000000c2800000, 0x00000000c2800000, 0x00000000c2900000|  0%| F|  |TAMS 0x00000000c2800000, 0x00000000c2800000| Untracked 
|  19|0x00000000c2900000, 0x00000000c2900000, 0x00000000c2a00000|  0%| F|  |TAMS 0x00000000c2900000, 0x00000000c2900000| Untracked 
|  20|0x00000000c2a00000, 0x00000000c2a00000, 0x00000000c2b00000|  0%| F|  |TAMS 0x00000000c2a00000, 0x00000000c2a00000| Untracked 
|  21|0x00000000c2b00000, 0x00000000c2b00000, 0x00000000c2c00000|  0%| F|  |TAMS 0x00000000c2b00000, 0x00000000c2b00000| Untracked 
|  22|0x00000000c2c00000, 0x00000000c2c00000, 0x00000000c2d00000|  0%| F|  |TAMS 0x00000000c2c00000, 0x00000000c2c00000| Untracked 
|  23|0x00000000c2d00000, 0x00000000c2d00000, 0x00000000c2e00000|  0%| F|  |TAMS 0x00000000c2d00000, 0x00000000c2d00000| Untracked 
|  24|0x00000000c2e00000, 0x00000000c2e00000, 0x00000000c2f00000|  0%| F|  |TAMS 0x00000000c2e00000, 0x00000000c2e00000| Untracked 
|  25|0x00000000c2f00000, 0x00000000c2f00000, 0x00000000c3000000|  0%| F|  |TAMS 0x00000000c2f00000, 0x00000000c2f00000| Untracked 
|  26|0x00000000c3000000, 0x00000000c3000000, 0x00000000c3100000|  0%| F|  |TAMS 0x00000000c3000000, 0x00000000c3000000| Untracked 
|  27|0x00000000c3100000, 0x00000000c3100000, 0x00000000c3200000|  0%| F|  |TAMS 0x00000000c3100000, 0x00000000c3100000| Untracked 
|  28|0x00000000c3200000, 0x00000000c3200000, 0x00000000c3300000|  0%| F|  |TAMS 0x00000000c3200000, 0x00000000c3200000| Untracked 
|  29|0x00000000c3300000, 0x00000000c3300000, 0x00000000c3400000|  0%| F|  |TAMS 0x00000000c3300000, 0x00000000c3300000| Untracked 
|  30|0x00000000c3400000, 0x00000000c3400000, 0x00000000c3500000|  0%| F|  |TAMS 0x00000000c3400000, 0x00000000c3400000| Untracked 
|  31|0x00000000c3500000, 0x00000000c3500000, 0x00000000c3600000|  0%| F|  |TAMS 0x00000000c3500000, 0x00000000c3500000| Untracked 
|  32|0x00000000c3600000, 0x00000000c3600000, 0x00000000c3700000|  0%| F|  |TAMS 0x00000000c3600000, 0x00000000c3600000| Untracked 
|  33|0x00000000c3700000, 0x00000000c3700000, 0x00000000c3800000|  0%| F|  |TAMS 0x00000000c3700000, 0x00000000c3700000| Untracked 
|  34|0x00000000c3800000, 0x00000000c3800000, 0x00000000c3900000|  0%| F|  |TAMS 0x00000000c3800000, 0x00000000c3800000| Untracked 
|  35|0x00000000c3900000, 0x00000000c3900000, 0x00000000c3a00000|  0%| F|  |TAMS 0x00000000c3900000, 0x00000000c3900000| Untracked 
|  36|0x00000000c3a00000, 0x00000000c3a00000, 0x00000000c3b00000|  0%| F|  |TAMS 0x00000000c3a00000, 0x00000000c3a00000| Untracked 
|  37|0x00000000c3b00000, 0x00000000c3b00000, 0x00000000c3c00000|  0%| F|  |TAMS 0x00000000c3b00000, 0x00000000c3b00000| Untracked 
|  38|0x00000000c3c00000, 0x00000000c3c00000, 0x00000000c3d00000|  0%| F|  |TAMS 0x00000000c3c00000, 0x00000000c3c00000| Untracked 
|  39|0x00000000c3d00000, 0x00000000c3d00000, 0x00000000c3e00000|  0%| F|  |TAMS 0x00000000c3d00000, 0x00000000c3d00000| Untracked 
|  40|0x00000000c3e00000, 0x00000000c3e00000, 0x00000000c3f00000|  0%| F|  |TAMS 0x00000000c3e00000, 0x00000000c3e00000| Untracked 
|  41|0x00000000c3f00000, 0x00000000c3f00000, 0x00000000c4000000|  0%| F|  |TAMS 0x00000000c3f00000, 0x00000000c3f00000| Untracked 
|  42|0x00000000c4000000, 0x00000000c4000000, 0x00000000c4100000|  0%| F|  |TAMS 0x00000000c4000000, 0x00000000c4000000| Untracked 
|  43|0x00000000c4100000, 0x00000000c4100000, 0x00000000c4200000|  0%| F|  |TAMS 0x00000000c4100000, 0x00000000c4100000| Untracked 
|  44|0x00000000c4200000, 0x00000000c4200000, 0x00000000c4300000|  0%| F|  |TAMS 0x00000000c4200000, 0x00000000c4200000| Untracked 
|  45|0x00000000c4300000, 0x00000000c43e10c0, 0x00000000c4400000| 87%| S|CS|TAMS 0x00000000c4300000, 0x00000000c4300000| Complete 
|  46|0x00000000c4400000, 0x00000000c4500000, 0x00000000c4500000|100%| S|CS|TAMS 0x00000000c4400000, 0x00000000c4400000| Complete 
|  47|0x00000000c4500000, 0x00000000c4600000, 0x00000000c4600000|100%| S|CS|TAMS 0x00000000c4500000, 0x00000000c4500000| Complete 
|  48|0x00000000c4600000, 0x00000000c4700000, 0x00000000c4700000|100%| S|CS|TAMS 0x00000000c4600000, 0x00000000c4600000| Complete 
|  49|0x00000000c4700000, 0x00000000c4700000, 0x00000000c4800000|  0%| F|  |TAMS 0x00000000c4700000, 0x00000000c4700000| Untracked 
|  50|0x00000000c4800000, 0x00000000c4800000, 0x00000000c4900000|  0%| F|  |TAMS 0x00000000c4800000, 0x00000000c4800000| Untracked 
|  51|0x00000000c4900000, 0x00000000c4900000, 0x00000000c4a00000|  0%| F|  |TAMS 0x00000000c4900000, 0x00000000c4900000| Untracked 
|  52|0x00000000c4a00000, 0x00000000c4a00000, 0x00000000c4b00000|  0%| F|  |TAMS 0x00000000c4a00000, 0x00000000c4a00000| Untracked 
|  53|0x00000000c4b00000, 0x00000000c4b00000, 0x00000000c4c00000|  0%| F|  |TAMS 0x00000000c4b00000, 0x00000000c4b00000| Untracked 
|  54|0x00000000c4c00000, 0x00000000c4c00000, 0x00000000c4d00000|  0%| F|  |TAMS 0x00000000c4c00000, 0x00000000c4c00000| Untracked 
|  55|0x00000000c4d00000, 0x00000000c4d00000, 0x00000000c4e00000|  0%| F|  |TAMS 0x00000000c4d00000, 0x00000000c4d00000| Untracked 
|  56|0x00000000c4e00000, 0x00000000c4e00000, 0x00000000c4f00000|  0%| F|  |TAMS 0x00000000c4e00000, 0x00000000c4e00000| Untracked 
|  57|0x00000000c4f00000, 0x00000000c4f00000, 0x00000000c5000000|  0%| F|  |TAMS 0x00000000c4f00000, 0x00000000c4f00000| Untracked 
|  58|0x00000000c5000000, 0x00000000c5000000, 0x00000000c5100000|  0%| F|  |TAMS 0x00000000c5000000, 0x00000000c5000000| Untracked 
|  59|0x00000000c5100000, 0x00000000c5100000, 0x00000000c5200000|  0%| F|  |TAMS 0x00000000c5100000, 0x00000000c5100000| Untracked 
|  60|0x00000000c5200000, 0x00000000c5200000, 0x00000000c5300000|  0%| F|  |TAMS 0x00000000c5200000, 0x00000000c5200000| Untracked 
|  61|0x00000000c5300000, 0x00000000c5300000, 0x00000000c5400000|  0%| F|  |TAMS 0x00000000c5300000, 0x00000000c5300000| Untracked 
|  62|0x00000000c5400000, 0x00000000c5400000, 0x00000000c5500000|  0%| F|  |TAMS 0x00000000c5400000, 0x00000000c5400000| Untracked 
|  63|0x00000000c5500000, 0x00000000c5500000, 0x00000000c5600000|  0%| F|  |TAMS 0x00000000c5500000, 0x00000000c5500000| Untracked 
|  64|0x00000000c5600000, 0x00000000c5700000, 0x00000000c5700000|100%|HS|  |TAMS 0x00000000c5700000, 0x00000000c5600000| Complete 
|  65|0x00000000c5700000, 0x00000000c5800000, 0x00000000c5800000|100%|HC|  |TAMS 0x00000000c5800000, 0x00000000c5700000| Complete 
|  66|0x00000000c5800000, 0x00000000c5900000, 0x00000000c5900000|100%|HC|  |TAMS 0x00000000c5900000, 0x00000000c5800000| Complete 
|  67|0x00000000c5900000, 0x00000000c5a00000, 0x00000000c5a00000|100%|HC|  |TAMS 0x00000000c5a00000, 0x00000000c5900000| Complete 
|  68|0x00000000c5a00000, 0x00000000c5b00000, 0x00000000c5b00000|100%|HC|  |TAMS 0x00000000c5b00000, 0x00000000c5a00000| Complete 
|  69|0x00000000c5b00000, 0x00000000c5c00000, 0x00000000c5c00000|100%|HC|  |TAMS 0x00000000c5c00000, 0x00000000c5b00000| Complete 
|  70|0x00000000c5c00000, 0x00000000c5d00000, 0x00000000c5d00000|100%|HC|  |TAMS 0x00000000c5d00000, 0x00000000c5c00000| Complete 
|  71|0x00000000c5d00000, 0x00000000c5e00000, 0x00000000c5e00000|100%|HC|  |TAMS 0x00000000c5e00000, 0x00000000c5d00000| Complete 
|  72|0x00000000c5e00000, 0x00000000c5f00000, 0x00000000c5f00000|100%|HC|  |TAMS 0x00000000c5f00000, 0x00000000c5e00000| Complete 
|  73|0x00000000c5f00000, 0x00000000c6000000, 0x00000000c6000000|100%|HC|  |TAMS 0x00000000c6000000, 0x00000000c5f00000| Complete 
|  74|0x00000000c6000000, 0x00000000c6100000, 0x00000000c6100000|100%|HC|  |TAMS 0x00000000c6100000, 0x00000000c6000000| Complete 
|  75|0x00000000c6100000, 0x00000000c6200000, 0x00000000c6200000|100%|HC|  |TAMS 0x00000000c6200000, 0x00000000c6100000| Complete 
|  76|0x00000000c6200000, 0x00000000c6300000, 0x00000000c6300000|100%|HC|  |TAMS 0x00000000c6300000, 0x00000000c6200000| Complete 
|  77|0x00000000c6300000, 0x00000000c6400000, 0x00000000c6400000|100%|HC|  |TAMS 0x00000000c6400000, 0x00000000c6300000| Complete 
|  78|0x00000000c6400000, 0x00000000c6500000, 0x00000000c6500000|100%|HC|  |TAMS 0x00000000c6500000, 0x00000000c6400000| Complete 
|  79|0x00000000c6500000, 0x00000000c6600000, 0x00000000c6600000|100%|HC|  |TAMS 0x00000000c6600000, 0x00000000c6500000| Complete 
|  80|0x00000000c6600000, 0x00000000c6700000, 0x00000000c6700000|100%|HC|  |TAMS 0x00000000c6700000, 0x00000000c6600000| Complete 
|  81|0x00000000c6700000, 0x00000000c6800000, 0x00000000c6800000|100%|HC|  |TAMS 0x00000000c6800000, 0x00000000c6700000| Complete 
|  82|0x00000000c6800000, 0x00000000c6900000, 0x00000000c6900000|100%|HC|  |TAMS 0x00000000c6900000, 0x00000000c6800000| Complete 
|  83|0x00000000c6900000, 0x00000000c6a00000, 0x00000000c6a00000|100%|HC|  |TAMS 0x00000000c6a00000, 0x00000000c6900000| Complete 
|  84|0x00000000c6a00000, 0x00000000c6b00000, 0x00000000c6b00000|100%|HC|  |TAMS 0x00000000c6b00000, 0x00000000c6a00000| Complete 
|  85|0x00000000c6b00000, 0x00000000c6c00000, 0x00000000c6c00000|100%|HC|  |TAMS 0x00000000c6c00000, 0x00000000c6b00000| Complete 
|  86|0x00000000c6c00000, 0x00000000c6d00000, 0x00000000c6d00000|100%|HC|  |TAMS 0x00000000c6d00000, 0x00000000c6c00000| Complete 
|  87|0x00000000c6d00000, 0x00000000c6e00000, 0x00000000c6e00000|100%|HC|  |TAMS 0x00000000c6e00000, 0x00000000c6d00000| Complete 
|  88|0x00000000c6e00000, 0x00000000c6f00000, 0x00000000c6f00000|100%|HC|  |TAMS 0x00000000c6f00000, 0x00000000c6e00000| Complete 
|  89|0x00000000c6f00000, 0x00000000c7000000, 0x00000000c7000000|100%|HC|  |TAMS 0x00000000c7000000, 0x00000000c6f00000| Complete 
|  90|0x00000000c7000000, 0x00000000c7100000, 0x00000000c7100000|100%|HC|  |TAMS 0x00000000c7100000, 0x00000000c7000000| Complete 
|  91|0x00000000c7100000, 0x00000000c7200000, 0x00000000c7200000|100%|HC|  |TAMS 0x00000000c7200000, 0x00000000c7100000| Complete 
|  92|0x00000000c7200000, 0x00000000c7300000, 0x00000000c7300000|100%|HC|  |TAMS 0x00000000c7300000, 0x00000000c7200000| Complete 
|  93|0x00000000c7300000, 0x00000000c7400000, 0x00000000c7400000|100%|HC|  |TAMS 0x00000000c7400000, 0x00000000c7300000| Complete 
|  94|0x00000000c7400000, 0x00000000c7500000, 0x00000000c7500000|100%|HC|  |TAMS 0x00000000c7500000, 0x00000000c7400000| Complete 
|  95|0x00000000c7500000, 0x00000000c7600000, 0x00000000c7600000|100%|HC|  |TAMS 0x00000000c7600000, 0x00000000c7500000| Complete 
|  96|0x00000000c7600000, 0x00000000c7700000, 0x00000000c7700000|100%|HC|  |TAMS 0x00000000c7700000, 0x00000000c7600000| Complete 
|  97|0x00000000c7700000, 0x00000000c7800000, 0x00000000c7800000|100%|HC|  |TAMS 0x00000000c7800000, 0x00000000c7700000| Complete 
|  98|0x00000000c7800000, 0x00000000c7900000, 0x00000000c7900000|100%|HC|  |TAMS 0x00000000c7900000, 0x00000000c7800000| Complete 
|  99|0x00000000c7900000, 0x00000000c7a00000, 0x00000000c7a00000|100%|HC|  |TAMS 0x00000000c7a00000, 0x00000000c7900000| Complete 
| 100|0x00000000c7a00000, 0x00000000c7b00000, 0x00000000c7b00000|100%|HC|  |TAMS 0x00000000c7b00000, 0x00000000c7a00000| Complete 
| 101|0x00000000c7b00000, 0x00000000c7c00000, 0x00000000c7c00000|100%|HC|  |TAMS 0x00000000c7c00000, 0x00000000c7b00000| Complete 
| 102|0x00000000c7c00000, 0x00000000c7d00000, 0x00000000c7d00000|100%|HC|  |TAMS 0x00000000c7d00000, 0x00000000c7c00000| Complete 
| 103|0x00000000c7d00000, 0x00000000c7e00000, 0x00000000c7e00000|100%|HC|  |TAMS 0x00000000c7e00000, 0x00000000c7d00000| Complete 
| 104|0x00000000c7e00000, 0x00000000c7f00000, 0x00000000c7f00000|100%|HC|  |TAMS 0x00000000c7f00000, 0x00000000c7e00000| Complete 
| 105|0x00000000c7f00000, 0x00000000c8000000, 0x00000000c8000000|100%|HC|  |TAMS 0x00000000c8000000, 0x00000000c7f00000| Complete 
| 106|0x00000000c8000000, 0x00000000c8100000, 0x00000000c8100000|100%|HC|  |TAMS 0x00000000c8100000, 0x00000000c8000000| Complete 
| 107|0x00000000c8100000, 0x00000000c8200000, 0x00000000c8200000|100%|HC|  |TAMS 0x00000000c8200000, 0x00000000c8100000| Complete 
| 108|0x00000000c8200000, 0x00000000c8300000, 0x00000000c8300000|100%|HC|  |TAMS 0x00000000c8300000, 0x00000000c8200000| Complete 
| 109|0x00000000c8300000, 0x00000000c8400000, 0x00000000c8400000|100%|HC|  |TAMS 0x00000000c8400000, 0x00000000c8300000| Complete 
| 110|0x00000000c8400000, 0x00000000c8500000, 0x00000000c8500000|100%|HC|  |TAMS 0x00000000c8500000, 0x00000000c8400000| Complete 
| 111|0x00000000c8500000, 0x00000000c8600000, 0x00000000c8600000|100%|HC|  |TAMS 0x00000000c8600000, 0x00000000c8500000| Complete 
| 112|0x00000000c8600000, 0x00000000c8700000, 0x00000000c8700000|100%|HC|  |TAMS 0x00000000c8700000, 0x00000000c8600000| Complete 
| 113|0x00000000c8700000, 0x00000000c8800000, 0x00000000c8800000|100%|HC|  |TAMS 0x00000000c8800000, 0x00000000c8700000| Complete 
| 114|0x00000000c8800000, 0x00000000c8900000, 0x00000000c8900000|100%|HC|  |TAMS 0x00000000c8900000, 0x00000000c8800000| Complete 
| 115|0x00000000c8900000, 0x00000000c8a00000, 0x00000000c8a00000|100%|HC|  |TAMS 0x00000000c8a00000, 0x00000000c8900000| Complete 
| 116|0x00000000c8a00000, 0x00000000c8b00000, 0x00000000c8b00000|100%|HC|  |TAMS 0x00000000c8b00000, 0x00000000c8a00000| Complete 
| 117|0x00000000c8b00000, 0x00000000c8c00000, 0x00000000c8c00000|100%|HC|  |TAMS 0x00000000c8c00000, 0x00000000c8b00000| Complete 
| 118|0x00000000c8c00000, 0x00000000c8d00000, 0x00000000c8d00000|100%|HC|  |TAMS 0x00000000c8d00000, 0x00000000c8c00000| Complete 
| 119|0x00000000c8d00000, 0x00000000c8e00000, 0x00000000c8e00000|100%|HC|  |TAMS 0x00000000c8e00000, 0x00000000c8d00000| Complete 
| 120|0x00000000c8e00000, 0x00000000c8f00000, 0x00000000c8f00000|100%|HC|  |TAMS 0x00000000c8f00000, 0x00000000c8e00000| Complete 
| 121|0x00000000c8f00000, 0x00000000c9000000, 0x00000000c9000000|100%|HC|  |TAMS 0x00000000c9000000, 0x00000000c8f00000| Complete 
| 122|0x00000000c9000000, 0x00000000c9100000, 0x00000000c9100000|100%|HC|  |TAMS 0x00000000c9100000, 0x00000000c9000000| Complete 
| 123|0x00000000c9100000, 0x00000000c9200000, 0x00000000c9200000|100%|HC|  |TAMS 0x00000000c9200000, 0x00000000c9100000| Complete 
| 124|0x00000000c9200000, 0x00000000c9300000, 0x00000000c9300000|100%|HC|  |TAMS 0x00000000c9300000, 0x00000000c9200000| Complete 
| 125|0x00000000c9300000, 0x00000000c9400000, 0x00000000c9400000|100%|HC|  |TAMS 0x00000000c9400000, 0x00000000c9300000| Complete 
| 126|0x00000000c9400000, 0x00000000c9500000, 0x00000000c9500000|100%|HC|  |TAMS 0x00000000c9500000, 0x00000000c9400000| Complete 
| 127|0x00000000c9500000, 0x00000000c9600000, 0x00000000c9600000|100%|HC|  |TAMS 0x00000000c9600000, 0x00000000c9500000| Complete 
| 128|0x00000000c9600000, 0x00000000c9700000, 0x00000000c9700000|100%|HC|  |TAMS 0x00000000c9700000, 0x00000000c9600000| Complete 
| 129|0x00000000c9700000, 0x00000000c9800000, 0x00000000c9800000|100%|HC|  |TAMS 0x00000000c9800000, 0x00000000c9700000| Complete 
| 130|0x00000000c9800000, 0x00000000c9900000, 0x00000000c9900000|100%|HC|  |TAMS 0x00000000c9900000, 0x00000000c9800000| Complete 
| 131|0x00000000c9900000, 0x00000000c9a00000, 0x00000000c9a00000|100%|HC|  |TAMS 0x00000000c9a00000, 0x00000000c9900000| Complete 
| 132|0x00000000c9a00000, 0x00000000c9b00000, 0x00000000c9b00000|100%|HC|  |TAMS 0x00000000c9b00000, 0x00000000c9a00000| Complete 
| 133|0x00000000c9b00000, 0x00000000c9c00000, 0x00000000c9c00000|100%|HC|  |TAMS 0x00000000c9c00000, 0x00000000c9b00000| Complete 
| 134|0x00000000c9c00000, 0x00000000c9d00000, 0x00000000c9d00000|100%|HC|  |TAMS 0x00000000c9d00000, 0x00000000c9c00000| Complete 
| 135|0x00000000c9d00000, 0x00000000c9e00000, 0x00000000c9e00000|100%|HC|  |TAMS 0x00000000c9e00000, 0x00000000c9d00000| Complete 
| 136|0x00000000c9e00000, 0x00000000c9f00000, 0x00000000c9f00000|100%|HC|  |TAMS 0x00000000c9f00000, 0x00000000c9e00000| Complete 
| 137|0x00000000c9f00000, 0x00000000ca000000, 0x00000000ca000000|100%|HC|  |TAMS 0x00000000ca000000, 0x00000000c9f00000| Complete 
| 138|0x00000000ca000000, 0x00000000ca100000, 0x00000000ca100000|100%|HC|  |TAMS 0x00000000ca100000, 0x00000000ca000000| Complete 
| 139|0x00000000ca100000, 0x00000000ca200000, 0x00000000ca200000|100%|HC|  |TAMS 0x00000000ca200000, 0x00000000ca100000| Complete 
| 140|0x00000000ca200000, 0x00000000ca300000, 0x00000000ca300000|100%|HC|  |TAMS 0x00000000ca300000, 0x00000000ca200000| Complete 
| 141|0x00000000ca300000, 0x00000000ca400000, 0x00000000ca400000|100%|HC|  |TAMS 0x00000000ca400000, 0x00000000ca300000| Complete 
| 142|0x00000000ca400000, 0x00000000ca500000, 0x00000000ca500000|100%|HC|  |TAMS 0x00000000ca500000, 0x00000000ca400000| Complete 
| 143|0x00000000ca500000, 0x00000000ca600000, 0x00000000ca600000|100%|HC|  |TAMS 0x00000000ca600000, 0x00000000ca500000| Complete 
| 144|0x00000000ca600000, 0x00000000ca700000, 0x00000000ca700000|100%|HC|  |TAMS 0x00000000ca700000, 0x00000000ca600000| Complete 
| 145|0x00000000ca700000, 0x00000000ca800000, 0x00000000ca800000|100%|HC|  |TAMS 0x00000000ca800000, 0x00000000ca700000| Complete 
| 146|0x00000000ca800000, 0x00000000ca900000, 0x00000000ca900000|100%|HC|  |TAMS 0x00000000ca900000, 0x00000000ca800000| Complete 
| 147|0x00000000ca900000, 0x00000000caa00000, 0x00000000caa00000|100%|HC|  |TAMS 0x00000000caa00000, 0x00000000ca900000| Complete 
| 148|0x00000000caa00000, 0x00000000cab00000, 0x00000000cab00000|100%|HC|  |TAMS 0x00000000cab00000, 0x00000000caa00000| Complete 
| 149|0x00000000cab00000, 0x00000000cac00000, 0x00000000cac00000|100%|HC|  |TAMS 0x00000000cac00000, 0x00000000cab00000| Complete 
| 150|0x00000000cac00000, 0x00000000cad00000, 0x00000000cad00000|100%|HC|  |TAMS 0x00000000cad00000, 0x00000000cac00000| Complete 
| 151|0x00000000cad00000, 0x00000000cae00000, 0x00000000cae00000|100%|HC|  |TAMS 0x00000000cae00000, 0x00000000cad00000| Complete 
| 152|0x00000000cae00000, 0x00000000caf00000, 0x00000000caf00000|100%|HC|  |TAMS 0x00000000caf00000, 0x00000000cae00000| Complete 
| 153|0x00000000caf00000, 0x00000000cb000000, 0x00000000cb000000|100%|HC|  |TAMS 0x00000000cb000000, 0x00000000caf00000| Complete 
| 154|0x00000000cb000000, 0x00000000cb100000, 0x00000000cb100000|100%|HC|  |TAMS 0x00000000cb100000, 0x00000000cb000000| Complete 
| 155|0x00000000cb100000, 0x00000000cb200000, 0x00000000cb200000|100%|HC|  |TAMS 0x00000000cb200000, 0x00000000cb100000| Complete 
| 156|0x00000000cb200000, 0x00000000cb300000, 0x00000000cb300000|100%|HC|  |TAMS 0x00000000cb300000, 0x00000000cb200000| Complete 
| 157|0x00000000cb300000, 0x00000000cb400000, 0x00000000cb400000|100%|HC|  |TAMS 0x00000000cb400000, 0x00000000cb300000| Complete 
| 158|0x00000000cb400000, 0x00000000cb500000, 0x00000000cb500000|100%|HC|  |TAMS 0x00000000cb500000, 0x00000000cb400000| Complete 
| 159|0x00000000cb500000, 0x00000000cb600000, 0x00000000cb600000|100%|HC|  |TAMS 0x00000000cb600000, 0x00000000cb500000| Complete 
| 160|0x00000000cb600000, 0x00000000cb700000, 0x00000000cb700000|100%|HC|  |TAMS 0x00000000cb700000, 0x00000000cb600000| Complete 
| 161|0x00000000cb700000, 0x00000000cb800000, 0x00000000cb800000|100%|HC|  |TAMS 0x00000000cb800000, 0x00000000cb700000| Complete 
| 162|0x00000000cb800000, 0x00000000cb900000, 0x00000000cb900000|100%|HC|  |TAMS 0x00000000cb900000, 0x00000000cb800000| Complete 
| 163|0x00000000cb900000, 0x00000000cba00000, 0x00000000cba00000|100%|HC|  |TAMS 0x00000000cba00000, 0x00000000cb900000| Complete 
| 164|0x00000000cba00000, 0x00000000cbb00000, 0x00000000cbb00000|100%|HC|  |TAMS 0x00000000cbb00000, 0x00000000cba00000| Complete 
| 165|0x00000000cbb00000, 0x00000000cbc00000, 0x00000000cbc00000|100%|HC|  |TAMS 0x00000000cbc00000, 0x00000000cbb00000| Complete 
| 166|0x00000000cbc00000, 0x00000000cbd00000, 0x00000000cbd00000|100%|HC|  |TAMS 0x00000000cbd00000, 0x00000000cbc00000| Complete 
| 167|0x00000000cbd00000, 0x00000000cbe00000, 0x00000000cbe00000|100%|HC|  |TAMS 0x00000000cbe00000, 0x00000000cbd00000| Complete 
| 168|0x00000000cbe00000, 0x00000000cbf00000, 0x00000000cbf00000|100%|HC|  |TAMS 0x00000000cbf00000, 0x00000000cbe00000| Complete 
| 169|0x00000000cbf00000, 0x00000000cc000000, 0x00000000cc000000|100%|HC|  |TAMS 0x00000000cc000000, 0x00000000cbf00000| Complete 
| 170|0x00000000cc000000, 0x00000000cc100000, 0x00000000cc100000|100%|HC|  |TAMS 0x00000000cc100000, 0x00000000cc000000| Complete 
| 171|0x00000000cc100000, 0x00000000cc200000, 0x00000000cc200000|100%|HC|  |TAMS 0x00000000cc200000, 0x00000000cc100000| Complete 
| 172|0x00000000cc200000, 0x00000000cc300000, 0x00000000cc300000|100%|HC|  |TAMS 0x00000000cc300000, 0x00000000cc200000| Complete 
| 173|0x00000000cc300000, 0x00000000cc400000, 0x00000000cc400000|100%|HC|  |TAMS 0x00000000cc400000, 0x00000000cc300000| Complete 
| 174|0x00000000cc400000, 0x00000000cc500000, 0x00000000cc500000|100%|HC|  |TAMS 0x00000000cc500000, 0x00000000cc400000| Complete 
| 175|0x00000000cc500000, 0x00000000cc600000, 0x00000000cc600000|100%|HC|  |TAMS 0x00000000cc600000, 0x00000000cc500000| Complete 
| 176|0x00000000cc600000, 0x00000000cc600000, 0x00000000cc700000|  0%| F|  |TAMS 0x00000000cc600000, 0x00000000cc600000| Untracked 
| 177|0x00000000cc700000, 0x00000000cc700000, 0x00000000cc800000|  0%| F|  |TAMS 0x00000000cc700000, 0x00000000cc700000| Untracked 
| 178|0x00000000cc800000, 0x00000000cc800000, 0x00000000cc900000|  0%| F|  |TAMS 0x00000000cc800000, 0x00000000cc800000| Untracked 
| 179|0x00000000cc900000, 0x00000000cc900000, 0x00000000cca00000|  0%| F|  |TAMS 0x00000000cc900000, 0x00000000cc900000| Untracked 
| 180|0x00000000cca00000, 0x00000000cca00000, 0x00000000ccb00000|  0%| F|  |TAMS 0x00000000cca00000, 0x00000000cca00000| Untracked 
| 181|0x00000000ccb00000, 0x00000000ccb00000, 0x00000000ccc00000|  0%| F|  |TAMS 0x00000000ccb00000, 0x00000000ccb00000| Untracked 
| 182|0x00000000ccc00000, 0x00000000ccc00000, 0x00000000ccd00000|  0%| F|  |TAMS 0x00000000ccc00000, 0x00000000ccc00000| Untracked 
| 183|0x00000000ccd00000, 0x00000000ccd00000, 0x00000000cce00000|  0%| F|  |TAMS 0x00000000ccd00000, 0x00000000ccd00000| Untracked 
| 184|0x00000000cce00000, 0x00000000cce00000, 0x00000000ccf00000|  0%| F|  |TAMS 0x00000000cce00000, 0x00000000cce00000| Untracked 
| 185|0x00000000ccf00000, 0x00000000ccf00000, 0x00000000cd000000|  0%| F|  |TAMS 0x00000000ccf00000, 0x00000000ccf00000| Untracked 
| 186|0x00000000cd000000, 0x00000000cd000000, 0x00000000cd100000|  0%| F|  |TAMS 0x00000000cd000000, 0x00000000cd000000| Untracked 
| 187|0x00000000cd100000, 0x00000000cd100000, 0x00000000cd200000|  0%| F|  |TAMS 0x00000000cd100000, 0x00000000cd100000| Untracked 
| 188|0x00000000cd200000, 0x00000000cd200000, 0x00000000cd300000|  0%| F|  |TAMS 0x00000000cd200000, 0x00000000cd200000| Untracked 
| 189|0x00000000cd300000, 0x00000000cd300000, 0x00000000cd400000|  0%| F|  |TAMS 0x00000000cd300000, 0x00000000cd300000| Untracked 
| 190|0x00000000cd400000, 0x00000000cd400000, 0x00000000cd500000|  0%| F|  |TAMS 0x00000000cd400000, 0x00000000cd400000| Untracked 
| 191|0x00000000cd500000, 0x00000000cd500000, 0x00000000cd600000|  0%| F|  |TAMS 0x00000000cd500000, 0x00000000cd500000| Untracked 
| 192|0x00000000cd600000, 0x00000000cd600000, 0x00000000cd700000|  0%| F|  |TAMS 0x00000000cd600000, 0x00000000cd600000| Untracked 
| 193|0x00000000cd700000, 0x00000000cd700000, 0x00000000cd800000|  0%| F|  |TAMS 0x00000000cd700000, 0x00000000cd700000| Untracked 
| 194|0x00000000cd800000, 0x00000000cd800000, 0x00000000cd900000|  0%| F|  |TAMS 0x00000000cd800000, 0x00000000cd800000| Untracked 
| 195|0x00000000cd900000, 0x00000000cd900000, 0x00000000cda00000|  0%| F|  |TAMS 0x00000000cd900000, 0x00000000cd900000| Untracked 
| 196|0x00000000cda00000, 0x00000000cda00000, 0x00000000cdb00000|  0%| F|  |TAMS 0x00000000cda00000, 0x00000000cda00000| Untracked 
| 197|0x00000000cdb00000, 0x00000000cdb00000, 0x00000000cdc00000|  0%| F|  |TAMS 0x00000000cdb00000, 0x00000000cdb00000| Untracked 
| 198|0x00000000cdc00000, 0x00000000cdd00000, 0x00000000cdd00000|100%| E|  |TAMS 0x00000000cdc00000, 0x00000000cdc00000| Complete 
| 199|0x00000000cdd00000, 0x00000000cde00000, 0x00000000cde00000|100%| E|CS|TAMS 0x00000000cdd00000, 0x00000000cdd00000| Complete 
| 200|0x00000000cde00000, 0x00000000cdf00000, 0x00000000cdf00000|100%| E|CS|TAMS 0x00000000cde00000, 0x00000000cde00000| Complete 
| 201|0x00000000cdf00000, 0x00000000ce000000, 0x00000000ce000000|100%| E|CS|TAMS 0x00000000cdf00000, 0x00000000cdf00000| Complete 
| 202|0x00000000ce000000, 0x00000000ce100000, 0x00000000ce100000|100%| E|CS|TAMS 0x00000000ce000000, 0x00000000ce000000| Complete 
| 203|0x00000000ce100000, 0x00000000ce200000, 0x00000000ce200000|100%| E|CS|TAMS 0x00000000ce100000, 0x00000000ce100000| Complete 
| 204|0x00000000ce200000, 0x00000000ce300000, 0x00000000ce300000|100%| E|CS|TAMS 0x00000000ce200000, 0x00000000ce200000| Complete 
| 205|0x00000000ce300000, 0x00000000ce400000, 0x00000000ce400000|100%| E|CS|TAMS 0x00000000ce300000, 0x00000000ce300000| Complete 
| 206|0x00000000ce400000, 0x00000000ce500000, 0x00000000ce500000|100%| E|CS|TAMS 0x00000000ce400000, 0x00000000ce400000| Complete 
| 207|0x00000000ce500000, 0x00000000ce600000, 0x00000000ce600000|100%| E|CS|TAMS 0x00000000ce500000, 0x00000000ce500000| Complete 
| 208|0x00000000ce600000, 0x00000000ce700000, 0x00000000ce700000|100%| E|CS|TAMS 0x00000000ce600000, 0x00000000ce600000| Complete 
| 209|0x00000000ce700000, 0x00000000ce800000, 0x00000000ce800000|100%| E|CS|TAMS 0x00000000ce700000, 0x00000000ce700000| Complete 
| 210|0x00000000ce800000, 0x00000000ce900000, 0x00000000ce900000|100%| E|CS|TAMS 0x00000000ce800000, 0x00000000ce800000| Complete 
| 211|0x00000000ce900000, 0x00000000cea00000, 0x00000000cea00000|100%| E|CS|TAMS 0x00000000ce900000, 0x00000000ce900000| Complete 
| 212|0x00000000cea00000, 0x00000000ceb00000, 0x00000000ceb00000|100%| E|CS|TAMS 0x00000000cea00000, 0x00000000cea00000| Complete 
| 213|0x00000000ceb00000, 0x00000000cec00000, 0x00000000cec00000|100%| E|CS|TAMS 0x00000000ceb00000, 0x00000000ceb00000| Complete 
| 214|0x00000000cec00000, 0x00000000ced00000, 0x00000000ced00000|100%| E|CS|TAMS 0x00000000cec00000, 0x00000000cec00000| Complete 
| 215|0x00000000ced00000, 0x00000000cee00000, 0x00000000cee00000|100%| E|CS|TAMS 0x00000000ced00000, 0x00000000ced00000| Complete 
| 216|0x00000000cee00000, 0x00000000cef00000, 0x00000000cef00000|100%| E|CS|TAMS 0x00000000cee00000, 0x00000000cee00000| Complete 

Card table byte_map: [0x0000026be0990000,0x0000026be0b90000] _byte_map_base: 0x0000026be0385000

Marking Bits (Prev, Next): (CMBitMap*) 0x0000026bc92c15c8, (CMBitMap*) 0x0000026bc92c1588
 Prev Bits: [0x0000026be1d40000, 0x0000026be2ce8000)
 Next Bits: [0x0000026be0d90000, 0x0000026be1d38000)

Polling page: 0x0000026bc7090000

Metaspace:

Usage:
  Non-class:     13.92 MB capacity,    13.75 MB ( 99%) used,   146.60 KB (  1%) free+waste,    31.38 KB ( <1%) overhead. 
      Class:      1.66 MB capacity,     1.55 MB ( 93%) used,   100.57 KB (  6%) free+waste,    16.31 KB ( <1%) overhead. 
       Both:     15.59 MB capacity,    15.30 MB ( 98%) used,   247.17 KB (  2%) free+waste,    47.69 KB ( <1%) overhead. 

Virtual space:
  Non-class space:       14.00 MB reserved,      14.00 MB (100%) committed 
      Class space:        1.00 GB reserved,       1.75 MB ( <1%) committed 
             Both:        1.01 GB reserved,      15.75 MB (  2%) committed 

Chunk freelists:
   Non-Class:  15.00 KB
       Class:  25.00 KB
        Both:  40.00 KB

MaxMetaspaceSize: 17179869184.00 GB
CompressedClassSpaceSize: 1.00 GB

CodeHeap 'non-profiled nmethods': size=120000Kb used=2767Kb max_used=2767Kb free=117232Kb
 bounds [0x0000026bd9260000, 0x0000026bd9520000, 0x0000026be0790000]
CodeHeap 'profiled nmethods': size=120000Kb used=10447Kb max_used=10447Kb free=109552Kb
 bounds [0x0000026bd1d30000, 0x0000026bd2770000, 0x0000026bd9260000]
CodeHeap 'non-nmethods': size=5760Kb used=1368Kb max_used=1430Kb free=4391Kb
 bounds [0x0000026bd1790000, 0x0000026bd1a00000, 0x0000026bd1d30000]
 total_blobs=6841 nmethods=4053 adapters=581
 compilation: enabled
              stopped_count=0, restarted_count=0
 full_count=0

Compilation events (20 events):
Event: 11.652 Thread 0x0000026be52a4000 4514       3       javax.swing.plaf.metal.MetalComboBoxUI::paintCurrentValue (128 bytes)
Event: 11.653 Thread 0x0000026be52a4000 nmethod 4514 0x0000026bd2758090 code [0x0000026bd27582e0, 0x0000026bd2758e50]
Event: 11.653 Thread 0x0000026be52a4000 4515       3       javax.swing.plaf.basic.BasicComboBoxUI::paintCurrentValue (351 bytes)
Event: 11.657 Thread 0x0000026be52a4000 nmethod 4515 0x0000026bd2759190 code [0x0000026bd27595c0, 0x0000026bd275c110]
Event: 11.657 Thread 0x0000026be52a4000 4516   !   3       javax.swing.CellRendererPane::paintComponent (178 bytes)
Event: 11.659 Thread 0x0000026be52a4000 nmethod 4516 0x0000026bd275cb10 code [0x0000026bd275ce60, 0x0000026bd275ec10]
Event: 11.744 Thread 0x0000026be732c000 nmethod 4478 0x0000026bd9510410 code [0x0000026bd9510720, 0x0000026bd9512b70]
Event: 11.744 Thread 0x0000026be732c000 4505       4       javax.swing.plaf.metal.MetalButtonUI::update (135 bytes)
Event: 11.890 Thread 0x0000026be52a4000 4520       3       javax.swing.plaf.metal.MetalTabbedPaneUI::getTabRunOverlay (22 bytes)
Event: 11.891 Thread 0x0000026be52a4000 nmethod 4520 0x0000026bd275f310 code [0x0000026bd275f4c0, 0x0000026bd275f730]
Event: 11.923 Thread 0x0000026be52a4000 4522       3       java.util.regex.Pattern::bitsOrSingle (106 bytes)
Event: 11.924 Thread 0x0000026be52a4000 nmethod 4522 0x0000026bd275f810 code [0x0000026bd275fa00, 0x0000026bd27600a0]
Event: 11.930 Thread 0x0000026be52a4000 4523       3       javax.swing.plaf.basic.BasicTabbedPaneUI::paintTabArea (193 bytes)
Event: 11.932 Thread 0x0000026be52a4000 nmethod 4523 0x0000026bd2760210 code [0x0000026bd27604a0, 0x0000026bd27614c0]
Event: 12.086 Thread 0x0000026be52a4000 4524       3       java.text.SimpleDateFormat::checkNegativeNumberExpression (127 bytes)
Event: 12.089 Thread 0x0000026be52a4000 nmethod 4524 0x0000026bd2761b10 code [0x0000026bd2761e80, 0x0000026bd2763630]
Event: 12.163 Thread 0x0000026be52a4000 4525       3       javax.swing.plaf.basic.BasicTabbedPaneUI::ensureCurrentLayout (43 bytes)
Event: 12.164 Thread 0x0000026be52a4000 nmethod 4525 0x0000026bd2763d90 code [0x0000026bd2763f80, 0x0000026bd27647e0]
Event: 12.169 Thread 0x0000026be52a4000 4526       3       sun.java2d.SurfaceDataProxy$1::replaceData (2 bytes)
Event: 12.169 Thread 0x0000026be52a4000 nmethod 4526 0x0000026bd2764990 code [0x0000026bd2764b20, 0x0000026bd2764c98]

GC Heap History (20 events):
Event: 1.006 GC heap before
{Heap before GC invocations=2 (full 0):
 garbage-first heap   total 201728K, used 126120K [0x00000000c1600000, 0x0000000100000000)
  region size 1024K, 10 young (10240K), 2 survivors (2048K)
 Metaspace       used 9147K, capacity 9425K, committed 9600K, reserved 1056768K
  class space    used 1150K, capacity 1281K, committed 1408K, reserved 1048576K
}
Event: 1.010 GC heap after
{Heap after GC invocations=3 (full 0):
 garbage-first heap   total 201728K, used 119075K [0x00000000c1600000, 0x0000000100000000)
  region size 1024K, 1 young (1024K), 1 survivors (1024K)
 Metaspace       used 9147K, capacity 9425K, committed 9600K, reserved 1056768K
  class space    used 1150K, capacity 1281K, committed 1408K, reserved 1048576K
}
Event: 1.162 GC heap before
{Heap before GC invocations=3 (full 0):
 garbage-first heap   total 201728K, used 144675K [0x00000000c1600000, 0x0000000100000000)
  region size 1024K, 27 young (27648K), 1 survivors (1024K)
 Metaspace       used 9147K, capacity 9425K, committed 9600K, reserved 1056768K
  class space    used 1150K, capacity 1281K, committed 1408K, reserved 1048576K
}
Event: 1.162 GC heap after
{Heap after GC invocations=4 (full 0):
 garbage-first heap   total 201728K, used 119011K [0x00000000c1600000, 0x0000000100000000)
  region size 1024K, 1 young (1024K), 1 survivors (1024K)
 Metaspace       used 9147K, capacity 9425K, committed 9600K, reserved 1056768K
  class space    used 1150K, capacity 1281K, committed 1408K, reserved 1048576K
}
Event: 1.537 GC heap before
{Heap before GC invocations=5 (full 0):
 garbage-first heap   total 204800K, used 170211K [0x00000000c1600000, 0x0000000100000000)
  region size 1024K, 51 young (52224K), 1 survivors (1024K)
 Metaspace       used 9147K, capacity 9425K, committed 9600K, reserved 1056768K
  class space    used 1150K, capacity 1281K, committed 1408K, reserved 1048576K
}
Event: 1.538 GC heap after
{Heap after GC invocations=6 (full 0):
 garbage-first heap   total 204800K, used 118979K [0x00000000c1600000, 0x0000000100000000)
  region size 1024K, 1 young (1024K), 1 survivors (1024K)
 Metaspace       used 9147K, capacity 9425K, committed 9600K, reserved 1056768K
  class space    used 1150K, capacity 1281K, committed 1408K, reserved 1048576K
}
Event: 2.184 GC heap before
{Heap before GC invocations=6 (full 0):
 garbage-first heap   total 204800K, used 154819K [0x00000000c1600000, 0x0000000100000000)
  region size 1024K, 37 young (37888K), 1 survivors (1024K)
 Metaspace       used 9852K, capacity 10103K, committed 10368K, reserved 1058816K
  class space    used 1212K, capacity 1313K, committed 1408K, reserved 1048576K
}
Event: 2.195 GC heap after
{Heap after GC invocations=7 (full 1):
 garbage-first heap   total 204800K, used 118926K [0x00000000c1600000, 0x0000000100000000)
  region size 1024K, 0 young (0K), 0 survivors (0K)
 Metaspace       used 9852K, capacity 10103K, committed 10368K, reserved 1058816K
  class space    used 1212K, capacity 1313K, committed 1408K, reserved 1048576K
}
Event: 2.335 GC heap before
{Heap before GC invocations=7 (full 1):
 garbage-first heap   total 204800K, used 119950K [0x00000000c1600000, 0x0000000100000000)
  region size 1024K, 2 young (2048K), 0 survivors (0K)
 Metaspace       used 10090K, capacity 10359K, committed 10624K, reserved 1058816K
  class space    used 1247K, capacity 1377K, committed 1408K, reserved 1048576K
}
Event: 2.337 GC heap after
{Heap after GC invocations=8 (full 1):
 garbage-first heap   total 204800K, used 119019K [0x00000000c1600000, 0x0000000100000000)
  region size 1024K, 1 young (1024K), 1 survivors (1024K)
 Metaspace       used 10090K, capacity 10359K, committed 10624K, reserved 1058816K
  class space    used 1247K, capacity 1377K, committed 1408K, reserved 1048576K
}
Event: 4.926 GC heap before
{Heap before GC invocations=9 (full 1):
 garbage-first heap   total 211968K, used 180458K [0x00000000c1600000, 0x0000000100000000)
  region size 1024K, 57 young (58368K), 1 survivors (1024K)
 Metaspace       used 13411K, capacity 13755K, committed 13952K, reserved 1060864K
  class space    used 1459K, capacity 1568K, committed 1664K, reserved 1048576K
}
Event: 4.933 GC heap after
{Heap after GC invocations=10 (full 1):
 garbage-first heap   total 211968K, used 125442K [0x00000000c1600000, 0x0000000100000000)
  region size 1024K, 3 young (3072K), 3 survivors (3072K)
 Metaspace       used 13411K, capacity 13755K, committed 13952K, reserved 1060864K
  class space    used 1459K, capacity 1568K, committed 1664K, reserved 1048576K
}
Event: 6.625 GC heap before
{Heap before GC invocations=10 (full 1):
 garbage-first heap   total 211968K, used 180738K [0x00000000c1600000, 0x0000000100000000)
  region size 1024K, 57 young (58368K), 3 survivors (3072K)
 Metaspace       used 14294K, capacity 14623K, committed 14720K, reserved 1062912K
  class space    used 1492K, capacity 1601K, committed 1664K, reserved 1048576K
}
Event: 6.638 GC heap after
{Heap after GC invocations=11 (full 1):
 garbage-first heap   total 211968K, used 126519K [0x00000000c1600000, 0x0000000100000000)
  region size 1024K, 4 young (4096K), 4 survivors (4096K)
 Metaspace       used 14294K, capacity 14623K, committed 14720K, reserved 1062912K
  class space    used 1492K, capacity 1601K, committed 1664K, reserved 1048576K
}
Event: 7.691 GC heap before
{Heap before GC invocations=12 (full 1):
 garbage-first heap   total 217088K, used 179767K [0x00000000c1600000, 0x0000000100000000)
  region size 1024K, 57 young (58368K), 4 survivors (4096K)
 Metaspace       used 14929K, capacity 15273K, committed 15616K, reserved 1062912K
  class space    used 1543K, capacity 1667K, committed 1792K, reserved 1048576K
}
Event: 7.699 GC heap after
{Heap after GC invocations=13 (full 1):
 garbage-first heap   total 217088K, used 127640K [0x00000000c1600000, 0x0000000100000000)
  region size 1024K, 5 young (5120K), 5 survivors (5120K)
 Metaspace       used 14929K, capacity 15273K, committed 15616K, reserved 1062912K
  class space    used 1543K, capacity 1667K, committed 1792K, reserved 1048576K
}
Event: 9.611 GC heap before
{Heap before GC invocations=13 (full 1):
 garbage-first heap   total 217088K, used 183960K [0x00000000c1600000, 0x0000000100000000)
  region size 1024K, 61 young (62464K), 5 survivors (5120K)
 Metaspace       used 15388K, capacity 15694K, committed 15872K, reserved 1062912K
  class space    used 1581K, capacity 1700K, committed 1792K, reserved 1048576K
}
Event: 9.624 GC heap after
{Heap after GC invocations=14 (full 1):
 garbage-first heap   total 217088K, used 128497K [0x00000000c1600000, 0x0000000100000000)
  region size 1024K, 4 young (4096K), 4 survivors (4096K)
 Metaspace       used 15388K, capacity 15694K, committed 15872K, reserved 1062912K
  class space    used 1581K, capacity 1700K, committed 1792K, reserved 1048576K
}
Event: 11.483 GC heap before
{Heap before GC invocations=15 (full 1):
 garbage-first heap   total 222208K, used 184817K [0x00000000c1600000, 0x0000000100000000)
  region size 1024K, 60 young (61440K), 4 survivors (4096K)
 Metaspace       used 15625K, capacity 15960K, committed 16128K, reserved 1062912K
  class space    used 1586K, capacity 1703K, committed 1792K, reserved 1048576K
}
Event: 11.491 GC heap after
{Heap after GC invocations=16 (full 1):
 garbage-first heap   total 222208K, used 129213K [0x00000000c1600000, 0x0000000100000000)
  region size 1024K, 4 young (4096K), 4 survivors (4096K)
 Metaspace       used 15625K, capacity 15960K, committed 16128K, reserved 1062912K
  class space    used 1586K, capacity 1703K, committed 1792K, reserved 1048576K
}

Deoptimization events (20 events):
Event: 10.618 Thread 0x0000026be6334000 DEOPT PACKING pc=0x0000026bd94c9948 sp=0x0000009a85efe720
Event: 10.618 Thread 0x0000026be6334000 DEOPT UNPACKING pc=0x0000026bd17d912f sp=0x0000009a85efe6a8 mode 2
Event: 10.620 Thread 0x0000026be63c3000 Uncommon trap: trap_request=0xffffffde fr.pc=0x0000026bd94c9948 relative=0x0000000000000128
Event: 10.620 Thread 0x0000026be63c3000 Uncommon trap: reason=class_check action=maybe_recompile pc=0x0000026bd94c9948 method=jdk.internal.misc.Unsafe.allocateUninitializedArray(Ljava/lang/Class;I)Ljava/lang/Object; @ 48 c2
Event: 10.620 Thread 0x0000026be63c3000 DEOPT PACKING pc=0x0000026bd94c9948 sp=0x0000009a85ffe6d0
Event: 10.620 Thread 0x0000026be63c3000 DEOPT UNPACKING pc=0x0000026bd17d912f sp=0x0000009a85ffe658 mode 2
Event: 10.620 Thread 0x0000026be6334000 Uncommon trap: trap_request=0xffffffde fr.pc=0x0000026bd94c9948 relative=0x0000000000000128
Event: 10.620 Thread 0x0000026be6334000 Uncommon trap: reason=class_check action=maybe_recompile pc=0x0000026bd94c9948 method=jdk.internal.misc.Unsafe.allocateUninitializedArray(Ljava/lang/Class;I)Ljava/lang/Object; @ 48 c2
Event: 10.620 Thread 0x0000026be6334000 DEOPT PACKING pc=0x0000026bd94c9948 sp=0x0000009a85efd8e0
Event: 10.620 Thread 0x0000026be6334000 DEOPT UNPACKING pc=0x0000026bd17d912f sp=0x0000009a85efd868 mode 2
Event: 10.621 Thread 0x0000026be6334000 Uncommon trap: trap_request=0xffffffde fr.pc=0x0000026bd94c9948 relative=0x0000000000000128
Event: 10.621 Thread 0x0000026be6334000 Uncommon trap: reason=class_check action=maybe_recompile pc=0x0000026bd94c9948 method=jdk.internal.misc.Unsafe.allocateUninitializedArray(Ljava/lang/Class;I)Ljava/lang/Object; @ 48 c2
Event: 10.621 Thread 0x0000026be6334000 DEOPT PACKING pc=0x0000026bd94c9948 sp=0x0000009a85efde10
Event: 10.621 Thread 0x0000026be6334000 DEOPT UNPACKING pc=0x0000026bd17d912f sp=0x0000009a85efdd98 mode 2
Event: 10.909 Thread 0x0000026be60bd800 Uncommon trap: trap_request=0xffffffc6 fr.pc=0x0000026bd946c538 relative=0x00000000000040b8
Event: 10.909 Thread 0x0000026be60bd800 Uncommon trap: reason=bimorphic_or_optimized_type_check action=maybe_recompile pc=0x0000026bd946c538 method=java.awt.Container.validate()V @ 80 c2
Event: 10.909 Thread 0x0000026be60bd800 DEOPT PACKING pc=0x0000026bd946c538 sp=0x0000009a85bfd7c0
Event: 10.909 Thread 0x0000026be60bd800 DEOPT UNPACKING pc=0x0000026bd17d912f sp=0x0000009a85bfd7e0 mode 2
Event: 11.249 Thread 0x0000026be60bd800 DEOPT PACKING pc=0x0000026bd21cd9cf sp=0x0000009a85bfeaa0
Event: 11.249 Thread 0x0000026be60bd800 DEOPT UNPACKING pc=0x0000026bd17d964e sp=0x0000009a85bfdf30 mode 0

Classes unloaded (0 events):
No events

Classes redefined (0 events):
No events

Internal exceptions (20 events):
Event: 0.261 Thread 0x0000026bc9290000 Exception <a 'java/lang/ClassNotFoundException'{0x00000000c5306000}: sun/awt/resources/spi/awtProvider> (0x00000000c5306000) 
thrown [t:/workspace/open/src/hotspot/share/classfile/systemDictionary.cpp, line 232]
Event: 0.297 Thread 0x0000026bc9290000 Exception <a 'java/io/FileNotFoundException'{0x00000000c535d0f0}> (0x00000000c535d0f0) 
thrown [t:/workspace/open/src/hotspot/share/prims/jni.cpp, line 598]
Event: 0.309 Thread 0x0000026bc9290000 Exception <a 'java/io/FileNotFoundException'{0x00000000c53836d0}> (0x00000000c53836d0) 
thrown [t:/workspace/open/src/hotspot/share/prims/jni.cpp, line 598]
Event: 0.408 Thread 0x0000026be60ad000 Exception <a 'java/lang/NoSuchMethodError'{0x00000000c514d1f0}: 'void java.lang.invoke.DirectMethodHandle$Holder.invokeSpecial(java.lang.Object, java.lang.Object)'> (0x00000000c514d1f0) 
thrown [t:/workspace/open/src/hotspot/share/interpreter/linkResolver.cpp, line 767]
Event: 0.490 Thread 0x0000026be60bd800 Exception <a 'java/lang/NoSuchMethodError'{0x00000000c504a928}: 'java.lang.Object java.lang.invoke.DirectMethodHandle$Holder.invokeStatic(java.lang.Object, int, java.lang.Object, java.lang.Object, java.lang.Object, java.lang.Object)'> (0x00000000c504a928) 
thrown [t:/workspace/open/src/hotspot/share/interpreter/linkResolver.cpp, line 767]
Event: 0.490 Thread 0x0000026be60bd800 Exception <a 'java/lang/NoSuchMethodError'{0x00000000c5051288}: 'java.lang.Object java.lang.invoke.DirectMethodHandle$Holder.invokeStatic(java.lang.Object, int, java.lang.Object, java.lang.Object, java.lang.Object)'> (0x00000000c5051288) 
thrown [t:/workspace/open/src/hotspot/share/interpreter/linkResolver.cpp, line 767]
Event: 0.491 Thread 0x0000026be60bd800 Exception <a 'java/lang/NoSuchMethodError'{0x00000000c5054af0}: 'java.lang.Object java.lang.invoke.DirectMethodHandle$Holder.invokeSpecial(java.lang.Object, java.lang.Object, int, java.lang.Object, java.lang.Object, java.lang.Object)'> (0x00000000c5054af0) 
thrown [t:/workspace/open/src/hotspot/share/interpreter/linkResolver.cpp, line 767]
Event: 0.495 Thread 0x0000026be60bd800 Exception <a 'java/lang/NoSuchMethodError'{0x00000000c506ae18}: 'java.lang.Object java.lang.invoke.DirectMethodHandle$Holder.invokeStatic(java.lang.Object, int, java.lang.Object)'> (0x00000000c506ae18) 
thrown [t:/workspace/open/src/hotspot/share/interpreter/linkResolver.cpp, line 767]
Event: 0.525 Thread 0x0000026be60bd800 Exception <a 'java/lang/ClassNotFoundException'{0x00000000c4f0e378}: com/sun/swing/internal/plaf/metal/resources/spi/metalProvider> (0x00000000c4f0e378) 
thrown [t:/workspace/open/src/hotspot/share/classfile/systemDictionary.cpp, line 232]
Event: 0.527 Thread 0x0000026be60bd800 Exception <a 'java/lang/ClassNotFoundException'{0x00000000c4f12420}: com/sun/swing/internal/plaf/basic/resources/spi/basicProvider> (0x00000000c4f12420) 
thrown [t:/workspace/open/src/hotspot/share/classfile/systemDictionary.cpp, line 232]
Event: 0.570 Thread 0x0000026be60bd800 Exception <a 'java/net/UnknownHostException'{0x00000000c4f494f0}> (0x00000000c4f494f0) 
thrown [t:/workspace/open/src/hotspot/share/prims/jni.cpp, line 598]
Event: 0.789 Thread 0x0000026be60bd800 Exception <a 'java/lang/NoSuchMethodError'{0x00000000c4d36698}: 'void java.lang.invoke.DirectMethodHandle$Holder.invokeStaticInit(java.lang.Object)'> (0x00000000c4d36698) 
thrown [t:/workspace/open/src/hotspot/share/interpreter/linkResolver.cpp, line 767]
Event: 0.831 Thread 0x0000026be60bd800 Exception <a 'java/lang/NoSuchMethodError'{0x00000000c4c409d0}: 'java.lang.Object java.lang.invoke.Invokers$Holder.linkToTargetMethod(java.lang.Object, int, java.lang.Object)'> (0x00000000c4c409d0) 
thrown [t:/workspace/open/src/hotspot/share/interpreter/linkResolver.cpp, line 767]
Event: 3.473 Thread 0x0000026be63c3000 Exception <a 'java/lang/NoSuchMethodError'{0x00000000cd2fd150}: 'int java.lang.invoke.DirectMethodHandle$Holder.invokeSpecialIFC(java.lang.Object, java.lang.Object, int)'> (0x00000000cd2fd150) 
thrown [t:/workspace/open/src/hotspot/share/interpreter/linkResolver.cpp, line 767]
Event: 6.639 Thread 0x0000026be6334000 Implicit null exception at 0x0000026bd93a4ec8 to 0x0000026bd93a65f6
Event: 7.143 Thread 0x0000026be60bd800 Implicit null exception at 0x0000026bd93b9295 to 0x0000026bd93bc3de
Event: 7.388 Thread 0x0000026be60bd800 Exception <a 'java/io/FileNotFoundException'{0x00000000cc64c3e8}> (0x00000000cc64c3e8) 
thrown [t:/workspace/open/src/hotspot/share/prims/jni.cpp, line 598]
Event: 7.586 Thread 0x0000026be60bd800 Implicit null exception at 0x0000026bd9305ddc to 0x0000026bd9305fb2
Event: 8.428 Thread 0x0000026be60bd800 Implicit null exception at 0x0000026bd93c34b1 to 0x0000026bd93c598e
Event: 10.664 Thread 0x0000026be61c8800 Exception <a 'java/net/UnknownHostException'{0x00000000cd1030c8}> (0x00000000cd1030c8) 
thrown [t:/workspace/open/src/hotspot/share/prims/jni.cpp, line 598]

Events (20 events):
Event: 10.887 Executing VM operation: RevokeBias done
Event: 10.887 Executing VM operation: RevokeBias
Event: 10.887 Executing VM operation: RevokeBias done
Event: 10.896 Executing VM operation: RevokeBias
Event: 10.896 Executing VM operation: RevokeBias done
Event: 10.919 Executing VM operation: RevokeBias
Event: 10.921 Executing VM operation: RevokeBias done
Event: 10.930 Executing VM operation: RevokeBias
Event: 10.930 Executing VM operation: RevokeBias done
Event: 11.002 Executing VM operation: RevokeBias
Event: 11.002 Executing VM operation: RevokeBias done
Event: 11.033 Executing VM operation: RevokeBias
Event: 11.035 Executing VM operation: RevokeBias done
Event: 11.035 Thread 0x0000026be61cc800 Thread exited: 0x0000026be61cc800
Event: 11.482 Executing VM operation: G1CollectForAllocation
Event: 11.482 Executing VM operation: G1CollectForAllocation done
Event: 11.483 Executing VM operation: G1CollectForAllocation
Event: 11.491 Executing VM operation: G1CollectForAllocation done
Event: 11.521 Executing VM operation: RevokeBias
Event: 11.521 Executing VM operation: RevokeBias done


Dynamic libraries:
0x00007ff6c4b70000 - 0x00007ff6c4b7f000 	C:\Program Files\Java\jdk-13.0.2\bin\javaw.exe
0x00007ff81e8a0000 - 0x00007ff81ea90000 	C:\Windows\SYSTEM32\ntdll.dll
0x00007ff81d5d0000 - 0x00007ff81d682000 	C:\Windows\System32\KERNEL32.DLL
0x00007ff81bb50000 - 0x00007ff81bdf5000 	C:\Windows\System32\KERNELBASE.dll
0x00007ff81bf80000 - 0x00007ff81c07a000 	C:\Windows\System32\ucrtbase.dll
0x00007ff816f90000 - 0x00007ff816fa5000 	C:\Program Files\Java\jdk-13.0.2\bin\VCRUNTIME140.dll
0x00007ff817e20000 - 0x00007ff817e38000 	C:\Program Files\Java\jdk-13.0.2\bin\jli.dll
0x00007ff81d140000 - 0x00007ff81d1e3000 	C:\Windows\System32\ADVAPI32.dll
0x00007ff81e6e0000 - 0x00007ff81e77e000 	C:\Windows\System32\msvcrt.dll
0x00007ff81e610000 - 0x00007ff81e6a7000 	C:\Windows\System32\sechost.dll
0x00007ff81ccd0000 - 0x00007ff81cdef000 	C:\Windows\System32\RPCRT4.dll
0x00007ff81d2d0000 - 0x00007ff81d464000 	C:\Windows\System32\USER32.dll
0x00007ff81c110000 - 0x00007ff81c131000 	C:\Windows\System32\win32u.dll
0x00007ff81d220000 - 0x00007ff81d246000 	C:\Windows\System32\GDI32.dll
0x00007ff81b9b0000 - 0x00007ff81bb48000 	C:\Windows\System32\gdi32full.dll
0x00007ff809e80000 - 0x00007ff80a104000 	C:\Windows\WinSxS\amd64_microsoft.windows.common-controls_6595b64144ccf1df_6.0.18362.1556_none_9e7e372fe45e41d5\COMCTL32.dll
0x00007ff81b7e0000 - 0x00007ff81b87e000 	C:\Windows\System32\msvcp_win.dll
0x00007ff81cdf0000 - 0x00007ff81d126000 	C:\Windows\System32\combase.dll
0x00007ff81c080000 - 0x00007ff81c101000 	C:\Windows\System32\bcryptPrimitives.dll
0x00007ff80bd20000 - 0x00007ff80bd2a000 	C:\Windows\SYSTEM32\VERSION.dll
0x00007ff81e6b0000 - 0x00007ff81e6de000 	C:\Windows\System32\IMM32.DLL
0x00007ffff2d40000 - 0x00007ffff2ddb000 	C:\Program Files\Java\jdk-13.0.2\bin\msvcp140.dll
0x00007fffd83d0000 - 0x00007fffd8f2d000 	C:\Program Files\Java\jdk-13.0.2\bin\server\jvm.dll
0x00007ff81c920000 - 0x00007ff81c928000 	C:\Windows\System32\PSAPI.DLL
0x00007ff819770000 - 0x00007ff819779000 	C:\Windows\SYSTEM32\WSOCK32.dll
0x00007ff81dd80000 - 0x00007ff81ddef000 	C:\Windows\System32\WS2_32.dll
0x00007ff8182c0000 - 0x00007ff8182e4000 	C:\Windows\SYSTEM32\WINMM.dll
0x00007ff818290000 - 0x00007ff8182bd000 	C:\Windows\SYSTEM32\WINMMBASE.dll
0x00007ff81b880000 - 0x00007ff81b8ca000 	C:\Windows\System32\cfgmgr32.dll
0x00007ff81b7a0000 - 0x00007ff81b7b1000 	C:\Windows\System32\kernel.appcore.dll
0x00007ff817ee0000 - 0x00007ff817ef0000 	C:\Program Files\Java\jdk-13.0.2\bin\verify.dll
0x00007ff809c80000 - 0x00007ff809e74000 	C:\Windows\SYSTEM32\DBGHELP.DLL
0x00007ff80aee0000 - 0x00007ff80af0a000 	C:\Windows\SYSTEM32\dbgcore.DLL
0x00007ff8152f0000 - 0x00007ff815316000 	C:\Program Files\Java\jdk-13.0.2\bin\java.dll
0x00007ff812960000 - 0x00007ff812977000 	C:\Program Files\Java\jdk-13.0.2\bin\zip.dll
0x00007ff817c10000 - 0x00007ff817c1a000 	C:\Program Files\Java\jdk-13.0.2\bin\jimage.dll
0x00007ff81d690000 - 0x00007ff81dd77000 	C:\Windows\System32\SHELL32.dll
0x00007ff81e560000 - 0x00007ff81e608000 	C:\Windows\System32\shcore.dll
0x00007ff81c1a0000 - 0x00007ff81c91b000 	C:\Windows\System32\windows.storage.dll
0x00007ff81b7c0000 - 0x00007ff81b7de000 	C:\Windows\System32\profapi.dll
0x00007ff81b750000 - 0x00007ff81b79a000 	C:\Windows\System32\powrprof.dll
0x00007ff81b720000 - 0x00007ff81b730000 	C:\Windows\System32\UMPDC.dll
0x00007ff81c930000 - 0x00007ff81c982000 	C:\Windows\System32\shlwapi.dll
0x00007ff81bf60000 - 0x00007ff81bf77000 	C:\Windows\System32\cryptsp.dll
0x00007ff812940000 - 0x00007ff812959000 	C:\Program Files\Java\jdk-13.0.2\bin\net.dll
0x00007ff8113a0000 - 0x00007ff81149a000 	C:\Windows\SYSTEM32\WINHTTP.dll
0x00007ff81af60000 - 0x00007ff81afc7000 	C:\Windows\system32\mswsock.dll
0x00007ff8128c0000 - 0x00007ff8128d3000 	C:\Program Files\Java\jdk-13.0.2\bin\nio.dll
0x00007fffe82f0000 - 0x00007fffe8489000 	C:\Program Files\Java\jdk-13.0.2\bin\awt.dll
0x00007ff81cad0000 - 0x00007ff81cb95000 	C:\Windows\System32\OLEAUT32.dll
0x00007ff8197b0000 - 0x00007ff81983f000 	C:\Windows\SYSTEM32\apphelp.dll
0x00007ff819970000 - 0x00007ff819a09000 	C:\Windows\system32\uxtheme.dll
0x00007ff81c990000 - 0x00007ff81cac5000 	C:\Windows\System32\MSCTF.dll
0x00007ff81d470000 - 0x00007ff81d5c7000 	C:\Windows\System32\ole32.dll
0x00007ff819d90000 - 0x00007ff819dbd000 	C:\Windows\system32\DWMAPI.DLL
0x00007fffe9bf0000 - 0x00007fffe9d46000 	C:\Windows\system32\opengl32.dll
0x00007ff809420000 - 0x00007ff80944c000 	C:\Windows\SYSTEM32\GLU32.dll
0x00007ff81a360000 - 0x00007ff81a380000 	C:\Windows\SYSTEM32\dxcore.dll
0x00007ff81acb0000 - 0x00007ff81ad7b000 	C:\Windows\SYSTEM32\DNSAPI.dll
0x00007ff81d130000 - 0x00007ff81d138000 	C:\Windows\System32\NSI.dll
0x00007ff81ac70000 - 0x00007ff81acaa000 	C:\Windows\SYSTEM32\IPHLPAPI.DLL
0x00007ff810bd0000 - 0x00007ff810bda000 	C:\Windows\System32\rasadhlp.dll
0x00007ffff2650000 - 0x00007ffff26d2000 	C:\Program Files\Java\jdk-13.0.2\bin\freetype.dll
0x00007ffff0e40000 - 0x00007ffff0ee6000 	C:\Program Files\Java\jdk-13.0.2\bin\fontmanager.dll
0x00007ff81e780000 - 0x00007ff81e822000 	C:\Windows\System32\clbcatq.dll
0x00007ff817370000 - 0x00007ff81751f000 	C:\Windows\SYSTEM32\WindowsCodecs.dll
0x00007ff80e140000 - 0x00007ff80e17b000 	C:\Windows\system32\dataexchange.dll
0x00007ff818980000 - 0x00007ff818bdb000 	C:\Windows\system32\d3d11.dll
0x00007ff819040000 - 0x00007ff81921d000 	C:\Windows\system32\dcomp.dll
0x00007ff81a3f0000 - 0x00007ff81a4db000 	C:\Windows\system32\dxgi.dll
0x00007ff819a30000 - 0x00007ff819c8a000 	C:\Windows\system32\twinapi.appcore.dll
0x00007ff819e80000 - 0x00007ff819ea9000 	C:\Windows\system32\RMCLIENT.dll
0x00007ff80f680000 - 0x00007ff80f71b000 	C:\Windows\System32\TextInputFramework.dll
0x00007ff819590000 - 0x00007ff819664000 	C:\Windows\System32\CoreMessaging.dll
0x00007ff817840000 - 0x00007ff817b6a000 	C:\Windows\System32\CoreUIComponents.dll
0x00007ff81a760000 - 0x00007ff81a791000 	C:\Windows\SYSTEM32\ntmarta.dll
0x00007ff817590000 - 0x00007ff8176e2000 	C:\Windows\SYSTEM32\wintypes.dll
0x00007ff80e180000 - 0x00007ff80e427000 	C:\Windows\System32\iertutil.dll

dbghelp: loaded successfully - version: 4.0.5 - missing functions: none
symbol engine: initialized successfully - sym options: 0x614 - pdb path: .;C:\Program Files\Java\jdk-13.0.2\bin;C:\Windows\SYSTEM32;C:\Windows\WinSxS\amd64_microsoft.windows.common-controls_6595b64144ccf1df_6.0.18362.1556_none_9e7e372fe45e41d5;C:\Program Files\Java\jdk-13.0.2\bin\server

VM Arguments:
jvm_args: -Dfile.encoding=Cp1252 
java_command: Application.Home
java_class_path (initial): C:\Users\User\Desktop\Programmes\Java\Workspace\DriveOperations\target\classes;C:\Users\User\Desktop\Libraries\jgoodies-common-1.8.0.jar;C:\Users\User\Desktop\Libraries\jgoodies-forms-1.8.0.jar;C:\Users\User\Desktop\Libraries\miglayout15-swing.jar;C:\Users\User\Downloads\javax.mail.jar;C:\Users\User\Downloads\activation-1.1.1.jar;C:\Users\User\Downloads\jcalendar-1.4.jar;C:\Users\User\Downloads\jfreechart-1.0.19\lib\jcommon-1.0.23.jar;C:\Users\User\Downloads\jfreechart-1.0.19\lib\jfreechart-1.0.19.jar;C:\Users\User\Downloads\commons-net-3.8.0\commons-net-3.8.0.jar;C:\Users\User\Documents\Libs\comm-2.0.jar;C:\Users\User\Documents\Libs\http-2.2.1.jar;C:\Users\User\Documents\Libs\mysql-connector-java-5.1.45.jar;C:\Users\User\Downloads\JTattoo-1.6.13.jar;C:\Users\User\Desktop\Libs\jmespath-java-1.11.470.jar;C:\Users\User\Desktop\Libs\aws-java-sdk-core-1.12.65.jar;C:\Users\User\Desktop\Libs\aws-java-sdk-kms-1.12.65.jar;C:\Users\User\Desktop\Libs\aws-java-sdk-s3-1.12.65.jar;C:\Users\User\Desktop\Libs\commons-codec-1.15.jar;C:\Users\User\Desktop\Libs\commons-logging-1.1.3.jar;C:\Users\User\Desktop\Libs\httpclient-4.5.13.jar;C:\Users\User\Desktop\Libs\ion-java-1.0.2.jar;C:\Users\User\Desktop\Libs\jackson-annotations-2.12.3.jar;C:\Users\User\Desktop\Libs\jackson-core-2.12.3.jar;C:\Users\User\Desktop\Libs\jackson-databind-2.12.3.jar;C:\Users\User\Desktop\Libs\jackson-dataformat-cbor-2.12.3.jar;C:\Users\User\Desktop\Libs\jmespath-java-1.12.65.jar;C:\Users\User\Desktop\Libs\joda-time-2.8.1.jar;C:\Users\User\.m2\repository\com\amazonaws\aws-java-sdk-s3\1.12.65\aws-java-sdk-s3-1.12.65.jar;C:\Users\User\.m2\repository\com\amazonaws\aws-java-sdk-kms\1.12.65\aws-java-sdk-kms-1.12.65.jar;C:\Users\User\.m2\repository\com\amazonaws\aws-java-sdk-core\1.12.65\aws-java-sdk-core-1.12.65.jar;C:\Users\User\.m2\repository\commons-logging\commons-logging\1.1.3\commons-logging-1.1.3.jar;C:\Users\User\.m2\repository\commons-codec\commons-codec\1.15\commons-codec-1.15
Launcher Type: SUN_STANDARD

[Global flags]
     intx CICompilerCount                          = 3                                         {product} {ergonomic}
     uint ConcGCThreads                            = 1                                         {product} {ergonomic}
     uint G1ConcRefinementThreads                  = 4                                         {product} {ergonomic}
   size_t G1HeapRegionSize                         = 1048576                                   {product} {ergonomic}
    uintx GCDrainStackTargetSize                   = 64                                        {product} {ergonomic}
   size_t InitialHeapSize                          = 67108864                                  {product} {ergonomic}
   size_t MarkStackSize                            = 4194304                                   {product} {ergonomic}
   size_t MaxHeapSize                              = 1050673152                                {product} {ergonomic}
   size_t MaxNewSize                               = 630194176                                 {product} {ergonomic}
   size_t MinHeapDeltaBytes                        = 1048576                                   {product} {ergonomic}
   size_t MinHeapSize                              = 8388608                                   {product} {ergonomic}
    uintx NonNMethodCodeHeapSize                   = 5832780                                {pd product} {ergonomic}
    uintx NonProfiledCodeHeapSize                  = 122912730                              {pd product} {ergonomic}
    uintx ProfiledCodeHeapSize                     = 122912730                              {pd product} {ergonomic}
    uintx ReservedCodeCacheSize                    = 251658240                              {pd product} {ergonomic}
     bool SegmentedCodeCache                       = true                                      {product} {ergonomic}
   size_t SoftMaxHeapSize                          = 1050673152                             {manageable} {ergonomic}
     bool UseCompressedClassPointers               = true                                 {lp64_product} {ergonomic}
     bool UseCompressedOops                        = true                                 {lp64_product} {ergonomic}
     bool UseG1GC                                  = true                                      {product} {ergonomic}
     bool UseLargePagesIndividualAllocation        = false                                  {pd product} {ergonomic}

Logging:
Log output configuration:
 #0: stdout all=warning uptime,level,tags
 #1: stderr all=off uptime,level,tags

Environment Variables:
JAVA_HOME=C:\Program Files (x86)\Java\jre1.8.0_241
PATH=C:\Program Files\Java\jdk-13.0.2\bin;C:\Program Files (x86)\Common Files\Oracle\Java\javapath;C:\Windows\system32;C:\Windows;C:\Windows\System32\Wbem;C:\Windows\System32\WindowsPowerShell\v1.0\;C:\Windows\System32\OpenSSH\;C:\Program Files (x86)\apache-maven-3.8.1\bin;C:\Program Files (x86)\gradle-7.1.1\bin;C:\Users\User\AppData\Local\Microsoft\WindowsApps;C:\Users\User\AppData\Local\Programs\Microsoft VS Code\bin;C:\Program Files (x86)\gradle-7.1.1\bin;C:\Users\User\Downloads\platform-tools;
USERNAME=User
OS=Windows_NT
PROCESSOR_IDENTIFIER=Intel64 Family 6 Model 42 Stepping 7, GenuineIntel



---------------  S Y S T E M  ---------------

OS: Windows 10 , 64 bit Build 18362 (10.0.18362.1500)

CPU:total 4 (initial active 4) (2 cores per cpu, 2 threads per core) family 6 model 42 stepping 7, cmov, cx8, fxsr, mmx, sse, sse2, sse3, ssse3, sse4.1, sse4.2, popcnt, avx, aes, clmul, ht, tsc, tscinvbit

Memory: 4k page, system-wide physical 4006M (391M free)
TotalPageFile size 16294M (AvailPageFile size 5M)
current process WorkingSet (physical memory assigned to process): 320M, peak: 327M
current process commit charge ("private bytes"): 375M, peak: 381M

vm_info: Java HotSpot(TM) 64-Bit Server VM (13.0.2+8) for windows-amd64 JRE (13.0.2+8), built on Dec 11 2019 09:20:33 by "mach5one" with unknown MS VC++:1916

END.
