#
# There is insufficient memory for the Java Runtime Environment to continue.
# Native memory allocation (malloc) failed to allocate 662608 bytes for Chunk::new
# Possible reasons:
#   The system is out of physical RAM or swap space
#   The process is running with CompressedOops enabled, and the Java Heap may be blocking the growth of the native heap
# Possible solutions:
#   Reduce memory load on the system
#   Increase physical memory or swap space
#   Check if swap backing store is full
#   Decrease Java heap size (-Xmx/-Xms)
#   Decrease number of Java threads
#   Decrease Java thread stack sizes (-Xss)
#   Set larger code cache with -XX:ReservedCodeCacheSize=
#   JVM is running with Unscaled Compressed Oops mode in which the Java heap is
#     placed in the first 4GB address space. The Java Heap base address is the
#     maximum limit for the native heap growth. Please use -XX:HeapBaseMinAddress
#     to set the Java Heap base and to place the Java Heap above 4GB virtual address.
# This output file may be truncated or incomplete.
#
#  Out of Memory Error (t:/workspace/open/src/hotspot/share/memory/arena.cpp:196), pid=9928, tid=3352
#
# JRE version: Java(TM) SE Runtime Environment (13.0.2+8) (build 13.0.2+8)
# Java VM: Java HotSpot(TM) 64-Bit Server VM (13.0.2+8, mixed mode, sharing, tiered, compressed oops, g1 gc, windows-amd64)
# No core dump will be written. Minidumps are not enabled by default on client versions of Windows
#

---------------  S U M M A R Y ------------

Command Line: -Dfile.encoding=Cp1252 Application.Home

Host: Intel(R) Core(TM) i5-2520M CPU @ 2.50GHz, 4 cores, 3G,  Windows 10 , 64 bit Build 18362 (10.0.18362.1500)
Time: Sat Apr 16 18:51:23 2022 Afrique de l?Est elapsed time: 4469 seconds (0d 1h 14m 29s)

---------------  T H R E A D  ---------------

Current thread (0x000002d47f4df000):  JavaThread "C2 CompilerThread0" daemon [_thread_in_native, id=3352, stack(0x000000f57c400000,0x000000f57c500000)]


Current CompileTask:
C2:4469678 4828       4       jdk.internal.loader.BuiltinClassLoader::findResourceOnClassPath (41 bytes)

Stack: [0x000000f57c400000,0x000000f57c500000]
Native frames: (J=compiled Java code, j=interpreted, Vv=VM code, C=native code)
V  [jvm.dll+0x624f9a]
V  [jvm.dll+0x770cfa]
V  [jvm.dll+0x7724af]
V  [jvm.dll+0x772ab3]
V  [jvm.dll+0x24bf08]
V  [jvm.dll+0xc1e47]
V  [jvm.dll+0xc23cc]
V  [jvm.dll+0x35c0c5]
V  [jvm.dll+0x19f2f0]
V  [jvm.dll+0x205d36]
V  [jvm.dll+0x204e3f]
V  [jvm.dll+0x189c2c]
V  [jvm.dll+0x213e6d]
V  [jvm.dll+0x2120bb]
V  [jvm.dll+0x736bb6]
V  [jvm.dll+0x72fcaa]
V  [jvm.dll+0x623ea6]
C  [ucrtbase.dll+0x210b2]
C  [KERNEL32.DLL+0x17c24]
C  [ntdll.dll+0x6d721]


---------------  P R O C E S S  ---------------

Threads class SMR info:
_java_thread_list=0x000002d41540a150, length=27, elements={
0x000002d47f4b8800, 0x000002d47f4be000, 0x000002d47f4da800, 0x000002d47f4dd000,
0x000002d47f4df000, 0x000002d47f4e5000, 0x000002d47f4ef000, 0x000002d4110cc800,
0x000002d4110bc800, 0x000002d4114ce800, 0x000002d4114d1800, 0x000002d4114e4800,
0x000002d4113fb000, 0x000002d4725c1000, 0x000002d411504000, 0x000002d411535000,
0x000002d412183800, 0x000002d412583800, 0x000002d412a2d000, 0x000002d412a2d800,
0x000002d412a2b800, 0x000002d412a2a800, 0x000002d412a29800, 0x000002d412a28000,
0x000002d412a2e800, 0x000002d412a29000, 0x000002d412e1a800
}

Java Threads: ( => current thread )
  0x000002d47f4b8800 JavaThread "Reference Handler" daemon [_thread_blocked, id=2824, stack(0x000000f57c000000,0x000000f57c100000)]
  0x000002d47f4be000 JavaThread "Finalizer" daemon [_thread_blocked, id=10760, stack(0x000000f57c100000,0x000000f57c200000)]
  0x000002d47f4da800 JavaThread "Signal Dispatcher" daemon [_thread_blocked, id=6436, stack(0x000000f57c200000,0x000000f57c300000)]
  0x000002d47f4dd000 JavaThread "Attach Listener" daemon [_thread_blocked, id=8468, stack(0x000000f57c300000,0x000000f57c400000)]
=>0x000002d47f4df000 JavaThread "C2 CompilerThread0" daemon [_thread_in_native, id=3352, stack(0x000000f57c400000,0x000000f57c500000)]
  0x000002d47f4e5000 JavaThread "C1 CompilerThread0" daemon [_thread_blocked, id=2860, stack(0x000000f57c500000,0x000000f57c600000)]
  0x000002d47f4ef000 JavaThread "Sweeper thread" daemon [_thread_blocked, id=9668, stack(0x000000f57c600000,0x000000f57c700000)]
  0x000002d4110cc800 JavaThread "Service Thread" daemon [_thread_blocked, id=5004, stack(0x000000f57c700000,0x000000f57c800000)]
  0x000002d4110bc800 JavaThread "Common-Cleaner" daemon [_thread_blocked, id=10188, stack(0x000000f57c900000,0x000000f57ca00000)]
  0x000002d4114ce800 JavaThread "Java2D Disposer" daemon [_thread_blocked, id=10300, stack(0x000000f57ca00000,0x000000f57cb00000)]
  0x000002d4114d1800 JavaThread "AWT-Shutdown" [_thread_blocked, id=7584, stack(0x000000f57cb00000,0x000000f57cc00000)]
  0x000002d4114e4800 JavaThread "AWT-Windows" daemon [_thread_in_native, id=11288, stack(0x000000f57cc00000,0x000000f57cd00000)]
  0x000002d4113fb000 JavaThread "AWT-EventQueue-0" [_thread_blocked, id=7432, stack(0x000000f57cd00000,0x000000f57ce00000)]
  0x000002d4725c1000 JavaThread "DestroyJavaVM" [_thread_blocked, id=4564, stack(0x000000f57b900000,0x000000f57ba00000)]
  0x000002d411504000 JavaThread "Abandoned connection cleanup thread" daemon [_thread_blocked, id=6180, stack(0x000000f57ce00000,0x000000f57cf00000)]
  0x000002d411535000 JavaThread "mysql-cj-abandoned-connection-cleanup" daemon [_thread_blocked, id=8696, stack(0x000000f57cf00000,0x000000f57d000000)]
  0x000002d412183800 JavaThread "TimerQueue" daemon [_thread_blocked, id=6244, stack(0x000000f57d500000,0x000000f57d600000)]
  0x000002d412583800 JavaThread "SwingWorker-pool-1-thread-1" daemon [_thread_blocked, id=1556, stack(0x000000f57d800000,0x000000f57d900000)]
  0x000002d412a2d000 JavaThread "SwingWorker-pool-1-thread-2" daemon [_thread_blocked, id=12136, stack(0x000000f57d900000,0x000000f57da00000)]
  0x000002d412a2d800 JavaThread "SwingWorker-pool-1-thread-3" daemon [_thread_blocked, id=5492, stack(0x000000f57da00000,0x000000f57db00000)]
  0x000002d412a2b800 JavaThread "SwingWorker-pool-1-thread-4" daemon [_thread_blocked, id=11128, stack(0x000000f57db00000,0x000000f57dc00000)]
  0x000002d412a2a800 JavaThread "SwingWorker-pool-1-thread-5" daemon [_thread_blocked, id=9796, stack(0x000000f57dc00000,0x000000f57dd00000)]
  0x000002d412a29800 JavaThread "SwingWorker-pool-1-thread-6" daemon [_thread_blocked, id=9300, stack(0x000000f57d000000,0x000000f57d100000)]
  0x000002d412a28000 JavaThread "SwingWorker-pool-1-thread-7" daemon [_thread_blocked, id=5396, stack(0x000000f57d700000,0x000000f57d800000)]
  0x000002d412a2e800 JavaThread "SwingWorker-pool-1-thread-8" daemon [_thread_blocked, id=11792, stack(0x000000f57de00000,0x000000f57df00000)]
  0x000002d412a29000 JavaThread "SwingWorker-pool-1-thread-9" daemon [_thread_blocked, id=6840, stack(0x000000f57df00000,0x000000f57e000000)]
  0x000002d412e1a800 JavaThread "SwingWorker-pool-1-thread-10" daemon [_thread_blocked, id=9776, stack(0x000000f57dd00000,0x000000f57de00000)]

Other Threads:
  0x000002d47f4b6800 VMThread "VM Thread" [stack: 0x000000f57bf00000,0x000000f57c000000] [id=9060]
  0x000002d4110d0000 WatcherThread [stack: 0x000000f57c800000,0x000000f57c900000] [id=9608]
  0x000002d4725f1000 GCTaskThread "GC Thread#0" [stack: 0x000000f57ba00000,0x000000f57bb00000] [id=3860]
  0x000002d4115cd800 GCTaskThread "GC Thread#1" [stack: 0x000000f57d100000,0x000000f57d200000] [id=6808]
  0x000002d41171a000 GCTaskThread "GC Thread#2" [stack: 0x000000f57d200000,0x000000f57d300000] [id=2560]
  0x000002d41171a800 GCTaskThread "GC Thread#3" [stack: 0x000000f57d300000,0x000000f57d400000] [id=7508]
  0x000002d4725fb800 ConcurrentGCThread "G1 Main Marker" [stack: 0x000000f57bb00000,0x000000f57bc00000] [id=9260]
  0x000002d4725fd000 ConcurrentGCThread "G1 Conc#0" [stack: 0x000000f57bc00000,0x000000f57bd00000] [id=10592]
  0x000002d472651800 ConcurrentGCThread "G1 Refine#0" [stack: 0x000000f57bd00000,0x000000f57be00000] [id=9356]
  0x000002d411900000 ConcurrentGCThread "G1 Refine#1" [stack: 0x000000f57d400000,0x000000f57d500000] [id=12020]
  0x000002d472653800 ConcurrentGCThread "G1 Young RemSet Sampling" [stack: 0x000000f57be00000,0x000000f57bf00000] [id=1824]

Threads with active compile tasks:
C2 CompilerThread0  4470412 4828       4       jdk.internal.loader.BuiltinClassLoader::findResourceOnClassPath (41 bytes)

VM state:not at safepoint (normal execution)

VM Mutex/Monitor currently owned by a thread: None

Heap address: 0x00000000c1600000, size: 1002 MB, Compressed Oops mode: 32-bit
Narrow klass base: 0x0000000800000000, Narrow klass shift: 3
Compressed class space size: 1073741824 Address: 0x0000000800b40000

Heap:
 garbage-first heap   total 266240K, used 181732K [0x00000000c1600000, 0x0000000100000000)
  region size 1024K, 23 young (23552K), 5 survivors (5120K)
 Metaspace       used 25514K, capacity 25960K, committed 26240K, reserved 1073152K
  class space    used 2716K, capacity 2882K, committed 2944K, reserved 1048576K
Heap Regions: E=young(eden), S=young(survivor), O=old, HS=humongous(starts), HC=humongous(continues), CS=collection set, F=free, A=archive, TAMS=top-at-mark-start (previous, next)
|   0|0x00000000c1600000, 0x00000000c1700000, 0x00000000c1700000|100%| O|  |TAMS 0x00000000c1700000, 0x00000000c1600000| Untracked 
|   1|0x00000000c1700000, 0x00000000c17fff50, 0x00000000c1800000| 99%| O|  |TAMS 0x00000000c17fff50, 0x00000000c1700000| Untracked 
|   2|0x00000000c1800000, 0x00000000c18fdde8, 0x00000000c1900000| 99%| O|  |TAMS 0x00000000c18fdde8, 0x00000000c1800000| Untracked 
|   3|0x00000000c1900000, 0x00000000c19ffff0, 0x00000000c1a00000| 99%| O|  |TAMS 0x00000000c19ffff0, 0x00000000c1900000| Untracked 
|   4|0x00000000c1a00000, 0x00000000c1affff0, 0x00000000c1b00000| 99%| O|  |TAMS 0x00000000c1affff0, 0x00000000c1a00000| Untracked 
|   5|0x00000000c1b00000, 0x00000000c1bffff8, 0x00000000c1c00000| 99%| O|  |TAMS 0x00000000c1bffff8, 0x00000000c1b00000| Untracked 
|   6|0x00000000c1c00000, 0x00000000c1cf3a38, 0x00000000c1d00000| 95%| O|  |TAMS 0x00000000c1cf3a38, 0x00000000c1c00000| Untracked 
|   7|0x00000000c1d00000, 0x00000000c1dcbe18, 0x00000000c1e00000| 79%| O|  |TAMS 0x00000000c1dcbe18, 0x00000000c1d00000| Untracked 
|   8|0x00000000c1e00000, 0x00000000c1eb3060, 0x00000000c1f00000| 69%| O|  |TAMS 0x00000000c1eb3060, 0x00000000c1e00000| Untracked 
|   9|0x00000000c1f00000, 0x00000000c1ff4d60, 0x00000000c2000000| 95%| O|  |TAMS 0x00000000c1ff4d60, 0x00000000c1f00000| Untracked 
|  10|0x00000000c2000000, 0x00000000c20f3920, 0x00000000c2100000| 95%| O|  |TAMS 0x00000000c20f3920, 0x00000000c2000000| Untracked 
|  11|0x00000000c2100000, 0x00000000c2200000, 0x00000000c2200000|100%| O|  |TAMS 0x00000000c2100000, 0x00000000c2100000| Untracked 
|  12|0x00000000c2200000, 0x00000000c2300000, 0x00000000c2300000|100%| O|  |TAMS 0x00000000c2200000, 0x00000000c2200000| Untracked 
|  13|0x00000000c2300000, 0x00000000c2400000, 0x00000000c2400000|100%| O|  |TAMS 0x00000000c2300000, 0x00000000c2300000| Untracked 
|  14|0x00000000c2400000, 0x00000000c2500000, 0x00000000c2500000|100%| O|  |TAMS 0x00000000c2400000, 0x00000000c2400000| Untracked 
|  15|0x00000000c2500000, 0x00000000c2600000, 0x00000000c2600000|100%|HS|  |TAMS 0x00000000c2600000, 0x00000000c2500000| Complete 
|  16|0x00000000c2600000, 0x00000000c2700000, 0x00000000c2700000|100%|HC|  |TAMS 0x00000000c2700000, 0x00000000c2600000| Complete 
|  17|0x00000000c2700000, 0x00000000c2800000, 0x00000000c2800000|100%|HC|  |TAMS 0x00000000c2800000, 0x00000000c2700000| Complete 
|  18|0x00000000c2800000, 0x00000000c2900000, 0x00000000c2900000|100%|HC|  |TAMS 0x00000000c2900000, 0x00000000c2800000| Complete 
|  19|0x00000000c2900000, 0x00000000c2a00000, 0x00000000c2a00000|100%| O|  |TAMS 0x00000000c2a00000, 0x00000000c2900000| Untracked 
|  20|0x00000000c2a00000, 0x00000000c2b00000, 0x00000000c2b00000|100%| O|  |TAMS 0x00000000c2a28800, 0x00000000c2a00000| Untracked 
|  21|0x00000000c2b00000, 0x00000000c2c00000, 0x00000000c2c00000|100%| O|  |TAMS 0x00000000c2b00000, 0x00000000c2b00000| Untracked 
|  22|0x00000000c2c00000, 0x00000000c2d00000, 0x00000000c2d00000|100%| O|  |TAMS 0x00000000c2c00000, 0x00000000c2c00000| Untracked 
|  23|0x00000000c2d00000, 0x00000000c2e00000, 0x00000000c2e00000|100%| O|  |TAMS 0x00000000c2d00000, 0x00000000c2d00000| Untracked 
|  24|0x00000000c2e00000, 0x00000000c2f00000, 0x00000000c2f00000|100%| O|  |TAMS 0x00000000c2e00000, 0x00000000c2e00000| Untracked 
|  25|0x00000000c2f00000, 0x00000000c3000000, 0x00000000c3000000|100%| O|  |TAMS 0x00000000c2f00000, 0x00000000c2f00000| Untracked 
|  26|0x00000000c3000000, 0x00000000c3100000, 0x00000000c3100000|100%| O|  |TAMS 0x00000000c3000000, 0x00000000c3000000| Untracked 
|  27|0x00000000c3100000, 0x00000000c3200000, 0x00000000c3200000|100%| O|  |TAMS 0x00000000c3100000, 0x00000000c3100000| Untracked 
|  28|0x00000000c3200000, 0x00000000c3300000, 0x00000000c3300000|100%| O|  |TAMS 0x00000000c3200000, 0x00000000c3200000| Untracked 
|  29|0x00000000c3300000, 0x00000000c3400000, 0x00000000c3400000|100%| O|  |TAMS 0x00000000c3300000, 0x00000000c3300000| Untracked 
|  30|0x00000000c3400000, 0x00000000c3500000, 0x00000000c3500000|100%| O|  |TAMS 0x00000000c3400000, 0x00000000c3400000| Untracked 
|  31|0x00000000c3500000, 0x00000000c3600000, 0x00000000c3600000|100%| O|  |TAMS 0x00000000c3500000, 0x00000000c3500000| Untracked 
|  32|0x00000000c3600000, 0x00000000c3700000, 0x00000000c3700000|100%| O|  |TAMS 0x00000000c3600000, 0x00000000c3600000| Untracked 
|  33|0x00000000c3700000, 0x00000000c3800000, 0x00000000c3800000|100%| O|  |TAMS 0x00000000c3700000, 0x00000000c3700000| Untracked 
|  34|0x00000000c3800000, 0x00000000c3900000, 0x00000000c3900000|100%| O|  |TAMS 0x00000000c3800000, 0x00000000c3800000| Untracked 
|  35|0x00000000c3900000, 0x00000000c3a00000, 0x00000000c3a00000|100%| O|  |TAMS 0x00000000c3900000, 0x00000000c3900000| Untracked 
|  36|0x00000000c3a00000, 0x00000000c3b00000, 0x00000000c3b00000|100%| O|  |TAMS 0x00000000c3a00000, 0x00000000c3a00000| Untracked 
|  37|0x00000000c3b00000, 0x00000000c3c00000, 0x00000000c3c00000|100%| O|  |TAMS 0x00000000c3b00000, 0x00000000c3b00000| Untracked 
|  38|0x00000000c3c00000, 0x00000000c3d00000, 0x00000000c3d00000|100%| O|  |TAMS 0x00000000c3c00000, 0x00000000c3c00000| Untracked 
|  39|0x00000000c3d00000, 0x00000000c3e00000, 0x00000000c3e00000|100%| O|  |TAMS 0x00000000c3d00000, 0x00000000c3d00000| Untracked 
|  40|0x00000000c3e00000, 0x00000000c3f00000, 0x00000000c3f00000|100%| O|  |TAMS 0x00000000c3e00000, 0x00000000c3e00000| Untracked 
|  41|0x00000000c3f00000, 0x00000000c4000000, 0x00000000c4000000|100%| O|  |TAMS 0x00000000c3f00000, 0x00000000c3f00000| Untracked 
|  42|0x00000000c4000000, 0x00000000c4100000, 0x00000000c4100000|100%| O|  |TAMS 0x00000000c4000000, 0x00000000c4000000| Untracked 
|  43|0x00000000c4100000, 0x00000000c417ca00, 0x00000000c4200000| 48%| O|  |TAMS 0x00000000c4100000, 0x00000000c4100000| Untracked 
|  44|0x00000000c4200000, 0x00000000c4200000, 0x00000000c4300000|  0%| F|  |TAMS 0x00000000c4200000, 0x00000000c4200000| Untracked 
|  45|0x00000000c4300000, 0x00000000c4300000, 0x00000000c4400000|  0%| F|  |TAMS 0x00000000c4300000, 0x00000000c4300000| Untracked 
|  46|0x00000000c4400000, 0x00000000c4400000, 0x00000000c4500000|  0%| F|  |TAMS 0x00000000c4400000, 0x00000000c4400000| Untracked 
|  47|0x00000000c4500000, 0x00000000c4500000, 0x00000000c4600000|  0%| F|  |TAMS 0x00000000c4500000, 0x00000000c4500000| Untracked 
|  48|0x00000000c4600000, 0x00000000c4600000, 0x00000000c4700000|  0%| F|  |TAMS 0x00000000c4600000, 0x00000000c4600000| Untracked 
|  49|0x00000000c4700000, 0x00000000c4700000, 0x00000000c4800000|  0%| F|  |TAMS 0x00000000c4700000, 0x00000000c4700000| Untracked 
|  50|0x00000000c4800000, 0x00000000c48a3b30, 0x00000000c4900000| 63%| O|  |TAMS 0x00000000c48a3b30, 0x00000000c4800000| Untracked 
|  51|0x00000000c4900000, 0x00000000c4900000, 0x00000000c4a00000|  0%| F|  |TAMS 0x00000000c4900000, 0x00000000c4900000| Untracked 
|  52|0x00000000c4a00000, 0x00000000c4a00000, 0x00000000c4b00000|  0%| F|  |TAMS 0x00000000c4a00000, 0x00000000c4a00000| Untracked 
|  53|0x00000000c4b00000, 0x00000000c4b00000, 0x00000000c4c00000|  0%| F|  |TAMS 0x00000000c4b00000, 0x00000000c4b00000| Untracked 
|  54|0x00000000c4c00000, 0x00000000c4c00000, 0x00000000c4d00000|  0%| F|  |TAMS 0x00000000c4c00000, 0x00000000c4c00000| Untracked 
|  55|0x00000000c4d00000, 0x00000000c4d00000, 0x00000000c4e00000|  0%| F|  |TAMS 0x00000000c4d00000, 0x00000000c4d00000| Untracked 
|  56|0x00000000c4e00000, 0x00000000c4e00000, 0x00000000c4f00000|  0%| F|  |TAMS 0x00000000c4e00000, 0x00000000c4e00000| Untracked 
|  57|0x00000000c4f00000, 0x00000000c4f00000, 0x00000000c5000000|  0%| F|  |TAMS 0x00000000c4f00000, 0x00000000c4f00000| Untracked 
|  58|0x00000000c5000000, 0x00000000c5000000, 0x00000000c5100000|  0%| F|  |TAMS 0x00000000c5000000, 0x00000000c5000000| Untracked 
|  59|0x00000000c5100000, 0x00000000c5100000, 0x00000000c5200000|  0%| F|  |TAMS 0x00000000c5100000, 0x00000000c5100000| Untracked 
|  60|0x00000000c5200000, 0x00000000c5200000, 0x00000000c5300000|  0%| F|  |TAMS 0x00000000c5200000, 0x00000000c5200000| Untracked 
|  61|0x00000000c5300000, 0x00000000c5300000, 0x00000000c5400000|  0%| F|  |TAMS 0x00000000c5300000, 0x00000000c5300000| Untracked 
|  62|0x00000000c5400000, 0x00000000c5400000, 0x00000000c5500000|  0%| F|  |TAMS 0x00000000c5400000, 0x00000000c5400000| Untracked 
|  63|0x00000000c5500000, 0x00000000c5500000, 0x00000000c5600000|  0%| F|  |TAMS 0x00000000c5500000, 0x00000000c5500000| Untracked 
|  64|0x00000000c5600000, 0x00000000c5700000, 0x00000000c5700000|100%|HS|  |TAMS 0x00000000c5700000, 0x00000000c5600000| Complete 
|  65|0x00000000c5700000, 0x00000000c5800000, 0x00000000c5800000|100%|HC|  |TAMS 0x00000000c5800000, 0x00000000c5700000| Complete 
|  66|0x00000000c5800000, 0x00000000c5900000, 0x00000000c5900000|100%|HC|  |TAMS 0x00000000c5900000, 0x00000000c5800000| Complete 
|  67|0x00000000c5900000, 0x00000000c5a00000, 0x00000000c5a00000|100%|HC|  |TAMS 0x00000000c5a00000, 0x00000000c5900000| Complete 
|  68|0x00000000c5a00000, 0x00000000c5b00000, 0x00000000c5b00000|100%|HC|  |TAMS 0x00000000c5b00000, 0x00000000c5a00000| Complete 
|  69|0x00000000c5b00000, 0x00000000c5c00000, 0x00000000c5c00000|100%|HC|  |TAMS 0x00000000c5c00000, 0x00000000c5b00000| Complete 
|  70|0x00000000c5c00000, 0x00000000c5d00000, 0x00000000c5d00000|100%|HC|  |TAMS 0x00000000c5d00000, 0x00000000c5c00000| Complete 
|  71|0x00000000c5d00000, 0x00000000c5e00000, 0x00000000c5e00000|100%|HC|  |TAMS 0x00000000c5e00000, 0x00000000c5d00000| Complete 
|  72|0x00000000c5e00000, 0x00000000c5f00000, 0x00000000c5f00000|100%|HC|  |TAMS 0x00000000c5f00000, 0x00000000c5e00000| Complete 
|  73|0x00000000c5f00000, 0x00000000c6000000, 0x00000000c6000000|100%|HC|  |TAMS 0x00000000c6000000, 0x00000000c5f00000| Complete 
|  74|0x00000000c6000000, 0x00000000c6100000, 0x00000000c6100000|100%|HC|  |TAMS 0x00000000c6100000, 0x00000000c6000000| Complete 
|  75|0x00000000c6100000, 0x00000000c6200000, 0x00000000c6200000|100%|HC|  |TAMS 0x00000000c6200000, 0x00000000c6100000| Complete 
|  76|0x00000000c6200000, 0x00000000c6300000, 0x00000000c6300000|100%|HC|  |TAMS 0x00000000c6300000, 0x00000000c6200000| Complete 
|  77|0x00000000c6300000, 0x00000000c6400000, 0x00000000c6400000|100%|HC|  |TAMS 0x00000000c6400000, 0x00000000c6300000| Complete 
|  78|0x00000000c6400000, 0x00000000c6500000, 0x00000000c6500000|100%|HC|  |TAMS 0x00000000c6500000, 0x00000000c6400000| Complete 
|  79|0x00000000c6500000, 0x00000000c6600000, 0x00000000c6600000|100%|HC|  |TAMS 0x00000000c6600000, 0x00000000c6500000| Complete 
|  80|0x00000000c6600000, 0x00000000c6700000, 0x00000000c6700000|100%|HC|  |TAMS 0x00000000c6700000, 0x00000000c6600000| Complete 
|  81|0x00000000c6700000, 0x00000000c6800000, 0x00000000c6800000|100%|HC|  |TAMS 0x00000000c6800000, 0x00000000c6700000| Complete 
|  82|0x00000000c6800000, 0x00000000c6900000, 0x00000000c6900000|100%|HC|  |TAMS 0x00000000c6900000, 0x00000000c6800000| Complete 
|  83|0x00000000c6900000, 0x00000000c6a00000, 0x00000000c6a00000|100%|HC|  |TAMS 0x00000000c6a00000, 0x00000000c6900000| Complete 
|  84|0x00000000c6a00000, 0x00000000c6b00000, 0x00000000c6b00000|100%|HC|  |TAMS 0x00000000c6b00000, 0x00000000c6a00000| Complete 
|  85|0x00000000c6b00000, 0x00000000c6c00000, 0x00000000c6c00000|100%|HC|  |TAMS 0x00000000c6c00000, 0x00000000c6b00000| Complete 
|  86|0x00000000c6c00000, 0x00000000c6d00000, 0x00000000c6d00000|100%|HC|  |TAMS 0x00000000c6d00000, 0x00000000c6c00000| Complete 
|  87|0x00000000c6d00000, 0x00000000c6e00000, 0x00000000c6e00000|100%|HC|  |TAMS 0x00000000c6e00000, 0x00000000c6d00000| Complete 
|  88|0x00000000c6e00000, 0x00000000c6f00000, 0x00000000c6f00000|100%|HC|  |TAMS 0x00000000c6f00000, 0x00000000c6e00000| Complete 
|  89|0x00000000c6f00000, 0x00000000c7000000, 0x00000000c7000000|100%|HC|  |TAMS 0x00000000c7000000, 0x00000000c6f00000| Complete 
|  90|0x00000000c7000000, 0x00000000c7100000, 0x00000000c7100000|100%|HC|  |TAMS 0x00000000c7100000, 0x00000000c7000000| Complete 
|  91|0x00000000c7100000, 0x00000000c7200000, 0x00000000c7200000|100%|HC|  |TAMS 0x00000000c7200000, 0x00000000c7100000| Complete 
|  92|0x00000000c7200000, 0x00000000c7300000, 0x00000000c7300000|100%|HC|  |TAMS 0x00000000c7300000, 0x00000000c7200000| Complete 
|  93|0x00000000c7300000, 0x00000000c7400000, 0x00000000c7400000|100%|HC|  |TAMS 0x00000000c7400000, 0x00000000c7300000| Complete 
|  94|0x00000000c7400000, 0x00000000c7500000, 0x00000000c7500000|100%|HC|  |TAMS 0x00000000c7500000, 0x00000000c7400000| Complete 
|  95|0x00000000c7500000, 0x00000000c7600000, 0x00000000c7600000|100%|HC|  |TAMS 0x00000000c7600000, 0x00000000c7500000| Complete 
|  96|0x00000000c7600000, 0x00000000c7700000, 0x00000000c7700000|100%|HC|  |TAMS 0x00000000c7700000, 0x00000000c7600000| Complete 
|  97|0x00000000c7700000, 0x00000000c7800000, 0x00000000c7800000|100%|HC|  |TAMS 0x00000000c7800000, 0x00000000c7700000| Complete 
|  98|0x00000000c7800000, 0x00000000c7900000, 0x00000000c7900000|100%|HC|  |TAMS 0x00000000c7900000, 0x00000000c7800000| Complete 
|  99|0x00000000c7900000, 0x00000000c7a00000, 0x00000000c7a00000|100%|HC|  |TAMS 0x00000000c7a00000, 0x00000000c7900000| Complete 
| 100|0x00000000c7a00000, 0x00000000c7b00000, 0x00000000c7b00000|100%|HC|  |TAMS 0x00000000c7b00000, 0x00000000c7a00000| Complete 
| 101|0x00000000c7b00000, 0x00000000c7c00000, 0x00000000c7c00000|100%|HC|  |TAMS 0x00000000c7c00000, 0x00000000c7b00000| Complete 
| 102|0x00000000c7c00000, 0x00000000c7d00000, 0x00000000c7d00000|100%|HC|  |TAMS 0x00000000c7d00000, 0x00000000c7c00000| Complete 
| 103|0x00000000c7d00000, 0x00000000c7e00000, 0x00000000c7e00000|100%|HC|  |TAMS 0x00000000c7e00000, 0x00000000c7d00000| Complete 
| 104|0x00000000c7e00000, 0x00000000c7f00000, 0x00000000c7f00000|100%|HC|  |TAMS 0x00000000c7f00000, 0x00000000c7e00000| Complete 
| 105|0x00000000c7f00000, 0x00000000c8000000, 0x00000000c8000000|100%|HC|  |TAMS 0x00000000c8000000, 0x00000000c7f00000| Complete 
| 106|0x00000000c8000000, 0x00000000c8100000, 0x00000000c8100000|100%|HC|  |TAMS 0x00000000c8100000, 0x00000000c8000000| Complete 
| 107|0x00000000c8100000, 0x00000000c8200000, 0x00000000c8200000|100%|HC|  |TAMS 0x00000000c8200000, 0x00000000c8100000| Complete 
| 108|0x00000000c8200000, 0x00000000c8300000, 0x00000000c8300000|100%|HC|  |TAMS 0x00000000c8300000, 0x00000000c8200000| Complete 
| 109|0x00000000c8300000, 0x00000000c8400000, 0x00000000c8400000|100%|HC|  |TAMS 0x00000000c8400000, 0x00000000c8300000| Complete 
| 110|0x00000000c8400000, 0x00000000c8500000, 0x00000000c8500000|100%|HC|  |TAMS 0x00000000c8500000, 0x00000000c8400000| Complete 
| 111|0x00000000c8500000, 0x00000000c8600000, 0x00000000c8600000|100%|HC|  |TAMS 0x00000000c8600000, 0x00000000c8500000| Complete 
| 112|0x00000000c8600000, 0x00000000c8700000, 0x00000000c8700000|100%|HC|  |TAMS 0x00000000c8700000, 0x00000000c8600000| Complete 
| 113|0x00000000c8700000, 0x00000000c8800000, 0x00000000c8800000|100%|HC|  |TAMS 0x00000000c8800000, 0x00000000c8700000| Complete 
| 114|0x00000000c8800000, 0x00000000c8900000, 0x00000000c8900000|100%|HC|  |TAMS 0x00000000c8900000, 0x00000000c8800000| Complete 
| 115|0x00000000c8900000, 0x00000000c8a00000, 0x00000000c8a00000|100%|HC|  |TAMS 0x00000000c8a00000, 0x00000000c8900000| Complete 
| 116|0x00000000c8a00000, 0x00000000c8b00000, 0x00000000c8b00000|100%|HC|  |TAMS 0x00000000c8b00000, 0x00000000c8a00000| Complete 
| 117|0x00000000c8b00000, 0x00000000c8c00000, 0x00000000c8c00000|100%|HC|  |TAMS 0x00000000c8c00000, 0x00000000c8b00000| Complete 
| 118|0x00000000c8c00000, 0x00000000c8d00000, 0x00000000c8d00000|100%|HC|  |TAMS 0x00000000c8d00000, 0x00000000c8c00000| Complete 
| 119|0x00000000c8d00000, 0x00000000c8e00000, 0x00000000c8e00000|100%|HC|  |TAMS 0x00000000c8e00000, 0x00000000c8d00000| Complete 
| 120|0x00000000c8e00000, 0x00000000c8f00000, 0x00000000c8f00000|100%|HC|  |TAMS 0x00000000c8f00000, 0x00000000c8e00000| Complete 
| 121|0x00000000c8f00000, 0x00000000c9000000, 0x00000000c9000000|100%|HC|  |TAMS 0x00000000c9000000, 0x00000000c8f00000| Complete 
| 122|0x00000000c9000000, 0x00000000c9100000, 0x00000000c9100000|100%|HC|  |TAMS 0x00000000c9100000, 0x00000000c9000000| Complete 
| 123|0x00000000c9100000, 0x00000000c9200000, 0x00000000c9200000|100%|HC|  |TAMS 0x00000000c9200000, 0x00000000c9100000| Complete 
| 124|0x00000000c9200000, 0x00000000c9300000, 0x00000000c9300000|100%|HC|  |TAMS 0x00000000c9300000, 0x00000000c9200000| Complete 
| 125|0x00000000c9300000, 0x00000000c9400000, 0x00000000c9400000|100%|HC|  |TAMS 0x00000000c9400000, 0x00000000c9300000| Complete 
| 126|0x00000000c9400000, 0x00000000c9500000, 0x00000000c9500000|100%|HC|  |TAMS 0x00000000c9500000, 0x00000000c9400000| Complete 
| 127|0x00000000c9500000, 0x00000000c9600000, 0x00000000c9600000|100%|HC|  |TAMS 0x00000000c9600000, 0x00000000c9500000| Complete 
| 128|0x00000000c9600000, 0x00000000c9700000, 0x00000000c9700000|100%|HC|  |TAMS 0x00000000c9700000, 0x00000000c9600000| Complete 
| 129|0x00000000c9700000, 0x00000000c9800000, 0x00000000c9800000|100%|HC|  |TAMS 0x00000000c9800000, 0x00000000c9700000| Complete 
| 130|0x00000000c9800000, 0x00000000c9900000, 0x00000000c9900000|100%|HC|  |TAMS 0x00000000c9900000, 0x00000000c9800000| Complete 
| 131|0x00000000c9900000, 0x00000000c9a00000, 0x00000000c9a00000|100%|HC|  |TAMS 0x00000000c9a00000, 0x00000000c9900000| Complete 
| 132|0x00000000c9a00000, 0x00000000c9b00000, 0x00000000c9b00000|100%|HC|  |TAMS 0x00000000c9b00000, 0x00000000c9a00000| Complete 
| 133|0x00000000c9b00000, 0x00000000c9c00000, 0x00000000c9c00000|100%|HC|  |TAMS 0x00000000c9c00000, 0x00000000c9b00000| Complete 
| 134|0x00000000c9c00000, 0x00000000c9d00000, 0x00000000c9d00000|100%|HC|  |TAMS 0x00000000c9d00000, 0x00000000c9c00000| Complete 
| 135|0x00000000c9d00000, 0x00000000c9e00000, 0x00000000c9e00000|100%|HC|  |TAMS 0x00000000c9e00000, 0x00000000c9d00000| Complete 
| 136|0x00000000c9e00000, 0x00000000c9f00000, 0x00000000c9f00000|100%|HC|  |TAMS 0x00000000c9f00000, 0x00000000c9e00000| Complete 
| 137|0x00000000c9f00000, 0x00000000ca000000, 0x00000000ca000000|100%|HC|  |TAMS 0x00000000ca000000, 0x00000000c9f00000| Complete 
| 138|0x00000000ca000000, 0x00000000ca100000, 0x00000000ca100000|100%|HC|  |TAMS 0x00000000ca100000, 0x00000000ca000000| Complete 
| 139|0x00000000ca100000, 0x00000000ca200000, 0x00000000ca200000|100%|HC|  |TAMS 0x00000000ca200000, 0x00000000ca100000| Complete 
| 140|0x00000000ca200000, 0x00000000ca300000, 0x00000000ca300000|100%|HC|  |TAMS 0x00000000ca300000, 0x00000000ca200000| Complete 
| 141|0x00000000ca300000, 0x00000000ca400000, 0x00000000ca400000|100%|HC|  |TAMS 0x00000000ca400000, 0x00000000ca300000| Complete 
| 142|0x00000000ca400000, 0x00000000ca500000, 0x00000000ca500000|100%|HC|  |TAMS 0x00000000ca500000, 0x00000000ca400000| Complete 
| 143|0x00000000ca500000, 0x00000000ca600000, 0x00000000ca600000|100%|HC|  |TAMS 0x00000000ca600000, 0x00000000ca500000| Complete 
| 144|0x00000000ca600000, 0x00000000ca700000, 0x00000000ca700000|100%|HC|  |TAMS 0x00000000ca700000, 0x00000000ca600000| Complete 
| 145|0x00000000ca700000, 0x00000000ca800000, 0x00000000ca800000|100%|HC|  |TAMS 0x00000000ca800000, 0x00000000ca700000| Complete 
| 146|0x00000000ca800000, 0x00000000ca900000, 0x00000000ca900000|100%|HC|  |TAMS 0x00000000ca900000, 0x00000000ca800000| Complete 
| 147|0x00000000ca900000, 0x00000000caa00000, 0x00000000caa00000|100%|HC|  |TAMS 0x00000000caa00000, 0x00000000ca900000| Complete 
| 148|0x00000000caa00000, 0x00000000cab00000, 0x00000000cab00000|100%|HC|  |TAMS 0x00000000cab00000, 0x00000000caa00000| Complete 
| 149|0x00000000cab00000, 0x00000000cac00000, 0x00000000cac00000|100%|HC|  |TAMS 0x00000000cac00000, 0x00000000cab00000| Complete 
| 150|0x00000000cac00000, 0x00000000cad00000, 0x00000000cad00000|100%|HC|  |TAMS 0x00000000cad00000, 0x00000000cac00000| Complete 
| 151|0x00000000cad00000, 0x00000000cae00000, 0x00000000cae00000|100%|HC|  |TAMS 0x00000000cae00000, 0x00000000cad00000| Complete 
| 152|0x00000000cae00000, 0x00000000caf00000, 0x00000000caf00000|100%|HC|  |TAMS 0x00000000caf00000, 0x00000000cae00000| Complete 
| 153|0x00000000caf00000, 0x00000000cb000000, 0x00000000cb000000|100%|HC|  |TAMS 0x00000000cb000000, 0x00000000caf00000| Complete 
| 154|0x00000000cb000000, 0x00000000cb100000, 0x00000000cb100000|100%|HC|  |TAMS 0x00000000cb100000, 0x00000000cb000000| Complete 
| 155|0x00000000cb100000, 0x00000000cb200000, 0x00000000cb200000|100%|HC|  |TAMS 0x00000000cb200000, 0x00000000cb100000| Complete 
| 156|0x00000000cb200000, 0x00000000cb300000, 0x00000000cb300000|100%|HC|  |TAMS 0x00000000cb300000, 0x00000000cb200000| Complete 
| 157|0x00000000cb300000, 0x00000000cb400000, 0x00000000cb400000|100%|HC|  |TAMS 0x00000000cb400000, 0x00000000cb300000| Complete 
| 158|0x00000000cb400000, 0x00000000cb500000, 0x00000000cb500000|100%|HC|  |TAMS 0x00000000cb500000, 0x00000000cb400000| Complete 
| 159|0x00000000cb500000, 0x00000000cb600000, 0x00000000cb600000|100%|HC|  |TAMS 0x00000000cb600000, 0x00000000cb500000| Complete 
| 160|0x00000000cb600000, 0x00000000cb700000, 0x00000000cb700000|100%|HC|  |TAMS 0x00000000cb700000, 0x00000000cb600000| Complete 
| 161|0x00000000cb700000, 0x00000000cb800000, 0x00000000cb800000|100%|HC|  |TAMS 0x00000000cb800000, 0x00000000cb700000| Complete 
| 162|0x00000000cb800000, 0x00000000cb900000, 0x00000000cb900000|100%|HC|  |TAMS 0x00000000cb900000, 0x00000000cb800000| Complete 
| 163|0x00000000cb900000, 0x00000000cba00000, 0x00000000cba00000|100%|HC|  |TAMS 0x00000000cba00000, 0x00000000cb900000| Complete 
| 164|0x00000000cba00000, 0x00000000cbb00000, 0x00000000cbb00000|100%|HC|  |TAMS 0x00000000cbb00000, 0x00000000cba00000| Complete 
| 165|0x00000000cbb00000, 0x00000000cbc00000, 0x00000000cbc00000|100%|HC|  |TAMS 0x00000000cbc00000, 0x00000000cbb00000| Complete 
| 166|0x00000000cbc00000, 0x00000000cbd00000, 0x00000000cbd00000|100%|HC|  |TAMS 0x00000000cbd00000, 0x00000000cbc00000| Complete 
| 167|0x00000000cbd00000, 0x00000000cbe00000, 0x00000000cbe00000|100%|HC|  |TAMS 0x00000000cbe00000, 0x00000000cbd00000| Complete 
| 168|0x00000000cbe00000, 0x00000000cbf00000, 0x00000000cbf00000|100%|HC|  |TAMS 0x00000000cbf00000, 0x00000000cbe00000| Complete 
| 169|0x00000000cbf00000, 0x00000000cc000000, 0x00000000cc000000|100%|HC|  |TAMS 0x00000000cc000000, 0x00000000cbf00000| Complete 
| 170|0x00000000cc000000, 0x00000000cc100000, 0x00000000cc100000|100%|HC|  |TAMS 0x00000000cc100000, 0x00000000cc000000| Complete 
| 171|0x00000000cc100000, 0x00000000cc200000, 0x00000000cc200000|100%|HC|  |TAMS 0x00000000cc200000, 0x00000000cc100000| Complete 
| 172|0x00000000cc200000, 0x00000000cc300000, 0x00000000cc300000|100%|HC|  |TAMS 0x00000000cc300000, 0x00000000cc200000| Complete 
| 173|0x00000000cc300000, 0x00000000cc400000, 0x00000000cc400000|100%|HC|  |TAMS 0x00000000cc400000, 0x00000000cc300000| Complete 
| 174|0x00000000cc400000, 0x00000000cc500000, 0x00000000cc500000|100%|HC|  |TAMS 0x00000000cc500000, 0x00000000cc400000| Complete 
| 175|0x00000000cc500000, 0x00000000cc600000, 0x00000000cc600000|100%|HC|  |TAMS 0x00000000cc600000, 0x00000000cc500000| Complete 
| 176|0x00000000cc600000, 0x00000000cc600000, 0x00000000cc700000|  0%| F|  |TAMS 0x00000000cc600000, 0x00000000cc600000| Untracked 
| 177|0x00000000cc700000, 0x00000000cc700000, 0x00000000cc800000|  0%| F|  |TAMS 0x00000000cc700000, 0x00000000cc700000| Untracked 
| 178|0x00000000cc800000, 0x00000000cc800000, 0x00000000cc900000|  0%| F|  |TAMS 0x00000000cc800000, 0x00000000cc800000| Untracked 
| 179|0x00000000cc900000, 0x00000000cc900000, 0x00000000cca00000|  0%| F|  |TAMS 0x00000000cc900000, 0x00000000cc900000| Untracked 
| 180|0x00000000cca00000, 0x00000000cca00000, 0x00000000ccb00000|  0%| F|  |TAMS 0x00000000cca00000, 0x00000000cca00000| Untracked 
| 181|0x00000000ccb00000, 0x00000000ccb00000, 0x00000000ccc00000|  0%| F|  |TAMS 0x00000000ccb00000, 0x00000000ccb00000| Untracked 
| 182|0x00000000ccc00000, 0x00000000ccc00000, 0x00000000ccd00000|  0%| F|  |TAMS 0x00000000ccc00000, 0x00000000ccc00000| Untracked 
| 183|0x00000000ccd00000, 0x00000000ccd00000, 0x00000000cce00000|  0%| F|  |TAMS 0x00000000ccd00000, 0x00000000ccd00000| Untracked 
| 184|0x00000000cce00000, 0x00000000cce00000, 0x00000000ccf00000|  0%| F|  |TAMS 0x00000000cce00000, 0x00000000cce00000| Untracked 
| 185|0x00000000ccf00000, 0x00000000ccf00000, 0x00000000cd000000|  0%| F|  |TAMS 0x00000000ccf00000, 0x00000000ccf00000| Untracked 
| 186|0x00000000cd000000, 0x00000000cd000000, 0x00000000cd100000|  0%| F|  |TAMS 0x00000000cd000000, 0x00000000cd000000| Untracked 
| 187|0x00000000cd100000, 0x00000000cd100000, 0x00000000cd200000|  0%| F|  |TAMS 0x00000000cd100000, 0x00000000cd100000| Untracked 
| 188|0x00000000cd200000, 0x00000000cd200000, 0x00000000cd300000|  0%| F|  |TAMS 0x00000000cd200000, 0x00000000cd200000| Untracked 
| 189|0x00000000cd300000, 0x00000000cd300000, 0x00000000cd400000|  0%| F|  |TAMS 0x00000000cd300000, 0x00000000cd300000| Untracked 
| 190|0x00000000cd400000, 0x00000000cd400000, 0x00000000cd500000|  0%| F|  |TAMS 0x00000000cd400000, 0x00000000cd400000| Untracked 
| 191|0x00000000cd500000, 0x00000000cd500000, 0x00000000cd600000|  0%| F|  |TAMS 0x00000000cd500000, 0x00000000cd500000| Untracked 
| 192|0x00000000cd600000, 0x00000000cd600000, 0x00000000cd700000|  0%| F|  |TAMS 0x00000000cd600000, 0x00000000cd600000| Untracked 
| 193|0x00000000cd700000, 0x00000000cd700000, 0x00000000cd800000|  0%| F|  |TAMS 0x00000000cd700000, 0x00000000cd700000| Untracked 
| 194|0x00000000cd800000, 0x00000000cd800000, 0x00000000cd900000|  0%| F|  |TAMS 0x00000000cd800000, 0x00000000cd800000| Untracked 
| 195|0x00000000cd900000, 0x00000000cd900000, 0x00000000cda00000|  0%| F|  |TAMS 0x00000000cd900000, 0x00000000cd900000| Untracked 
| 196|0x00000000cda00000, 0x00000000cda00000, 0x00000000cdb00000|  0%| F|  |TAMS 0x00000000cda00000, 0x00000000cda00000| Untracked 
| 197|0x00000000cdb00000, 0x00000000cdb00000, 0x00000000cdc00000|  0%| F|  |TAMS 0x00000000cdb00000, 0x00000000cdb00000| Untracked 
| 198|0x00000000cdc00000, 0x00000000cdc00000, 0x00000000cdd00000|  0%| F|  |TAMS 0x00000000cdc00000, 0x00000000cdc00000| Untracked 
| 199|0x00000000cdd00000, 0x00000000cdd00000, 0x00000000cde00000|  0%| F|  |TAMS 0x00000000cdd00000, 0x00000000cdd00000| Untracked 
| 200|0x00000000cde00000, 0x00000000cde00000, 0x00000000cdf00000|  0%| F|  |TAMS 0x00000000cde00000, 0x00000000cde00000| Untracked 
| 201|0x00000000cdf00000, 0x00000000cdf00000, 0x00000000ce000000|  0%| F|  |TAMS 0x00000000cdf00000, 0x00000000cdf00000| Untracked 
| 202|0x00000000ce000000, 0x00000000ce000000, 0x00000000ce100000|  0%| F|  |TAMS 0x00000000ce000000, 0x00000000ce000000| Untracked 
| 203|0x00000000ce100000, 0x00000000ce100000, 0x00000000ce200000|  0%| F|  |TAMS 0x00000000ce100000, 0x00000000ce100000| Untracked 
| 204|0x00000000ce200000, 0x00000000ce200000, 0x00000000ce300000|  0%| F|  |TAMS 0x00000000ce200000, 0x00000000ce200000| Untracked 
| 205|0x00000000ce300000, 0x00000000ce300000, 0x00000000ce400000|  0%| F|  |TAMS 0x00000000ce300000, 0x00000000ce300000| Untracked 
| 206|0x00000000ce400000, 0x00000000ce400000, 0x00000000ce500000|  0%| F|  |TAMS 0x00000000ce400000, 0x00000000ce400000| Untracked 
| 207|0x00000000ce500000, 0x00000000ce500000, 0x00000000ce600000|  0%| F|  |TAMS 0x00000000ce500000, 0x00000000ce500000| Untracked 
| 208|0x00000000ce600000, 0x00000000ce600000, 0x00000000ce700000|  0%| F|  |TAMS 0x00000000ce600000, 0x00000000ce600000| Untracked 
| 209|0x00000000ce700000, 0x00000000ce700000, 0x00000000ce800000|  0%| F|  |TAMS 0x00000000ce700000, 0x00000000ce700000| Untracked 
| 210|0x00000000ce800000, 0x00000000ce800000, 0x00000000ce900000|  0%| F|  |TAMS 0x00000000ce800000, 0x00000000ce800000| Untracked 
| 211|0x00000000ce900000, 0x00000000ce900000, 0x00000000cea00000|  0%| F|  |TAMS 0x00000000ce900000, 0x00000000ce900000| Untracked 
| 212|0x00000000cea00000, 0x00000000cea00000, 0x00000000ceb00000|  0%| F|  |TAMS 0x00000000cea00000, 0x00000000cea00000| Untracked 
| 213|0x00000000ceb00000, 0x00000000ceb00000, 0x00000000cec00000|  0%| F|  |TAMS 0x00000000ceb00000, 0x00000000ceb00000| Untracked 
| 214|0x00000000cec00000, 0x00000000cec00000, 0x00000000ced00000|  0%| F|  |TAMS 0x00000000cec00000, 0x00000000cec00000| Untracked 
| 215|0x00000000ced00000, 0x00000000ced00000, 0x00000000cee00000|  0%| F|  |TAMS 0x00000000ced00000, 0x00000000ced00000| Untracked 
| 216|0x00000000cee00000, 0x00000000cee00000, 0x00000000cef00000|  0%| F|  |TAMS 0x00000000cee00000, 0x00000000cee00000| Untracked 
| 217|0x00000000cef00000, 0x00000000cef00000, 0x00000000cf000000|  0%| F|  |TAMS 0x00000000cef00000, 0x00000000cef00000| Untracked 
| 218|0x00000000cf000000, 0x00000000cf000000, 0x00000000cf100000|  0%| F|  |TAMS 0x00000000cf000000, 0x00000000cf000000| Untracked 
| 219|0x00000000cf100000, 0x00000000cf100000, 0x00000000cf200000|  0%| F|  |TAMS 0x00000000cf100000, 0x00000000cf100000| Untracked 
| 220|0x00000000cf200000, 0x00000000cf200000, 0x00000000cf300000|  0%| F|  |TAMS 0x00000000cf200000, 0x00000000cf200000| Untracked 
| 221|0x00000000cf300000, 0x00000000cf300000, 0x00000000cf400000|  0%| F|  |TAMS 0x00000000cf300000, 0x00000000cf300000| Untracked 
| 222|0x00000000cf400000, 0x00000000cf400000, 0x00000000cf500000|  0%| F|  |TAMS 0x00000000cf400000, 0x00000000cf400000| Untracked 
| 223|0x00000000cf500000, 0x00000000cf500000, 0x00000000cf600000|  0%| F|  |TAMS 0x00000000cf500000, 0x00000000cf500000| Untracked 
| 224|0x00000000cf600000, 0x00000000cf600000, 0x00000000cf700000|  0%| F|  |TAMS 0x00000000cf600000, 0x00000000cf600000| Untracked 
| 225|0x00000000cf700000, 0x00000000cf700000, 0x00000000cf800000|  0%| F|  |TAMS 0x00000000cf700000, 0x00000000cf700000| Untracked 
| 226|0x00000000cf800000, 0x00000000cf800000, 0x00000000cf900000|  0%| F|  |TAMS 0x00000000cf800000, 0x00000000cf800000| Untracked 
| 227|0x00000000cf900000, 0x00000000cfa00000, 0x00000000cfa00000|100%| S|CS|TAMS 0x00000000cf900000, 0x00000000cf900000| Complete 
| 228|0x00000000cfa00000, 0x00000000cfb00000, 0x00000000cfb00000|100%| S|CS|TAMS 0x00000000cfa00000, 0x00000000cfa00000| Complete 
| 229|0x00000000cfb00000, 0x00000000cfc00000, 0x00000000cfc00000|100%| S|CS|TAMS 0x00000000cfb00000, 0x00000000cfb00000| Complete 
| 230|0x00000000cfc00000, 0x00000000cfd00000, 0x00000000cfd00000|100%| S|CS|TAMS 0x00000000cfc00000, 0x00000000cfc00000| Complete 
| 231|0x00000000cfd00000, 0x00000000cfe00000, 0x00000000cfe00000|100%| S|CS|TAMS 0x00000000cfd00000, 0x00000000cfd00000| Complete 
| 232|0x00000000cfe00000, 0x00000000cfe00000, 0x00000000cff00000|  0%| F|  |TAMS 0x00000000cfe00000, 0x00000000cfe00000| Untracked 
| 233|0x00000000cff00000, 0x00000000cff00000, 0x00000000d0000000|  0%| F|  |TAMS 0x00000000cff00000, 0x00000000cff00000| Untracked 
| 234|0x00000000d0000000, 0x00000000d0000000, 0x00000000d0100000|  0%| F|  |TAMS 0x00000000d0000000, 0x00000000d0000000| Untracked 
| 235|0x00000000d0100000, 0x00000000d0100000, 0x00000000d0200000|  0%| F|  |TAMS 0x00000000d0100000, 0x00000000d0100000| Untracked 
| 236|0x00000000d0200000, 0x00000000d0200000, 0x00000000d0300000|  0%| F|  |TAMS 0x00000000d0200000, 0x00000000d0200000| Untracked 
| 237|0x00000000d0300000, 0x00000000d0300000, 0x00000000d0400000|  0%| F|  |TAMS 0x00000000d0300000, 0x00000000d0300000| Untracked 
| 238|0x00000000d0400000, 0x00000000d0400000, 0x00000000d0500000|  0%| F|  |TAMS 0x00000000d0400000, 0x00000000d0400000| Untracked 
| 239|0x00000000d0500000, 0x00000000d0500000, 0x00000000d0600000|  0%| F|  |TAMS 0x00000000d0500000, 0x00000000d0500000| Untracked 
| 240|0x00000000d0600000, 0x00000000d0600000, 0x00000000d0700000|  0%| F|  |TAMS 0x00000000d0600000, 0x00000000d0600000| Untracked 
| 241|0x00000000d0700000, 0x00000000d0700000, 0x00000000d0800000|  0%| F|  |TAMS 0x00000000d0700000, 0x00000000d0700000| Untracked 
| 242|0x00000000d0800000, 0x00000000d0900000, 0x00000000d0900000|100%| E|  |TAMS 0x00000000d0800000, 0x00000000d0800000| Complete 
| 243|0x00000000d0900000, 0x00000000d0a00000, 0x00000000d0a00000|100%| E|CS|TAMS 0x00000000d0900000, 0x00000000d0900000| Complete 
| 244|0x00000000d0a00000, 0x00000000d0b00000, 0x00000000d0b00000|100%| E|CS|TAMS 0x00000000d0a00000, 0x00000000d0a00000| Complete 
| 245|0x00000000d0b00000, 0x00000000d0c00000, 0x00000000d0c00000|100%| E|CS|TAMS 0x00000000d0b00000, 0x00000000d0b00000| Complete 
| 246|0x00000000d0c00000, 0x00000000d0d00000, 0x00000000d0d00000|100%| E|CS|TAMS 0x00000000d0c00000, 0x00000000d0c00000| Complete 
| 247|0x00000000d0d00000, 0x00000000d0e00000, 0x00000000d0e00000|100%| E|CS|TAMS 0x00000000d0d00000, 0x00000000d0d00000| Complete 
| 248|0x00000000d0e00000, 0x00000000d0f00000, 0x00000000d0f00000|100%| E|CS|TAMS 0x00000000d0e00000, 0x00000000d0e00000| Complete 
| 249|0x00000000d0f00000, 0x00000000d1000000, 0x00000000d1000000|100%| E|CS|TAMS 0x00000000d0f00000, 0x00000000d0f00000| Complete 
| 250|0x00000000d1000000, 0x00000000d1100000, 0x00000000d1100000|100%| E|CS|TAMS 0x00000000d1000000, 0x00000000d1000000| Complete 
| 251|0x00000000d1100000, 0x00000000d1200000, 0x00000000d1200000|100%| E|CS|TAMS 0x00000000d1100000, 0x00000000d1100000| Complete 
| 252|0x00000000d1200000, 0x00000000d1300000, 0x00000000d1300000|100%| E|CS|TAMS 0x00000000d1200000, 0x00000000d1200000| Complete 
| 253|0x00000000d1300000, 0x00000000d1400000, 0x00000000d1400000|100%| E|CS|TAMS 0x00000000d1300000, 0x00000000d1300000| Complete 
| 254|0x00000000d1400000, 0x00000000d1500000, 0x00000000d1500000|100%| E|CS|TAMS 0x00000000d1400000, 0x00000000d1400000| Complete 
| 255|0x00000000d1500000, 0x00000000d1600000, 0x00000000d1600000|100%| E|CS|TAMS 0x00000000d1500000, 0x00000000d1500000| Complete 
| 256|0x00000000d1600000, 0x00000000d1700000, 0x00000000d1700000|100%| E|CS|TAMS 0x00000000d1600000, 0x00000000d1600000| Complete 
| 257|0x00000000d1700000, 0x00000000d1800000, 0x00000000d1800000|100%| E|CS|TAMS 0x00000000d1700000, 0x00000000d1700000| Complete 
| 258|0x00000000d1800000, 0x00000000d1900000, 0x00000000d1900000|100%| E|CS|TAMS 0x00000000d1800000, 0x00000000d1800000| Complete 
| 259|0x00000000d1900000, 0x00000000d1a00000, 0x00000000d1a00000|100%| E|CS|TAMS 0x00000000d1900000, 0x00000000d1900000| Complete 

Card table byte_map: [0x000002d47cbd0000,0x000002d47cdd0000] _byte_map_base: 0x000002d47c5c5000

Marking Bits (Prev, Next): (CMBitMap*) 0x000002d4725f21c8, (CMBitMap*) 0x000002d4725f2188
 Prev Bits: [0x000002d47df80000, 0x000002d47ef28000)
 Next Bits: [0x000002d47cfd0000, 0x000002d47df78000)

Polling page: 0x000002d4723d0000

Metaspace:

Usage:
  Non-class:     22.54 MB capacity,    22.26 MB ( 99%) used,   231.52 KB (  1%) free+waste,    48.88 KB ( <1%) overhead. 
      Class:      2.81 MB capacity,     2.65 MB ( 94%) used,   141.74 KB (  5%) free+waste,    23.75 KB ( <1%) overhead. 
       Both:     25.35 MB capacity,    24.92 MB ( 98%) used,   373.26 KB (  1%) free+waste,    72.63 KB ( <1%) overhead. 

Virtual space:
  Non-class space:       24.00 MB reserved,      22.75 MB ( 95%) committed 
      Class space:        1.00 GB reserved,       2.88 MB ( <1%) committed 
             Both:        1.02 GB reserved,      25.63 MB (  2%) committed 

Chunk freelists:
   Non-Class:  26.00 KB
       Class:  0 bytes
        Both:  26.00 KB

MaxMetaspaceSize: 17179869184.00 GB
CompressedClassSpaceSize: 1.00 GB

CodeHeap 'non-profiled nmethods': size=120000Kb used=2517Kb max_used=2517Kb free=117482Kb
 bounds [0x000002d407ad0000, 0x000002d407d50000, 0x000002d40f000000]
CodeHeap 'profiled nmethods': size=120000Kb used=10630Kb max_used=10630Kb free=109369Kb
 bounds [0x000002d4005a0000, 0x000002d401010000, 0x000002d407ad0000]
CodeHeap 'non-nmethods': size=5760Kb used=1408Kb max_used=1458Kb free=4351Kb
 bounds [0x000002d400000000, 0x000002d400270000, 0x000002d4005a0000]
 total_blobs=7182 nmethods=4305 adapters=631
 compilation: enabled
              stopped_count=0, restarted_count=0
 full_count=0

Compilation events (20 events):
Event: 320.501 Thread 0x000002d47f4e5000 nmethod 4816 0x000002d407d3d090 code [0x000002d407d3d220, 0x000002d407d3d358]
Event: 515.568 Thread 0x000002d47f4e5000 4817       3       jdk.internal.loader.URLClassPath::findResource (38 bytes)
Event: 515.585 Thread 0x000002d47f4e5000 nmethod 4817 0x000002d400ffc210 code [0x000002d400ffc3e0, 0x000002d400ffc7a0]
Event: 610.603 Thread 0x000002d47f4e5000 4818       3       jdk.internal.loader.URLClassPath$FileLoader::findResource (18 bytes)
Event: 610.604 Thread 0x000002d47f4e5000 nmethod 4818 0x000002d400ffc910 code [0x000002d400ffcae0, 0x000002d400ffcdc0]
Event: 640.613 Thread 0x000002d47f4e5000 4819   !   3       jdk.internal.loader.URLClassPath::check (125 bytes)
Event: 640.653 Thread 0x000002d47f4e5000 nmethod 4819 0x000002d400ffce90 code [0x000002d400ffd180, 0x000002d400ffe610]
Event: 660.618 Thread 0x000002d47f4e5000 4820       3       java.lang.Thread::getContextClassLoader (32 bytes)
Event: 660.635 Thread 0x000002d47f4e5000 nmethod 4820 0x000002d400ffec10 code [0x000002d400ffee60, 0x000002d400fff8a0]
Event: 965.752 Thread 0x000002d47f4df000 4821       4       java.lang.String::replace (42 bytes)
Event: 966.539 Thread 0x000002d47f4df000 nmethod 4821 0x000002d407d3d410 code [0x000002d407d3d5c0, 0x000002d407d3dbb8]
Event: 1275.910 Thread 0x000002d47f4e5000 4822   !   3       com.mysql.cj.jdbc.AbandonedConnectionCleanupThread::checkThreadContextClassLoader (20 bytes)
Event: 1276.307 Thread 0x000002d47f4e5000 nmethod 4822 0x000002d400fffb90 code [0x000002d400fffe40, 0x000002d401000e00]
Event: 1276.307 Thread 0x000002d47f4e5000 4823   !   3       com.mysql.jdbc.AbandonedConnectionCleanupThread::checkContextClassLoaders (20 bytes)
Event: 1276.340 Thread 0x000002d47f4e5000 nmethod 4823 0x000002d401001410 code [0x000002d4010016c0, 0x000002d401002660]
Event: 4446.513 Thread 0x000002d47f4df000 4825       4       jdk.internal.module.Resources::toPackageName (39 bytes)
Event: 4447.051 Thread 0x000002d47f4df000 nmethod 4825 0x000002d407d3df10 code [0x000002d407d3e0a0, 0x000002d407d3e2b8]
Event: 4465.580 Thread 0x000002d47f4df000 4827   !   4       jdk.internal.loader.BuiltinClassLoader::findResource (154 bytes)
Event: 4469.200 Thread 0x000002d47f4df000 nmethod 4827 0x000002d407d3e490 code [0x000002d407d3e840, 0x000002d407d42e70]
Event: 4469.201 Thread 0x000002d47f4df000 4828       4       jdk.internal.loader.BuiltinClassLoader::findResourceOnClassPath (41 bytes)

GC Heap History (20 events):
Event: 2.516 GC heap before
{Heap before GC invocations=3 (full 0):
 garbage-first heap   total 65536K, used 13645K [0x00000000c1600000, 0x0000000100000000)
  region size 1024K, 8 young (8192K), 3 survivors (3072K)
 Metaspace       used 20034K, capacity 20404K, committed 20736K, reserved 1067008K
  class space    used 2292K, capacity 2443K, committed 2560K, reserved 1048576K
}
Event: 2.521 GC heap after
{Heap after GC invocations=4 (full 0):
 garbage-first heap   total 65536K, used 13005K [0x00000000c1600000, 0x0000000100000000)
  region size 1024K, 2 young (2048K), 2 survivors (2048K)
 Metaspace       used 20034K, capacity 20404K, committed 20736K, reserved 1067008K
  class space    used 2292K, capacity 2443K, committed 2560K, reserved 1048576K
}
Event: 2.940 GC heap before
{Heap before GC invocations=5 (full 0):
 garbage-first heap   total 215040K, used 145101K [0x00000000c1600000, 0x0000000100000000)
  region size 1024K, 20 young (20480K), 2 survivors (2048K)
 Metaspace       used 20036K, capacity 20404K, committed 20736K, reserved 1067008K
  class space    used 2292K, capacity 2443K, committed 2560K, reserved 1048576K
}
Event: 2.942 GC heap after
{Heap after GC invocations=6 (full 0):
 garbage-first heap   total 215040K, used 127204K [0x00000000c1600000, 0x0000000100000000)
  region size 1024K, 2 young (2048K), 2 survivors (2048K)
 Metaspace       used 20036K, capacity 20404K, committed 20736K, reserved 1067008K
  class space    used 2292K, capacity 2443K, committed 2560K, reserved 1048576K
}
Event: 3.065 GC heap before
{Heap before GC invocations=6 (full 0):
 garbage-first heap   total 215040K, used 152804K [0x00000000c1600000, 0x0000000100000000)
  region size 1024K, 28 young (28672K), 2 survivors (2048K)
 Metaspace       used 20036K, capacity 20404K, committed 20736K, reserved 1067008K
  class space    used 2292K, capacity 2443K, committed 2560K, reserved 1048576K
}
Event: 3.067 GC heap after
{Heap after GC invocations=7 (full 0):
 garbage-first heap   total 215040K, used 127208K [0x00000000c1600000, 0x0000000100000000)
  region size 1024K, 2 young (2048K), 2 survivors (2048K)
 Metaspace       used 20036K, capacity 20404K, committed 20736K, reserved 1067008K
  class space    used 2292K, capacity 2443K, committed 2560K, reserved 1048576K
}
Event: 3.314 GC heap before
{Heap before GC invocations=8 (full 0):
 garbage-first heap   total 217088K, used 173288K [0x00000000c1600000, 0x0000000100000000)
  region size 1024K, 47 young (48128K), 2 survivors (2048K)
 Metaspace       used 20036K, capacity 20404K, committed 20736K, reserved 1067008K
  class space    used 2292K, capacity 2443K, committed 2560K, reserved 1048576K
}
Event: 3.315 GC heap after
{Heap after GC invocations=9 (full 0):
 garbage-first heap   total 217088K, used 127186K [0x00000000c1600000, 0x0000000100000000)
  region size 1024K, 2 young (2048K), 2 survivors (2048K)
 Metaspace       used 20036K, capacity 20404K, committed 20736K, reserved 1067008K
  class space    used 2292K, capacity 2443K, committed 2560K, reserved 1048576K
}
Event: 3.617 GC heap before
{Heap before GC invocations=9 (full 0):
 garbage-first heap   total 217088K, used 154834K [0x00000000c1600000, 0x0000000100000000)
  region size 1024K, 30 young (30720K), 2 survivors (2048K)
 Metaspace       used 20602K, capacity 20985K, committed 21248K, reserved 1069056K
  class space    used 2343K, capacity 2507K, committed 2560K, reserved 1048576K
}
Event: 3.652 GC heap after
{Heap after GC invocations=10 (full 1):
 garbage-first heap   total 217088K, used 125937K [0x00000000c1600000, 0x0000000100000000)
  region size 1024K, 0 young (0K), 0 survivors (0K)
 Metaspace       used 20602K, capacity 20985K, committed 21248K, reserved 1069056K
  class space    used 2343K, capacity 2507K, committed 2560K, reserved 1048576K
}
Event: 3.658 GC heap before
{Heap before GC invocations=10 (full 1):
 garbage-first heap   total 217088K, used 125937K [0x00000000c1600000, 0x0000000100000000)
  region size 1024K, 1 young (1024K), 0 survivors (0K)
 Metaspace       used 20700K, capacity 21049K, committed 21248K, reserved 1069056K
  class space    used 2356K, capacity 2507K, committed 2560K, reserved 1048576K
}
Event: 3.659 GC heap after
{Heap after GC invocations=11 (full 1):
 garbage-first heap   total 217088K, used 126030K [0x00000000c1600000, 0x0000000100000000)
  region size 1024K, 1 young (1024K), 1 survivors (1024K)
 Metaspace       used 20700K, capacity 21049K, committed 21248K, reserved 1069056K
  class space    used 2356K, capacity 2507K, committed 2560K, reserved 1048576K
}
Event: 3.736 GC heap before
{Heap before GC invocations=12 (full 1):
 garbage-first heap   total 222208K, used 131150K [0x00000000c1600000, 0x0000000100000000)
  region size 1024K, 3 young (3072K), 1 survivors (1024K)
 Metaspace       used 21089K, capacity 21497K, committed 21632K, reserved 1069056K
  class space    used 2402K, capacity 2571K, committed 2688K, reserved 1048576K
}
Event: 3.738 GC heap after
{Heap after GC invocations=13 (full 1):
 garbage-first heap   total 222208K, used 130218K [0x00000000c1600000, 0x0000000100000000)
  region size 1024K, 1 young (1024K), 1 survivors (1024K)
 Metaspace       used 21089K, capacity 21497K, committed 21632K, reserved 1069056K
  class space    used 2402K, capacity 2571K, committed 2688K, reserved 1048576K
}
Event: 12.468 GC heap before
{Heap before GC invocations=14 (full 1):
 garbage-first heap   total 229376K, used 185514K [0x00000000c1600000, 0x0000000100000000)
  region size 1024K, 52 young (53248K), 1 survivors (1024K)
 Metaspace       used 25045K, capacity 25508K, committed 25728K, reserved 1073152K
  class space    used 2708K, capacity 2882K, committed 2944K, reserved 1048576K
}
Event: 12.481 GC heap after
{Heap after GC invocations=15 (full 1):
 garbage-first heap   total 229376K, used 142483K [0x00000000c1600000, 0x0000000100000000)
  region size 1024K, 7 young (7168K), 7 survivors (7168K)
 Metaspace       used 25045K, capacity 25508K, committed 25728K, reserved 1073152K
  class space    used 2708K, capacity 2882K, committed 2944K, reserved 1048576K
}
Event: 13.720 GC heap before
{Heap before GC invocations=15 (full 1):
 garbage-first heap   total 229376K, used 190611K [0x00000000c1600000, 0x0000000100000000)
  region size 1024K, 54 young (55296K), 7 survivors (7168K)
 Metaspace       used 25287K, capacity 25704K, committed 25984K, reserved 1073152K
  class space    used 2708K, capacity 2882K, committed 2944K, reserved 1048576K
}
Event: 13.778 GC heap after
{Heap after GC invocations=16 (full 1):
 garbage-first heap   total 229376K, used 155052K [0x00000000c1600000, 0x0000000100000000)
  region size 1024K, 7 young (7168K), 7 survivors (7168K)
 Metaspace       used 25287K, capacity 25704K, committed 25984K, reserved 1073152K
  class space    used 2708K, capacity 2882K, committed 2944K, reserved 1048576K
}
Event: 14.573 GC heap before
{Heap before GC invocations=17 (full 1):
 garbage-first heap   total 266240K, used 186796K [0x00000000c1600000, 0x0000000100000000)
  region size 1024K, 38 young (38912K), 7 survivors (7168K)
 Metaspace       used 25303K, capacity 25768K, committed 25984K, reserved 1073152K
  class space    used 2708K, capacity 2882K, committed 2944K, reserved 1048576K
}
Event: 14.594 GC heap after
{Heap after GC invocations=18 (full 1):
 garbage-first heap   total 266240K, used 164324K [0x00000000c1600000, 0x0000000100000000)
  region size 1024K, 5 young (5120K), 5 survivors (5120K)
 Metaspace       used 25303K, capacity 25768K, committed 25984K, reserved 1073152K
  class space    used 2708K, capacity 2882K, committed 2944K, reserved 1048576K
}

Deoptimization events (20 events):
Event: 13.708 Thread 0x000002d412a2d800 DEOPT PACKING pc=0x000002d407ce0038 sp=0x000000f57dafe9d0
Event: 13.708 Thread 0x000002d412a2d800 DEOPT UNPACKING pc=0x000002d40004912f sp=0x000000f57dafe960 mode 2
Event: 14.639 Thread 0x000002d4113fb000 DEOPT PACKING pc=0x000002d40081cd06 sp=0x000000f57cdfd3e0
Event: 14.639 Thread 0x000002d4113fb000 DEOPT UNPACKING pc=0x000002d40004964e sp=0x000000f57cdfc900 mode 0
Event: 14.670 Thread 0x000002d4113fb000 Uncommon trap: trap_request=0xffffffde fr.pc=0x000002d407d186c8 relative=0x0000000000000128
Event: 14.670 Thread 0x000002d4113fb000 Uncommon trap: reason=class_check action=maybe_recompile pc=0x000002d407d186c8 method=jdk.internal.misc.Unsafe.allocateUninitializedArray(Ljava/lang/Class;I)Ljava/lang/Object; @ 48 c2
Event: 14.670 Thread 0x000002d4113fb000 DEOPT PACKING pc=0x000002d407d186c8 sp=0x000000f57cdfd540
Event: 14.670 Thread 0x000002d4113fb000 DEOPT UNPACKING pc=0x000002d40004912f sp=0x000000f57cdfd4c8 mode 2
Event: 14.670 Thread 0x000002d4113fb000 Uncommon trap: trap_request=0xffffffde fr.pc=0x000002d407d186c8 relative=0x0000000000000128
Event: 14.670 Thread 0x000002d4113fb000 Uncommon trap: reason=class_check action=maybe_recompile pc=0x000002d407d186c8 method=jdk.internal.misc.Unsafe.allocateUninitializedArray(Ljava/lang/Class;I)Ljava/lang/Object; @ 48 c2
Event: 14.670 Thread 0x000002d4113fb000 DEOPT PACKING pc=0x000002d407d186c8 sp=0x000000f57cdfd5e0
Event: 14.670 Thread 0x000002d4113fb000 DEOPT UNPACKING pc=0x000002d40004912f sp=0x000000f57cdfd568 mode 2
Event: 14.670 Thread 0x000002d4113fb000 Uncommon trap: trap_request=0xffffffde fr.pc=0x000002d407d186c8 relative=0x0000000000000128
Event: 14.670 Thread 0x000002d4113fb000 Uncommon trap: reason=class_check action=maybe_recompile pc=0x000002d407d186c8 method=jdk.internal.misc.Unsafe.allocateUninitializedArray(Ljava/lang/Class;I)Ljava/lang/Object; @ 48 c2
Event: 14.670 Thread 0x000002d4113fb000 DEOPT PACKING pc=0x000002d407d186c8 sp=0x000000f57cdfd3d0
Event: 14.670 Thread 0x000002d4113fb000 DEOPT UNPACKING pc=0x000002d40004912f sp=0x000000f57cdfd358 mode 2
Event: 14.673 Thread 0x000002d4113fb000 Uncommon trap: trap_request=0xffffffde fr.pc=0x000002d407d186c8 relative=0x0000000000000128
Event: 14.673 Thread 0x000002d4113fb000 Uncommon trap: reason=class_check action=maybe_recompile pc=0x000002d407d186c8 method=jdk.internal.misc.Unsafe.allocateUninitializedArray(Ljava/lang/Class;I)Ljava/lang/Object; @ 48 c2
Event: 14.673 Thread 0x000002d4113fb000 DEOPT PACKING pc=0x000002d407d186c8 sp=0x000000f57cdfdd10
Event: 14.673 Thread 0x000002d4113fb000 DEOPT UNPACKING pc=0x000002d40004912f sp=0x000000f57cdfdc98 mode 2

Classes unloaded (0 events):
No events

Classes redefined (0 events):
No events

Internal exceptions (20 events):
Event: 1.608 Thread 0x000002d4113fb000 Exception <a 'java/lang/NoSuchMethodError'{0x00000000c51bfe48}: 'java.lang.Object java.lang.invoke.DirectMethodHandle$Holder.invokeVirtual(java.lang.Object, java.lang.Object, java.lang.Object)'> (0x00000000c51bfe48) 
thrown [t:/workspace/open/src/hotspot/share/interpreter/linkResolver.cpp, line 767]
Event: 2.041 Thread 0x000002d4113fb000 Exception <a 'java/lang/NoSuchMethodError'{0x00000000c4633028}: 'java.lang.Object java.lang.invoke.DirectMethodHandle$Holder.invokeStatic(java.lang.Object, int, java.lang.Object, java.lang.Object, java.lang.Object, java.lang.Object)'> (0x00000000c4633028) 
thrown [t:/workspace/open/src/hotspot/share/interpreter/linkResolver.cpp, line 767]
Event: 2.042 Thread 0x000002d4113fb000 Exception <a 'java/lang/NoSuchMethodError'{0x00000000c4639990}: 'java.lang.Object java.lang.invoke.DirectMethodHandle$Holder.invokeStatic(java.lang.Object, int, java.lang.Object, java.lang.Object, java.lang.Object)'> (0x00000000c4639990) 
thrown [t:/workspace/open/src/hotspot/share/interpreter/linkResolver.cpp, line 767]
Event: 2.042 Thread 0x000002d4113fb000 Exception <a 'java/lang/NoSuchMethodError'{0x00000000c463d1f8}: 'java.lang.Object java.lang.invoke.DirectMethodHandle$Holder.invokeSpecial(java.lang.Object, java.lang.Object, int, java.lang.Object, java.lang.Object, java.lang.Object)'> (0x00000000c463d1f8) 
thrown [t:/workspace/open/src/hotspot/share/interpreter/linkResolver.cpp, line 767]
Event: 2.046 Thread 0x000002d4113fb000 Exception <a 'java/lang/NoSuchMethodError'{0x00000000c4653538}: 'java.lang.Object java.lang.invoke.DirectMethodHandle$Holder.invokeStatic(java.lang.Object, int, java.lang.Object)'> (0x00000000c4653538) 
thrown [t:/workspace/open/src/hotspot/share/interpreter/linkResolver.cpp, line 767]
Event: 2.078 Thread 0x000002d4113fb000 Exception <a 'java/lang/ClassNotFoundException'{0x00000000c46f95a8}: com/sun/swing/internal/plaf/metal/resources/spi/metalProvider> (0x00000000c46f95a8) 
thrown [t:/workspace/open/src/hotspot/share/classfile/systemDictionary.cpp, line 232]
Event: 2.079 Thread 0x000002d4113fb000 Exception <a 'java/lang/ClassNotFoundException'{0x00000000c46fd898}: com/sun/swing/internal/plaf/basic/resources/spi/basicProvider> (0x00000000c46fd898) 
thrown [t:/workspace/open/src/hotspot/share/classfile/systemDictionary.cpp, line 232]
Event: 2.087 Thread 0x000002d4113fb000 Implicit null exception at 0x000002d407b3cf85 to 0x000002d407b3d182
Event: 2.087 Thread 0x000002d4113fb000 Implicit null exception at 0x000002d407b21e68 to 0x000002d407b21efa
Event: 2.090 Thread 0x000002d4113fb000 Implicit null exception at 0x000002d407b2d32f to 0x000002d407b2d3ad
Event: 2.098 Thread 0x000002d4113fb000 Exception <a 'java/net/UnknownHostException'{0x00000000c451b578}> (0x00000000c451b578) 
thrown [t:/workspace/open/src/hotspot/share/prims/jni.cpp, line 598]
Event: 2.451 Thread 0x000002d412a2d800 Exception <a 'java/lang/NullPointerException'{0x00000000c5207a30}> (0x00000000c5207a30) 
thrown [t:/workspace/open/src/hotspot/share/interpreter/linkResolver.cpp, line 1349]
Event: 2.466 Thread 0x000002d4113fb000 Exception <a 'java/lang/NoSuchMethodError'{0x00000000c5238328}: 'void java.lang.invoke.DirectMethodHandle$Holder.invokeStaticInit(java.lang.Object)'> (0x00000000c5238328) 
thrown [t:/workspace/open/src/hotspot/share/interpreter/linkResolver.cpp, line 767]
Event: 2.510 Thread 0x000002d4113fb000 Exception <a 'java/lang/NoSuchMethodError'{0x00000000c528fe28}: 'java.lang.Object java.lang.invoke.Invokers$Holder.linkToTargetMethod(java.lang.Object, int, java.lang.Object)'> (0x00000000c528fe28) 
thrown [t:/workspace/open/src/hotspot/share/interpreter/linkResolver.cpp, line 767]
Event: 3.693 Thread 0x000002d412583800 Implicit null exception at 0x000002d407b15104 to 0x000002d407b1568e
Event: 3.928 Thread 0x000002d412583800 Implicit null exception at 0x000002d407b14604 to 0x000002d407b14b5e
Event: 5.768 Thread 0x000002d4123aa800 Exception <a 'java/lang/InterruptedException'{0x00000000ce3631f0}: sleep interrupted> (0x00000000ce3631f0) 
thrown [t:/workspace/open/src/hotspot/share/prims/jvm.cpp, line 2966]
Event: 5.971 Thread 0x000002d412425800 Exception <a 'java/lang/InterruptedException'{0x00000000ce199660}: sleep interrupted> (0x00000000ce199660) 
thrown [t:/workspace/open/src/hotspot/share/prims/jvm.cpp, line 2966]
Event: 11.490 Thread 0x000002d412425800 Exception <a 'java/lang/InterruptedException'{0x00000000cd45f3f8}: sleep interrupted> (0x00000000cd45f3f8) 
thrown [t:/workspace/open/src/hotspot/share/prims/jvm.cpp, line 2966]
Event: 13.982 Thread 0x000002d412a2e800 Exception <a 'java/lang/NullPointerException'{0x00000000d145e7e8}> (0x00000000d145e7e8) 
thrown [t:/workspace/open/src/hotspot/share/interpreter/linkResolver.cpp, line 1349]

Events (20 events):
Event: 17.513 loading class java/awt/ColorPaintContext done
Event: 18.092 Thread 0x000002d41234a000 Thread exited: 0x000002d41234a000
Event: 18.246 Executing VM operation: BulkRevokeBias
Event: 18.246 Executing VM operation: BulkRevokeBias done
Event: 19.675 Executing VM operation: RevokeBias
Event: 19.675 Executing VM operation: RevokeBias done
Event: 19.676 Thread 0x000002d412e17000 Thread exited: 0x000002d412e17000
Event: 19.678 Executing VM operation: RevokeBias
Event: 19.678 Executing VM operation: RevokeBias done
Event: 19.678 Thread 0x000002d412e1d000 Thread exited: 0x000002d412e1d000
Event: 22.509 Executing VM operation: RevokeBias
Event: 22.509 Executing VM operation: RevokeBias done
Event: 22.509 Thread 0x000002d412e18000 Thread exited: 0x000002d412e18000
Event: 23.245 Executing VM operation: RevokeBias
Event: 23.245 Executing VM operation: RevokeBias done
Event: 23.245 Thread 0x000002d412e19000 Thread exited: 0x000002d412e19000
Event: 25.280 Executing VM operation: RevokeBias
Event: 25.280 Executing VM operation: RevokeBias done
Event: 25.280 loading class sun/awt/SunToolkit$1
Event: 25.280 loading class sun/awt/SunToolkit$1 done


Dynamic libraries:
0x00007ff60a690000 - 0x00007ff60a69f000 	C:\Program Files\Java\jdk-13.0.2\bin\javaw.exe
0x00007ffe73aa0000 - 0x00007ffe73c90000 	C:\Windows\SYSTEM32\ntdll.dll
0x00007ffe72340000 - 0x00007ffe723f2000 	C:\Windows\System32\KERNEL32.DLL
0x00007ffe71450000 - 0x00007ffe716f5000 	C:\Windows\System32\KERNELBASE.dll
0x00007ffe71860000 - 0x00007ffe7195a000 	C:\Windows\System32\ucrtbase.dll
0x00007ffe66930000 - 0x00007ffe66948000 	C:\Program Files\Java\jdk-13.0.2\bin\jli.dll
0x00007ffe72430000 - 0x00007ffe724d3000 	C:\Windows\System32\ADVAPI32.dll
0x00007ffe71d50000 - 0x00007ffe71dee000 	C:\Windows\System32\msvcrt.dll
0x00007ffe71ea0000 - 0x00007ffe71f37000 	C:\Windows\System32\sechost.dll
0x00007ffe66970000 - 0x00007ffe66985000 	C:\Program Files\Java\jdk-13.0.2\bin\VCRUNTIME140.dll
0x00007ffe721e0000 - 0x00007ffe722ff000 	C:\Windows\System32\RPCRT4.dll
0x00007ffe73230000 - 0x00007ffe733c4000 	C:\Windows\System32\USER32.dll
0x00007ffe70a80000 - 0x00007ffe70aa1000 	C:\Windows\System32\win32u.dll
0x00007ffe72400000 - 0x00007ffe72426000 	C:\Windows\System32\GDI32.dll
0x00007ffe71230000 - 0x00007ffe713c8000 	C:\Windows\System32\gdi32full.dll
0x00007ffe61ee0000 - 0x00007ffe62164000 	C:\Windows\WinSxS\amd64_microsoft.windows.common-controls_6595b64144ccf1df_6.0.18362.1556_none_9e7e372fe45e41d5\COMCTL32.dll
0x00007ffe709e0000 - 0x00007ffe70a7e000 	C:\Windows\System32\msvcp_win.dll
0x00007ffe72710000 - 0x00007ffe72a46000 	C:\Windows\System32\combase.dll
0x00007ffe71960000 - 0x00007ffe719e1000 	C:\Windows\System32\bcryptPrimitives.dll
0x00007ffe62550000 - 0x00007ffe6255a000 	C:\Windows\SYSTEM32\VERSION.dll
0x00007ffe72300000 - 0x00007ffe7232e000 	C:\Windows\System32\IMM32.DLL
0x00007ffe55bf0000 - 0x00007ffe55c8b000 	C:\Program Files\Java\jdk-13.0.2\bin\msvcp140.dll
0x00007ffe3e7e0000 - 0x00007ffe3f33d000 	C:\Program Files\Java\jdk-13.0.2\bin\server\jvm.dll
0x00007ffe731b0000 - 0x00007ffe731b8000 	C:\Windows\System32\PSAPI.DLL
0x00007ffe6e5a0000 - 0x00007ffe6e5c4000 	C:\Windows\SYSTEM32\WINMM.dll
0x00007ffe6c980000 - 0x00007ffe6c989000 	C:\Windows\SYSTEM32\WSOCK32.dll
0x00007ffe73140000 - 0x00007ffe731af000 	C:\Windows\System32\WS2_32.dll
0x00007ffe6e570000 - 0x00007ffe6e59d000 	C:\Windows\SYSTEM32\WINMMBASE.dll
0x00007ffe713d0000 - 0x00007ffe7141a000 	C:\Windows\System32\cfgmgr32.dll
0x00007ffe70950000 - 0x00007ffe70961000 	C:\Windows\System32\kernel.appcore.dll
0x00007ffe66b70000 - 0x00007ffe66b80000 	C:\Program Files\Java\jdk-13.0.2\bin\verify.dll
0x00007ffe617b0000 - 0x00007ffe619a4000 	C:\Windows\SYSTEM32\DBGHELP.DLL
0x00007ffe61760000 - 0x00007ffe6178a000 	C:\Windows\SYSTEM32\dbgcore.DLL
0x00007ffe5f610000 - 0x00007ffe5f636000 	C:\Program Files\Java\jdk-13.0.2\bin\java.dll
0x00007ffe5f5f0000 - 0x00007ffe5f607000 	C:\Program Files\Java\jdk-13.0.2\bin\zip.dll
0x00007ffe66a60000 - 0x00007ffe66a6a000 	C:\Program Files\Java\jdk-13.0.2\bin\jimage.dll
0x00007ffe72a50000 - 0x00007ffe73137000 	C:\Windows\System32\SHELL32.dll
0x00007ffe71df0000 - 0x00007ffe71e98000 	C:\Windows\System32\shcore.dll
0x00007ffe70ab0000 - 0x00007ffe7122b000 	C:\Windows\System32\windows.storage.dll
0x00007ffe70970000 - 0x00007ffe7098e000 	C:\Windows\System32\profapi.dll
0x00007ffe70990000 - 0x00007ffe709da000 	C:\Windows\System32\powrprof.dll
0x00007ffe70920000 - 0x00007ffe70930000 	C:\Windows\System32\UMPDC.dll
0x00007ffe724e0000 - 0x00007ffe72532000 	C:\Windows\System32\shlwapi.dll
0x00007ffe71b00000 - 0x00007ffe71b17000 	C:\Windows\System32\cryptsp.dll
0x00007ffe5f5d0000 - 0x00007ffe5f5e9000 	C:\Program Files\Java\jdk-13.0.2\bin\net.dll
0x00007ffe67290000 - 0x00007ffe6738a000 	C:\Windows\SYSTEM32\WINHTTP.dll
0x00007ffe70160000 - 0x00007ffe701c7000 	C:\Windows\system32\mswsock.dll
0x00007ffe5da30000 - 0x00007ffe5da43000 	C:\Program Files\Java\jdk-13.0.2\bin\nio.dll
0x00007ffe43d20000 - 0x00007ffe43eb9000 	C:\Program Files\Java\jdk-13.0.2\bin\awt.dll
0x00007ffe73430000 - 0x00007ffe734f5000 	C:\Windows\System32\OLEAUT32.dll
0x00007ffe6ea90000 - 0x00007ffe6eb1f000 	C:\Windows\SYSTEM32\apphelp.dll
0x00007ffe6ec00000 - 0x00007ffe6ec99000 	C:\Windows\system32\uxtheme.dll
0x00007ffe71f40000 - 0x00007ffe72075000 	C:\Windows\System32\MSCTF.dll
0x00007ffe72080000 - 0x00007ffe721d7000 	C:\Windows\System32\ole32.dll
0x00007ffe6fec0000 - 0x00007ffe6ff8b000 	C:\Windows\SYSTEM32\DNSAPI.dll
0x00007ffe73a20000 - 0x00007ffe73a28000 	C:\Windows\System32\NSI.dll
0x00007ffe6fe70000 - 0x00007ffe6feaa000 	C:\Windows\SYSTEM32\IPHLPAPI.DLL
0x00007ffe66740000 - 0x00007ffe6674a000 	C:\Windows\System32\rasadhlp.dll
0x00007ffe676b0000 - 0x00007ffe67727000 	C:\Windows\System32\fwpuclnt.dll
0x00007ffe71420000 - 0x00007ffe71446000 	C:\Windows\System32\bcrypt.dll
0x00007ffe59490000 - 0x00007ffe594b5000 	C:\Program Files\Java\jdk-13.0.2\bin\sunec.dll
0x00007ffe6fce0000 - 0x00007ffe6fd13000 	C:\Windows\system32\rsaenh.dll
0x00007ffe70840000 - 0x00007ffe70865000 	C:\Windows\SYSTEM32\USERENV.dll
0x00007ffe70330000 - 0x00007ffe7033c000 	C:\Windows\SYSTEM32\CRYPTBASE.dll
0x00007ffe679e0000 - 0x00007ffe679f6000 	C:\Windows\SYSTEM32\dhcpcsvc6.DLL
0x00007ffe67ab0000 - 0x00007ffe67acc000 	C:\Windows\SYSTEM32\dhcpcsvc.DLL
0x00007ffe60e20000 - 0x00007ffe60e2e000 	C:\Program Files\Java\jdk-13.0.2\bin\sunmscapi.dll
0x00007ffe71700000 - 0x00007ffe71851000 	C:\Windows\System32\CRYPT32.dll
0x00007ffe70930000 - 0x00007ffe70942000 	C:\Windows\System32\MSASN1.dll
0x00007ffe70440000 - 0x00007ffe70466000 	C:\Windows\SYSTEM32\ncrypt.dll
0x00007ffe70400000 - 0x00007ffe7043b000 	C:\Windows\SYSTEM32\NTASN1.dll
0x00007ffe6f250000 - 0x00007ffe6f27d000 	C:\Windows\system32\DWMAPI.DLL
0x00007ffe432c0000 - 0x00007ffe43416000 	C:\Windows\system32\opengl32.dll
0x00007ffe55140000 - 0x00007ffe5516c000 	C:\Windows\SYSTEM32\GLU32.dll
0x00007ffe6f560000 - 0x00007ffe6f580000 	C:\Windows\SYSTEM32\dxcore.dll
0x00007ffe50d20000 - 0x00007ffe50da2000 	C:\Program Files\Java\jdk-13.0.2\bin\freetype.dll
0x00007ffe4a810000 - 0x00007ffe4a8b6000 	C:\Program Files\Java\jdk-13.0.2\bin\fontmanager.dll
0x00007ffe65740000 - 0x00007ffe657db000 	C:\Windows\System32\TextInputFramework.dll
0x00007ffe6b260000 - 0x00007ffe6b58a000 	C:\Windows\System32\CoreUIComponents.dll
0x00007ffe6e880000 - 0x00007ffe6e954000 	C:\Windows\System32\CoreMessaging.dll
0x00007ffe6f960000 - 0x00007ffe6f991000 	C:\Windows\SYSTEM32\ntmarta.dll
0x00007ffe6c5f0000 - 0x00007ffe6c742000 	C:\Windows\SYSTEM32\wintypes.dll
0x00007ffe64160000 - 0x00007ffe64407000 	C:\Windows\System32\iertutil.dll
0x00007ffe73970000 - 0x00007ffe73a12000 	C:\Windows\System32\clbcatq.dll
0x00007ffe6b020000 - 0x00007ffe6b1cf000 	C:\Windows\SYSTEM32\WindowsCodecs.dll
0x00007ffe538c0000 - 0x00007ffe538fb000 	C:\Windows\system32\dataexchange.dll
0x00007ffe6d410000 - 0x00007ffe6d66b000 	C:\Windows\system32\d3d11.dll
0x00007ffe6e6a0000 - 0x00007ffe6e87d000 	C:\Windows\system32\dcomp.dll
0x00007ffe6f5f0000 - 0x00007ffe6f6db000 	C:\Windows\system32\dxgi.dll
0x00007ffe6ed30000 - 0x00007ffe6ef8a000 	C:\Windows\system32\twinapi.appcore.dll
0x00007ffe6f080000 - 0x00007ffe6f0a9000 	C:\Windows\system32\RMCLIENT.dll

dbghelp: loaded successfully - version: 4.0.5 - missing functions: none
symbol engine: initialized successfully - sym options: 0x614 - pdb path: .;C:\Program Files\Java\jdk-13.0.2\bin;C:\Windows\SYSTEM32;C:\Windows\WinSxS\amd64_microsoft.windows.common-controls_6595b64144ccf1df_6.0.18362.1556_none_9e7e372fe45e41d5;C:\Program Files\Java\jdk-13.0.2\bin\server

VM Arguments:
jvm_args: -Dfile.encoding=Cp1252 
java_command: Application.Home
java_class_path (initial): C:\Users\User\git\bakame\DriveOperations\target\classes;C:\Users\User\Desktop\Libraries\jgoodies-common-1.8.0.jar;C:\Users\User\Desktop\Libraries\jgoodies-forms-1.8.0.jar;C:\Users\User\Desktop\Libraries\miglayout15-swing.jar;C:\Users\User\Downloads\javax.mail.jar;C:\Users\User\Downloads\activation-1.1.1.jar;C:\Users\User\Downloads\jcalendar-1.4.jar;C:\Users\User\Downloads\jfreechart-1.0.19\lib\jcommon-1.0.23.jar;C:\Users\User\Downloads\jfreechart-1.0.19\lib\jfreechart-1.0.19.jar;C:\Users\User\Downloads\commons-net-3.8.0\commons-net-3.8.0.jar;C:\Users\User\Documents\Libs\comm-2.0.jar;C:\Users\User\Documents\Libs\http-2.2.1.jar;C:\Users\User\Downloads\JTattoo-1.6.13.jar;C:\Users\User\Desktop\Libs\jmespath-java-1.11.470.jar;C:\Users\User\Desktop\Libs\aws-java-sdk-core-1.12.65.jar;C:\Users\User\Desktop\Libs\aws-java-sdk-kms-1.12.65.jar;C:\Users\User\Desktop\Libs\aws-java-sdk-s3-1.12.65.jar;C:\Users\User\Desktop\Libs\commons-codec-1.15.jar;C:\Users\User\Desktop\Libs\commons-logging-1.1.3.jar;C:\Users\User\Desktop\Libs\httpclient-4.5.13.jar;C:\Users\User\Desktop\Libs\ion-java-1.0.2.jar;C:\Users\User\Desktop\Libs\jackson-annotations-2.12.3.jar;C:\Users\User\Desktop\Libs\jackson-core-2.12.3.jar;C:\Users\User\Desktop\Libs\jackson-databind-2.12.3.jar;C:\Users\User\Desktop\Libs\jackson-dataformat-cbor-2.12.3.jar;C:\Users\User\Desktop\Libs\jmespath-java-1.12.65.jar;C:\Users\User\Desktop\Libs\joda-time-2.8.1.jar;C:\Users\User\Desktop\Libs\mysql-connector-java-5.1.45.jar;C:\Users\User\.m2\repository\com\amazonaws\aws-java-sdk-s3\1.12.65\aws-java-sdk-s3-1.12.65.jar;C:\Users\User\.m2\repository\com\amazonaws\aws-java-sdk-kms\1.12.65\aws-java-sdk-kms-1.12.65.jar;C:\Users\User\.m2\repository\com\amazonaws\aws-java-sdk-core\1.12.65\aws-java-sdk-core-1.12.65.jar;C:\Users\User\.m2\repository\commons-logging\commons-logging\1.1.3\commons-logging-1.1.3.jar;C:\Users\User\.m2\repository\commons-codec\commons-codec\1.15\commons-codec-1.15.jar;C:\Users\User\.m2\re
Launcher Type: SUN_STANDARD

[Global flags]
     intx CICompilerCount                          = 3                                         {product} {ergonomic}
     uint ConcGCThreads                            = 1                                         {product} {ergonomic}
     uint G1ConcRefinementThreads                  = 4                                         {product} {ergonomic}
   size_t G1HeapRegionSize                         = 1048576                                   {product} {ergonomic}
    uintx GCDrainStackTargetSize                   = 64                                        {product} {ergonomic}
   size_t InitialHeapSize                          = 67108864                                  {product} {ergonomic}
   size_t MarkStackSize                            = 4194304                                   {product} {ergonomic}
   size_t MaxHeapSize                              = 1050673152                                {product} {ergonomic}
   size_t MaxNewSize                               = 630194176                                 {product} {ergonomic}
   size_t MinHeapDeltaBytes                        = 1048576                                   {product} {ergonomic}
   size_t MinHeapSize                              = 8388608                                   {product} {ergonomic}
    uintx NonNMethodCodeHeapSize                   = 5832780                                {pd product} {ergonomic}
    uintx NonProfiledCodeHeapSize                  = 122912730                              {pd product} {ergonomic}
    uintx ProfiledCodeHeapSize                     = 122912730                              {pd product} {ergonomic}
    uintx ReservedCodeCacheSize                    = 251658240                              {pd product} {ergonomic}
     bool SegmentedCodeCache                       = true                                      {product} {ergonomic}
   size_t SoftMaxHeapSize                          = 1050673152                             {manageable} {ergonomic}
     bool UseCompressedClassPointers               = true                                 {lp64_product} {ergonomic}
     bool UseCompressedOops                        = true                                 {lp64_product} {ergonomic}
     bool UseG1GC                                  = true                                      {product} {ergonomic}
     bool UseLargePagesIndividualAllocation        = false                                  {pd product} {ergonomic}

Logging:
Log output configuration:
 #0: stdout all=warning uptime,level,tags
 #1: stderr all=off uptime,level,tags

Environment Variables:
JAVA_HOME=C:\Program Files (x86)\Java\jre1.8.0_241
PATH=C:\Program Files\Java\jdk-13.0.2\bin;C:\Program Files (x86)\Common Files\Oracle\Java\javapath;C:\Windows\system32;C:\Windows;C:\Windows\System32\Wbem;C:\Windows\System32\WindowsPowerShell\v1.0\;C:\Windows\System32\OpenSSH\;C:\Program Files (x86)\apache-maven-3.8.1\bin;C:\Program Files (x86)\gradle-7.1.1\bin;C:\Users\User\Documents\Setup logiciels\mongosh-1.1.2-win32-x64\bin;C:\Program Files\MySQL\MySQL Shell 8.0\bin\;C:\Users\User\AppData\Local\Microsoft\WindowsApps;C:\Users\User\AppData\Local\Programs\Microsoft VS Code\bin;C:\Program Files (x86)\gradle-7.1.1\bin;C:\Users\User\Downloads\platform-tools;C:\Users\User\Documents\Setup logiciels\mongosh-1.1.2-win32-x64\bin;C:\Users\User\AppData\Local\GitHubDesktop\bin
USERNAME=User
OS=Windows_NT
PROCESSOR_IDENTIFIER=Intel64 Family 6 Model 42 Stepping 7, GenuineIntel



---------------  S Y S T E M  ---------------

OS: Windows 10 , 64 bit Build 18362 (10.0.18362.1500)

CPU:total 4 (initial active 4) (2 cores per cpu, 2 threads per core) family 6 model 42 stepping 7, cmov, cx8, fxsr, mmx, sse, sse2, sse3, ssse3, sse4.1, sse4.2, popcnt, avx, aes, clmul, ht, tsc, tscinvbit

Memory: 4k page, system-wide physical 4006M (537M free)
TotalPageFile size 16294M (AvailPageFile size 5M)
current process WorkingSet (physical memory assigned to process): 40M, peak: 379M
current process commit charge ("private bytes"): 410M, peak: 415M

vm_info: Java HotSpot(TM) 64-Bit Server VM (13.0.2+8) for windows-amd64 JRE (13.0.2+8), built on Dec 11 2019 09:20:33 by "mach5one" with unknown MS VC++:1916

END.
