#
# There is insufficient memory for the Java Runtime Environment to continue.
# Native memory allocation (malloc) failed to allocate 32744 bytes for ChunkPool::allocate
# Possible reasons:
#   The system is out of physical RAM or swap space
#   The process is running with CompressedOops enabled, and the Java Heap may be blocking the growth of the native heap
# Possible solutions:
#   Reduce memory load on the system
#   Increase physical memory or swap space
#   Check if swap backing store is full
#   Decrease Java heap size (-Xmx/-Xms)
#   Decrease number of Java threads
#   Decrease Java thread stack sizes (-Xss)
#   Set larger code cache with -XX:ReservedCodeCacheSize=
#   JVM is running with Unscaled Compressed Oops mode in which the Java heap is
#     placed in the first 4GB address space. The Java Heap base address is the
#     maximum limit for the native heap growth. Please use -XX:HeapBaseMinAddress
#     to set the Java Heap base and to place the Java Heap above 4GB virtual address.
# This output file may be truncated or incomplete.
#
#  Out of Memory Error (t:/workspace/open/src/hotspot/share/memory/arena.cpp:80), pid=13076, tid=16880
#
# JRE version: Java(TM) SE Runtime Environment (13.0.2+8) (build 13.0.2+8)
# Java VM: Java HotSpot(TM) 64-Bit Server VM (13.0.2+8, mixed mode, sharing, tiered, compressed oops, g1 gc, windows-amd64)
# No core dump will be written. Minidumps are not enabled by default on client versions of Windows
#

---------------  S U M M A R Y ------------

Command Line: -Dfile.encoding=Cp1252 Application.Home

Host: Intel(R) Core(TM) i5-2520M CPU @ 2.50GHz, 4 cores, 3G,  Windows 10 , 64 bit Build 18362 (10.0.18362.1316)
Time: Thu Aug 19 10:31:07 2021 South Africa Standard Time elapsed time: 26 seconds (0d 0h 0m 26s)

---------------  T H R E A D  ---------------

Current thread (0x000001daee9d3800):  JavaThread "C1 CompilerThread0" daemon [_thread_in_native, id=16880, stack(0x000000811e600000,0x000000811e700000)]


Current CompileTask:
C1:  26810 2288   !   3       java.awt.DefaultKeyboardFocusManager::dispatchEvent (1621 bytes)

Stack: [0x000000811e600000,0x000000811e700000]
Native frames: (J=compiled Java code, j=interpreted, Vv=VM code, C=native code)
V  [jvm.dll+0x624f9a]
V  [jvm.dll+0x770cfa]
V  [jvm.dll+0x7724af]
V  [jvm.dll+0x772ab3]
V  [jvm.dll+0x24bf08]
V  [jvm.dll+0xc2076]
V  [jvm.dll+0xc23cc]
V  [jvm.dll+0x12edc2]
V  [jvm.dll+0x137a96]
V  [jvm.dll+0x12da8a]
V  [jvm.dll+0x139a33]
V  [jvm.dll+0x13ce3e]
V  [jvm.dll+0x13c8b8]
V  [jvm.dll+0x1340ba]
V  [jvm.dll+0x13639d]
V  [jvm.dll+0x1347cc]
V  [jvm.dll+0x13d31d]
V  [jvm.dll+0x13c8b8]
V  [jvm.dll+0x1340ba]
V  [jvm.dll+0x13639d]
V  [jvm.dll+0x1348c4]
V  [jvm.dll+0x13d31d]
V  [jvm.dll+0x13c8b8]
V  [jvm.dll+0x1340ba]
V  [jvm.dll+0x13639d]
V  [jvm.dll+0x1348c4]
V  [jvm.dll+0x12e3f8]
V  [jvm.dll+0x13e4b7]
V  [jvm.dll+0x1295d9]
V  [jvm.dll+0x129950]
V  [jvm.dll+0x129c0f]
V  [jvm.dll+0x128ea7]
V  [jvm.dll+0x12adc7]
V  [jvm.dll+0x213e6d]
V  [jvm.dll+0x2120bb]
V  [jvm.dll+0x736bb6]
V  [jvm.dll+0x72fcaa]
V  [jvm.dll+0x623ea6]
C  [ucrtbase.dll+0x210b2]
C  [KERNEL32.DLL+0x17c24]
C  [ntdll.dll+0x6d4d1]


---------------  P R O C E S S  ---------------

Threads class SMR info:
_java_thread_list=0x000001daf0a165e0, length=15, elements={
0x000001daee9a9000, 0x000001daee9ac800, 0x000001daee9c7800, 0x000001daee9ca800,
0x000001daee9ce800, 0x000001daee9d3800, 0x000001daee9dd800, 0x000001daef42e800,
0x000001daef431000, 0x000001daef7b3000, 0x000001daef7b3800, 0x000001daef7b4800,
0x000001daef7d1000, 0x000001dad29bf800, 0x000001daef88c800
}

Java Threads: ( => current thread )
  0x000001daee9a9000 JavaThread "Reference Handler" daemon [_thread_blocked, id=15416, stack(0x000000811e100000,0x000000811e200000)]
  0x000001daee9ac800 JavaThread "Finalizer" daemon [_thread_blocked, id=17776, stack(0x000000811e200000,0x000000811e300000)]
  0x000001daee9c7800 JavaThread "Signal Dispatcher" daemon [_thread_blocked, id=3732, stack(0x000000811e300000,0x000000811e400000)]
  0x000001daee9ca800 JavaThread "Attach Listener" daemon [_thread_blocked, id=10032, stack(0x000000811e400000,0x000000811e500000)]
  0x000001daee9ce800 JavaThread "C2 CompilerThread0" daemon [_thread_blocked, id=7468, stack(0x000000811e500000,0x000000811e600000)]
=>0x000001daee9d3800 JavaThread "C1 CompilerThread0" daemon [_thread_in_native, id=16880, stack(0x000000811e600000,0x000000811e700000)]
  0x000001daee9dd800 JavaThread "Sweeper thread" daemon [_thread_blocked, id=2916, stack(0x000000811e700000,0x000000811e800000)]
  0x000001daef42e800 JavaThread "Service Thread" daemon [_thread_blocked, id=9536, stack(0x000000811e800000,0x000000811e900000)]
  0x000001daef431000 JavaThread "Common-Cleaner" daemon [_thread_blocked, id=13416, stack(0x000000811ea00000,0x000000811eb00000)]
  0x000001daef7b3000 JavaThread "Java2D Disposer" daemon [_thread_blocked, id=11800, stack(0x000000811eb00000,0x000000811ec00000)]
  0x000001daef7b3800 JavaThread "AWT-Shutdown" [_thread_blocked, id=7768, stack(0x000000811ec00000,0x000000811ed00000)]
  0x000001daef7b4800 JavaThread "AWT-Windows" daemon [_thread_in_native, id=5096, stack(0x000000811ed00000,0x000000811ee00000)]
  0x000001daef7d1000 JavaThread "AWT-EventQueue-0" [_thread_blocked, id=17468, stack(0x000000811ee00000,0x000000811ef00000)]
  0x000001dad29bf800 JavaThread "DestroyJavaVM" [_thread_blocked, id=15944, stack(0x000000811da00000,0x000000811db00000)]
  0x000001daef88c800 JavaThread "TimerQueue" daemon [_thread_blocked, id=2440, stack(0x000000811f000000,0x000000811f100000)]

Other Threads:
  0x000001daee9a7800 VMThread "VM Thread" [stack: 0x000000811e000000,0x000000811e100000] [id=12640]
  0x000001daef42f800 WatcherThread [stack: 0x000000811e900000,0x000000811ea00000] [id=16140]
  0x000001dad29f0000 GCTaskThread "GC Thread#0" [stack: 0x000000811db00000,0x000000811dc00000] [id=16352]
  0x000001daefdad000 GCTaskThread "GC Thread#1" [stack: 0x000000811f100000,0x000000811f200000] [id=11804]
  0x000001daefdac800 GCTaskThread "GC Thread#2" [stack: 0x000000811f200000,0x000000811f300000] [id=1292]
  0x000001daefdae000 GCTaskThread "GC Thread#3" [stack: 0x000000811f300000,0x000000811f400000] [id=9564]
  0x000001dad29fa800 ConcurrentGCThread "G1 Main Marker" [stack: 0x000000811dc00000,0x000000811dd00000] [id=12796]
  0x000001dad29fc800 ConcurrentGCThread "G1 Conc#0" [stack: 0x000000811dd00000,0x000000811de00000] [id=9292]
  0x000001dad2a51000 ConcurrentGCThread "G1 Refine#0" [stack: 0x000000811de00000,0x000000811df00000] [id=18184]
  0x000001daefdbe000 ConcurrentGCThread "G1 Refine#1" [stack: 0x000000811f400000,0x000000811f500000] [id=9420]
  0x000001daefdd9800 ConcurrentGCThread "G1 Refine#2" [stack: 0x000000811f500000,0x000000811f600000] [id=16408]
  0x000001dad2a53000 ConcurrentGCThread "G1 Young RemSet Sampling" [stack: 0x000000811df00000,0x000000811e000000] [id=13324]

Threads with active compile tasks:
C1 CompilerThread0    27327 2288   !   3       java.awt.DefaultKeyboardFocusManager::dispatchEvent (1621 bytes)

VM state:not at safepoint (normal execution)

VM Mutex/Monitor currently owned by a thread: None

Heap address: 0x00000000c1600000, size: 1002 MB, Compressed Oops mode: 32-bit
Narrow klass base: 0x0000000800000000, Narrow klass shift: 3
Compressed class space size: 1073741824 Address: 0x0000000800b40000

Heap:
 garbage-first heap   total 215040K, used 128342K [0x00000000c1600000, 0x0000000100000000)
  region size 1024K, 3 young (3072K), 1 survivors (1024K)
 Metaspace       used 11404K, capacity 11763K, committed 11904K, reserved 1060864K
  class space    used 1177K, capacity 1309K, committed 1408K, reserved 1048576K
Heap Regions: E=young(eden), S=young(survivor), O=old, HS=humongous(starts), HC=humongous(continues), CS=collection set, F=free, A=archive, TAMS=top-at-mark-start (previous, next)
|   0|0x00000000c1600000, 0x00000000c1700000, 0x00000000c1700000|100%| O|  |TAMS 0x00000000c1700000, 0x00000000c1600000| Untracked 
|   1|0x00000000c1700000, 0x00000000c1800000, 0x00000000c1800000|100%| O|  |TAMS 0x00000000c1800000, 0x00000000c1700000| Untracked 
|   2|0x00000000c1800000, 0x00000000c1900000, 0x00000000c1900000|100%| O|  |TAMS 0x00000000c1900000, 0x00000000c1800000| Untracked 
|   3|0x00000000c1900000, 0x00000000c19b4e00, 0x00000000c1a00000| 70%| O|  |TAMS 0x00000000c19b4e00, 0x00000000c1900000| Untracked 
|   4|0x00000000c1a00000, 0x00000000c1b00000, 0x00000000c1b00000|100%|HS|  |TAMS 0x00000000c1b00000, 0x00000000c1a00000| Complete 
|   5|0x00000000c1b00000, 0x00000000c1c00000, 0x00000000c1c00000|100%|HC|  |TAMS 0x00000000c1c00000, 0x00000000c1b00000| Complete 
|   6|0x00000000c1c00000, 0x00000000c1d00000, 0x00000000c1d00000|100%|HC|  |TAMS 0x00000000c1d00000, 0x00000000c1c00000| Complete 
|   7|0x00000000c1d00000, 0x00000000c1e00000, 0x00000000c1e00000|100%|HC|  |TAMS 0x00000000c1e00000, 0x00000000c1d00000| Complete 
|   8|0x00000000c1e00000, 0x00000000c1f00000, 0x00000000c1f00000|100%|HS|  |TAMS 0x00000000c1e00000, 0x00000000c1e00000| Complete 
|   9|0x00000000c1f00000, 0x00000000c2000000, 0x00000000c2000000|100%|HC|  |TAMS 0x00000000c1f00000, 0x00000000c1f00000| Complete 
|  10|0x00000000c2000000, 0x00000000c2100000, 0x00000000c2100000|100%|HC|  |TAMS 0x00000000c2000000, 0x00000000c2000000| Complete 
|  11|0x00000000c2100000, 0x00000000c2200000, 0x00000000c2200000|100%|HC|  |TAMS 0x00000000c2100000, 0x00000000c2100000| Complete 
|  12|0x00000000c2200000, 0x00000000c2200000, 0x00000000c2300000|  0%| F|  |TAMS 0x00000000c2200000, 0x00000000c2200000| Untracked 
|  13|0x00000000c2300000, 0x00000000c2300000, 0x00000000c2400000|  0%| F|  |TAMS 0x00000000c2300000, 0x00000000c2300000| Untracked 
|  14|0x00000000c2400000, 0x00000000c2400000, 0x00000000c2500000|  0%| F|  |TAMS 0x00000000c2400000, 0x00000000c2400000| Untracked 
|  15|0x00000000c2500000, 0x00000000c2500000, 0x00000000c2600000|  0%| F|  |TAMS 0x00000000c2500000, 0x00000000c2500000| Untracked 
|  16|0x00000000c2600000, 0x00000000c2600000, 0x00000000c2700000|  0%| F|  |TAMS 0x00000000c2600000, 0x00000000c2600000| Untracked 
|  17|0x00000000c2700000, 0x00000000c2700000, 0x00000000c2800000|  0%| F|  |TAMS 0x00000000c2700000, 0x00000000c2700000| Untracked 
|  18|0x00000000c2800000, 0x00000000c2800000, 0x00000000c2900000|  0%| F|  |TAMS 0x00000000c2800000, 0x00000000c2800000| Untracked 
|  19|0x00000000c2900000, 0x00000000c2900000, 0x00000000c2a00000|  0%| F|  |TAMS 0x00000000c2900000, 0x00000000c2900000| Untracked 
|  20|0x00000000c2a00000, 0x00000000c2a00000, 0x00000000c2b00000|  0%| F|  |TAMS 0x00000000c2a00000, 0x00000000c2a00000| Untracked 
|  21|0x00000000c2b00000, 0x00000000c2b00000, 0x00000000c2c00000|  0%| F|  |TAMS 0x00000000c2b00000, 0x00000000c2b00000| Untracked 
|  22|0x00000000c2c00000, 0x00000000c2c00000, 0x00000000c2d00000|  0%| F|  |TAMS 0x00000000c2c00000, 0x00000000c2c00000| Untracked 
|  23|0x00000000c2d00000, 0x00000000c2d00000, 0x00000000c2e00000|  0%| F|  |TAMS 0x00000000c2d00000, 0x00000000c2d00000| Untracked 
|  24|0x00000000c2e00000, 0x00000000c2e00000, 0x00000000c2f00000|  0%| F|  |TAMS 0x00000000c2e00000, 0x00000000c2e00000| Untracked 
|  25|0x00000000c2f00000, 0x00000000c2f00000, 0x00000000c3000000|  0%| F|  |TAMS 0x00000000c2f00000, 0x00000000c2f00000| Untracked 
|  26|0x00000000c3000000, 0x00000000c3000000, 0x00000000c3100000|  0%| F|  |TAMS 0x00000000c3000000, 0x00000000c3000000| Untracked 
|  27|0x00000000c3100000, 0x00000000c3100000, 0x00000000c3200000|  0%| F|  |TAMS 0x00000000c3100000, 0x00000000c3100000| Untracked 
|  28|0x00000000c3200000, 0x00000000c3200000, 0x00000000c3300000|  0%| F|  |TAMS 0x00000000c3200000, 0x00000000c3200000| Untracked 
|  29|0x00000000c3300000, 0x00000000c3300000, 0x00000000c3400000|  0%| F|  |TAMS 0x00000000c3300000, 0x00000000c3300000| Untracked 
|  30|0x00000000c3400000, 0x00000000c3400000, 0x00000000c3500000|  0%| F|  |TAMS 0x00000000c3400000, 0x00000000c3400000| Untracked 
|  31|0x00000000c3500000, 0x00000000c3500000, 0x00000000c3600000|  0%| F|  |TAMS 0x00000000c3500000, 0x00000000c3500000| Untracked 
|  32|0x00000000c3600000, 0x00000000c3600000, 0x00000000c3700000|  0%| F|  |TAMS 0x00000000c3600000, 0x00000000c3600000| Untracked 
|  33|0x00000000c3700000, 0x00000000c3700000, 0x00000000c3800000|  0%| F|  |TAMS 0x00000000c3700000, 0x00000000c3700000| Untracked 
|  34|0x00000000c3800000, 0x00000000c3800000, 0x00000000c3900000|  0%| F|  |TAMS 0x00000000c3800000, 0x00000000c3800000| Untracked 
|  35|0x00000000c3900000, 0x00000000c3900000, 0x00000000c3a00000|  0%| F|  |TAMS 0x00000000c3900000, 0x00000000c3900000| Untracked 
|  36|0x00000000c3a00000, 0x00000000c3a00000, 0x00000000c3b00000|  0%| F|  |TAMS 0x00000000c3a00000, 0x00000000c3a00000| Untracked 
|  37|0x00000000c3b00000, 0x00000000c3b00000, 0x00000000c3c00000|  0%| F|  |TAMS 0x00000000c3b00000, 0x00000000c3b00000| Untracked 
|  38|0x00000000c3c00000, 0x00000000c3c00000, 0x00000000c3d00000|  0%| F|  |TAMS 0x00000000c3c00000, 0x00000000c3c00000| Untracked 
|  39|0x00000000c3d00000, 0x00000000c3d00000, 0x00000000c3e00000|  0%| F|  |TAMS 0x00000000c3d00000, 0x00000000c3d00000| Untracked 
|  40|0x00000000c3e00000, 0x00000000c3e00000, 0x00000000c3f00000|  0%| F|  |TAMS 0x00000000c3e00000, 0x00000000c3e00000| Untracked 
|  41|0x00000000c3f00000, 0x00000000c3f00000, 0x00000000c4000000|  0%| F|  |TAMS 0x00000000c3f00000, 0x00000000c3f00000| Untracked 
|  42|0x00000000c4000000, 0x00000000c4000000, 0x00000000c4100000|  0%| F|  |TAMS 0x00000000c4000000, 0x00000000c4000000| Untracked 
|  43|0x00000000c4100000, 0x00000000c4100000, 0x00000000c4200000|  0%| F|  |TAMS 0x00000000c4100000, 0x00000000c4100000| Untracked 
|  44|0x00000000c4200000, 0x00000000c4200000, 0x00000000c4300000|  0%| F|  |TAMS 0x00000000c4200000, 0x00000000c4200000| Untracked 
|  45|0x00000000c4300000, 0x00000000c4300000, 0x00000000c4400000|  0%| F|  |TAMS 0x00000000c4300000, 0x00000000c4300000| Untracked 
|  46|0x00000000c4400000, 0x00000000c4400000, 0x00000000c4500000|  0%| F|  |TAMS 0x00000000c4400000, 0x00000000c4400000| Untracked 
|  47|0x00000000c4500000, 0x00000000c4500000, 0x00000000c4600000|  0%| F|  |TAMS 0x00000000c4500000, 0x00000000c4500000| Untracked 
|  48|0x00000000c4600000, 0x00000000c4600000, 0x00000000c4700000|  0%| F|  |TAMS 0x00000000c4600000, 0x00000000c4600000| Untracked 
|  49|0x00000000c4700000, 0x00000000c4700000, 0x00000000c4800000|  0%| F|  |TAMS 0x00000000c4700000, 0x00000000c4700000| Untracked 
|  50|0x00000000c4800000, 0x00000000c4900000, 0x00000000c4900000|100%|HS|  |TAMS 0x00000000c4900000, 0x00000000c4800000| Complete 
|  51|0x00000000c4900000, 0x00000000c4a00000, 0x00000000c4a00000|100%|HC|  |TAMS 0x00000000c4a00000, 0x00000000c4900000| Complete 
|  52|0x00000000c4a00000, 0x00000000c4b00000, 0x00000000c4b00000|100%|HC|  |TAMS 0x00000000c4b00000, 0x00000000c4a00000| Complete 
|  53|0x00000000c4b00000, 0x00000000c4c00000, 0x00000000c4c00000|100%|HC|  |TAMS 0x00000000c4c00000, 0x00000000c4b00000| Complete 
|  54|0x00000000c4c00000, 0x00000000c4d00000, 0x00000000c4d00000|100%|HC|  |TAMS 0x00000000c4d00000, 0x00000000c4c00000| Complete 
|  55|0x00000000c4d00000, 0x00000000c4e00000, 0x00000000c4e00000|100%|HC|  |TAMS 0x00000000c4e00000, 0x00000000c4d00000| Complete 
|  56|0x00000000c4e00000, 0x00000000c4f00000, 0x00000000c4f00000|100%|HC|  |TAMS 0x00000000c4f00000, 0x00000000c4e00000| Complete 
|  57|0x00000000c4f00000, 0x00000000c5000000, 0x00000000c5000000|100%|HC|  |TAMS 0x00000000c5000000, 0x00000000c4f00000| Complete 
|  58|0x00000000c5000000, 0x00000000c5100000, 0x00000000c5100000|100%|HC|  |TAMS 0x00000000c5100000, 0x00000000c5000000| Complete 
|  59|0x00000000c5100000, 0x00000000c5200000, 0x00000000c5200000|100%|HC|  |TAMS 0x00000000c5200000, 0x00000000c5100000| Complete 
|  60|0x00000000c5200000, 0x00000000c5300000, 0x00000000c5300000|100%|HC|  |TAMS 0x00000000c5300000, 0x00000000c5200000| Complete 
|  61|0x00000000c5300000, 0x00000000c5400000, 0x00000000c5400000|100%|HC|  |TAMS 0x00000000c5400000, 0x00000000c5300000| Complete 
|  62|0x00000000c5400000, 0x00000000c5500000, 0x00000000c5500000|100%|HC|  |TAMS 0x00000000c5500000, 0x00000000c5400000| Complete 
|  63|0x00000000c5500000, 0x00000000c5600000, 0x00000000c5600000|100%|HC|  |TAMS 0x00000000c5600000, 0x00000000c5500000| Complete 
|  64|0x00000000c5600000, 0x00000000c5700000, 0x00000000c5700000|100%|HC|  |TAMS 0x00000000c5700000, 0x00000000c5600000| Complete 
|  65|0x00000000c5700000, 0x00000000c5800000, 0x00000000c5800000|100%|HC|  |TAMS 0x00000000c5800000, 0x00000000c5700000| Complete 
|  66|0x00000000c5800000, 0x00000000c5900000, 0x00000000c5900000|100%|HC|  |TAMS 0x00000000c5900000, 0x00000000c5800000| Complete 
|  67|0x00000000c5900000, 0x00000000c5a00000, 0x00000000c5a00000|100%|HC|  |TAMS 0x00000000c5a00000, 0x00000000c5900000| Complete 
|  68|0x00000000c5a00000, 0x00000000c5b00000, 0x00000000c5b00000|100%|HC|  |TAMS 0x00000000c5b00000, 0x00000000c5a00000| Complete 
|  69|0x00000000c5b00000, 0x00000000c5c00000, 0x00000000c5c00000|100%|HC|  |TAMS 0x00000000c5c00000, 0x00000000c5b00000| Complete 
|  70|0x00000000c5c00000, 0x00000000c5d00000, 0x00000000c5d00000|100%|HC|  |TAMS 0x00000000c5d00000, 0x00000000c5c00000| Complete 
|  71|0x00000000c5d00000, 0x00000000c5e00000, 0x00000000c5e00000|100%|HC|  |TAMS 0x00000000c5e00000, 0x00000000c5d00000| Complete 
|  72|0x00000000c5e00000, 0x00000000c5f00000, 0x00000000c5f00000|100%|HC|  |TAMS 0x00000000c5f00000, 0x00000000c5e00000| Complete 
|  73|0x00000000c5f00000, 0x00000000c6000000, 0x00000000c6000000|100%|HC|  |TAMS 0x00000000c6000000, 0x00000000c5f00000| Complete 
|  74|0x00000000c6000000, 0x00000000c6100000, 0x00000000c6100000|100%|HC|  |TAMS 0x00000000c6100000, 0x00000000c6000000| Complete 
|  75|0x00000000c6100000, 0x00000000c6200000, 0x00000000c6200000|100%|HC|  |TAMS 0x00000000c6200000, 0x00000000c6100000| Complete 
|  76|0x00000000c6200000, 0x00000000c6300000, 0x00000000c6300000|100%|HC|  |TAMS 0x00000000c6300000, 0x00000000c6200000| Complete 
|  77|0x00000000c6300000, 0x00000000c6400000, 0x00000000c6400000|100%|HC|  |TAMS 0x00000000c6400000, 0x00000000c6300000| Complete 
|  78|0x00000000c6400000, 0x00000000c6500000, 0x00000000c6500000|100%|HC|  |TAMS 0x00000000c6500000, 0x00000000c6400000| Complete 
|  79|0x00000000c6500000, 0x00000000c6600000, 0x00000000c6600000|100%|HC|  |TAMS 0x00000000c6600000, 0x00000000c6500000| Complete 
|  80|0x00000000c6600000, 0x00000000c6700000, 0x00000000c6700000|100%|HC|  |TAMS 0x00000000c6700000, 0x00000000c6600000| Complete 
|  81|0x00000000c6700000, 0x00000000c6800000, 0x00000000c6800000|100%|HC|  |TAMS 0x00000000c6800000, 0x00000000c6700000| Complete 
|  82|0x00000000c6800000, 0x00000000c6900000, 0x00000000c6900000|100%|HC|  |TAMS 0x00000000c6900000, 0x00000000c6800000| Complete 
|  83|0x00000000c6900000, 0x00000000c6a00000, 0x00000000c6a00000|100%|HC|  |TAMS 0x00000000c6a00000, 0x00000000c6900000| Complete 
|  84|0x00000000c6a00000, 0x00000000c6b00000, 0x00000000c6b00000|100%|HC|  |TAMS 0x00000000c6b00000, 0x00000000c6a00000| Complete 
|  85|0x00000000c6b00000, 0x00000000c6c00000, 0x00000000c6c00000|100%|HC|  |TAMS 0x00000000c6c00000, 0x00000000c6b00000| Complete 
|  86|0x00000000c6c00000, 0x00000000c6d00000, 0x00000000c6d00000|100%|HC|  |TAMS 0x00000000c6d00000, 0x00000000c6c00000| Complete 
|  87|0x00000000c6d00000, 0x00000000c6e00000, 0x00000000c6e00000|100%|HC|  |TAMS 0x00000000c6e00000, 0x00000000c6d00000| Complete 
|  88|0x00000000c6e00000, 0x00000000c6f00000, 0x00000000c6f00000|100%|HC|  |TAMS 0x00000000c6f00000, 0x00000000c6e00000| Complete 
|  89|0x00000000c6f00000, 0x00000000c7000000, 0x00000000c7000000|100%|HC|  |TAMS 0x00000000c7000000, 0x00000000c6f00000| Complete 
|  90|0x00000000c7000000, 0x00000000c7100000, 0x00000000c7100000|100%|HC|  |TAMS 0x00000000c7100000, 0x00000000c7000000| Complete 
|  91|0x00000000c7100000, 0x00000000c7200000, 0x00000000c7200000|100%|HC|  |TAMS 0x00000000c7200000, 0x00000000c7100000| Complete 
|  92|0x00000000c7200000, 0x00000000c7300000, 0x00000000c7300000|100%|HC|  |TAMS 0x00000000c7300000, 0x00000000c7200000| Complete 
|  93|0x00000000c7300000, 0x00000000c7400000, 0x00000000c7400000|100%|HC|  |TAMS 0x00000000c7400000, 0x00000000c7300000| Complete 
|  94|0x00000000c7400000, 0x00000000c7500000, 0x00000000c7500000|100%|HC|  |TAMS 0x00000000c7500000, 0x00000000c7400000| Complete 
|  95|0x00000000c7500000, 0x00000000c7600000, 0x00000000c7600000|100%|HC|  |TAMS 0x00000000c7600000, 0x00000000c7500000| Complete 
|  96|0x00000000c7600000, 0x00000000c7700000, 0x00000000c7700000|100%|HC|  |TAMS 0x00000000c7700000, 0x00000000c7600000| Complete 
|  97|0x00000000c7700000, 0x00000000c7800000, 0x00000000c7800000|100%|HC|  |TAMS 0x00000000c7800000, 0x00000000c7700000| Complete 
|  98|0x00000000c7800000, 0x00000000c7900000, 0x00000000c7900000|100%|HC|  |TAMS 0x00000000c7900000, 0x00000000c7800000| Complete 
|  99|0x00000000c7900000, 0x00000000c7a00000, 0x00000000c7a00000|100%|HC|  |TAMS 0x00000000c7a00000, 0x00000000c7900000| Complete 
| 100|0x00000000c7a00000, 0x00000000c7b00000, 0x00000000c7b00000|100%|HC|  |TAMS 0x00000000c7b00000, 0x00000000c7a00000| Complete 
| 101|0x00000000c7b00000, 0x00000000c7c00000, 0x00000000c7c00000|100%|HC|  |TAMS 0x00000000c7c00000, 0x00000000c7b00000| Complete 
| 102|0x00000000c7c00000, 0x00000000c7d00000, 0x00000000c7d00000|100%|HC|  |TAMS 0x00000000c7d00000, 0x00000000c7c00000| Complete 
| 103|0x00000000c7d00000, 0x00000000c7e00000, 0x00000000c7e00000|100%|HC|  |TAMS 0x00000000c7e00000, 0x00000000c7d00000| Complete 
| 104|0x00000000c7e00000, 0x00000000c7f00000, 0x00000000c7f00000|100%|HC|  |TAMS 0x00000000c7f00000, 0x00000000c7e00000| Complete 
| 105|0x00000000c7f00000, 0x00000000c8000000, 0x00000000c8000000|100%|HC|  |TAMS 0x00000000c8000000, 0x00000000c7f00000| Complete 
| 106|0x00000000c8000000, 0x00000000c8100000, 0x00000000c8100000|100%|HC|  |TAMS 0x00000000c8100000, 0x00000000c8000000| Complete 
| 107|0x00000000c8100000, 0x00000000c8200000, 0x00000000c8200000|100%|HC|  |TAMS 0x00000000c8200000, 0x00000000c8100000| Complete 
| 108|0x00000000c8200000, 0x00000000c8300000, 0x00000000c8300000|100%|HC|  |TAMS 0x00000000c8300000, 0x00000000c8200000| Complete 
| 109|0x00000000c8300000, 0x00000000c8400000, 0x00000000c8400000|100%|HC|  |TAMS 0x00000000c8400000, 0x00000000c8300000| Complete 
| 110|0x00000000c8400000, 0x00000000c8500000, 0x00000000c8500000|100%|HC|  |TAMS 0x00000000c8500000, 0x00000000c8400000| Complete 
| 111|0x00000000c8500000, 0x00000000c8600000, 0x00000000c8600000|100%|HC|  |TAMS 0x00000000c8600000, 0x00000000c8500000| Complete 
| 112|0x00000000c8600000, 0x00000000c8700000, 0x00000000c8700000|100%|HC|  |TAMS 0x00000000c8700000, 0x00000000c8600000| Complete 
| 113|0x00000000c8700000, 0x00000000c8800000, 0x00000000c8800000|100%|HC|  |TAMS 0x00000000c8800000, 0x00000000c8700000| Complete 
| 114|0x00000000c8800000, 0x00000000c8900000, 0x00000000c8900000|100%|HC|  |TAMS 0x00000000c8900000, 0x00000000c8800000| Complete 
| 115|0x00000000c8900000, 0x00000000c8a00000, 0x00000000c8a00000|100%|HC|  |TAMS 0x00000000c8a00000, 0x00000000c8900000| Complete 
| 116|0x00000000c8a00000, 0x00000000c8b00000, 0x00000000c8b00000|100%|HC|  |TAMS 0x00000000c8b00000, 0x00000000c8a00000| Complete 
| 117|0x00000000c8b00000, 0x00000000c8c00000, 0x00000000c8c00000|100%|HC|  |TAMS 0x00000000c8c00000, 0x00000000c8b00000| Complete 
| 118|0x00000000c8c00000, 0x00000000c8d00000, 0x00000000c8d00000|100%|HC|  |TAMS 0x00000000c8d00000, 0x00000000c8c00000| Complete 
| 119|0x00000000c8d00000, 0x00000000c8e00000, 0x00000000c8e00000|100%|HC|  |TAMS 0x00000000c8e00000, 0x00000000c8d00000| Complete 
| 120|0x00000000c8e00000, 0x00000000c8f00000, 0x00000000c8f00000|100%|HC|  |TAMS 0x00000000c8f00000, 0x00000000c8e00000| Complete 
| 121|0x00000000c8f00000, 0x00000000c9000000, 0x00000000c9000000|100%|HC|  |TAMS 0x00000000c9000000, 0x00000000c8f00000| Complete 
| 122|0x00000000c9000000, 0x00000000c9100000, 0x00000000c9100000|100%|HC|  |TAMS 0x00000000c9100000, 0x00000000c9000000| Complete 
| 123|0x00000000c9100000, 0x00000000c9200000, 0x00000000c9200000|100%|HC|  |TAMS 0x00000000c9200000, 0x00000000c9100000| Complete 
| 124|0x00000000c9200000, 0x00000000c9300000, 0x00000000c9300000|100%|HC|  |TAMS 0x00000000c9300000, 0x00000000c9200000| Complete 
| 125|0x00000000c9300000, 0x00000000c9400000, 0x00000000c9400000|100%|HC|  |TAMS 0x00000000c9400000, 0x00000000c9300000| Complete 
| 126|0x00000000c9400000, 0x00000000c9500000, 0x00000000c9500000|100%|HC|  |TAMS 0x00000000c9500000, 0x00000000c9400000| Complete 
| 127|0x00000000c9500000, 0x00000000c9600000, 0x00000000c9600000|100%|HC|  |TAMS 0x00000000c9600000, 0x00000000c9500000| Complete 
| 128|0x00000000c9600000, 0x00000000c9700000, 0x00000000c9700000|100%|HC|  |TAMS 0x00000000c9700000, 0x00000000c9600000| Complete 
| 129|0x00000000c9700000, 0x00000000c9800000, 0x00000000c9800000|100%|HC|  |TAMS 0x00000000c9800000, 0x00000000c9700000| Complete 
| 130|0x00000000c9800000, 0x00000000c9900000, 0x00000000c9900000|100%|HC|  |TAMS 0x00000000c9900000, 0x00000000c9800000| Complete 
| 131|0x00000000c9900000, 0x00000000c9a00000, 0x00000000c9a00000|100%|HC|  |TAMS 0x00000000c9a00000, 0x00000000c9900000| Complete 
| 132|0x00000000c9a00000, 0x00000000c9b00000, 0x00000000c9b00000|100%|HC|  |TAMS 0x00000000c9b00000, 0x00000000c9a00000| Complete 
| 133|0x00000000c9b00000, 0x00000000c9c00000, 0x00000000c9c00000|100%|HC|  |TAMS 0x00000000c9c00000, 0x00000000c9b00000| Complete 
| 134|0x00000000c9c00000, 0x00000000c9d00000, 0x00000000c9d00000|100%|HC|  |TAMS 0x00000000c9d00000, 0x00000000c9c00000| Complete 
| 135|0x00000000c9d00000, 0x00000000c9e00000, 0x00000000c9e00000|100%|HC|  |TAMS 0x00000000c9e00000, 0x00000000c9d00000| Complete 
| 136|0x00000000c9e00000, 0x00000000c9f00000, 0x00000000c9f00000|100%|HC|  |TAMS 0x00000000c9f00000, 0x00000000c9e00000| Complete 
| 137|0x00000000c9f00000, 0x00000000ca000000, 0x00000000ca000000|100%|HC|  |TAMS 0x00000000ca000000, 0x00000000c9f00000| Complete 
| 138|0x00000000ca000000, 0x00000000ca100000, 0x00000000ca100000|100%|HC|  |TAMS 0x00000000ca100000, 0x00000000ca000000| Complete 
| 139|0x00000000ca100000, 0x00000000ca200000, 0x00000000ca200000|100%|HC|  |TAMS 0x00000000ca200000, 0x00000000ca100000| Complete 
| 140|0x00000000ca200000, 0x00000000ca300000, 0x00000000ca300000|100%|HC|  |TAMS 0x00000000ca300000, 0x00000000ca200000| Complete 
| 141|0x00000000ca300000, 0x00000000ca400000, 0x00000000ca400000|100%|HC|  |TAMS 0x00000000ca400000, 0x00000000ca300000| Complete 
| 142|0x00000000ca400000, 0x00000000ca500000, 0x00000000ca500000|100%|HC|  |TAMS 0x00000000ca500000, 0x00000000ca400000| Complete 
| 143|0x00000000ca500000, 0x00000000ca600000, 0x00000000ca600000|100%|HC|  |TAMS 0x00000000ca600000, 0x00000000ca500000| Complete 
| 144|0x00000000ca600000, 0x00000000ca700000, 0x00000000ca700000|100%|HC|  |TAMS 0x00000000ca700000, 0x00000000ca600000| Complete 
| 145|0x00000000ca700000, 0x00000000ca800000, 0x00000000ca800000|100%|HC|  |TAMS 0x00000000ca800000, 0x00000000ca700000| Complete 
| 146|0x00000000ca800000, 0x00000000ca900000, 0x00000000ca900000|100%|HC|  |TAMS 0x00000000ca900000, 0x00000000ca800000| Complete 
| 147|0x00000000ca900000, 0x00000000caa00000, 0x00000000caa00000|100%|HC|  |TAMS 0x00000000caa00000, 0x00000000ca900000| Complete 
| 148|0x00000000caa00000, 0x00000000cab00000, 0x00000000cab00000|100%|HC|  |TAMS 0x00000000cab00000, 0x00000000caa00000| Complete 
| 149|0x00000000cab00000, 0x00000000cac00000, 0x00000000cac00000|100%|HC|  |TAMS 0x00000000cac00000, 0x00000000cab00000| Complete 
| 150|0x00000000cac00000, 0x00000000cad00000, 0x00000000cad00000|100%|HC|  |TAMS 0x00000000cad00000, 0x00000000cac00000| Complete 
| 151|0x00000000cad00000, 0x00000000cae00000, 0x00000000cae00000|100%|HC|  |TAMS 0x00000000cae00000, 0x00000000cad00000| Complete 
| 152|0x00000000cae00000, 0x00000000caf00000, 0x00000000caf00000|100%|HC|  |TAMS 0x00000000caf00000, 0x00000000cae00000| Complete 
| 153|0x00000000caf00000, 0x00000000cb000000, 0x00000000cb000000|100%|HC|  |TAMS 0x00000000cb000000, 0x00000000caf00000| Complete 
| 154|0x00000000cb000000, 0x00000000cb100000, 0x00000000cb100000|100%|HC|  |TAMS 0x00000000cb100000, 0x00000000cb000000| Complete 
| 155|0x00000000cb100000, 0x00000000cb200000, 0x00000000cb200000|100%|HC|  |TAMS 0x00000000cb200000, 0x00000000cb100000| Complete 
| 156|0x00000000cb200000, 0x00000000cb300000, 0x00000000cb300000|100%|HC|  |TAMS 0x00000000cb300000, 0x00000000cb200000| Complete 
| 157|0x00000000cb300000, 0x00000000cb400000, 0x00000000cb400000|100%|HC|  |TAMS 0x00000000cb400000, 0x00000000cb300000| Complete 
| 158|0x00000000cb400000, 0x00000000cb500000, 0x00000000cb500000|100%|HC|  |TAMS 0x00000000cb500000, 0x00000000cb400000| Complete 
| 159|0x00000000cb500000, 0x00000000cb600000, 0x00000000cb600000|100%|HC|  |TAMS 0x00000000cb600000, 0x00000000cb500000| Complete 
| 160|0x00000000cb600000, 0x00000000cb700000, 0x00000000cb700000|100%|HC|  |TAMS 0x00000000cb700000, 0x00000000cb600000| Complete 
| 161|0x00000000cb700000, 0x00000000cb800000, 0x00000000cb800000|100%|HC|  |TAMS 0x00000000cb800000, 0x00000000cb700000| Complete 
| 162|0x00000000cb800000, 0x00000000cb800000, 0x00000000cb900000|  0%| F|  |TAMS 0x00000000cb800000, 0x00000000cb800000| Untracked 
| 163|0x00000000cb900000, 0x00000000cb900000, 0x00000000cba00000|  0%| F|  |TAMS 0x00000000cb900000, 0x00000000cb900000| Untracked 
| 164|0x00000000cba00000, 0x00000000cba00000, 0x00000000cbb00000|  0%| F|  |TAMS 0x00000000cba00000, 0x00000000cba00000| Untracked 
| 165|0x00000000cbb00000, 0x00000000cbb00000, 0x00000000cbc00000|  0%| F|  |TAMS 0x00000000cbb00000, 0x00000000cbb00000| Untracked 
| 166|0x00000000cbc00000, 0x00000000cbc00000, 0x00000000cbd00000|  0%| F|  |TAMS 0x00000000cbc00000, 0x00000000cbc00000| Untracked 
| 167|0x00000000cbd00000, 0x00000000cbd00000, 0x00000000cbe00000|  0%| F|  |TAMS 0x00000000cbd00000, 0x00000000cbd00000| Untracked 
| 168|0x00000000cbe00000, 0x00000000cbe00000, 0x00000000cbf00000|  0%| F|  |TAMS 0x00000000cbe00000, 0x00000000cbe00000| Untracked 
| 169|0x00000000cbf00000, 0x00000000cbf00000, 0x00000000cc000000|  0%| F|  |TAMS 0x00000000cbf00000, 0x00000000cbf00000| Untracked 
| 170|0x00000000cc000000, 0x00000000cc000000, 0x00000000cc100000|  0%| F|  |TAMS 0x00000000cc000000, 0x00000000cc000000| Untracked 
| 171|0x00000000cc100000, 0x00000000cc100000, 0x00000000cc200000|  0%| F|  |TAMS 0x00000000cc100000, 0x00000000cc100000| Untracked 
| 172|0x00000000cc200000, 0x00000000cc200000, 0x00000000cc300000|  0%| F|  |TAMS 0x00000000cc200000, 0x00000000cc200000| Untracked 
| 173|0x00000000cc300000, 0x00000000cc300000, 0x00000000cc400000|  0%| F|  |TAMS 0x00000000cc300000, 0x00000000cc300000| Untracked 
| 174|0x00000000cc400000, 0x00000000cc400000, 0x00000000cc500000|  0%| F|  |TAMS 0x00000000cc400000, 0x00000000cc400000| Untracked 
| 175|0x00000000cc500000, 0x00000000cc500000, 0x00000000cc600000|  0%| F|  |TAMS 0x00000000cc500000, 0x00000000cc500000| Untracked 
| 176|0x00000000cc600000, 0x00000000cc600000, 0x00000000cc700000|  0%| F|  |TAMS 0x00000000cc600000, 0x00000000cc600000| Untracked 
| 177|0x00000000cc700000, 0x00000000cc700000, 0x00000000cc800000|  0%| F|  |TAMS 0x00000000cc700000, 0x00000000cc700000| Untracked 
| 178|0x00000000cc800000, 0x00000000cc800000, 0x00000000cc900000|  0%| F|  |TAMS 0x00000000cc800000, 0x00000000cc800000| Untracked 
| 179|0x00000000cc900000, 0x00000000cc900000, 0x00000000cca00000|  0%| F|  |TAMS 0x00000000cc900000, 0x00000000cc900000| Untracked 
| 180|0x00000000cca00000, 0x00000000cca00000, 0x00000000ccb00000|  0%| F|  |TAMS 0x00000000cca00000, 0x00000000cca00000| Untracked 
| 181|0x00000000ccb00000, 0x00000000ccb00000, 0x00000000ccc00000|  0%| F|  |TAMS 0x00000000ccb00000, 0x00000000ccb00000| Untracked 
| 182|0x00000000ccc00000, 0x00000000ccc00000, 0x00000000ccd00000|  0%| F|  |TAMS 0x00000000ccc00000, 0x00000000ccc00000| Untracked 
| 183|0x00000000ccd00000, 0x00000000ccd00000, 0x00000000cce00000|  0%| F|  |TAMS 0x00000000ccd00000, 0x00000000ccd00000| Untracked 
| 184|0x00000000cce00000, 0x00000000cce00000, 0x00000000ccf00000|  0%| F|  |TAMS 0x00000000cce00000, 0x00000000cce00000| Untracked 
| 185|0x00000000ccf00000, 0x00000000ccf00000, 0x00000000cd000000|  0%| F|  |TAMS 0x00000000ccf00000, 0x00000000ccf00000| Untracked 
| 186|0x00000000cd000000, 0x00000000cd000000, 0x00000000cd100000|  0%| F|  |TAMS 0x00000000cd000000, 0x00000000cd000000| Untracked 
| 187|0x00000000cd100000, 0x00000000cd100000, 0x00000000cd200000|  0%| F|  |TAMS 0x00000000cd100000, 0x00000000cd100000| Untracked 
| 188|0x00000000cd200000, 0x00000000cd200000, 0x00000000cd300000|  0%| F|  |TAMS 0x00000000cd200000, 0x00000000cd200000| Untracked 
| 189|0x00000000cd300000, 0x00000000cd300000, 0x00000000cd400000|  0%| F|  |TAMS 0x00000000cd300000, 0x00000000cd300000| Untracked 
| 190|0x00000000cd400000, 0x00000000cd400000, 0x00000000cd500000|  0%| F|  |TAMS 0x00000000cd400000, 0x00000000cd400000| Untracked 
| 191|0x00000000cd500000, 0x00000000cd500000, 0x00000000cd600000|  0%| F|  |TAMS 0x00000000cd500000, 0x00000000cd500000| Untracked 
| 192|0x00000000cd600000, 0x00000000cd600000, 0x00000000cd700000|  0%| F|  |TAMS 0x00000000cd600000, 0x00000000cd600000| Untracked 
| 193|0x00000000cd700000, 0x00000000cd700000, 0x00000000cd800000|  0%| F|  |TAMS 0x00000000cd700000, 0x00000000cd700000| Untracked 
| 194|0x00000000cd800000, 0x00000000cd800000, 0x00000000cd900000|  0%| F|  |TAMS 0x00000000cd800000, 0x00000000cd800000| Untracked 
| 195|0x00000000cd900000, 0x00000000cd900000, 0x00000000cda00000|  0%| F|  |TAMS 0x00000000cd900000, 0x00000000cd900000| Untracked 
| 196|0x00000000cda00000, 0x00000000cda00000, 0x00000000cdb00000|  0%| F|  |TAMS 0x00000000cda00000, 0x00000000cda00000| Untracked 
| 197|0x00000000cdb00000, 0x00000000cdb00000, 0x00000000cdc00000|  0%| F|  |TAMS 0x00000000cdb00000, 0x00000000cdb00000| Untracked 
| 198|0x00000000cdc00000, 0x00000000cdc00000, 0x00000000cdd00000|  0%| F|  |TAMS 0x00000000cdc00000, 0x00000000cdc00000| Untracked 
| 199|0x00000000cdd00000, 0x00000000cdd00000, 0x00000000cde00000|  0%| F|  |TAMS 0x00000000cdd00000, 0x00000000cdd00000| Untracked 
| 200|0x00000000cde00000, 0x00000000cde00000, 0x00000000cdf00000|  0%| F|  |TAMS 0x00000000cde00000, 0x00000000cde00000| Untracked 
| 201|0x00000000cdf00000, 0x00000000cdf00000, 0x00000000ce000000|  0%| F|  |TAMS 0x00000000cdf00000, 0x00000000cdf00000| Untracked 
| 202|0x00000000ce000000, 0x00000000ce100000, 0x00000000ce100000|100%| E|CS|TAMS 0x00000000ce000000, 0x00000000ce000000| Complete 
| 203|0x00000000ce100000, 0x00000000ce1a0be0, 0x00000000ce200000| 62%| S|CS|TAMS 0x00000000ce100000, 0x00000000ce100000| Complete 
| 204|0x00000000ce200000, 0x00000000ce200000, 0x00000000ce300000|  0%| F|  |TAMS 0x00000000ce200000, 0x00000000ce200000| Untracked 
| 205|0x00000000ce300000, 0x00000000ce300000, 0x00000000ce400000|  0%| F|  |TAMS 0x00000000ce300000, 0x00000000ce300000| Untracked 
| 206|0x00000000ce400000, 0x00000000ce400000, 0x00000000ce500000|  0%| F|  |TAMS 0x00000000ce400000, 0x00000000ce400000| Untracked 
| 207|0x00000000ce500000, 0x00000000ce500000, 0x00000000ce600000|  0%| F|  |TAMS 0x00000000ce500000, 0x00000000ce500000| Untracked 
| 208|0x00000000ce600000, 0x00000000ce600000, 0x00000000ce700000|  0%| F|  |TAMS 0x00000000ce600000, 0x00000000ce600000| Untracked 
| 209|0x00000000ce700000, 0x00000000ce7da0d8, 0x00000000ce800000| 85%| E|  |TAMS 0x00000000ce700000, 0x00000000ce700000| Complete 

Card table byte_map: [0x000001daea0c0000,0x000001daea2c0000] _byte_map_base: 0x000001dae9ab5000

Marking Bits (Prev, Next): (CMBitMap*) 0x000001dad29f1a38, (CMBitMap*) 0x000001dad29f1a78
 Prev Bits: [0x000001daea4c0000, 0x000001daeb468000)
 Next Bits: [0x000001daeb470000, 0x000001daec418000)

Polling page: 0x000001dad0850000

Metaspace:

Usage:
  Non-class:     10.21 MB capacity,     9.99 MB ( 98%) used,   202.09 KB (  2%) free+waste,    25.63 KB ( <1%) overhead. 
      Class:      1.28 MB capacity,     1.15 MB ( 90%) used,   116.20 KB (  9%) free+waste,    14.81 KB (  1%) overhead. 
       Both:     11.49 MB capacity,    11.14 MB ( 97%) used,   318.30 KB (  3%) free+waste,    40.44 KB ( <1%) overhead. 

Virtual space:
  Non-class space:       12.00 MB reserved,      10.25 MB ( 85%) committed 
      Class space:        1.00 GB reserved,       1.38 MB ( <1%) committed 
             Both:        1.01 GB reserved,      11.63 MB (  1%) committed 

Chunk freelists:
   Non-Class:  42.00 KB
       Class:  3.00 KB
        Both:  45.00 KB

MaxMetaspaceSize: 17179869184.00 GB
CompressedClassSpaceSize: 1.00 GB

CodeHeap 'non-profiled nmethods': size=120000Kb used=788Kb max_used=788Kb free=119211Kb
 bounds [0x000001dae2990000, 0x000001dae2c00000, 0x000001dae9ec0000]
CodeHeap 'profiled nmethods': size=120000Kb used=4952Kb max_used=4952Kb free=115047Kb
 bounds [0x000001dadb460000, 0x000001dadb940000, 0x000001dae2990000]
CodeHeap 'non-nmethods': size=5760Kb used=1345Kb max_used=1373Kb free=4414Kb
 bounds [0x000001dadaec0000, 0x000001dadb130000, 0x000001dadb460000]
 total_blobs=3613 nmethods=2250 adapters=554
 compilation: enabled
              stopped_count=0, restarted_count=0
 full_count=0

Compilation events (20 events):
Event: 7.507 Thread 0x000001daee9d3800 nmethod 2277 0x000001dadb92d190 code [0x000001dadb92d420, 0x000001dadb92df90]
Event: 7.507 Thread 0x000001daee9d3800 2279       3       java.awt.EventDispatchThread$HierarchyEventFilter::acceptEvent (225 bytes)
Event: 7.510 Thread 0x000001daee9d3800 nmethod 2279 0x000001dadb92e610 code [0x000001dadb92e880, 0x000001dadb92fbb0]
Event: 7.510 Thread 0x000001daee9d3800 2280       3       sun.awt.dnd.SunDragSourceContextPeer::checkEvent (29 bytes)
Event: 7.510 Thread 0x000001daee9d3800 nmethod 2280 0x000001dadb92fe90 code [0x000001dadb930060, 0x000001dadb930598]
Event: 7.596 Thread 0x000001daee9d3800 2281   !   3       java.awt.Container::findComponentAt (42 bytes)
Event: 7.596 Thread 0x000001daee9d3800 nmethod 2281 0x000001dadb930610 code [0x000001dadb9307e0, 0x000001dadb930d80]
Event: 7.718 Thread 0x000001daee9d3800 2282       3       java.util.concurrent.locks.AbstractQueuedSynchronizer::isOnSyncQueue (33 bytes)
Event: 7.719 Thread 0x000001daee9d3800 nmethod 2282 0x000001dadb930f10 code [0x000001dadb9310e0, 0x000001dadb9314b8]
Event: 7.719 Thread 0x000001daee9d3800 2283       3       java.util.concurrent.locks.LockSupport::setBlocker (12 bytes)
Event: 7.719 Thread 0x000001daee9d3800 nmethod 2283 0x000001dadb931610 code [0x000001dadb9317c0, 0x000001dadb931958]
Event: 7.859 Thread 0x000001daee9ce800 2284       4       java.util.ArrayList::iterator (9 bytes)
Event: 7.863 Thread 0x000001daee9ce800 nmethod 2284 0x000001dae2a54f10 code [0x000001dae2a550a0, 0x000001dae2a55198]
Event: 7.892 Thread 0x000001daee9d3800 2285       3       java.awt.EventQueue::setCurrentEventAndMostRecentTime (8 bytes)
Event: 7.893 Thread 0x000001daee9d3800 nmethod 2285 0x000001dadb931a10 code [0x000001dadb931be0, 0x000001dadb931eb0]
Event: 7.916 Thread 0x000001daee9d3800 2286       3       java.awt.LightweightDispatcher::retargetMouseEvent (372 bytes)
Event: 7.923 Thread 0x000001daee9d3800 nmethod 2286 0x000001dadb932010 code [0x000001dadb932420, 0x000001dadb935210]
Event: 7.925 Thread 0x000001daee9d3800 2287       3       sun.awt.SunToolkit::isTouchKeyboardAutoShowEnabled (4 bytes)
Event: 7.925 Thread 0x000001daee9d3800 nmethod 2287 0x000001dadb935d90 code [0x000001dadb935f20, 0x000001dadb936078]
Event: 26.677 Thread 0x000001daee9d3800 2288   !   3       java.awt.DefaultKeyboardFocusManager::dispatchEvent (1621 bytes)

GC Heap History (14 events):
Event: 1.398 GC heap before
{Heap before GC invocations=0 (full 0):
 garbage-first heap   total 65536K, used 14336K [0x00000000c1600000, 0x0000000100000000)
  region size 1024K, 14 young (14336K), 0 survivors (0K)
 Metaspace       used 8924K, capacity 9160K, committed 9344K, reserved 1056768K
  class space    used 954K, capacity 1059K, committed 1152K, reserved 1048576K
}
Event: 1.408 GC heap after
{Heap after GC invocations=1 (full 0):
 garbage-first heap   total 65536K, used 3769K [0x00000000c1600000, 0x0000000100000000)
  region size 1024K, 2 young (2048K), 2 survivors (2048K)
 Metaspace       used 8924K, capacity 9160K, committed 9344K, reserved 1056768K
  class space    used 954K, capacity 1059K, committed 1152K, reserved 1048576K
}
Event: 1.638 GC heap before
{Heap before GC invocations=1 (full 0):
 garbage-first heap   total 65536K, used 9913K [0x00000000c1600000, 0x0000000100000000)
  region size 1024K, 8 young (8192K), 2 survivors (2048K)
 Metaspace       used 9224K, capacity 9512K, committed 9600K, reserved 1058816K
  class space    used 971K, capacity 1091K, committed 1152K, reserved 1048576K
}
Event: 1.646 GC heap after
{Heap after GC invocations=2 (full 0):
 garbage-first heap   total 65536K, used 4051K [0x00000000c1600000, 0x0000000100000000)
  region size 1024K, 1 young (1024K), 1 survivors (1024K)
 Metaspace       used 9224K, capacity 9512K, committed 9600K, reserved 1058816K
  class space    used 971K, capacity 1091K, committed 1152K, reserved 1048576K
}
Event: 2.067 GC heap before
{Heap before GC invocations=2 (full 0):
 garbage-first heap   total 65536K, used 16339K [0x00000000c1600000, 0x0000000100000000)
  region size 1024K, 14 young (14336K), 1 survivors (1024K)
 Metaspace       used 10212K, capacity 10576K, committed 10752K, reserved 1058816K
  class space    used 1067K, capacity 1212K, committed 1280K, reserved 1048576K
}
Event: 2.070 GC heap after
{Heap after GC invocations=3 (full 0):
 garbage-first heap   total 65536K, used 4706K [0x00000000c1600000, 0x0000000100000000)
  region size 1024K, 1 young (1024K), 1 survivors (1024K)
 Metaspace       used 10212K, capacity 10576K, committed 10752K, reserved 1058816K
  class space    used 1067K, capacity 1212K, committed 1280K, reserved 1048576K
}
Event: 2.495 GC heap before
{Heap before GC invocations=4 (full 0):
 garbage-first heap   total 201728K, used 146018K [0x00000000c1600000, 0x0000000100000000)
  region size 1024K, 28 young (28672K), 1 survivors (1024K)
 Metaspace       used 10217K, capacity 10576K, committed 10752K, reserved 1058816K
  class space    used 1067K, capacity 1212K, committed 1280K, reserved 1048576K
}
Event: 2.497 GC heap after
{Heap after GC invocations=5 (full 0):
 garbage-first heap   total 201728K, used 119386K [0x00000000c1600000, 0x0000000100000000)
  region size 1024K, 1 young (1024K), 1 survivors (1024K)
 Metaspace       used 10217K, capacity 10576K, committed 10752K, reserved 1058816K
  class space    used 1067K, capacity 1212K, committed 1280K, reserved 1048576K
}
Event: 3.023 GC heap before
{Heap before GC invocations=5 (full 0):
 garbage-first heap   total 201728K, used 167514K [0x00000000c1600000, 0x0000000100000000)
  region size 1024K, 49 young (50176K), 1 survivors (1024K)
 Metaspace       used 10218K, capacity 10576K, committed 10752K, reserved 1058816K
  class space    used 1067K, capacity 1212K, committed 1280K, reserved 1048576K
}
Event: 3.027 GC heap after
{Heap after GC invocations=6 (full 0):
 garbage-first heap   total 201728K, used 119355K [0x00000000c1600000, 0x0000000100000000)
  region size 1024K, 1 young (1024K), 1 survivors (1024K)
 Metaspace       used 10218K, capacity 10576K, committed 10752K, reserved 1058816K
  class space    used 1067K, capacity 1212K, committed 1280K, reserved 1048576K
}
Event: 3.815 GC heap before
{Heap before GC invocations=7 (full 0):
 garbage-first heap   total 204800K, used 159291K [0x00000000c1600000, 0x0000000100000000)
  region size 1024K, 41 young (41984K), 1 survivors (1024K)
 Metaspace       used 10525K, capacity 10864K, committed 11008K, reserved 1058816K
  class space    used 1108K, capacity 1244K, committed 1280K, reserved 1048576K
}
Event: 3.822 GC heap after
{Heap after GC invocations=8 (full 0):
 garbage-first heap   total 204800K, used 119016K [0x00000000c1600000, 0x0000000100000000)
  region size 1024K, 1 young (1024K), 1 survivors (1024K)
 Metaspace       used 10525K, capacity 10864K, committed 11008K, reserved 1058816K
  class space    used 1108K, capacity 1244K, committed 1280K, reserved 1048576K
}
Event: 4.688 GC heap before
{Heap before GC invocations=9 (full 0):
 garbage-first heap   total 208896K, used 123112K [0x00000000c1600000, 0x0000000100000000)
  region size 1024K, 2 young (2048K), 1 survivors (1024K)
 Metaspace       used 10665K, capacity 10992K, committed 11264K, reserved 1058816K
  class space    used 1124K, capacity 1244K, committed 1280K, reserved 1048576K
}
Event: 4.698 GC heap after
{Heap after GC invocations=10 (full 0):
 garbage-first heap   total 208896K, used 123222K [0x00000000c1600000, 0x0000000100000000)
  region size 1024K, 1 young (1024K), 1 survivors (1024K)
 Metaspace       used 10665K, capacity 10992K, committed 11264K, reserved 1058816K
  class space    used 1124K, capacity 1244K, committed 1280K, reserved 1048576K
}

Deoptimization events (20 events):
Event: 3.382 Thread 0x000001daef7d1000 Uncommon trap: trap_request=0xffffffc6 fr.pc=0x000001dae29f2ef4 relative=0x00000000000003d4
Event: 3.382 Thread 0x000001daef7d1000 Uncommon trap: reason=bimorphic_or_optimized_type_check action=maybe_recompile pc=0x000001dae29f2ef4 method=java.util.ArrayList.indexOfRange(Ljava/lang/Object;II)I @ 54 c2
Event: 3.382 Thread 0x000001daef7d1000 DEOPT PACKING pc=0x000001dae29f2ef4 sp=0x000000811eefe480
Event: 3.382 Thread 0x000001daef7d1000 DEOPT UNPACKING pc=0x000001dadaf0912f sp=0x000000811eefe3f8 mode 2
Event: 3.382 Thread 0x000001daef7d1000 Uncommon trap: trap_request=0xffffffc6 fr.pc=0x000001dae29f2ef4 relative=0x00000000000003d4
Event: 3.382 Thread 0x000001daef7d1000 Uncommon trap: reason=bimorphic_or_optimized_type_check action=maybe_recompile pc=0x000001dae29f2ef4 method=java.util.ArrayList.indexOfRange(Ljava/lang/Object;II)I @ 54 c2
Event: 3.382 Thread 0x000001daef7d1000 DEOPT PACKING pc=0x000001dae29f2ef4 sp=0x000000811eefe480
Event: 3.382 Thread 0x000001daef7d1000 DEOPT UNPACKING pc=0x000001dadaf0912f sp=0x000000811eefe3f8 mode 2
Event: 3.845 Thread 0x000001daef7d1000 Uncommon trap: trap_request=0xffffff45 fr.pc=0x000001dae29f8ae0 relative=0x0000000000001e00
Event: 3.845 Thread 0x000001daef7d1000 Uncommon trap: reason=unstable_if action=reinterpret pc=0x000001dae29f8ae0 method=sun.font.FontDesignMetrics$MetricsKey.equals(Ljava/lang/Object;)Z @ 23 c2
Event: 3.845 Thread 0x000001daef7d1000 DEOPT PACKING pc=0x000001dae29f8ae0 sp=0x000000811eefd690
Event: 3.845 Thread 0x000001daef7d1000 DEOPT UNPACKING pc=0x000001dadaf0912f sp=0x000000811eefd530 mode 2
Event: 3.848 Thread 0x000001daef7d1000 Uncommon trap: trap_request=0xffffff45 fr.pc=0x000001dae2a00f50 relative=0x0000000000000290
Event: 3.848 Thread 0x000001daef7d1000 Uncommon trap: reason=unstable_if action=reinterpret pc=0x000001dae2a00f50 method=sun.font.FontDesignMetrics$MetricsKey.equals(Ljava/lang/Object;)Z @ 23 c2
Event: 3.848 Thread 0x000001daef7d1000 DEOPT PACKING pc=0x000001dae2a00f50 sp=0x000000811eefd450
Event: 3.848 Thread 0x000001daef7d1000 DEOPT UNPACKING pc=0x000001dadaf0912f sp=0x000000811eefd3f0 mode 2
Event: 3.895 Thread 0x000001daef7d1000 Uncommon trap: trap_request=0xffffff45 fr.pc=0x000001dae29df158 relative=0x0000000000000478
Event: 3.895 Thread 0x000001daef7d1000 Uncommon trap: reason=unstable_if action=reinterpret pc=0x000001dae29df158 method=java.util.concurrent.ConcurrentHashMap.get(Ljava/lang/Object;)Ljava/lang/Object; @ 76 c2
Event: 3.895 Thread 0x000001daef7d1000 DEOPT PACKING pc=0x000001dae29df158 sp=0x000000811eefd4d0
Event: 3.896 Thread 0x000001daef7d1000 DEOPT UNPACKING pc=0x000001dadaf0912f sp=0x000000811eefd478 mode 2

Classes unloaded (0 events):
No events

Classes redefined (0 events):
No events

Internal exceptions (17 events):
Event: 0.282 Thread 0x000001dad29bf800 Exception <a 'java/lang/ClassNotFoundException'{0x00000000c54aed90}: sun/awt/resources/spi/awtProvider> (0x00000000c54aed90) 
thrown [t:/workspace/open/src/hotspot/share/classfile/systemDictionary.cpp, line 232]
Event: 0.319 Thread 0x000001dad29bf800 Exception <a 'java/io/FileNotFoundException'{0x00000000c5306558}> (0x00000000c5306558) 
thrown [t:/workspace/open/src/hotspot/share/prims/jni.cpp, line 598]
Event: 0.331 Thread 0x000001dad29bf800 Exception <a 'java/io/FileNotFoundException'{0x00000000c532cb38}> (0x00000000c532cb38) 
thrown [t:/workspace/open/src/hotspot/share/prims/jni.cpp, line 598]
Event: 0.406 Thread 0x000001daef7b4800 Exception <a 'java/lang/NoSuchMethodError'{0x00000000c5204bb0}: 'void java.lang.invoke.DirectMethodHandle$Holder.invokeSpecial(java.lang.Object, java.lang.Object)'> (0x00000000c5204bb0) 
thrown [t:/workspace/open/src/hotspot/share/interpreter/linkResolver.cpp, line 767]
Event: 0.476 Thread 0x000001daef7d1000 Exception <a 'java/lang/NoSuchMethodError'{0x00000000c52faf08}: 'java.lang.Object java.lang.invoke.DirectMethodHandle$Holder.invokeStatic(java.lang.Object, int, java.lang.Object, java.lang.Object, java.lang.Object, java.lang.Object)'> (0x00000000c52faf08) 
thrown [t:/workspace/open/src/hotspot/share/interpreter/linkResolver.cpp, line 767]
Event: 0.477 Thread 0x000001daef7d1000 Exception <a 'java/lang/NoSuchMethodError'{0x00000000c5101d20}: 'java.lang.Object java.lang.invoke.DirectMethodHandle$Holder.invokeStatic(java.lang.Object, int, java.lang.Object, java.lang.Object, java.lang.Object)'> (0x00000000c5101d20) 
thrown [t:/workspace/open/src/hotspot/share/interpreter/linkResolver.cpp, line 767]
Event: 0.478 Thread 0x000001daef7d1000 Exception <a 'java/lang/NoSuchMethodError'{0x00000000c5105588}: 'java.lang.Object java.lang.invoke.DirectMethodHandle$Holder.invokeSpecial(java.lang.Object, java.lang.Object, int, java.lang.Object, java.lang.Object, java.lang.Object)'> (0x00000000c5105588) 
thrown [t:/workspace/open/src/hotspot/share/interpreter/linkResolver.cpp, line 767]
Event: 0.482 Thread 0x000001daef7d1000 Exception <a 'java/lang/NoSuchMethodError'{0x00000000c511b8b0}: 'java.lang.Object java.lang.invoke.DirectMethodHandle$Holder.invokeStatic(java.lang.Object, int, java.lang.Object)'> (0x00000000c511b8b0) 
thrown [t:/workspace/open/src/hotspot/share/interpreter/linkResolver.cpp, line 767]
Event: 0.520 Thread 0x000001daef7d1000 Exception <a 'java/lang/ClassNotFoundException'{0x00000000c51bf080}: com/sun/swing/internal/plaf/metal/resources/spi/metalProvider> (0x00000000c51bf080) 
thrown [t:/workspace/open/src/hotspot/share/classfile/systemDictionary.cpp, line 232]
Event: 0.522 Thread 0x000001daef7d1000 Exception <a 'java/lang/ClassNotFoundException'{0x00000000c51c3128}: com/sun/swing/internal/plaf/basic/resources/spi/basicProvider> (0x00000000c51c3128) 
thrown [t:/workspace/open/src/hotspot/share/classfile/systemDictionary.cpp, line 232]
Event: 0.565 Thread 0x000001daef7d1000 Exception <a 'java/net/UnknownHostException'{0x00000000c51fa668}> (0x00000000c51fa668) 
thrown [t:/workspace/open/src/hotspot/share/prims/jni.cpp, line 598]
Event: 1.687 Thread 0x000001daef7d1000 Exception <a 'java/lang/NoSuchMethodError'{0x00000000c5319030}: 'int java.lang.invoke.DirectMethodHandle$Holder.invokeSpecialIFC(java.lang.Object, java.lang.Object, int)'> (0x00000000c5319030) 
thrown [t:/workspace/open/src/hotspot/share/interpreter/linkResolver.cpp, line 767]
Event: 1.997 Thread 0x000001daef7d1000 Exception <a 'java/io/FileNotFoundException'{0x00000000c490c3f8}> (0x00000000c490c3f8) 
thrown [t:/workspace/open/src/hotspot/share/prims/jni.cpp, line 598]
Event: 2.000 Thread 0x000001daef7d1000 Exception <a 'java/io/FileNotFoundException'{0x00000000c491ad40}> (0x00000000c491ad40) 
thrown [t:/workspace/open/src/hotspot/share/prims/jni.cpp, line 598]
Event: 2.003 Thread 0x000001daef7d1000 Exception <a 'java/io/FileNotFoundException'{0x00000000c49233b0}> (0x00000000c49233b0) 
thrown [t:/workspace/open/src/hotspot/share/prims/jni.cpp, line 598]
Event: 2.041 Thread 0x000001daef7d1000 Exception <a 'java/lang/NoSuchMethodError'{0x00000000c498ed30}: 'void java.lang.invoke.DirectMethodHandle$Holder.invokeStaticInit(java.lang.Object)'> (0x00000000c498ed30) 
thrown [t:/workspace/open/src/hotspot/share/interpreter/linkResolver.cpp, line 767]
Event: 2.052 Thread 0x000001daef7d1000 Exception <a 'java/lang/NoSuchMethodError'{0x00000000c49b5f88}: 'java.lang.Object java.lang.invoke.Invokers$Holder.linkToTargetMethod(java.lang.Object, int, java.lang.Object)'> (0x00000000c49b5f88) 
thrown [t:/workspace/open/src/hotspot/share/interpreter/linkResolver.cpp, line 767]

Events (20 events):
Event: 5.151 loading class java/text/AttributedCharacterIterator
Event: 5.152 loading class java/text/AttributedCharacterIterator done
Event: 5.152 loading class java/text/AttributedString$AttributedStringIterator done
Event: 5.415 Loaded shared library C:\Program Files\Java\jdk-13.0.2\bin\java.dll
Event: 5.420 Loaded shared library C:\Program Files\Java\jdk-13.0.2\bin\java.dll
Event: 5.424 Loaded shared library C:\Program Files\Java\jdk-13.0.2\bin\java.dll
Event: 5.428 Loaded shared library C:\Program Files\Java\jdk-13.0.2\bin\java.dll
Event: 6.037 loading class javax/swing/ClientPropertyKey
Event: 6.143 loading class javax/swing/ClientPropertyKey done
Event: 6.143 loading class javax/swing/ClientPropertyKey$1
Event: 6.143 loading class sun/awt/AWTAccessor$ClientPropertyKeyAccessor
Event: 6.447 loading class sun/awt/AWTAccessor$ClientPropertyKeyAccessor done
Event: 6.447 loading class javax/swing/ClientPropertyKey$1 done
Event: 6.468 Thread 0x000001daf08c0800 Thread added: 0x000001daf08c0800
Event: 6.506 Executing VM operation: BulkRevokeBias
Event: 6.506 Executing VM operation: BulkRevokeBias done
Event: 6.731 Thread 0x000001daf08c0800 Thread exited: 0x000001daf08c0800
Event: 8.329 Executing VM operation: RevokeBias
Event: 8.329 Executing VM operation: RevokeBias done
Event: 8.329 Thread 0x000001daef851000 Thread exited: 0x000001daef851000


Dynamic libraries:
0x00007ff63bdd0000 - 0x00007ff63bddf000 	C:\Program Files\Java\jdk-13.0.2\bin\javaw.exe
0x00007ffd17a20000 - 0x00007ffd17c10000 	C:\Windows\SYSTEM32\ntdll.dll
0x00007ffd15f60000 - 0x00007ffd16012000 	C:\Windows\System32\KERNEL32.DLL
0x00007ffd14c90000 - 0x00007ffd14f35000 	C:\Windows\System32\KERNELBASE.dll
0x00007ffd14b10000 - 0x00007ffd14c0a000 	C:\Windows\System32\ucrtbase.dll
0x00007ffd09da0000 - 0x00007ffd09db5000 	C:\Program Files\Java\jdk-13.0.2\bin\VCRUNTIME140.dll
0x00007ffd0a610000 - 0x00007ffd0a628000 	C:\Program Files\Java\jdk-13.0.2\bin\jli.dll
0x00007ffd16020000 - 0x00007ffd160c3000 	C:\Windows\System32\ADVAPI32.dll
0x00007ffd178f0000 - 0x00007ffd1798e000 	C:\Windows\System32\msvcrt.dll
0x00007ffd163b0000 - 0x00007ffd16447000 	C:\Windows\System32\sechost.dll
0x00007ffd15b10000 - 0x00007ffd15c2f000 	C:\Windows\System32\RPCRT4.dll
0x00007ffd16210000 - 0x00007ffd163a4000 	C:\Windows\System32\USER32.dll
0x00007ffd14f40000 - 0x00007ffd14f61000 	C:\Windows\System32\win32u.dll
0x00007ffd05e70000 - 0x00007ffd060f4000 	C:\Windows\WinSxS\amd64_microsoft.windows.common-controls_6595b64144ccf1df_6.0.18362.1316_none_9e7a364fe461dbd7\COMCTL32.dll
0x00007ffd15c30000 - 0x00007ffd15c56000 	C:\Windows\System32\GDI32.dll
0x00007ffd14f70000 - 0x00007ffd15108000 	C:\Windows\System32\gdi32full.dll
0x00007ffd17060000 - 0x00007ffd17397000 	C:\Windows\System32\combase.dll
0x00007ffd15110000 - 0x00007ffd151ae000 	C:\Windows\System32\msvcp_win.dll
0x00007ffd151b0000 - 0x00007ffd15231000 	C:\Windows\System32\bcryptPrimitives.dll
0x00007ffd06130000 - 0x00007ffd0613a000 	C:\Windows\SYSTEM32\VERSION.dll
0x00007ffd15c60000 - 0x00007ffd15c8e000 	C:\Windows\System32\IMM32.DLL
0x00007ffce97c0000 - 0x00007ffce985b000 	C:\Program Files\Java\jdk-13.0.2\bin\msvcp140.dll
0x00007ffce0850000 - 0x00007ffce13ad000 	C:\Program Files\Java\jdk-13.0.2\bin\server\jvm.dll
0x00007ffd15aa0000 - 0x00007ffd15aa8000 	C:\Windows\System32\PSAPI.DLL
0x00007ffd0a7d0000 - 0x00007ffd0a7d9000 	C:\Windows\SYSTEM32\WSOCK32.dll
0x00007ffd112b0000 - 0x00007ffd112d4000 	C:\Windows\SYSTEM32\WINMM.dll
0x00007ffd16610000 - 0x00007ffd1667f000 	C:\Windows\System32\WS2_32.dll
0x00007ffd11280000 - 0x00007ffd112ad000 	C:\Windows\SYSTEM32\WINMMBASE.dll
0x00007ffd14ac0000 - 0x00007ffd14b0a000 	C:\Windows\System32\cfgmgr32.dll
0x00007ffd14900000 - 0x00007ffd14911000 	C:\Windows\System32\kernel.appcore.dll
0x00007ffd09d80000 - 0x00007ffd09d90000 	C:\Program Files\Java\jdk-13.0.2\bin\verify.dll
0x00007ffd03ef0000 - 0x00007ffd040e4000 	C:\Windows\SYSTEM32\DBGHELP.DLL
0x00007ffd03e10000 - 0x00007ffd03e3a000 	C:\Windows\SYSTEM32\dbgcore.DLL
0x00007ffd00360000 - 0x00007ffd00386000 	C:\Program Files\Java\jdk-13.0.2\bin\java.dll
0x00007ffcfe3f0000 - 0x00007ffcfe407000 	C:\Program Files\Java\jdk-13.0.2\bin\zip.dll
0x00007ffd09d70000 - 0x00007ffd09d7a000 	C:\Program Files\Java\jdk-13.0.2\bin\jimage.dll
0x00007ffd16680000 - 0x00007ffd16d68000 	C:\Windows\System32\SHELL32.dll
0x00007ffd15de0000 - 0x00007ffd15e87000 	C:\Windows\System32\shcore.dll
0x00007ffd15320000 - 0x00007ffd15a9b000 	C:\Windows\System32\windows.storage.dll
0x00007ffd148d0000 - 0x00007ffd148f3000 	C:\Windows\System32\profapi.dll
0x00007ffd14920000 - 0x00007ffd1496a000 	C:\Windows\System32\powrprof.dll
0x00007ffd148a0000 - 0x00007ffd148b0000 	C:\Windows\System32\UMPDC.dll
0x00007ffd17880000 - 0x00007ffd178d2000 	C:\Windows\System32\shlwapi.dll
0x00007ffd14c70000 - 0x00007ffd14c87000 	C:\Windows\System32\cryptsp.dll
0x00007ffcfd460000 - 0x00007ffcfd479000 	C:\Program Files\Java\jdk-13.0.2\bin\net.dll
0x00007ffd0ac60000 - 0x00007ffd0ad50000 	C:\Windows\SYSTEM32\WINHTTP.dll
0x00007ffd140e0000 - 0x00007ffd14147000 	C:\Windows\system32\mswsock.dll
0x00007ffcfbcf0000 - 0x00007ffcfbd03000 	C:\Program Files\Java\jdk-13.0.2\bin\nio.dll
0x00007ffce1e40000 - 0x00007ffce1fd9000 	C:\Program Files\Java\jdk-13.0.2\bin\awt.dll
0x00007ffd15d10000 - 0x00007ffd15dd5000 	C:\Windows\System32\OLEAUT32.dll
0x00007ffd12a10000 - 0x00007ffd12a9f000 	C:\Windows\SYSTEM32\apphelp.dll
0x00007ffd12b50000 - 0x00007ffd12be9000 	C:\Windows\system32\uxtheme.dll
0x00007ffd160d0000 - 0x00007ffd16205000 	C:\Windows\System32\MSCTF.dll
0x00007ffd16450000 - 0x00007ffd165a7000 	C:\Windows\System32\ole32.dll
0x00007ffd13010000 - 0x00007ffd1303d000 	C:\Windows\system32\DWMAPI.DLL
0x00007ffce1ce0000 - 0x00007ffce1e36000 	C:\Windows\system32\opengl32.dll
0x00007ffd04a90000 - 0x00007ffd04abc000 	C:\Windows\SYSTEM32\GLU32.dll
0x00007ffd134e0000 - 0x00007ffd13500000 	C:\Windows\SYSTEM32\dxcore.dll
0x00007ffd13e30000 - 0x00007ffd13efb000 	C:\Windows\SYSTEM32\DNSAPI.dll
0x00007ffd178e0000 - 0x00007ffd178e8000 	C:\Windows\System32\NSI.dll
0x00007ffd13df0000 - 0x00007ffd13e2a000 	C:\Windows\SYSTEM32\IPHLPAPI.DLL
0x00007ffd0a5c0000 - 0x00007ffd0a5ca000 	C:\Windows\System32\rasadhlp.dll
0x00007ffcf62a0000 - 0x00007ffcf6322000 	C:\Program Files\Java\jdk-13.0.2\bin\freetype.dll
0x00007ffcf52e0000 - 0x00007ffcf5386000 	C:\Program Files\Java\jdk-13.0.2\bin\fontmanager.dll
0x00007ffd08e90000 - 0x00007ffd08f2d000 	C:\Windows\System32\TextInputFramework.dll
0x00007ffd12490000 - 0x00007ffd12564000 	C:\Windows\System32\CoreMessaging.dll
0x00007ffd0fc60000 - 0x00007ffd0ff8a000 	C:\Windows\System32\CoreUIComponents.dll
0x00007ffd138e0000 - 0x00007ffd13911000 	C:\Windows\SYSTEM32\ntmarta.dll
0x00007ffd10640000 - 0x00007ffd10792000 	C:\Windows\SYSTEM32\wintypes.dll
0x00007ffd07960000 - 0x00007ffd07c07000 	C:\Windows\System32\iertutil.dll

dbghelp: loaded successfully - version: 4.0.5 - missing functions: none
symbol engine: initialized successfully - sym options: 0x614 - pdb path: .;C:\Program Files\Java\jdk-13.0.2\bin;C:\Windows\SYSTEM32;C:\Windows\WinSxS\amd64_microsoft.windows.common-controls_6595b64144ccf1df_6.0.18362.1316_none_9e7a364fe461dbd7;C:\Program Files\Java\jdk-13.0.2\bin\server

VM Arguments:
jvm_args: -Dfile.encoding=Cp1252 
java_command: Application.Home
java_class_path (initial): C:\Users\User\Desktop\Programmes\Java\Workspace\DriveOperations\target\classes;C:\Users\User\Desktop\Libraries\jcalendar-1.4.jar;C:\Users\User\Desktop\Libraries\jgoodies-common-1.8.0.jar;C:\Users\User\Desktop\Libraries\jgoodies-forms-1.8.0.jar;C:\Users\User\Desktop\Libraries\miglayout15-swing.jar;C:\Users\User\Downloads\javax.mail.jar;C:\Users\User\Downloads\activation-1.1.1.jar;C:\Users\User\Downloads\jcalendar-1.4.jar;C:\Users\User\Downloads\jfreechart-1.0.19\lib\jcommon-1.0.23.jar;C:\Users\User\Downloads\jfreechart-1.0.19\lib\jfreechart-1.0.19.jar;C:\Users\User\Downloads\commons-net-3.8.0\commons-net-3.8.0.jar;C:\Users\User\Documents\Libs\comm-2.0.jar;C:\Users\User\Documents\Libs\http-2.2.1.jar;C:\Users\User\Documents\Libs\mysql-connector-java-5.1.45.jar;C:\Users\User\.m2\repository\com\google\apis\google-api-services-drive\v3-rev105-1.23.0\google-api-services-drive-v3-rev105-1.23.0.jar;C:\Users\User\.m2\repository\com\google\api-client\google-api-client\1.23.0\google-api-client-1.23.0.jar;C:\Users\User\.m2\repository\com\google\oauth-client\google-oauth-client\1.23.0\google-oauth-client-1.23.0.jar;C:\Users\User\.m2\repository\com\google\http-client\google-http-client\1.23.0\google-http-client-1.23.0.jar;C:\Users\User\.m2\repository\org\apache\httpcomponents\httpclient\4.0.1\httpclient-4.0.1.jar;C:\Users\User\.m2\repository\org\apache\httpcomponents\httpcore\4.0.1\httpcore-4.0.1.jar;C:\Users\User\.m2\repository\commons-logging\commons-logging\1.1.1\commons-logging-1.1.1.jar;C:\Users\User\.m2\repository\commons-codec\commons-codec\1.3\commons-codec-1.3.jar;C:\Users\User\.m2\repository\com\google\code\findbugs\jsr305\1.3.9\jsr305-1.3.9.jar;C:\Users\User\.m2\repository\com\google\http-client\google-http-client-jackson2\1.23.0\google-http-client-jackson2-1.23.0.jar;C:\Users\User\.m2\repository\com\fasterxml\jackson\core\jackson-core\2.1.3\jackson-core-2.1.3.jar;C:\Users\User\.m2\repository\com\google\guava\guava-jdk5\17.0\guava-jdk5-17.0.
Launcher Type: SUN_STANDARD

[Global flags]
     intx CICompilerCount                          = 3                                         {product} {ergonomic}
     uint ConcGCThreads                            = 1                                         {product} {ergonomic}
     uint G1ConcRefinementThreads                  = 4                                         {product} {ergonomic}
   size_t G1HeapRegionSize                         = 1048576                                   {product} {ergonomic}
    uintx GCDrainStackTargetSize                   = 64                                        {product} {ergonomic}
   size_t InitialHeapSize                          = 67108864                                  {product} {ergonomic}
   size_t MarkStackSize                            = 4194304                                   {product} {ergonomic}
   size_t MaxHeapSize                              = 1050673152                                {product} {ergonomic}
   size_t MaxNewSize                               = 630194176                                 {product} {ergonomic}
   size_t MinHeapDeltaBytes                        = 1048576                                   {product} {ergonomic}
   size_t MinHeapSize                              = 8388608                                   {product} {ergonomic}
    uintx NonNMethodCodeHeapSize                   = 5832780                                {pd product} {ergonomic}
    uintx NonProfiledCodeHeapSize                  = 122912730                              {pd product} {ergonomic}
    uintx ProfiledCodeHeapSize                     = 122912730                              {pd product} {ergonomic}
    uintx ReservedCodeCacheSize                    = 251658240                              {pd product} {ergonomic}
     bool SegmentedCodeCache                       = true                                      {product} {ergonomic}
   size_t SoftMaxHeapSize                          = 1050673152                             {manageable} {ergonomic}
     bool UseCompressedClassPointers               = true                                 {lp64_product} {ergonomic}
     bool UseCompressedOops                        = true                                 {lp64_product} {ergonomic}
     bool UseG1GC                                  = true                                      {product} {ergonomic}
     bool UseLargePagesIndividualAllocation        = false                                  {pd product} {ergonomic}

Logging:
Log output configuration:
 #0: stdout all=warning uptime,level,tags
 #1: stderr all=off uptime,level,tags

Environment Variables:
JAVA_HOME=C:\Program Files (x86)\Java\jre1.8.0_241
PATH=C:\Program Files\Java\jdk-13.0.2\bin;C:\Program Files (x86)\Common Files\Oracle\Java\javapath;C:\Windows\system32;C:\Windows;C:\Windows\System32\Wbem;C:\Windows\System32\WindowsPowerShell\v1.0\;C:\Windows\System32\OpenSSH\;C:\Program Files (x86)\apache-maven-3.8.1\bin;C:\Program Files (x86)\gradle-7.1.1\bin;C:\Users\User\AppData\Local\Microsoft\WindowsApps;C:\Users\User\AppData\Local\Programs\Microsoft VS Code\bin;C:\Program Files (x86)\gradle-7.1.1\bin;
USERNAME=User
OS=Windows_NT
PROCESSOR_IDENTIFIER=Intel64 Family 6 Model 42 Stepping 7, GenuineIntel



---------------  S Y S T E M  ---------------

OS: Windows 10 , 64 bit Build 18362 (10.0.18362.1316)

CPU:total 4 (initial active 4) (2 cores per cpu, 2 threads per core) family 6 model 42 stepping 7, cmov, cx8, fxsr, mmx, sse, sse2, sse3, ssse3, sse4.1, sse4.2, popcnt, avx, aes, clmul, ht, tsc, tscinvbit

Memory: 4k page, system-wide physical 4006M (702M free)
TotalPageFile size 16294M (AvailPageFile size 0M)
current process WorkingSet (physical memory assigned to process): 246M, peak: 261M
current process commit charge ("private bytes"): 309M, peak: 326M

vm_info: Java HotSpot(TM) 64-Bit Server VM (13.0.2+8) for windows-amd64 JRE (13.0.2+8), built on Dec 11 2019 09:20:33 by "mach5one" with unknown MS VC++:1916

END.
