#
# There is insufficient memory for the Java Runtime Environment to continue.
# Native memory allocation (mmap) failed to map 117440512 bytes for Failed to commit area from 0x00000000c5600000 to 0x00000000cc600000 of length 117440512.
# Possible reasons:
#   The system is out of physical RAM or swap space
#   The process is running with CompressedOops enabled, and the Java Heap may be blocking the growth of the native heap
# Possible solutions:
#   Reduce memory load on the system
#   Increase physical memory or swap space
#   Check if swap backing store is full
#   Decrease Java heap size (-Xmx/-Xms)
#   Decrease number of Java threads
#   Decrease Java thread stack sizes (-Xss)
#   Set larger code cache with -XX:ReservedCodeCacheSize=
#   JVM is running with Unscaled Compressed Oops mode in which the Java heap is
#     placed in the first 4GB address space. The Java Heap base address is the
#     maximum limit for the native heap growth. Please use -XX:HeapBaseMinAddress
#     to set the Java Heap base and to place the Java Heap above 4GB virtual address.
# This output file may be truncated or incomplete.
#
#  Out of Memory Error (t:/workspace/open/src/hotspot/os/windows/os_windows.cpp:3301), pid=16604, tid=5872
#
# JRE version: Java(TM) SE Runtime Environment (13.0.2+8) (build 13.0.2+8)
# Java VM: Java HotSpot(TM) 64-Bit Server VM (13.0.2+8, mixed mode, sharing, tiered, compressed oops, g1 gc, windows-amd64)
# No core dump will be written. Minidumps are not enabled by default on client versions of Windows
#

---------------  S U M M A R Y ------------

Command Line: -Dfile.encoding=Cp1252 Application.Home

Host: Intel(R) Core(TM) i5-2520M CPU @ 2.50GHz, 4 cores, 3G,  Windows 10 , 64 bit Build 18362 (10.0.18362.1316)
Time: Thu Aug 19 11:50:55 2021 South Africa Standard Time elapsed time: 1 seconds (0d 0h 0m 1s)

---------------  T H R E A D  ---------------

Current thread (0x00000210fa35d800):  JavaThread "Image Fetcher 0" daemon [_thread_in_vm, id=5872, stack(0x0000009e4c300000,0x0000009e4c400000)]

Stack: [0x0000009e4c300000,0x0000009e4c400000]
Native frames: (J=compiled Java code, j=interpreted, Vv=VM code, C=native code)
V  [jvm.dll+0x624f9a]
V  [jvm.dll+0x770cfa]
V  [jvm.dll+0x7724af]
V  [jvm.dll+0x772ab3]
V  [jvm.dll+0x24bf08]
V  [jvm.dll+0x6222aa]
V  [jvm.dll+0x6170b5]
V  [jvm.dll+0x30a88c]
V  [jvm.dll+0x30a6c2]
V  [jvm.dll+0x30fe36]
V  [jvm.dll+0x353f46]
V  [jvm.dll+0x353720]
V  [jvm.dll+0x2e5d5e]
V  [jvm.dll+0x2e16ff]
V  [jvm.dll+0x5be8b5]
V  [jvm.dll+0x5be33b]
V  [jvm.dll+0x1f48d5]
V  [jvm.dll+0x74b3a7]
V  [jvm.dll+0x3783ea]
C  0x000002108001fd4d

Java frames: (J=compiled Java code, j=interpreted, Vv=VM code)
j  java.awt.image.DataBufferInt.<init>(I)V+11 java.desktop@13.0.2
j  java.awt.image.Raster.createPackedRaster(III[ILjava/awt/Point;)Ljava/awt/image/WritableRaster;+69 java.desktop@13.0.2
j  java.awt.image.DirectColorModel.createCompatibleWritableRaster(II)Ljava/awt/image/WritableRaster;+83 java.desktop@13.0.2
j  sun.awt.image.ImageRepresentation.createBufferedImage()V+18 java.desktop@13.0.2
j  sun.awt.image.ImageRepresentation.setPixels(IIIILjava/awt/image/ColorModel;[III)V+47 java.desktop@13.0.2
j  sun.awt.image.ImageDecoder.setPixels(IIIILjava/awt/image/ColorModel;[III)I+44 java.desktop@13.0.2
J 617 c1 sun.awt.image.PNGImageDecoder.sendPixels(IIII[III)Z java.desktop@13.0.2 (44 bytes) @ 0x0000021080693084 [0x0000021080692f40+0x0000000000000144]
j  sun.awt.image.PNGImageDecoder.produceImage()V+1728 java.desktop@13.0.2
j  sun.awt.image.InputStreamImageSource.doFetch()V+51 java.desktop@13.0.2
j  sun.awt.image.ImageFetcher.fetchloop()V+31 java.desktop@13.0.2
j  sun.awt.image.ImageFetcher.run()V+5 java.desktop@13.0.2
v  ~StubRoutines::call_stub

---------------  P R O C E S S  ---------------

Threads class SMR info:
_java_thread_list=0x00000210fa3c2e20, length=17, elements={
0x00000210f949a800, 0x00000210f949f800, 0x00000210f94b9000, 0x00000210f94bb000,
0x00000210f94bc800, 0x00000210f94cd800, 0x00000210f94d6800, 0x00000210f9f43000,
0x00000210f9f32800, 0x00000210fa245000, 0x00000210fa249800, 0x00000210fa24d000,
0x00000210fa292000, 0x00000210ec4af800, 0x00000210fa35d800, 0x00000210fa378000,
0x00000210fa469000
}

Java Threads: ( => current thread )
  0x00000210f949a800 JavaThread "Reference Handler" daemon [_thread_blocked, id=14240, stack(0x0000009e4b500000,0x0000009e4b600000)]
  0x00000210f949f800 JavaThread "Finalizer" daemon [_thread_blocked, id=11796, stack(0x0000009e4b600000,0x0000009e4b700000)]
  0x00000210f94b9000 JavaThread "Signal Dispatcher" daemon [_thread_blocked, id=9452, stack(0x0000009e4b700000,0x0000009e4b800000)]
  0x00000210f94bb000 JavaThread "Attach Listener" daemon [_thread_blocked, id=17068, stack(0x0000009e4b800000,0x0000009e4b900000)]
  0x00000210f94bc800 JavaThread "C2 CompilerThread0" daemon [_thread_blocked, id=14888, stack(0x0000009e4b900000,0x0000009e4ba00000)]
  0x00000210f94cd800 JavaThread "C1 CompilerThread0" daemon [_thread_blocked, id=8836, stack(0x0000009e4ba00000,0x0000009e4bb00000)]
  0x00000210f94d6800 JavaThread "Sweeper thread" daemon [_thread_blocked, id=14268, stack(0x0000009e4bb00000,0x0000009e4bc00000)]
  0x00000210f9f43000 JavaThread "Service Thread" daemon [_thread_blocked, id=6564, stack(0x0000009e4bc00000,0x0000009e4bd00000)]
  0x00000210f9f32800 JavaThread "Common-Cleaner" daemon [_thread_blocked, id=14384, stack(0x0000009e4be00000,0x0000009e4bf00000)]
  0x00000210fa245000 JavaThread "Java2D Disposer" daemon [_thread_blocked, id=12540, stack(0x0000009e4bf00000,0x0000009e4c000000)]
  0x00000210fa249800 JavaThread "AWT-Shutdown" [_thread_blocked, id=16452, stack(0x0000009e4c000000,0x0000009e4c100000)]
  0x00000210fa24d000 JavaThread "AWT-Windows" daemon [_thread_in_native, id=7568, stack(0x0000009e4c100000,0x0000009e4c200000)]
  0x00000210fa292000 JavaThread "AWT-EventQueue-0" [_thread_blocked, id=8136, stack(0x0000009e4c200000,0x0000009e4c300000)]
  0x00000210ec4af800 JavaThread "DestroyJavaVM" [_thread_blocked, id=11324, stack(0x0000009e4ae00000,0x0000009e4af00000)]
=>0x00000210fa35d800 JavaThread "Image Fetcher 0" daemon [_thread_in_vm, id=5872, stack(0x0000009e4c300000,0x0000009e4c400000)]
  0x00000210fa378000 JavaThread "TimerQueue" daemon [_thread_blocked, id=10628, stack(0x0000009e4c400000,0x0000009e4c500000)]
  0x00000210fa469000 JavaThread "C2 CompilerThread1" daemon [_thread_blocked, id=15732, stack(0x0000009e4c500000,0x0000009e4c600000)]

Other Threads:
  0x00000210f9499000 VMThread "VM Thread" [stack: 0x0000009e4b400000,0x0000009e4b500000] [id=15252]
  0x00000210f9f32000 WatcherThread [stack: 0x0000009e4bd00000,0x0000009e4be00000] [id=7272]
  0x00000210ec4e0000 GCTaskThread "GC Thread#0" [stack: 0x0000009e4af00000,0x0000009e4b000000] [id=17128]
  0x00000210faa4c000 GCTaskThread "GC Thread#1" [stack: 0x0000009e4c600000,0x0000009e4c700000] [id=1312]
  0x00000210faa4d000 GCTaskThread "GC Thread#2" [stack: 0x0000009e4c700000,0x0000009e4c800000] [id=7288]
  0x00000210faa4d800 GCTaskThread "GC Thread#3" [stack: 0x0000009e4c800000,0x0000009e4c900000] [id=10188]
  0x00000210ec4ea000 ConcurrentGCThread "G1 Main Marker" [stack: 0x0000009e4b000000,0x0000009e4b100000] [id=15504]
  0x00000210ec4eb000 ConcurrentGCThread "G1 Conc#0" [stack: 0x0000009e4b100000,0x0000009e4b200000] [id=13408]
  0x00000210ec542000 ConcurrentGCThread "G1 Refine#0" [stack: 0x0000009e4b200000,0x0000009e4b300000] [id=6656]
  0x00000210fa02c800 ConcurrentGCThread "G1 Refine#1" [stack: 0x0000009e4c900000,0x0000009e4ca00000] [id=15656]
  0x00000210ec545800 ConcurrentGCThread "G1 Young RemSet Sampling" [stack: 0x0000009e4b300000,0x0000009e4b400000] [id=14144]

Threads with active compile tasks:

VM state:not at safepoint (normal execution)

VM Mutex/Monitor currently owned by a thread:  ([mutex/lock_event])
[0x00000210ec4a9df0] Heap_lock - owner thread: 0x00000210fa35d800

Heap address: 0x00000000c1600000, size: 1002 MB, Compressed Oops mode: 32-bit
Narrow klass base: 0x0000000800000000, Narrow klass shift: 3
Compressed class space size: 1073741824 Address: 0x0000000800b40000

Heap:
 garbage-first heap   total 180224K, used 4543K [0x00000000c1600000, 0x0000000100000000)
  region size 1024K, 1 young (1024K), 1 survivors (1024K)
 Metaspace       used 10134K, capacity 10451K, committed 10752K, reserved 1058816K
  class space    used 1066K, capacity 1216K, committed 1280K, reserved 1048576K
Heap Regions: E=young(eden), S=young(survivor), O=old, HS=humongous(starts), HC=humongous(continues), CS=collection set, F=free, A=archive, TAMS=top-at-mark-start (previous, next)
|   0|0x00000000c1600000, 0x00000000c1700000, 0x00000000c1700000|100%| O|  |TAMS 0x00000000c1600000, 0x00000000c1700000| Untracked 
|   1|0x00000000c1700000, 0x00000000c1800000, 0x00000000c1800000|100%| O|  |TAMS 0x00000000c1700000, 0x00000000c1800000| Untracked 
|   2|0x00000000c1800000, 0x00000000c1900000, 0x00000000c1900000|100%| O|  |TAMS 0x00000000c1800000, 0x00000000c1900000| Untracked 
|   3|0x00000000c1900000, 0x00000000c1988000, 0x00000000c1a00000| 53%| O|  |TAMS 0x00000000c1900000, 0x00000000c1988000| Untracked 
|   4|0x00000000c1a00000, 0x00000000c1a00000, 0x00000000c1b00000|  0%| F|  |TAMS 0x00000000c1a00000, 0x00000000c1a00000| Untracked 
|   5|0x00000000c1b00000, 0x00000000c1b00000, 0x00000000c1c00000|  0%| F|  |TAMS 0x00000000c1b00000, 0x00000000c1b00000| Untracked 
|   6|0x00000000c1c00000, 0x00000000c1c00000, 0x00000000c1d00000|  0%| F|  |TAMS 0x00000000c1c00000, 0x00000000c1c00000| Untracked 
|   7|0x00000000c1d00000, 0x00000000c1d00000, 0x00000000c1e00000|  0%| F|  |TAMS 0x00000000c1d00000, 0x00000000c1d00000| Untracked 
|   8|0x00000000c1e00000, 0x00000000c1e00000, 0x00000000c1f00000|  0%| F|  |TAMS 0x00000000c1e00000, 0x00000000c1e00000| Untracked 
|   9|0x00000000c1f00000, 0x00000000c1f00000, 0x00000000c2000000|  0%| F|  |TAMS 0x00000000c1f00000, 0x00000000c1f00000| Untracked 
|  10|0x00000000c2000000, 0x00000000c2000000, 0x00000000c2100000|  0%| F|  |TAMS 0x00000000c2000000, 0x00000000c2000000| Untracked 
|  11|0x00000000c2100000, 0x00000000c2100000, 0x00000000c2200000|  0%| F|  |TAMS 0x00000000c2100000, 0x00000000c2100000| Untracked 
|  12|0x00000000c2200000, 0x00000000c2200000, 0x00000000c2300000|  0%| F|  |TAMS 0x00000000c2200000, 0x00000000c2200000| Untracked 
|  13|0x00000000c2300000, 0x00000000c2300000, 0x00000000c2400000|  0%| F|  |TAMS 0x00000000c2300000, 0x00000000c2300000| Untracked 
|  14|0x00000000c2400000, 0x00000000c2400000, 0x00000000c2500000|  0%| F|  |TAMS 0x00000000c2400000, 0x00000000c2400000| Untracked 
|  15|0x00000000c2500000, 0x00000000c2500000, 0x00000000c2600000|  0%| F|  |TAMS 0x00000000c2500000, 0x00000000c2500000| Untracked 
|  16|0x00000000c2600000, 0x00000000c2600000, 0x00000000c2700000|  0%| F|  |TAMS 0x00000000c2600000, 0x00000000c2600000| Untracked 
|  17|0x00000000c2700000, 0x00000000c2700000, 0x00000000c2800000|  0%| F|  |TAMS 0x00000000c2700000, 0x00000000c2700000| Untracked 
|  18|0x00000000c2800000, 0x00000000c2800000, 0x00000000c2900000|  0%| F|  |TAMS 0x00000000c2800000, 0x00000000c2800000| Untracked 
|  19|0x00000000c2900000, 0x00000000c2900000, 0x00000000c2a00000|  0%| F|  |TAMS 0x00000000c2900000, 0x00000000c2900000| Untracked 
|  20|0x00000000c2a00000, 0x00000000c2a00000, 0x00000000c2b00000|  0%| F|  |TAMS 0x00000000c2a00000, 0x00000000c2a00000| Untracked 
|  21|0x00000000c2b00000, 0x00000000c2b00000, 0x00000000c2c00000|  0%| F|  |TAMS 0x00000000c2b00000, 0x00000000c2b00000| Untracked 
|  22|0x00000000c2c00000, 0x00000000c2c00000, 0x00000000c2d00000|  0%| F|  |TAMS 0x00000000c2c00000, 0x00000000c2c00000| Untracked 
|  23|0x00000000c2d00000, 0x00000000c2d00000, 0x00000000c2e00000|  0%| F|  |TAMS 0x00000000c2d00000, 0x00000000c2d00000| Untracked 
|  24|0x00000000c2e00000, 0x00000000c2e00000, 0x00000000c2f00000|  0%| F|  |TAMS 0x00000000c2e00000, 0x00000000c2e00000| Untracked 
|  25|0x00000000c2f00000, 0x00000000c2f00000, 0x00000000c3000000|  0%| F|  |TAMS 0x00000000c2f00000, 0x00000000c2f00000| Untracked 
|  26|0x00000000c3000000, 0x00000000c3000000, 0x00000000c3100000|  0%| F|  |TAMS 0x00000000c3000000, 0x00000000c3000000| Untracked 
|  27|0x00000000c3100000, 0x00000000c3100000, 0x00000000c3200000|  0%| F|  |TAMS 0x00000000c3100000, 0x00000000c3100000| Untracked 
|  28|0x00000000c3200000, 0x00000000c3200000, 0x00000000c3300000|  0%| F|  |TAMS 0x00000000c3200000, 0x00000000c3200000| Untracked 
|  29|0x00000000c3300000, 0x00000000c3300000, 0x00000000c3400000|  0%| F|  |TAMS 0x00000000c3300000, 0x00000000c3300000| Untracked 
|  30|0x00000000c3400000, 0x00000000c3400000, 0x00000000c3500000|  0%| F|  |TAMS 0x00000000c3400000, 0x00000000c3400000| Untracked 
|  31|0x00000000c3500000, 0x00000000c3500000, 0x00000000c3600000|  0%| F|  |TAMS 0x00000000c3500000, 0x00000000c3500000| Untracked 
|  32|0x00000000c3600000, 0x00000000c3600000, 0x00000000c3700000|  0%| F|  |TAMS 0x00000000c3600000, 0x00000000c3600000| Untracked 
|  33|0x00000000c3700000, 0x00000000c3700000, 0x00000000c3800000|  0%| F|  |TAMS 0x00000000c3700000, 0x00000000c3700000| Untracked 
|  34|0x00000000c3800000, 0x00000000c3800000, 0x00000000c3900000|  0%| F|  |TAMS 0x00000000c3800000, 0x00000000c3800000| Untracked 
|  35|0x00000000c3900000, 0x00000000c3900000, 0x00000000c3a00000|  0%| F|  |TAMS 0x00000000c3900000, 0x00000000c3900000| Untracked 
|  36|0x00000000c3a00000, 0x00000000c3a00000, 0x00000000c3b00000|  0%| F|  |TAMS 0x00000000c3a00000, 0x00000000c3a00000| Untracked 
|  37|0x00000000c3b00000, 0x00000000c3b00000, 0x00000000c3c00000|  0%| F|  |TAMS 0x00000000c3b00000, 0x00000000c3b00000| Untracked 
|  38|0x00000000c3c00000, 0x00000000c3c00000, 0x00000000c3d00000|  0%| F|  |TAMS 0x00000000c3c00000, 0x00000000c3c00000| Untracked 
|  39|0x00000000c3d00000, 0x00000000c3d00000, 0x00000000c3e00000|  0%| F|  |TAMS 0x00000000c3d00000, 0x00000000c3d00000| Untracked 
|  40|0x00000000c3e00000, 0x00000000c3e00000, 0x00000000c3f00000|  0%| F|  |TAMS 0x00000000c3e00000, 0x00000000c3e00000| Untracked 
|  41|0x00000000c3f00000, 0x00000000c3f00000, 0x00000000c4000000|  0%| F|  |TAMS 0x00000000c3f00000, 0x00000000c3f00000| Untracked 
|  42|0x00000000c4000000, 0x00000000c4000000, 0x00000000c4100000|  0%| F|  |TAMS 0x00000000c4000000, 0x00000000c4000000| Untracked 
|  43|0x00000000c4100000, 0x00000000c4100000, 0x00000000c4200000|  0%| F|  |TAMS 0x00000000c4100000, 0x00000000c4100000| Untracked 
|  44|0x00000000c4200000, 0x00000000c4200000, 0x00000000c4300000|  0%| F|  |TAMS 0x00000000c4200000, 0x00000000c4200000| Untracked 
|  45|0x00000000c4300000, 0x00000000c4300000, 0x00000000c4400000|  0%| F|  |TAMS 0x00000000c4300000, 0x00000000c4300000| Untracked 
|  46|0x00000000c4400000, 0x00000000c4400000, 0x00000000c4500000|  0%| F|  |TAMS 0x00000000c4400000, 0x00000000c4400000| Untracked 
|  47|0x00000000c4500000, 0x00000000c4500000, 0x00000000c4600000|  0%| F|  |TAMS 0x00000000c4500000, 0x00000000c4500000| Untracked 
|  48|0x00000000c4600000, 0x00000000c4600000, 0x00000000c4700000|  0%| F|  |TAMS 0x00000000c4600000, 0x00000000c4600000| Untracked 
|  49|0x00000000c4700000, 0x00000000c4700000, 0x00000000c4800000|  0%| F|  |TAMS 0x00000000c4700000, 0x00000000c4700000| Untracked 
|  50|0x00000000c4800000, 0x00000000c48e7fd8, 0x00000000c4900000| 90%| S|CS|TAMS 0x00000000c4800000, 0x00000000c4800000| Complete 
|  51|0x00000000c4900000, 0x00000000c4900000, 0x00000000c4a00000|  0%| F|  |TAMS 0x00000000c4900000, 0x00000000c4900000| Untracked 
|  52|0x00000000c4a00000, 0x00000000c4a00000, 0x00000000c4b00000|  0%| F|  |TAMS 0x00000000c4a00000, 0x00000000c4a00000| Untracked 
|  53|0x00000000c4b00000, 0x00000000c4b00000, 0x00000000c4c00000|  0%| F|  |TAMS 0x00000000c4b00000, 0x00000000c4b00000| Untracked 
|  54|0x00000000c4c00000, 0x00000000c4c00000, 0x00000000c4d00000|  0%| F|  |TAMS 0x00000000c4c00000, 0x00000000c4c00000| Untracked 
|  55|0x00000000c4d00000, 0x00000000c4d00000, 0x00000000c4e00000|  0%| F|  |TAMS 0x00000000c4d00000, 0x00000000c4d00000| Untracked 
|  56|0x00000000c4e00000, 0x00000000c4e00000, 0x00000000c4f00000|  0%| F|  |TAMS 0x00000000c4e00000, 0x00000000c4e00000| Untracked 
|  57|0x00000000c4f00000, 0x00000000c4f00000, 0x00000000c5000000|  0%| F|  |TAMS 0x00000000c4f00000, 0x00000000c4f00000| Untracked 
|  58|0x00000000c5000000, 0x00000000c5000000, 0x00000000c5100000|  0%| F|  |TAMS 0x00000000c5000000, 0x00000000c5000000| Untracked 
|  59|0x00000000c5100000, 0x00000000c5100000, 0x00000000c5200000|  0%| F|  |TAMS 0x00000000c5100000, 0x00000000c5100000| Untracked 
|  60|0x00000000c5200000, 0x00000000c5200000, 0x00000000c5300000|  0%| F|  |TAMS 0x00000000c5200000, 0x00000000c5200000| Untracked 
|  61|0x00000000c5300000, 0x00000000c5300000, 0x00000000c5400000|  0%| F|  |TAMS 0x00000000c5300000, 0x00000000c5300000| Untracked 
|  62|0x00000000c5400000, 0x00000000c5400000, 0x00000000c5500000|  0%| F|  |TAMS 0x00000000c5400000, 0x00000000c5400000| Untracked 
|  63|0x00000000c5500000, 0x00000000c5500000, 0x00000000c5600000|  0%| F|  |TAMS 0x00000000c5500000, 0x00000000c5500000| Untracked 

Card table byte_map: [0x00000210f4bb0000,0x00000210f4db0000] _byte_map_base: 0x00000210f45a5000

Marking Bits (Prev, Next): (CMBitMap*) 0x00000210ec4e0b88, (CMBitMap*) 0x00000210ec4e0bc8
 Prev Bits: [0x00000210f4fb0000, 0x00000210f5f58000)
 Next Bits: [0x00000210f5f60000, 0x00000210f6f08000)

Polling page: 0x00000210ebc80000

Metaspace:

Usage:
  Non-class:      9.02 MB capacity,     8.86 MB ( 98%) used,   142.09 KB (  2%) free+waste,    24.25 KB ( <1%) overhead. 
      Class:      1.19 MB capacity,     1.04 MB ( 88%) used,   135.16 KB ( 11%) free+waste,    14.69 KB (  1%) overhead. 
       Both:     10.21 MB capacity,     9.90 MB ( 97%) used,   277.24 KB (  3%) free+waste,    38.94 KB ( <1%) overhead. 

Virtual space:
  Non-class space:       10.00 MB reserved,       9.25 MB ( 93%) committed 
      Class space:        1.00 GB reserved,       1.25 MB ( <1%) committed 
             Both:        1.01 GB reserved,      10.50 MB (  1%) committed 

Chunk freelists:
   Non-Class:  45.00 KB
       Class:  0 bytes
        Both:  45.00 KB

MaxMetaspaceSize: 17179869184.00 GB
CompressedClassSpaceSize: 1.00 GB

CodeHeap 'non-profiled nmethods': size=120000Kb used=562Kb max_used=562Kb free=119437Kb
 bounds [0x0000021087ad0000, 0x0000021087d40000, 0x000002108f000000]
CodeHeap 'profiled nmethods': size=120000Kb used=3908Kb max_used=3908Kb free=116091Kb
 bounds [0x00000210805a0000, 0x0000021080980000, 0x0000021087ad0000]
CodeHeap 'non-nmethods': size=5760Kb used=1319Kb max_used=1333Kb free=4440Kb
 bounds [0x0000021080000000, 0x0000021080270000, 0x00000210805a0000]
 total_blobs=3050 nmethods=1862 adapters=520
 compilation: enabled
              stopped_count=0, restarted_count=0
 full_count=0

Compilation events (20 events):
Event: 1.546 Thread 0x00000210f94cd800 1851       3       java.util.Arrays::binarySearch (10 bytes)
Event: 1.546 Thread 0x00000210f94cd800 nmethod 1851 0x000002108096eb10 code [0x000002108096ecc0, 0x000002108096ee50]
Event: 1.546 Thread 0x00000210f94cd800 1852       1       sun.java2d.loops.SurfaceType::getSuperType (5 bytes)
Event: 1.546 Thread 0x00000210f94cd800 nmethod 1852 0x0000021087b5b390 code [0x0000021087b5b520, 0x0000021087b5b658]
Event: 1.547 Thread 0x00000210f94bc800 1854       4       jdk.internal.org.objectweb.asm.SymbolTable::put (150 bytes)
Event: 1.550 Thread 0x00000210f94cd800 1855       3       java.lang.invoke.MethodHandles$Lookup::<init> (15 bytes)
Event: 1.550 Thread 0x00000210f94cd800 nmethod 1855 0x000002108096ef10 code [0x000002108096f0c0, 0x000002108096f2f8]
Event: 1.551 Thread 0x00000210f94bc800 nmethod 1854 0x0000021087b5ba10 code [0x0000021087b5bba0, 0x0000021087b5be98]
Event: 1.553 Thread 0x00000210f94cd800 1856       3       java.util.Arrays::fill (28 bytes)
Event: 1.553 Thread 0x00000210f94cd800 nmethod 1856 0x000002108096f390 code [0x000002108096f560, 0x000002108096f970]
Event: 1.553 Thread 0x00000210f94cd800 1857       3       java.lang.invoke.LambdaFormBuffer::ownedCount (7 bytes)
Event: 1.553 Thread 0x00000210f94cd800 nmethod 1857 0x000002108096fb10 code [0x000002108096fca0, 0x000002108096fe18]
Event: 1.554 Thread 0x00000210f94cd800 1858       3       java.lang.invoke.LambdaFormBuffer::changeName (149 bytes)
Event: 1.555 Thread 0x00000210f94cd800 nmethod 1858 0x000002108096fe90 code [0x0000021080970080, 0x0000021080970650]
Event: 1.558 Thread 0x00000210f94cd800 1861 %     3       sun.awt.image.PNGImageDecoder::update_crc @ 3 (41 bytes)
Event: 1.559 Thread 0x00000210f94cd800 nmethod 1861% 0x0000021080970810 code [0x00000210809709c0, 0x0000021080970c78]
Event: 1.559 Thread 0x00000210f94cd800 1862       3       sun.awt.image.PNGImageDecoder::update_crc (41 bytes)
Event: 1.559 Thread 0x00000210f94cd800 nmethod 1862 0x0000021080970e10 code [0x0000021080970fc0, 0x0000021080971218]
Event: 1.559 Thread 0x00000210fa469000 1863 %     4       sun.awt.image.PNGImageDecoder::update_crc @ 3 (41 bytes)
Event: 1.564 Thread 0x00000210fa469000 nmethod 1863% 0x0000021087b5c610 code [0x0000021087b5c7a0, 0x0000021087b5ca58]

GC Heap History (6 events):
Event: 1.192 GC heap before
{Heap before GC invocations=0 (full 0):
 garbage-first heap   total 65536K, used 14336K [0x00000000c1600000, 0x0000000100000000)
  region size 1024K, 14 young (14336K), 0 survivors (0K)
 Metaspace       used 8886K, capacity 9160K, committed 9344K, reserved 1056768K
  class space    used 950K, capacity 1063K, committed 1152K, reserved 1048576K
}
Event: 1.199 GC heap after
{Heap after GC invocations=1 (full 0):
 garbage-first heap   total 65536K, used 3499K [0x00000000c1600000, 0x0000000100000000)
  region size 1024K, 2 young (2048K), 2 survivors (2048K)
 Metaspace       used 8886K, capacity 9160K, committed 9344K, reserved 1056768K
  class space    used 950K, capacity 1063K, committed 1152K, reserved 1048576K
}
Event: 1.376 GC heap before
{Heap before GC invocations=1 (full 0):
 garbage-first heap   total 65536K, used 10667K [0x00000000c1600000, 0x0000000100000000)
  region size 1024K, 9 young (9216K), 2 survivors (2048K)
 Metaspace       used 9172K, capacity 9388K, committed 9600K, reserved 1058816K
  class space    used 969K, capacity 1095K, committed 1152K, reserved 1048576K
}
Event: 1.382 GC heap after
{Heap after GC invocations=2 (full 0):
 garbage-first heap   total 65536K, used 4004K [0x00000000c1600000, 0x0000000100000000)
  region size 1024K, 1 young (1024K), 1 survivors (1024K)
 Metaspace       used 9172K, capacity 9388K, committed 9600K, reserved 1058816K
  class space    used 969K, capacity 1095K, committed 1152K, reserved 1048576K
}
Event: 1.564 GC heap before
{Heap before GC invocations=2 (full 0):
 garbage-first heap   total 65536K, used 15268K [0x00000000c1600000, 0x0000000100000000)
  region size 1024K, 13 young (13312K), 1 survivors (1024K)
 Metaspace       used 10134K, capacity 10451K, committed 10752K, reserved 1058816K
  class space    used 1066K, capacity 1216K, committed 1280K, reserved 1048576K
}
Event: 1.567 GC heap after
{Heap after GC invocations=3 (full 0):
 garbage-first heap   total 65536K, used 4543K [0x00000000c1600000, 0x0000000100000000)
  region size 1024K, 1 young (1024K), 1 survivors (1024K)
 Metaspace       used 10134K, capacity 10451K, committed 10752K, reserved 1058816K
  class space    used 1066K, capacity 1216K, committed 1280K, reserved 1048576K
}

Deoptimization events (20 events):
Event: 1.561 Thread 0x00000210fa35d800 DEOPT PACKING pc=0x0000021080970b9f sp=0x0000009e4c3fefd0
Event: 1.561 Thread 0x00000210fa35d800 DEOPT UNPACKING pc=0x000002108004964e sp=0x0000009e4c3fe4a0 mode 0
Event: 1.561 Thread 0x00000210fa35d800 DEOPT PACKING pc=0x0000021080970b9f sp=0x0000009e4c3fefd0
Event: 1.561 Thread 0x00000210fa35d800 DEOPT UNPACKING pc=0x000002108004964e sp=0x0000009e4c3fe4a0 mode 0
Event: 1.561 Thread 0x00000210fa35d800 DEOPT PACKING pc=0x0000021080970b9f sp=0x0000009e4c3fefd0
Event: 1.562 Thread 0x00000210fa35d800 DEOPT UNPACKING pc=0x000002108004964e sp=0x0000009e4c3fe4a0 mode 0
Event: 1.562 Thread 0x00000210fa35d800 DEOPT PACKING pc=0x0000021080970b9f sp=0x0000009e4c3fefd0
Event: 1.562 Thread 0x00000210fa35d800 DEOPT UNPACKING pc=0x000002108004964e sp=0x0000009e4c3fe4a0 mode 0
Event: 1.562 Thread 0x00000210fa35d800 DEOPT PACKING pc=0x0000021080970b9f sp=0x0000009e4c3fefd0
Event: 1.562 Thread 0x00000210fa35d800 DEOPT UNPACKING pc=0x000002108004964e sp=0x0000009e4c3fe4a0 mode 0
Event: 1.562 Thread 0x00000210fa35d800 DEOPT PACKING pc=0x0000021080970b9f sp=0x0000009e4c3fefd0
Event: 1.562 Thread 0x00000210fa35d800 DEOPT UNPACKING pc=0x000002108004964e sp=0x0000009e4c3fe4a0 mode 0
Event: 1.562 Thread 0x00000210fa35d800 DEOPT PACKING pc=0x0000021080970b9f sp=0x0000009e4c3fefd0
Event: 1.562 Thread 0x00000210fa35d800 DEOPT UNPACKING pc=0x000002108004964e sp=0x0000009e4c3fe4a0 mode 0
Event: 1.562 Thread 0x00000210fa35d800 DEOPT PACKING pc=0x0000021080970b9f sp=0x0000009e4c3fefd0
Event: 1.562 Thread 0x00000210fa35d800 DEOPT UNPACKING pc=0x000002108004964e sp=0x0000009e4c3fe4a0 mode 0
Event: 1.562 Thread 0x00000210fa35d800 DEOPT PACKING pc=0x0000021080970b9f sp=0x0000009e4c3fefd0
Event: 1.562 Thread 0x00000210fa35d800 DEOPT UNPACKING pc=0x000002108004964e sp=0x0000009e4c3fe4a0 mode 0
Event: 1.563 Thread 0x00000210fa35d800 DEOPT PACKING pc=0x0000021080970b9f sp=0x0000009e4c3fefd0
Event: 1.563 Thread 0x00000210fa35d800 DEOPT UNPACKING pc=0x000002108004964e sp=0x0000009e4c3fe4a0 mode 0

Classes unloaded (0 events):
No events

Classes redefined (0 events):
No events

Internal exceptions (17 events):
Event: 0.327 Thread 0x00000210ec4af800 Exception <a 'java/lang/ClassNotFoundException'{0x00000000c54ab698}: sun/awt/resources/spi/awtProvider> (0x00000000c54ab698) 
thrown [t:/workspace/open/src/hotspot/share/classfile/systemDictionary.cpp, line 232]
Event: 0.368 Thread 0x00000210ec4af800 Exception <a 'java/io/FileNotFoundException'{0x00000000c5302d78}> (0x00000000c5302d78) 
thrown [t:/workspace/open/src/hotspot/share/prims/jni.cpp, line 598]
Event: 0.392 Thread 0x00000210ec4af800 Exception <a 'java/io/FileNotFoundException'{0x00000000c5329358}> (0x00000000c5329358) 
thrown [t:/workspace/open/src/hotspot/share/prims/jni.cpp, line 598]
Event: 0.508 Thread 0x00000210fa24d000 Exception <a 'java/lang/NoSuchMethodError'{0x00000000c5204bb0}: 'void java.lang.invoke.DirectMethodHandle$Holder.invokeSpecial(java.lang.Object, java.lang.Object)'> (0x00000000c5204bb0) 
thrown [t:/workspace/open/src/hotspot/share/interpreter/linkResolver.cpp, line 767]
Event: 0.591 Thread 0x00000210fa292000 Exception <a 'java/lang/NoSuchMethodError'{0x00000000c52faf08}: 'java.lang.Object java.lang.invoke.DirectMethodHandle$Holder.invokeStatic(java.lang.Object, int, java.lang.Object, java.lang.Object, java.lang.Object, java.lang.Object)'> (0x00000000c52faf08) 
thrown [t:/workspace/open/src/hotspot/share/interpreter/linkResolver.cpp, line 767]
Event: 0.592 Thread 0x00000210fa292000 Exception <a 'java/lang/NoSuchMethodError'{0x00000000c5101d20}: 'java.lang.Object java.lang.invoke.DirectMethodHandle$Holder.invokeStatic(java.lang.Object, int, java.lang.Object, java.lang.Object, java.lang.Object)'> (0x00000000c5101d20) 
thrown [t:/workspace/open/src/hotspot/share/interpreter/linkResolver.cpp, line 767]
Event: 0.593 Thread 0x00000210fa292000 Exception <a 'java/lang/NoSuchMethodError'{0x00000000c5105588}: 'java.lang.Object java.lang.invoke.DirectMethodHandle$Holder.invokeSpecial(java.lang.Object, java.lang.Object, int, java.lang.Object, java.lang.Object, java.lang.Object)'> (0x00000000c5105588) 
thrown [t:/workspace/open/src/hotspot/share/interpreter/linkResolver.cpp, line 767]
Event: 0.598 Thread 0x00000210fa292000 Exception <a 'java/lang/NoSuchMethodError'{0x00000000c511b8b0}: 'java.lang.Object java.lang.invoke.DirectMethodHandle$Holder.invokeStatic(java.lang.Object, int, java.lang.Object)'> (0x00000000c511b8b0) 
thrown [t:/workspace/open/src/hotspot/share/interpreter/linkResolver.cpp, line 767]
Event: 0.628 Thread 0x00000210fa292000 Exception <a 'java/lang/ClassNotFoundException'{0x00000000c51bf080}: com/sun/swing/internal/plaf/metal/resources/spi/metalProvider> (0x00000000c51bf080) 
thrown [t:/workspace/open/src/hotspot/share/classfile/systemDictionary.cpp, line 232]
Event: 0.630 Thread 0x00000210fa292000 Exception <a 'java/lang/ClassNotFoundException'{0x00000000c51c3128}: com/sun/swing/internal/plaf/basic/resources/spi/basicProvider> (0x00000000c51c3128) 
thrown [t:/workspace/open/src/hotspot/share/classfile/systemDictionary.cpp, line 232]
Event: 0.669 Thread 0x00000210fa292000 Exception <a 'java/net/UnknownHostException'{0x00000000c51fa668}> (0x00000000c51fa668) 
thrown [t:/workspace/open/src/hotspot/share/prims/jni.cpp, line 598]
Event: 1.392 Thread 0x00000210fa292000 Exception <a 'java/lang/NoSuchMethodError'{0x00000000c5436bc0}: 'int java.lang.invoke.DirectMethodHandle$Holder.invokeSpecialIFC(java.lang.Object, java.lang.Object, int)'> (0x00000000c5436bc0) 
thrown [t:/workspace/open/src/hotspot/share/interpreter/linkResolver.cpp, line 767]
Event: 1.509 Thread 0x00000210fa292000 Exception <a 'java/io/FileNotFoundException'{0x00000000c4a35048}> (0x00000000c4a35048) 
thrown [t:/workspace/open/src/hotspot/share/prims/jni.cpp, line 598]
Event: 1.512 Thread 0x00000210fa292000 Exception <a 'java/io/FileNotFoundException'{0x00000000c4a43990}> (0x00000000c4a43990) 
thrown [t:/workspace/open/src/hotspot/share/prims/jni.cpp, line 598]
Event: 1.513 Thread 0x00000210fa292000 Exception <a 'java/io/FileNotFoundException'{0x00000000c4a4c000}> (0x00000000c4a4c000) 
thrown [t:/workspace/open/src/hotspot/share/prims/jni.cpp, line 598]
Event: 1.547 Thread 0x00000210fa292000 Exception <a 'java/lang/NoSuchMethodError'{0x00000000c4ab84a0}: 'void java.lang.invoke.DirectMethodHandle$Holder.invokeStaticInit(java.lang.Object)'> (0x00000000c4ab84a0) 
thrown [t:/workspace/open/src/hotspot/share/interpreter/linkResolver.cpp, line 767]
Event: 1.555 Thread 0x00000210fa292000 Exception <a 'java/lang/NoSuchMethodError'{0x00000000c490d180}: 'java.lang.Object java.lang.invoke.Invokers$Holder.linkToTargetMethod(java.lang.Object, int, java.lang.Object)'> (0x00000000c490d180) 
thrown [t:/workspace/open/src/hotspot/share/interpreter/linkResolver.cpp, line 767]

Events (20 events):
Event: 1.551 loading class sun/awt/windows/WingDings
Event: 1.551 loading class sun/awt/windows/WingDings done
Event: 1.551 loading class sun/awt/windows/WingDings$Encoder
Event: 1.552 loading class sun/awt/windows/WingDings$Encoder done
Event: 1.552 loading class sun/awt/Symbol
Event: 1.552 loading class sun/awt/Symbol done
Event: 1.552 loading class sun/awt/Symbol$Encoder
Event: 1.552 loading class sun/awt/Symbol$Encoder done
Event: 1.552 Executing VM operation: RevokeBias
Event: 1.552 Executing VM operation: RevokeBias done
Event: 1.555 Executing VM operation: RevokeBias
Event: 1.555 Executing VM operation: RevokeBias done
Event: 1.555 Executing VM operation: RevokeBias
Event: 1.555 Executing VM operation: RevokeBias done
Event: 1.556 Executing VM operation: RevokeBias
Event: 1.556 Executing VM operation: RevokeBias done
Event: 1.563 Executing VM operation: RevokeBias
Event: 1.563 Executing VM operation: RevokeBias done
Event: 1.564 Executing VM operation: G1CollectForAllocation
Event: 1.567 Executing VM operation: G1CollectForAllocation done


Dynamic libraries:
0x00007ff63bdd0000 - 0x00007ff63bddf000 	C:\Program Files\Java\jdk-13.0.2\bin\javaw.exe
0x00007ffd17a20000 - 0x00007ffd17c10000 	C:\Windows\SYSTEM32\ntdll.dll
0x00007ffd15f60000 - 0x00007ffd16012000 	C:\Windows\System32\KERNEL32.DLL
0x00007ffd14c90000 - 0x00007ffd14f35000 	C:\Windows\System32\KERNELBASE.dll
0x00007ffd14b10000 - 0x00007ffd14c0a000 	C:\Windows\System32\ucrtbase.dll
0x00007ffd114f0000 - 0x00007ffd11505000 	C:\Program Files\Java\jdk-13.0.2\bin\VCRUNTIME140.dll
0x00007ffd115f0000 - 0x00007ffd11608000 	C:\Program Files\Java\jdk-13.0.2\bin\jli.dll
0x00007ffd16020000 - 0x00007ffd160c3000 	C:\Windows\System32\ADVAPI32.dll
0x00007ffd178f0000 - 0x00007ffd1798e000 	C:\Windows\System32\msvcrt.dll
0x00007ffd163b0000 - 0x00007ffd16447000 	C:\Windows\System32\sechost.dll
0x00007ffd15b10000 - 0x00007ffd15c2f000 	C:\Windows\System32\RPCRT4.dll
0x00007ffd16210000 - 0x00007ffd163a4000 	C:\Windows\System32\USER32.dll
0x00007ffd05e70000 - 0x00007ffd060f4000 	C:\Windows\WinSxS\amd64_microsoft.windows.common-controls_6595b64144ccf1df_6.0.18362.1316_none_9e7a364fe461dbd7\COMCTL32.dll
0x00007ffd14f40000 - 0x00007ffd14f61000 	C:\Windows\System32\win32u.dll
0x00007ffd17060000 - 0x00007ffd17397000 	C:\Windows\System32\combase.dll
0x00007ffd15c30000 - 0x00007ffd15c56000 	C:\Windows\System32\GDI32.dll
0x00007ffd14f70000 - 0x00007ffd15108000 	C:\Windows\System32\gdi32full.dll
0x00007ffd151b0000 - 0x00007ffd15231000 	C:\Windows\System32\bcryptPrimitives.dll
0x00007ffd15110000 - 0x00007ffd151ae000 	C:\Windows\System32\msvcp_win.dll
0x00007ffd06130000 - 0x00007ffd0613a000 	C:\Windows\SYSTEM32\VERSION.dll
0x00007ffd15c60000 - 0x00007ffd15c8e000 	C:\Windows\System32\IMM32.DLL
0x00007ffcf52f0000 - 0x00007ffcf538b000 	C:\Program Files\Java\jdk-13.0.2\bin\msvcp140.dll
0x00007ffce1e90000 - 0x00007ffce29ed000 	C:\Program Files\Java\jdk-13.0.2\bin\server\jvm.dll
0x00007ffd15aa0000 - 0x00007ffd15aa8000 	C:\Windows\System32\PSAPI.DLL
0x00007ffd104e0000 - 0x00007ffd104e9000 	C:\Windows\SYSTEM32\WSOCK32.dll
0x00007ffd112b0000 - 0x00007ffd112d4000 	C:\Windows\SYSTEM32\WINMM.dll
0x00007ffd16610000 - 0x00007ffd1667f000 	C:\Windows\System32\WS2_32.dll
0x00007ffd11280000 - 0x00007ffd112ad000 	C:\Windows\SYSTEM32\WINMMBASE.dll
0x00007ffd14ac0000 - 0x00007ffd14b0a000 	C:\Windows\System32\cfgmgr32.dll
0x00007ffd14900000 - 0x00007ffd14911000 	C:\Windows\System32\kernel.appcore.dll
0x00007ffd10200000 - 0x00007ffd10210000 	C:\Program Files\Java\jdk-13.0.2\bin\verify.dll
0x00007ffd03ef0000 - 0x00007ffd040e4000 	C:\Windows\SYSTEM32\DBGHELP.DLL
0x00007ffd03e10000 - 0x00007ffd03e3a000 	C:\Windows\SYSTEM32\dbgcore.DLL
0x00007ffd065b0000 - 0x00007ffd065d6000 	C:\Program Files\Java\jdk-13.0.2\bin\java.dll
0x00007ffd0a910000 - 0x00007ffd0a927000 	C:\Program Files\Java\jdk-13.0.2\bin\zip.dll
0x00007ffd0c050000 - 0x00007ffd0c05a000 	C:\Program Files\Java\jdk-13.0.2\bin\jimage.dll
0x00007ffd16680000 - 0x00007ffd16d68000 	C:\Windows\System32\SHELL32.dll
0x00007ffd15de0000 - 0x00007ffd15e87000 	C:\Windows\System32\shcore.dll
0x00007ffd15320000 - 0x00007ffd15a9b000 	C:\Windows\System32\windows.storage.dll
0x00007ffd148d0000 - 0x00007ffd148f3000 	C:\Windows\System32\profapi.dll
0x00007ffd14920000 - 0x00007ffd1496a000 	C:\Windows\System32\powrprof.dll
0x00007ffd148a0000 - 0x00007ffd148b0000 	C:\Windows\System32\UMPDC.dll
0x00007ffd17880000 - 0x00007ffd178d2000 	C:\Windows\System32\shlwapi.dll
0x00007ffd14c70000 - 0x00007ffd14c87000 	C:\Windows\System32\cryptsp.dll
0x00007ffd0a6c0000 - 0x00007ffd0a6d9000 	C:\Program Files\Java\jdk-13.0.2\bin\net.dll
0x00007ffd0ac60000 - 0x00007ffd0ad50000 	C:\Windows\SYSTEM32\WINHTTP.dll
0x00007ffd140e0000 - 0x00007ffd14147000 	C:\Windows\system32\mswsock.dll
0x00007ffd09da0000 - 0x00007ffd09db3000 	C:\Program Files\Java\jdk-13.0.2\bin\nio.dll
0x00007ffce8720000 - 0x00007ffce88b9000 	C:\Program Files\Java\jdk-13.0.2\bin\awt.dll
0x00007ffd15d10000 - 0x00007ffd15dd5000 	C:\Windows\System32\OLEAUT32.dll
0x00007ffd12a10000 - 0x00007ffd12a9f000 	C:\Windows\SYSTEM32\apphelp.dll
0x00007ffd12b50000 - 0x00007ffd12be9000 	C:\Windows\system32\uxtheme.dll
0x00007ffd160d0000 - 0x00007ffd16205000 	C:\Windows\System32\MSCTF.dll
0x00007ffd16450000 - 0x00007ffd165a7000 	C:\Windows\System32\ole32.dll
0x00007ffd13010000 - 0x00007ffd1303d000 	C:\Windows\system32\DWMAPI.DLL
0x00007ffce66a0000 - 0x00007ffce67f6000 	C:\Windows\system32\opengl32.dll
0x00007ffcfbbe0000 - 0x00007ffcfbc0c000 	C:\Windows\SYSTEM32\GLU32.dll
0x00007ffd134e0000 - 0x00007ffd13500000 	C:\Windows\SYSTEM32\dxcore.dll
0x00007ffd13e30000 - 0x00007ffd13efb000 	C:\Windows\SYSTEM32\DNSAPI.dll
0x00007ffd178e0000 - 0x00007ffd178e8000 	C:\Windows\System32\NSI.dll
0x00007ffd13df0000 - 0x00007ffd13e2a000 	C:\Windows\SYSTEM32\IPHLPAPI.DLL
0x00007ffd0a5c0000 - 0x00007ffd0a5ca000 	C:\Windows\System32\rasadhlp.dll
0x00007ffcf62a0000 - 0x00007ffcf6322000 	C:\Program Files\Java\jdk-13.0.2\bin\freetype.dll
0x00007ffcf5240000 - 0x00007ffcf52e6000 	C:\Program Files\Java\jdk-13.0.2\bin\fontmanager.dll

dbghelp: loaded successfully - version: 4.0.5 - missing functions: none
symbol engine: initialized successfully - sym options: 0x614 - pdb path: .;C:\Program Files\Java\jdk-13.0.2\bin;C:\Windows\SYSTEM32;C:\Windows\WinSxS\amd64_microsoft.windows.common-controls_6595b64144ccf1df_6.0.18362.1316_none_9e7a364fe461dbd7;C:\Program Files\Java\jdk-13.0.2\bin\server

VM Arguments:
jvm_args: -Dfile.encoding=Cp1252 
java_command: Application.Home
java_class_path (initial): C:\Users\User\Desktop\Programmes\Java\Workspace\DriveOperations\target\classes;C:\Users\User\Desktop\Libraries\jcalendar-1.4.jar;C:\Users\User\Desktop\Libraries\jgoodies-common-1.8.0.jar;C:\Users\User\Desktop\Libraries\jgoodies-forms-1.8.0.jar;C:\Users\User\Desktop\Libraries\miglayout15-swing.jar;C:\Users\User\Downloads\javax.mail.jar;C:\Users\User\Downloads\activation-1.1.1.jar;C:\Users\User\Downloads\jcalendar-1.4.jar;C:\Users\User\Downloads\jfreechart-1.0.19\lib\jcommon-1.0.23.jar;C:\Users\User\Downloads\jfreechart-1.0.19\lib\jfreechart-1.0.19.jar;C:\Users\User\Downloads\commons-net-3.8.0\commons-net-3.8.0.jar;C:\Users\User\Documents\Libs\comm-2.0.jar;C:\Users\User\Documents\Libs\http-2.2.1.jar;C:\Users\User\Documents\Libs\mysql-connector-java-5.1.45.jar;C:\Users\User\.m2\repository\com\google\apis\google-api-services-drive\v3-rev105-1.23.0\google-api-services-drive-v3-rev105-1.23.0.jar;C:\Users\User\.m2\repository\com\google\api-client\google-api-client\1.23.0\google-api-client-1.23.0.jar;C:\Users\User\.m2\repository\com\google\oauth-client\google-oauth-client\1.23.0\google-oauth-client-1.23.0.jar;C:\Users\User\.m2\repository\com\google\http-client\google-http-client\1.23.0\google-http-client-1.23.0.jar;C:\Users\User\.m2\repository\org\apache\httpcomponents\httpclient\4.0.1\httpclient-4.0.1.jar;C:\Users\User\.m2\repository\org\apache\httpcomponents\httpcore\4.0.1\httpcore-4.0.1.jar;C:\Users\User\.m2\repository\commons-logging\commons-logging\1.1.1\commons-logging-1.1.1.jar;C:\Users\User\.m2\repository\commons-codec\commons-codec\1.3\commons-codec-1.3.jar;C:\Users\User\.m2\repository\com\google\code\findbugs\jsr305\1.3.9\jsr305-1.3.9.jar;C:\Users\User\.m2\repository\com\google\http-client\google-http-client-jackson2\1.23.0\google-http-client-jackson2-1.23.0.jar;C:\Users\User\.m2\repository\com\fasterxml\jackson\core\jackson-core\2.1.3\jackson-core-2.1.3.jar;C:\Users\User\.m2\repository\com\google\guava\guava-jdk5\17.0\guava-jdk5-17.0.
Launcher Type: SUN_STANDARD

[Global flags]
     intx CICompilerCount                          = 3                                         {product} {ergonomic}
     uint ConcGCThreads                            = 1                                         {product} {ergonomic}
     uint G1ConcRefinementThreads                  = 4                                         {product} {ergonomic}
   size_t G1HeapRegionSize                         = 1048576                                   {product} {ergonomic}
    uintx GCDrainStackTargetSize                   = 64                                        {product} {ergonomic}
   size_t InitialHeapSize                          = 67108864                                  {product} {ergonomic}
   size_t MarkStackSize                            = 4194304                                   {product} {ergonomic}
   size_t MaxHeapSize                              = 1050673152                                {product} {ergonomic}
   size_t MaxNewSize                               = 630194176                                 {product} {ergonomic}
   size_t MinHeapDeltaBytes                        = 1048576                                   {product} {ergonomic}
   size_t MinHeapSize                              = 8388608                                   {product} {ergonomic}
    uintx NonNMethodCodeHeapSize                   = 5832780                                {pd product} {ergonomic}
    uintx NonProfiledCodeHeapSize                  = 122912730                              {pd product} {ergonomic}
    uintx ProfiledCodeHeapSize                     = 122912730                              {pd product} {ergonomic}
    uintx ReservedCodeCacheSize                    = 251658240                              {pd product} {ergonomic}
     bool SegmentedCodeCache                       = true                                      {product} {ergonomic}
   size_t SoftMaxHeapSize                          = 1050673152                             {manageable} {ergonomic}
     bool UseCompressedClassPointers               = true                                 {lp64_product} {ergonomic}
     bool UseCompressedOops                        = true                                 {lp64_product} {ergonomic}
     bool UseG1GC                                  = true                                      {product} {ergonomic}
     bool UseLargePagesIndividualAllocation        = false                                  {pd product} {ergonomic}

Logging:
Log output configuration:
 #0: stdout all=warning uptime,level,tags
 #1: stderr all=off uptime,level,tags

Environment Variables:
JAVA_HOME=C:\Program Files (x86)\Java\jre1.8.0_241
PATH=C:\Program Files\Java\jdk-13.0.2\bin;C:\Program Files (x86)\Common Files\Oracle\Java\javapath;C:\Windows\system32;C:\Windows;C:\Windows\System32\Wbem;C:\Windows\System32\WindowsPowerShell\v1.0\;C:\Windows\System32\OpenSSH\;C:\Program Files (x86)\apache-maven-3.8.1\bin;C:\Program Files (x86)\gradle-7.1.1\bin;C:\Users\User\AppData\Local\Microsoft\WindowsApps;C:\Users\User\AppData\Local\Programs\Microsoft VS Code\bin;C:\Program Files (x86)\gradle-7.1.1\bin;
USERNAME=User
OS=Windows_NT
PROCESSOR_IDENTIFIER=Intel64 Family 6 Model 42 Stepping 7, GenuineIntel



---------------  S Y S T E M  ---------------

OS: Windows 10 , 64 bit Build 18362 (10.0.18362.1316)

CPU:total 4 (initial active 4) (2 cores per cpu, 2 threads per core) family 6 model 42 stepping 7, cmov, cx8, fxsr, mmx, sse, sse2, sse3, ssse3, sse4.1, sse4.2, popcnt, avx, aes, clmul, ht, tsc, tscinvbit

Memory: 4k page, system-wide physical 4006M (462M free)
TotalPageFile size 16294M (AvailPageFile size 49M)
current process WorkingSet (physical memory assigned to process): 87M, peak: 87M
current process commit charge ("private bytes"): 164M, peak: 276M

vm_info: Java HotSpot(TM) 64-Bit Server VM (13.0.2+8) for windows-amd64 JRE (13.0.2+8), built on Dec 11 2019 09:20:33 by "mach5one" with unknown MS VC++:1916

END.
