#
# There is insufficient memory for the Java Runtime Environment to continue.
# Native memory allocation (mmap) failed to map 157286400 bytes for Failed to commit area from 0x00000000c5600000 to 0x00000000cec00000 of length 157286400.
# Possible reasons:
#   The system is out of physical RAM or swap space
#   The process is running with CompressedOops enabled, and the Java Heap may be blocking the growth of the native heap
# Possible solutions:
#   Reduce memory load on the system
#   Increase physical memory or swap space
#   Check if swap backing store is full
#   Decrease Java heap size (-Xmx/-Xms)
#   Decrease number of Java threads
#   Decrease Java thread stack sizes (-Xss)
#   Set larger code cache with -XX:ReservedCodeCacheSize=
#   JVM is running with Unscaled Compressed Oops mode in which the Java heap is
#     placed in the first 4GB address space. The Java Heap base address is the
#     maximum limit for the native heap growth. Please use -XX:HeapBaseMinAddress
#     to set the Java Heap base and to place the Java Heap above 4GB virtual address.
# This output file may be truncated or incomplete.
#
#  Out of Memory Error (t:/workspace/open/src/hotspot/os/windows/os_windows.cpp:3301), pid=1576, tid=4504
#
# JRE version: Java(TM) SE Runtime Environment (13.0.2+8) (build 13.0.2+8)
# Java VM: Java HotSpot(TM) 64-Bit Server VM (13.0.2+8, mixed mode, sharing, tiered, compressed oops, g1 gc, windows-amd64)
# No core dump will be written. Minidumps are not enabled by default on client versions of Windows
#

---------------  S U M M A R Y ------------

Command Line: -Dfile.encoding=Cp1252 Application.Home

Host: Intel(R) Core(TM) i5-2520M CPU @ 2.50GHz, 4 cores, 3G,  Windows 10 , 64 bit Build 18362 (10.0.18362.1500)
Time: Thu Jul 28 13:53:25 2022 Afrique de l?Est elapsed time: 6 seconds (0d 0h 0m 6s)

---------------  T H R E A D  ---------------

Current thread (0x0000020122d48000):  JavaThread "Image Fetcher 1" daemon [_thread_in_vm, id=4504, stack(0x0000006473a00000,0x0000006473b00000)]

Stack: [0x0000006473a00000,0x0000006473b00000]
Native frames: (J=compiled Java code, j=interpreted, Vv=VM code, C=native code)
V  [jvm.dll+0x624f9a]
V  [jvm.dll+0x770cfa]
V  [jvm.dll+0x7724af]
V  [jvm.dll+0x772ab3]
V  [jvm.dll+0x24bf08]
V  [jvm.dll+0x6222aa]
V  [jvm.dll+0x6170b5]
V  [jvm.dll+0x30a88c]
V  [jvm.dll+0x30a6c2]
V  [jvm.dll+0x30fe36]
V  [jvm.dll+0x353f46]
V  [jvm.dll+0x353720]
V  [jvm.dll+0x2e5d5e]
V  [jvm.dll+0x2e16ff]
V  [jvm.dll+0x5be8b5]
V  [jvm.dll+0x5be33b]
V  [jvm.dll+0x1f48d5]
V  [jvm.dll+0x74b3a7]
V  [jvm.dll+0x3783ea]
C  0x000002010e11fd37

Java frames: (J=compiled Java code, j=interpreted, Vv=VM code)
j  java.awt.image.DataBufferInt.<init>(I)V+11 java.desktop@13.0.2
j  java.awt.image.Raster.createPackedRaster(III[ILjava/awt/Point;)Ljava/awt/image/WritableRaster;+69 java.desktop@13.0.2
j  java.awt.image.DirectColorModel.createCompatibleWritableRaster(II)Ljava/awt/image/WritableRaster;+83 java.desktop@13.0.2
j  sun.awt.image.ImageRepresentation.createBufferedImage()V+18 java.desktop@13.0.2
J 2512 c1 sun.awt.image.ImageRepresentation.setPixels(IIIILjava/awt/image/ColorModel;[III)V java.desktop@13.0.2 (527 bytes) @ 0x000002010ebdc36c [0x000002010ebdbfe0+0x000000000000038c]
J 2514 c1 sun.awt.image.ImageDecoder.setPixels(IIIILjava/awt/image/ColorModel;[III)I java.desktop@13.0.2 (58 bytes) @ 0x000002010ebdfd44 [0x000002010ebdf800+0x0000000000000544]
j  sun.awt.image.JPEGImageDecoder.sendPixels([II)Z+14 java.desktop@13.0.2
v  ~StubRoutines::call_stub
j  sun.awt.image.JPEGImageDecoder.readImage(Ljava/io/InputStream;[B)V+0 java.desktop@13.0.2
j  sun.awt.image.JPEGImageDecoder.produceImage()V+10 java.desktop@13.0.2
j  sun.awt.image.InputStreamImageSource.doFetch()V+51 java.desktop@13.0.2
j  sun.awt.image.ImageFetcher.fetchloop()V+31 java.desktop@13.0.2
j  sun.awt.image.ImageFetcher.run()V+5 java.desktop@13.0.2
v  ~StubRoutines::call_stub

---------------  P R O C E S S  ---------------

Threads class SMR info:
_java_thread_list=0x0000020124380760, length=21, elements={
0x0000020121c00000, 0x0000020121c05800, 0x0000020121c1f000, 0x0000020121c21800,
0x0000020121c22800, 0x0000020121c35800, 0x0000020121c41800, 0x0000020122675800,
0x000002012266d000, 0x0000020122aee800, 0x0000020122aef800, 0x0000020122b0b800,
0x0000020122b1a000, 0x0000020105c03000, 0x0000020122b71000, 0x0000020122b6d800,
0x0000020122e50000, 0x0000020123cfd000, 0x000002012438d800, 0x0000020122e51000,
0x0000020122d48000
}

Java Threads: ( => current thread )
  0x0000020121c00000 JavaThread "Reference Handler" daemon [_thread_blocked, id=10548, stack(0x0000006472200000,0x0000006472300000)]
  0x0000020121c05800 JavaThread "Finalizer" daemon [_thread_blocked, id=9292, stack(0x0000006472300000,0x0000006472400000)]
  0x0000020121c1f000 JavaThread "Signal Dispatcher" daemon [_thread_blocked, id=2904, stack(0x0000006472400000,0x0000006472500000)]
  0x0000020121c21800 JavaThread "Attach Listener" daemon [_thread_blocked, id=1344, stack(0x0000006472500000,0x0000006472600000)]
  0x0000020121c22800 JavaThread "C2 CompilerThread0" daemon [_thread_blocked, id=9348, stack(0x0000006472600000,0x0000006472700000)]
  0x0000020121c35800 JavaThread "C1 CompilerThread0" daemon [_thread_blocked, id=9892, stack(0x0000006472700000,0x0000006472800000)]
  0x0000020121c41800 JavaThread "Sweeper thread" daemon [_thread_blocked, id=10128, stack(0x0000006472800000,0x0000006472900000)]
  0x0000020122675800 JavaThread "Service Thread" daemon [_thread_blocked, id=6740, stack(0x0000006472900000,0x0000006472a00000)]
  0x000002012266d000 JavaThread "Common-Cleaner" daemon [_thread_blocked, id=7348, stack(0x0000006472b00000,0x0000006472c00000)]
  0x0000020122aee800 JavaThread "Java2D Disposer" daemon [_thread_blocked, id=11836, stack(0x0000006472c00000,0x0000006472d00000)]
  0x0000020122aef800 JavaThread "AWT-Shutdown" [_thread_blocked, id=656, stack(0x0000006472d00000,0x0000006472e00000)]
  0x0000020122b0b800 JavaThread "AWT-Windows" daemon [_thread_in_native, id=7812, stack(0x0000006472e00000,0x0000006472f00000)]
  0x0000020122b1a000 JavaThread "AWT-EventQueue-0" [_thread_blocked, id=2604, stack(0x0000006472f00000,0x0000006473000000)]
  0x0000020105c03000 JavaThread "DestroyJavaVM" [_thread_blocked, id=12272, stack(0x0000006471b00000,0x0000006471c00000)]
  0x0000020122b71000 JavaThread "Abandoned connection cleanup thread" daemon [_thread_blocked, id=9268, stack(0x0000006473000000,0x0000006473100000)]
  0x0000020122b6d800 JavaThread "mysql-cj-abandoned-connection-cleanup" daemon [_thread_blocked, id=10748, stack(0x0000006473100000,0x0000006473200000)]
  0x0000020122e50000 JavaThread "java-sdk-http-connection-reaper" daemon [_thread_blocked, id=576, stack(0x0000006473700000,0x0000006473800000)]
  0x0000020123cfd000 JavaThread "Image Fetcher 0" daemon [_thread_blocked, id=2936, stack(0x0000006473200000,0x0000006473300000)]
  0x000002012438d800 JavaThread "TimerQueue" daemon [_thread_blocked, id=580, stack(0x0000006473800000,0x0000006473900000)]
  0x0000020122e51000 JavaThread "C2 CompilerThread1" daemon [_thread_blocked, id=8500, stack(0x0000006473900000,0x0000006473a00000)]
=>0x0000020122d48000 JavaThread "Image Fetcher 1" daemon [_thread_in_vm, id=4504, stack(0x0000006473a00000,0x0000006473b00000)]

Other Threads:
  0x0000020121bfc800 VMThread "VM Thread" [stack: 0x0000006472100000,0x0000006472200000] [id=8448]
  0x0000020122676800 WatcherThread [stack: 0x0000006472a00000,0x0000006472b00000] [id=8928]
  0x0000020105c33000 GCTaskThread "GC Thread#0" [stack: 0x0000006471c00000,0x0000006471d00000] [id=9412]
  0x00000201231a8800 GCTaskThread "GC Thread#1" [stack: 0x0000006473300000,0x0000006473400000] [id=12180]
  0x00000201231aa800 GCTaskThread "GC Thread#2" [stack: 0x0000006473400000,0x0000006473500000] [id=10984]
  0x00000201231a9000 GCTaskThread "GC Thread#3" [stack: 0x0000006473500000,0x0000006473600000] [id=8808]
  0x0000020105c3d000 ConcurrentGCThread "G1 Main Marker" [stack: 0x0000006471d00000,0x0000006471e00000] [id=5748]
  0x0000020105c42000 ConcurrentGCThread "G1 Conc#0" [stack: 0x0000006471e00000,0x0000006471f00000] [id=9256]
  0x0000020105c96000 ConcurrentGCThread "G1 Refine#0" [stack: 0x0000006471f00000,0x0000006472000000] [id=7304]
  0x000002012274c800 ConcurrentGCThread "G1 Refine#1" [stack: 0x0000006473600000,0x0000006473700000] [id=11824]
  0x0000020105c97000 ConcurrentGCThread "G1 Young RemSet Sampling" [stack: 0x0000006472000000,0x0000006472100000] [id=11184]

Threads with active compile tasks:

VM state:not at safepoint (normal execution)

VM Mutex/Monitor currently owned by a thread:  ([mutex/lock_event])
[0x0000020105bfebb0] Heap_lock - owner thread: 0x0000020122d48000

Heap address: 0x00000000c1600000, size: 1002 MB, Compressed Oops mode: 32-bit
Narrow klass base: 0x0000000800000000, Narrow klass shift: 3
Compressed class space size: 1073741824 Address: 0x0000000800b40000

Heap:
 garbage-first heap   total 219136K, used 21659K [0x00000000c1600000, 0x0000000100000000)
  region size 1024K, 1 young (1024K), 1 survivors (1024K)
 Metaspace       used 30556K, capacity 31141K, committed 31232K, reserved 1077248K
  class space    used 3549K, capacity 3751K, committed 3840K, reserved 1048576K
Heap Regions: E=young(eden), S=young(survivor), O=old, HS=humongous(starts), HC=humongous(continues), CS=collection set, F=free, A=archive, TAMS=top-at-mark-start (previous, next)
|   0|0x00000000c1600000, 0x00000000c1700000, 0x00000000c1700000|100%| O|  |TAMS 0x00000000c1700000, 0x00000000c1700000| Untracked 
|   1|0x00000000c1700000, 0x00000000c1800000, 0x00000000c1800000|100%| O|  |TAMS 0x00000000c1800000, 0x00000000c1800000| Untracked 
|   2|0x00000000c1800000, 0x00000000c1900000, 0x00000000c1900000|100%| O|  |TAMS 0x00000000c1900000, 0x00000000c1900000| Untracked 
|   3|0x00000000c1900000, 0x00000000c1a00000, 0x00000000c1a00000|100%| O|  |TAMS 0x00000000c1a00000, 0x00000000c1a00000| Untracked 
|   4|0x00000000c1a00000, 0x00000000c1b00000, 0x00000000c1b00000|100%| O|  |TAMS 0x00000000c1b00000, 0x00000000c1b00000| Untracked 
|   5|0x00000000c1b00000, 0x00000000c1c00000, 0x00000000c1c00000|100%| O|  |TAMS 0x00000000c1c00000, 0x00000000c1c00000| Untracked 
|   6|0x00000000c1c00000, 0x00000000c1d00000, 0x00000000c1d00000|100%| O|  |TAMS 0x00000000c1d00000, 0x00000000c1d00000| Untracked 
|   7|0x00000000c1d00000, 0x00000000c1e00000, 0x00000000c1e00000|100%| O|  |TAMS 0x00000000c1e00000, 0x00000000c1e00000| Untracked 
|   8|0x00000000c1e00000, 0x00000000c1f00000, 0x00000000c1f00000|100%| O|  |TAMS 0x00000000c1f00000, 0x00000000c1f00000| Untracked 
|   9|0x00000000c1f00000, 0x00000000c1f88e00, 0x00000000c2000000| 53%| O|  |TAMS 0x00000000c1f88e00, 0x00000000c1f88e00| Untracked 
|  10|0x00000000c2000000, 0x00000000c2100000, 0x00000000c2100000|100%| O|  |TAMS 0x00000000c2100000, 0x00000000c2100000| Untracked 
|  11|0x00000000c2100000, 0x00000000c2200000, 0x00000000c2200000|100%| O|  |TAMS 0x00000000c2200000, 0x00000000c2200000| Untracked 
|  12|0x00000000c2200000, 0x00000000c2300000, 0x00000000c2300000|100%| O|  |TAMS 0x00000000c2300000, 0x00000000c2300000| Untracked 
|  13|0x00000000c2300000, 0x00000000c2400000, 0x00000000c2400000|100%| O|  |TAMS 0x00000000c2300000, 0x00000000c2400000| Untracked 
|  14|0x00000000c2400000, 0x00000000c2458000, 0x00000000c2500000| 34%| O|  |TAMS 0x00000000c2400000, 0x00000000c2458000| Untracked 
|  15|0x00000000c2500000, 0x00000000c2500000, 0x00000000c2600000|  0%| F|  |TAMS 0x00000000c2500000, 0x00000000c2500000| Untracked 
|  16|0x00000000c2600000, 0x00000000c2700000, 0x00000000c2700000|100%|HS|  |TAMS 0x00000000c2700000, 0x00000000c2700000| Complete 
|  17|0x00000000c2700000, 0x00000000c2800000, 0x00000000c2800000|100%|HC|  |TAMS 0x00000000c2800000, 0x00000000c2800000| Complete 
|  18|0x00000000c2800000, 0x00000000c2900000, 0x00000000c2900000|100%|HC|  |TAMS 0x00000000c2900000, 0x00000000c2900000| Complete 
|  19|0x00000000c2900000, 0x00000000c2a00000, 0x00000000c2a00000|100%|HC|  |TAMS 0x00000000c2a00000, 0x00000000c2a00000| Complete 
|  20|0x00000000c2a00000, 0x00000000c2b00000, 0x00000000c2b00000|100%| O|  |TAMS 0x00000000c2ad8400, 0x00000000c2b00000| Untracked 
|  21|0x00000000c2b00000, 0x00000000c2c00000, 0x00000000c2c00000|100%|HS|  |TAMS 0x00000000c2b00000, 0x00000000c2c00000| Complete 
|  22|0x00000000c2c00000, 0x00000000c2d00000, 0x00000000c2d00000|100%|HC|  |TAMS 0x00000000c2c00000, 0x00000000c2d00000| Complete 
|  23|0x00000000c2d00000, 0x00000000c2d00000, 0x00000000c2e00000|  0%| F|  |TAMS 0x00000000c2d00000, 0x00000000c2d00000| Untracked 
|  24|0x00000000c2e00000, 0x00000000c2e00000, 0x00000000c2f00000|  0%| F|  |TAMS 0x00000000c2e00000, 0x00000000c2e00000| Untracked 
|  25|0x00000000c2f00000, 0x00000000c2f00000, 0x00000000c3000000|  0%| F|  |TAMS 0x00000000c2f00000, 0x00000000c2f00000| Untracked 
|  26|0x00000000c3000000, 0x00000000c3000000, 0x00000000c3100000|  0%| F|  |TAMS 0x00000000c3000000, 0x00000000c3000000| Untracked 
|  27|0x00000000c3100000, 0x00000000c3100000, 0x00000000c3200000|  0%| F|  |TAMS 0x00000000c3100000, 0x00000000c3100000| Untracked 
|  28|0x00000000c3200000, 0x00000000c3200000, 0x00000000c3300000|  0%| F|  |TAMS 0x00000000c3200000, 0x00000000c3200000| Untracked 
|  29|0x00000000c3300000, 0x00000000c3300000, 0x00000000c3400000|  0%| F|  |TAMS 0x00000000c3300000, 0x00000000c3300000| Untracked 
|  30|0x00000000c3400000, 0x00000000c3400000, 0x00000000c3500000|  0%| F|  |TAMS 0x00000000c3400000, 0x00000000c3400000| Untracked 
|  31|0x00000000c3500000, 0x00000000c3500000, 0x00000000c3600000|  0%| F|  |TAMS 0x00000000c3500000, 0x00000000c3500000| Untracked 
|  32|0x00000000c3600000, 0x00000000c3600000, 0x00000000c3700000|  0%| F|  |TAMS 0x00000000c3600000, 0x00000000c3600000| Untracked 
|  33|0x00000000c3700000, 0x00000000c3700000, 0x00000000c3800000|  0%| F|  |TAMS 0x00000000c3700000, 0x00000000c3700000| Untracked 
|  34|0x00000000c3800000, 0x00000000c3800000, 0x00000000c3900000|  0%| F|  |TAMS 0x00000000c3800000, 0x00000000c3800000| Untracked 
|  35|0x00000000c3900000, 0x00000000c3900000, 0x00000000c3a00000|  0%| F|  |TAMS 0x00000000c3900000, 0x00000000c3900000| Untracked 
|  36|0x00000000c3a00000, 0x00000000c3a461a0, 0x00000000c3b00000| 27%| S|CS|TAMS 0x00000000c3a00000, 0x00000000c3a00000| Complete 
|  37|0x00000000c3b00000, 0x00000000c3b00000, 0x00000000c3c00000|  0%| F|  |TAMS 0x00000000c3b00000, 0x00000000c3b00000| Untracked 
|  38|0x00000000c3c00000, 0x00000000c3c00000, 0x00000000c3d00000|  0%| F|  |TAMS 0x00000000c3c00000, 0x00000000c3c00000| Untracked 
|  39|0x00000000c3d00000, 0x00000000c3d00000, 0x00000000c3e00000|  0%| F|  |TAMS 0x00000000c3d00000, 0x00000000c3d00000| Untracked 
|  40|0x00000000c3e00000, 0x00000000c3e00000, 0x00000000c3f00000|  0%| F|  |TAMS 0x00000000c3e00000, 0x00000000c3e00000| Untracked 
|  41|0x00000000c3f00000, 0x00000000c3f00000, 0x00000000c4000000|  0%| F|  |TAMS 0x00000000c3f00000, 0x00000000c3f00000| Untracked 
|  42|0x00000000c4000000, 0x00000000c4000000, 0x00000000c4100000|  0%| F|  |TAMS 0x00000000c4000000, 0x00000000c4000000| Untracked 
|  43|0x00000000c4100000, 0x00000000c4100000, 0x00000000c4200000|  0%| F|  |TAMS 0x00000000c4100000, 0x00000000c4100000| Untracked 
|  44|0x00000000c4200000, 0x00000000c4200000, 0x00000000c4300000|  0%| F|  |TAMS 0x00000000c4200000, 0x00000000c4200000| Untracked 
|  45|0x00000000c4300000, 0x00000000c4300000, 0x00000000c4400000|  0%| F|  |TAMS 0x00000000c4300000, 0x00000000c4300000| Untracked 
|  46|0x00000000c4400000, 0x00000000c4400000, 0x00000000c4500000|  0%| F|  |TAMS 0x00000000c4400000, 0x00000000c4400000| Untracked 
|  47|0x00000000c4500000, 0x00000000c4500000, 0x00000000c4600000|  0%| F|  |TAMS 0x00000000c4500000, 0x00000000c4500000| Untracked 
|  48|0x00000000c4600000, 0x00000000c4600000, 0x00000000c4700000|  0%| F|  |TAMS 0x00000000c4600000, 0x00000000c4600000| Untracked 
|  49|0x00000000c4700000, 0x00000000c4700000, 0x00000000c4800000|  0%| F|  |TAMS 0x00000000c4700000, 0x00000000c4700000| Untracked 
|  50|0x00000000c4800000, 0x00000000c4800000, 0x00000000c4900000|  0%| F|  |TAMS 0x00000000c4800000, 0x00000000c4800000| Untracked 
|  51|0x00000000c4900000, 0x00000000c4900000, 0x00000000c4a00000|  0%| F|  |TAMS 0x00000000c4900000, 0x00000000c4900000| Untracked 
|  52|0x00000000c4a00000, 0x00000000c4a00000, 0x00000000c4b00000|  0%| F|  |TAMS 0x00000000c4a00000, 0x00000000c4a00000| Untracked 
|  53|0x00000000c4b00000, 0x00000000c4b00000, 0x00000000c4c00000|  0%| F|  |TAMS 0x00000000c4b00000, 0x00000000c4b00000| Untracked 
|  54|0x00000000c4c00000, 0x00000000c4c00000, 0x00000000c4d00000|  0%| F|  |TAMS 0x00000000c4c00000, 0x00000000c4c00000| Untracked 
|  55|0x00000000c4d00000, 0x00000000c4d00000, 0x00000000c4e00000|  0%| F|  |TAMS 0x00000000c4d00000, 0x00000000c4d00000| Untracked 
|  56|0x00000000c4e00000, 0x00000000c4e00000, 0x00000000c4f00000|  0%| F|  |TAMS 0x00000000c4e00000, 0x00000000c4e00000| Untracked 
|  57|0x00000000c4f00000, 0x00000000c4f00000, 0x00000000c5000000|  0%| F|  |TAMS 0x00000000c4f00000, 0x00000000c4f00000| Untracked 
|  58|0x00000000c5000000, 0x00000000c5000000, 0x00000000c5100000|  0%| F|  |TAMS 0x00000000c5000000, 0x00000000c5000000| Untracked 
|  59|0x00000000c5100000, 0x00000000c5100000, 0x00000000c5200000|  0%| F|  |TAMS 0x00000000c5100000, 0x00000000c5100000| Untracked 
|  60|0x00000000c5200000, 0x00000000c5200000, 0x00000000c5300000|  0%| F|  |TAMS 0x00000000c5200000, 0x00000000c5200000| Untracked 
|  61|0x00000000c5300000, 0x00000000c5300000, 0x00000000c5400000|  0%| F|  |TAMS 0x00000000c5300000, 0x00000000c5300000| Untracked 
|  62|0x00000000c5400000, 0x00000000c5400000, 0x00000000c5500000|  0%| F|  |TAMS 0x00000000c5400000, 0x00000000c5400000| Untracked 
|  63|0x00000000c5500000, 0x00000000c5500000, 0x00000000c5600000|  0%| F|  |TAMS 0x00000000c5500000, 0x00000000c5500000| Untracked 

Card table byte_map: [0x000002011d300000,0x000002011d500000] _byte_map_base: 0x000002011ccf5000

Marking Bits (Prev, Next): (CMBitMap*) 0x0000020105c33a38, (CMBitMap*) 0x0000020105c33a78
 Prev Bits: [0x000002011d700000, 0x000002011e6a8000)
 Next Bits: [0x000002011e6b0000, 0x000002011f658000)

Polling page: 0x0000020103b80000

Metaspace:

Usage:
  Non-class:     26.75 MB capacity,    26.37 MB ( 99%) used,   323.91 KB (  1%) free+waste,    59.06 KB ( <1%) overhead. 
      Class:      3.66 MB capacity,     3.47 MB ( 95%) used,   174.22 KB (  5%) free+waste,    27.63 KB ( <1%) overhead. 
       Both:     30.41 MB capacity,    29.84 MB ( 98%) used,   498.13 KB (  2%) free+waste,    86.69 KB ( <1%) overhead. 

Virtual space:
  Non-class space:       28.00 MB reserved,      26.75 MB ( 96%) committed 
      Class space:        1.00 GB reserved,       3.75 MB ( <1%) committed 
             Both:        1.03 GB reserved,      30.50 MB (  3%) committed 

Chunk freelists:
   Non-Class:  2.00 KB
       Class:  25.00 KB
        Both:  27.00 KB

MaxMetaspaceSize: 17179869184.00 GB
CompressedClassSpaceSize: 1.00 GB

CodeHeap 'non-profiled nmethods': size=120000Kb used=993Kb max_used=1005Kb free=119006Kb
 bounds [0x0000020115bd0000, 0x0000020115e40000, 0x000002011d100000]
CodeHeap 'profiled nmethods': size=120000Kb used=4614Kb max_used=5406Kb free=115385Kb
 bounds [0x000002010e6a0000, 0x000002010ec00000, 0x0000020115bd0000]
CodeHeap 'non-nmethods': size=5760Kb used=1390Kb max_used=1427Kb free=4369Kb
 bounds [0x000002010e100000, 0x000002010e370000, 0x000002010e6a0000]
 total_blobs=4249 nmethods=2256 adapters=605
 compilation: enabled
              stopped_count=0, restarted_count=0
 full_count=0

Compilation events (20 events):
Event: 6.713 Thread 0x0000020122e51000 nmethod 2606 0x0000020115cdb610 code [0x0000020115cdb8c0, 0x0000020115cde410]
Event: 6.715 Thread 0x0000020121c35800 nmethod 2621 0x000002010e835390 code [0x000002010e836480, 0x000002010e840090]
Event: 6.715 Thread 0x0000020121c35800 2620       3       com.formdev.flatlaf.ui.FlatButtonUI$FlatButtonListener::propertyChange (18 bytes)
Event: 6.716 Thread 0x0000020121c35800 nmethod 2620 0x000002010e81f010 code [0x000002010e81f1c0, 0x000002010e81f460]
Event: 6.716 Thread 0x0000020121c35800 2619       3       com.formdev.flatlaf.util.UIScale::initialize (48 bytes)
Event: 6.716 Thread 0x0000020122e51000 2623       4       sun.awt.image.PNGImageDecoder::filterRow (460 bytes)
Event: 6.718 Thread 0x0000020121c35800 nmethod 2619 0x000002010e8c5690 code [0x000002010e8c5ac0, 0x000002010e8c7cd0]
Event: 6.760 Thread 0x0000020121c35800 2624       1       java.awt.MediaEntry::getID (5 bytes)
Event: 6.761 Thread 0x0000020121c35800 nmethod 2624 0x0000020115c32e10 code [0x0000020115c32fa0, 0x0000020115c330d8]
Event: 6.762 Thread 0x0000020121c22800 2625       4       java.io.InputStream::<init> (5 bytes)
Event: 6.762 Thread 0x0000020121c22800 nmethod 2625 0x0000020115c1ef10 code [0x0000020115c1f0a0, 0x0000020115c1f118]
Event: 6.794 Thread 0x0000020122e51000 nmethod 2623 0x0000020115c41f10 code [0x0000020115c420c0, 0x0000020115c43138]
Event: 6.798 Thread 0x0000020122e51000 2626       4       sun.awt.AppContext::getAppContext (51 bytes)
Event: 6.798 Thread 0x0000020121c22800 2627       4       java.lang.Boolean::valueOf (14 bytes)
Event: 6.798 Thread 0x0000020121c22800 nmethod 2627 0x0000020115c32b10 code [0x0000020115c32ca0, 0x0000020115c32cf8]
Event: 6.799 Thread 0x0000020122e51000 nmethod 2626 0x0000020115c32810 code [0x0000020115c329a0, 0x0000020115c32a38]
Event: 6.800 Thread 0x0000020121c35800 2628       3       java.awt.RenderingHints$Key::equals (11 bytes)
Event: 6.800 Thread 0x0000020121c35800 nmethod 2628 0x000002010ea94d90 code [0x000002010ea94f40, 0x000002010ea95118]
Event: 6.800 Thread 0x0000020121c35800 2629       3       javax.swing.AbstractButton::setUIProperty (139 bytes)
Event: 6.800 Thread 0x0000020121c35800 nmethod 2629 0x000002010e850210 code [0x000002010e850460, 0x000002010e851160]

GC Heap History (16 events):
Event: 0.861 GC heap before
{Heap before GC invocations=0 (full 0):
 garbage-first heap   total 65536K, used 14336K [0x00000000c1600000, 0x0000000100000000)
  region size 1024K, 14 young (14336K), 0 survivors (0K)
 Metaspace       used 7220K, capacity 7547K, committed 7808K, reserved 1056768K
  class space    used 719K, capacity 834K, committed 896K, reserved 1048576K
}
Event: 0.866 GC heap after
{Heap after GC invocations=1 (full 0):
 garbage-first heap   total 65536K, used 4642K [0x00000000c1600000, 0x0000000100000000)
  region size 1024K, 2 young (2048K), 2 survivors (2048K)
 Metaspace       used 7220K, capacity 7547K, committed 7808K, reserved 1056768K
  class space    used 719K, capacity 834K, committed 896K, reserved 1048576K
}
Event: 1.349 GC heap before
{Heap before GC invocations=1 (full 0):
 garbage-first heap   total 65536K, used 12834K [0x00000000c1600000, 0x0000000100000000)
  region size 1024K, 10 young (10240K), 2 survivors (2048K)
 Metaspace       used 10457K, capacity 10766K, committed 11008K, reserved 1058816K
  class space    used 1062K, capacity 1198K, committed 1280K, reserved 1048576K
}
Event: 1.357 GC heap after
{Heap after GC invocations=2 (full 0):
 garbage-first heap   total 65536K, used 7413K [0x00000000c1600000, 0x0000000100000000)
  region size 1024K, 2 young (2048K), 2 survivors (2048K)
 Metaspace       used 10457K, capacity 10766K, committed 11008K, reserved 1058816K
  class space    used 1062K, capacity 1198K, committed 1280K, reserved 1048576K
}
Event: 5.105 GC heap before
{Heap before GC invocations=2 (full 0):
 garbage-first heap   total 65536K, used 28917K [0x00000000c1600000, 0x0000000100000000)
  region size 1024K, 23 young (23552K), 2 survivors (2048K)
 Metaspace       used 19056K, capacity 19399K, committed 19584K, reserved 1067008K
  class space    used 2023K, capacity 2158K, committed 2176K, reserved 1048576K
}
Event: 5.112 GC heap after
{Heap after GC invocations=3 (full 0):
 garbage-first heap   total 65536K, used 10117K [0x00000000c1600000, 0x0000000100000000)
  region size 1024K, 3 young (3072K), 3 survivors (3072K)
 Metaspace       used 19056K, capacity 19399K, committed 19584K, reserved 1067008K
  class space    used 2023K, capacity 2158K, committed 2176K, reserved 1048576K
}
Event: 5.213 GC heap before
{Heap before GC invocations=3 (full 0):
 garbage-first heap   total 65536K, used 15237K [0x00000000c1600000, 0x0000000100000000)
  region size 1024K, 9 young (9216K), 3 survivors (3072K)
 Metaspace       used 20637K, capacity 21005K, committed 21248K, reserved 1069056K
  class space    used 2166K, capacity 2288K, committed 2304K, reserved 1048576K
}
Event: 5.217 GC heap after
{Heap after GC invocations=4 (full 0):
 garbage-first heap   total 65536K, used 10214K [0x00000000c1600000, 0x0000000100000000)
  region size 1024K, 1 young (1024K), 1 survivors (1024K)
 Metaspace       used 20637K, capacity 21005K, committed 21248K, reserved 1069056K
  class space    used 2166K, capacity 2288K, committed 2304K, reserved 1048576K
}
Event: 6.074 GC heap before
{Heap before GC invocations=5 (full 0):
 garbage-first heap   total 40960K, used 32742K [0x00000000c1600000, 0x0000000100000000)
  region size 1024K, 24 young (24576K), 1 survivors (1024K)
 Metaspace       used 26727K, capacity 27227K, committed 27264K, reserved 1073152K
  class space    used 2999K, capacity 3172K, committed 3200K, reserved 1048576K
}
Event: 6.080 GC heap after
{Heap after GC invocations=6 (full 0):
 garbage-first heap   total 40960K, used 12768K [0x00000000c1600000, 0x0000000100000000)
  region size 1024K, 3 young (3072K), 3 survivors (3072K)
 Metaspace       used 26727K, capacity 27227K, committed 27264K, reserved 1073152K
  class space    used 2999K, capacity 3172K, committed 3200K, reserved 1048576K
}
Event: 6.625 GC heap before
{Heap before GC invocations=6 (full 0):
 garbage-first heap   total 40960K, used 29152K [0x00000000c1600000, 0x0000000100000000)
  region size 1024K, 16 young (16384K), 3 survivors (3072K)
 Metaspace       used 30490K, capacity 30977K, committed 31232K, reserved 1077248K
  class space    used 3540K, capacity 3718K, committed 3840K, reserved 1048576K
}
Event: 6.632 GC heap after
{Heap after GC invocations=7 (full 0):
 garbage-first heap   total 40960K, used 19844K [0x00000000c1600000, 0x0000000100000000)
  region size 1024K, 2 young (2048K), 2 survivors (2048K)
 Metaspace       used 30490K, capacity 30977K, committed 31232K, reserved 1077248K
  class space    used 3540K, capacity 3718K, committed 3840K, reserved 1048576K
}
Event: 6.698 GC heap before
{Heap before GC invocations=7 (full 0):
 garbage-first heap   total 40960K, used 19844K [0x00000000c1600000, 0x0000000100000000)
  region size 1024K, 4 young (4096K), 2 survivors (2048K)
 Metaspace       used 30511K, capacity 30978K, committed 31232K, reserved 1077248K
  class space    used 3541K, capacity 3718K, committed 3840K, reserved 1048576K
}
Event: 6.701 GC heap after
{Heap after GC invocations=8 (full 0):
 garbage-first heap   total 40960K, used 19612K [0x00000000c1600000, 0x0000000100000000)
  region size 1024K, 1 young (1024K), 1 survivors (1024K)
 Metaspace       used 30511K, capacity 30978K, committed 31232K, reserved 1077248K
  class space    used 3541K, capacity 3718K, committed 3840K, reserved 1048576K
}
Event: 6.807 GC heap before
{Heap before GC invocations=9 (full 0):
 garbage-first heap   total 40960K, used 22684K [0x00000000c1600000, 0x0000000100000000)
  region size 1024K, 3 young (3072K), 1 survivors (1024K)
 Metaspace       used 30556K, capacity 31141K, committed 31232K, reserved 1077248K
  class space    used 3549K, capacity 3751K, committed 3840K, reserved 1048576K
}
Event: 6.809 GC heap after
{Heap after GC invocations=10 (full 0):
 garbage-first heap   total 40960K, used 21659K [0x00000000c1600000, 0x0000000100000000)
  region size 1024K, 1 young (1024K), 1 survivors (1024K)
 Metaspace       used 30556K, capacity 31141K, committed 31232K, reserved 1077248K
  class space    used 3549K, capacity 3751K, committed 3840K, reserved 1048576K
}

Deoptimization events (20 events):
Event: 6.790 Thread 0x0000020123cfd000 DEOPT PACKING pc=0x000002010e6eec8d sp=0x00000064732fee10
Event: 6.790 Thread 0x0000020123cfd000 DEOPT UNPACKING pc=0x000002010e14964e sp=0x00000064732fe280 mode 0
Event: 6.790 Thread 0x0000020123cfd000 DEOPT PACKING pc=0x000002010e6eec8d sp=0x00000064732fee10
Event: 6.790 Thread 0x0000020123cfd000 DEOPT UNPACKING pc=0x000002010e14964e sp=0x00000064732fe280 mode 0
Event: 6.791 Thread 0x0000020123cfd000 DEOPT PACKING pc=0x000002010e6eeafe sp=0x00000064732fee10
Event: 6.791 Thread 0x0000020123cfd000 DEOPT UNPACKING pc=0x000002010e14964e sp=0x00000064732fe280 mode 0
Event: 6.791 Thread 0x0000020123cfd000 DEOPT PACKING pc=0x000002010e6eeafe sp=0x00000064732fee10
Event: 6.791 Thread 0x0000020123cfd000 DEOPT UNPACKING pc=0x000002010e14964e sp=0x00000064732fe280 mode 0
Event: 6.792 Thread 0x0000020123cfd000 DEOPT PACKING pc=0x000002010e6eeafe sp=0x00000064732fee10
Event: 6.792 Thread 0x0000020123cfd000 DEOPT UNPACKING pc=0x000002010e14964e sp=0x00000064732fe280 mode 0
Event: 6.792 Thread 0x0000020123cfd000 DEOPT PACKING pc=0x000002010e6eeafe sp=0x00000064732fee10
Event: 6.792 Thread 0x0000020123cfd000 DEOPT UNPACKING pc=0x000002010e14964e sp=0x00000064732fe280 mode 0
Event: 6.793 Thread 0x0000020123cfd000 DEOPT PACKING pc=0x000002010e6eeafe sp=0x00000064732fee10
Event: 6.793 Thread 0x0000020123cfd000 DEOPT UNPACKING pc=0x000002010e14964e sp=0x00000064732fe280 mode 0
Event: 6.793 Thread 0x0000020123cfd000 DEOPT PACKING pc=0x000002010e6eeafe sp=0x00000064732fee10
Event: 6.793 Thread 0x0000020123cfd000 DEOPT UNPACKING pc=0x000002010e14964e sp=0x00000064732fe280 mode 0
Event: 6.793 Thread 0x0000020123cfd000 DEOPT PACKING pc=0x000002010e6eeafe sp=0x00000064732fee10
Event: 6.793 Thread 0x0000020123cfd000 DEOPT UNPACKING pc=0x000002010e14964e sp=0x00000064732fe280 mode 0
Event: 6.794 Thread 0x0000020123cfd000 DEOPT PACKING pc=0x000002010e6eeafe sp=0x00000064732fee10
Event: 6.794 Thread 0x0000020123cfd000 DEOPT UNPACKING pc=0x000002010e14964e sp=0x00000064732fe280 mode 0

Classes unloaded (0 events):
No events

Classes redefined (0 events):
No events

Internal exceptions (20 events):
Event: 1.420 Thread 0x0000020122b1a000 Exception <a 'sun/nio/fs/WindowsException'{0x00000000c54d87e8}> (0x00000000c54d87e8) 
thrown [t:/workspace/open/src/hotspot/share/prims/jni.cpp, line 598]
Event: 1.422 Thread 0x0000020122b1a000 Exception <a 'java/lang/NoSuchMethodError'{0x00000000c54da3d0}: 'int java.lang.invoke.DirectMethodHandle$Holder.invokeSpecialIFC(java.lang.Object, java.lang.Object, int)'> (0x00000000c54da3d0) 
thrown [t:/workspace/open/src/hotspot/share/interpreter/linkResolver.cpp, line 767]
Event: 1.439 Thread 0x0000020122b1a000 Exception <a 'java/lang/NoSuchMethodError'{0x00000000c5302fa0}: 'int java.lang.invoke.DirectMethodHandle$Holder.invokeStaticInit(java.lang.Object, java.lang.Object, java.lang.Object, java.lang.Object)'> (0x00000000c5302fa0) 
thrown [t:/workspace/open/src/hotspot/share/interpreter/linkResolver.cpp, line 767]
Event: 1.440 Thread 0x0000020122b1a000 Exception <a 'java/lang/IncompatibleClassChangeError'{0x00000000c530ba50}: Found class java.lang.Object, but interface was expected> (0x00000000c530ba50) 
thrown [t:/workspace/open/src/hotspot/share/interpreter/linkResolver.cpp, line 833]
Event: 1.441 Thread 0x0000020122b1a000 Exception <a 'java/lang/NoSuchMethodError'{0x00000000c530e808}: 'void java.lang.invoke.DirectMethodHandle$Holder.invokeStaticInit(java.lang.Object, java.lang.Object)'> (0x00000000c530e808) 
thrown [t:/workspace/open/src/hotspot/share/interpreter/linkResolver.cpp, line 767]
Event: 1.442 Thread 0x0000020122b1a000 Exception <a 'java/lang/NoSuchMethodError'{0x00000000c5313f38}: 'int java.lang.invoke.DirectMethodHandle$Holder.invokeStaticInit(java.lang.Object, java.lang.Object)'> (0x00000000c5313f38) 
thrown [t:/workspace/open/src/hotspot/share/interpreter/linkResolver.cpp, line 767]
Event: 2.212 Thread 0x0000020122b1a000 Exception <a 'java/lang/NoSuchMethodError'{0x00000000c511fb10}: 'java.lang.Object java.lang.invoke.DirectMethodHandle$Holder.invokeStaticInit(java.lang.Object, java.lang.Object, int, int, int, int)'> (0x00000000c511fb10) 
thrown [t:/workspace/open/src/hotspot/share/interpreter/linkResolver.cpp, line 767]
Event: 2.572 Thread 0x0000020122b1a000 Exception <a 'java/lang/NullPointerException'{0x00000000c50a1600}> (0x00000000c50a1600) 
thrown [t:/workspace/open/src/hotspot/share/interpreter/linkResolver.cpp, line 1349]
Event: 2.573 Thread 0x0000020122b1a000 Exception <a 'java/lang/reflect/InvocationTargetException'{0x00000000c50a5230}> (0x00000000c50a5230) 
thrown [t:/workspace/open/src/hotspot/share/runtime/reflection.cpp, line 1188]
Event: 2.639 Thread 0x0000020122b1a000 Exception <a 'java/lang/NoSuchMethodError'{0x00000000c4ffb3d8}: 'java.lang.Object java.lang.invoke.DirectMethodHandle$Holder.invokeVirtual(java.lang.Object, java.lang.Object, java.lang.Object)'> (0x00000000c4ffb3d8) 
thrown [t:/workspace/open/src/hotspot/share/interpreter/linkResolver.cpp, line 767]
Event: 4.137 Thread 0x0000020122b1a000 Implicit null exception at 0x0000020115c32a05 to 0x0000020115c32e82
Event: 4.139 Thread 0x0000020122b1a000 Implicit null exception at 0x0000020115c03eaf to 0x0000020115c03f2d
Event: 4.166 Thread 0x0000020122b1a000 Exception <a 'sun/nio/fs/WindowsException'{0x00000000c43f1380}> (0x00000000c43f1380) 
thrown [t:/workspace/open/src/hotspot/share/prims/jni.cpp, line 598]
Event: 5.042 Thread 0x0000020122b1a000 Exception <a 'java/lang/NoClassDefFoundError'{0x00000000c42ea270}: org/apache/log4j/Category> (0x00000000c42ea270) 
thrown [t:/workspace/open/src/hotspot/share/classfile/systemDictionary.cpp, line 221]
Event: 5.758 Thread 0x0000020122b1a000 Exception <a 'java/lang/NoSuchMethodError'{0x00000000c2d4b998}: 'java.lang.Object java.lang.invoke.DirectMethodHandle$Holder.invokeStaticInit(java.lang.Object, java.lang.Object, java.lang.Object)'> (0x00000000c2d4b998) 
thrown [t:/workspace/open/src/hotspot/share/interpreter/linkResolver.cpp, line 767]
Event: 5.761 Thread 0x0000020122b1a000 Exception <a 'java/lang/NoSuchMethodError'{0x00000000c2d63e80}: 'int java.lang.invoke.DirectMethodHandle$Holder.invokeInterface(java.lang.Object, java.lang.Object)'> (0x00000000c2d63e80) 
thrown [t:/workspace/open/src/hotspot/share/interpreter/linkResolver.cpp, line 767]
Event: 5.761 Thread 0x0000020122b1a000 Exception <a 'java/lang/IncompatibleClassChangeError'{0x00000000c2d669a8}: Found class java.lang.Object, but interface was expected> (0x00000000c2d669a8) 
thrown [t:/workspace/open/src/hotspot/share/interpreter/linkResolver.cpp, line 833]
Event: 5.954 Thread 0x0000020122b1a000 Implicit null exception at 0x0000020115c37336 to 0x0000020115c378b2
Event: 6.270 Thread 0x0000020122b1a000 Exception <a 'java/lang/NoSuchMethodError'{0x00000000c3961418}: 'java.lang.Object java.lang.invoke.DirectMethodHandle$Holder.invokeVirtual(java.lang.Object, java.lang.Object, java.lang.Object, java.lang.Object)'> (0x00000000c3961418) 
thrown [t:/workspace/open/src/hotspot/share/interpreter/linkResolver.cpp, line 767]
Event: 6.302 Thread 0x0000020122b1a000 Exception <a 'java/lang/NoSuchMethodError'{0x00000000c39eba40}: 'void java.lang.invoke.DirectMethodHandle$Holder.invokeVirtual(java.lang.Object, java.lang.Object)'> (0x00000000c39eba40) 
thrown [t:/workspace/open/src/hotspot/share/interpreter/linkResolver.cpp, line 767]

Events (20 events):
Event: 6.800 loading class elements/RoundLabel done
Event: 6.802 loading class java/awt/Composite
Event: 6.802 loading class java/awt/Composite done
Event: 6.802 Executing VM operation: RevokeBias
Event: 6.802 Executing VM operation: RevokeBias done
Event: 6.803 loading class sun/awt/image/JPEGImageDecoder
Event: 6.803 loading class sun/awt/image/JPEGImageDecoder done
Event: 6.803 Executing VM operation: Deoptimize
Event: 6.803 Executing VM operation: Deoptimize done
Event: 6.803 loading class sun/awt/image/JPEGImageDecoder$1
Event: 6.803 loading class sun/awt/image/JPEGImageDecoder$1 done
Event: 6.804 Loaded shared library C:\Program Files\Java\jdk-13.0.2\bin\javajpeg.dll
Event: 6.805 Executing VM operation: RevokeBias
Event: 6.805 Executing VM operation: RevokeBias done
Event: 6.805 Executing VM operation: RevokeBias
Event: 6.806 Executing VM operation: RevokeBias done
Event: 6.807 Executing VM operation: RevokeBias
Event: 6.807 Executing VM operation: RevokeBias done
Event: 6.807 Executing VM operation: G1CollectForAllocation
Event: 6.809 Executing VM operation: G1CollectForAllocation done


Dynamic libraries:
0x00007ff6b7ff0000 - 0x00007ff6b7fff000 	C:\Program Files\Java\jdk-13.0.2\bin\javaw.exe
0x00007ffdb1b20000 - 0x00007ffdb1d10000 	C:\Windows\SYSTEM32\ntdll.dll
0x00007ffdafba0000 - 0x00007ffdafc52000 	C:\Windows\System32\KERNEL32.DLL
0x00007ffdaecc0000 - 0x00007ffdaef65000 	C:\Windows\System32\KERNELBASE.dll
0x00007ffdaea60000 - 0x00007ffdaeb5a000 	C:\Windows\System32\ucrtbase.dll
0x00007ffd7b6e0000 - 0x00007ffd7b6f5000 	C:\Program Files\Java\jdk-13.0.2\bin\VCRUNTIME140.dll
0x00007ffd7b6c0000 - 0x00007ffd7b6d8000 	C:\Program Files\Java\jdk-13.0.2\bin\jli.dll
0x00007ffdb0f50000 - 0x00007ffdb0ff3000 	C:\Windows\System32\ADVAPI32.dll
0x00007ffdb1a10000 - 0x00007ffdb1aae000 	C:\Windows\System32\msvcrt.dll
0x00007ffdafc60000 - 0x00007ffdafcf7000 	C:\Windows\System32\sechost.dll
0x00007ffdb04d0000 - 0x00007ffdb05ef000 	C:\Windows\System32\RPCRT4.dll
0x00007ffdb17f0000 - 0x00007ffdb1984000 	C:\Windows\System32\USER32.dll
0x00007ffdaef70000 - 0x00007ffdaef91000 	C:\Windows\System32\win32u.dll
0x00007ffd9ef40000 - 0x00007ffd9f1c4000 	C:\Windows\WinSxS\amd64_microsoft.windows.common-controls_6595b64144ccf1df_6.0.18362.1556_none_9e7e372fe45e41d5\COMCTL32.dll
0x00007ffdb11e0000 - 0x00007ffdb1206000 	C:\Windows\System32\GDI32.dll
0x00007ffdb12a0000 - 0x00007ffdb15d6000 	C:\Windows\System32\combase.dll
0x00007ffdaf940000 - 0x00007ffdafad8000 	C:\Windows\System32\gdi32full.dll
0x00007ffdaf770000 - 0x00007ffdaf80e000 	C:\Windows\System32\msvcp_win.dll
0x00007ffdafae0000 - 0x00007ffdafb61000 	C:\Windows\System32\bcryptPrimitives.dll
0x00007ffd9f400000 - 0x00007ffd9f40a000 	C:\Windows\SYSTEM32\VERSION.dll
0x00007ffdb0820000 - 0x00007ffdb084e000 	C:\Windows\System32\IMM32.DLL
0x00007ffd7b620000 - 0x00007ffd7b6bb000 	C:\Program Files\Java\jdk-13.0.2\bin\msvcp140.dll
0x00007ffd6dac0000 - 0x00007ffd6e61d000 	C:\Program Files\Java\jdk-13.0.2\bin\server\jvm.dll
0x00007ffdb0e00000 - 0x00007ffdb0e08000 	C:\Windows\System32\PSAPI.DLL
0x00007ffd99280000 - 0x00007ffd99289000 	C:\Windows\SYSTEM32\WSOCK32.dll
0x00007ffdac1c0000 - 0x00007ffdac1e4000 	C:\Windows\SYSTEM32\WINMM.dll
0x00007ffdafd70000 - 0x00007ffdafddf000 	C:\Windows\System32\WS2_32.dll
0x00007ffdac190000 - 0x00007ffdac1bd000 	C:\Windows\SYSTEM32\winmmbase.dll
0x00007ffdaefa0000 - 0x00007ffdaefea000 	C:\Windows\System32\cfgmgr32.dll
0x00007ffdaea00000 - 0x00007ffdaea11000 	C:\Windows\System32\kernel.appcore.dll
0x00007ffd89a70000 - 0x00007ffd89a80000 	C:\Program Files\Java\jdk-13.0.2\bin\verify.dll
0x00007ffd9f1d0000 - 0x00007ffd9f3c4000 	C:\Windows\SYSTEM32\DBGHELP.DLL
0x00007ffd9ef10000 - 0x00007ffd9ef3a000 	C:\Windows\SYSTEM32\dbgcore.DLL
0x00007ffd7b5f0000 - 0x00007ffd7b616000 	C:\Program Files\Java\jdk-13.0.2\bin\java.dll
0x00007ffd7b5d0000 - 0x00007ffd7b5e7000 	C:\Program Files\Java\jdk-13.0.2\bin\zip.dll
0x00007ffd89800000 - 0x00007ffd8980a000 	C:\Program Files\Java\jdk-13.0.2\bin\jimage.dll
0x00007ffdafde0000 - 0x00007ffdb04c7000 	C:\Windows\System32\SHELL32.dll
0x00007ffdb1130000 - 0x00007ffdb11d8000 	C:\Windows\System32\shcore.dll
0x00007ffdaeff0000 - 0x00007ffdaf76b000 	C:\Windows\System32\windows.storage.dll
0x00007ffdaea40000 - 0x00007ffdaea5e000 	C:\Windows\System32\profapi.dll
0x00007ffdae9b0000 - 0x00007ffdae9fa000 	C:\Windows\System32\powrprof.dll
0x00007ffdae9a0000 - 0x00007ffdae9b0000 	C:\Windows\System32\UMPDC.dll
0x00007ffdafd00000 - 0x00007ffdafd52000 	C:\Windows\System32\shlwapi.dll
0x00007ffdaf870000 - 0x00007ffdaf887000 	C:\Windows\System32\cryptsp.dll
0x00007ffd7b5b0000 - 0x00007ffd7b5c9000 	C:\Program Files\Java\jdk-13.0.2\bin\net.dll
0x00007ffda4a40000 - 0x00007ffda4b3a000 	C:\Windows\SYSTEM32\WINHTTP.dll
0x00007ffdae1e0000 - 0x00007ffdae247000 	C:\Windows\system32\mswsock.dll
0x00007ffd7b590000 - 0x00007ffd7b5a3000 	C:\Program Files\Java\jdk-13.0.2\bin\nio.dll
0x00007ffda3850000 - 0x00007ffda39e9000 	C:\Program Files\Java\jdk-13.0.2\bin\awt.dll
0x00007ffdb0e80000 - 0x00007ffdb0f45000 	C:\Windows\System32\OLEAUT32.dll
0x00007ffdaca20000 - 0x00007ffdacaaf000 	C:\Windows\SYSTEM32\apphelp.dll
0x00007ffdacbd0000 - 0x00007ffdacc69000 	C:\Windows\system32\uxtheme.dll
0x00007ffdb0850000 - 0x00007ffdb0985000 	C:\Windows\System32\MSCTF.dll
0x00007ffdb1690000 - 0x00007ffdb17e7000 	C:\Windows\System32\ole32.dll
0x00007ffda37c0000 - 0x00007ffda3842000 	C:\Program Files\Java\jdk-13.0.2\bin\freetype.dll
0x00007ffda3710000 - 0x00007ffda37b6000 	C:\Program Files\Java\jdk-13.0.2\bin\fontmanager.dll
0x00007ffdacf20000 - 0x00007ffdacf4d000 	C:\Windows\system32\DWMAPI.DLL
0x00007ffdadf30000 - 0x00007ffdadffb000 	C:\Windows\SYSTEM32\DNSAPI.dll
0x00007ffdb1210000 - 0x00007ffdb1218000 	C:\Windows\System32\NSI.dll
0x00007ffdadef0000 - 0x00007ffdadf2a000 	C:\Windows\SYSTEM32\IPHLPAPI.DLL
0x00007ffda4a30000 - 0x00007ffda4a3a000 	C:\Windows\System32\rasadhlp.dll
0x00007ffda5540000 - 0x00007ffda55b7000 	C:\Windows\System32\fwpuclnt.dll
0x00007ffdafb70000 - 0x00007ffdafb96000 	C:\Windows\System32\bcrypt.dll
0x00007ffdab220000 - 0x00007ffdab22e000 	C:\Program Files\Java\jdk-13.0.2\bin\sunmscapi.dll
0x00007ffdaeb60000 - 0x00007ffdaecb1000 	C:\Windows\System32\CRYPT32.dll
0x00007ffdaea20000 - 0x00007ffdaea32000 	C:\Windows\System32\MSASN1.dll
0x00007ffdae4c0000 - 0x00007ffdae4e6000 	C:\Windows\SYSTEM32\ncrypt.dll
0x00007ffdae480000 - 0x00007ffdae4bb000 	C:\Windows\SYSTEM32\NTASN1.dll
0x00007ffd8fef0000 - 0x00007ffd8ff15000 	C:\Program Files\Java\jdk-13.0.2\bin\sunec.dll
0x00007ffdadd60000 - 0x00007ffdadd93000 	C:\Windows\system32\rsaenh.dll
0x00007ffdae890000 - 0x00007ffdae8b5000 	C:\Windows\SYSTEM32\USERENV.dll
0x00007ffdae3b0000 - 0x00007ffdae3bc000 	C:\Windows\SYSTEM32\CRYPTBASE.dll
0x00007ffda5650000 - 0x00007ffda5666000 	C:\Windows\SYSTEM32\dhcpcsvc6.DLL
0x00007ffda5720000 - 0x00007ffda573c000 	C:\Windows\SYSTEM32\dhcpcsvc.DLL
0x00007ffd88a30000 - 0x00007ffd88b86000 	C:\Windows\system32\opengl32.dll
0x00007ffda36e0000 - 0x00007ffda370c000 	C:\Windows\SYSTEM32\GLU32.dll
0x00007ffdad650000 - 0x00007ffdad670000 	C:\Windows\SYSTEM32\dxcore.dll
0x00007ffdab110000 - 0x00007ffdab116000 	C:\Users\User\AppData\Local\Temp\flatlaf.temp\flatlaf-windows-x86_64-70607513647000.dll
0x00007ffdab1a0000 - 0x00007ffdab1a7000 	C:\Program Files\Java\jdk-13.0.2\bin\jawt.dll
0x00007ffd9d360000 - 0x00007ffd9d369000 	C:\Program Files\Java\jdk-13.0.2\bin\management.dll
0x00007ffd9d350000 - 0x00007ffd9d35b000 	C:\Program Files\Java\jdk-13.0.2\bin\management_ext.dll
0x00007ffd9a160000 - 0x00007ffd9a18d000 	C:\Program Files\Java\jdk-13.0.2\bin\javajpeg.dll

dbghelp: loaded successfully - version: 4.0.5 - missing functions: none
symbol engine: initialized successfully - sym options: 0x614 - pdb path: .;C:\Program Files\Java\jdk-13.0.2\bin;C:\Windows\SYSTEM32;C:\Windows\WinSxS\amd64_microsoft.windows.common-controls_6595b64144ccf1df_6.0.18362.1556_none_9e7e372fe45e41d5;C:\Program Files\Java\jdk-13.0.2\bin\server;C:\Users\User\AppData\Local\Temp\flatlaf.temp

VM Arguments:
jvm_args: -Dfile.encoding=Cp1252 
java_command: Application.Home
java_class_path (initial): C:\Users\User\git\bakame\DriveOperations\target\classes;C:\Users\User\Desktop\Libraries\jgoodies-common-1.8.0.jar;C:\Users\User\Desktop\Libraries\jgoodies-forms-1.8.0.jar;C:\Users\User\Desktop\Libraries\miglayout15-swing.jar;C:\Users\User\Downloads\javax.mail.jar;C:\Users\User\Downloads\activation-1.1.1.jar;C:\Users\User\Downloads\jcalendar-1.4.jar;C:\Users\User\Downloads\jfreechart-1.0.19\lib\jcommon-1.0.23.jar;C:\Users\User\Downloads\jfreechart-1.0.19\lib\jfreechart-1.0.19.jar;C:\Users\User\Downloads\commons-net-3.8.0\commons-net-3.8.0.jar;C:\Users\User\Documents\Libs\comm-2.0.jar;C:\Users\User\Documents\Libs\http-2.2.1.jar;C:\Users\User\Downloads\JTattoo-1.6.13.jar;C:\Users\User\Desktop\Libs\jmespath-java-1.11.470.jar;C:\Users\User\Desktop\Libs\aws-java-sdk-core-1.12.65.jar;C:\Users\User\Desktop\Libs\aws-java-sdk-kms-1.12.65.jar;C:\Users\User\Desktop\Libs\aws-java-sdk-s3-1.12.65.jar;C:\Users\User\Desktop\Libs\commons-codec-1.15.jar;C:\Users\User\Desktop\Libs\commons-logging-1.1.3.jar;C:\Users\User\Desktop\Libs\httpclient-4.5.13.jar;C:\Users\User\Desktop\Libs\ion-java-1.0.2.jar;C:\Users\User\Desktop\Libs\jackson-annotations-2.12.3.jar;C:\Users\User\Desktop\Libs\jackson-core-2.12.3.jar;C:\Users\User\Desktop\Libs\jackson-databind-2.12.3.jar;C:\Users\User\Desktop\Libs\jackson-dataformat-cbor-2.12.3.jar;C:\Users\User\Desktop\Libs\jmespath-java-1.12.65.jar;C:\Users\User\Desktop\Libs\joda-time-2.8.1.jar;C:\Users\User\Desktop\Libs\mysql-connector-java-5.1.45.jar;C:\Users\User\.m2\repository\com\amazonaws\aws-java-sdk-s3\1.12.65\aws-java-sdk-s3-1.12.65.jar;C:\Users\User\.m2\repository\com\amazonaws\aws-java-sdk-kms\1.12.65\aws-java-sdk-kms-1.12.65.jar;C:\Users\User\.m2\repository\com\amazonaws\aws-java-sdk-core\1.12.65\aws-java-sdk-core-1.12.65.jar;C:\Users\User\.m2\repository\commons-logging\commons-logging\1.1.3\commons-logging-1.1.3.jar;C:\Users\User\.m2\repository\commons-codec\commons-codec\1.15\commons-codec-1.15.jar;C:\Users\User\.m2\re
Launcher Type: SUN_STANDARD

[Global flags]
     intx CICompilerCount                          = 3                                         {product} {ergonomic}
     uint ConcGCThreads                            = 1                                         {product} {ergonomic}
     uint G1ConcRefinementThreads                  = 4                                         {product} {ergonomic}
   size_t G1HeapRegionSize                         = 1048576                                   {product} {ergonomic}
    uintx GCDrainStackTargetSize                   = 64                                        {product} {ergonomic}
   size_t InitialHeapSize                          = 67108864                                  {product} {ergonomic}
   size_t MarkStackSize                            = 4194304                                   {product} {ergonomic}
   size_t MaxHeapSize                              = 1050673152                                {product} {ergonomic}
   size_t MaxNewSize                               = 630194176                                 {product} {ergonomic}
   size_t MinHeapDeltaBytes                        = 1048576                                   {product} {ergonomic}
   size_t MinHeapSize                              = 8388608                                   {product} {ergonomic}
    uintx NonNMethodCodeHeapSize                   = 5832780                                {pd product} {ergonomic}
    uintx NonProfiledCodeHeapSize                  = 122912730                              {pd product} {ergonomic}
    uintx ProfiledCodeHeapSize                     = 122912730                              {pd product} {ergonomic}
    uintx ReservedCodeCacheSize                    = 251658240                              {pd product} {ergonomic}
     bool SegmentedCodeCache                       = true                                      {product} {ergonomic}
   size_t SoftMaxHeapSize                          = 1050673152                             {manageable} {ergonomic}
     bool UseCompressedClassPointers               = true                                 {lp64_product} {ergonomic}
     bool UseCompressedOops                        = true                                 {lp64_product} {ergonomic}
     bool UseG1GC                                  = true                                      {product} {ergonomic}
     bool UseLargePagesIndividualAllocation        = false                                  {pd product} {ergonomic}

Logging:
Log output configuration:
 #0: stdout all=warning uptime,level,tags
 #1: stderr all=off uptime,level,tags

Environment Variables:
JAVA_HOME=C:\Program Files (x86)\Java\jre1.8.0_241
PATH=C:\Program Files\Java\jdk-13.0.2\bin;C:\Program Files (x86)\Common Files\Oracle\Java\javapath;C:\Windows\system32;C:\Windows;C:\Windows\System32\Wbem;C:\Windows\System32\WindowsPowerShell\v1.0\;C:\Windows\System32\OpenSSH\;C:\Program Files (x86)\apache-maven-3.8.1\bin;C:\Program Files (x86)\gradle-7.1.1\bin;C:\Users\User\Documents\Setup logiciels\mongosh-1.1.2-win32-x64\bin;C:\Program Files\Git\cmd;C:\Program Files\MySQL\MySQL Shell 8.0\bin\;C:\Users\User\AppData\Local\Microsoft\WindowsApps;C:\Users\User\AppData\Local\Programs\Microsoft VS Code\bin;C:\Program Files (x86)\gradle-7.1.1\bin;C:\Users\User\Downloads\platform-tools;C:\Users\User\Documents\Setup logiciels\mongosh-1.1.2-win32-x64\bin;C:\Users\User\AppData\Local\GitHubDesktop\bin;C:\Program Files\JetBrains\IntelliJ IDEA 2022.1.1\bin;
USERNAME=User
OS=Windows_NT
PROCESSOR_IDENTIFIER=Intel64 Family 6 Model 42 Stepping 7, GenuineIntel



---------------  S Y S T E M  ---------------

OS: Windows 10 , 64 bit Build 18362 (10.0.18362.1500)

CPU:total 4 (initial active 4) (2 cores per cpu, 2 threads per core) family 6 model 42 stepping 7, cmov, cx8, fxsr, mmx, sse, sse2, sse3, ssse3, sse4.1, sse4.2, popcnt, avx, aes, clmul, ht, tsc, tscinvbit

Memory: 4k page, system-wide physical 4006M (714M free)
TotalPageFile size 16292M (AvailPageFile size 58M)
current process WorkingSet (physical memory assigned to process): 143M, peak: 143M
current process commit charge ("private bytes"): 197M, peak: 347M

vm_info: Java HotSpot(TM) 64-Bit Server VM (13.0.2+8) for windows-amd64 JRE (13.0.2+8), built on Dec 11 2019 09:20:33 by "mach5one" with unknown MS VC++:1916

END.
