#
# There is insufficient memory for the Java Runtime Environment to continue.
# Native memory allocation (malloc) failed to allocate 246576 bytes for Chunk::new
# Possible reasons:
#   The system is out of physical RAM or swap space
#   The process is running with CompressedOops enabled, and the Java Heap may be blocking the growth of the native heap
# Possible solutions:
#   Reduce memory load on the system
#   Increase physical memory or swap space
#   Check if swap backing store is full
#   Decrease Java heap size (-Xmx/-Xms)
#   Decrease number of Java threads
#   Decrease Java thread stack sizes (-Xss)
#   Set larger code cache with -XX:ReservedCodeCacheSize=
#   JVM is running with Unscaled Compressed Oops mode in which the Java heap is
#     placed in the first 4GB address space. The Java Heap base address is the
#     maximum limit for the native heap growth. Please use -XX:HeapBaseMinAddress
#     to set the Java Heap base and to place the Java Heap above 4GB virtual address.
# This output file may be truncated or incomplete.
#
#  Out of Memory Error (t:/workspace/open/src/hotspot/share/memory/arena.cpp:196), pid=11784, tid=9400
#
# JRE version: Java(TM) SE Runtime Environment (13.0.2+8) (build 13.0.2+8)
# Java VM: Java HotSpot(TM) 64-Bit Server VM (13.0.2+8, mixed mode, sharing, tiered, compressed oops, g1 gc, windows-amd64)
# No core dump will be written. Minidumps are not enabled by default on client versions of Windows
#

---------------  S U M M A R Y ------------

Command Line: -Dfile.encoding=Cp1252 Application.Home

Host: Intel(R) Core(TM) i5-2520M CPU @ 2.50GHz, 4 cores, 3G,  Windows 10 , 64 bit Build 18362 (10.0.18362.1500)
Time: Wed Jun 22 19:49:44 2022 Afrique de l?Est elapsed time: 0 seconds (0d 0h 0m 0s)

---------------  T H R E A D  ---------------

Current thread (0x000001823b031800):  JavaThread "C2 CompilerThread1" daemon [_thread_in_native, id=9400, stack(0x0000005799e00000,0x0000005799f00000)]


Current CompileTask:
C2:    989  794 %     4       java.util.Properties$LineReader::readLine @ 224 (584 bytes)

Stack: [0x0000005799e00000,0x0000005799f00000]
Native frames: (J=compiled Java code, j=interpreted, Vv=VM code, C=native code)
V  [jvm.dll+0x624f9a]
V  [jvm.dll+0x770cfa]
V  [jvm.dll+0x7724af]
V  [jvm.dll+0x772ab3]
V  [jvm.dll+0x24bf08]
V  [jvm.dll+0xc1e47]
V  [jvm.dll+0xc23cc]
V  [jvm.dll+0x2bdbf4]
V  [jvm.dll+0x5441fd]
V  [jvm.dll+0x20e00a]
V  [jvm.dll+0x207ace]
V  [jvm.dll+0x204d1d]
V  [jvm.dll+0x189c2c]
V  [jvm.dll+0x213e6d]
V  [jvm.dll+0x2120bb]
V  [jvm.dll+0x736bb6]
V  [jvm.dll+0x72fcaa]
V  [jvm.dll+0x623ea6]
C  [ucrtbase.dll+0x210b2]
C  [KERNEL32.DLL+0x17c24]
C  [ntdll.dll+0x6d721]


---------------  P R O C E S S  ---------------

Threads class SMR info:
_java_thread_list=0x000001823b026780, length=17, elements={
0x000001823a0e8800, 0x000001823a0ee000, 0x000001823a109000, 0x000001823a10b000,
0x000001823a10d800, 0x000001823a113800, 0x000001823a115800, 0x000001823ab55800,
0x000001823ab5d800, 0x000001823afac800, 0x000001823afaf000, 0x000001823afb1800,
0x000001823afbd800, 0x000001821c12e800, 0x000001823afd0800, 0x000001823afd3800,
0x000001823b031800
}

Java Threads: ( => current thread )
  0x000001823a0e8800 JavaThread "Reference Handler" daemon [_thread_blocked, id=12132, stack(0x0000005798e00000,0x0000005798f00000)]
  0x000001823a0ee000 JavaThread "Finalizer" daemon [_thread_blocked, id=8504, stack(0x0000005798f00000,0x0000005799000000)]
  0x000001823a109000 JavaThread "Signal Dispatcher" daemon [_thread_blocked, id=10792, stack(0x0000005799000000,0x0000005799100000)]
  0x000001823a10b000 JavaThread "Attach Listener" daemon [_thread_blocked, id=3000, stack(0x0000005799100000,0x0000005799200000)]
  0x000001823a10d800 JavaThread "C2 CompilerThread0" daemon [_thread_in_native, id=11832, stack(0x0000005799200000,0x0000005799300000)]
  0x000001823a113800 JavaThread "C1 CompilerThread0" daemon [_thread_in_native, id=2764, stack(0x0000005799300000,0x0000005799400000)]
  0x000001823a115800 JavaThread "Sweeper thread" daemon [_thread_blocked, id=10944, stack(0x0000005799400000,0x0000005799500000)]
  0x000001823ab55800 JavaThread "Service Thread" daemon [_thread_blocked, id=12204, stack(0x0000005799500000,0x0000005799600000)]
  0x000001823ab5d800 JavaThread "Common-Cleaner" daemon [_thread_blocked, id=9148, stack(0x0000005799700000,0x0000005799800000)]
  0x000001823afac800 JavaThread "Java2D Disposer" daemon [_thread_blocked, id=8836, stack(0x0000005799800000,0x0000005799900000)]
  0x000001823afaf000 JavaThread "AWT-Shutdown" [_thread_blocked, id=10968, stack(0x0000005799900000,0x0000005799a00000)]
  0x000001823afb1800 JavaThread "AWT-Windows" daemon [_thread_in_native, id=3064, stack(0x0000005799a00000,0x0000005799b00000)]
  0x000001823afbd800 JavaThread "AWT-EventQueue-0" [_thread_in_vm, id=11460, stack(0x0000005799b00000,0x0000005799c00000)]
  0x000001821c12e800 JavaThread "DestroyJavaVM" [_thread_blocked, id=12068, stack(0x0000005798700000,0x0000005798800000)]
  0x000001823afd0800 JavaThread "Abandoned connection cleanup thread" daemon [_thread_blocked, id=1336, stack(0x0000005799c00000,0x0000005799d00000)]
  0x000001823afd3800 JavaThread "mysql-cj-abandoned-connection-cleanup" daemon [_thread_blocked, id=5536, stack(0x0000005799d00000,0x0000005799e00000)]
=>0x000001823b031800 JavaThread "C2 CompilerThread1" daemon [_thread_in_native, id=9400, stack(0x0000005799e00000,0x0000005799f00000)]

Other Threads:
  0x000001823a0e6800 VMThread "VM Thread" [stack: 0x0000005798d00000,0x0000005798e00000] [id=10732]
  0x000001823ab5c000 WatcherThread [stack: 0x0000005799600000,0x0000005799700000] [id=7060]
  0x000001821e131000 GCTaskThread "GC Thread#0" [stack: 0x0000005798800000,0x0000005798900000] [id=9644]
  0x000001823b318800 GCTaskThread "GC Thread#1" [stack: 0x0000005799f00000,0x000000579a000000] [id=6284]
  0x000001823b4e2800 GCTaskThread "GC Thread#2" [stack: 0x000000579a000000,0x000000579a100000] [id=7036]
  0x000001823b498800 GCTaskThread "GC Thread#3" [stack: 0x000000579a100000,0x000000579a200000] [id=2692]
  0x000001821e13b000 ConcurrentGCThread "G1 Main Marker" [stack: 0x0000005798900000,0x0000005798a00000] [id=120]
  0x000001821e13d000 ConcurrentGCThread "G1 Conc#0" [stack: 0x0000005798a00000,0x0000005798b00000] [id=12228]
  0x000001821e191800 ConcurrentGCThread "G1 Refine#0" [stack: 0x0000005798b00000,0x0000005798c00000] [id=5520]
  0x000001823ac7b000 ConcurrentGCThread "G1 Refine#1" [stack: 0x000000579a200000,0x000000579a300000] [id=3444]
  0x000001821e193800 ConcurrentGCThread "G1 Young RemSet Sampling" [stack: 0x0000005798c00000,0x0000005798d00000] [id=10292]

Threads with active compile tasks:
C2 CompilerThread0     1767  819       4       java.lang.AbstractStringBuilder::append (45 bytes)
C1 CompilerThread0     1767  811       3       java.net.URLStreamHandler::parseURL (1201 bytes)
C2 CompilerThread1     1767  794 %     4       java.util.Properties$LineReader::readLine @ 224 (584 bytes)

VM state:not at safepoint (normal execution)

VM Mutex/Monitor currently owned by a thread: None

Heap address: 0x00000000c1600000, size: 1002 MB, Compressed Oops mode: 32-bit
Narrow klass base: 0x0000000800000000, Narrow klass shift: 3
Compressed class space size: 1073741824 Address: 0x0000000800b40000

Heap:
 garbage-first heap   total 65536K, used 5475K [0x00000000c1600000, 0x0000000100000000)
  region size 1024K, 3 young (3072K), 2 survivors (2048K)
 Metaspace       used 6582K, capacity 7149K, committed 7424K, reserved 1056768K
  class space    used 627K, capacity 690K, committed 768K, reserved 1048576K
Heap Regions: E=young(eden), S=young(survivor), O=old, HS=humongous(starts), HC=humongous(continues), CS=collection set, F=free, A=archive, TAMS=top-at-mark-start (previous, next)
|   0|0x00000000c1600000, 0x00000000c1700000, 0x00000000c1700000|100%| O|  |TAMS 0x00000000c1600000, 0x00000000c1600000| Untracked 
|   1|0x00000000c1700000, 0x00000000c1800000, 0x00000000c1800000|100%| O|  |TAMS 0x00000000c1700000, 0x00000000c1700000| Untracked 
|   2|0x00000000c1800000, 0x00000000c1900000, 0x00000000c1900000|100%| O|  |TAMS 0x00000000c1800000, 0x00000000c1800000| Untracked 
|   3|0x00000000c1900000, 0x00000000c1958c00, 0x00000000c1a00000| 34%| O|  |TAMS 0x00000000c1900000, 0x00000000c1900000| Untracked 
|   4|0x00000000c1a00000, 0x00000000c1a00000, 0x00000000c1b00000|  0%| F|  |TAMS 0x00000000c1a00000, 0x00000000c1a00000| Untracked 
|   5|0x00000000c1b00000, 0x00000000c1b00000, 0x00000000c1c00000|  0%| F|  |TAMS 0x00000000c1b00000, 0x00000000c1b00000| Untracked 
|   6|0x00000000c1c00000, 0x00000000c1c00000, 0x00000000c1d00000|  0%| F|  |TAMS 0x00000000c1c00000, 0x00000000c1c00000| Untracked 
|   7|0x00000000c1d00000, 0x00000000c1d00000, 0x00000000c1e00000|  0%| F|  |TAMS 0x00000000c1d00000, 0x00000000c1d00000| Untracked 
|   8|0x00000000c1e00000, 0x00000000c1e00000, 0x00000000c1f00000|  0%| F|  |TAMS 0x00000000c1e00000, 0x00000000c1e00000| Untracked 
|   9|0x00000000c1f00000, 0x00000000c1f00000, 0x00000000c2000000|  0%| F|  |TAMS 0x00000000c1f00000, 0x00000000c1f00000| Untracked 
|  10|0x00000000c2000000, 0x00000000c2000000, 0x00000000c2100000|  0%| F|  |TAMS 0x00000000c2000000, 0x00000000c2000000| Untracked 
|  11|0x00000000c2100000, 0x00000000c2100000, 0x00000000c2200000|  0%| F|  |TAMS 0x00000000c2100000, 0x00000000c2100000| Untracked 
|  12|0x00000000c2200000, 0x00000000c2200000, 0x00000000c2300000|  0%| F|  |TAMS 0x00000000c2200000, 0x00000000c2200000| Untracked 
|  13|0x00000000c2300000, 0x00000000c2300000, 0x00000000c2400000|  0%| F|  |TAMS 0x00000000c2300000, 0x00000000c2300000| Untracked 
|  14|0x00000000c2400000, 0x00000000c2400000, 0x00000000c2500000|  0%| F|  |TAMS 0x00000000c2400000, 0x00000000c2400000| Untracked 
|  15|0x00000000c2500000, 0x00000000c2500000, 0x00000000c2600000|  0%| F|  |TAMS 0x00000000c2500000, 0x00000000c2500000| Untracked 
|  16|0x00000000c2600000, 0x00000000c2600000, 0x00000000c2700000|  0%| F|  |TAMS 0x00000000c2600000, 0x00000000c2600000| Untracked 
|  17|0x00000000c2700000, 0x00000000c2700000, 0x00000000c2800000|  0%| F|  |TAMS 0x00000000c2700000, 0x00000000c2700000| Untracked 
|  18|0x00000000c2800000, 0x00000000c2800000, 0x00000000c2900000|  0%| F|  |TAMS 0x00000000c2800000, 0x00000000c2800000| Untracked 
|  19|0x00000000c2900000, 0x00000000c2900000, 0x00000000c2a00000|  0%| F|  |TAMS 0x00000000c2900000, 0x00000000c2900000| Untracked 
|  20|0x00000000c2a00000, 0x00000000c2a00000, 0x00000000c2b00000|  0%| F|  |TAMS 0x00000000c2a00000, 0x00000000c2a00000| Untracked 
|  21|0x00000000c2b00000, 0x00000000c2b00000, 0x00000000c2c00000|  0%| F|  |TAMS 0x00000000c2b00000, 0x00000000c2b00000| Untracked 
|  22|0x00000000c2c00000, 0x00000000c2c00000, 0x00000000c2d00000|  0%| F|  |TAMS 0x00000000c2c00000, 0x00000000c2c00000| Untracked 
|  23|0x00000000c2d00000, 0x00000000c2d00000, 0x00000000c2e00000|  0%| F|  |TAMS 0x00000000c2d00000, 0x00000000c2d00000| Untracked 
|  24|0x00000000c2e00000, 0x00000000c2e00000, 0x00000000c2f00000|  0%| F|  |TAMS 0x00000000c2e00000, 0x00000000c2e00000| Untracked 
|  25|0x00000000c2f00000, 0x00000000c2f00000, 0x00000000c3000000|  0%| F|  |TAMS 0x00000000c2f00000, 0x00000000c2f00000| Untracked 
|  26|0x00000000c3000000, 0x00000000c3000000, 0x00000000c3100000|  0%| F|  |TAMS 0x00000000c3000000, 0x00000000c3000000| Untracked 
|  27|0x00000000c3100000, 0x00000000c3100000, 0x00000000c3200000|  0%| F|  |TAMS 0x00000000c3100000, 0x00000000c3100000| Untracked 
|  28|0x00000000c3200000, 0x00000000c3200000, 0x00000000c3300000|  0%| F|  |TAMS 0x00000000c3200000, 0x00000000c3200000| Untracked 
|  29|0x00000000c3300000, 0x00000000c3300000, 0x00000000c3400000|  0%| F|  |TAMS 0x00000000c3300000, 0x00000000c3300000| Untracked 
|  30|0x00000000c3400000, 0x00000000c3400000, 0x00000000c3500000|  0%| F|  |TAMS 0x00000000c3400000, 0x00000000c3400000| Untracked 
|  31|0x00000000c3500000, 0x00000000c3500000, 0x00000000c3600000|  0%| F|  |TAMS 0x00000000c3500000, 0x00000000c3500000| Untracked 
|  32|0x00000000c3600000, 0x00000000c3600000, 0x00000000c3700000|  0%| F|  |TAMS 0x00000000c3600000, 0x00000000c3600000| Untracked 
|  33|0x00000000c3700000, 0x00000000c3700000, 0x00000000c3800000|  0%| F|  |TAMS 0x00000000c3700000, 0x00000000c3700000| Untracked 
|  34|0x00000000c3800000, 0x00000000c3800000, 0x00000000c3900000|  0%| F|  |TAMS 0x00000000c3800000, 0x00000000c3800000| Untracked 
|  35|0x00000000c3900000, 0x00000000c3900000, 0x00000000c3a00000|  0%| F|  |TAMS 0x00000000c3900000, 0x00000000c3900000| Untracked 
|  36|0x00000000c3a00000, 0x00000000c3a00000, 0x00000000c3b00000|  0%| F|  |TAMS 0x00000000c3a00000, 0x00000000c3a00000| Untracked 
|  37|0x00000000c3b00000, 0x00000000c3b00000, 0x00000000c3c00000|  0%| F|  |TAMS 0x00000000c3b00000, 0x00000000c3b00000| Untracked 
|  38|0x00000000c3c00000, 0x00000000c3c00000, 0x00000000c3d00000|  0%| F|  |TAMS 0x00000000c3c00000, 0x00000000c3c00000| Untracked 
|  39|0x00000000c3d00000, 0x00000000c3d00000, 0x00000000c3e00000|  0%| F|  |TAMS 0x00000000c3d00000, 0x00000000c3d00000| Untracked 
|  40|0x00000000c3e00000, 0x00000000c3e00000, 0x00000000c3f00000|  0%| F|  |TAMS 0x00000000c3e00000, 0x00000000c3e00000| Untracked 
|  41|0x00000000c3f00000, 0x00000000c3f00000, 0x00000000c4000000|  0%| F|  |TAMS 0x00000000c3f00000, 0x00000000c3f00000| Untracked 
|  42|0x00000000c4000000, 0x00000000c4000000, 0x00000000c4100000|  0%| F|  |TAMS 0x00000000c4000000, 0x00000000c4000000| Untracked 
|  43|0x00000000c4100000, 0x00000000c4100000, 0x00000000c4200000|  0%| F|  |TAMS 0x00000000c4100000, 0x00000000c4100000| Untracked 
|  44|0x00000000c4200000, 0x00000000c4200000, 0x00000000c4300000|  0%| F|  |TAMS 0x00000000c4200000, 0x00000000c4200000| Untracked 
|  45|0x00000000c4300000, 0x00000000c4300000, 0x00000000c4400000|  0%| F|  |TAMS 0x00000000c4300000, 0x00000000c4300000| Untracked 
|  46|0x00000000c4400000, 0x00000000c4400000, 0x00000000c4500000|  0%| F|  |TAMS 0x00000000c4400000, 0x00000000c4400000| Untracked 
|  47|0x00000000c4500000, 0x00000000c4500000, 0x00000000c4600000|  0%| F|  |TAMS 0x00000000c4500000, 0x00000000c4500000| Untracked 
|  48|0x00000000c4600000, 0x00000000c4700000, 0x00000000c4700000|100%| S|CS|TAMS 0x00000000c4600000, 0x00000000c4600000| Complete 
|  49|0x00000000c4700000, 0x00000000c4800000, 0x00000000c4800000|100%| S|CS|TAMS 0x00000000c4700000, 0x00000000c4700000| Complete 
|  50|0x00000000c4800000, 0x00000000c4800000, 0x00000000c4900000|  0%| F|  |TAMS 0x00000000c4800000, 0x00000000c4800000| Untracked 
|  51|0x00000000c4900000, 0x00000000c4900000, 0x00000000c4a00000|  0%| F|  |TAMS 0x00000000c4900000, 0x00000000c4900000| Untracked 
|  52|0x00000000c4a00000, 0x00000000c4a00000, 0x00000000c4b00000|  0%| F|  |TAMS 0x00000000c4a00000, 0x00000000c4a00000| Untracked 
|  53|0x00000000c4b00000, 0x00000000c4b00000, 0x00000000c4c00000|  0%| F|  |TAMS 0x00000000c4b00000, 0x00000000c4b00000| Untracked 
|  54|0x00000000c4c00000, 0x00000000c4c00000, 0x00000000c4d00000|  0%| F|  |TAMS 0x00000000c4c00000, 0x00000000c4c00000| Untracked 
|  55|0x00000000c4d00000, 0x00000000c4d00000, 0x00000000c4e00000|  0%| F|  |TAMS 0x00000000c4d00000, 0x00000000c4d00000| Untracked 
|  56|0x00000000c4e00000, 0x00000000c4e00000, 0x00000000c4f00000|  0%| F|  |TAMS 0x00000000c4e00000, 0x00000000c4e00000| Untracked 
|  57|0x00000000c4f00000, 0x00000000c4f00000, 0x00000000c5000000|  0%| F|  |TAMS 0x00000000c4f00000, 0x00000000c4f00000| Untracked 
|  58|0x00000000c5000000, 0x00000000c5000000, 0x00000000c5100000|  0%| F|  |TAMS 0x00000000c5000000, 0x00000000c5000000| Untracked 
|  59|0x00000000c5100000, 0x00000000c5100000, 0x00000000c5200000|  0%| F|  |TAMS 0x00000000c5100000, 0x00000000c5100000| Untracked 
|  60|0x00000000c5200000, 0x00000000c5200000, 0x00000000c5300000|  0%| F|  |TAMS 0x00000000c5200000, 0x00000000c5200000| Untracked 
|  61|0x00000000c5300000, 0x00000000c5300000, 0x00000000c5400000|  0%| F|  |TAMS 0x00000000c5300000, 0x00000000c5300000| Untracked 
|  62|0x00000000c5400000, 0x00000000c5400000, 0x00000000c5500000|  0%| F|  |TAMS 0x00000000c5400000, 0x00000000c5400000| Untracked 
|  63|0x00000000c5500000, 0x00000000c55d78b8, 0x00000000c5600000| 84%| E|  |TAMS 0x00000000c5500000, 0x00000000c5500000| Complete 

Card table byte_map: [0x0000018235800000,0x0000018235a00000] _byte_map_base: 0x00000182351f5000

Marking Bits (Prev, Next): (CMBitMap*) 0x000001821e131e88, (CMBitMap*) 0x000001821e131ec8
 Prev Bits: [0x0000018235c00000, 0x0000018236ba8000)
 Next Bits: [0x0000018236bb0000, 0x0000018237b58000)

Polling page: 0x000001821c010000

Metaspace:

Usage:
  Non-class:      6.31 MB capacity,     5.82 MB ( 92%) used,   495.18 KB (  8%) free+waste,     9.00 KB ( <1%) overhead. 
      Class:    690.00 KB capacity,   627.92 KB ( 91%) used,    57.08 KB (  8%) free+waste,     5.00 KB ( <1%) overhead. 
       Both:      6.98 MB capacity,     6.43 MB ( 92%) used,   552.26 KB (  8%) free+waste,    14.00 KB ( <1%) overhead. 

Virtual space:
  Non-class space:        8.00 MB reserved,       6.50 MB ( 81%) committed 
      Class space:        1.00 GB reserved,     768.00 KB ( <1%) committed 
             Both:        1.01 GB reserved,       7.25 MB ( <1%) committed 

Chunk freelists:
   Non-Class:  5.00 KB
       Class:  14.00 KB
        Both:  19.00 KB

MaxMetaspaceSize: 17179869184.00 GB
CompressedClassSpaceSize: 1.00 GB

CodeHeap 'non-profiled nmethods': size=120000Kb used=264Kb max_used=264Kb free=119735Kb
 bounds [0x000001822e0d0000, 0x000001822e340000, 0x0000018235600000]
CodeHeap 'profiled nmethods': size=120000Kb used=1460Kb max_used=1460Kb free=118539Kb
 bounds [0x0000018226ba0000, 0x0000018226e10000, 0x000001822e0d0000]
CodeHeap 'non-nmethods': size=5760Kb used=1233Kb max_used=1247Kb free=4526Kb
 bounds [0x0000018226600000, 0x0000018226870000, 0x0000018226ba0000]
 total_blobs=1767 nmethods=811 adapters=413
 compilation: enabled
              stopped_count=0, restarted_count=0
 full_count=0

Compilation events (20 events):
Event: 0.735 Thread 0x000001823b031800 nmethod 785 0x000001822e10ed10 code [0x000001822e10eea0, 0x000001822e10f118]
Event: 0.739 Thread 0x000001823a113800  786       3       java.lang.reflect.Modifier::isFinal (13 bytes)
Event: 0.739 Thread 0x000001823a113800 nmethod 786 0x0000018226cff010 code [0x0000018226cff1c0, 0x0000018226cff358]
Event: 0.750 Thread 0x000001823a113800  787       3       java.lang.invoke.MethodType$ConcurrentWeakInternSet::get (47 bytes)
Event: 0.751 Thread 0x000001823a113800 nmethod 787 0x0000018226cff410 code [0x0000018226cff640, 0x0000018226d00140]
Event: 0.751 Thread 0x000001823a113800  789   !   3       java.lang.invoke.MemberName::getFieldType (177 bytes)
Event: 0.752 Thread 0x000001823a113800 nmethod 789 0x0000018226d00410 code [0x0000018226d00760, 0x0000018226d02060]
Event: 0.752 Thread 0x000001823a113800  791       3       java.lang.invoke.MemberName::getMethodOrFieldType (72 bytes)
Event: 0.754 Thread 0x000001823a113800 nmethod 791 0x0000018226d02810 code [0x0000018226d02b80, 0x0000018226d03f10]
Event: 0.754 Thread 0x000001823a113800  792       3       java.lang.reflect.Modifier::isPublic (12 bytes)
Event: 0.754 Thread 0x000001823a113800 nmethod 792 0x0000018226d04590 code [0x0000018226d04740, 0x0000018226d048d8]
Event: 0.754 Thread 0x000001823a113800  793       3       java.lang.String::getChars (54 bytes)
Event: 0.754 Thread 0x000001823a113800 nmethod 793 0x0000018226d04990 code [0x0000018226d04ba0, 0x0000018226d050e0]
Event: 0.754 Thread 0x000001823b031800  794 %     4       java.util.Properties$LineReader::readLine @ 224 (584 bytes)
Event: 0.759 Thread 0x000001823a113800  795       1       java.lang.reflect.Method::getModifiers (5 bytes)
Event: 0.760 Thread 0x000001823a113800 nmethod 795 0x000001822e10f910 code [0x000001822e10faa0, 0x000001822e10fbd8]
Event: 0.760 Thread 0x000001823a113800  796       1       java.lang.reflect.Method::getReturnType (5 bytes)
Event: 0.760 Thread 0x000001823a113800 nmethod 796 0x000001822e10fc90 code [0x000001822e10fe20, 0x000001822e10ff58]
Event: 0.762 Thread 0x000001823a113800  797       3       java.lang.String::equalsIgnoreCase (45 bytes)
Event: 0.762 Thread 0x000001823a113800 nmethod 797 0x0000018226d05310 code [0x0000018226d05500, 0x0000018226d05ad0]

GC Heap History (0 events):
No events

Deoptimization events (20 events):
Event: 0.435 Thread 0x000001823afbd800 DEOPT PACKING pc=0x0000018226bcf250 sp=0x0000005799bfc010
Event: 0.435 Thread 0x000001823afbd800 DEOPT UNPACKING pc=0x000001822664964e sp=0x0000005799bfb4b0 mode 0
Event: 0.436 Thread 0x000001823afbd800 DEOPT PACKING pc=0x0000018226bcf250 sp=0x0000005799bfc010
Event: 0.436 Thread 0x000001823afbd800 DEOPT UNPACKING pc=0x000001822664964e sp=0x0000005799bfb4b0 mode 0
Event: 0.456 Thread 0x000001823afbd800 DEOPT PACKING pc=0x0000018226c74ee1 sp=0x0000005799bfc590
Event: 0.456 Thread 0x000001823afbd800 DEOPT UNPACKING pc=0x000001822664964e sp=0x0000005799bfba88 mode 0
Event: 0.457 Thread 0x000001823afbd800 DEOPT PACKING pc=0x0000018226c74ee1 sp=0x0000005799bfc590
Event: 0.457 Thread 0x000001823afbd800 DEOPT UNPACKING pc=0x000001822664964e sp=0x0000005799bfba88 mode 0
Event: 0.458 Thread 0x000001823afbd800 DEOPT PACKING pc=0x0000018226c74ee1 sp=0x0000005799bfc590
Event: 0.458 Thread 0x000001823afbd800 DEOPT UNPACKING pc=0x000001822664964e sp=0x0000005799bfba88 mode 0
Event: 0.459 Thread 0x000001823afbd800 DEOPT PACKING pc=0x0000018226c74ee1 sp=0x0000005799bfc590
Event: 0.459 Thread 0x000001823afbd800 DEOPT UNPACKING pc=0x000001822664964e sp=0x0000005799bfba88 mode 0
Event: 0.460 Thread 0x000001823afbd800 DEOPT PACKING pc=0x0000018226c74ee1 sp=0x0000005799bfc590
Event: 0.460 Thread 0x000001823afbd800 DEOPT UNPACKING pc=0x000001822664964e sp=0x0000005799bfba88 mode 0
Event: 0.465 Thread 0x000001823afbd800 DEOPT PACKING pc=0x0000018226c3b5b2 sp=0x0000005799bfc200
Event: 0.465 Thread 0x000001823afbd800 DEOPT UNPACKING pc=0x000001822664964e sp=0x0000005799bfb668 mode 0
Event: 0.751 Thread 0x000001823afbd800 Uncommon trap: trap_request=0xffffff45 fr.pc=0x000001822e10f0bc relative=0x000000000000021c
Event: 0.751 Thread 0x000001823afbd800 Uncommon trap: reason=unstable_if action=reinterpret pc=0x000001822e10f0bc method=java.lang.String.startsWith(Ljava/lang/String;I)Z @ 14 c2
Event: 0.751 Thread 0x000001823afbd800 DEOPT PACKING pc=0x000001822e10f0bc sp=0x0000005799bfc870
Event: 0.751 Thread 0x000001823afbd800 DEOPT UNPACKING pc=0x000001822664912f sp=0x0000005799bfc7d0 mode 2

Classes unloaded (0 events):
No events

Classes redefined (0 events):
No events

Internal exceptions (4 events):
Event: 0.190 Thread 0x000001821c12e800 Exception <a 'java/lang/ClassNotFoundException'{0x00000000c54ff7f8}: sun/awt/resources/spi/awtProvider> (0x00000000c54ff7f8) 
thrown [t:/workspace/open/src/hotspot/share/classfile/systemDictionary.cpp, line 232]
Event: 0.228 Thread 0x000001821c12e800 Exception <a 'java/io/FileNotFoundException'{0x00000000c53553d8}> (0x00000000c53553d8) 
thrown [t:/workspace/open/src/hotspot/share/prims/jni.cpp, line 598]
Event: 0.237 Thread 0x000001821c12e800 Exception <a 'java/io/FileNotFoundException'{0x00000000c537b9b8}> (0x00000000c537b9b8) 
thrown [t:/workspace/open/src/hotspot/share/prims/jni.cpp, line 598]
Event: 0.357 Thread 0x000001823afb1800 Exception <a 'java/lang/NoSuchMethodError'{0x00000000c51dd868}: 'void java.lang.invoke.DirectMethodHandle$Holder.invokeSpecial(java.lang.Object, java.lang.Object)'> (0x00000000c51dd868) 
thrown [t:/workspace/open/src/hotspot/share/interpreter/linkResolver.cpp, line 767]

Events (20 events):
Event: 0.761 loading class sun/net/spi/DefaultProxySelector$1
Event: 0.761 loading class sun/net/spi/DefaultProxySelector$1 done
Event: 0.761 loading class sun/net/spi/DefaultProxySelector$NonProxyInfo
Event: 0.761 loading class sun/net/spi/DefaultProxySelector$NonProxyInfo done
Event: 0.761 loading class sun/net/spi/DefaultProxySelector$4
Event: 0.761 loading class sun/net/spi/DefaultProxySelector$4 done
Event: 0.762 loading class sun/net/NetHooks
Event: 0.762 loading class sun/net/NetHooks done
Event: 0.763 loading class java/net/Socket$SocketInputStream
Event: 0.763 loading class java/net/Socket$SocketInputStream done
Event: 0.763 loading class sun/nio/ch/NioSocketImpl$1
Event: 0.763 loading class sun/nio/ch/NioSocketImpl$1 done
Event: 0.763 loading class java/net/Socket$SocketOutputStream
Event: 0.763 loading class java/net/Socket$SocketOutputStream done
Event: 0.763 loading class sun/nio/ch/NioSocketImpl$2
Event: 0.763 loading class sun/nio/ch/NioSocketImpl$2 done
Event: 0.764 loading class sun/nio/ch/Util$BufferCache
Event: 0.764 loading class sun/nio/ch/Util$BufferCache done
Event: 0.764 loading class java/nio/DirectByteBuffer$Deallocator
Event: 0.764 loading class java/nio/DirectByteBuffer$Deallocator done


Dynamic libraries:
0x00007ff6dc1c0000 - 0x00007ff6dc1cf000 	C:\Program Files\Java\jdk-13.0.2\bin\javaw.exe
0x00007ffca9400000 - 0x00007ffca95f0000 	C:\Windows\SYSTEM32\ntdll.dll
0x00007ffca8d00000 - 0x00007ffca8db2000 	C:\Windows\System32\KERNEL32.DLL
0x00007ffca70d0000 - 0x00007ffca7375000 	C:\Windows\System32\KERNELBASE.dll
0x00007ffca6500000 - 0x00007ffca65fa000 	C:\Windows\System32\ucrtbase.dll
0x00007ffc9c960000 - 0x00007ffc9c975000 	C:\Program Files\Java\jdk-13.0.2\bin\VCRUNTIME140.dll
0x00007ffc9c920000 - 0x00007ffc9c938000 	C:\Program Files\Java\jdk-13.0.2\bin\jli.dll
0x00007ffca7ea0000 - 0x00007ffca7f43000 	C:\Windows\System32\ADVAPI32.dll
0x00007ffca8ab0000 - 0x00007ffca8b4e000 	C:\Windows\System32\msvcrt.dll
0x00007ffca9280000 - 0x00007ffca9317000 	C:\Windows\System32\sechost.dll
0x00007ffca75c0000 - 0x00007ffca76df000 	C:\Windows\System32\RPCRT4.dll
0x00007ffca9050000 - 0x00007ffca91e4000 	C:\Windows\System32\USER32.dll
0x00007ffca7380000 - 0x00007ffca73a1000 	C:\Windows\System32\win32u.dll
0x00007ffca91f0000 - 0x00007ffca9216000 	C:\Windows\System32\GDI32.dll
0x00007ffca6f30000 - 0x00007ffca70c8000 	C:\Windows\System32\gdi32full.dll
0x00007ffca6650000 - 0x00007ffca66ee000 	C:\Windows\System32\msvcp_win.dll
0x00007ffc97860000 - 0x00007ffc97ae4000 	C:\Windows\WinSxS\amd64_microsoft.windows.common-controls_6595b64144ccf1df_6.0.18362.1556_none_9e7e372fe45e41d5\COMCTL32.dll
0x00007ffca76e0000 - 0x00007ffca7a16000 	C:\Windows\System32\combase.dll
0x00007ffca6ea0000 - 0x00007ffca6f21000 	C:\Windows\System32\bcryptPrimitives.dll
0x00007ffc97ce0000 - 0x00007ffc97cea000 	C:\Windows\SYSTEM32\VERSION.dll
0x00007ffca8240000 - 0x00007ffca826e000 	C:\Windows\System32\IMM32.DLL
0x00007ffc89e70000 - 0x00007ffc89f0b000 	C:\Program Files\Java\jdk-13.0.2\bin\msvcp140.dll
0x00007ffc64bb0000 - 0x00007ffc6570d000 	C:\Program Files\Java\jdk-13.0.2\bin\server\jvm.dll
0x00007ffca8dc0000 - 0x00007ffca8dc8000 	C:\Windows\System32\PSAPI.DLL
0x00007ffca4380000 - 0x00007ffca43a4000 	C:\Windows\SYSTEM32\WINMM.dll
0x00007ffca2aa0000 - 0x00007ffca2aa9000 	C:\Windows\SYSTEM32\WSOCK32.dll
0x00007ffca9320000 - 0x00007ffca938f000 	C:\Windows\System32\WS2_32.dll
0x00007ffca4350000 - 0x00007ffca437d000 	C:\Windows\SYSTEM32\WINMMBASE.dll
0x00007ffca6600000 - 0x00007ffca664a000 	C:\Windows\System32\cfgmgr32.dll
0x00007ffca6320000 - 0x00007ffca6331000 	C:\Windows\System32\kernel.appcore.dll
0x00007ffc9f1f0000 - 0x00007ffc9f200000 	C:\Program Files\Java\jdk-13.0.2\bin\verify.dll
0x00007ffc971c0000 - 0x00007ffc973b4000 	C:\Windows\SYSTEM32\DBGHELP.DLL
0x00007ffc97190000 - 0x00007ffc971ba000 	C:\Windows\SYSTEM32\dbgcore.DLL
0x00007ffc8d5b0000 - 0x00007ffc8d5d6000 	C:\Program Files\Java\jdk-13.0.2\bin\java.dll
0x00007ffc9b170000 - 0x00007ffc9b187000 	C:\Program Files\Java\jdk-13.0.2\bin\zip.dll
0x00007ffc9c900000 - 0x00007ffc9c90a000 	C:\Program Files\Java\jdk-13.0.2\bin\jimage.dll
0x00007ffca83a0000 - 0x00007ffca8a87000 	C:\Windows\System32\SHELL32.dll
0x00007ffca8130000 - 0x00007ffca81d8000 	C:\Windows\System32\shcore.dll
0x00007ffca66f0000 - 0x00007ffca6e6b000 	C:\Windows\System32\windows.storage.dll
0x00007ffca62e0000 - 0x00007ffca62fe000 	C:\Windows\System32\profapi.dll
0x00007ffca6290000 - 0x00007ffca62da000 	C:\Windows\System32\powrprof.dll
0x00007ffca6280000 - 0x00007ffca6290000 	C:\Windows\System32\UMPDC.dll
0x00007ffca81e0000 - 0x00007ffca8232000 	C:\Windows\System32\shlwapi.dll
0x00007ffca73b0000 - 0x00007ffca73c7000 	C:\Windows\System32\cryptsp.dll
0x00007ffc8ddb0000 - 0x00007ffc8ddc9000 	C:\Program Files\Java\jdk-13.0.2\bin\net.dll
0x00007ffc9c620000 - 0x00007ffc9c71a000 	C:\Windows\SYSTEM32\WINHTTP.dll
0x00007ffca5ac0000 - 0x00007ffca5b27000 	C:\Windows\system32\mswsock.dll
0x00007ffc8d590000 - 0x00007ffc8d5a3000 	C:\Program Files\Java\jdk-13.0.2\bin\nio.dll
0x00007ffc6a9c0000 - 0x00007ffc6ab59000 	C:\Program Files\Java\jdk-13.0.2\bin\awt.dll
0x00007ffca74f0000 - 0x00007ffca75b5000 	C:\Windows\System32\OLEAUT32.dll
0x00007ffca4150000 - 0x00007ffca41df000 	C:\Windows\SYSTEM32\apphelp.dll
0x00007ffca4570000 - 0x00007ffca4609000 	C:\Windows\system32\uxtheme.dll
0x00007ffca8f10000 - 0x00007ffca9045000 	C:\Windows\System32\MSCTF.dll
0x00007ffca7f50000 - 0x00007ffca80a7000 	C:\Windows\System32\ole32.dll
0x00007ffca5810000 - 0x00007ffca58db000 	C:\Windows\SYSTEM32\DNSAPI.dll
0x00007ffca7a20000 - 0x00007ffca7a28000 	C:\Windows\System32\NSI.dll
0x00007ffca57d0000 - 0x00007ffca580a000 	C:\Windows\SYSTEM32\IPHLPAPI.DLL
0x00007ffc9bea0000 - 0x00007ffc9beaa000 	C:\Windows\System32\rasadhlp.dll
0x00007ffc9cdb0000 - 0x00007ffc9ce27000 	C:\Windows\System32\fwpuclnt.dll
0x00007ffca6e70000 - 0x00007ffca6e96000 	C:\Windows\System32\bcrypt.dll

dbghelp: loaded successfully - version: 4.0.5 - missing functions: none
symbol engine: initialized successfully - sym options: 0x614 - pdb path: .;C:\Program Files\Java\jdk-13.0.2\bin;C:\Windows\SYSTEM32;C:\Windows\WinSxS\amd64_microsoft.windows.common-controls_6595b64144ccf1df_6.0.18362.1556_none_9e7e372fe45e41d5;C:\Program Files\Java\jdk-13.0.2\bin\server

VM Arguments:
jvm_args: -Dfile.encoding=Cp1252 
java_command: Application.Home
java_class_path (initial): C:\Users\User\git\bakame\DriveOperations\target\classes;C:\Users\User\Desktop\Libraries\jgoodies-common-1.8.0.jar;C:\Users\User\Desktop\Libraries\jgoodies-forms-1.8.0.jar;C:\Users\User\Desktop\Libraries\miglayout15-swing.jar;C:\Users\User\Downloads\javax.mail.jar;C:\Users\User\Downloads\activation-1.1.1.jar;C:\Users\User\Downloads\jcalendar-1.4.jar;C:\Users\User\Downloads\jfreechart-1.0.19\lib\jcommon-1.0.23.jar;C:\Users\User\Downloads\jfreechart-1.0.19\lib\jfreechart-1.0.19.jar;C:\Users\User\Downloads\commons-net-3.8.0\commons-net-3.8.0.jar;C:\Users\User\Documents\Libs\comm-2.0.jar;C:\Users\User\Documents\Libs\http-2.2.1.jar;C:\Users\User\Downloads\JTattoo-1.6.13.jar;C:\Users\User\Desktop\Libs\jmespath-java-1.11.470.jar;C:\Users\User\Desktop\Libs\aws-java-sdk-core-1.12.65.jar;C:\Users\User\Desktop\Libs\aws-java-sdk-kms-1.12.65.jar;C:\Users\User\Desktop\Libs\aws-java-sdk-s3-1.12.65.jar;C:\Users\User\Desktop\Libs\commons-codec-1.15.jar;C:\Users\User\Desktop\Libs\commons-logging-1.1.3.jar;C:\Users\User\Desktop\Libs\httpclient-4.5.13.jar;C:\Users\User\Desktop\Libs\ion-java-1.0.2.jar;C:\Users\User\Desktop\Libs\jackson-annotations-2.12.3.jar;C:\Users\User\Desktop\Libs\jackson-core-2.12.3.jar;C:\Users\User\Desktop\Libs\jackson-databind-2.12.3.jar;C:\Users\User\Desktop\Libs\jackson-dataformat-cbor-2.12.3.jar;C:\Users\User\Desktop\Libs\jmespath-java-1.12.65.jar;C:\Users\User\Desktop\Libs\joda-time-2.8.1.jar;C:\Users\User\Desktop\Libs\mysql-connector-java-5.1.45.jar;C:\Users\User\.m2\repository\com\amazonaws\aws-java-sdk-s3\1.12.65\aws-java-sdk-s3-1.12.65.jar;C:\Users\User\.m2\repository\com\amazonaws\aws-java-sdk-kms\1.12.65\aws-java-sdk-kms-1.12.65.jar;C:\Users\User\.m2\repository\com\amazonaws\aws-java-sdk-core\1.12.65\aws-java-sdk-core-1.12.65.jar;C:\Users\User\.m2\repository\commons-logging\commons-logging\1.1.3\commons-logging-1.1.3.jar;C:\Users\User\.m2\repository\commons-codec\commons-codec\1.15\commons-codec-1.15.jar;C:\Users\User\.m2\re
Launcher Type: SUN_STANDARD

[Global flags]
     intx CICompilerCount                          = 3                                         {product} {ergonomic}
     uint ConcGCThreads                            = 1                                         {product} {ergonomic}
     uint G1ConcRefinementThreads                  = 4                                         {product} {ergonomic}
   size_t G1HeapRegionSize                         = 1048576                                   {product} {ergonomic}
    uintx GCDrainStackTargetSize                   = 64                                        {product} {ergonomic}
   size_t InitialHeapSize                          = 67108864                                  {product} {ergonomic}
   size_t MarkStackSize                            = 4194304                                   {product} {ergonomic}
   size_t MaxHeapSize                              = 1050673152                                {product} {ergonomic}
   size_t MaxNewSize                               = 630194176                                 {product} {ergonomic}
   size_t MinHeapDeltaBytes                        = 1048576                                   {product} {ergonomic}
   size_t MinHeapSize                              = 8388608                                   {product} {ergonomic}
    uintx NonNMethodCodeHeapSize                   = 5832780                                {pd product} {ergonomic}
    uintx NonProfiledCodeHeapSize                  = 122912730                              {pd product} {ergonomic}
    uintx ProfiledCodeHeapSize                     = 122912730                              {pd product} {ergonomic}
    uintx ReservedCodeCacheSize                    = 251658240                              {pd product} {ergonomic}
     bool SegmentedCodeCache                       = true                                      {product} {ergonomic}
   size_t SoftMaxHeapSize                          = 1050673152                             {manageable} {ergonomic}
     bool UseCompressedClassPointers               = true                                 {lp64_product} {ergonomic}
     bool UseCompressedOops                        = true                                 {lp64_product} {ergonomic}
     bool UseG1GC                                  = true                                      {product} {ergonomic}
     bool UseLargePagesIndividualAllocation        = false                                  {pd product} {ergonomic}

Logging:
Log output configuration:
 #0: stdout all=warning uptime,level,tags
 #1: stderr all=off uptime,level,tags

Environment Variables:
JAVA_HOME=C:\Program Files (x86)\Java\jre1.8.0_241
PATH=C:\Program Files\Java\jdk-13.0.2\bin;C:\Program Files (x86)\Common Files\Oracle\Java\javapath;C:\Windows\system32;C:\Windows;C:\Windows\System32\Wbem;C:\Windows\System32\WindowsPowerShell\v1.0\;C:\Windows\System32\OpenSSH\;C:\Program Files (x86)\apache-maven-3.8.1\bin;C:\Program Files (x86)\gradle-7.1.1\bin;C:\Users\User\Documents\Setup logiciels\mongosh-1.1.2-win32-x64\bin;C:\Program Files\Git\cmd;C:\Program Files\MySQL\MySQL Shell 8.0\bin\;C:\Users\User\AppData\Local\Microsoft\WindowsApps;C:\Users\User\AppData\Local\Programs\Microsoft VS Code\bin;C:\Program Files (x86)\gradle-7.1.1\bin;C:\Users\User\Downloads\platform-tools;C:\Users\User\Documents\Setup logiciels\mongosh-1.1.2-win32-x64\bin;C:\Users\User\AppData\Local\GitHubDesktop\bin;C:\Program Files\JetBrains\IntelliJ IDEA 2022.1.1\bin;
USERNAME=User
OS=Windows_NT
PROCESSOR_IDENTIFIER=Intel64 Family 6 Model 42 Stepping 7, GenuineIntel



---------------  S Y S T E M  ---------------

OS: Windows 10 , 64 bit Build 18362 (10.0.18362.1500)

CPU:total 4 (initial active 4) (2 cores per cpu, 2 threads per core) family 6 model 42 stepping 7, cmov, cx8, fxsr, mmx, sse, sse2, sse3, ssse3, sse4.1, sse4.2, popcnt, avx, aes, clmul, ht, tsc, tscinvbit

Memory: 4k page, system-wide physical 4006M (489M free)
TotalPageFile size 16294M (AvailPageFile size 1M)
current process WorkingSet (physical memory assigned to process): 72M, peak: 72M
current process commit charge ("private bytes"): 154M, peak: 154M

vm_info: Java HotSpot(TM) 64-Bit Server VM (13.0.2+8) for windows-amd64 JRE (13.0.2+8), built on Dec 11 2019 09:20:33 by "mach5one" with unknown MS VC++:1916

END.
