#
# There is insufficient memory for the Java Runtime Environment to continue.
# Native memory allocation (malloc) failed to allocate 2375376 bytes for Chunk::new
# Possible reasons:
#   The system is out of physical RAM or swap space
#   The process is running with CompressedOops enabled, and the Java Heap may be blocking the growth of the native heap
# Possible solutions:
#   Reduce memory load on the system
#   Increase physical memory or swap space
#   Check if swap backing store is full
#   Decrease Java heap size (-Xmx/-Xms)
#   Decrease number of Java threads
#   Decrease Java thread stack sizes (-Xss)
#   Set larger code cache with -XX:ReservedCodeCacheSize=
#   JVM is running with Unscaled Compressed Oops mode in which the Java heap is
#     placed in the first 4GB address space. The Java Heap base address is the
#     maximum limit for the native heap growth. Please use -XX:HeapBaseMinAddress
#     to set the Java Heap base and to place the Java Heap above 4GB virtual address.
# This output file may be truncated or incomplete.
#
#  Out of Memory Error (t:/workspace/open/src/hotspot/share/memory/arena.cpp:196), pid=11300, tid=16816
#
# JRE version: Java(TM) SE Runtime Environment (13.0.2+8) (build 13.0.2+8)
# Java VM: Java HotSpot(TM) 64-Bit Server VM (13.0.2+8, mixed mode, sharing, tiered, compressed oops, g1 gc, windows-amd64)
# No core dump will be written. Minidumps are not enabled by default on client versions of Windows
#

---------------  S U M M A R Y ------------

Command Line: -Dfile.encoding=Cp1252 Application.Home

Host: Intel(R) Core(TM) i5-2520M CPU @ 2.50GHz, 4 cores, 3G,  Windows 10 , 64 bit Build 18362 (10.0.18362.1500)
Time: Wed Sep 22 10:26:16 2021 South Africa Standard Time elapsed time: 29 seconds (0d 0h 0m 29s)

---------------  T H R E A D  ---------------

Current thread (0x000001bc4bbf3800):  JavaThread "C2 CompilerThread0" daemon [_thread_in_native, id=16816, stack(0x0000009c51300000,0x0000009c51400000)]


Current CompileTask:
C2:  29397 3144   !   4       javax.swing.RepaintManager::addDirtyRegion0 (205 bytes)

Stack: [0x0000009c51300000,0x0000009c51400000]
Native frames: (J=compiled Java code, j=interpreted, Vv=VM code, C=native code)
V  [jvm.dll+0x624f9a]
V  [jvm.dll+0x770cfa]
V  [jvm.dll+0x7724af]
V  [jvm.dll+0x772ab3]
V  [jvm.dll+0x24bf08]
V  [jvm.dll+0xc1e47]
V  [jvm.dll+0xc23cc]
V  [jvm.dll+0x35c0c5]
V  [jvm.dll+0x327803]
V  [jvm.dll+0x326bda]
V  [jvm.dll+0x205c27]
V  [jvm.dll+0x204e3f]
V  [jvm.dll+0x189c2c]
V  [jvm.dll+0x213e6d]
V  [jvm.dll+0x2120bb]
V  [jvm.dll+0x736bb6]
V  [jvm.dll+0x72fcaa]
V  [jvm.dll+0x623ea6]
C  [ucrtbase.dll+0x210b2]
C  [KERNEL32.DLL+0x17c24]
C  [ntdll.dll+0x6d721]


---------------  P R O C E S S  ---------------

Threads class SMR info:
_java_thread_list=0x000001bc4de37380, length=25, elements={
0x000001bc4bbc9000, 0x000001bc4bbcc800, 0x000001bc4bbe7800, 0x000001bc4bbea800,
0x000001bc4bbf3800, 0x000001bc4bbfa000, 0x000001bc4bbfd800, 0x000001bc4c633000,
0x000001bc4c637800, 0x000001bc4c977000, 0x000001bc4ca1f000, 0x000001bc4ca20000,
0x000001bc4c97b000, 0x000001bc2fbcf800, 0x000001bc4cb04000, 0x000001bc4cbf5800,
0x000001bc4cb91000, 0x000001bc4cb8d800, 0x000001bc4cc66800, 0x000001bc4cc6d000,
0x000001bc4cc6a800, 0x000001bc4cc6b800, 0x000001bc4cc6c800, 0x000001bc4cc69000,
0x000001bc4cc6e000
}

Java Threads: ( => current thread )
  0x000001bc4bbc9000 JavaThread "Reference Handler" daemon [_thread_blocked, id=14088, stack(0x0000009c50f00000,0x0000009c51000000)]
  0x000001bc4bbcc800 JavaThread "Finalizer" daemon [_thread_blocked, id=3068, stack(0x0000009c51000000,0x0000009c51100000)]
  0x000001bc4bbe7800 JavaThread "Signal Dispatcher" daemon [_thread_blocked, id=6996, stack(0x0000009c51100000,0x0000009c51200000)]
  0x000001bc4bbea800 JavaThread "Attach Listener" daemon [_thread_blocked, id=11504, stack(0x0000009c51200000,0x0000009c51300000)]
=>0x000001bc4bbf3800 JavaThread "C2 CompilerThread0" daemon [_thread_in_native, id=16816, stack(0x0000009c51300000,0x0000009c51400000)]
  0x000001bc4bbfa000 JavaThread "C1 CompilerThread0" daemon [_thread_blocked, id=13200, stack(0x0000009c51400000,0x0000009c51500000)]
  0x000001bc4bbfd800 JavaThread "Sweeper thread" daemon [_thread_blocked, id=13404, stack(0x0000009c51500000,0x0000009c51600000)]
  0x000001bc4c633000 JavaThread "Service Thread" daemon [_thread_blocked, id=6520, stack(0x0000009c51600000,0x0000009c51700000)]
  0x000001bc4c637800 JavaThread "Common-Cleaner" daemon [_thread_blocked, id=2192, stack(0x0000009c51800000,0x0000009c51900000)]
  0x000001bc4c977000 JavaThread "Java2D Disposer" daemon [_thread_blocked, id=1880, stack(0x0000009c51900000,0x0000009c51a00000)]
  0x000001bc4ca1f000 JavaThread "AWT-Shutdown" [_thread_blocked, id=11140, stack(0x0000009c51a00000,0x0000009c51b00000)]
  0x000001bc4ca20000 JavaThread "AWT-Windows" daemon [_thread_in_native, id=15348, stack(0x0000009c51b00000,0x0000009c51c00000)]
  0x000001bc4c97b000 JavaThread "AWT-EventQueue-0" [_thread_blocked, id=9600, stack(0x0000009c51c00000,0x0000009c51d00000)]
  0x000001bc2fbcf800 JavaThread "DestroyJavaVM" [_thread_blocked, id=8872, stack(0x0000009c50800000,0x0000009c50900000)]
  0x000001bc4cb04000 JavaThread "TimerQueue" daemon [_thread_blocked, id=6600, stack(0x0000009c51e00000,0x0000009c51f00000)]
  0x000001bc4cbf5800 JavaThread "SwingWorker-pool-1-thread-1" daemon [_thread_blocked, id=8596, stack(0x0000009c51f00000,0x0000009c52000000)]
  0x000001bc4cb91000 JavaThread "SwingWorker-pool-1-thread-2" daemon [_thread_blocked, id=14112, stack(0x0000009c52000000,0x0000009c52100000)]
  0x000001bc4cb8d800 JavaThread "SwingWorker-pool-1-thread-3" daemon [_thread_blocked, id=9332, stack(0x0000009c52100000,0x0000009c52200000)]
  0x000001bc4cc66800 JavaThread "SwingWorker-pool-1-thread-4" daemon [_thread_blocked, id=16748, stack(0x0000009c52200000,0x0000009c52300000)]
  0x000001bc4cc6d000 JavaThread "SwingWorker-pool-1-thread-5" daemon [_thread_blocked, id=11228, stack(0x0000009c52300000,0x0000009c52400000)]
  0x000001bc4cc6a800 JavaThread "SwingWorker-pool-1-thread-6" daemon [_thread_blocked, id=11988, stack(0x0000009c52400000,0x0000009c52500000)]
  0x000001bc4cc6b800 JavaThread "SwingWorker-pool-1-thread-7" daemon [_thread_blocked, id=9904, stack(0x0000009c52500000,0x0000009c52600000)]
  0x000001bc4cc6c800 JavaThread "SwingWorker-pool-1-thread-8" daemon [_thread_blocked, id=1312, stack(0x0000009c52600000,0x0000009c52700000)]
  0x000001bc4cc69000 JavaThread "SwingWorker-pool-1-thread-9" daemon [_thread_blocked, id=15732, stack(0x0000009c52700000,0x0000009c52800000)]
  0x000001bc4cc6e000 JavaThread "SwingWorker-pool-1-thread-10" daemon [_thread_blocked, id=12036, stack(0x0000009c52800000,0x0000009c52900000)]

Other Threads:
  0x000001bc4bbc7800 VMThread "VM Thread" [stack: 0x0000009c50e00000,0x0000009c50f00000] [id=14236]
  0x000001bc4c634000 WatcherThread [stack: 0x0000009c51700000,0x0000009c51800000] [id=8520]
  0x000001bc2fc01000 GCTaskThread "GC Thread#0" [stack: 0x0000009c50900000,0x0000009c50a00000] [id=14592]
  0x000001bc4cc3c000 GCTaskThread "GC Thread#1" [stack: 0x0000009c52900000,0x0000009c52a00000] [id=6528]
  0x000001bc4ccad800 GCTaskThread "GC Thread#2" [stack: 0x0000009c52a00000,0x0000009c52b00000] [id=10132]
  0x000001bc4ccae000 GCTaskThread "GC Thread#3" [stack: 0x0000009c52b00000,0x0000009c52c00000] [id=10928]
  0x000001bc2fc0b000 ConcurrentGCThread "G1 Main Marker" [stack: 0x0000009c50a00000,0x0000009c50b00000] [id=12724]
  0x000001bc2fc0c000 ConcurrentGCThread "G1 Conc#0" [stack: 0x0000009c50b00000,0x0000009c50c00000] [id=12648]
  0x000001bc2fc63800 ConcurrentGCThread "G1 Refine#0" [stack: 0x0000009c50c00000,0x0000009c50d00000] [id=9248]
  0x000001bc2fc65800 ConcurrentGCThread "G1 Young RemSet Sampling" [stack: 0x0000009c50d00000,0x0000009c50e00000] [id=16740]

Threads with active compile tasks:
C2 CompilerThread0    29879 3144   !   4       javax.swing.RepaintManager::addDirtyRegion0 (205 bytes)

VM state:not at safepoint (normal execution)

VM Mutex/Monitor currently owned by a thread: None

Heap address: 0x00000000c1600000, size: 1002 MB, Compressed Oops mode: 32-bit
Narrow klass base: 0x0000000800000000, Narrow klass shift: 3
Compressed class space size: 1073741824 Address: 0x0000000800b40000

Heap:
 garbage-first heap   total 219136K, used 133690K [0x00000000c1600000, 0x0000000100000000)
  region size 1024K, 7 young (7168K), 2 survivors (2048K)
 Metaspace       used 14140K, capacity 14528K, committed 14720K, reserved 1062912K
  class space    used 1496K, capacity 1631K, committed 1664K, reserved 1048576K
Heap Regions: E=young(eden), S=young(survivor), O=old, HS=humongous(starts), HC=humongous(continues), CS=collection set, F=free, A=archive, TAMS=top-at-mark-start (previous, next)
|   0|0x00000000c1600000, 0x00000000c1700000, 0x00000000c1700000|100%| O|  |TAMS 0x00000000c1700000, 0x00000000c1600000| Untracked 
|   1|0x00000000c1700000, 0x00000000c1800000, 0x00000000c1800000|100%| O|  |TAMS 0x00000000c1800000, 0x00000000c1700000| Untracked 
|   2|0x00000000c1800000, 0x00000000c1900000, 0x00000000c1900000|100%| O|  |TAMS 0x00000000c1900000, 0x00000000c1800000| Untracked 
|   3|0x00000000c1900000, 0x00000000c1a00000, 0x00000000c1a00000|100%| O|  |TAMS 0x00000000c1a00000, 0x00000000c1900000| Untracked 
|   4|0x00000000c1a00000, 0x00000000c1a92600, 0x00000000c1b00000| 57%| O|  |TAMS 0x00000000c1a92600, 0x00000000c1a00000| Untracked 
|   5|0x00000000c1b00000, 0x00000000c1c00000, 0x00000000c1c00000|100%|HS|  |TAMS 0x00000000c1c00000, 0x00000000c1b00000| Complete 
|   6|0x00000000c1c00000, 0x00000000c1d00000, 0x00000000c1d00000|100%|HC|  |TAMS 0x00000000c1d00000, 0x00000000c1c00000| Complete 
|   7|0x00000000c1d00000, 0x00000000c1e00000, 0x00000000c1e00000|100%|HC|  |TAMS 0x00000000c1e00000, 0x00000000c1d00000| Complete 
|   8|0x00000000c1e00000, 0x00000000c1f00000, 0x00000000c1f00000|100%|HC|  |TAMS 0x00000000c1f00000, 0x00000000c1e00000| Complete 
|   9|0x00000000c1f00000, 0x00000000c2000000, 0x00000000c2000000|100%|HS|  |TAMS 0x00000000c1f00000, 0x00000000c1f00000| Complete 
|  10|0x00000000c2000000, 0x00000000c2100000, 0x00000000c2100000|100%|HC|  |TAMS 0x00000000c2000000, 0x00000000c2000000| Complete 
|  11|0x00000000c2100000, 0x00000000c2200000, 0x00000000c2200000|100%|HC|  |TAMS 0x00000000c2100000, 0x00000000c2100000| Complete 
|  12|0x00000000c2200000, 0x00000000c2300000, 0x00000000c2300000|100%|HC|  |TAMS 0x00000000c2200000, 0x00000000c2200000| Complete 
|  13|0x00000000c2300000, 0x00000000c2300000, 0x00000000c2400000|  0%| F|  |TAMS 0x00000000c2300000, 0x00000000c2300000| Untracked 
|  14|0x00000000c2400000, 0x00000000c2400000, 0x00000000c2500000|  0%| F|  |TAMS 0x00000000c2400000, 0x00000000c2400000| Untracked 
|  15|0x00000000c2500000, 0x00000000c2500000, 0x00000000c2600000|  0%| F|  |TAMS 0x00000000c2500000, 0x00000000c2500000| Untracked 
|  16|0x00000000c2600000, 0x00000000c2600000, 0x00000000c2700000|  0%| F|  |TAMS 0x00000000c2600000, 0x00000000c2600000| Untracked 
|  17|0x00000000c2700000, 0x00000000c2700000, 0x00000000c2800000|  0%| F|  |TAMS 0x00000000c2700000, 0x00000000c2700000| Untracked 
|  18|0x00000000c2800000, 0x00000000c2800000, 0x00000000c2900000|  0%| F|  |TAMS 0x00000000c2800000, 0x00000000c2800000| Untracked 
|  19|0x00000000c2900000, 0x00000000c2900000, 0x00000000c2a00000|  0%| F|  |TAMS 0x00000000c2900000, 0x00000000c2900000| Untracked 
|  20|0x00000000c2a00000, 0x00000000c2a00000, 0x00000000c2b00000|  0%| F|  |TAMS 0x00000000c2a00000, 0x00000000c2a00000| Untracked 
|  21|0x00000000c2b00000, 0x00000000c2b00000, 0x00000000c2c00000|  0%| F|  |TAMS 0x00000000c2b00000, 0x00000000c2b00000| Untracked 
|  22|0x00000000c2c00000, 0x00000000c2c00000, 0x00000000c2d00000|  0%| F|  |TAMS 0x00000000c2c00000, 0x00000000c2c00000| Untracked 
|  23|0x00000000c2d00000, 0x00000000c2d00000, 0x00000000c2e00000|  0%| F|  |TAMS 0x00000000c2d00000, 0x00000000c2d00000| Untracked 
|  24|0x00000000c2e00000, 0x00000000c2e00000, 0x00000000c2f00000|  0%| F|  |TAMS 0x00000000c2e00000, 0x00000000c2e00000| Untracked 
|  25|0x00000000c2f00000, 0x00000000c2f00000, 0x00000000c3000000|  0%| F|  |TAMS 0x00000000c2f00000, 0x00000000c2f00000| Untracked 
|  26|0x00000000c3000000, 0x00000000c3000000, 0x00000000c3100000|  0%| F|  |TAMS 0x00000000c3000000, 0x00000000c3000000| Untracked 
|  27|0x00000000c3100000, 0x00000000c3100000, 0x00000000c3200000|  0%| F|  |TAMS 0x00000000c3100000, 0x00000000c3100000| Untracked 
|  28|0x00000000c3200000, 0x00000000c3200000, 0x00000000c3300000|  0%| F|  |TAMS 0x00000000c3200000, 0x00000000c3200000| Untracked 
|  29|0x00000000c3300000, 0x00000000c3300000, 0x00000000c3400000|  0%| F|  |TAMS 0x00000000c3300000, 0x00000000c3300000| Untracked 
|  30|0x00000000c3400000, 0x00000000c3400000, 0x00000000c3500000|  0%| F|  |TAMS 0x00000000c3400000, 0x00000000c3400000| Untracked 
|  31|0x00000000c3500000, 0x00000000c3500000, 0x00000000c3600000|  0%| F|  |TAMS 0x00000000c3500000, 0x00000000c3500000| Untracked 
|  32|0x00000000c3600000, 0x00000000c3600000, 0x00000000c3700000|  0%| F|  |TAMS 0x00000000c3600000, 0x00000000c3600000| Untracked 
|  33|0x00000000c3700000, 0x00000000c3700000, 0x00000000c3800000|  0%| F|  |TAMS 0x00000000c3700000, 0x00000000c3700000| Untracked 
|  34|0x00000000c3800000, 0x00000000c3800000, 0x00000000c3900000|  0%| F|  |TAMS 0x00000000c3800000, 0x00000000c3800000| Untracked 
|  35|0x00000000c3900000, 0x00000000c3900000, 0x00000000c3a00000|  0%| F|  |TAMS 0x00000000c3900000, 0x00000000c3900000| Untracked 
|  36|0x00000000c3a00000, 0x00000000c3a00000, 0x00000000c3b00000|  0%| F|  |TAMS 0x00000000c3a00000, 0x00000000c3a00000| Untracked 
|  37|0x00000000c3b00000, 0x00000000c3b00000, 0x00000000c3c00000|  0%| F|  |TAMS 0x00000000c3b00000, 0x00000000c3b00000| Untracked 
|  38|0x00000000c3c00000, 0x00000000c3c00000, 0x00000000c3d00000|  0%| F|  |TAMS 0x00000000c3c00000, 0x00000000c3c00000| Untracked 
|  39|0x00000000c3d00000, 0x00000000c3d00000, 0x00000000c3e00000|  0%| F|  |TAMS 0x00000000c3d00000, 0x00000000c3d00000| Untracked 
|  40|0x00000000c3e00000, 0x00000000c3e00000, 0x00000000c3f00000|  0%| F|  |TAMS 0x00000000c3e00000, 0x00000000c3e00000| Untracked 
|  41|0x00000000c3f00000, 0x00000000c3f00000, 0x00000000c4000000|  0%| F|  |TAMS 0x00000000c3f00000, 0x00000000c3f00000| Untracked 
|  42|0x00000000c4000000, 0x00000000c4000000, 0x00000000c4100000|  0%| F|  |TAMS 0x00000000c4000000, 0x00000000c4000000| Untracked 
|  43|0x00000000c4100000, 0x00000000c4100000, 0x00000000c4200000|  0%| F|  |TAMS 0x00000000c4100000, 0x00000000c4100000| Untracked 
|  44|0x00000000c4200000, 0x00000000c4200000, 0x00000000c4300000|  0%| F|  |TAMS 0x00000000c4200000, 0x00000000c4200000| Untracked 
|  45|0x00000000c4300000, 0x00000000c4300000, 0x00000000c4400000|  0%| F|  |TAMS 0x00000000c4300000, 0x00000000c4300000| Untracked 
|  46|0x00000000c4400000, 0x00000000c4400000, 0x00000000c4500000|  0%| F|  |TAMS 0x00000000c4400000, 0x00000000c4400000| Untracked 
|  47|0x00000000c4500000, 0x00000000c4500000, 0x00000000c4600000|  0%| F|  |TAMS 0x00000000c4500000, 0x00000000c4500000| Untracked 
|  48|0x00000000c4600000, 0x00000000c4700000, 0x00000000c4700000|100%|HS|  |TAMS 0x00000000c4700000, 0x00000000c4600000| Complete 
|  49|0x00000000c4700000, 0x00000000c4800000, 0x00000000c4800000|100%|HC|  |TAMS 0x00000000c4800000, 0x00000000c4700000| Complete 
|  50|0x00000000c4800000, 0x00000000c4900000, 0x00000000c4900000|100%|HC|  |TAMS 0x00000000c4900000, 0x00000000c4800000| Complete 
|  51|0x00000000c4900000, 0x00000000c4a00000, 0x00000000c4a00000|100%|HC|  |TAMS 0x00000000c4a00000, 0x00000000c4900000| Complete 
|  52|0x00000000c4a00000, 0x00000000c4b00000, 0x00000000c4b00000|100%|HC|  |TAMS 0x00000000c4b00000, 0x00000000c4a00000| Complete 
|  53|0x00000000c4b00000, 0x00000000c4c00000, 0x00000000c4c00000|100%|HC|  |TAMS 0x00000000c4c00000, 0x00000000c4b00000| Complete 
|  54|0x00000000c4c00000, 0x00000000c4d00000, 0x00000000c4d00000|100%|HC|  |TAMS 0x00000000c4d00000, 0x00000000c4c00000| Complete 
|  55|0x00000000c4d00000, 0x00000000c4e00000, 0x00000000c4e00000|100%|HC|  |TAMS 0x00000000c4e00000, 0x00000000c4d00000| Complete 
|  56|0x00000000c4e00000, 0x00000000c4f00000, 0x00000000c4f00000|100%|HC|  |TAMS 0x00000000c4f00000, 0x00000000c4e00000| Complete 
|  57|0x00000000c4f00000, 0x00000000c5000000, 0x00000000c5000000|100%|HC|  |TAMS 0x00000000c5000000, 0x00000000c4f00000| Complete 
|  58|0x00000000c5000000, 0x00000000c5100000, 0x00000000c5100000|100%|HC|  |TAMS 0x00000000c5100000, 0x00000000c5000000| Complete 
|  59|0x00000000c5100000, 0x00000000c5200000, 0x00000000c5200000|100%|HC|  |TAMS 0x00000000c5200000, 0x00000000c5100000| Complete 
|  60|0x00000000c5200000, 0x00000000c5300000, 0x00000000c5300000|100%|HC|  |TAMS 0x00000000c5300000, 0x00000000c5200000| Complete 
|  61|0x00000000c5300000, 0x00000000c5400000, 0x00000000c5400000|100%|HC|  |TAMS 0x00000000c5400000, 0x00000000c5300000| Complete 
|  62|0x00000000c5400000, 0x00000000c5500000, 0x00000000c5500000|100%|HC|  |TAMS 0x00000000c5500000, 0x00000000c5400000| Complete 
|  63|0x00000000c5500000, 0x00000000c5600000, 0x00000000c5600000|100%|HC|  |TAMS 0x00000000c5600000, 0x00000000c5500000| Complete 
|  64|0x00000000c5600000, 0x00000000c5700000, 0x00000000c5700000|100%|HC|  |TAMS 0x00000000c5700000, 0x00000000c5600000| Complete 
|  65|0x00000000c5700000, 0x00000000c5800000, 0x00000000c5800000|100%|HC|  |TAMS 0x00000000c5800000, 0x00000000c5700000| Complete 
|  66|0x00000000c5800000, 0x00000000c5900000, 0x00000000c5900000|100%|HC|  |TAMS 0x00000000c5900000, 0x00000000c5800000| Complete 
|  67|0x00000000c5900000, 0x00000000c5a00000, 0x00000000c5a00000|100%|HC|  |TAMS 0x00000000c5a00000, 0x00000000c5900000| Complete 
|  68|0x00000000c5a00000, 0x00000000c5b00000, 0x00000000c5b00000|100%|HC|  |TAMS 0x00000000c5b00000, 0x00000000c5a00000| Complete 
|  69|0x00000000c5b00000, 0x00000000c5c00000, 0x00000000c5c00000|100%|HC|  |TAMS 0x00000000c5c00000, 0x00000000c5b00000| Complete 
|  70|0x00000000c5c00000, 0x00000000c5d00000, 0x00000000c5d00000|100%|HC|  |TAMS 0x00000000c5d00000, 0x00000000c5c00000| Complete 
|  71|0x00000000c5d00000, 0x00000000c5e00000, 0x00000000c5e00000|100%|HC|  |TAMS 0x00000000c5e00000, 0x00000000c5d00000| Complete 
|  72|0x00000000c5e00000, 0x00000000c5f00000, 0x00000000c5f00000|100%|HC|  |TAMS 0x00000000c5f00000, 0x00000000c5e00000| Complete 
|  73|0x00000000c5f00000, 0x00000000c6000000, 0x00000000c6000000|100%|HC|  |TAMS 0x00000000c6000000, 0x00000000c5f00000| Complete 
|  74|0x00000000c6000000, 0x00000000c6100000, 0x00000000c6100000|100%|HC|  |TAMS 0x00000000c6100000, 0x00000000c6000000| Complete 
|  75|0x00000000c6100000, 0x00000000c6200000, 0x00000000c6200000|100%|HC|  |TAMS 0x00000000c6200000, 0x00000000c6100000| Complete 
|  76|0x00000000c6200000, 0x00000000c6300000, 0x00000000c6300000|100%|HC|  |TAMS 0x00000000c6300000, 0x00000000c6200000| Complete 
|  77|0x00000000c6300000, 0x00000000c6400000, 0x00000000c6400000|100%|HC|  |TAMS 0x00000000c6400000, 0x00000000c6300000| Complete 
|  78|0x00000000c6400000, 0x00000000c6500000, 0x00000000c6500000|100%|HC|  |TAMS 0x00000000c6500000, 0x00000000c6400000| Complete 
|  79|0x00000000c6500000, 0x00000000c6600000, 0x00000000c6600000|100%|HC|  |TAMS 0x00000000c6600000, 0x00000000c6500000| Complete 
|  80|0x00000000c6600000, 0x00000000c6700000, 0x00000000c6700000|100%|HC|  |TAMS 0x00000000c6700000, 0x00000000c6600000| Complete 
|  81|0x00000000c6700000, 0x00000000c6800000, 0x00000000c6800000|100%|HC|  |TAMS 0x00000000c6800000, 0x00000000c6700000| Complete 
|  82|0x00000000c6800000, 0x00000000c6900000, 0x00000000c6900000|100%|HC|  |TAMS 0x00000000c6900000, 0x00000000c6800000| Complete 
|  83|0x00000000c6900000, 0x00000000c6a00000, 0x00000000c6a00000|100%|HC|  |TAMS 0x00000000c6a00000, 0x00000000c6900000| Complete 
|  84|0x00000000c6a00000, 0x00000000c6b00000, 0x00000000c6b00000|100%|HC|  |TAMS 0x00000000c6b00000, 0x00000000c6a00000| Complete 
|  85|0x00000000c6b00000, 0x00000000c6c00000, 0x00000000c6c00000|100%|HC|  |TAMS 0x00000000c6c00000, 0x00000000c6b00000| Complete 
|  86|0x00000000c6c00000, 0x00000000c6d00000, 0x00000000c6d00000|100%|HC|  |TAMS 0x00000000c6d00000, 0x00000000c6c00000| Complete 
|  87|0x00000000c6d00000, 0x00000000c6e00000, 0x00000000c6e00000|100%|HC|  |TAMS 0x00000000c6e00000, 0x00000000c6d00000| Complete 
|  88|0x00000000c6e00000, 0x00000000c6f00000, 0x00000000c6f00000|100%|HC|  |TAMS 0x00000000c6f00000, 0x00000000c6e00000| Complete 
|  89|0x00000000c6f00000, 0x00000000c7000000, 0x00000000c7000000|100%|HC|  |TAMS 0x00000000c7000000, 0x00000000c6f00000| Complete 
|  90|0x00000000c7000000, 0x00000000c7100000, 0x00000000c7100000|100%|HC|  |TAMS 0x00000000c7100000, 0x00000000c7000000| Complete 
|  91|0x00000000c7100000, 0x00000000c7200000, 0x00000000c7200000|100%|HC|  |TAMS 0x00000000c7200000, 0x00000000c7100000| Complete 
|  92|0x00000000c7200000, 0x00000000c7300000, 0x00000000c7300000|100%|HC|  |TAMS 0x00000000c7300000, 0x00000000c7200000| Complete 
|  93|0x00000000c7300000, 0x00000000c7400000, 0x00000000c7400000|100%|HC|  |TAMS 0x00000000c7400000, 0x00000000c7300000| Complete 
|  94|0x00000000c7400000, 0x00000000c7500000, 0x00000000c7500000|100%|HC|  |TAMS 0x00000000c7500000, 0x00000000c7400000| Complete 
|  95|0x00000000c7500000, 0x00000000c7600000, 0x00000000c7600000|100%|HC|  |TAMS 0x00000000c7600000, 0x00000000c7500000| Complete 
|  96|0x00000000c7600000, 0x00000000c7700000, 0x00000000c7700000|100%|HC|  |TAMS 0x00000000c7700000, 0x00000000c7600000| Complete 
|  97|0x00000000c7700000, 0x00000000c7800000, 0x00000000c7800000|100%|HC|  |TAMS 0x00000000c7800000, 0x00000000c7700000| Complete 
|  98|0x00000000c7800000, 0x00000000c7900000, 0x00000000c7900000|100%|HC|  |TAMS 0x00000000c7900000, 0x00000000c7800000| Complete 
|  99|0x00000000c7900000, 0x00000000c7a00000, 0x00000000c7a00000|100%|HC|  |TAMS 0x00000000c7a00000, 0x00000000c7900000| Complete 
| 100|0x00000000c7a00000, 0x00000000c7b00000, 0x00000000c7b00000|100%|HC|  |TAMS 0x00000000c7b00000, 0x00000000c7a00000| Complete 
| 101|0x00000000c7b00000, 0x00000000c7c00000, 0x00000000c7c00000|100%|HC|  |TAMS 0x00000000c7c00000, 0x00000000c7b00000| Complete 
| 102|0x00000000c7c00000, 0x00000000c7d00000, 0x00000000c7d00000|100%|HC|  |TAMS 0x00000000c7d00000, 0x00000000c7c00000| Complete 
| 103|0x00000000c7d00000, 0x00000000c7e00000, 0x00000000c7e00000|100%|HC|  |TAMS 0x00000000c7e00000, 0x00000000c7d00000| Complete 
| 104|0x00000000c7e00000, 0x00000000c7f00000, 0x00000000c7f00000|100%|HC|  |TAMS 0x00000000c7f00000, 0x00000000c7e00000| Complete 
| 105|0x00000000c7f00000, 0x00000000c8000000, 0x00000000c8000000|100%|HC|  |TAMS 0x00000000c8000000, 0x00000000c7f00000| Complete 
| 106|0x00000000c8000000, 0x00000000c8100000, 0x00000000c8100000|100%|HC|  |TAMS 0x00000000c8100000, 0x00000000c8000000| Complete 
| 107|0x00000000c8100000, 0x00000000c8200000, 0x00000000c8200000|100%|HC|  |TAMS 0x00000000c8200000, 0x00000000c8100000| Complete 
| 108|0x00000000c8200000, 0x00000000c8300000, 0x00000000c8300000|100%|HC|  |TAMS 0x00000000c8300000, 0x00000000c8200000| Complete 
| 109|0x00000000c8300000, 0x00000000c8400000, 0x00000000c8400000|100%|HC|  |TAMS 0x00000000c8400000, 0x00000000c8300000| Complete 
| 110|0x00000000c8400000, 0x00000000c8500000, 0x00000000c8500000|100%|HC|  |TAMS 0x00000000c8500000, 0x00000000c8400000| Complete 
| 111|0x00000000c8500000, 0x00000000c8600000, 0x00000000c8600000|100%|HC|  |TAMS 0x00000000c8600000, 0x00000000c8500000| Complete 
| 112|0x00000000c8600000, 0x00000000c8700000, 0x00000000c8700000|100%|HC|  |TAMS 0x00000000c8700000, 0x00000000c8600000| Complete 
| 113|0x00000000c8700000, 0x00000000c8800000, 0x00000000c8800000|100%|HC|  |TAMS 0x00000000c8800000, 0x00000000c8700000| Complete 
| 114|0x00000000c8800000, 0x00000000c8900000, 0x00000000c8900000|100%|HC|  |TAMS 0x00000000c8900000, 0x00000000c8800000| Complete 
| 115|0x00000000c8900000, 0x00000000c8a00000, 0x00000000c8a00000|100%|HC|  |TAMS 0x00000000c8a00000, 0x00000000c8900000| Complete 
| 116|0x00000000c8a00000, 0x00000000c8b00000, 0x00000000c8b00000|100%|HC|  |TAMS 0x00000000c8b00000, 0x00000000c8a00000| Complete 
| 117|0x00000000c8b00000, 0x00000000c8c00000, 0x00000000c8c00000|100%|HC|  |TAMS 0x00000000c8c00000, 0x00000000c8b00000| Complete 
| 118|0x00000000c8c00000, 0x00000000c8d00000, 0x00000000c8d00000|100%|HC|  |TAMS 0x00000000c8d00000, 0x00000000c8c00000| Complete 
| 119|0x00000000c8d00000, 0x00000000c8e00000, 0x00000000c8e00000|100%|HC|  |TAMS 0x00000000c8e00000, 0x00000000c8d00000| Complete 
| 120|0x00000000c8e00000, 0x00000000c8f00000, 0x00000000c8f00000|100%|HC|  |TAMS 0x00000000c8f00000, 0x00000000c8e00000| Complete 
| 121|0x00000000c8f00000, 0x00000000c9000000, 0x00000000c9000000|100%|HC|  |TAMS 0x00000000c9000000, 0x00000000c8f00000| Complete 
| 122|0x00000000c9000000, 0x00000000c9100000, 0x00000000c9100000|100%|HC|  |TAMS 0x00000000c9100000, 0x00000000c9000000| Complete 
| 123|0x00000000c9100000, 0x00000000c9200000, 0x00000000c9200000|100%|HC|  |TAMS 0x00000000c9200000, 0x00000000c9100000| Complete 
| 124|0x00000000c9200000, 0x00000000c9300000, 0x00000000c9300000|100%|HC|  |TAMS 0x00000000c9300000, 0x00000000c9200000| Complete 
| 125|0x00000000c9300000, 0x00000000c9400000, 0x00000000c9400000|100%|HC|  |TAMS 0x00000000c9400000, 0x00000000c9300000| Complete 
| 126|0x00000000c9400000, 0x00000000c9500000, 0x00000000c9500000|100%|HC|  |TAMS 0x00000000c9500000, 0x00000000c9400000| Complete 
| 127|0x00000000c9500000, 0x00000000c9600000, 0x00000000c9600000|100%|HC|  |TAMS 0x00000000c9600000, 0x00000000c9500000| Complete 
| 128|0x00000000c9600000, 0x00000000c9700000, 0x00000000c9700000|100%|HC|  |TAMS 0x00000000c9700000, 0x00000000c9600000| Complete 
| 129|0x00000000c9700000, 0x00000000c9800000, 0x00000000c9800000|100%|HC|  |TAMS 0x00000000c9800000, 0x00000000c9700000| Complete 
| 130|0x00000000c9800000, 0x00000000c9900000, 0x00000000c9900000|100%|HC|  |TAMS 0x00000000c9900000, 0x00000000c9800000| Complete 
| 131|0x00000000c9900000, 0x00000000c9a00000, 0x00000000c9a00000|100%|HC|  |TAMS 0x00000000c9a00000, 0x00000000c9900000| Complete 
| 132|0x00000000c9a00000, 0x00000000c9b00000, 0x00000000c9b00000|100%|HC|  |TAMS 0x00000000c9b00000, 0x00000000c9a00000| Complete 
| 133|0x00000000c9b00000, 0x00000000c9c00000, 0x00000000c9c00000|100%|HC|  |TAMS 0x00000000c9c00000, 0x00000000c9b00000| Complete 
| 134|0x00000000c9c00000, 0x00000000c9d00000, 0x00000000c9d00000|100%|HC|  |TAMS 0x00000000c9d00000, 0x00000000c9c00000| Complete 
| 135|0x00000000c9d00000, 0x00000000c9e00000, 0x00000000c9e00000|100%|HC|  |TAMS 0x00000000c9e00000, 0x00000000c9d00000| Complete 
| 136|0x00000000c9e00000, 0x00000000c9f00000, 0x00000000c9f00000|100%|HC|  |TAMS 0x00000000c9f00000, 0x00000000c9e00000| Complete 
| 137|0x00000000c9f00000, 0x00000000ca000000, 0x00000000ca000000|100%|HC|  |TAMS 0x00000000ca000000, 0x00000000c9f00000| Complete 
| 138|0x00000000ca000000, 0x00000000ca100000, 0x00000000ca100000|100%|HC|  |TAMS 0x00000000ca100000, 0x00000000ca000000| Complete 
| 139|0x00000000ca100000, 0x00000000ca200000, 0x00000000ca200000|100%|HC|  |TAMS 0x00000000ca200000, 0x00000000ca100000| Complete 
| 140|0x00000000ca200000, 0x00000000ca300000, 0x00000000ca300000|100%|HC|  |TAMS 0x00000000ca300000, 0x00000000ca200000| Complete 
| 141|0x00000000ca300000, 0x00000000ca400000, 0x00000000ca400000|100%|HC|  |TAMS 0x00000000ca400000, 0x00000000ca300000| Complete 
| 142|0x00000000ca400000, 0x00000000ca500000, 0x00000000ca500000|100%|HC|  |TAMS 0x00000000ca500000, 0x00000000ca400000| Complete 
| 143|0x00000000ca500000, 0x00000000ca600000, 0x00000000ca600000|100%|HC|  |TAMS 0x00000000ca600000, 0x00000000ca500000| Complete 
| 144|0x00000000ca600000, 0x00000000ca700000, 0x00000000ca700000|100%|HC|  |TAMS 0x00000000ca700000, 0x00000000ca600000| Complete 
| 145|0x00000000ca700000, 0x00000000ca800000, 0x00000000ca800000|100%|HC|  |TAMS 0x00000000ca800000, 0x00000000ca700000| Complete 
| 146|0x00000000ca800000, 0x00000000ca900000, 0x00000000ca900000|100%|HC|  |TAMS 0x00000000ca900000, 0x00000000ca800000| Complete 
| 147|0x00000000ca900000, 0x00000000caa00000, 0x00000000caa00000|100%|HC|  |TAMS 0x00000000caa00000, 0x00000000ca900000| Complete 
| 148|0x00000000caa00000, 0x00000000cab00000, 0x00000000cab00000|100%|HC|  |TAMS 0x00000000cab00000, 0x00000000caa00000| Complete 
| 149|0x00000000cab00000, 0x00000000cac00000, 0x00000000cac00000|100%|HC|  |TAMS 0x00000000cac00000, 0x00000000cab00000| Complete 
| 150|0x00000000cac00000, 0x00000000cad00000, 0x00000000cad00000|100%|HC|  |TAMS 0x00000000cad00000, 0x00000000cac00000| Complete 
| 151|0x00000000cad00000, 0x00000000cae00000, 0x00000000cae00000|100%|HC|  |TAMS 0x00000000cae00000, 0x00000000cad00000| Complete 
| 152|0x00000000cae00000, 0x00000000caf00000, 0x00000000caf00000|100%|HC|  |TAMS 0x00000000caf00000, 0x00000000cae00000| Complete 
| 153|0x00000000caf00000, 0x00000000cb000000, 0x00000000cb000000|100%|HC|  |TAMS 0x00000000cb000000, 0x00000000caf00000| Complete 
| 154|0x00000000cb000000, 0x00000000cb100000, 0x00000000cb100000|100%|HC|  |TAMS 0x00000000cb100000, 0x00000000cb000000| Complete 
| 155|0x00000000cb100000, 0x00000000cb200000, 0x00000000cb200000|100%|HC|  |TAMS 0x00000000cb200000, 0x00000000cb100000| Complete 
| 156|0x00000000cb200000, 0x00000000cb300000, 0x00000000cb300000|100%|HC|  |TAMS 0x00000000cb300000, 0x00000000cb200000| Complete 
| 157|0x00000000cb300000, 0x00000000cb400000, 0x00000000cb400000|100%|HC|  |TAMS 0x00000000cb400000, 0x00000000cb300000| Complete 
| 158|0x00000000cb400000, 0x00000000cb500000, 0x00000000cb500000|100%|HC|  |TAMS 0x00000000cb500000, 0x00000000cb400000| Complete 
| 159|0x00000000cb500000, 0x00000000cb600000, 0x00000000cb600000|100%|HC|  |TAMS 0x00000000cb600000, 0x00000000cb500000| Complete 
| 160|0x00000000cb600000, 0x00000000cb600000, 0x00000000cb700000|  0%| F|  |TAMS 0x00000000cb600000, 0x00000000cb600000| Untracked 
| 161|0x00000000cb700000, 0x00000000cb700000, 0x00000000cb800000|  0%| F|  |TAMS 0x00000000cb700000, 0x00000000cb700000| Untracked 
| 162|0x00000000cb800000, 0x00000000cb800000, 0x00000000cb900000|  0%| F|  |TAMS 0x00000000cb800000, 0x00000000cb800000| Untracked 
| 163|0x00000000cb900000, 0x00000000cb900000, 0x00000000cba00000|  0%| F|  |TAMS 0x00000000cb900000, 0x00000000cb900000| Untracked 
| 164|0x00000000cba00000, 0x00000000cba00000, 0x00000000cbb00000|  0%| F|  |TAMS 0x00000000cba00000, 0x00000000cba00000| Untracked 
| 165|0x00000000cbb00000, 0x00000000cbb00000, 0x00000000cbc00000|  0%| F|  |TAMS 0x00000000cbb00000, 0x00000000cbb00000| Untracked 
| 166|0x00000000cbc00000, 0x00000000cbc00000, 0x00000000cbd00000|  0%| F|  |TAMS 0x00000000cbc00000, 0x00000000cbc00000| Untracked 
| 167|0x00000000cbd00000, 0x00000000cbd00000, 0x00000000cbe00000|  0%| F|  |TAMS 0x00000000cbd00000, 0x00000000cbd00000| Untracked 
| 168|0x00000000cbe00000, 0x00000000cbe00000, 0x00000000cbf00000|  0%| F|  |TAMS 0x00000000cbe00000, 0x00000000cbe00000| Untracked 
| 169|0x00000000cbf00000, 0x00000000cbf00000, 0x00000000cc000000|  0%| F|  |TAMS 0x00000000cbf00000, 0x00000000cbf00000| Untracked 
| 170|0x00000000cc000000, 0x00000000cc000000, 0x00000000cc100000|  0%| F|  |TAMS 0x00000000cc000000, 0x00000000cc000000| Untracked 
| 171|0x00000000cc100000, 0x00000000cc100000, 0x00000000cc200000|  0%| F|  |TAMS 0x00000000cc100000, 0x00000000cc100000| Untracked 
| 172|0x00000000cc200000, 0x00000000cc200000, 0x00000000cc300000|  0%| F|  |TAMS 0x00000000cc200000, 0x00000000cc200000| Untracked 
| 173|0x00000000cc300000, 0x00000000cc300000, 0x00000000cc400000|  0%| F|  |TAMS 0x00000000cc300000, 0x00000000cc300000| Untracked 
| 174|0x00000000cc400000, 0x00000000cc400000, 0x00000000cc500000|  0%| F|  |TAMS 0x00000000cc400000, 0x00000000cc400000| Untracked 
| 175|0x00000000cc500000, 0x00000000cc500000, 0x00000000cc600000|  0%| F|  |TAMS 0x00000000cc500000, 0x00000000cc500000| Untracked 
| 176|0x00000000cc600000, 0x00000000cc600000, 0x00000000cc700000|  0%| F|  |TAMS 0x00000000cc600000, 0x00000000cc600000| Untracked 
| 177|0x00000000cc700000, 0x00000000cc700000, 0x00000000cc800000|  0%| F|  |TAMS 0x00000000cc700000, 0x00000000cc700000| Untracked 
| 178|0x00000000cc800000, 0x00000000cc800000, 0x00000000cc900000|  0%| F|  |TAMS 0x00000000cc800000, 0x00000000cc800000| Untracked 
| 179|0x00000000cc900000, 0x00000000cc900000, 0x00000000cca00000|  0%| F|  |TAMS 0x00000000cc900000, 0x00000000cc900000| Untracked 
| 180|0x00000000cca00000, 0x00000000cca00000, 0x00000000ccb00000|  0%| F|  |TAMS 0x00000000cca00000, 0x00000000cca00000| Untracked 
| 181|0x00000000ccb00000, 0x00000000ccb00000, 0x00000000ccc00000|  0%| F|  |TAMS 0x00000000ccb00000, 0x00000000ccb00000| Untracked 
| 182|0x00000000ccc00000, 0x00000000ccc00000, 0x00000000ccd00000|  0%| F|  |TAMS 0x00000000ccc00000, 0x00000000ccc00000| Untracked 
| 183|0x00000000ccd00000, 0x00000000ccd00000, 0x00000000cce00000|  0%| F|  |TAMS 0x00000000ccd00000, 0x00000000ccd00000| Untracked 
| 184|0x00000000cce00000, 0x00000000cce00000, 0x00000000ccf00000|  0%| F|  |TAMS 0x00000000cce00000, 0x00000000cce00000| Untracked 
| 185|0x00000000ccf00000, 0x00000000ccf00000, 0x00000000cd000000|  0%| F|  |TAMS 0x00000000ccf00000, 0x00000000ccf00000| Untracked 
| 186|0x00000000cd000000, 0x00000000cd000000, 0x00000000cd100000|  0%| F|  |TAMS 0x00000000cd000000, 0x00000000cd000000| Untracked 
| 187|0x00000000cd100000, 0x00000000cd100000, 0x00000000cd200000|  0%| F|  |TAMS 0x00000000cd100000, 0x00000000cd100000| Untracked 
| 188|0x00000000cd200000, 0x00000000cd200000, 0x00000000cd300000|  0%| F|  |TAMS 0x00000000cd200000, 0x00000000cd200000| Untracked 
| 189|0x00000000cd300000, 0x00000000cd300000, 0x00000000cd400000|  0%| F|  |TAMS 0x00000000cd300000, 0x00000000cd300000| Untracked 
| 190|0x00000000cd400000, 0x00000000cd400000, 0x00000000cd500000|  0%| F|  |TAMS 0x00000000cd400000, 0x00000000cd400000| Untracked 
| 191|0x00000000cd500000, 0x00000000cd500000, 0x00000000cd600000|  0%| F|  |TAMS 0x00000000cd500000, 0x00000000cd500000| Untracked 
| 192|0x00000000cd600000, 0x00000000cd600000, 0x00000000cd700000|  0%| F|  |TAMS 0x00000000cd600000, 0x00000000cd600000| Untracked 
| 193|0x00000000cd700000, 0x00000000cd700000, 0x00000000cd800000|  0%| F|  |TAMS 0x00000000cd700000, 0x00000000cd700000| Untracked 
| 194|0x00000000cd800000, 0x00000000cd800000, 0x00000000cd900000|  0%| F|  |TAMS 0x00000000cd800000, 0x00000000cd800000| Untracked 
| 195|0x00000000cd900000, 0x00000000cd900000, 0x00000000cda00000|  0%| F|  |TAMS 0x00000000cd900000, 0x00000000cd900000| Untracked 
| 196|0x00000000cda00000, 0x00000000cda00000, 0x00000000cdb00000|  0%| F|  |TAMS 0x00000000cda00000, 0x00000000cda00000| Untracked 
| 197|0x00000000cdb00000, 0x00000000cdb00000, 0x00000000cdc00000|  0%| F|  |TAMS 0x00000000cdb00000, 0x00000000cdb00000| Untracked 
| 198|0x00000000cdc00000, 0x00000000cdc00000, 0x00000000cdd00000|  0%| F|  |TAMS 0x00000000cdc00000, 0x00000000cdc00000| Untracked 
| 199|0x00000000cdd00000, 0x00000000cdd00000, 0x00000000cde00000|  0%| F|  |TAMS 0x00000000cdd00000, 0x00000000cdd00000| Untracked 
| 200|0x00000000cde00000, 0x00000000cde00000, 0x00000000cdf00000|  0%| F|  |TAMS 0x00000000cde00000, 0x00000000cde00000| Untracked 
| 201|0x00000000cdf00000, 0x00000000cdf00000, 0x00000000ce000000|  0%| F|  |TAMS 0x00000000cdf00000, 0x00000000cdf00000| Untracked 
| 202|0x00000000ce000000, 0x00000000ce000000, 0x00000000ce100000|  0%| F|  |TAMS 0x00000000ce000000, 0x00000000ce000000| Untracked 
| 203|0x00000000ce100000, 0x00000000ce100000, 0x00000000ce200000|  0%| F|  |TAMS 0x00000000ce100000, 0x00000000ce100000| Untracked 
| 204|0x00000000ce200000, 0x00000000ce200000, 0x00000000ce300000|  0%| F|  |TAMS 0x00000000ce200000, 0x00000000ce200000| Untracked 
| 205|0x00000000ce300000, 0x00000000ce300000, 0x00000000ce400000|  0%| F|  |TAMS 0x00000000ce300000, 0x00000000ce300000| Untracked 
| 206|0x00000000ce400000, 0x00000000ce4fc580, 0x00000000ce500000| 98%| S|CS|TAMS 0x00000000ce400000, 0x00000000ce400000| Complete 
| 207|0x00000000ce500000, 0x00000000ce600000, 0x00000000ce600000|100%| S|CS|TAMS 0x00000000ce500000, 0x00000000ce500000| Complete 
| 208|0x00000000ce600000, 0x00000000ce700000, 0x00000000ce700000|100%| E|CS|TAMS 0x00000000ce600000, 0x00000000ce600000| Complete 
| 209|0x00000000ce700000, 0x00000000ce700000, 0x00000000ce800000|  0%| F|  |TAMS 0x00000000ce700000, 0x00000000ce700000| Untracked 
| 210|0x00000000ce800000, 0x00000000ce880800, 0x00000000ce900000| 50%| E|  |TAMS 0x00000000ce800000, 0x00000000ce800000| Complete 
| 211|0x00000000ce900000, 0x00000000cea00000, 0x00000000cea00000|100%| E|CS|TAMS 0x00000000ce900000, 0x00000000ce900000| Complete 
| 212|0x00000000cea00000, 0x00000000ceb00000, 0x00000000ceb00000|100%| E|CS|TAMS 0x00000000cea00000, 0x00000000cea00000| Complete 
| 213|0x00000000ceb00000, 0x00000000cec00000, 0x00000000cec00000|100%| E|CS|TAMS 0x00000000ceb00000, 0x00000000ceb00000| Complete 

Card table byte_map: [0x000001bc472d0000,0x000001bc474d0000] _byte_map_base: 0x000001bc46cc5000

Marking Bits (Prev, Next): (CMBitMap*) 0x000001bc2fc01b08, (CMBitMap*) 0x000001bc2fc01b48
 Prev Bits: [0x000001bc476d0000, 0x000001bc48678000)
 Next Bits: [0x000001bc48680000, 0x000001bc49628000)

Polling page: 0x000001bc2db80000

Metaspace:

Usage:
  Non-class:     12.59 MB capacity,    12.35 MB ( 98%) used,   224.30 KB (  2%) free+waste,    28.69 KB ( <1%) overhead. 
      Class:      1.59 MB capacity,     1.46 MB ( 92%) used,   118.34 KB (  7%) free+waste,    15.69 KB ( <1%) overhead. 
       Both:     14.19 MB capacity,    13.81 MB ( 97%) used,   342.64 KB (  2%) free+waste,    44.38 KB ( <1%) overhead. 

Virtual space:
  Non-class space:       14.00 MB reserved,      12.75 MB ( 91%) committed 
      Class space:        1.00 GB reserved,       1.63 MB ( <1%) committed 
             Both:        1.01 GB reserved,      14.38 MB (  1%) committed 

Chunk freelists:
   Non-Class:  31.00 KB
       Class:  1.00 KB
        Both:  32.00 KB

MaxMetaspaceSize: 17179869184.00 GB
CompressedClassSpaceSize: 1.00 GB

CodeHeap 'non-profiled nmethods': size=120000Kb used=1182Kb max_used=1182Kb free=118817Kb
 bounds [0x000001bc3fba0000, 0x000001bc3fe10000, 0x000001bc470d0000]
CodeHeap 'profiled nmethods': size=120000Kb used=7732Kb max_used=7732Kb free=112267Kb
 bounds [0x000001bc38670000, 0x000001bc38e00000, 0x000001bc3fba0000]
CodeHeap 'non-nmethods': size=5760Kb used=1367Kb max_used=1401Kb free=4392Kb
 bounds [0x000001bc380d0000, 0x000001bc38340000, 0x000001bc38670000]
 total_blobs=4726 nmethods=3113 adapters=576
 compilation: enabled
              stopped_count=0, restarted_count=0
 full_count=0

Compilation events (20 events):
Event: 29.023 Thread 0x000001bc4bbfa000 3145       1       javax.swing.JScrollPane::isValidateRoot (2 bytes)
Event: 29.024 Thread 0x000001bc4bbfa000 nmethod 3145 0x000001bc3fcc7310 code [0x000001bc3fcc74a0, 0x000001bc3fcc75d8]
Event: 29.024 Thread 0x000001bc4bbfa000 3146       3       java.util.IdentityHashMap::put (137 bytes)
Event: 29.025 Thread 0x000001bc4bbfa000 nmethod 3146 0x000001bc38def410 code [0x000001bc38def640, 0x000001bc38df01e0]
Event: 29.025 Thread 0x000001bc4bbfa000 3147       3       sun.java2d.marlin.DStroker::emitLineTo (21 bytes)
Event: 29.026 Thread 0x000001bc4bbfa000 nmethod 3147 0x000001bc38df0590 code [0x000001bc38df0760, 0x000001bc38df0b00]
Event: 29.028 Thread 0x000001bc4bbfa000 3149   !   3       sun.swing.SwingUtilities2::stringWidth (110 bytes)
Event: 29.029 Thread 0x000001bc4bbfa000 nmethod 3149 0x000001bc38df0c90 code [0x000001bc38df0f80, 0x000001bc38df2280]
Event: 29.029 Thread 0x000001bc4bbfa000 3150   !   3       sun.swing.SwingUtilities2::getLeftSideBearing (178 bytes)
Event: 29.030 Thread 0x000001bc4bbfa000 nmethod 3150 0x000001bc38df2810 code [0x000001bc38df2a60, 0x000001bc38df36d0]
Event: 29.032 Thread 0x000001bc4bbfa000 3151       3       java.awt.Component::location_NoClientCode (16 bytes)
Event: 29.033 Thread 0x000001bc4bbfa000 nmethod 3151 0x000001bc38df3c90 code [0x000001bc38df3e40, 0x000001bc38df4158]
Event: 29.034 Thread 0x000001bc4bbfa000 3152       3       sun.java2d.marlin.DStroker::drawJoin (156 bytes)
Event: 29.035 Thread 0x000001bc4bbfa000 nmethod 3152 0x000001bc38df4290 code [0x000001bc38df44c0, 0x000001bc38df4ed0]
Event: 29.036 Thread 0x000001bc4bbfa000 3153       3       javax.swing.border.MatteBorder::paintBorder (334 bytes)
Event: 29.038 Thread 0x000001bc4bbfa000 nmethod 3153 0x000001bc38df5310 code [0x000001bc38df5600, 0x000001bc38df68d0]
Event: 29.038 Thread 0x000001bc4bbfa000 3154       3       java.awt.Image$1::getSurfaceManager (5 bytes)
Event: 29.038 Thread 0x000001bc4bbfa000 nmethod 3154 0x000001bc38df6e10 code [0x000001bc38df6fc0, 0x000001bc38df7138]
Event: 29.039 Thread 0x000001bc4bbfa000 3156       3       sun.font.TrueTypeFont::getMapper (24 bytes)
Event: 29.039 Thread 0x000001bc4bbfa000 nmethod 3156 0x000001bc38df7210 code [0x000001bc38df73c0, 0x000001bc38df7690]

GC Heap History (18 events):
Event: 0.669 GC heap before
{Heap before GC invocations=0 (full 0):
 garbage-first heap   total 65536K, used 14336K [0x00000000c1600000, 0x0000000100000000)
  region size 1024K, 14 young (14336K), 0 survivors (0K)
 Metaspace       used 8439K, capacity 8757K, committed 8960K, reserved 1056768K
  class space    used 1043K, capacity 1182K, committed 1280K, reserved 1048576K
}
Event: 0.675 GC heap after
{Heap after GC invocations=1 (full 0):
 garbage-first heap   total 65536K, used 3997K [0x00000000c1600000, 0x0000000100000000)
  region size 1024K, 2 young (2048K), 2 survivors (2048K)
 Metaspace       used 8439K, capacity 8757K, committed 8960K, reserved 1056768K
  class space    used 1043K, capacity 1182K, committed 1280K, reserved 1048576K
}
Event: 0.983 GC heap before
{Heap before GC invocations=1 (full 0):
 garbage-first heap   total 65536K, used 17309K [0x00000000c1600000, 0x0000000100000000)
  region size 1024K, 15 young (15360K), 2 survivors (2048K)
 Metaspace       used 8775K, capacity 9101K, committed 9216K, reserved 1056768K
  class space    used 1056K, capacity 1190K, committed 1280K, reserved 1048576K
}
Event: 0.987 GC heap after
{Heap after GC invocations=2 (full 0):
 garbage-first heap   total 65536K, used 4858K [0x00000000c1600000, 0x0000000100000000)
  region size 1024K, 1 young (1024K), 1 survivors (1024K)
 Metaspace       used 8775K, capacity 9101K, committed 9216K, reserved 1056768K
  class space    used 1056K, capacity 1190K, committed 1280K, reserved 1048576K
}
Event: 1.642 GC heap before
{Heap before GC invocations=2 (full 0):
 garbage-first heap   total 65536K, used 30458K [0x00000000c1600000, 0x0000000100000000)
  region size 1024K, 26 young (26624K), 1 survivors (1024K)
 Metaspace       used 10603K, capacity 10938K, committed 11136K, reserved 1058816K
  class space    used 1229K, capacity 1351K, committed 1408K, reserved 1048576K
}
Event: 1.646 GC heap after
{Heap after GC invocations=3 (full 0):
 garbage-first heap   total 65536K, used 6020K [0x00000000c1600000, 0x0000000100000000)
  region size 1024K, 2 young (2048K), 2 survivors (2048K)
 Metaspace       used 10603K, capacity 10938K, committed 11136K, reserved 1058816K
  class space    used 1229K, capacity 1351K, committed 1408K, reserved 1048576K
}
Event: 2.165 GC heap before
{Heap before GC invocations=3 (full 0):
 garbage-first heap   total 65536K, used 33668K [0x00000000c1600000, 0x0000000100000000)
  region size 1024K, 30 young (30720K), 2 survivors (2048K)
 Metaspace       used 11862K, capacity 12190K, committed 12544K, reserved 1060864K
  class space    used 1306K, capacity 1426K, committed 1536K, reserved 1048576K
}
Event: 2.171 GC heap after
{Heap after GC invocations=4 (full 0):
 garbage-first heap   total 65536K, used 6635K [0x00000000c1600000, 0x0000000100000000)
  region size 1024K, 3 young (3072K), 3 survivors (3072K)
 Metaspace       used 11862K, capacity 12190K, committed 12544K, reserved 1060864K
  class space    used 1306K, capacity 1426K, committed 1536K, reserved 1048576K
}
Event: 2.339 GC heap before
{Heap before GC invocations=4 (full 0):
 garbage-first heap   total 65536K, used 20971K [0x00000000c1600000, 0x0000000100000000)
  region size 1024K, 19 young (19456K), 3 survivors (3072K)
 Metaspace       used 12544K, capacity 12861K, committed 13056K, reserved 1060864K
  class space    used 1386K, capacity 1502K, committed 1536K, reserved 1048576K
}
Event: 2.344 GC heap after
{Heap after GC invocations=5 (full 0):
 garbage-first heap   total 78848K, used 7240K [0x00000000c1600000, 0x0000000100000000)
  region size 1024K, 4 young (4096K), 4 survivors (4096K)
 Metaspace       used 12544K, capacity 12861K, committed 13056K, reserved 1060864K
  class space    used 1386K, capacity 1502K, committed 1536K, reserved 1048576K
}
Event: 2.617 GC heap before
{Heap before GC invocations=6 (full 0):
 garbage-first heap   total 204800K, used 154696K [0x00000000c1600000, 0x0000000100000000)
  region size 1024K, 37 young (37888K), 4 survivors (4096K)
 Metaspace       used 12547K, capacity 12861K, committed 13056K, reserved 1060864K
  class space    used 1386K, capacity 1502K, committed 1536K, reserved 1048576K
}
Event: 2.621 GC heap after
{Heap after GC invocations=7 (full 0):
 garbage-first heap   total 204800K, used 121928K [0x00000000c1600000, 0x0000000100000000)
  region size 1024K, 3 young (3072K), 3 survivors (3072K)
 Metaspace       used 12547K, capacity 12861K, committed 13056K, reserved 1060864K
  class space    used 1386K, capacity 1502K, committed 1536K, reserved 1048576K
}
Event: 2.915 GC heap before
{Heap before GC invocations=7 (full 0):
 garbage-first heap   total 204800K, used 171080K [0x00000000c1600000, 0x0000000100000000)
  region size 1024K, 52 young (53248K), 3 survivors (3072K)
 Metaspace       used 12547K, capacity 12861K, committed 13056K, reserved 1060864K
  class space    used 1386K, capacity 1502K, committed 1536K, reserved 1048576K
}
Event: 2.919 GC heap after
{Heap after GC invocations=8 (full 0):
 garbage-first heap   total 204800K, used 121931K [0x00000000c1600000, 0x0000000100000000)
  region size 1024K, 3 young (3072K), 3 survivors (3072K)
 Metaspace       used 12547K, capacity 12861K, committed 13056K, reserved 1060864K
  class space    used 1386K, capacity 1502K, committed 1536K, reserved 1048576K
}
Event: 3.815 GC heap before
{Heap before GC invocations=9 (full 0):
 garbage-first heap   total 209920K, used 154699K [0x00000000c1600000, 0x0000000100000000)
  region size 1024K, 36 young (36864K), 3 survivors (3072K)
 Metaspace       used 12859K, capacity 13245K, committed 13440K, reserved 1060864K
  class space    used 1428K, capacity 1566K, committed 1664K, reserved 1048576K
}
Event: 3.829 GC heap after
{Heap after GC invocations=10 (full 0):
 garbage-first heap   total 209920K, used 121515K [0x00000000c1600000, 0x0000000100000000)
  region size 1024K, 3 young (3072K), 3 survivors (3072K)
 Metaspace       used 12859K, capacity 13245K, committed 13440K, reserved 1060864K
  class space    used 1428K, capacity 1566K, committed 1664K, reserved 1048576K
}
Event: 6.192 GC heap before
{Heap before GC invocations=11 (full 0):
 garbage-first heap   total 214016K, used 126635K [0x00000000c1600000, 0x0000000100000000)
  region size 1024K, 5 young (5120K), 3 survivors (3072K)
 Metaspace       used 13516K, capacity 13856K, committed 13952K, reserved 1060864K
  class space    used 1488K, capacity 1599K, committed 1664K, reserved 1048576K
}
Event: 6.198 GC heap after
{Heap after GC invocations=12 (full 0):
 garbage-first heap   total 214016K, used 125498K [0x00000000c1600000, 0x0000000100000000)
  region size 1024K, 2 young (2048K), 2 survivors (2048K)
 Metaspace       used 13516K, capacity 13856K, committed 13952K, reserved 1060864K
  class space    used 1488K, capacity 1599K, committed 1664K, reserved 1048576K
}

Deoptimization events (20 events):
Event: 8.577 Thread 0x000001bc4c97b000 DEOPT PACKING pc=0x000001bc38cef710 sp=0x0000009c51cfd630
Event: 8.577 Thread 0x000001bc4c97b000 DEOPT UNPACKING pc=0x000001bc3811964e sp=0x0000009c51cfca10 mode 0
Event: 8.578 Thread 0x000001bc4c97b000 DEOPT PACKING pc=0x000001bc38cef710 sp=0x0000009c51cfd630
Event: 8.578 Thread 0x000001bc4c97b000 DEOPT UNPACKING pc=0x000001bc3811964e sp=0x0000009c51cfca10 mode 0
Event: 11.599 Thread 0x000001bc4c97b000 Uncommon trap: trap_request=0xffffff45 fr.pc=0x000001bc3fca0e14 relative=0x00000000000007f4
Event: 11.599 Thread 0x000001bc4c97b000 Uncommon trap: reason=unstable_if action=reinterpret pc=0x000001bc3fca0e14 method=java.awt.Container.findComponentAtImpl(IIZ)Ljava/awt/Component; @ 131 c2
Event: 11.599 Thread 0x000001bc4c97b000 DEOPT PACKING pc=0x000001bc3fca0e14 sp=0x0000009c51cfe7e0
Event: 11.599 Thread 0x000001bc4c97b000 DEOPT UNPACKING pc=0x000001bc3811912f sp=0x0000009c51cfe790 mode 2
Event: 16.746 Thread 0x000001bc4c97b000 DEOPT PACKING pc=0x000001bc38cef710 sp=0x0000009c51cfd720
Event: 16.746 Thread 0x000001bc4c97b000 DEOPT UNPACKING pc=0x000001bc3811964e sp=0x0000009c51cfcb00 mode 0
Event: 16.748 Thread 0x000001bc4c97b000 DEOPT PACKING pc=0x000001bc38cef710 sp=0x0000009c51cfd520
Event: 16.748 Thread 0x000001bc4c97b000 DEOPT UNPACKING pc=0x000001bc3811964e sp=0x0000009c51cfc900 mode 0
Event: 16.759 Thread 0x000001bc4c97b000 DEOPT PACKING pc=0x000001bc38cef710 sp=0x0000009c51cfd580
Event: 16.759 Thread 0x000001bc4c97b000 DEOPT UNPACKING pc=0x000001bc3811964e sp=0x0000009c51cfc960 mode 0
Event: 18.162 Thread 0x000001bc4c97b000 DEOPT PACKING pc=0x000001bc38d7ecc8 sp=0x0000009c51cfd7c0
Event: 18.163 Thread 0x000001bc4c97b000 DEOPT UNPACKING pc=0x000001bc3811964e sp=0x0000009c51cfcc28 mode 0
Event: 18.705 Thread 0x000001bc4c97b000 DEOPT PACKING pc=0x000001bc38d7bd62 sp=0x0000009c51cfd890
Event: 18.705 Thread 0x000001bc4c97b000 DEOPT UNPACKING pc=0x000001bc3811964e sp=0x0000009c51cfccd0 mode 0
Event: 18.708 Thread 0x000001bc4c97b000 DEOPT PACKING pc=0x000001bc38d7bd62 sp=0x0000009c51cfd920
Event: 18.708 Thread 0x000001bc4c97b000 DEOPT UNPACKING pc=0x000001bc3811964e sp=0x0000009c51cfcd60 mode 0

Classes unloaded (0 events):
No events

Classes redefined (0 events):
No events

Internal exceptions (15 events):
Event: 0.181 Thread 0x000001bc2fbcf800 Exception <a 'java/lang/ClassNotFoundException'{0x00000000c5305600}: sun/awt/resources/spi/awtProvider> (0x00000000c5305600) 
thrown [t:/workspace/open/src/hotspot/share/classfile/systemDictionary.cpp, line 232]
Event: 0.212 Thread 0x000001bc2fbcf800 Exception <a 'java/io/FileNotFoundException'{0x00000000c535c950}> (0x00000000c535c950) 
thrown [t:/workspace/open/src/hotspot/share/prims/jni.cpp, line 598]
Event: 0.223 Thread 0x000001bc2fbcf800 Exception <a 'java/io/FileNotFoundException'{0x00000000c5382f30}> (0x00000000c5382f30) 
thrown [t:/workspace/open/src/hotspot/share/prims/jni.cpp, line 598]
Event: 0.303 Thread 0x000001bc4ca20000 Exception <a 'java/lang/NoSuchMethodError'{0x00000000c514d1f0}: 'void java.lang.invoke.DirectMethodHandle$Holder.invokeSpecial(java.lang.Object, java.lang.Object)'> (0x00000000c514d1f0) 
thrown [t:/workspace/open/src/hotspot/share/interpreter/linkResolver.cpp, line 767]
Event: 0.370 Thread 0x000001bc4c97b000 Exception <a 'java/lang/NoSuchMethodError'{0x00000000c504a928}: 'java.lang.Object java.lang.invoke.DirectMethodHandle$Holder.invokeStatic(java.lang.Object, int, java.lang.Object, java.lang.Object, java.lang.Object, java.lang.Object)'> (0x00000000c504a928) 
thrown [t:/workspace/open/src/hotspot/share/interpreter/linkResolver.cpp, line 767]
Event: 0.371 Thread 0x000001bc4c97b000 Exception <a 'java/lang/NoSuchMethodError'{0x00000000c5051288}: 'java.lang.Object java.lang.invoke.DirectMethodHandle$Holder.invokeStatic(java.lang.Object, int, java.lang.Object, java.lang.Object, java.lang.Object)'> (0x00000000c5051288) 
thrown [t:/workspace/open/src/hotspot/share/interpreter/linkResolver.cpp, line 767]
Event: 0.371 Thread 0x000001bc4c97b000 Exception <a 'java/lang/NoSuchMethodError'{0x00000000c5054af0}: 'java.lang.Object java.lang.invoke.DirectMethodHandle$Holder.invokeSpecial(java.lang.Object, java.lang.Object, int, java.lang.Object, java.lang.Object, java.lang.Object)'> (0x00000000c5054af0) 
thrown [t:/workspace/open/src/hotspot/share/interpreter/linkResolver.cpp, line 767]
Event: 0.375 Thread 0x000001bc4c97b000 Exception <a 'java/lang/NoSuchMethodError'{0x00000000c506ae18}: 'java.lang.Object java.lang.invoke.DirectMethodHandle$Holder.invokeStatic(java.lang.Object, int, java.lang.Object)'> (0x00000000c506ae18) 
thrown [t:/workspace/open/src/hotspot/share/interpreter/linkResolver.cpp, line 767]
Event: 0.400 Thread 0x000001bc4c97b000 Exception <a 'java/lang/ClassNotFoundException'{0x00000000c4f0e560}: com/sun/swing/internal/plaf/metal/resources/spi/metalProvider> (0x00000000c4f0e560) 
thrown [t:/workspace/open/src/hotspot/share/classfile/systemDictionary.cpp, line 232]
Event: 0.401 Thread 0x000001bc4c97b000 Exception <a 'java/lang/ClassNotFoundException'{0x00000000c4f12608}: com/sun/swing/internal/plaf/basic/resources/spi/basicProvider> (0x00000000c4f12608) 
thrown [t:/workspace/open/src/hotspot/share/classfile/systemDictionary.cpp, line 232]
Event: 0.436 Thread 0x000001bc4c97b000 Exception <a 'java/net/UnknownHostException'{0x00000000c4f496f0}> (0x00000000c4f496f0) 
thrown [t:/workspace/open/src/hotspot/share/prims/jni.cpp, line 598]
Event: 0.754 Thread 0x000001bc4c97b000 Exception <a 'java/lang/NoSuchMethodError'{0x00000000c4e42ad0}: 'int java.lang.invoke.DirectMethodHandle$Holder.invokeSpecialIFC(java.lang.Object, java.lang.Object, int)'> (0x00000000c4e42ad0) 
thrown [t:/workspace/open/src/hotspot/share/interpreter/linkResolver.cpp, line 767]
Event: 2.322 Thread 0x000001bc4c97b000 Exception <a 'java/lang/NoSuchMethodError'{0x00000000c472d0b0}: 'void java.lang.invoke.DirectMethodHandle$Holder.invokeStaticInit(java.lang.Object)'> (0x00000000c472d0b0) 
thrown [t:/workspace/open/src/hotspot/share/interpreter/linkResolver.cpp, line 767]
Event: 2.330 Thread 0x000001bc4c97b000 Exception <a 'java/lang/NoSuchMethodError'{0x00000000c4754308}: 'java.lang.Object java.lang.invoke.Invokers$Holder.linkToTargetMethod(java.lang.Object, int, java.lang.Object)'> (0x00000000c4754308) 
thrown [t:/workspace/open/src/hotspot/share/interpreter/linkResolver.cpp, line 767]
Event: 3.256 Thread 0x000001bc4c97b000 Implicit null exception at 0x000001bc3fc78430 to 0x000001bc3fc7852a

Events (20 events):
Event: 6.222 Executing VM operation: G1Concurrent done
Event: 6.251 loading class java/awt/KeyboardFocusManager$3
Event: 6.282 loading class java/awt/KeyboardFocusManager$3 done
Event: 6.288 loading class sun/awt/im/CompositionAreaHandler
Event: 6.308 loading class sun/awt/im/CompositionAreaHandler done
Event: 6.308 loading class java/text/AttributedString
Event: 6.317 loading class java/text/AttributedString done
Event: 6.317 loading class java/text/AttributedString$AttributedStringIterator
Event: 6.317 loading class java/text/AttributedCharacterIterator
Event: 6.317 loading class java/text/AttributedCharacterIterator done
Event: 6.318 loading class java/text/AttributedString$AttributedStringIterator done
Event: 6.318 Executing VM operation: Deoptimize
Event: 6.318 Executing VM operation: Deoptimize done
Event: 8.071 Executing VM operation: RevokeBias
Event: 8.072 Executing VM operation: RevokeBias done
Event: 8.072 Thread 0x000001bc4cae7800 Thread exited: 0x000001bc4cae7800
Event: 8.433 loading class javax/swing/JInternalFrame
Event: 8.471 loading class javax/swing/JInternalFrame done
Event: 8.581 Executing VM operation: BulkRevokeBias
Event: 8.582 Executing VM operation: BulkRevokeBias done


Dynamic libraries:
0x00007ff6fdbc0000 - 0x00007ff6fdbcf000 	C:\Program Files\Java\jdk-13.0.2\bin\javaw.exe
0x00007ffb5d060000 - 0x00007ffb5d250000 	C:\Windows\SYSTEM32\ntdll.dll
0x00007ffb5b5d0000 - 0x00007ffb5b682000 	C:\Windows\System32\KERNEL32.DLL
0x00007ffb5ab60000 - 0x00007ffb5ae05000 	C:\Windows\System32\KERNELBASE.dll
0x00007ffb5a230000 - 0x00007ffb5a32a000 	C:\Windows\System32\ucrtbase.dll
0x00007ffb3e130000 - 0x00007ffb3e148000 	C:\Program Files\Java\jdk-13.0.2\bin\jli.dll
0x00007ffb3e0e0000 - 0x00007ffb3e0f5000 	C:\Program Files\Java\jdk-13.0.2\bin\VCRUNTIME140.dll
0x00007ffb5b6a0000 - 0x00007ffb5b743000 	C:\Windows\System32\ADVAPI32.dll
0x00007ffb5c170000 - 0x00007ffb5c20e000 	C:\Windows\System32\msvcrt.dll
0x00007ffb5b750000 - 0x00007ffb5b7e7000 	C:\Windows\System32\sechost.dll
0x00007ffb5c040000 - 0x00007ffb5c15f000 	C:\Windows\System32\RPCRT4.dll
0x00007ffb5c210000 - 0x00007ffb5c3a4000 	C:\Windows\System32\USER32.dll
0x00007ffb4ba50000 - 0x00007ffb4bcd4000 	C:\Windows\WinSxS\amd64_microsoft.windows.common-controls_6595b64144ccf1df_6.0.18362.1556_none_9e7e372fe45e41d5\COMCTL32.dll
0x00007ffb5a200000 - 0x00007ffb5a221000 	C:\Windows\System32\win32u.dll
0x00007ffb5cf60000 - 0x00007ffb5cf86000 	C:\Windows\System32\GDI32.dll
0x00007ffb5ba70000 - 0x00007ffb5bda6000 	C:\Windows\System32\combase.dll
0x00007ffb59fa0000 - 0x00007ffb5a138000 	C:\Windows\System32\gdi32full.dll
0x00007ffb5b050000 - 0x00007ffb5b0d1000 	C:\Windows\System32\bcryptPrimitives.dll
0x00007ffb5a140000 - 0x00007ffb5a1de000 	C:\Windows\System32\msvcp_win.dll
0x00007ffb55b20000 - 0x00007ffb55b2a000 	C:\Windows\SYSTEM32\VERSION.dll
0x00007ffb5ba40000 - 0x00007ffb5ba6e000 	C:\Windows\System32\IMM32.DLL
0x00007ffb2ccd0000 - 0x00007ffb2cd6b000 	C:\Program Files\Java\jdk-13.0.2\bin\msvcp140.dll
0x00007ffb23e10000 - 0x00007ffb2496d000 	C:\Program Files\Java\jdk-13.0.2\bin\server\jvm.dll
0x00007ffb5b690000 - 0x00007ffb5b698000 	C:\Windows\System32\PSAPI.DLL
0x00007ffb42480000 - 0x00007ffb42489000 	C:\Windows\SYSTEM32\WSOCK32.dll
0x00007ffb579d0000 - 0x00007ffb579f4000 	C:\Windows\SYSTEM32\WINMM.dll
0x00007ffb5c3b0000 - 0x00007ffb5c41f000 	C:\Windows\System32\WS2_32.dll
0x00007ffb579a0000 - 0x00007ffb579cd000 	C:\Windows\SYSTEM32\winmmbase.dll
0x00007ffb5ae70000 - 0x00007ffb5aeba000 	C:\Windows\System32\cfgmgr32.dll
0x00007ffb59f80000 - 0x00007ffb59f91000 	C:\Windows\System32\kernel.appcore.dll
0x00007ffb40970000 - 0x00007ffb40980000 	C:\Program Files\Java\jdk-13.0.2\bin\verify.dll
0x00007ffb4add0000 - 0x00007ffb4afc4000 	C:\Windows\SYSTEM32\DBGHELP.DLL
0x00007ffb4ac80000 - 0x00007ffb4acaa000 	C:\Windows\SYSTEM32\dbgcore.DLL
0x00007ffb3b5c0000 - 0x00007ffb3b5e6000 	C:\Program Files\Java\jdk-13.0.2\bin\java.dll
0x00007ffb3c320000 - 0x00007ffb3c337000 	C:\Program Files\Java\jdk-13.0.2\bin\zip.dll
0x00007ffb3f6e0000 - 0x00007ffb3f6ea000 	C:\Program Files\Java\jdk-13.0.2\bin\jimage.dll
0x00007ffb5c730000 - 0x00007ffb5ce17000 	C:\Windows\System32\SHELL32.dll
0x00007ffb5b990000 - 0x00007ffb5ba38000 	C:\Windows\System32\shcore.dll
0x00007ffb5a330000 - 0x00007ffb5aaab000 	C:\Windows\System32\windows.storage.dll
0x00007ffb59f60000 - 0x00007ffb59f7e000 	C:\Windows\System32\profapi.dll
0x00007ffb59ef0000 - 0x00007ffb59f3a000 	C:\Windows\System32\powrprof.dll
0x00007ffb59ee0000 - 0x00007ffb59ef0000 	C:\Windows\System32\UMPDC.dll
0x00007ffb5cf90000 - 0x00007ffb5cfe2000 	C:\Windows\System32\shlwapi.dll
0x00007ffb5a1e0000 - 0x00007ffb5a1f7000 	C:\Windows\System32\cryptsp.dll
0x00007ffb3b5a0000 - 0x00007ffb3b5b9000 	C:\Program Files\Java\jdk-13.0.2\bin\net.dll
0x00007ffb50080000 - 0x00007ffb5017a000 	C:\Windows\SYSTEM32\WINHTTP.dll
0x00007ffb59720000 - 0x00007ffb59787000 	C:\Windows\system32\mswsock.dll
0x00007ffb3b580000 - 0x00007ffb3b593000 	C:\Program Files\Java\jdk-13.0.2\bin\nio.dll
0x00007ffb26380000 - 0x00007ffb26519000 	C:\Program Files\Java\jdk-13.0.2\bin\awt.dll
0x00007ffb5be90000 - 0x00007ffb5bf55000 	C:\Windows\System32\OLEAUT32.dll
0x00007ffb58050000 - 0x00007ffb580df000 	C:\Windows\SYSTEM32\apphelp.dll
0x00007ffb58200000 - 0x00007ffb58299000 	C:\Windows\system32\uxtheme.dll
0x00007ffb5ce20000 - 0x00007ffb5cf55000 	C:\Windows\System32\MSCTF.dll
0x00007ffb5c420000 - 0x00007ffb5c577000 	C:\Windows\System32\ole32.dll
0x00007ffb582f0000 - 0x00007ffb5831d000 	C:\Windows\system32\DWMAPI.DLL
0x00007ffb2cb70000 - 0x00007ffb2ccc6000 	C:\Windows\system32\opengl32.dll
0x00007ffb39aa0000 - 0x00007ffb39acc000 	C:\Windows\SYSTEM32\GLU32.dll
0x00007ffb58bf0000 - 0x00007ffb58c10000 	C:\Windows\SYSTEM32\dxcore.dll
0x00007ffb59470000 - 0x00007ffb5953b000 	C:\Windows\SYSTEM32\DNSAPI.dll
0x00007ffb5c160000 - 0x00007ffb5c168000 	C:\Windows\System32\NSI.dll
0x00007ffb59430000 - 0x00007ffb5946a000 	C:\Windows\SYSTEM32\IPHLPAPI.DLL
0x00007ffb4fdb0000 - 0x00007ffb4fdba000 	C:\Windows\System32\rasadhlp.dll
0x00007ffb2ca80000 - 0x00007ffb2cb02000 	C:\Program Files\Java\jdk-13.0.2\bin\freetype.dll
0x00007ffb2c9d0000 - 0x00007ffb2ca76000 	C:\Program Files\Java\jdk-13.0.2\bin\fontmanager.dll
0x00007ffb5b8e0000 - 0x00007ffb5b982000 	C:\Windows\System32\clbcatq.dll
0x00007ffb545c0000 - 0x00007ffb5476f000 	C:\Windows\SYSTEM32\WindowsCodecs.dll
0x00007ffb40d70000 - 0x00007ffb40dab000 	C:\Windows\system32\dataexchange.dll
0x00007ffb577c0000 - 0x00007ffb5799d000 	C:\Windows\system32\dcomp.dll
0x00007ffb56860000 - 0x00007ffb56abb000 	C:\Windows\system32\d3d11.dll
0x00007ffb58c80000 - 0x00007ffb58d6b000 	C:\Windows\system32\dxgi.dll
0x00007ffb58340000 - 0x00007ffb5859a000 	C:\Windows\system32\twinapi.appcore.dll
0x00007ffb58730000 - 0x00007ffb58759000 	C:\Windows\system32\RMCLIENT.dll
0x00007ffb4e960000 - 0x00007ffb4e9fb000 	C:\Windows\System32\TextInputFramework.dll
0x00007ffb56090000 - 0x00007ffb563ba000 	C:\Windows\System32\CoreUIComponents.dll
0x00007ffb57d70000 - 0x00007ffb57e44000 	C:\Windows\System32\CoreMessaging.dll
0x00007ffb58f20000 - 0x00007ffb58f51000 	C:\Windows\SYSTEM32\ntmarta.dll
0x00007ffb55de0000 - 0x00007ffb55f32000 	C:\Windows\SYSTEM32\wintypes.dll
0x00007ffb4d430000 - 0x00007ffb4d6d7000 	C:\Windows\System32\iertutil.dll

dbghelp: loaded successfully - version: 4.0.5 - missing functions: none
symbol engine: initialized successfully - sym options: 0x614 - pdb path: .;C:\Program Files\Java\jdk-13.0.2\bin;C:\Windows\SYSTEM32;C:\Windows\WinSxS\amd64_microsoft.windows.common-controls_6595b64144ccf1df_6.0.18362.1556_none_9e7e372fe45e41d5;C:\Program Files\Java\jdk-13.0.2\bin\server

VM Arguments:
jvm_args: -Dfile.encoding=Cp1252 
java_command: Application.Home
java_class_path (initial): C:\Users\User\Desktop\Programmes\Java\Workspace\DriveOperations\target\classes;C:\Users\User\Desktop\Libraries\jgoodies-common-1.8.0.jar;C:\Users\User\Desktop\Libraries\jgoodies-forms-1.8.0.jar;C:\Users\User\Desktop\Libraries\miglayout15-swing.jar;C:\Users\User\Downloads\javax.mail.jar;C:\Users\User\Downloads\activation-1.1.1.jar;C:\Users\User\Downloads\jcalendar-1.4.jar;C:\Users\User\Downloads\jfreechart-1.0.19\lib\jcommon-1.0.23.jar;C:\Users\User\Downloads\jfreechart-1.0.19\lib\jfreechart-1.0.19.jar;C:\Users\User\Downloads\commons-net-3.8.0\commons-net-3.8.0.jar;C:\Users\User\Documents\Libs\comm-2.0.jar;C:\Users\User\Documents\Libs\http-2.2.1.jar;C:\Users\User\Documents\Libs\mysql-connector-java-5.1.45.jar;C:\Users\User\Downloads\JTattoo-1.6.13.jar;C:\Users\User\Desktop\Libs\jmespath-java-1.11.470.jar;C:\Users\User\Desktop\Libs\aws-java-sdk-core-1.12.65.jar;C:\Users\User\Desktop\Libs\aws-java-sdk-kms-1.12.65.jar;C:\Users\User\Desktop\Libs\aws-java-sdk-s3-1.12.65.jar;C:\Users\User\Desktop\Libs\commons-codec-1.15.jar;C:\Users\User\Desktop\Libs\commons-logging-1.1.3.jar;C:\Users\User\Desktop\Libs\httpclient-4.5.13.jar;C:\Users\User\Desktop\Libs\ion-java-1.0.2.jar;C:\Users\User\Desktop\Libs\jackson-annotations-2.12.3.jar;C:\Users\User\Desktop\Libs\jackson-core-2.12.3.jar;C:\Users\User\Desktop\Libs\jackson-databind-2.12.3.jar;C:\Users\User\Desktop\Libs\jackson-dataformat-cbor-2.12.3.jar;C:\Users\User\Desktop\Libs\jmespath-java-1.12.65.jar;C:\Users\User\Desktop\Libs\joda-time-2.8.1.jar;C:\Users\User\.m2\repository\com\amazonaws\aws-java-sdk-s3\1.12.65\aws-java-sdk-s3-1.12.65.jar;C:\Users\User\.m2\repository\com\amazonaws\aws-java-sdk-kms\1.12.65\aws-java-sdk-kms-1.12.65.jar;C:\Users\User\.m2\repository\com\amazonaws\aws-java-sdk-core\1.12.65\aws-java-sdk-core-1.12.65.jar;C:\Users\User\.m2\repository\commons-logging\commons-logging\1.1.3\commons-logging-1.1.3.jar;C:\Users\User\.m2\repository\commons-codec\commons-codec\1.15\commons-codec-1.15
Launcher Type: SUN_STANDARD

[Global flags]
     intx CICompilerCount                          = 3                                         {product} {ergonomic}
     uint ConcGCThreads                            = 1                                         {product} {ergonomic}
     uint G1ConcRefinementThreads                  = 4                                         {product} {ergonomic}
   size_t G1HeapRegionSize                         = 1048576                                   {product} {ergonomic}
    uintx GCDrainStackTargetSize                   = 64                                        {product} {ergonomic}
   size_t InitialHeapSize                          = 67108864                                  {product} {ergonomic}
   size_t MarkStackSize                            = 4194304                                   {product} {ergonomic}
   size_t MaxHeapSize                              = 1050673152                                {product} {ergonomic}
   size_t MaxNewSize                               = 630194176                                 {product} {ergonomic}
   size_t MinHeapDeltaBytes                        = 1048576                                   {product} {ergonomic}
   size_t MinHeapSize                              = 8388608                                   {product} {ergonomic}
    uintx NonNMethodCodeHeapSize                   = 5832780                                {pd product} {ergonomic}
    uintx NonProfiledCodeHeapSize                  = 122912730                              {pd product} {ergonomic}
    uintx ProfiledCodeHeapSize                     = 122912730                              {pd product} {ergonomic}
    uintx ReservedCodeCacheSize                    = 251658240                              {pd product} {ergonomic}
     bool SegmentedCodeCache                       = true                                      {product} {ergonomic}
   size_t SoftMaxHeapSize                          = 1050673152                             {manageable} {ergonomic}
     bool UseCompressedClassPointers               = true                                 {lp64_product} {ergonomic}
     bool UseCompressedOops                        = true                                 {lp64_product} {ergonomic}
     bool UseG1GC                                  = true                                      {product} {ergonomic}
     bool UseLargePagesIndividualAllocation        = false                                  {pd product} {ergonomic}

Logging:
Log output configuration:
 #0: stdout all=warning uptime,level,tags
 #1: stderr all=off uptime,level,tags

Environment Variables:
JAVA_HOME=C:\Program Files (x86)\Java\jre1.8.0_241
PATH=C:\Program Files\Java\jdk-13.0.2\bin;C:\Program Files (x86)\Common Files\Oracle\Java\javapath;C:\Windows\system32;C:\Windows;C:\Windows\System32\Wbem;C:\Windows\System32\WindowsPowerShell\v1.0\;C:\Windows\System32\OpenSSH\;C:\Program Files (x86)\apache-maven-3.8.1\bin;C:\Program Files (x86)\gradle-7.1.1\bin;C:\Users\User\AppData\Local\Microsoft\WindowsApps;C:\Users\User\AppData\Local\Programs\Microsoft VS Code\bin;C:\Program Files (x86)\gradle-7.1.1\bin;
USERNAME=User
OS=Windows_NT
PROCESSOR_IDENTIFIER=Intel64 Family 6 Model 42 Stepping 7, GenuineIntel



---------------  S Y S T E M  ---------------

OS: Windows 10 , 64 bit Build 18362 (10.0.18362.1500)

CPU:total 4 (initial active 4) (2 cores per cpu, 2 threads per core) family 6 model 42 stepping 7, cmov, cx8, fxsr, mmx, sse, sse2, sse3, ssse3, sse4.1, sse4.2, popcnt, avx, aes, clmul, ht, tsc, tscinvbit

Memory: 4k page, system-wide physical 4006M (377M free)
TotalPageFile size 16294M (AvailPageFile size 5M)
current process WorkingSet (physical memory assigned to process): 280M, peak: 280M
current process commit charge ("private bytes"): 336M, peak: 338M

vm_info: Java HotSpot(TM) 64-Bit Server VM (13.0.2+8) for windows-amd64 JRE (13.0.2+8), built on Dec 11 2019 09:20:33 by "mach5one" with unknown MS VC++:1916

END.
