#
# There is insufficient memory for the Java Runtime Environment to continue.
# Native memory allocation (mmap) failed to map 117440512 bytes for Failed to commit area from 0x00000000c5600000 to 0x00000000cc600000 of length 117440512.
# Possible reasons:
#   The system is out of physical RAM or swap space
#   The process is running with CompressedOops enabled, and the Java Heap may be blocking the growth of the native heap
# Possible solutions:
#   Reduce memory load on the system
#   Increase physical memory or swap space
#   Check if swap backing store is full
#   Decrease Java heap size (-Xmx/-Xms)
#   Decrease number of Java threads
#   Decrease Java thread stack sizes (-Xss)
#   Set larger code cache with -XX:ReservedCodeCacheSize=
#   JVM is running with Unscaled Compressed Oops mode in which the Java heap is
#     placed in the first 4GB address space. The Java Heap base address is the
#     maximum limit for the native heap growth. Please use -XX:HeapBaseMinAddress
#     to set the Java Heap base and to place the Java Heap above 4GB virtual address.
# This output file may be truncated or incomplete.
#
#  Out of Memory Error (t:/workspace/open/src/hotspot/os/windows/os_windows.cpp:3301), pid=7544, tid=16236
#
# JRE version: Java(TM) SE Runtime Environment (13.0.2+8) (build 13.0.2+8)
# Java VM: Java HotSpot(TM) 64-Bit Server VM (13.0.2+8, mixed mode, sharing, tiered, compressed oops, g1 gc, windows-amd64)
# No core dump will be written. Minidumps are not enabled by default on client versions of Windows
#

---------------  S U M M A R Y ------------

Command Line: -Dfile.encoding=Cp1252 Application.Home

Host: Intel(R) Core(TM) i5-2520M CPU @ 2.50GHz, 4 cores, 3G,  Windows 10 , 64 bit Build 18362 (10.0.18362.1500)
Time: Fri Sep 24 05:56:36 2021 South Africa Standard Time elapsed time: 0 seconds (0d 0h 0m 0s)

---------------  T H R E A D  ---------------

Current thread (0x0000023dc36f6000):  JavaThread "Image Fetcher 0" daemon [_thread_in_vm, id=16236, stack(0x0000009234c00000,0x0000009234d00000)]

Stack: [0x0000009234c00000,0x0000009234d00000]
Native frames: (J=compiled Java code, j=interpreted, Vv=VM code, C=native code)
V  [jvm.dll+0x624f9a]
V  [jvm.dll+0x770cfa]
V  [jvm.dll+0x7724af]
V  [jvm.dll+0x772ab3]
V  [jvm.dll+0x24bf08]
V  [jvm.dll+0x6222aa]
V  [jvm.dll+0x6170b5]
V  [jvm.dll+0x30a88c]
V  [jvm.dll+0x30a6c2]
V  [jvm.dll+0x30fe36]
V  [jvm.dll+0x353f46]
V  [jvm.dll+0x353720]
V  [jvm.dll+0x2e5d5e]
V  [jvm.dll+0x2e16ff]
V  [jvm.dll+0x5be8b5]
V  [jvm.dll+0x5be33b]
V  [jvm.dll+0x1f48d5]
V  [jvm.dll+0x74b3a7]
V  [jvm.dll+0x3783ea]
C  0x0000023daecffd37

Java frames: (J=compiled Java code, j=interpreted, Vv=VM code)
j  java.awt.image.DataBufferInt.<init>(I)V+11 java.desktop@13.0.2
j  java.awt.image.Raster.createPackedRaster(III[ILjava/awt/Point;)Ljava/awt/image/WritableRaster;+69 java.desktop@13.0.2
j  java.awt.image.DirectColorModel.createCompatibleWritableRaster(II)Ljava/awt/image/WritableRaster;+83 java.desktop@13.0.2
j  sun.awt.image.ImageRepresentation.createBufferedImage()V+18 java.desktop@13.0.2
J 622 c1 sun.awt.image.ImageRepresentation.setPixels(IIIILjava/awt/image/ColorModel;[III)V java.desktop@13.0.2 (527 bytes) @ 0x0000023daf36f7ec [0x0000023daf36f460+0x000000000000038c]
J 659 c1 sun.awt.image.ImageDecoder.setPixels(IIIILjava/awt/image/ColorModel;[III)I java.desktop@13.0.2 (58 bytes) @ 0x0000023daf384eec [0x0000023daf384a00+0x00000000000004ec]
J 621 c1 sun.awt.image.PNGImageDecoder.sendPixels(IIII[III)Z java.desktop@13.0.2 (44 bytes) @ 0x0000023daf36ee04 [0x0000023daf36ecc0+0x0000000000000144]
J 718% c1 sun.awt.image.PNGImageDecoder.produceImage()V java.desktop@13.0.2 (1917 bytes) @ 0x0000023daf3a7a2c [0x0000023daf3a4060+0x00000000000039cc]
j  sun.awt.image.InputStreamImageSource.doFetch()V+51 java.desktop@13.0.2
j  sun.awt.image.ImageFetcher.fetchloop()V+31 java.desktop@13.0.2
j  sun.awt.image.ImageFetcher.run()V+5 java.desktop@13.0.2
v  ~StubRoutines::call_stub

---------------  P R O C E S S  ---------------

Threads class SMR info:
_java_thread_list=0x0000023dc370f560, length=19, elements={
0x0000023dc27cc000, 0x0000023dc27d1800, 0x0000023dc27e9800, 0x0000023dc27eb800,
0x0000023dc27f4800, 0x0000023dc27fa000, 0x0000023dc2803800, 0x0000023dc3245800,
0x0000023dc324b800, 0x0000023dc3575800, 0x0000023dc3576000, 0x0000023dc3619800,
0x0000023dc3627000, 0x0000023da67e1800, 0x0000023dc36f6000, 0x0000023dc3710800,
0x0000023dc393b800, 0x0000023dc3771000, 0x0000023dc371e800
}

Java Threads: ( => current thread )
  0x0000023dc27cc000 JavaThread "Reference Handler" daemon [_thread_blocked, id=2888, stack(0x0000009233e00000,0x0000009233f00000)]
  0x0000023dc27d1800 JavaThread "Finalizer" daemon [_thread_blocked, id=16032, stack(0x0000009233f00000,0x0000009234000000)]
  0x0000023dc27e9800 JavaThread "Signal Dispatcher" daemon [_thread_blocked, id=7984, stack(0x0000009234000000,0x0000009234100000)]
  0x0000023dc27eb800 JavaThread "Attach Listener" daemon [_thread_blocked, id=10736, stack(0x0000009234100000,0x0000009234200000)]
  0x0000023dc27f4800 JavaThread "C2 CompilerThread0" daemon [_thread_blocked, id=7400, stack(0x0000009234200000,0x0000009234300000)]
  0x0000023dc27fa000 JavaThread "C1 CompilerThread0" daemon [_thread_blocked, id=9032, stack(0x0000009234300000,0x0000009234400000)]
  0x0000023dc2803800 JavaThread "Sweeper thread" daemon [_thread_blocked, id=14724, stack(0x0000009234400000,0x0000009234500000)]
  0x0000023dc3245800 JavaThread "Service Thread" daemon [_thread_blocked, id=1092, stack(0x0000009234500000,0x0000009234600000)]
  0x0000023dc324b800 JavaThread "Common-Cleaner" daemon [_thread_blocked, id=2700, stack(0x0000009234700000,0x0000009234800000)]
  0x0000023dc3575800 JavaThread "Java2D Disposer" daemon [_thread_blocked, id=14820, stack(0x0000009234800000,0x0000009234900000)]
  0x0000023dc3576000 JavaThread "AWT-Shutdown" [_thread_blocked, id=15968, stack(0x0000009234900000,0x0000009234a00000)]
  0x0000023dc3619800 JavaThread "AWT-Windows" daemon [_thread_in_native, id=7672, stack(0x0000009234a00000,0x0000009234b00000)]
  0x0000023dc3627000 JavaThread "AWT-EventQueue-0" [_thread_blocked, id=6556, stack(0x0000009234b00000,0x0000009234c00000)]
  0x0000023da67e1800 JavaThread "DestroyJavaVM" [_thread_blocked, id=9284, stack(0x0000009233700000,0x0000009233800000)]
=>0x0000023dc36f6000 JavaThread "Image Fetcher 0" daemon [_thread_in_vm, id=16236, stack(0x0000009234c00000,0x0000009234d00000)]
  0x0000023dc3710800 JavaThread "TimerQueue" daemon [_thread_blocked, id=3092, stack(0x0000009234d00000,0x0000009234e00000)]
  0x0000023dc393b800 JavaThread "SwingWorker-pool-1-thread-1" daemon [_thread_blocked, id=12220, stack(0x0000009235000000,0x0000009235100000)]
  0x0000023dc3771000 JavaThread "SwingWorker-pool-1-thread-2" daemon [_thread_blocked, id=11804, stack(0x0000009235100000,0x0000009235200000)]
  0x0000023dc371e800 JavaThread "SwingWorker-pool-1-thread-3" daemon [_thread_blocked, id=4232, stack(0x0000009235200000,0x0000009235300000)]

Other Threads:
  0x0000023dc27c8800 VMThread "VM Thread" [stack: 0x0000009233d00000,0x0000009233e00000] [id=12664] _threads_hazard_ptr=0x0000023dc370f560
  0x0000023dc324a800 WatcherThread [stack: 0x0000009234600000,0x0000009234700000] [id=10512]
  0x0000023da6812000 GCTaskThread "GC Thread#0" [stack: 0x0000009233800000,0x0000009233900000] [id=13824]
  0x0000023dc45e0800 GCTaskThread "GC Thread#1" [stack: 0x0000009234e00000,0x0000009234f00000] [id=14860]
  0x0000023dc45e1000 GCTaskThread "GC Thread#2" [stack: 0x0000009234f00000,0x0000009235000000] [id=2444]
  0x0000023dc376d000 GCTaskThread "GC Thread#3" [stack: 0x0000009235300000,0x0000009235400000] [id=14788]
  0x0000023da681c000 ConcurrentGCThread "G1 Main Marker" [stack: 0x0000009233900000,0x0000009233a00000] [id=3360]
  0x0000023da6822800 ConcurrentGCThread "G1 Conc#0" [stack: 0x0000009233a00000,0x0000009233b00000] [id=16340]
  0x0000023da6874800 ConcurrentGCThread "G1 Refine#0" [stack: 0x0000009233b00000,0x0000009233c00000] [id=16268]
  0x0000023da6876800 ConcurrentGCThread "G1 Young RemSet Sampling" [stack: 0x0000009233c00000,0x0000009233d00000] [id=6544]

Threads with active compile tasks:
C1 CompilerThread0      955  802   !   3       sun.awt.image.PNGImageDecoder::produceImage (1917 bytes)

VM state:synchronizing (normal execution)

VM Mutex/Monitor currently owned by a thread:  ([mutex/lock_event])
[0x0000023da67db9f0] Threads_lock - owner thread: 0x0000023dc27c8800
[0x0000023da67dca40] Heap_lock - owner thread: 0x0000023dc36f6000

Heap address: 0x00000000c1600000, size: 1002 MB, Compressed Oops mode: 32-bit
Narrow klass base: 0x0000000800000000, Narrow klass shift: 3
Compressed class space size: 1073741824 Address: 0x0000000800b40000

Heap:
 garbage-first heap   total 132096K, used 4262K [0x00000000c1600000, 0x0000000100000000)
  region size 1024K, 4 young (4096K), 3 survivors (3072K)
 Metaspace       used 9127K, capacity 9425K, committed 9600K, reserved 1062912K
  class space    used 1150K, capacity 1281K, committed 1408K, reserved 1048576K
Heap Regions: E=young(eden), S=young(survivor), O=old, HS=humongous(starts), HC=humongous(continues), CS=collection set, F=free, A=archive, TAMS=top-at-mark-start (previous, next)
|   0|0x00000000c1600000, 0x00000000c1700000, 0x00000000c1700000|100%| O|  |TAMS 0x00000000c1600000, 0x00000000c1700000| Untracked 
|   1|0x00000000c1700000, 0x00000000c1778e00, 0x00000000c1800000| 47%| O|  |TAMS 0x00000000c1700000, 0x00000000c1778e00| Untracked 
|   2|0x00000000c1800000, 0x00000000c1800000, 0x00000000c1900000|  0%| F|  |TAMS 0x00000000c1800000, 0x00000000c1800000| Untracked 
|   3|0x00000000c1900000, 0x00000000c1900000, 0x00000000c1a00000|  0%| F|  |TAMS 0x00000000c1900000, 0x00000000c1900000| Untracked 
|   4|0x00000000c1a00000, 0x00000000c1a00000, 0x00000000c1b00000|  0%| F|  |TAMS 0x00000000c1a00000, 0x00000000c1a00000| Untracked 
|   5|0x00000000c1b00000, 0x00000000c1b00000, 0x00000000c1c00000|  0%| F|  |TAMS 0x00000000c1b00000, 0x00000000c1b00000| Untracked 
|   6|0x00000000c1c00000, 0x00000000c1c00000, 0x00000000c1d00000|  0%| F|  |TAMS 0x00000000c1c00000, 0x00000000c1c00000| Untracked 
|   7|0x00000000c1d00000, 0x00000000c1d00000, 0x00000000c1e00000|  0%| F|  |TAMS 0x00000000c1d00000, 0x00000000c1d00000| Untracked 
|   8|0x00000000c1e00000, 0x00000000c1eb0a18, 0x00000000c1f00000| 68%| S|CS|TAMS 0x00000000c1e00000, 0x00000000c1e00000| Complete 
|   9|0x00000000c1f00000, 0x00000000c2000000, 0x00000000c2000000|100%| S|CS|TAMS 0x00000000c1f00000, 0x00000000c1f00000| Complete 
|  10|0x00000000c2000000, 0x00000000c2100000, 0x00000000c2100000|100%| S|CS|TAMS 0x00000000c2000000, 0x00000000c2000000| Complete 
|  11|0x00000000c2100000, 0x00000000c2100000, 0x00000000c2200000|  0%| F|  |TAMS 0x00000000c2100000, 0x00000000c2100000| Untracked 
|  12|0x00000000c2200000, 0x00000000c2200000, 0x00000000c2300000|  0%| F|  |TAMS 0x00000000c2200000, 0x00000000c2200000| Untracked 
|  13|0x00000000c2300000, 0x00000000c2300000, 0x00000000c2400000|  0%| F|  |TAMS 0x00000000c2300000, 0x00000000c2300000| Untracked 
|  54|0x00000000c4c00000, 0x00000000c4c00000, 0x00000000c4d00000|  0%| F|  |TAMS 0x00000000c4c00000, 0x00000000c4c00000| Untracked 
|  55|0x00000000c4d00000, 0x00000000c4d00000, 0x00000000c4e00000|  0%| F|  |TAMS 0x00000000c4d00000, 0x00000000c4d00000| Untracked 
|  63|0x00000000c5500000, 0x00000000c55147c0, 0x00000000c5600000|  8%| E|  |TAMS 0x00000000c5500000, 0x00000000c5500000| Complete 

Card table byte_map: [0x0000023dbdee0000,0x0000023dbe0e0000] _byte_map_base: 0x0000023dbd8d5000

Marking Bits (Prev, Next): (CMBitMap*) 0x0000023da6812d08, (CMBitMap*) 0x0000023da6812cc8
 Prev Bits: [0x0000023dbf290000, 0x0000023dc0238000)
 Next Bits: [0x0000023dbe2e0000, 0x0000023dbf288000)

Polling page: 0x0000023da47a0000

Metaspace:

Usage:
  Non-class:      7.95 MB capacity,     7.79 MB ( 98%) used,   146.89 KB (  2%) free+waste,    20.38 KB ( <1%) overhead. 
      Class:      1.25 MB capacity,     1.12 MB ( 90%) used,   117.30 KB (  9%) free+waste,    13.25 KB (  1%) overhead. 
       Both:      9.20 MB capacity,     8.91 MB ( 97%) used,   264.20 KB (  3%) free+waste,    33.63 KB ( <1%) overhead. 

Virtual space:
  Non-class space:       14.00 MB reserved,       8.00 MB ( 57%) committed 
      Class space:        1.00 GB reserved,       1.38 MB ( <1%) committed 
             Both:        1.01 GB reserved,       9.38 MB ( <1%) committed 

Chunk freelists:
   Non-Class:  48.00 KB
       Class:  0 bytes
        Both:  48.00 KB

MaxMetaspaceSize: 17179869184.00 GB
CompressedClassSpaceSize: 1.00 GB

CodeHeap 'non-profiled nmethods': size=120000Kb used=241Kb max_used=241Kb free=119758Kb
 bounds [0x0000023db67b0000, 0x0000023db6a20000, 0x0000023dbdce0000]
CodeHeap 'profiled nmethods': size=120000Kb used=1376Kb max_used=1376Kb free=118623Kb
 bounds [0x0000023daf280000, 0x0000023daf4f0000, 0x0000023db67b0000]
CodeHeap 'non-nmethods': size=5760Kb used=1268Kb max_used=1282Kb free=4491Kb
 bounds [0x0000023daece0000, 0x0000023daef50000, 0x0000023daf280000]
 total_blobs=1746 nmethods=801 adapters=456
 compilation: enabled
              stopped_count=0, restarted_count=0
 full_count=0

Compilation events (20 events):
Event: 0.859 Thread 0x0000023dc27fa000 nmethod 790 0x0000023daf3d2710 code [0x0000023daf3d28e0, 0x0000023daf3d2d20]
Event: 0.859 Thread 0x0000023dc27fa000  791       3       java.lang.invoke.LambdaForm::lastUseIndex (76 bytes)
Event: 0.860 Thread 0x0000023dc27fa000 nmethod 791 0x0000023daf3d2f10 code [0x0000023daf3d30e0, 0x0000023daf3d3470]
Event: 0.860 Thread 0x0000023dc27fa000  792   !   3       java.lang.invoke.MemberName::getFieldType (177 bytes)
Event: 0.861 Thread 0x0000023dc27fa000 nmethod 792 0x0000023daf3d3610 code [0x0000023daf3d3960, 0x0000023daf3d5260]
Event: 0.861 Thread 0x0000023dc27fa000  794       3       java.lang.invoke.LambdaForm$Name::internArguments (59 bytes)
Event: 0.862 Thread 0x0000023dc27fa000 nmethod 794 0x0000023daf3d5a10 code [0x0000023daf3d5c00, 0x0000023daf3d63b0]
Event: 0.862 Thread 0x0000023dc27fa000  793       3       jdk.internal.org.objectweb.asm.Frame::pop (44 bytes)
Event: 0.862 Thread 0x0000023dc27fa000 nmethod 793 0x0000023daf3d6590 code [0x0000023daf3d6740, 0x0000023daf3d6938]
Event: 0.862 Thread 0x0000023dc27fa000  795       3       jdk.internal.org.objectweb.asm.Frame::setLocal (65 bytes)
Event: 0.862 Thread 0x0000023dc27fa000 nmethod 795 0x0000023daf3d6a10 code [0x0000023daf3d6be0, 0x0000023daf3d71b0]
Event: 0.862 Thread 0x0000023dc27fa000  796       3       java.lang.invoke.LambdaFormBuffer::ownedCount (7 bytes)
Event: 0.863 Thread 0x0000023dc27fa000 nmethod 796 0x0000023daf3d7390 code [0x0000023daf3d7520, 0x0000023daf3d7698]
Event: 0.868 Thread 0x0000023dc27fa000  799 %     3       sun.awt.image.PNGImageDecoder::update_crc @ 3 (41 bytes)
Event: 0.868 Thread 0x0000023dc27fa000 nmethod 799% 0x0000023daf3d7710 code [0x0000023daf3d78c0, 0x0000023daf3d7b78]
Event: 0.868 Thread 0x0000023dc27fa000  800       3       sun.awt.image.PNGImageDecoder::update_crc (41 bytes)
Event: 0.869 Thread 0x0000023dc27fa000 nmethod 800 0x0000023daf3d7d10 code [0x0000023daf3d7ec0, 0x0000023daf3d8118]
Event: 0.869 Thread 0x0000023dc27f4800  801 %     4       sun.awt.image.PNGImageDecoder::update_crc @ 3 (41 bytes)
Event: 0.872 Thread 0x0000023dc27fa000  802   !   3       sun.awt.image.PNGImageDecoder::produceImage (1917 bytes)
Event: 0.881 Thread 0x0000023dc27f4800 nmethod 801% 0x0000023db67ec010 code [0x0000023db67ec1a0, 0x0000023db67ec458]

GC Heap History (4 events):
Event: 0.724 GC heap before
{Heap before GC invocations=0 (full 0):
 garbage-first heap   total 65536K, used 7168K [0x00000000c1600000, 0x0000000100000000)
  region size 1024K, 8 young (8192K), 0 survivors (0K)
 Metaspace       used 7771K, capacity 7981K, committed 8064K, reserved 1062912K
  class space    used 967K, capacity 1075K, committed 1152K, reserved 1048576K
}
Event: 0.743 GC heap after
{Heap after GC invocations=1 (full 0):
 garbage-first heap   total 65536K, used 3555K [0x00000000c1600000, 0x0000000100000000)
  region size 1024K, 2 young (2048K), 2 survivors (2048K)
 Metaspace       used 7771K, capacity 7981K, committed 8064K, reserved 1062912K
  class space    used 967K, capacity 1075K, committed 1152K, reserved 1048576K
}
Event: 0.872 GC heap before
{Heap before GC invocations=2 (full 0):
 garbage-first heap   total 17408K, used 5603K [0x00000000c1600000, 0x0000000100000000)
  region size 1024K, 6 young (6144K), 2 survivors (2048K)
 Metaspace       used 9126K, capacity 9425K, committed 9600K, reserved 1062912K
  class space    used 1150K, capacity 1281K, committed 1408K, reserved 1048576K
}
Event: 0.880 GC heap after
{Heap after GC invocations=3 (full 0):
 garbage-first heap   total 17408K, used 4262K [0x00000000c1600000, 0x0000000100000000)
  region size 1024K, 3 young (3072K), 3 survivors (3072K)
 Metaspace       used 9126K, capacity 9425K, committed 9600K, reserved 1062912K
  class space    used 1150K, capacity 1281K, committed 1408K, reserved 1048576K
}

Deoptimization events (20 events):
Event: 0.871 Thread 0x0000023dc36f6000 DEOPT PACKING pc=0x0000023daf3d7a9f sp=0x0000009234cfef80
Event: 0.871 Thread 0x0000023dc36f6000 DEOPT UNPACKING pc=0x0000023daed2964e sp=0x0000009234cfe450 mode 0
Event: 0.871 Thread 0x0000023dc36f6000 DEOPT PACKING pc=0x0000023daf3d7a9f sp=0x0000009234cfef80
Event: 0.871 Thread 0x0000023dc36f6000 DEOPT UNPACKING pc=0x0000023daed2964e sp=0x0000009234cfe450 mode 0
Event: 0.871 Thread 0x0000023dc36f6000 DEOPT PACKING pc=0x0000023daf3d7a9f sp=0x0000009234cfef80
Event: 0.871 Thread 0x0000023dc36f6000 DEOPT UNPACKING pc=0x0000023daed2964e sp=0x0000009234cfe450 mode 0
Event: 0.871 Thread 0x0000023dc36f6000 DEOPT PACKING pc=0x0000023daf3d7a9f sp=0x0000009234cfef80
Event: 0.871 Thread 0x0000023dc36f6000 DEOPT UNPACKING pc=0x0000023daed2964e sp=0x0000009234cfe450 mode 0
Event: 0.871 Thread 0x0000023dc36f6000 DEOPT PACKING pc=0x0000023daf3d7a9f sp=0x0000009234cfef80
Event: 0.871 Thread 0x0000023dc36f6000 DEOPT UNPACKING pc=0x0000023daed2964e sp=0x0000009234cfe450 mode 0
Event: 0.871 Thread 0x0000023dc36f6000 DEOPT PACKING pc=0x0000023daf3d7a9f sp=0x0000009234cfef80
Event: 0.871 Thread 0x0000023dc36f6000 DEOPT UNPACKING pc=0x0000023daed2964e sp=0x0000009234cfe450 mode 0
Event: 0.871 Thread 0x0000023dc36f6000 DEOPT PACKING pc=0x0000023daf3d7a9f sp=0x0000009234cfef80
Event: 0.871 Thread 0x0000023dc36f6000 DEOPT UNPACKING pc=0x0000023daed2964e sp=0x0000009234cfe450 mode 0
Event: 0.871 Thread 0x0000023dc36f6000 DEOPT PACKING pc=0x0000023daf3d7a9f sp=0x0000009234cfef80
Event: 0.871 Thread 0x0000023dc36f6000 DEOPT UNPACKING pc=0x0000023daed2964e sp=0x0000009234cfe450 mode 0
Event: 0.871 Thread 0x0000023dc36f6000 DEOPT PACKING pc=0x0000023daf3d7a9f sp=0x0000009234cfef80
Event: 0.871 Thread 0x0000023dc36f6000 DEOPT UNPACKING pc=0x0000023daed2964e sp=0x0000009234cfe450 mode 0
Event: 0.871 Thread 0x0000023dc36f6000 DEOPT PACKING pc=0x0000023daf3d7a9f sp=0x0000009234cfef80
Event: 0.871 Thread 0x0000023dc36f6000 DEOPT UNPACKING pc=0x0000023daed2964e sp=0x0000009234cfe450 mode 0

Classes unloaded (0 events):
No events

Classes redefined (0 events):
No events

Internal exceptions (13 events):
Event: 0.229 Thread 0x0000023da67e1800 Exception <a 'java/lang/ClassNotFoundException'{0x00000000c5305a88}: sun/awt/resources/spi/awtProvider> (0x00000000c5305a88) 
thrown [t:/workspace/open/src/hotspot/share/classfile/systemDictionary.cpp, line 232]
Event: 0.277 Thread 0x0000023da67e1800 Exception <a 'java/io/FileNotFoundException'{0x00000000c535cb80}> (0x00000000c535cb80) 
thrown [t:/workspace/open/src/hotspot/share/prims/jni.cpp, line 598]
Event: 0.289 Thread 0x0000023da67e1800 Exception <a 'java/io/FileNotFoundException'{0x00000000c5383160}> (0x00000000c5383160) 
thrown [t:/workspace/open/src/hotspot/share/prims/jni.cpp, line 598]
Event: 0.394 Thread 0x0000023dc3619800 Exception <a 'java/lang/NoSuchMethodError'{0x00000000c514d1f0}: 'void java.lang.invoke.DirectMethodHandle$Holder.invokeSpecial(java.lang.Object, java.lang.Object)'> (0x00000000c514d1f0) 
thrown [t:/workspace/open/src/hotspot/share/interpreter/linkResolver.cpp, line 767]
Event: 0.480 Thread 0x0000023dc3627000 Exception <a 'java/lang/NoSuchMethodError'{0x00000000c504a928}: 'java.lang.Object java.lang.invoke.DirectMethodHandle$Holder.invokeStatic(java.lang.Object, int, java.lang.Object, java.lang.Object, java.lang.Object, java.lang.Object)'> (0x00000000c504a928) 
thrown [t:/workspace/open/src/hotspot/share/interpreter/linkResolver.cpp, line 767]
Event: 0.481 Thread 0x0000023dc3627000 Exception <a 'java/lang/NoSuchMethodError'{0x00000000c5051288}: 'java.lang.Object java.lang.invoke.DirectMethodHandle$Holder.invokeStatic(java.lang.Object, int, java.lang.Object, java.lang.Object, java.lang.Object)'> (0x00000000c5051288) 
thrown [t:/workspace/open/src/hotspot/share/interpreter/linkResolver.cpp, line 767]
Event: 0.481 Thread 0x0000023dc3627000 Exception <a 'java/lang/NoSuchMethodError'{0x00000000c5054af0}: 'java.lang.Object java.lang.invoke.DirectMethodHandle$Holder.invokeSpecial(java.lang.Object, java.lang.Object, int, java.lang.Object, java.lang.Object, java.lang.Object)'> (0x00000000c5054af0) 
thrown [t:/workspace/open/src/hotspot/share/interpreter/linkResolver.cpp, line 767]
Event: 0.485 Thread 0x0000023dc3627000 Exception <a 'java/lang/NoSuchMethodError'{0x00000000c506ae18}: 'java.lang.Object java.lang.invoke.DirectMethodHandle$Holder.invokeStatic(java.lang.Object, int, java.lang.Object)'> (0x00000000c506ae18) 
thrown [t:/workspace/open/src/hotspot/share/interpreter/linkResolver.cpp, line 767]
Event: 0.517 Thread 0x0000023dc3627000 Exception <a 'java/lang/ClassNotFoundException'{0x00000000c4f0e560}: com/sun/swing/internal/plaf/metal/resources/spi/metalProvider> (0x00000000c4f0e560) 
thrown [t:/workspace/open/src/hotspot/share/classfile/systemDictionary.cpp, line 232]
Event: 0.519 Thread 0x0000023dc3627000 Exception <a 'java/lang/ClassNotFoundException'{0x00000000c4f12608}: com/sun/swing/internal/plaf/basic/resources/spi/basicProvider> (0x00000000c4f12608) 
thrown [t:/workspace/open/src/hotspot/share/classfile/systemDictionary.cpp, line 232]
Event: 0.562 Thread 0x0000023dc3627000 Exception <a 'java/net/UnknownHostException'{0x00000000c4f496f0}> (0x00000000c4f496f0) 
thrown [t:/workspace/open/src/hotspot/share/prims/jni.cpp, line 598]
Event: 0.818 Thread 0x0000023dc3627000 Exception <a 'java/lang/NoSuchMethodError'{0x00000000c5555778}: 'void java.lang.invoke.DirectMethodHandle$Holder.invokeStaticInit(java.lang.Object)'> (0x00000000c5555778) 
thrown [t:/workspace/open/src/hotspot/share/interpreter/linkResolver.cpp, line 767]
Event: 0.863 Thread 0x0000023dc3627000 Exception <a 'java/lang/NoSuchMethodError'{0x00000000c22c1fa0}: 'java.lang.Object java.lang.invoke.Invokers$Holder.linkToTargetMethod(java.lang.Object, int, java.lang.Object)'> (0x00000000c22c1fa0) 
thrown [t:/workspace/open/src/hotspot/share/interpreter/linkResolver.cpp, line 767]

Events (20 events):
Event: 0.856 loading class sun/awt/FontConfiguration$2 done
Event: 0.856 loading class sun/awt/windows/WingDings
Event: 0.856 loading class sun/awt/windows/WingDings done
Event: 0.857 loading class sun/awt/windows/WingDings$Encoder
Event: 0.857 loading class sun/awt/windows/WingDings$Encoder done
Event: 0.857 loading class sun/awt/Symbol
Event: 0.857 loading class sun/awt/Symbol done
Event: 0.857 loading class sun/awt/Symbol$Encoder
Event: 0.857 loading class sun/awt/Symbol$Encoder done
Event: 0.858 Executing VM operation: RevokeBias
Event: 0.858 Executing VM operation: RevokeBias done
Event: 0.863 Executing VM operation: RevokeBias
Event: 0.863 Executing VM operation: RevokeBias done
Event: 0.865 Executing VM operation: RevokeBias
Event: 0.865 Executing VM operation: RevokeBias done
Event: 0.872 Executing VM operation: RevokeBias
Event: 0.872 Executing VM operation: RevokeBias done
Event: 0.872 Executing VM operation: G1CollectForAllocation
Event: 0.880 Executing VM operation: G1CollectForAllocation done
Event: 0.881 Executing VM operation: RevokeBias


Dynamic libraries:
0x00007ff6c4b70000 - 0x00007ff6c4b7f000 	C:\Program Files\Java\jdk-13.0.2\bin\javaw.exe
0x00007ff81e8a0000 - 0x00007ff81ea90000 	C:\Windows\SYSTEM32\ntdll.dll
0x00007ff81d5d0000 - 0x00007ff81d682000 	C:\Windows\System32\KERNEL32.DLL
0x00007ff81bb50000 - 0x00007ff81bdf5000 	C:\Windows\System32\KERNELBASE.dll
0x00007ff81bf80000 - 0x00007ff81c07a000 	C:\Windows\System32\ucrtbase.dll
0x00007fffff510000 - 0x00007fffff528000 	C:\Program Files\Java\jdk-13.0.2\bin\jli.dll
0x00007ff81d140000 - 0x00007ff81d1e3000 	C:\Windows\System32\ADVAPI32.dll
0x00007ff81e6e0000 - 0x00007ff81e77e000 	C:\Windows\System32\msvcrt.dll
0x00007ff81e610000 - 0x00007ff81e6a7000 	C:\Windows\System32\sechost.dll
0x00007ff81ccd0000 - 0x00007ff81cdef000 	C:\Windows\System32\RPCRT4.dll
0x00007ff81d2d0000 - 0x00007ff81d464000 	C:\Windows\System32\USER32.dll
0x00007ff81c110000 - 0x00007ff81c131000 	C:\Windows\System32\win32u.dll
0x00007ff802ba0000 - 0x00007ff802bb5000 	C:\Program Files\Java\jdk-13.0.2\bin\VCRUNTIME140.dll
0x00007ff81d220000 - 0x00007ff81d246000 	C:\Windows\System32\GDI32.dll
0x00007ff81b9b0000 - 0x00007ff81bb48000 	C:\Windows\System32\gdi32full.dll
0x00007ff81b7e0000 - 0x00007ff81b87e000 	C:\Windows\System32\msvcp_win.dll
0x00007ff809e80000 - 0x00007ff80a104000 	C:\Windows\WinSxS\amd64_microsoft.windows.common-controls_6595b64144ccf1df_6.0.18362.1556_none_9e7e372fe45e41d5\COMCTL32.dll
0x00007ff81cdf0000 - 0x00007ff81d126000 	C:\Windows\System32\combase.dll
0x00007ff81c080000 - 0x00007ff81c101000 	C:\Windows\System32\bcryptPrimitives.dll
0x00007ff80bd20000 - 0x00007ff80bd2a000 	C:\Windows\SYSTEM32\VERSION.dll
0x00007ff81e6b0000 - 0x00007ff81e6de000 	C:\Windows\System32\IMM32.DLL
0x00007ffff2bf0000 - 0x00007ffff2c8b000 	C:\Program Files\Java\jdk-13.0.2\bin\msvcp140.dll
0x00007fffd5a50000 - 0x00007fffd65ad000 	C:\Program Files\Java\jdk-13.0.2\bin\server\jvm.dll
0x00007ff81c920000 - 0x00007ff81c928000 	C:\Windows\System32\PSAPI.DLL
0x00007ff814a20000 - 0x00007ff814a29000 	C:\Windows\SYSTEM32\WSOCK32.dll
0x00007ff81dd80000 - 0x00007ff81ddef000 	C:\Windows\System32\WS2_32.dll
0x00007ff8182c0000 - 0x00007ff8182e4000 	C:\Windows\SYSTEM32\WINMM.dll
0x00007ff818290000 - 0x00007ff8182bd000 	C:\Windows\SYSTEM32\winmmbase.dll
0x00007ff81b880000 - 0x00007ff81b8ca000 	C:\Windows\System32\cfgmgr32.dll
0x00007ff81b7a0000 - 0x00007ff81b7b1000 	C:\Windows\System32\kernel.appcore.dll
0x00007ff814930000 - 0x00007ff814940000 	C:\Program Files\Java\jdk-13.0.2\bin\verify.dll
0x00007ff809c80000 - 0x00007ff809e74000 	C:\Windows\SYSTEM32\DBGHELP.DLL
0x00007ff80aee0000 - 0x00007ff80af0a000 	C:\Windows\SYSTEM32\dbgcore.DLL
0x00007ffff8750000 - 0x00007ffff8776000 	C:\Program Files\Java\jdk-13.0.2\bin\java.dll
0x00007ffff83b0000 - 0x00007ffff83c7000 	C:\Program Files\Java\jdk-13.0.2\bin\zip.dll
0x00007ff812970000 - 0x00007ff81297a000 	C:\Program Files\Java\jdk-13.0.2\bin\jimage.dll
0x00007ff81d690000 - 0x00007ff81dd77000 	C:\Windows\System32\SHELL32.dll
0x00007ff81e560000 - 0x00007ff81e608000 	C:\Windows\System32\shcore.dll
0x00007ff81c1a0000 - 0x00007ff81c91b000 	C:\Windows\System32\windows.storage.dll
0x00007ff81b7c0000 - 0x00007ff81b7de000 	C:\Windows\System32\profapi.dll
0x00007ff81b750000 - 0x00007ff81b79a000 	C:\Windows\System32\powrprof.dll
0x00007ff81b720000 - 0x00007ff81b730000 	C:\Windows\System32\UMPDC.dll
0x00007ff81c930000 - 0x00007ff81c982000 	C:\Windows\System32\shlwapi.dll
0x00007ff81bf60000 - 0x00007ff81bf77000 	C:\Windows\System32\cryptsp.dll
0x00007ffff7680000 - 0x00007ffff7699000 	C:\Program Files\Java\jdk-13.0.2\bin\net.dll
0x00007ff8113a0000 - 0x00007ff81149a000 	C:\Windows\SYSTEM32\WINHTTP.dll
0x00007ff81af60000 - 0x00007ff81afc7000 	C:\Windows\system32\mswsock.dll
0x00007ffff7250000 - 0x00007ffff7263000 	C:\Program Files\Java\jdk-13.0.2\bin\nio.dll
0x00007fffe0f00000 - 0x00007fffe1099000 	C:\Program Files\Java\jdk-13.0.2\bin\awt.dll
0x00007ff81cad0000 - 0x00007ff81cb95000 	C:\Windows\System32\OLEAUT32.dll
0x00007ff8197b0000 - 0x00007ff81983f000 	C:\Windows\SYSTEM32\apphelp.dll
0x00007ff819970000 - 0x00007ff819a09000 	C:\Windows\system32\uxtheme.dll
0x00007ff81c990000 - 0x00007ff81cac5000 	C:\Windows\System32\MSCTF.dll
0x00007ff81d470000 - 0x00007ff81d5c7000 	C:\Windows\System32\ole32.dll
0x00007ff819d90000 - 0x00007ff819dbd000 	C:\Windows\system32\DWMAPI.DLL
0x00007fffe3180000 - 0x00007fffe32d6000 	C:\Windows\system32\opengl32.dll
0x00007ffff2e80000 - 0x00007ffff2eac000 	C:\Windows\SYSTEM32\GLU32.dll
0x00007ff81a360000 - 0x00007ff81a380000 	C:\Windows\SYSTEM32\dxcore.dll
0x00007ff81acb0000 - 0x00007ff81ad7b000 	C:\Windows\SYSTEM32\DNSAPI.dll
0x00007ff81d130000 - 0x00007ff81d138000 	C:\Windows\System32\NSI.dll
0x00007ff81ac70000 - 0x00007ff81acaa000 	C:\Windows\SYSTEM32\IPHLPAPI.DLL
0x00007ff810bd0000 - 0x00007ff810bda000 	C:\Windows\System32\rasadhlp.dll
0x00007fffe9db0000 - 0x00007fffe9e32000 	C:\Program Files\Java\jdk-13.0.2\bin\freetype.dll
0x00007fffe0e50000 - 0x00007fffe0ef6000 	C:\Program Files\Java\jdk-13.0.2\bin\fontmanager.dll

dbghelp: loaded successfully - version: 4.0.5 - missing functions: none
symbol engine: initialized successfully - sym options: 0x614 - pdb path: .;C:\Program Files\Java\jdk-13.0.2\bin;C:\Windows\SYSTEM32;C:\Windows\WinSxS\amd64_microsoft.windows.common-controls_6595b64144ccf1df_6.0.18362.1556_none_9e7e372fe45e41d5;C:\Program Files\Java\jdk-13.0.2\bin\server

VM Arguments:
jvm_args: -Dfile.encoding=Cp1252 
java_command: Application.Home
java_class_path (initial): C:\Users\User\Desktop\Programmes\Java\Workspace\DriveOperations\target\classes;C:\Users\User\Desktop\Libraries\jgoodies-common-1.8.0.jar;C:\Users\User\Desktop\Libraries\jgoodies-forms-1.8.0.jar;C:\Users\User\Desktop\Libraries\miglayout15-swing.jar;C:\Users\User\Downloads\javax.mail.jar;C:\Users\User\Downloads\activation-1.1.1.jar;C:\Users\User\Downloads\jcalendar-1.4.jar;C:\Users\User\Downloads\jfreechart-1.0.19\lib\jcommon-1.0.23.jar;C:\Users\User\Downloads\jfreechart-1.0.19\lib\jfreechart-1.0.19.jar;C:\Users\User\Downloads\commons-net-3.8.0\commons-net-3.8.0.jar;C:\Users\User\Documents\Libs\comm-2.0.jar;C:\Users\User\Documents\Libs\http-2.2.1.jar;C:\Users\User\Documents\Libs\mysql-connector-java-5.1.45.jar;C:\Users\User\Downloads\JTattoo-1.6.13.jar;C:\Users\User\Desktop\Libs\jmespath-java-1.11.470.jar;C:\Users\User\Desktop\Libs\aws-java-sdk-core-1.12.65.jar;C:\Users\User\Desktop\Libs\aws-java-sdk-kms-1.12.65.jar;C:\Users\User\Desktop\Libs\aws-java-sdk-s3-1.12.65.jar;C:\Users\User\Desktop\Libs\commons-codec-1.15.jar;C:\Users\User\Desktop\Libs\commons-logging-1.1.3.jar;C:\Users\User\Desktop\Libs\httpclient-4.5.13.jar;C:\Users\User\Desktop\Libs\ion-java-1.0.2.jar;C:\Users\User\Desktop\Libs\jackson-annotations-2.12.3.jar;C:\Users\User\Desktop\Libs\jackson-core-2.12.3.jar;C:\Users\User\Desktop\Libs\jackson-databind-2.12.3.jar;C:\Users\User\Desktop\Libs\jackson-dataformat-cbor-2.12.3.jar;C:\Users\User\Desktop\Libs\jmespath-java-1.12.65.jar;C:\Users\User\Desktop\Libs\joda-time-2.8.1.jar;C:\Users\User\.m2\repository\com\amazonaws\aws-java-sdk-s3\1.12.65\aws-java-sdk-s3-1.12.65.jar;C:\Users\User\.m2\repository\com\amazonaws\aws-java-sdk-kms\1.12.65\aws-java-sdk-kms-1.12.65.jar;C:\Users\User\.m2\repository\com\amazonaws\aws-java-sdk-core\1.12.65\aws-java-sdk-core-1.12.65.jar;C:\Users\User\.m2\repository\commons-logging\commons-logging\1.1.3\commons-logging-1.1.3.jar;C:\Users\User\.m2\repository\commons-codec\commons-codec\1.15\commons-codec-1.15
Launcher Type: SUN_STANDARD

[Global flags]
     intx CICompilerCount                          = 3                                         {product} {ergonomic}
     uint ConcGCThreads                            = 1                                         {product} {ergonomic}
     uint G1ConcRefinementThreads                  = 4                                         {product} {ergonomic}
   size_t G1HeapRegionSize                         = 1048576                                   {product} {ergonomic}
    uintx GCDrainStackTargetSize                   = 64                                        {product} {ergonomic}
   size_t InitialHeapSize                          = 67108864                                  {product} {ergonomic}
   size_t MarkStackSize                            = 4194304                                   {product} {ergonomic}
   size_t MaxHeapSize                              = 1050673152                                {product} {ergonomic}
   size_t MaxNewSize                               = 630194176                                 {product} {ergonomic}
   size_t MinHeapDeltaBytes                        = 1048576                                   {product} {ergonomic}
   size_t MinHeapSize                              = 8388608                                   {product} {ergonomic}
    uintx NonNMethodCodeHeapSize                   = 5832780                                {pd product} {ergonomic}
    uintx NonProfiledCodeHeapSize                  = 122912730                              {pd product} {ergonomic}
    uintx ProfiledCodeHeapSize                     = 122912730                              {pd product} {ergonomic}
    uintx ReservedCodeCacheSize                    = 251658240                              {pd product} {ergonomic}
     bool SegmentedCodeCache                       = true                                      {product} {ergonomic}
   size_t SoftMaxHeapSize                          = 1050673152                             {manageable} {ergonomic}
     bool UseCompressedClassPointers               = true                                 {lp64_product} {ergonomic}
     bool UseCompressedOops                        = true                                 {lp64_product} {ergonomic}
     bool UseG1GC                                  = true                                      {product} {ergonomic}
     bool UseLargePagesIndividualAllocation        = false                                  {pd product} {ergonomic}

Logging:
Log output configuration:
 #0: stdout all=warning uptime,level,tags
 #1: stderr all=off uptime,level,tags

Environment Variables:
JAVA_HOME=C:\Program Files (x86)\Java\jre1.8.0_241
PATH=C:\Program Files\Java\jdk-13.0.2\bin;C:\Program Files (x86)\Common Files\Oracle\Java\javapath;C:\Windows\system32;C:\Windows;C:\Windows\System32\Wbem;C:\Windows\System32\WindowsPowerShell\v1.0\;C:\Windows\System32\OpenSSH\;C:\Program Files (x86)\apache-maven-3.8.1\bin;C:\Program Files (x86)\gradle-7.1.1\bin;C:\Users\User\AppData\Local\Microsoft\WindowsApps;C:\Users\User\AppData\Local\Programs\Microsoft VS Code\bin;C:\Program Files (x86)\gradle-7.1.1\bin;
USERNAME=User
OS=Windows_NT
PROCESSOR_IDENTIFIER=Intel64 Family 6 Model 42 Stepping 7, GenuineIntel



---------------  S Y S T E M  ---------------

OS: Windows 10 , 64 bit Build 18362 (10.0.18362.1500)

CPU:total 4 (initial active 4) (2 cores per cpu, 2 threads per core) family 6 model 42 stepping 7, cmov, cx8, fxsr, mmx, sse, sse2, sse3, ssse3, sse4.1, sse4.2, popcnt, avx, aes, clmul, ht, tsc, tscinvbit

Memory: 4k page, system-wide physical 4006M (588M free)
TotalPageFile size 16294M (AvailPageFile size 47M)
current process WorkingSet (physical memory assigned to process): 61M, peak: 61M
current process commit charge ("private bytes"): 104M, peak: 216M

vm_info: Java HotSpot(TM) 64-Bit Server VM (13.0.2+8) for windows-amd64 JRE (13.0.2+8), built on Dec 11 2019 09:20:33 by "mach5one" with unknown MS VC++:1916

END.
