#
# There is insufficient memory for the Java Runtime Environment to continue.
# Native memory allocation (malloc) failed to allocate 32744 bytes for ChunkPool::allocate
# Possible reasons:
#   The system is out of physical RAM or swap space
#   The process is running with CompressedOops enabled, and the Java Heap may be blocking the growth of the native heap
# Possible solutions:
#   Reduce memory load on the system
#   Increase physical memory or swap space
#   Check if swap backing store is full
#   Decrease Java heap size (-Xmx/-Xms)
#   Decrease number of Java threads
#   Decrease Java thread stack sizes (-Xss)
#   Set larger code cache with -XX:ReservedCodeCacheSize=
#   JVM is running with Unscaled Compressed Oops mode in which the Java heap is
#     placed in the first 4GB address space. The Java Heap base address is the
#     maximum limit for the native heap growth. Please use -XX:HeapBaseMinAddress
#     to set the Java Heap base and to place the Java Heap above 4GB virtual address.
# This output file may be truncated or incomplete.
#
#  Out of Memory Error (t:/workspace/open/src/hotspot/share/memory/arena.cpp:80), pid=11032, tid=11292
#
# JRE version: Java(TM) SE Runtime Environment (13.0.2+8) (build 13.0.2+8)
# Java VM: Java HotSpot(TM) 64-Bit Server VM (13.0.2+8, mixed mode, tiered, compressed oops, g1 gc, windows-amd64)
# No core dump will be written. Minidumps are not enabled by default on client versions of Windows
#

---------------  S U M M A R Y ------------

Command Line: -Dfile.encoding=Cp1252 Application.Home

Host: Intel(R) Core(TM) i5-2520M CPU @ 2.50GHz, 4 cores, 3G,  Windows 10 , 64 bit Build 18362 (10.0.18362.1316)
Time: Tue Mar 19 21:55:55 2019 South Africa Standard Time elapsed time: 1 seconds (0d 0h 0m 1s)

---------------  T H R E A D  ---------------

Current thread (0x0000015a5a4a1000):  JavaThread "main" [_thread_in_vm, id=11292, stack(0x0000001f69600000,0x0000001f69700000)]

Stack: [0x0000001f69600000,0x0000001f69700000]
Native frames: (J=compiled Java code, j=interpreted, Vv=VM code, C=native code)
V  [jvm.dll+0x624f9a]
V  [jvm.dll+0x770cfa]
V  [jvm.dll+0x7724af]
V  [jvm.dll+0x772ab3]
V  [jvm.dll+0x24bf08]
V  [jvm.dll+0xc2076]
V  [jvm.dll+0xc23cc]
V  [jvm.dll+0xd042a]
V  [jvm.dll+0x684e09]
V  [jvm.dll+0x684b59]
V  [jvm.dll+0x685208]
V  [jvm.dll+0x6846cb]
V  [jvm.dll+0x685194]
V  [jvm.dll+0x367b02]
V  [jvm.dll+0x6fc8d1]
V  [jvm.dll+0x755358]
V  [jvm.dll+0x75389e]
C  0x0000015a629af3b7

Java frames: (J=compiled Java code, j=interpreted, Vv=VM code)
j  jdk.internal.misc.Unsafe.defineAnonymousClass0(Ljava/lang/Class;[B[Ljava/lang/Object;)Ljava/lang/Class;+0 java.base@13.0.2
j  jdk.internal.misc.Unsafe.defineAnonymousClass(Ljava/lang/Class;[B[Ljava/lang/Object;)Ljava/lang/Class;+42 java.base@13.0.2
j  java.lang.invoke.InvokerBytecodeGenerator.loadAndInitializeInvokerClass([B[Ljava/lang/Object;)Ljava/lang/Class;+8 java.base@13.0.2
j  java.lang.invoke.InvokerBytecodeGenerator.loadMethod([B)Ljava/lang/invoke/MemberName;+6 java.base@13.0.2
j  java.lang.invoke.InvokerBytecodeGenerator.generateCustomizedCode(Ljava/lang/invoke/LambdaForm;Ljava/lang/invoke/MethodType;)Ljava/lang/invoke/MemberName;+30 java.base@13.0.2
j  java.lang.invoke.LambdaForm.compileToBytecode()V+69 java.base@13.0.2
j  java.lang.invoke.LambdaForm.prepare()V+21 java.base@13.0.2
j  java.lang.invoke.MethodHandle.<init>(Ljava/lang/invoke/MethodType;Ljava/lang/invoke/LambdaForm;)V+33 java.base@13.0.2
j  java.lang.invoke.BoundMethodHandle.<init>(Ljava/lang/invoke/MethodType;Ljava/lang/invoke/LambdaForm;)V+3 java.base@13.0.2
j  java.lang.invoke.BoundMethodHandle$Species_L.<init>(Ljava/lang/invoke/MethodType;Ljava/lang/invoke/LambdaForm;Ljava/lang/Object;)V+3 java.base@13.0.2
j  java.lang.invoke.BoundMethodHandle$Species_L.copyWith(Ljava/lang/invoke/MethodType;Ljava/lang/invoke/LambdaForm;)Ljava/lang/invoke/BoundMethodHandle;+10 java.base@13.0.2
j  java.lang.invoke.MethodHandles.dropArguments0(Ljava/lang/invoke/MethodHandle;ILjava/util/List;)Ljava/lang/invoke/MethodHandle;+105 java.base@13.0.2
j  java.lang.invoke.MethodHandles.dropArguments(Ljava/lang/invoke/MethodHandle;I[Ljava/lang/Class;)Ljava/lang/invoke/MethodHandle;+6 java.base@13.0.2
j  java.lang.invoke.StringConcatFactory$MethodHandleInlineCopyStrategy.generate(Ljava/lang/invoke/MethodType;Ljava/lang/invoke/StringConcatFactory$Recipe;)Ljava/lang/invoke/MethodHandle;+318 java.base@13.0.2
j  java.lang.invoke.StringConcatFactory.generate(Ljava/lang/invoke/MethodHandles$Lookup;Ljava/lang/String;Ljava/lang/invoke/MethodType;Ljava/lang/invoke/StringConcatFactory$Recipe;)Ljava/lang/invoke/MethodHandle;+101 java.base@13.0.2
j  java.lang.invoke.StringConcatFactory.doStringConcat(Ljava/lang/invoke/MethodHandles$Lookup;Ljava/lang/String;Ljava/lang/invoke/MethodType;ZLjava/lang/String;[Ljava/lang/Object;)Ljava/lang/invoke/CallSite;+507 java.base@13.0.2
j  java.lang.invoke.StringConcatFactory.makeConcatWithConstants(Ljava/lang/invoke/MethodHandles$Lookup;Ljava/lang/String;Ljava/lang/invoke/MethodType;Ljava/lang/String;[Ljava/lang/Object;)Ljava/lang/invoke/CallSite;+71 java.base@13.0.2
j  java.lang.invoke.DirectMethodHandle$Holder.invokeStatic(Ljava/lang/Object;Ljava/lang/Object;Ljava/lang/Object;Ljava/lang/Object;Ljava/lang/Object;Ljava/lang/Object;)Ljava/lang/Object;+18 java.base@13.0.2
j  java.lang.invoke.DelegatingMethodHandle$Holder.delegate(Ljava/lang/Object;Ljava/lang/Object;Ljava/lang/Object;Ljava/lang/Object;Ljava/lang/Object;Ljava/lang/Object;)Ljava/lang/Object;+21 java.base@13.0.2
j  java.lang.invoke.Invokers$Holder.invokeExact_MT(Ljava/lang/Object;Ljava/lang/Object;Ljava/lang/Object;Ljava/lang/Object;Ljava/lang/Object;Ljava/lang/Object;Ljava/lang/Object;)Ljava/lang/Object;+26 java.base@13.0.2
j  java.lang.invoke.BootstrapMethodInvoker.invoke(Ljava/lang/Class;Ljava/lang/invoke/MethodHandle;Ljava/lang/String;Ljava/lang/Object;Ljava/lang/Object;Ljava/lang/Class;)Ljava/lang/Object;+134 java.base@13.0.2
j  java.lang.invoke.CallSite.makeSite(Ljava/lang/invoke/MethodHandle;Ljava/lang/String;Ljava/lang/invoke/MethodType;Ljava/lang/Object;Ljava/lang/Class;)Ljava/lang/invoke/CallSite;+8 java.base@13.0.2
j  java.lang.invoke.MethodHandleNatives.linkCallSiteImpl(Ljava/lang/Class;Ljava/lang/invoke/MethodHandle;Ljava/lang/String;Ljava/lang/invoke/MethodType;Ljava/lang/Object;[Ljava/lang/Object;)Ljava/lang/invoke/MemberName;+6 java.base@13.0.2
j  java.lang.invoke.MethodHandleNatives.linkCallSite(Ljava/lang/Object;ILjava/lang/Object;Ljava/lang/Object;Ljava/lang/Object;Ljava/lang/Object;[Ljava/lang/Object;)Ljava/lang/invoke/MemberName;+46 java.base@13.0.2
v  ~StubRoutines::call_stub
j  java.awt.Toolkit$1.run()Ljava/lang/String;+74 java.desktop@13.0.2
j  java.awt.Toolkit$1.run()Ljava/lang/Object;+1 java.desktop@13.0.2
j  java.security.AccessController.executePrivileged(Ljava/security/PrivilegedAction;Ljava/security/AccessControlContext;Ljava/lang/Class;)Ljava/lang/Object;+29 java.base@13.0.2
j  java.security.AccessController.doPrivileged(Ljava/security/PrivilegedAction;)Ljava/lang/Object;+5 java.base@13.0.2
j  java.awt.Toolkit.initAssistiveTechnologies()V+21 java.desktop@13.0.2
j  java.awt.Toolkit.<clinit>()V+44 java.desktop@13.0.2
v  ~StubRoutines::call_stub
j  java.awt.EventQueue.invokeLater(Ljava/lang/Runnable;)V+0 java.desktop@13.0.2
j  Application.Home.main([Ljava/lang/String;)V+7
v  ~StubRoutines::call_stub

---------------  P R O C E S S  ---------------

Threads class SMR info:
_java_thread_list=0x0000015a76fbceb0, length=10, elements={
0x0000015a5a4a1000, 0x0000015a764e8800, 0x0000015a764f6000, 0x0000015a7652e800,
0x0000015a7652f000, 0x0000015a76532000, 0x0000015a76536800, 0x0000015a76539800,
0x0000015a76fbe000, 0x0000015a76ff4800
}

Java Threads: ( => current thread )
=>0x0000015a5a4a1000 JavaThread "main" [_thread_in_vm, id=11292, stack(0x0000001f69600000,0x0000001f69700000)]
  0x0000015a764e8800 JavaThread "Reference Handler" daemon [_thread_blocked, id=3320, stack(0x0000001f69d00000,0x0000001f69e00000)]
  0x0000015a764f6000 JavaThread "Finalizer" daemon [_thread_blocked, id=9768, stack(0x0000001f69e00000,0x0000001f69f00000)]
  0x0000015a7652e800 JavaThread "Signal Dispatcher" daemon [_thread_blocked, id=10236, stack(0x0000001f69f00000,0x0000001f6a000000)]
  0x0000015a7652f000 JavaThread "Attach Listener" daemon [_thread_blocked, id=12464, stack(0x0000001f6a000000,0x0000001f6a100000)]
  0x0000015a76532000 JavaThread "C2 CompilerThread0" daemon [_thread_blocked, id=12120, stack(0x0000001f6a100000,0x0000001f6a200000)]
  0x0000015a76536800 JavaThread "C1 CompilerThread0" daemon [_thread_blocked, id=11480, stack(0x0000001f6a200000,0x0000001f6a300000)]
  0x0000015a76539800 JavaThread "Sweeper thread" daemon [_thread_blocked, id=13032, stack(0x0000001f6a300000,0x0000001f6a400000)]
  0x0000015a76fbe000 JavaThread "Service Thread" daemon [_thread_blocked, id=8540, stack(0x0000001f6a400000,0x0000001f6a500000)]
  0x0000015a76ff4800 JavaThread "Common-Cleaner" daemon [_thread_blocked, id=3784, stack(0x0000001f6a600000,0x0000001f6a700000)]

Other Threads:
  0x0000015a764d4800 VMThread "VM Thread" [stack: 0x0000001f69c00000,0x0000001f69d00000] [id=5860]
  0x0000015a76fe2000 WatcherThread [stack: 0x0000001f6a500000,0x0000001f6a600000] [id=12232]
  0x0000015a5a4d1000 GCTaskThread "GC Thread#0" [stack: 0x0000001f69700000,0x0000001f69800000] [id=12000]
  0x0000015a5a4db000 ConcurrentGCThread "G1 Main Marker" [stack: 0x0000001f69800000,0x0000001f69900000] [id=10984]
  0x0000015a5a4e0800 ConcurrentGCThread "G1 Conc#0" [stack: 0x0000001f69900000,0x0000001f69a00000] [id=11700]
  0x0000015a5a532000 ConcurrentGCThread "G1 Refine#0" [stack: 0x0000001f69a00000,0x0000001f69b00000] [id=11948]
  0x0000015a5a534800 ConcurrentGCThread "G1 Young RemSet Sampling" [stack: 0x0000001f69b00000,0x0000001f69c00000] [id=9248]

Threads with active compile tasks:

VM state:not at safepoint (normal execution)

VM Mutex/Monitor currently owned by a thread: None

Heap address: 0x00000000c1600000, size: 1002 MB, Compressed Oops mode: 32-bit
Narrow klass base: 0x0000000000000000, Narrow klass shift: 3
Compressed class space size: 1073741824 Address: 0x0000000100000000

Heap:
 garbage-first heap   total 65536K, used 2048K [0x00000000c1600000, 0x0000000100000000)
  region size 1024K, 3 young (3072K), 0 survivors (0K)
 Metaspace       used 6712K, capacity 6809K, committed 7040K, reserved 1064960K
  class space    used 580K, capacity 636K, committed 640K, reserved 1048576K
Heap Regions: E=young(eden), S=young(survivor), O=old, HS=humongous(starts), HC=humongous(continues), CS=collection set, F=free, A=archive, TAMS=top-at-mark-start (previous, next)
|   0|0x00000000c1600000, 0x00000000c1600000, 0x00000000c1700000|  0%| F|  |TAMS 0x00000000c1600000, 0x00000000c1600000| Untracked 
|   1|0x00000000c1700000, 0x00000000c1700000, 0x00000000c1800000|  0%| F|  |TAMS 0x00000000c1700000, 0x00000000c1700000| Untracked 
|   2|0x00000000c1800000, 0x00000000c1800000, 0x00000000c1900000|  0%| F|  |TAMS 0x00000000c1800000, 0x00000000c1800000| Untracked 
|   3|0x00000000c1900000, 0x00000000c1900000, 0x00000000c1a00000|  0%| F|  |TAMS 0x00000000c1900000, 0x00000000c1900000| Untracked 
|   4|0x00000000c1a00000, 0x00000000c1a00000, 0x00000000c1b00000|  0%| F|  |TAMS 0x00000000c1a00000, 0x00000000c1a00000| Untracked 
|   5|0x00000000c1b00000, 0x00000000c1b00000, 0x00000000c1c00000|  0%| F|  |TAMS 0x00000000c1b00000, 0x00000000c1b00000| Untracked 
|   6|0x00000000c1c00000, 0x00000000c1c00000, 0x00000000c1d00000|  0%| F|  |TAMS 0x00000000c1c00000, 0x00000000c1c00000| Untracked 
|   7|0x00000000c1d00000, 0x00000000c1d00000, 0x00000000c1e00000|  0%| F|  |TAMS 0x00000000c1d00000, 0x00000000c1d00000| Untracked 
|   8|0x00000000c1e00000, 0x00000000c1e00000, 0x00000000c1f00000|  0%| F|  |TAMS 0x00000000c1e00000, 0x00000000c1e00000| Untracked 
|   9|0x00000000c1f00000, 0x00000000c1f00000, 0x00000000c2000000|  0%| F|  |TAMS 0x00000000c1f00000, 0x00000000c1f00000| Untracked 
|  10|0x00000000c2000000, 0x00000000c2000000, 0x00000000c2100000|  0%| F|  |TAMS 0x00000000c2000000, 0x00000000c2000000| Untracked 
|  11|0x00000000c2100000, 0x00000000c2100000, 0x00000000c2200000|  0%| F|  |TAMS 0x00000000c2100000, 0x00000000c2100000| Untracked 
|  12|0x00000000c2200000, 0x00000000c2200000, 0x00000000c2300000|  0%| F|  |TAMS 0x00000000c2200000, 0x00000000c2200000| Untracked 
|  13|0x00000000c2300000, 0x00000000c2300000, 0x00000000c2400000|  0%| F|  |TAMS 0x00000000c2300000, 0x00000000c2300000| Untracked 
|  14|0x00000000c2400000, 0x00000000c2400000, 0x00000000c2500000|  0%| F|  |TAMS 0x00000000c2400000, 0x00000000c2400000| Untracked 
|  15|0x00000000c2500000, 0x00000000c2500000, 0x00000000c2600000|  0%| F|  |TAMS 0x00000000c2500000, 0x00000000c2500000| Untracked 
|  16|0x00000000c2600000, 0x00000000c2600000, 0x00000000c2700000|  0%| F|  |TAMS 0x00000000c2600000, 0x00000000c2600000| Untracked 
|  17|0x00000000c2700000, 0x00000000c2700000, 0x00000000c2800000|  0%| F|  |TAMS 0x00000000c2700000, 0x00000000c2700000| Untracked 
|  18|0x00000000c2800000, 0x00000000c2800000, 0x00000000c2900000|  0%| F|  |TAMS 0x00000000c2800000, 0x00000000c2800000| Untracked 
|  19|0x00000000c2900000, 0x00000000c2900000, 0x00000000c2a00000|  0%| F|  |TAMS 0x00000000c2900000, 0x00000000c2900000| Untracked 
|  20|0x00000000c2a00000, 0x00000000c2a00000, 0x00000000c2b00000|  0%| F|  |TAMS 0x00000000c2a00000, 0x00000000c2a00000| Untracked 
|  21|0x00000000c2b00000, 0x00000000c2b00000, 0x00000000c2c00000|  0%| F|  |TAMS 0x00000000c2b00000, 0x00000000c2b00000| Untracked 
|  22|0x00000000c2c00000, 0x00000000c2c00000, 0x00000000c2d00000|  0%| F|  |TAMS 0x00000000c2c00000, 0x00000000c2c00000| Untracked 
|  23|0x00000000c2d00000, 0x00000000c2d00000, 0x00000000c2e00000|  0%| F|  |TAMS 0x00000000c2d00000, 0x00000000c2d00000| Untracked 
|  24|0x00000000c2e00000, 0x00000000c2e00000, 0x00000000c2f00000|  0%| F|  |TAMS 0x00000000c2e00000, 0x00000000c2e00000| Untracked 
|  25|0x00000000c2f00000, 0x00000000c2f00000, 0x00000000c3000000|  0%| F|  |TAMS 0x00000000c2f00000, 0x00000000c2f00000| Untracked 
|  26|0x00000000c3000000, 0x00000000c3000000, 0x00000000c3100000|  0%| F|  |TAMS 0x00000000c3000000, 0x00000000c3000000| Untracked 
|  27|0x00000000c3100000, 0x00000000c3100000, 0x00000000c3200000|  0%| F|  |TAMS 0x00000000c3100000, 0x00000000c3100000| Untracked 
|  28|0x00000000c3200000, 0x00000000c3200000, 0x00000000c3300000|  0%| F|  |TAMS 0x00000000c3200000, 0x00000000c3200000| Untracked 
|  29|0x00000000c3300000, 0x00000000c3300000, 0x00000000c3400000|  0%| F|  |TAMS 0x00000000c3300000, 0x00000000c3300000| Untracked 
|  30|0x00000000c3400000, 0x00000000c3400000, 0x00000000c3500000|  0%| F|  |TAMS 0x00000000c3400000, 0x00000000c3400000| Untracked 
|  31|0x00000000c3500000, 0x00000000c3500000, 0x00000000c3600000|  0%| F|  |TAMS 0x00000000c3500000, 0x00000000c3500000| Untracked 
|  32|0x00000000c3600000, 0x00000000c3600000, 0x00000000c3700000|  0%| F|  |TAMS 0x00000000c3600000, 0x00000000c3600000| Untracked 
|  33|0x00000000c3700000, 0x00000000c3700000, 0x00000000c3800000|  0%| F|  |TAMS 0x00000000c3700000, 0x00000000c3700000| Untracked 
|  34|0x00000000c3800000, 0x00000000c3800000, 0x00000000c3900000|  0%| F|  |TAMS 0x00000000c3800000, 0x00000000c3800000| Untracked 
|  35|0x00000000c3900000, 0x00000000c3900000, 0x00000000c3a00000|  0%| F|  |TAMS 0x00000000c3900000, 0x00000000c3900000| Untracked 
|  36|0x00000000c3a00000, 0x00000000c3a00000, 0x00000000c3b00000|  0%| F|  |TAMS 0x00000000c3a00000, 0x00000000c3a00000| Untracked 
|  37|0x00000000c3b00000, 0x00000000c3b00000, 0x00000000c3c00000|  0%| F|  |TAMS 0x00000000c3b00000, 0x00000000c3b00000| Untracked 
|  38|0x00000000c3c00000, 0x00000000c3c00000, 0x00000000c3d00000|  0%| F|  |TAMS 0x00000000c3c00000, 0x00000000c3c00000| Untracked 
|  39|0x00000000c3d00000, 0x00000000c3d00000, 0x00000000c3e00000|  0%| F|  |TAMS 0x00000000c3d00000, 0x00000000c3d00000| Untracked 
|  40|0x00000000c3e00000, 0x00000000c3e00000, 0x00000000c3f00000|  0%| F|  |TAMS 0x00000000c3e00000, 0x00000000c3e00000| Untracked 
|  41|0x00000000c3f00000, 0x00000000c3f00000, 0x00000000c4000000|  0%| F|  |TAMS 0x00000000c3f00000, 0x00000000c3f00000| Untracked 
|  42|0x00000000c4000000, 0x00000000c4000000, 0x00000000c4100000|  0%| F|  |TAMS 0x00000000c4000000, 0x00000000c4000000| Untracked 
|  43|0x00000000c4100000, 0x00000000c4100000, 0x00000000c4200000|  0%| F|  |TAMS 0x00000000c4100000, 0x00000000c4100000| Untracked 
|  44|0x00000000c4200000, 0x00000000c4200000, 0x00000000c4300000|  0%| F|  |TAMS 0x00000000c4200000, 0x00000000c4200000| Untracked 
|  45|0x00000000c4300000, 0x00000000c4300000, 0x00000000c4400000|  0%| F|  |TAMS 0x00000000c4300000, 0x00000000c4300000| Untracked 
|  46|0x00000000c4400000, 0x00000000c4400000, 0x00000000c4500000|  0%| F|  |TAMS 0x00000000c4400000, 0x00000000c4400000| Untracked 
|  47|0x00000000c4500000, 0x00000000c4500000, 0x00000000c4600000|  0%| F|  |TAMS 0x00000000c4500000, 0x00000000c4500000| Untracked 
|  48|0x00000000c4600000, 0x00000000c4600000, 0x00000000c4700000|  0%| F|  |TAMS 0x00000000c4600000, 0x00000000c4600000| Untracked 
|  49|0x00000000c4700000, 0x00000000c4700000, 0x00000000c4800000|  0%| F|  |TAMS 0x00000000c4700000, 0x00000000c4700000| Untracked 
|  50|0x00000000c4800000, 0x00000000c4800000, 0x00000000c4900000|  0%| F|  |TAMS 0x00000000c4800000, 0x00000000c4800000| Untracked 
|  51|0x00000000c4900000, 0x00000000c4900000, 0x00000000c4a00000|  0%| F|  |TAMS 0x00000000c4900000, 0x00000000c4900000| Untracked 
|  52|0x00000000c4a00000, 0x00000000c4a00000, 0x00000000c4b00000|  0%| F|  |TAMS 0x00000000c4a00000, 0x00000000c4a00000| Untracked 
|  53|0x00000000c4b00000, 0x00000000c4b00000, 0x00000000c4c00000|  0%| F|  |TAMS 0x00000000c4b00000, 0x00000000c4b00000| Untracked 
|  54|0x00000000c4c00000, 0x00000000c4c00000, 0x00000000c4d00000|  0%| F|  |TAMS 0x00000000c4c00000, 0x00000000c4c00000| Untracked 
|  55|0x00000000c4d00000, 0x00000000c4d00000, 0x00000000c4e00000|  0%| F|  |TAMS 0x00000000c4d00000, 0x00000000c4d00000| Untracked 
|  56|0x00000000c4e00000, 0x00000000c4e00000, 0x00000000c4f00000|  0%| F|  |TAMS 0x00000000c4e00000, 0x00000000c4e00000| Untracked 
|  57|0x00000000c4f00000, 0x00000000c4f00000, 0x00000000c5000000|  0%| F|  |TAMS 0x00000000c4f00000, 0x00000000c4f00000| Untracked 
|  58|0x00000000c5000000, 0x00000000c5000000, 0x00000000c5100000|  0%| F|  |TAMS 0x00000000c5000000, 0x00000000c5000000| Untracked 
|  59|0x00000000c5100000, 0x00000000c5100000, 0x00000000c5200000|  0%| F|  |TAMS 0x00000000c5100000, 0x00000000c5100000| Untracked 
|  60|0x00000000c5200000, 0x00000000c5200000, 0x00000000c5300000|  0%| F|  |TAMS 0x00000000c5200000, 0x00000000c5200000| Untracked 
|  61|0x00000000c5300000, 0x00000000c53482f8, 0x00000000c5400000| 28%| E|  |TAMS 0x00000000c5300000, 0x00000000c5300000| Complete 
|  62|0x00000000c5400000, 0x00000000c5500000, 0x00000000c5500000|100%| E|CS|TAMS 0x00000000c5400000, 0x00000000c5400000| Complete 
|  63|0x00000000c5500000, 0x00000000c5600000, 0x00000000c5600000|100%| E|CS|TAMS 0x00000000c5500000, 0x00000000c5500000| Complete 

Card table byte_map: [0x0000015a71ba0000,0x0000015a71da0000] _byte_map_base: 0x0000015a71595000

Marking Bits (Prev, Next): (CMBitMap*) 0x0000015a5a4d1f98, (CMBitMap*) 0x0000015a5a4d1fd8
 Prev Bits: [0x0000015a71fa0000, 0x0000015a72f48000)
 Next Bits: [0x0000015a72f50000, 0x0000015a73ef8000)

Polling page: 0x0000015a58320000

Metaspace:

Usage:
  Non-class:      6.03 MB capacity,     5.99 MB (>99%) used,    37.26 KB ( <1%) free+waste,     3.69 KB ( <1%) overhead. 
      Class:    636.00 KB capacity,   580.05 KB ( 91%) used,    54.08 KB (  9%) free+waste,     1.88 KB ( <1%) overhead. 
       Both:      6.65 MB capacity,     6.55 MB ( 99%) used,    91.34 KB (  1%) free+waste,     5.56 KB ( <1%) overhead. 

Virtual space:
  Non-class space:       16.00 MB reserved,       6.25 MB ( 39%) committed 
      Class space:        1.00 GB reserved,     640.00 KB ( <1%) committed 
             Both:        1.02 GB reserved,       6.88 MB ( <1%) committed 

Chunk freelists:
   Non-Class:  35.00 KB
       Class:  4.00 KB
        Both:  39.00 KB

MaxMetaspaceSize: 17179869184.00 GB
CompressedClassSpaceSize: 1.00 GB

CodeHeap 'non-profiled nmethods': size=120000Kb used=77Kb max_used=77Kb free=119923Kb
 bounds [0x0000015a6a470000, 0x0000015a6a6e0000, 0x0000015a719a0000]
CodeHeap 'profiled nmethods': size=120000Kb used=344Kb max_used=344Kb free=119655Kb
 bounds [0x0000015a62f40000, 0x0000015a631b0000, 0x0000015a6a470000]
CodeHeap 'non-nmethods': size=5760Kb used=1113Kb max_used=1113Kb free=4646Kb
 bounds [0x0000015a629a0000, 0x0000015a62c10000, 0x0000015a62f40000]
 total_blobs=925 nmethods=258 adapters=256
 compilation: enabled
              stopped_count=0, restarted_count=0
 full_count=0

Compilation events (20 events):
Event: 1.340 Thread 0x0000015a76536800  244       1       java.lang.invoke.MethodTypeForm::erasedType (5 bytes)
Event: 1.340 Thread 0x0000015a76536800 nmethod 244 0x0000015a6a481f10 code [0x0000015a6a4820a0, 0x0000015a6a4821b8]
Event: 1.340 Thread 0x0000015a76536800  245       3       java.lang.reflect.Modifier::isStatic (13 bytes)
Event: 1.341 Thread 0x0000015a76536800 nmethod 245 0x0000015a62f8ad90 code [0x0000015a62f8af40, 0x0000015a62f8b0d8]
Event: 1.341 Thread 0x0000015a76536800  246       3       java.lang.invoke.MemberName::isStatic (8 bytes)
Event: 1.341 Thread 0x0000015a76536800 nmethod 246 0x0000015a62f8b190 code [0x0000015a62f8b340, 0x0000015a62f8b558]
Event: 1.341 Thread 0x0000015a76536800  247       3       java.lang.invoke.MemberName::getReferenceKind (12 bytes)
Event: 1.341 Thread 0x0000015a76536800 nmethod 247 0x0000015a62f8b610 code [0x0000015a62f8b7a0, 0x0000015a62f8b918]
Event: 1.341 Thread 0x0000015a76536800  250       3       java.lang.invoke.LambdaForm::internArgument (85 bytes)
Event: 1.342 Thread 0x0000015a76536800 nmethod 250 0x0000015a62f8b990 code [0x0000015a62f8bb80, 0x0000015a62f8bf90]
Event: 1.342 Thread 0x0000015a76536800  252       3       java.lang.invoke.MemberName::isConstructor (8 bytes)
Event: 1.342 Thread 0x0000015a76536800 nmethod 252 0x0000015a62f8c190 code [0x0000015a62f8c340, 0x0000015a62f8c5d8]
Event: 1.342 Thread 0x0000015a76536800  253       1       java.lang.invoke.LambdaForm$BasicType::basicTypeClass (5 bytes)
Event: 1.342 Thread 0x0000015a76536800 nmethod 253 0x0000015a6a482b10 code [0x0000015a6a482ca0, 0x0000015a6a482db8]
Event: 1.343 Thread 0x0000015a76536800  254       3       jdk.internal.org.objectweb.asm.Frame::execute (2305 bytes)
Event: 1.374 Thread 0x0000015a76536800 nmethod 254 0x0000015a62f8c710 code [0x0000015a62f8d480, 0x0000015a62f93ae0]
Event: 1.374 Thread 0x0000015a76536800  257       3       java.lang.invoke.LambdaForm$Name::<init> (54 bytes)
Event: 1.374 Thread 0x0000015a76536800 nmethod 257 0x0000015a62f95790 code [0x0000015a62f95940, 0x0000015a62f95c58]
Event: 1.374 Thread 0x0000015a76536800  256       3       java.util.ImmutableCollections$ListN::get (7 bytes)
Event: 1.374 Thread 0x0000015a76536800 nmethod 256 0x0000015a62f95d10 code [0x0000015a62f95ec0, 0x0000015a62f96058]

GC Heap History (0 events):
No events

Deoptimization events (4 events):
Event: 0.816 Thread 0x0000015a5a4a1000 Uncommon trap: trap_request=0xffffff45 fr.pc=0x0000015a6a474530 relative=0x0000000000000190
Event: 0.816 Thread 0x0000015a5a4a1000 Uncommon trap: reason=unstable_if action=reinterpret pc=0x0000015a6a474530 method=java.lang.String.hashCode()I @ 42 c2
Event: 0.816 Thread 0x0000015a5a4a1000 DEOPT PACKING pc=0x0000015a6a474530 sp=0x0000001f696fe310
Event: 0.816 Thread 0x0000015a5a4a1000 DEOPT UNPACKING pc=0x0000015a629e912f sp=0x0000001f696fe2a8 mode 2

Classes unloaded (0 events):
No events

Classes redefined (0 events):
No events

Internal exceptions (2 events):
Event: 1.028 Thread 0x0000015a5a4a1000 Exception <a 'java/lang/ClassNotFoundException'{0x00000000c54c9b20}: sun/awt/resources/spi/awtProvider> (0x00000000c54c9b20) 
thrown [t:/workspace/open/src/hotspot/share/classfile/systemDictionary.cpp, line 232]
Event: 1.370 Thread 0x0000015a5a4a1000 Exception <a 'java/io/FileNotFoundException'{0x00000000c5321088}> (0x00000000c5321088) 
thrown [t:/workspace/open/src/hotspot/share/prims/jni.cpp, line 598]

Events (20 events):
Event: 1.340 loading class java/lang/invoke/BoundMethodHandle$Species_LLLLLL
Event: 1.340 loading class java/lang/invoke/BoundMethodHandle$Species_LLLLLL done
Event: 1.343 loading class java/lang/invoke/BoundMethodHandle$Species_LLLLLLL
Event: 1.343 loading class java/lang/invoke/BoundMethodHandle$Species_LLLLLLL done
Event: 1.344 loading class java/util/TreeMap
Event: 1.345 loading class java/util/NavigableMap
Event: 1.345 loading class java/util/SortedMap
Event: 1.346 loading class java/util/SortedMap done
Event: 1.346 loading class java/util/NavigableMap done
Event: 1.346 loading class java/util/TreeMap done
Event: 1.347 loading class java/lang/invoke/LambdaFormEditor$1
Event: 1.347 loading class java/lang/invoke/LambdaFormEditor$1 done
Event: 1.347 loading class java/util/TreeMap$Entry
Event: 1.348 loading class java/util/TreeMap$Entry done
Event: 1.348 loading class java/util/TreeMap$EntrySet
Event: 1.348 loading class java/util/TreeMap$EntrySet done
Event: 1.349 loading class java/util/TreeMap$EntryIterator
Event: 1.349 loading class java/util/TreeMap$PrivateEntryIterator
Event: 1.349 loading class java/util/TreeMap$PrivateEntryIterator done
Event: 1.349 loading class java/util/TreeMap$EntryIterator done


Dynamic libraries:
0x00007ff6877b0000 - 0x00007ff6877bf000 	C:\Program Files\Java\jdk-13.0.2\bin\javaw.exe
0x00007ffb2d8c0000 - 0x00007ffb2dab0000 	C:\Windows\SYSTEM32\ntdll.dll
0x00007ffb2d3a0000 - 0x00007ffb2d452000 	C:\Windows\System32\KERNEL32.DLL
0x00007ffb2b220000 - 0x00007ffb2b4c5000 	C:\Windows\System32\KERNELBASE.dll
0x00007ffb2b840000 - 0x00007ffb2b93a000 	C:\Windows\System32\ucrtbase.dll
0x00007ffafbee0000 - 0x00007ffafbef5000 	C:\Program Files\Java\jdk-13.0.2\bin\VCRUNTIME140.dll
0x00007ffafbf00000 - 0x00007ffafbf18000 	C:\Program Files\Java\jdk-13.0.2\bin\jli.dll
0x00007ffb2d670000 - 0x00007ffb2d713000 	C:\Windows\System32\ADVAPI32.dll
0x00007ffb2d490000 - 0x00007ffb2d52e000 	C:\Windows\System32\msvcrt.dll
0x00007ffb2c7a0000 - 0x00007ffb2c837000 	C:\Windows\System32\sechost.dll
0x00007ffb2bd20000 - 0x00007ffb2be3f000 	C:\Windows\System32\RPCRT4.dll
0x00007ffb2c060000 - 0x00007ffb2c1f4000 	C:\Windows\System32\USER32.dll
0x00007ffb1b4b0000 - 0x00007ffb1b734000 	C:\Windows\WinSxS\amd64_microsoft.windows.common-controls_6595b64144ccf1df_6.0.18362.1316_none_9e7a364fe461dbd7\COMCTL32.dll
0x00007ffb2b770000 - 0x00007ffb2b791000 	C:\Windows\System32\win32u.dll
0x00007ffb2d460000 - 0x00007ffb2d486000 	C:\Windows\System32\GDI32.dll
0x00007ffb2c370000 - 0x00007ffb2c6a7000 	C:\Windows\System32\combase.dll
0x00007ffb2b4d0000 - 0x00007ffb2b668000 	C:\Windows\System32\gdi32full.dll
0x00007ffb2b7a0000 - 0x00007ffb2b83e000 	C:\Windows\System32\msvcp_win.dll
0x00007ffb2a810000 - 0x00007ffb2a891000 	C:\Windows\System32\bcryptPrimitives.dll
0x00007ffb1fe70000 - 0x00007ffb1fe7a000 	C:\Windows\SYSTEM32\VERSION.dll
0x00007ffb2c290000 - 0x00007ffb2c2be000 	C:\Windows\System32\IMM32.DLL
0x00007ffafbe40000 - 0x00007ffafbedb000 	C:\Program Files\Java\jdk-13.0.2\bin\msvcp140.dll
0x00007ffafb2e0000 - 0x00007ffafbe3d000 	C:\Program Files\Java\jdk-13.0.2\bin\server\jvm.dll
0x00007ffb2c280000 - 0x00007ffb2c288000 	C:\Windows\System32\PSAPI.DLL
0x00007ffb03b40000 - 0x00007ffb03b49000 	C:\Windows\SYSTEM32\WSOCK32.dll
0x00007ffb273d0000 - 0x00007ffb273f4000 	C:\Windows\SYSTEM32\WINMM.dll
0x00007ffb2c200000 - 0x00007ffb2c26f000 	C:\Windows\System32\WS2_32.dll
0x00007ffb273a0000 - 0x00007ffb273cd000 	C:\Windows\SYSTEM32\WINMMBASE.dll
0x00007ffb2b720000 - 0x00007ffb2b76a000 	C:\Windows\System32\cfgmgr32.dll
0x00007ffb2a7a0000 - 0x00007ffb2a7b1000 	C:\Windows\System32\kernel.appcore.dll
0x00007ffb038a0000 - 0x00007ffb038b0000 	C:\Program Files\Java\jdk-13.0.2\bin\verify.dll
0x00007ffb199a0000 - 0x00007ffb19b94000 	C:\Windows\SYSTEM32\DBGHELP.DLL
0x00007ffb19970000 - 0x00007ffb1999a000 	C:\Windows\SYSTEM32\dbgcore.DLL
0x00007ffafb2b0000 - 0x00007ffafb2d6000 	C:\Program Files\Java\jdk-13.0.2\bin\java.dll
0x00007ffafb290000 - 0x00007ffafb2a7000 	C:\Program Files\Java\jdk-13.0.2\bin\zip.dll
0x00007ffb036e0000 - 0x00007ffb036ea000 	C:\Program Files\Java\jdk-13.0.2\bin\jimage.dll
0x00007ffb2c840000 - 0x00007ffb2cf28000 	C:\Windows\System32\SHELL32.dll
0x00007ffb2c2c0000 - 0x00007ffb2c367000 	C:\Windows\System32\shcore.dll
0x00007ffb2aa50000 - 0x00007ffb2b1cb000 	C:\Windows\System32\windows.storage.dll
0x00007ffb2a750000 - 0x00007ffb2a773000 	C:\Windows\System32\profapi.dll
0x00007ffb2a7c0000 - 0x00007ffb2a80a000 	C:\Windows\System32\powrprof.dll
0x00007ffb2a740000 - 0x00007ffb2a750000 	C:\Windows\System32\UMPDC.dll
0x00007ffb2ba90000 - 0x00007ffb2bae2000 	C:\Windows\System32\shlwapi.dll
0x00007ffb2b1d0000 - 0x00007ffb2b1e7000 	C:\Windows\System32\cryptsp.dll
0x00007ffafb270000 - 0x00007ffafb289000 	C:\Program Files\Java\jdk-13.0.2\bin\net.dll
0x00007ffb21130000 - 0x00007ffb21220000 	C:\Windows\SYSTEM32\WINHTTP.dll
0x00007ffb29f80000 - 0x00007ffb29fe7000 	C:\Windows\system32\mswsock.dll
0x00007ffafb250000 - 0x00007ffafb263000 	C:\Program Files\Java\jdk-13.0.2\bin\nio.dll
0x00007ffb15190000 - 0x00007ffb15329000 	C:\Program Files\Java\jdk-13.0.2\bin\awt.dll
0x00007ffb2c6d0000 - 0x00007ffb2c795000 	C:\Windows\System32\OLEAUT32.dll
0x00007ffb288b0000 - 0x00007ffb2893f000 	C:\Windows\SYSTEM32\apphelp.dll

dbghelp: loaded successfully - version: 4.0.5 - missing functions: none
symbol engine: initialized successfully - sym options: 0x614 - pdb path: .;C:\Program Files\Java\jdk-13.0.2\bin;C:\Windows\SYSTEM32;C:\Windows\WinSxS\amd64_microsoft.windows.common-controls_6595b64144ccf1df_6.0.18362.1316_none_9e7a364fe461dbd7;C:\Program Files\Java\jdk-13.0.2\bin\server

VM Arguments:
jvm_args: -Dfile.encoding=Cp1252 
java_command: Application.Home
java_class_path (initial): C:\Users\User\Desktop\Programmes\Java\Workspace\DriveOperations\target\classes;C:\Users\User\Desktop\Libraries\jcalendar-1.4.jar;C:\Users\User\Desktop\Libraries\jgoodies-common-1.8.0.jar;C:\Users\User\Desktop\Libraries\jgoodies-forms-1.8.0.jar;C:\Users\User\Desktop\Libraries\miglayout15-swing.jar;C:\Users\User\Downloads\javax.mail.jar;C:\Users\User\Downloads\activation-1.1.1.jar;C:\Users\User\Downloads\jcalendar-1.4.jar;C:\Users\User\Downloads\jfreechart-1.0.19\lib\jcommon-1.0.23.jar;C:\Users\User\Downloads\jfreechart-1.0.19\lib\jfreechart-1.0.19.jar;C:\Users\User\Downloads\commons-net-3.8.0\commons-net-3.8.0.jar;C:\Users\User\Documents\Libs\comm-2.0.jar;C:\Users\User\Documents\Libs\http-2.2.1.jar;C:\Users\User\Documents\Libs\mysql-connector-java-5.1.45.jar;C:\Users\User\Downloads\JTattoo-1.6.13.jar;C:\Users\User\.m2\repository\com\google\apis\google-api-services-drive\v3-rev105-1.23.0\google-api-services-drive-v3-rev105-1.23.0.jar;C:\Users\User\.m2\repository\com\google\api-client\google-api-client\1.23.0\google-api-client-1.23.0.jar;C:\Users\User\.m2\repository\com\google\oauth-client\google-oauth-client\1.23.0\google-oauth-client-1.23.0.jar;C:\Users\User\.m2\repository\com\google\http-client\google-http-client\1.23.0\google-http-client-1.23.0.jar;C:\Users\User\.m2\repository\org\apache\httpcomponents\httpclient\4.0.1\httpclient-4.0.1.jar;C:\Users\User\.m2\repository\org\apache\httpcomponents\httpcore\4.0.1\httpcore-4.0.1.jar;C:\Users\User\.m2\repository\commons-logging\commons-logging\1.1.1\commons-logging-1.1.1.jar;C:\Users\User\.m2\repository\commons-codec\commons-codec\1.3\commons-codec-1.3.jar;C:\Users\User\.m2\repository\com\google\code\findbugs\jsr305\1.3.9\jsr305-1.3.9.jar;C:\Users\User\.m2\repository\com\google\http-client\google-http-client-jackson2\1.23.0\google-http-client-jackson2-1.23.0.jar;C:\Users\User\.m2\repository\com\fasterxml\jackson\core\jackson-core\2.1.3\jackson-core-2.1.3.jar;C:\Users\User\.m2\repository\com\go
Launcher Type: SUN_STANDARD

[Global flags]
     intx CICompilerCount                          = 3                                         {product} {ergonomic}
     uint ConcGCThreads                            = 1                                         {product} {ergonomic}
     uint G1ConcRefinementThreads                  = 4                                         {product} {ergonomic}
   size_t G1HeapRegionSize                         = 1048576                                   {product} {ergonomic}
    uintx GCDrainStackTargetSize                   = 64                                        {product} {ergonomic}
   size_t InitialHeapSize                          = 67108864                                  {product} {ergonomic}
   size_t MarkStackSize                            = 4194304                                   {product} {ergonomic}
   size_t MaxHeapSize                              = 1050673152                                {product} {ergonomic}
   size_t MaxNewSize                               = 630194176                                 {product} {ergonomic}
   size_t MinHeapDeltaBytes                        = 1048576                                   {product} {ergonomic}
   size_t MinHeapSize                              = 8388608                                   {product} {ergonomic}
    uintx NonNMethodCodeHeapSize                   = 5832780                                {pd product} {ergonomic}
    uintx NonProfiledCodeHeapSize                  = 122912730                              {pd product} {ergonomic}
    uintx ProfiledCodeHeapSize                     = 122912730                              {pd product} {ergonomic}
    uintx ReservedCodeCacheSize                    = 251658240                              {pd product} {ergonomic}
     bool SegmentedCodeCache                       = true                                      {product} {ergonomic}
   size_t SoftMaxHeapSize                          = 1050673152                             {manageable} {ergonomic}
     bool UseCompressedClassPointers               = true                                 {lp64_product} {ergonomic}
     bool UseCompressedOops                        = true                                 {lp64_product} {ergonomic}
     bool UseG1GC                                  = true                                      {product} {ergonomic}
     bool UseLargePagesIndividualAllocation        = false                                  {pd product} {ergonomic}

Logging:
Log output configuration:
 #0: stdout all=warning uptime,level,tags
 #1: stderr all=off uptime,level,tags

Environment Variables:
JAVA_HOME=C:\Program Files (x86)\Java\jre1.8.0_241
PATH=C:\Program Files\Java\jdk-13.0.2\bin;C:\Program Files (x86)\Common Files\Oracle\Java\javapath;C:\Windows\system32;C:\Windows;C:\Windows\System32\Wbem;C:\Windows\System32\WindowsPowerShell\v1.0\;C:\Windows\System32\OpenSSH\;C:\Program Files (x86)\apache-maven-3.8.1\bin;C:\Program Files (x86)\gradle-7.1.1\bin;C:\Users\User\AppData\Local\Microsoft\WindowsApps;C:\Users\User\AppData\Local\Programs\Microsoft VS Code\bin;C:\Program Files (x86)\gradle-7.1.1\bin;
USERNAME=User
OS=Windows_NT
PROCESSOR_IDENTIFIER=Intel64 Family 6 Model 42 Stepping 7, GenuineIntel



---------------  S Y S T E M  ---------------

OS: Windows 10 , 64 bit Build 18362 (10.0.18362.1316)

CPU:total 4 (initial active 4) (2 cores per cpu, 2 threads per core) family 6 model 42 stepping 7, cmov, cx8, fxsr, mmx, sse, sse2, sse3, ssse3, sse4.1, sse4.2, popcnt, avx, aes, clmul, ht, tsc, tscinvbit

Memory: 4k page, system-wide physical 4006M (311M free)
TotalPageFile size 16294M (AvailPageFile size 1M)
current process WorkingSet (physical memory assigned to process): 34M, peak: 34M
current process commit charge ("private bytes"): 133M, peak: 133M

vm_info: Java HotSpot(TM) 64-Bit Server VM (13.0.2+8) for windows-amd64 JRE (13.0.2+8), built on Dec 11 2019 09:20:33 by "mach5one" with unknown MS VC++:1916

END.
