#
# There is insufficient memory for the Java Runtime Environment to continue.
# Native memory allocation (malloc) failed to allocate 1048576 bytes for AllocateHeap
# Possible reasons:
#   The system is out of physical RAM or swap space
#   The process is running with CompressedOops enabled, and the Java Heap may be blocking the growth of the native heap
# Possible solutions:
#   Reduce memory load on the system
#   Increase physical memory or swap space
#   Check if swap backing store is full
#   Decrease Java heap size (-Xmx/-Xms)
#   Decrease number of Java threads
#   Decrease Java thread stack sizes (-Xss)
#   Set larger code cache with -XX:ReservedCodeCacheSize=
#   JVM is running with Unscaled Compressed Oops mode in which the Java heap is
#     placed in the first 4GB address space. The Java Heap base address is the
#     maximum limit for the native heap growth. Please use -XX:HeapBaseMinAddress
#     to set the Java Heap base and to place the Java Heap above 4GB virtual address.
# This output file may be truncated or incomplete.
#
#  Out of Memory Error (t:/workspace/open/src/hotspot/share/memory/allocation.cpp:45), pid=17616, tid=10604
#
# JRE version: Java(TM) SE Runtime Environment (13.0.2+8) (build 13.0.2+8)
# Java VM: Java HotSpot(TM) 64-Bit Server VM (13.0.2+8, mixed mode, tiered, compressed oops, g1 gc, windows-amd64)
# No core dump will be written. Minidumps are not enabled by default on client versions of Windows
#

---------------  S U M M A R Y ------------

Command Line: -Dfile.encoding=Cp1252 accounts.ScholarYears

Host: Intel(R) Core(TM) i5-2520M CPU @ 2.50GHz, 4 cores, 3G,  Windows 10 , 64 bit Build 18362 (10.0.18362.1316)
Time: Mon Sep  6 12:06:34 2021 South Africa Standard Time elapsed time: 1 seconds (0d 0h 0m 1s)

---------------  T H R E A D  ---------------

Current thread (0x000001807f673800):  VMThread "VM Thread" [stack: 0x00000068ecc00000,0x00000068ecd00000] [id=10604]

Stack: [0x00000068ecc00000,0x00000068ecd00000]
[error occurred during error reporting (printing stack bounds), id 0xc0000005, EXCEPTION_ACCESS_VIOLATION (0xc0000005) at pc=0x00000180084310ad]

Native frames: (J=compiled Java code, j=interpreted, Vv=VM code, C=native code)
V  [jvm.dll+0x624f9a]
V  [jvm.dll+0x770cfa]
V  [jvm.dll+0x7724af]
V  [jvm.dll+0x772a15]
V  [jvm.dll+0x7729cb]
V  [jvm.dll+0x6244df]
C  [ntdll.dll+0x78c36]
C  [ntdll.dll+0x6a6d6]
C  [ntdll.dll+0xa04be]
C  0x00000180084310ad

VM_Operation (0x00000068ec6fabc0): CollectForMetadataAllocation, mode: safepoint, requested by thread 0x000001807e9d0000


---------------  P R O C E S S  ---------------

Threads class SMR info:
_java_thread_list=0x000001801b528ff0, length=10, elements={
0x000001807e9d0000, 0x000001807f687800, 0x000001807f695800, 0x000001807f6cf800,
0x000001807f6d0800, 0x000001807f6d4800, 0x000001807f6db800, 0x000001801b3b0800,
0x000001801b511800, 0x000001801b52a000
}

Java Threads: ( => current thread )
  0x000001807e9d0000 JavaThread "main" [_thread_blocked, id=16904, stack(0x00000068ec600000,0x00000068ec700000)]
  0x000001807f687800 JavaThread "Reference Handler" daemon [_thread_blocked, id=12036, stack(0x00000068ecd00000,0x00000068ece00000)]
  0x000001807f695800 JavaThread "Finalizer" daemon [_thread_blocked, id=7684, stack(0x00000068ece00000,0x00000068ecf00000)]
  0x000001807f6cf800 JavaThread "Signal Dispatcher" daemon [_thread_blocked, id=12120, stack(0x00000068ecf00000,0x00000068ed000000)]
  0x000001807f6d0800 JavaThread "Attach Listener" daemon [_thread_blocked, id=11740, stack(0x00000068ed000000,0x00000068ed100000)]
  0x000001807f6d4800 JavaThread "C2 CompilerThread0" daemon [_thread_blocked, id=16292, stack(0x00000068ed100000,0x00000068ed200000)]
  0x000001807f6db800 JavaThread "C1 CompilerThread0" daemon [_thread_blocked, id=10876, stack(0x00000068ed200000,0x00000068ed300000)]
  0x000001801b3b0800 JavaThread "Sweeper thread" daemon [_thread_blocked, id=12416, stack(0x00000068ed300000,0x00000068ed400000)]
  0x000001801b511800 JavaThread "Service Thread" daemon [_thread_blocked, id=9476, stack(0x00000068ed400000,0x00000068ed500000)]
  0x000001801b52a000 JavaThread "Common-Cleaner" daemon [_thread_blocked, id=16376, stack(0x00000068ed600000,0x00000068ed700000)]

Other Threads:
=>0x000001807f673800 VMThread "VM Thread" [stack: 0x00000068ecc00000,0x00000068ecd00000] [id=10604]
  0x000001801b516000 WatcherThread [stack: 0x00000068ed500000,0x00000068ed600000] [id=8260]
  0x000001807ea01800 GCTaskThread "GC Thread#0" [stack: 0x00000068ec700000,0x00000068ec800000] [id=18304]
  0x000001801bdc6000 GCTaskThread "GC Thread#1" [stack: 0x00000068ed700000,0x00000068ed800000] [id=14944]
  0x000001807ea0c800 ConcurrentGCThread "G1 Main Marker" [stack: 0x00000068ec800000,0x00000068ec900000] [id=6636]
  0x000001807ea0e800 ConcurrentGCThread "G1 Conc#0" [stack: 0x00000068ec900000,0x00000068eca00000] [id=13748]
  0x000001807ea62000 ConcurrentGCThread "G1 Refine#0" [stack: 0x00000068eca00000,0x00000068ecb00000] [id=17904]
  0x000001807ea64000 ConcurrentGCThread "G1 Young RemSet Sampling" [stack: 0x00000068ecb00000,0x00000068ecc00000] [id=9552]

Threads with active compile tasks:

VM state:at safepoint (normal execution)

VM Mutex/Monitor currently owned by a thread:  ([mutex/lock_event])
[0x000001807c9faf00] Threads_lock - owner thread: 0x000001807f673800
[0x000001807c9facc0] Heap_lock - owner thread: 0x000001807e9d0000

Heap address: 0x00000000c1600000, size: 1002 MB, Compressed Oops mode: 32-bit
Narrow klass base: 0x0000000000000000, Narrow klass shift: 3
Compressed class space size: 1073741824 Address: 0x0000000100000000

Heap:
 garbage-first heap   total 65536K, used 830K [0x00000000c1600000, 0x0000000100000000)
  region size 1024K, 1 young (1024K), 1 survivors (1024K)
 Metaspace       used 6864K, capacity 6964K, committed 7040K, reserved 1073152K
  class space    used 589K, capacity 615K, committed 640K, reserved 1048576K
Heap Regions: E=young(eden), S=young(survivor), O=old, HS=humongous(starts), HC=humongous(continues), CS=collection set, F=free, A=archive, TAMS=top-at-mark-start (previous, next)
|   0|0x00000000c1600000, 0x00000000c1600000, 0x00000000c1700000|  0%| F|  |TAMS 0x00000000c1600000, 0x00000000c1600000| Untracked 
|   1|0x00000000c1700000, 0x00000000c1700000, 0x00000000c1800000|  0%| F|  |TAMS 0x00000000c1700000, 0x00000000c1700000| Untracked 
|   2|0x00000000c1800000, 0x00000000c1800000, 0x00000000c1900000|  0%| F|  |TAMS 0x00000000c1800000, 0x00000000c1800000| Untracked 
|   3|0x00000000c1900000, 0x00000000c1900000, 0x00000000c1a00000|  0%| F|  |TAMS 0x00000000c1900000, 0x00000000c1900000| Untracked 
|   4|0x00000000c1a00000, 0x00000000c1a00000, 0x00000000c1b00000|  0%| F|  |TAMS 0x00000000c1a00000, 0x00000000c1a00000| Untracked 
|   5|0x00000000c1b00000, 0x00000000c1b00000, 0x00000000c1c00000|  0%| F|  |TAMS 0x00000000c1b00000, 0x00000000c1b00000| Untracked 
|   6|0x00000000c1c00000, 0x00000000c1c00000, 0x00000000c1d00000|  0%| F|  |TAMS 0x00000000c1c00000, 0x00000000c1c00000| Untracked 
|   7|0x00000000c1d00000, 0x00000000c1d00000, 0x00000000c1e00000|  0%| F|  |TAMS 0x00000000c1d00000, 0x00000000c1d00000| Untracked 
|   8|0x00000000c1e00000, 0x00000000c1e00000, 0x00000000c1f00000|  0%| F|  |TAMS 0x00000000c1e00000, 0x00000000c1e00000| Untracked 
|   9|0x00000000c1f00000, 0x00000000c1f00000, 0x00000000c2000000|  0%| F|  |TAMS 0x00000000c1f00000, 0x00000000c1f00000| Untracked 
|  10|0x00000000c2000000, 0x00000000c2000000, 0x00000000c2100000|  0%| F|  |TAMS 0x00000000c2000000, 0x00000000c2000000| Untracked 
|  11|0x00000000c2100000, 0x00000000c2100000, 0x00000000c2200000|  0%| F|  |TAMS 0x00000000c2100000, 0x00000000c2100000| Untracked 
|  12|0x00000000c2200000, 0x00000000c2200000, 0x00000000c2300000|  0%| F|  |TAMS 0x00000000c2200000, 0x00000000c2200000| Untracked 
|  13|0x00000000c2300000, 0x00000000c2300000, 0x00000000c2400000|  0%| F|  |TAMS 0x00000000c2300000, 0x00000000c2300000| Untracked 
|  14|0x00000000c2400000, 0x00000000c2400000, 0x00000000c2500000|  0%| F|  |TAMS 0x00000000c2400000, 0x00000000c2400000| Untracked 
|  15|0x00000000c2500000, 0x00000000c2500000, 0x00000000c2600000|  0%| F|  |TAMS 0x00000000c2500000, 0x00000000c2500000| Untracked 
|  16|0x00000000c2600000, 0x00000000c2600000, 0x00000000c2700000|  0%| F|  |TAMS 0x00000000c2600000, 0x00000000c2600000| Untracked 
|  17|0x00000000c2700000, 0x00000000c2700000, 0x00000000c2800000|  0%| F|  |TAMS 0x00000000c2700000, 0x00000000c2700000| Untracked 
|  18|0x00000000c2800000, 0x00000000c2800000, 0x00000000c2900000|  0%| F|  |TAMS 0x00000000c2800000, 0x00000000c2800000| Untracked 
|  19|0x00000000c2900000, 0x00000000c2900000, 0x00000000c2a00000|  0%| F|  |TAMS 0x00000000c2900000, 0x00000000c2900000| Untracked 
|  20|0x00000000c2a00000, 0x00000000c2a00000, 0x00000000c2b00000|  0%| F|  |TAMS 0x00000000c2a00000, 0x00000000c2a00000| Untracked 
|  21|0x00000000c2b00000, 0x00000000c2b00000, 0x00000000c2c00000|  0%| F|  |TAMS 0x00000000c2b00000, 0x00000000c2b00000| Untracked 
|  22|0x00000000c2c00000, 0x00000000c2c00000, 0x00000000c2d00000|  0%| F|  |TAMS 0x00000000c2c00000, 0x00000000c2c00000| Untracked 
|  23|0x00000000c2d00000, 0x00000000c2d00000, 0x00000000c2e00000|  0%| F|  |TAMS 0x00000000c2d00000, 0x00000000c2d00000| Untracked 
|  24|0x00000000c2e00000, 0x00000000c2e00000, 0x00000000c2f00000|  0%| F|  |TAMS 0x00000000c2e00000, 0x00000000c2e00000| Untracked 
|  25|0x00000000c2f00000, 0x00000000c2f00000, 0x00000000c3000000|  0%| F|  |TAMS 0x00000000c2f00000, 0x00000000c2f00000| Untracked 
|  26|0x00000000c3000000, 0x00000000c3000000, 0x00000000c3100000|  0%| F|  |TAMS 0x00000000c3000000, 0x00000000c3000000| Untracked 
|  27|0x00000000c3100000, 0x00000000c3100000, 0x00000000c3200000|  0%| F|  |TAMS 0x00000000c3100000, 0x00000000c3100000| Untracked 
|  28|0x00000000c3200000, 0x00000000c3200000, 0x00000000c3300000|  0%| F|  |TAMS 0x00000000c3200000, 0x00000000c3200000| Untracked 
|  29|0x00000000c3300000, 0x00000000c3300000, 0x00000000c3400000|  0%| F|  |TAMS 0x00000000c3300000, 0x00000000c3300000| Untracked 
|  30|0x00000000c3400000, 0x00000000c3400000, 0x00000000c3500000|  0%| F|  |TAMS 0x00000000c3400000, 0x00000000c3400000| Untracked 
|  31|0x00000000c3500000, 0x00000000c3500000, 0x00000000c3600000|  0%| F|  |TAMS 0x00000000c3500000, 0x00000000c3500000| Untracked 
|  32|0x00000000c3600000, 0x00000000c3600000, 0x00000000c3700000|  0%| F|  |TAMS 0x00000000c3600000, 0x00000000c3600000| Untracked 
|  33|0x00000000c3700000, 0x00000000c3700000, 0x00000000c3800000|  0%| F|  |TAMS 0x00000000c3700000, 0x00000000c3700000| Untracked 
|  34|0x00000000c3800000, 0x00000000c3800000, 0x00000000c3900000|  0%| F|  |TAMS 0x00000000c3800000, 0x00000000c3800000| Untracked 
|  35|0x00000000c3900000, 0x00000000c3900000, 0x00000000c3a00000|  0%| F|  |TAMS 0x00000000c3900000, 0x00000000c3900000| Untracked 
|  36|0x00000000c3a00000, 0x00000000c3a00000, 0x00000000c3b00000|  0%| F|  |TAMS 0x00000000c3a00000, 0x00000000c3a00000| Untracked 
|  37|0x00000000c3b00000, 0x00000000c3b00000, 0x00000000c3c00000|  0%| F|  |TAMS 0x00000000c3b00000, 0x00000000c3b00000| Untracked 
|  38|0x00000000c3c00000, 0x00000000c3c00000, 0x00000000c3d00000|  0%| F|  |TAMS 0x00000000c3c00000, 0x00000000c3c00000| Untracked 
|  39|0x00000000c3d00000, 0x00000000c3d00000, 0x00000000c3e00000|  0%| F|  |TAMS 0x00000000c3d00000, 0x00000000c3d00000| Untracked 
|  40|0x00000000c3e00000, 0x00000000c3e00000, 0x00000000c3f00000|  0%| F|  |TAMS 0x00000000c3e00000, 0x00000000c3e00000| Untracked 
|  41|0x00000000c3f00000, 0x00000000c3f00000, 0x00000000c4000000|  0%| F|  |TAMS 0x00000000c3f00000, 0x00000000c3f00000| Untracked 
|  42|0x00000000c4000000, 0x00000000c4000000, 0x00000000c4100000|  0%| F|  |TAMS 0x00000000c4000000, 0x00000000c4000000| Untracked 
|  43|0x00000000c4100000, 0x00000000c4100000, 0x00000000c4200000|  0%| F|  |TAMS 0x00000000c4100000, 0x00000000c4100000| Untracked 
|  44|0x00000000c4200000, 0x00000000c4200000, 0x00000000c4300000|  0%| F|  |TAMS 0x00000000c4200000, 0x00000000c4200000| Untracked 
|  45|0x00000000c4300000, 0x00000000c4300000, 0x00000000c4400000|  0%| F|  |TAMS 0x00000000c4300000, 0x00000000c4300000| Untracked 
|  46|0x00000000c4400000, 0x00000000c4400000, 0x00000000c4500000|  0%| F|  |TAMS 0x00000000c4400000, 0x00000000c4400000| Untracked 
|  47|0x00000000c4500000, 0x00000000c4500000, 0x00000000c4600000|  0%| F|  |TAMS 0x00000000c4500000, 0x00000000c4500000| Untracked 
|  48|0x00000000c4600000, 0x00000000c4600000, 0x00000000c4700000|  0%| F|  |TAMS 0x00000000c4600000, 0x00000000c4600000| Untracked 
|  49|0x00000000c4700000, 0x00000000c4700000, 0x00000000c4800000|  0%| F|  |TAMS 0x00000000c4700000, 0x00000000c4700000| Untracked 
|  50|0x00000000c4800000, 0x00000000c4800000, 0x00000000c4900000|  0%| F|  |TAMS 0x00000000c4800000, 0x00000000c4800000| Untracked 
|  51|0x00000000c4900000, 0x00000000c4900000, 0x00000000c4a00000|  0%| F|  |TAMS 0x00000000c4900000, 0x00000000c4900000| Untracked 
|  52|0x00000000c4a00000, 0x00000000c4a00000, 0x00000000c4b00000|  0%| F|  |TAMS 0x00000000c4a00000, 0x00000000c4a00000| Untracked 
|  53|0x00000000c4b00000, 0x00000000c4b00000, 0x00000000c4c00000|  0%| F|  |TAMS 0x00000000c4b00000, 0x00000000c4b00000| Untracked 
|  54|0x00000000c4c00000, 0x00000000c4c00000, 0x00000000c4d00000|  0%| F|  |TAMS 0x00000000c4c00000, 0x00000000c4c00000| Untracked 
|  55|0x00000000c4d00000, 0x00000000c4d00000, 0x00000000c4e00000|  0%| F|  |TAMS 0x00000000c4d00000, 0x00000000c4d00000| Untracked 
|  56|0x00000000c4e00000, 0x00000000c4e00000, 0x00000000c4f00000|  0%| F|  |TAMS 0x00000000c4e00000, 0x00000000c4e00000| Untracked 
|  57|0x00000000c4f00000, 0x00000000c4f00000, 0x00000000c5000000|  0%| F|  |TAMS 0x00000000c4f00000, 0x00000000c4f00000| Untracked 
|  58|0x00000000c5000000, 0x00000000c5000000, 0x00000000c5100000|  0%| F|  |TAMS 0x00000000c5000000, 0x00000000c5000000| Untracked 
|  59|0x00000000c5100000, 0x00000000c5100000, 0x00000000c5200000|  0%| F|  |TAMS 0x00000000c5100000, 0x00000000c5100000| Untracked 
|  60|0x00000000c5200000, 0x00000000c5200000, 0x00000000c5300000|  0%| F|  |TAMS 0x00000000c5200000, 0x00000000c5200000| Untracked 
|  61|0x00000000c5300000, 0x00000000c53cfa50, 0x00000000c5400000| 81%| S|CS|TAMS 0x00000000c5300000, 0x00000000c5300000| Complete 
|  62|0x00000000c5400000, 0x00000000c5400000, 0x00000000c5500000|  0%| F|  |TAMS 0x00000000c5400000, 0x00000000c5400000| Untracked 
|  63|0x00000000c5500000, 0x00000000c5500000, 0x00000000c5600000|  0%| F|  |TAMS 0x00000000c5500000, 0x00000000c5500000| Untracked 

Card table byte_map: [0x000001807eca0000,0x000001807eea0000] _byte_map_base: 0x000001807e695000

Marking Bits (Prev, Next): (CMBitMap*) 0x000001807ea02728, (CMBitMap*) 0x000001807ea02768
 Prev Bits: [0x0000018017430000, 0x00000180183d8000)
 Next Bits: [0x00000180183e0000, 0x0000018019388000)

Polling page: 0x000001807c870000

Metaspace:

Usage:
  Non-class:      6.20 MB capacity,     6.13 MB ( 99%) used,    68.37 KB (  1%) free+waste,     5.50 KB ( <1%) overhead. 
      Class:    615.00 KB capacity,   589.02 KB ( 96%) used,    23.48 KB (  4%) free+waste,     2.50 KB ( <1%) overhead. 
       Both:      6.80 MB capacity,     6.70 MB ( 99%) used,    91.84 KB (  1%) free+waste,     8.00 KB ( <1%) overhead. 

Virtual space:
  Non-class space:       24.00 MB reserved,       6.25 MB ( 26%) committed 
      Class space:        1.00 GB reserved,     640.00 KB ( <1%) committed 
             Both:        1.02 GB reserved,       6.88 MB ( <1%) committed 

Chunk freelists:
   Non-Class:  51.00 KB
       Class:  25.00 KB
        Both:  76.00 KB

MaxMetaspaceSize: 17179869184.00 GB
CompressedClassSpaceSize: 1.00 GB

CodeHeap 'non-profiled nmethods': size=120000Kb used=82Kb max_used=82Kb free=119917Kb
 bounds [0x000001800ff00000, 0x0000018010170000, 0x0000018017430000]
CodeHeap 'profiled nmethods': size=120000Kb used=371Kb max_used=371Kb free=119628Kb
 bounds [0x00000180089d0000, 0x0000018008c40000, 0x000001800ff00000]
CodeHeap 'non-nmethods': size=5760Kb used=1111Kb max_used=1111Kb free=4648Kb
 bounds [0x0000018008430000, 0x00000180086a0000, 0x00000180089d0000]
 total_blobs=922 nmethods=265 adapters=254
 compilation: enabled
              stopped_count=0, restarted_count=0
 full_count=0

Compilation events (20 events):
Event: 1.356 Thread 0x000001807f6db800  255       3       java.nio.Buffer::hasRemaining (17 bytes)
Event: 1.356 Thread 0x000001807f6db800 nmethod 255 0x0000018008a27f90 code [0x0000018008a28140, 0x0000018008a282f8]
Event: 1.356 Thread 0x000001807f6db800  256   !   3       java.nio.DirectByteBuffer::get (28 bytes)
Event: 1.358 Thread 0x000001807f6db800 nmethod 256 0x0000018008a28390 code [0x0000018008a28580, 0x0000018008a289d0]
Event: 1.358 Thread 0x000001807f6db800  257       3       java.nio.DirectByteBuffer::ix (10 bytes)
Event: 1.358 Thread 0x000001807f6db800 nmethod 257 0x0000018008a28c10 code [0x0000018008a28da0, 0x0000018008a28f18]
Event: 1.358 Thread 0x000001807f6db800  260       3       java.nio.Buffer::nextGetIndex (31 bytes)
Event: 1.359 Thread 0x000001807f6db800 nmethod 260 0x0000018008a28f90 code [0x0000018008a29140, 0x0000018008a29370]
Event: 1.359 Thread 0x000001807f6db800  261       3       jdk.internal.misc.Unsafe::getByte (7 bytes)
Event: 1.359 Thread 0x000001807f6db800 nmethod 261 0x0000018008a29410 code [0x0000018008a295c0, 0x0000018008a29738]
Event: 1.359 Thread 0x000001807f6db800  259       3       java.util.Optional::orElse (16 bytes)
Event: 1.359 Thread 0x000001807f6db800 nmethod 259 0x0000018008a29810 code [0x0000018008a299c0, 0x0000018008a29b78]
Event: 1.360 Thread 0x000001807f6db800  262       1       java.nio.Buffer::limit (5 bytes)
Event: 1.360 Thread 0x000001807f6db800 nmethod 262 0x000001800ff14810 code [0x000001800ff149a0, 0x000001800ff14ab8]
Event: 1.360 Thread 0x000001807f6db800  263       3       jdk.internal.jimage.ImageStringsReader::unmaskedHashCode (173 bytes)
Event: 1.362 Thread 0x000001807f6db800 nmethod 263 0x0000018008a29c10 code [0x0000018008a29e60, 0x0000018008a2aa80]
Event: 1.363 Thread 0x000001807f6db800  264       3       java.lang.StringLatin1::replace (198 bytes)
Event: 1.365 Thread 0x000001807f6db800 nmethod 264 0x0000018008a2af90 code [0x0000018008a2b220, 0x0000018008a2bff0]
Event: 1.366 Thread 0x000001807f6db800  265       3       java.lang.StringLatin1::lastIndexOf (40 bytes)
Event: 1.366 Thread 0x000001807f6db800 nmethod 265 0x0000018008a2c510 code [0x0000018008a2c6e0, 0x0000018008a2caf8]

GC Heap History (2 events):
Event: 1.501 GC heap before
{Heap before GC invocations=0 (full 0):
 garbage-first heap   total 65536K, used 1024K [0x00000000c1600000, 0x0000000100000000)
  region size 1024K, 2 young (2048K), 0 survivors (0K)
 Metaspace       used 6864K, capacity 6964K, committed 7040K, reserved 1071104K
  class space    used 589K, capacity 615K, committed 640K, reserved 1048576K
}
Event: 1.513 GC heap after
{Heap after GC invocations=1 (full 0):
 garbage-first heap   total 65536K, used 830K [0x00000000c1600000, 0x0000000100000000)
  region size 1024K, 1 young (1024K), 1 survivors (1024K)
 Metaspace       used 6864K, capacity 6964K, committed 7040K, reserved 1071104K
  class space    used 589K, capacity 615K, committed 640K, reserved 1048576K
}

Deoptimization events (4 events):
Event: 0.261 Thread 0x000001807e9d0000 Uncommon trap: trap_request=0xffffff45 fr.pc=0x000001800ff03d2c relative=0x000000000000018c
Event: 0.261 Thread 0x000001807e9d0000 Uncommon trap: reason=unstable_if action=reinterpret pc=0x000001800ff03d2c method=java.lang.String.hashCode()I @ 42 c2
Event: 0.261 Thread 0x000001807e9d0000 DEOPT PACKING pc=0x000001800ff03d2c sp=0x00000068ec6fdf00
Event: 0.261 Thread 0x000001807e9d0000 DEOPT UNPACKING pc=0x000001800847912f sp=0x00000068ec6fde98 mode 2

Classes unloaded (0 events):
No events

Classes redefined (0 events):
No events

Internal exceptions (3 events):
Event: 0.552 Thread 0x000001807e9d0000 Exception <a 'java/lang/ClassNotFoundException'{0x00000000c540f258}: sun/awt/resources/spi/awtProvider> (0x00000000c540f258) 
thrown [t:/workspace/open/src/hotspot/share/classfile/systemDictionary.cpp, line 232]
Event: 0.927 Thread 0x000001807e9d0000 Exception <a 'java/io/FileNotFoundException'{0x00000000c5468e90}> (0x00000000c5468e90) 
thrown [t:/workspace/open/src/hotspot/share/prims/jni.cpp, line 598]
Event: 0.951 Thread 0x000001807e9d0000 Exception <a 'java/io/FileNotFoundException'{0x00000000c548f4a0}> (0x00000000c548f4a0) 
thrown [t:/workspace/open/src/hotspot/share/prims/jni.cpp, line 598]

Events (20 events):
Event: 1.364 loading class jdk/internal/loader/URLClassPath$JarLoader done
Event: 1.364 loading class java/util/zip/ZipFile
Event: 1.364 loading class java/util/zip/ZipConstants
Event: 1.364 loading class java/util/zip/ZipConstants done
Event: 1.364 loading class java/util/zip/ZipFile done
Event: 1.364 loading class java/util/zip/ZipFile$1
Event: 1.364 loading class jdk/internal/access/JavaUtilZipFileAccess
Event: 1.364 loading class jdk/internal/access/JavaUtilZipFileAccess done
Event: 1.364 loading class java/util/zip/ZipFile$1 done
Event: 1.365 loading class sun/net/www/protocol/jar/Handler
Event: 1.445 loading class sun/net/www/protocol/jar/Handler done
Event: 1.445 loading class jdk/internal/loader/URLClassPath$JarLoader$1
Event: 1.445 loading class jdk/internal/loader/URLClassPath$JarLoader$1 done
Event: 1.445 loading class jdk/internal/loader/FileURLMapper
Event: 1.445 loading class jdk/internal/loader/FileURLMapper done
Event: 1.446 loading class java/util/jar/JarFile
Event: 1.447 loading class java/util/jar/JarFile done
Event: 1.447 loading class java/util/jar/JavaUtilJarAccessImpl
Event: 1.447 loading class jdk/internal/access/JavaUtilJarAccess
Event: 1.501 Executing VM operation: CollectForMetadataAllocation


Dynamic libraries:
0x00007ff7aec30000 - 0x00007ff7aec3f000 	C:\Program Files\Java\jdk-13.0.2\bin\javaw.exe
0x00007ffa3bf80000 - 0x00007ffa3c170000 	C:\Windows\SYSTEM32\ntdll.dll
0x00007ffa3bce0000 - 0x00007ffa3bd92000 	C:\Windows\System32\KERNEL32.DLL
0x00007ffa39180000 - 0x00007ffa39425000 	C:\Windows\System32\KERNELBASE.dll
0x00007ffa39490000 - 0x00007ffa3958a000 	C:\Windows\System32\ucrtbase.dll
0x00007ffa21d90000 - 0x00007ffa21da8000 	C:\Program Files\Java\jdk-13.0.2\bin\jli.dll
0x00007ffa2b400000 - 0x00007ffa2b415000 	C:\Program Files\Java\jdk-13.0.2\bin\VCRUNTIME140.dll
0x00007ffa3a620000 - 0x00007ffa3a6c3000 	C:\Windows\System32\ADVAPI32.dll
0x00007ffa3a4e0000 - 0x00007ffa3a57e000 	C:\Windows\System32\msvcrt.dll
0x00007ffa3a580000 - 0x00007ffa3a617000 	C:\Windows\System32\sechost.dll
0x00007ffa3a6d0000 - 0x00007ffa3a7ef000 	C:\Windows\System32\RPCRT4.dll
0x00007ffa3b6a0000 - 0x00007ffa3b834000 	C:\Windows\System32\USER32.dll
0x00007ffa38f80000 - 0x00007ffa38fa1000 	C:\Windows\System32\win32u.dll
0x00007ffa2a640000 - 0x00007ffa2a8c4000 	C:\Windows\WinSxS\amd64_microsoft.windows.common-controls_6595b64144ccf1df_6.0.18362.1316_none_9e7a364fe461dbd7\COMCTL32.dll
0x00007ffa3bee0000 - 0x00007ffa3bf06000 	C:\Windows\System32\GDI32.dll
0x00007ffa3b9a0000 - 0x00007ffa3bcd7000 	C:\Windows\System32\combase.dll
0x00007ffa39e60000 - 0x00007ffa39ff8000 	C:\Windows\System32\gdi32full.dll
0x00007ffa39590000 - 0x00007ffa3962e000 	C:\Windows\System32\msvcp_win.dll
0x00007ffa38ed0000 - 0x00007ffa38f51000 	C:\Windows\System32\bcryptPrimitives.dll
0x00007ffa2a9f0000 - 0x00007ffa2a9fa000 	C:\Windows\SYSTEM32\VERSION.dll
0x00007ffa3b840000 - 0x00007ffa3b86e000 	C:\Windows\System32\IMM32.DLL
0x00007ffa1c8f0000 - 0x00007ffa1c98b000 	C:\Program Files\Java\jdk-13.0.2\bin\msvcp140.dll
0x00007ffa001f0000 - 0x00007ffa00d4d000 	C:\Program Files\Java\jdk-13.0.2\bin\server\jvm.dll
0x00007ffa3b0e0000 - 0x00007ffa3b0e8000 	C:\Windows\System32\PSAPI.DLL
0x00007ffa35400000 - 0x00007ffa35424000 	C:\Windows\SYSTEM32\WINMM.dll
0x00007ffa35490000 - 0x00007ffa35499000 	C:\Windows\SYSTEM32\WSOCK32.dll
0x00007ffa3b2a0000 - 0x00007ffa3b30f000 	C:\Windows\System32\WS2_32.dll
0x00007ffa353d0000 - 0x00007ffa353fd000 	C:\Windows\SYSTEM32\WINMMBASE.dll
0x00007ffa39100000 - 0x00007ffa3914a000 	C:\Windows\System32\cfgmgr32.dll
0x00007ffa38eb0000 - 0x00007ffa38ec1000 	C:\Windows\System32\kernel.appcore.dll
0x00007ffa340b0000 - 0x00007ffa340c0000 	C:\Program Files\Java\jdk-13.0.2\bin\verify.dll
0x00007ffa28e10000 - 0x00007ffa29004000 	C:\Windows\SYSTEM32\DBGHELP.DLL
0x00007ffa28de0000 - 0x00007ffa28e0a000 	C:\Windows\SYSTEM32\dbgcore.DLL
0x00007ffa21b00000 - 0x00007ffa21b26000 	C:\Program Files\Java\jdk-13.0.2\bin\java.dll
0x00007ffa21ad0000 - 0x00007ffa21ae7000 	C:\Program Files\Java\jdk-13.0.2\bin\zip.dll
0x00007ffa32820000 - 0x00007ffa3282a000 	C:\Program Files\Java\jdk-13.0.2\bin\jimage.dll
0x00007ffa3a9f0000 - 0x00007ffa3b0d8000 	C:\Windows\System32\SHELL32.dll
0x00007ffa3b310000 - 0x00007ffa3b3b7000 	C:\Windows\System32\shcore.dll
0x00007ffa396e0000 - 0x00007ffa39e5b000 	C:\Windows\System32\windows.storage.dll
0x00007ffa38e60000 - 0x00007ffa38e83000 	C:\Windows\System32\profapi.dll
0x00007ffa38e10000 - 0x00007ffa38e5a000 	C:\Windows\System32\powrprof.dll
0x00007ffa38e00000 - 0x00007ffa38e10000 	C:\Windows\System32\UMPDC.dll
0x00007ffa3b240000 - 0x00007ffa3b292000 	C:\Windows\System32\shlwapi.dll
0x00007ffa38f60000 - 0x00007ffa38f77000 	C:\Windows\System32\cryptsp.dll
0x00007ffa14eb0000 - 0x00007ffa15049000 	C:\Program Files\Java\jdk-13.0.2\bin\awt.dll
0x00007ffa3b3c0000 - 0x00007ffa3b485000 	C:\Windows\System32\OLEAUT32.dll
0x00007ffa36f70000 - 0x00007ffa36fff000 	C:\Windows\SYSTEM32\apphelp.dll

dbghelp: loaded successfully - version: 4.0.5 - missing functions: none
symbol engine: initialized successfully - sym options: 0x614 - pdb path: .;C:\Program Files\Java\jdk-13.0.2\bin;C:\Windows\SYSTEM32;C:\Windows\WinSxS\amd64_microsoft.windows.common-controls_6595b64144ccf1df_6.0.18362.1316_none_9e7a364fe461dbd7;C:\Program Files\Java\jdk-13.0.2\bin\server

VM Arguments:
jvm_args: -Dfile.encoding=Cp1252 
java_command: accounts.ScholarYears
java_class_path (initial): C:\Users\User\Desktop\Programmes\Java\Workspace\DriveOperations\target\classes;C:\Users\User\Desktop\Libraries\jcalendar-1.4.jar;C:\Users\User\Desktop\Libraries\jgoodies-common-1.8.0.jar;C:\Users\User\Desktop\Libraries\jgoodies-forms-1.8.0.jar;C:\Users\User\Desktop\Libraries\miglayout15-swing.jar;C:\Users\User\Downloads\javax.mail.jar;C:\Users\User\Downloads\activation-1.1.1.jar;C:\Users\User\Downloads\jcalendar-1.4.jar;C:\Users\User\Downloads\jfreechart-1.0.19\lib\jcommon-1.0.23.jar;C:\Users\User\Downloads\jfreechart-1.0.19\lib\jfreechart-1.0.19.jar;C:\Users\User\Downloads\commons-net-3.8.0\commons-net-3.8.0.jar;C:\Users\User\Documents\Libs\comm-2.0.jar;C:\Users\User\Documents\Libs\http-2.2.1.jar;C:\Users\User\Documents\Libs\mysql-connector-java-5.1.45.jar;C:\Users\User\Downloads\JTattoo-1.6.13.jar;C:\Users\User\.m2\repository\com\google\apis\google-api-services-drive\v3-rev105-1.23.0\google-api-services-drive-v3-rev105-1.23.0.jar;C:\Users\User\.m2\repository\com\google\api-client\google-api-client\1.23.0\google-api-client-1.23.0.jar;C:\Users\User\.m2\repository\com\google\oauth-client\google-oauth-client\1.23.0\google-oauth-client-1.23.0.jar;C:\Users\User\.m2\repository\com\google\http-client\google-http-client\1.23.0\google-http-client-1.23.0.jar;C:\Users\User\.m2\repository\org\apache\httpcomponents\httpclient\4.0.1\httpclient-4.0.1.jar;C:\Users\User\.m2\repository\org\apache\httpcomponents\httpcore\4.0.1\httpcore-4.0.1.jar;C:\Users\User\.m2\repository\commons-logging\commons-logging\1.1.1\commons-logging-1.1.1.jar;C:\Users\User\.m2\repository\commons-codec\commons-codec\1.3\commons-codec-1.3.jar;C:\Users\User\.m2\repository\com\google\code\findbugs\jsr305\1.3.9\jsr305-1.3.9.jar;C:\Users\User\.m2\repository\com\google\http-client\google-http-client-jackson2\1.23.0\google-http-client-jackson2-1.23.0.jar;C:\Users\User\.m2\repository\com\fasterxml\jackson\core\jackson-core\2.1.3\jackson-core-2.1.3.jar;C:\Users\User\.m2\repository\com\go
Launcher Type: SUN_STANDARD

[Global flags]
     intx CICompilerCount                          = 3                                         {product} {ergonomic}
     uint ConcGCThreads                            = 1                                         {product} {ergonomic}
     uint G1ConcRefinementThreads                  = 4                                         {product} {ergonomic}
   size_t G1HeapRegionSize                         = 1048576                                   {product} {ergonomic}
    uintx GCDrainStackTargetSize                   = 64                                        {product} {ergonomic}
   size_t InitialHeapSize                          = 67108864                                  {product} {ergonomic}
   size_t MarkStackSize                            = 4194304                                   {product} {ergonomic}
   size_t MaxHeapSize                              = 1050673152                                {product} {ergonomic}
   size_t MaxNewSize                               = 630194176                                 {product} {ergonomic}
   size_t MinHeapDeltaBytes                        = 1048576                                   {product} {ergonomic}
   size_t MinHeapSize                              = 8388608                                   {product} {ergonomic}
    uintx NonNMethodCodeHeapSize                   = 5832780                                {pd product} {ergonomic}
    uintx NonProfiledCodeHeapSize                  = 122912730                              {pd product} {ergonomic}
    uintx ProfiledCodeHeapSize                     = 122912730                              {pd product} {ergonomic}
    uintx ReservedCodeCacheSize                    = 251658240                              {pd product} {ergonomic}
     bool SegmentedCodeCache                       = true                                      {product} {ergonomic}
   size_t SoftMaxHeapSize                          = 1050673152                             {manageable} {ergonomic}
     bool UseCompressedClassPointers               = true                                 {lp64_product} {ergonomic}
     bool UseCompressedOops                        = true                                 {lp64_product} {ergonomic}
     bool UseG1GC                                  = true                                      {product} {ergonomic}
     bool UseLargePagesIndividualAllocation        = false                                  {pd product} {ergonomic}

Logging:
Log output configuration:
 #0: stdout all=warning uptime,level,tags
 #1: stderr all=off uptime,level,tags

Environment Variables:
JAVA_HOME=C:\Program Files (x86)\Java\jre1.8.0_241
PATH=C:\Program Files\Java\jdk-13.0.2\bin;C:\Program Files (x86)\Common Files\Oracle\Java\javapath;C:\Windows\system32;C:\Windows;C:\Windows\System32\Wbem;C:\Windows\System32\WindowsPowerShell\v1.0\;C:\Windows\System32\OpenSSH\;C:\Program Files (x86)\apache-maven-3.8.1\bin;C:\Program Files (x86)\gradle-7.1.1\bin;C:\Users\User\AppData\Local\Microsoft\WindowsApps;C:\Users\User\AppData\Local\Programs\Microsoft VS Code\bin;C:\Program Files (x86)\gradle-7.1.1\bin;
USERNAME=User
OS=Windows_NT
PROCESSOR_IDENTIFIER=Intel64 Family 6 Model 42 Stepping 7, GenuineIntel



---------------  S Y S T E M  ---------------

OS: Windows 10 , 64 bit Build 18362 (10.0.18362.1316)

CPU:total 4 (initial active 4) (2 cores per cpu, 2 threads per core) family 6 model 42 stepping 7, cmov, cx8, fxsr, mmx, sse, sse2, sse3, ssse3, sse4.1, sse4.2, popcnt, avx, aes, clmul, ht, tsc, tscinvbit

Memory: 4k page, system-wide physical 4006M (324M free)
TotalPageFile size 16294M (AvailPageFile size 0M)
current process WorkingSet (physical memory assigned to process): 34M, peak: 34M
current process commit charge ("private bytes"): 133M, peak: 134M

vm_info: Java HotSpot(TM) 64-Bit Server VM (13.0.2+8) for windows-amd64 JRE (13.0.2+8), built on Dec 11 2019 09:20:33 by "mach5one" with unknown MS VC++:1916

END.
