#
# There is insufficient memory for the Java Runtime Environment to continue.
# Native memory allocation (mmap) failed to map 117440512 bytes for Failed to commit area from 0x00000000c5600000 to 0x00000000cc600000 of length 117440512.
# Possible reasons:
#   The system is out of physical RAM or swap space
#   The process is running with CompressedOops enabled, and the Java Heap may be blocking the growth of the native heap
# Possible solutions:
#   Reduce memory load on the system
#   Increase physical memory or swap space
#   Check if swap backing store is full
#   Decrease Java heap size (-Xmx/-Xms)
#   Decrease number of Java threads
#   Decrease Java thread stack sizes (-Xss)
#   Set larger code cache with -XX:ReservedCodeCacheSize=
#   JVM is running with Unscaled Compressed Oops mode in which the Java heap is
#     placed in the first 4GB address space. The Java Heap base address is the
#     maximum limit for the native heap growth. Please use -XX:HeapBaseMinAddress
#     to set the Java Heap base and to place the Java Heap above 4GB virtual address.
# This output file may be truncated or incomplete.
#
#  Out of Memory Error (t:/workspace/open/src/hotspot/os/windows/os_windows.cpp:3301), pid=11016, tid=2192
#
# JRE version: Java(TM) SE Runtime Environment (13.0.2+8) (build 13.0.2+8)
# Java VM: Java HotSpot(TM) 64-Bit Server VM (13.0.2+8, mixed mode, sharing, tiered, compressed oops, g1 gc, windows-amd64)
# No core dump will be written. Minidumps are not enabled by default on client versions of Windows
#

---------------  S U M M A R Y ------------

Command Line: -Dfile.encoding=Cp1252 Application.Home

Host: Intel(R) Core(TM) i5-2520M CPU @ 2.50GHz, 4 cores, 3G,  Windows 10 , 64 bit Build 18362 (10.0.18362.1500)
Time: Wed Mar 20 21:46:10 2019 South Africa Standard Time elapsed time: 1 seconds (0d 0h 0m 1s)

---------------  T H R E A D  ---------------

Current thread (0x00000240f70be800):  JavaThread "Image Fetcher 0" daemon [_thread_in_vm, id=2192, stack(0x000000e01e600000,0x000000e01e700000)]

Stack: [0x000000e01e600000,0x000000e01e700000]
Native frames: (J=compiled Java code, j=interpreted, Vv=VM code, C=native code)
V  [jvm.dll+0x624f9a]
V  [jvm.dll+0x770cfa]
V  [jvm.dll+0x7724af]
V  [jvm.dll+0x772ab3]
V  [jvm.dll+0x24bf08]
V  [jvm.dll+0x6222aa]
V  [jvm.dll+0x6170b5]
V  [jvm.dll+0x30a88c]
V  [jvm.dll+0x30a6c2]
V  [jvm.dll+0x30fe36]
V  [jvm.dll+0x353f46]
V  [jvm.dll+0x353720]
V  [jvm.dll+0x2e5d5e]
V  [jvm.dll+0x2e16ff]
V  [jvm.dll+0x5be8b5]
V  [jvm.dll+0x5be33b]
V  [jvm.dll+0x1f48d5]
V  [jvm.dll+0x74b3a7]
V  [jvm.dll+0x3783ea]
C  0x00000240e26cfd37

Java frames: (J=compiled Java code, j=interpreted, Vv=VM code)
j  java.awt.image.DataBufferInt.<init>(I)V+11 java.desktop@13.0.2
j  java.awt.image.Raster.createPackedRaster(III[ILjava/awt/Point;)Ljava/awt/image/WritableRaster;+69 java.desktop@13.0.2
j  java.awt.image.DirectColorModel.createCompatibleWritableRaster(II)Ljava/awt/image/WritableRaster;+83 java.desktop@13.0.2
j  sun.awt.image.ImageRepresentation.createBufferedImage()V+18 java.desktop@13.0.2
J 648 c1 sun.awt.image.ImageRepresentation.setPixels(IIIILjava/awt/image/ColorModel;[III)V java.desktop@13.0.2 (527 bytes) @ 0x00000240e2d5056c [0x00000240e2d501e0+0x000000000000038c]
J 672% c2 sun.awt.image.PNGImageDecoder.produceImage()V java.desktop@13.0.2 (1917 bytes) @ 0x00000240ea1bc9a8 [0x00000240ea1bc1c0+0x00000000000007e8]
j  sun.awt.image.InputStreamImageSource.doFetch()V+51 java.desktop@13.0.2
j  sun.awt.image.ImageFetcher.fetchloop()V+31 java.desktop@13.0.2
j  sun.awt.image.ImageFetcher.run()V+5 java.desktop@13.0.2
v  ~StubRoutines::call_stub

---------------  P R O C E S S  ---------------

Threads class SMR info:
_java_thread_list=0x00000240f70e34d0, length=21, elements={
0x00000240f6196800, 0x00000240f619c800, 0x00000240f61b7000, 0x00000240f61b9000,
0x00000240f61ba800, 0x00000240f61c2000, 0x00000240f61c4000, 0x00000240f6c09800,
0x00000240f6bfa800, 0x00000240f6fcc800, 0x00000240f6fcd000, 0x00000240f6f48800,
0x00000240f7006000, 0x00000240da1af000, 0x00000240f70be800, 0x00000240f70ed000,
0x00000240f70f9000, 0x00000240f7144800, 0x00000240f6f4e000, 0x00000240f767a800,
0x00000240f819b000
}

Java Threads: ( => current thread )
  0x00000240f6196800 JavaThread "Reference Handler" daemon [_thread_blocked, id=5088, stack(0x000000e01d700000,0x000000e01d800000)]
  0x00000240f619c800 JavaThread "Finalizer" daemon [_thread_blocked, id=3208, stack(0x000000e01d800000,0x000000e01d900000)]
  0x00000240f61b7000 JavaThread "Signal Dispatcher" daemon [_thread_blocked, id=11668, stack(0x000000e01d900000,0x000000e01da00000)]
  0x00000240f61b9000 JavaThread "Attach Listener" daemon [_thread_blocked, id=11168, stack(0x000000e01da00000,0x000000e01db00000)]
  0x00000240f61ba800 JavaThread "C2 CompilerThread0" daemon [_thread_blocked, id=12488, stack(0x000000e01db00000,0x000000e01dc00000)]
  0x00000240f61c2000 JavaThread "C1 CompilerThread0" daemon [_thread_blocked, id=1896, stack(0x000000e01dc00000,0x000000e01dd00000)]
  0x00000240f61c4000 JavaThread "Sweeper thread" daemon [_thread_blocked, id=8420, stack(0x000000e01dd00000,0x000000e01de00000)]
  0x00000240f6c09800 JavaThread "Service Thread" daemon [_thread_blocked, id=11476, stack(0x000000e01de00000,0x000000e01df00000)]
  0x00000240f6bfa800 JavaThread "Common-Cleaner" daemon [_thread_blocked, id=12320, stack(0x000000e01e000000,0x000000e01e100000)]
  0x00000240f6fcc800 JavaThread "Java2D Disposer" daemon [_thread_blocked, id=10336, stack(0x000000e01e100000,0x000000e01e200000)]
  0x00000240f6fcd000 JavaThread "AWT-Shutdown" [_thread_blocked, id=8628, stack(0x000000e01e200000,0x000000e01e300000)]
  0x00000240f6f48800 JavaThread "AWT-Windows" daemon [_thread_in_native, id=12904, stack(0x000000e01e300000,0x000000e01e400000)]
  0x00000240f7006000 JavaThread "AWT-EventQueue-0" [_thread_blocked, id=4344, stack(0x000000e01e400000,0x000000e01e500000)]
  0x00000240da1af000 JavaThread "DestroyJavaVM" [_thread_blocked, id=1300, stack(0x000000e01d000000,0x000000e01d100000)]
=>0x00000240f70be800 JavaThread "Image Fetcher 0" daemon [_thread_in_vm, id=2192, stack(0x000000e01e600000,0x000000e01e700000)]
  0x00000240f70ed000 JavaThread "TimerQueue" daemon [_thread_blocked, id=12576, stack(0x000000e01e700000,0x000000e01e800000)]
  0x00000240f70f9000 JavaThread "Image Fetcher 1" daemon [_thread_blocked, id=3224, stack(0x000000e01e800000,0x000000e01e900000)]
  0x00000240f7144800 JavaThread "Image Fetcher 2" daemon [_thread_blocked, id=12196, stack(0x000000e01e900000,0x000000e01ea00000)]
  0x00000240f6f4e000 JavaThread "SwingWorker-pool-1-thread-1" daemon [_thread_blocked, id=6780, stack(0x000000e01ea00000,0x000000e01eb00000)]
  0x00000240f767a800 JavaThread "SwingWorker-pool-1-thread-2" daemon [_thread_blocked, id=1412, stack(0x000000e01eb00000,0x000000e01ec00000)]
  0x00000240f819b000 JavaThread "SwingWorker-pool-1-thread-3" daemon [_thread_blocked, id=11444, stack(0x000000e01ec00000,0x000000e01ed00000)]

Other Threads:
  0x00000240f6194800 VMThread "VM Thread" [stack: 0x000000e01d600000,0x000000e01d700000] [id=10600] _threads_hazard_ptr=0x00000240f70e34d0
  0x00000240f6bf9800 WatcherThread [stack: 0x000000e01df00000,0x000000e01e000000] [id=13144]
  0x00000240da1e0000 GCTaskThread "GC Thread#0" [stack: 0x000000e01d100000,0x000000e01d200000] [id=12460]
  0x00000240f81de000 GCTaskThread "GC Thread#1" [stack: 0x000000e01ed00000,0x000000e01ee00000] [id=10724]
  0x00000240f81df000 GCTaskThread "GC Thread#2" [stack: 0x000000e01ee00000,0x000000e01ef00000] [id=11792]
  0x00000240f7556800 GCTaskThread "GC Thread#3" [stack: 0x000000e01ef00000,0x000000e01f000000] [id=12752]
  0x00000240da1e9800 ConcurrentGCThread "G1 Main Marker" [stack: 0x000000e01d200000,0x000000e01d300000] [id=11932]
  0x00000240da1eb800 ConcurrentGCThread "G1 Conc#0" [stack: 0x000000e01d300000,0x000000e01d400000] [id=10480]
  0x00000240da23f800 ConcurrentGCThread "G1 Refine#0" [stack: 0x000000e01d400000,0x000000e01d500000] [id=4988]
  0x00000240f6cf2800 ConcurrentGCThread "G1 Refine#1" [stack: 0x000000e01f000000,0x000000e01f100000] [id=10660]
  0x00000240da242000 ConcurrentGCThread "G1 Young RemSet Sampling" [stack: 0x000000e01d500000,0x000000e01d600000] [id=772]

Threads with active compile tasks:

VM state:not at safepoint (normal execution)

VM Mutex/Monitor currently owned by a thread:  ([mutex/lock_event])
[0x00000240da1a9be0] Heap_lock - owner thread: 0x00000240f70be800

Heap address: 0x00000000c1600000, size: 1002 MB, Compressed Oops mode: 32-bit
Narrow klass base: 0x0000000800000000, Narrow klass shift: 3
Compressed class space size: 1073741824 Address: 0x0000000800b40000

Heap:
 garbage-first heap   total 180224K, used 6498K [0x00000000c1600000, 0x0000000100000000)
  region size 1024K, 1 young (1024K), 1 survivors (1024K)
 Metaspace       used 9288K, capacity 9561K, committed 9856K, reserved 1058816K
  class space    used 1161K, capacity 1281K, committed 1408K, reserved 1048576K
Heap Regions: E=young(eden), S=young(survivor), O=old, HS=humongous(starts), HC=humongous(continues), CS=collection set, F=free, A=archive, TAMS=top-at-mark-start (previous, next)
|   0|0x00000000c1600000, 0x00000000c1700000, 0x00000000c1700000|100%| O|  |TAMS 0x00000000c1600000, 0x00000000c1700000| Untracked 
|   1|0x00000000c1700000, 0x00000000c1800000, 0x00000000c1800000|100%| O|  |TAMS 0x00000000c1700000, 0x00000000c1800000| Untracked 
|   2|0x00000000c1800000, 0x00000000c1900000, 0x00000000c1900000|100%| O|  |TAMS 0x00000000c1800000, 0x00000000c1900000| Untracked 
|   3|0x00000000c1900000, 0x00000000c1a00000, 0x00000000c1a00000|100%| O|  |TAMS 0x00000000c1900000, 0x00000000c19e6600| Untracked 
|   4|0x00000000c1a00000, 0x00000000c1b00000, 0x00000000c1b00000|100%| O|  |TAMS 0x00000000c1a00000, 0x00000000c1a00000| Untracked 
|   5|0x00000000c1b00000, 0x00000000c1bf9e00, 0x00000000c1c00000| 97%| O|  |TAMS 0x00000000c1b00000, 0x00000000c1b00000| Untracked 
|   6|0x00000000c1c00000, 0x00000000c1c00000, 0x00000000c1d00000|  0%| F|  |TAMS 0x00000000c1c00000, 0x00000000c1c00000| Untracked 
|   7|0x00000000c1d00000, 0x00000000c1d00000, 0x00000000c1e00000|  0%| F|  |TAMS 0x00000000c1d00000, 0x00000000c1d00000| Untracked 
|   8|0x00000000c1e00000, 0x00000000c1e00000, 0x00000000c1f00000|  0%| F|  |TAMS 0x00000000c1e00000, 0x00000000c1e00000| Untracked 
|   9|0x00000000c1f00000, 0x00000000c1f00000, 0x00000000c2000000|  0%| F|  |TAMS 0x00000000c1f00000, 0x00000000c1f00000| Untracked 
|  10|0x00000000c2000000, 0x00000000c2000000, 0x00000000c2100000|  0%| F|  |TAMS 0x00000000c2000000, 0x00000000c2000000| Untracked 
|  11|0x00000000c2100000, 0x00000000c2100000, 0x00000000c2200000|  0%| F|  |TAMS 0x00000000c2100000, 0x00000000c2100000| Untracked 
|  12|0x00000000c2200000, 0x00000000c2200000, 0x00000000c2300000|  0%| F|  |TAMS 0x00000000c2200000, 0x00000000c2200000| Untracked 
|  13|0x00000000c2300000, 0x00000000c2300000, 0x00000000c2400000|  0%| F|  |TAMS 0x00000000c2300000, 0x00000000c2300000| Untracked 
|  14|0x00000000c2400000, 0x00000000c2400000, 0x00000000c2500000|  0%| F|  |TAMS 0x00000000c2400000, 0x00000000c2400000| Untracked 
|  15|0x00000000c2500000, 0x00000000c2500000, 0x00000000c2600000|  0%| F|  |TAMS 0x00000000c2500000, 0x00000000c2500000| Untracked 
|  16|0x00000000c2600000, 0x00000000c2600000, 0x00000000c2700000|  0%| F|  |TAMS 0x00000000c2600000, 0x00000000c2600000| Untracked 
|  17|0x00000000c2700000, 0x00000000c2700000, 0x00000000c2800000|  0%| F|  |TAMS 0x00000000c2700000, 0x00000000c2700000| Untracked 
|  18|0x00000000c2800000, 0x00000000c2800000, 0x00000000c2900000|  0%| F|  |TAMS 0x00000000c2800000, 0x00000000c2800000| Untracked 
|  19|0x00000000c2900000, 0x00000000c2900000, 0x00000000c2a00000|  0%| F|  |TAMS 0x00000000c2900000, 0x00000000c2900000| Untracked 
|  20|0x00000000c2a00000, 0x00000000c2a00000, 0x00000000c2b00000|  0%| F|  |TAMS 0x00000000c2a00000, 0x00000000c2a00000| Untracked 
|  21|0x00000000c2b00000, 0x00000000c2b00000, 0x00000000c2c00000|  0%| F|  |TAMS 0x00000000c2b00000, 0x00000000c2b00000| Untracked 
|  22|0x00000000c2c00000, 0x00000000c2c00000, 0x00000000c2d00000|  0%| F|  |TAMS 0x00000000c2c00000, 0x00000000c2c00000| Untracked 
|  23|0x00000000c2d00000, 0x00000000c2d00000, 0x00000000c2e00000|  0%| F|  |TAMS 0x00000000c2d00000, 0x00000000c2d00000| Untracked 
|  24|0x00000000c2e00000, 0x00000000c2e00000, 0x00000000c2f00000|  0%| F|  |TAMS 0x00000000c2e00000, 0x00000000c2e00000| Untracked 
|  25|0x00000000c2f00000, 0x00000000c2f00000, 0x00000000c3000000|  0%| F|  |TAMS 0x00000000c2f00000, 0x00000000c2f00000| Untracked 
|  26|0x00000000c3000000, 0x00000000c3000000, 0x00000000c3100000|  0%| F|  |TAMS 0x00000000c3000000, 0x00000000c3000000| Untracked 
|  27|0x00000000c3100000, 0x00000000c3100000, 0x00000000c3200000|  0%| F|  |TAMS 0x00000000c3100000, 0x00000000c3100000| Untracked 
|  28|0x00000000c3200000, 0x00000000c3200000, 0x00000000c3300000|  0%| F|  |TAMS 0x00000000c3200000, 0x00000000c3200000| Untracked 
|  29|0x00000000c3300000, 0x00000000c3300000, 0x00000000c3400000|  0%| F|  |TAMS 0x00000000c3300000, 0x00000000c3300000| Untracked 
|  30|0x00000000c3400000, 0x00000000c3400000, 0x00000000c3500000|  0%| F|  |TAMS 0x00000000c3400000, 0x00000000c3400000| Untracked 
|  31|0x00000000c3500000, 0x00000000c3500000, 0x00000000c3600000|  0%| F|  |TAMS 0x00000000c3500000, 0x00000000c3500000| Untracked 
|  32|0x00000000c3600000, 0x00000000c3600000, 0x00000000c3700000|  0%| F|  |TAMS 0x00000000c3600000, 0x00000000c3600000| Untracked 
|  33|0x00000000c3700000, 0x00000000c3700000, 0x00000000c3800000|  0%| F|  |TAMS 0x00000000c3700000, 0x00000000c3700000| Untracked 
|  34|0x00000000c3800000, 0x00000000c3800000, 0x00000000c3900000|  0%| F|  |TAMS 0x00000000c3800000, 0x00000000c3800000| Untracked 
|  35|0x00000000c3900000, 0x00000000c3900000, 0x00000000c3a00000|  0%| F|  |TAMS 0x00000000c3900000, 0x00000000c3900000| Untracked 
|  36|0x00000000c3a00000, 0x00000000c3a00000, 0x00000000c3b00000|  0%| F|  |TAMS 0x00000000c3a00000, 0x00000000c3a00000| Untracked 
|  37|0x00000000c3b00000, 0x00000000c3b00000, 0x00000000c3c00000|  0%| F|  |TAMS 0x00000000c3b00000, 0x00000000c3b00000| Untracked 
|  38|0x00000000c3c00000, 0x00000000c3c00000, 0x00000000c3d00000|  0%| F|  |TAMS 0x00000000c3c00000, 0x00000000c3c00000| Untracked 
|  39|0x00000000c3d00000, 0x00000000c3d00000, 0x00000000c3e00000|  0%| F|  |TAMS 0x00000000c3d00000, 0x00000000c3d00000| Untracked 
|  40|0x00000000c3e00000, 0x00000000c3e00000, 0x00000000c3f00000|  0%| F|  |TAMS 0x00000000c3e00000, 0x00000000c3e00000| Untracked 
|  41|0x00000000c3f00000, 0x00000000c3f00000, 0x00000000c4000000|  0%| F|  |TAMS 0x00000000c3f00000, 0x00000000c3f00000| Untracked 
|  42|0x00000000c4000000, 0x00000000c4000000, 0x00000000c4100000|  0%| F|  |TAMS 0x00000000c4000000, 0x00000000c4000000| Untracked 
|  43|0x00000000c4100000, 0x00000000c4100000, 0x00000000c4200000|  0%| F|  |TAMS 0x00000000c4100000, 0x00000000c4100000| Untracked 
|  44|0x00000000c4200000, 0x00000000c4200000, 0x00000000c4300000|  0%| F|  |TAMS 0x00000000c4200000, 0x00000000c4200000| Untracked 
|  45|0x00000000c4300000, 0x00000000c4300000, 0x00000000c4400000|  0%| F|  |TAMS 0x00000000c4300000, 0x00000000c4300000| Untracked 
|  46|0x00000000c4400000, 0x00000000c4400000, 0x00000000c4500000|  0%| F|  |TAMS 0x00000000c4400000, 0x00000000c4400000| Untracked 
|  47|0x00000000c4500000, 0x00000000c4500000, 0x00000000c4600000|  0%| F|  |TAMS 0x00000000c4500000, 0x00000000c4500000| Untracked 
|  48|0x00000000c4600000, 0x00000000c4600000, 0x00000000c4700000|  0%| F|  |TAMS 0x00000000c4600000, 0x00000000c4600000| Untracked 
|  49|0x00000000c4700000, 0x00000000c4700000, 0x00000000c4800000|  0%| F|  |TAMS 0x00000000c4700000, 0x00000000c4700000| Untracked 
|  50|0x00000000c4800000, 0x00000000c4800000, 0x00000000c4900000|  0%| F|  |TAMS 0x00000000c4800000, 0x00000000c4800000| Untracked 
|  51|0x00000000c4900000, 0x00000000c4900000, 0x00000000c4a00000|  0%| F|  |TAMS 0x00000000c4900000, 0x00000000c4900000| Untracked 
|  52|0x00000000c4a00000, 0x00000000c4a00000, 0x00000000c4b00000|  0%| F|  |TAMS 0x00000000c4a00000, 0x00000000c4a00000| Untracked 
|  53|0x00000000c4b00000, 0x00000000c4b00000, 0x00000000c4c00000|  0%| F|  |TAMS 0x00000000c4b00000, 0x00000000c4b00000| Untracked 
|  54|0x00000000c4c00000, 0x00000000c4c00000, 0x00000000c4d00000|  0%| F|  |TAMS 0x00000000c4c00000, 0x00000000c4c00000| Untracked 
|  55|0x00000000c4d00000, 0x00000000c4d00000, 0x00000000c4e00000|  0%| F|  |TAMS 0x00000000c4d00000, 0x00000000c4d00000| Untracked 
|  56|0x00000000c4e00000, 0x00000000c4e00000, 0x00000000c4f00000|  0%| F|  |TAMS 0x00000000c4e00000, 0x00000000c4e00000| Untracked 
|  57|0x00000000c4f00000, 0x00000000c4f00000, 0x00000000c5000000|  0%| F|  |TAMS 0x00000000c4f00000, 0x00000000c4f00000| Untracked 
|  58|0x00000000c5000000, 0x00000000c5000000, 0x00000000c5100000|  0%| F|  |TAMS 0x00000000c5000000, 0x00000000c5000000| Untracked 
|  59|0x00000000c5100000, 0x00000000c5100000, 0x00000000c5200000|  0%| F|  |TAMS 0x00000000c5100000, 0x00000000c5100000| Untracked 
|  60|0x00000000c5200000, 0x00000000c5200000, 0x00000000c5300000|  0%| F|  |TAMS 0x00000000c5200000, 0x00000000c5200000| Untracked 
|  61|0x00000000c5300000, 0x00000000c5300000, 0x00000000c5400000|  0%| F|  |TAMS 0x00000000c5300000, 0x00000000c5300000| Untracked 
|  62|0x00000000c5400000, 0x00000000c545ed90, 0x00000000c5500000| 37%| S|CS|TAMS 0x00000000c5400000, 0x00000000c5400000| Complete 
|  63|0x00000000c5500000, 0x00000000c5500000, 0x00000000c5600000|  0%| F|  |TAMS 0x00000000c5500000, 0x00000000c5500000| Untracked 

Card table byte_map: [0x00000240f18b0000,0x00000240f1ab0000] _byte_map_base: 0x00000240f12a5000

Marking Bits (Prev, Next): (CMBitMap*) 0x00000240da1e0a78, (CMBitMap*) 0x00000240da1e0ab8
 Prev Bits: [0x00000240f1cb0000, 0x00000240f2c58000)
 Next Bits: [0x00000240f2c60000, 0x00000240f3c08000)

Polling page: 0x00000240d8340000

Metaspace:

Usage:
  Non-class:      8.09 MB capacity,     7.94 MB ( 98%) used,   133.20 KB (  2%) free+waste,    20.63 KB ( <1%) overhead. 
      Class:      1.25 MB capacity,     1.13 MB ( 91%) used,   105.84 KB (  8%) free+waste,    13.25 KB (  1%) overhead. 
       Both:      9.34 MB capacity,     9.07 MB ( 97%) used,   239.04 KB (  3%) free+waste,    33.88 KB ( <1%) overhead. 

Virtual space:
  Non-class space:       10.00 MB reserved,       8.25 MB ( 83%) committed 
      Class space:        1.00 GB reserved,       1.38 MB ( <1%) committed 
             Both:        1.01 GB reserved,       9.63 MB ( <1%) committed 

Chunk freelists:
   Non-Class:  40.00 KB
       Class:  0 bytes
        Both:  40.00 KB

MaxMetaspaceSize: 17179869184.00 GB
CompressedClassSpaceSize: 1.00 GB

CodeHeap 'non-profiled nmethods': size=120000Kb used=349Kb max_used=349Kb free=119650Kb
 bounds [0x00000240ea180000, 0x00000240ea3f0000, 0x00000240f16b0000]
CodeHeap 'profiled nmethods': size=120000Kb used=1484Kb max_used=1484Kb free=118515Kb
 bounds [0x00000240e2c50000, 0x00000240e2ec0000, 0x00000240ea180000]
CodeHeap 'non-nmethods': size=5760Kb used=1267Kb max_used=1312Kb free=4492Kb
 bounds [0x00000240e26b0000, 0x00000240e2920000, 0x00000240e2c50000]
 total_blobs=1828 nmethods=822 adapters=456
 compilation: enabled
              stopped_count=0, restarted_count=0
 full_count=0

Compilation events (20 events):
Event: 1.442 Thread 0x00000240f61c2000  868       3       java.lang.invoke.LambdaForm$Name::internArguments (59 bytes)
Event: 1.442 Thread 0x00000240f61c2000 nmethod 868 0x00000240e2dbee10 code [0x00000240e2dbf000, 0x00000240e2dbf7b0]
Event: 1.442 Thread 0x00000240f61c2000  869       3       java.lang.invoke.LambdaFormBuffer::changeName (149 bytes)
Event: 1.443 Thread 0x00000240f61c2000 nmethod 869 0x00000240e2dbf990 code [0x00000240e2dbfb80, 0x00000240e2dc0150]
Event: 1.443 Thread 0x00000240f61c2000  870       3       java.lang.invoke.LambdaFormBuffer::ownedCount (7 bytes)
Event: 1.443 Thread 0x00000240f61c2000 nmethod 870 0x00000240e2dc0310 code [0x00000240e2dc04a0, 0x00000240e2dc0618]
Event: 1.443 Thread 0x00000240f61c2000  872       3       java.lang.invoke.MethodTypeForm::pack (54 bytes)
Event: 1.444 Thread 0x00000240f61c2000 nmethod 872 0x00000240e2dc0690 code [0x00000240e2dc0820, 0x00000240e2dc0998]
Event: 1.454 Thread 0x00000240f61c2000  875   !   3       java.lang.ref.ReferenceQueue::enqueue (119 bytes)
Event: 1.455 Thread 0x00000240f61c2000 nmethod 875 0x00000240e2dc0a10 code [0x00000240e2dc0c00, 0x00000240e2dc1450]
Event: 1.456 Thread 0x00000240f61c2000  877       3       java.lang.ref.Reference::clear (6 bytes)
Event: 1.456 Thread 0x00000240f61c2000 nmethod 877 0x00000240e2dc1610 code [0x00000240e2dc17c0, 0x00000240e2dc1958]
Event: 1.456 Thread 0x00000240f61c2000  879   !   3       jdk.internal.ref.PhantomCleanable::remove (60 bytes)
Event: 1.457 Thread 0x00000240f61c2000 nmethod 879 0x00000240e2dc1a10 code [0x00000240e2dc1be0, 0x00000240e2dc2138]
Event: 1.458 Thread 0x00000240f61c2000  880       3       java.lang.ref.ReferenceQueue::reallyPoll (65 bytes)
Event: 1.458 Thread 0x00000240f61c2000 nmethod 880 0x00000240e2dc2310 code [0x00000240e2dc24e0, 0x00000240e2dc2a78]
Event: 1.460 Thread 0x00000240f61c2000  881       3       jdk.internal.ref.PhantomCleanable::clean (16 bytes)
Event: 1.461 Thread 0x00000240f61c2000 nmethod 881 0x00000240e2dc2b90 code [0x00000240e2dc2d60, 0x00000240e2dc30a0]
Event: 1.461 Thread 0x00000240f61c2000  882       3       jdk.internal.ref.CleanerImpl$PhantomCleanableRef::performCleanup (10 bytes)
Event: 1.461 Thread 0x00000240f61c2000 nmethod 882 0x00000240e2dc3190 code [0x00000240e2dc3340, 0x00000240e2dc3590]

GC Heap History (4 events):
Event: 1.446 GC heap before
{Heap before GC invocations=0 (full 0):
 garbage-first heap   total 65536K, used 13312K [0x00000000c1600000, 0x0000000100000000)
  region size 1024K, 14 young (14336K), 0 survivors (0K)
 Metaspace       used 9284K, capacity 9561K, committed 9856K, reserved 1058816K
  class space    used 1161K, capacity 1281K, committed 1408K, reserved 1048576K
}
Event: 1.454 GC heap after
{Heap after GC invocations=1 (full 0):
 garbage-first heap   total 65536K, used 6041K [0x00000000c1600000, 0x0000000100000000)
  region size 1024K, 2 young (2048K), 2 survivors (2048K)
 Metaspace       used 9284K, capacity 9561K, committed 9856K, reserved 1058816K
  class space    used 1161K, capacity 1281K, committed 1408K, reserved 1048576K
}
Event: 1.462 GC heap before
{Heap before GC invocations=1 (full 0):
 garbage-first heap   total 65536K, used 6041K [0x00000000c1600000, 0x0000000100000000)
  region size 1024K, 3 young (3072K), 2 survivors (2048K)
 Metaspace       used 9288K, capacity 9561K, committed 9856K, reserved 1058816K
  class space    used 1161K, capacity 1281K, committed 1408K, reserved 1048576K
}
Event: 1.465 GC heap after
{Heap after GC invocations=2 (full 0):
 garbage-first heap   total 65536K, used 6498K [0x00000000c1600000, 0x0000000100000000)
  region size 1024K, 1 young (1024K), 1 survivors (1024K)
 Metaspace       used 9288K, capacity 9561K, committed 9856K, reserved 1058816K
  class space    used 1161K, capacity 1281K, committed 1408K, reserved 1048576K
}

Deoptimization events (20 events):
Event: 1.460 Thread 0x00000240f70be800 DEOPT PACKING pc=0x00000240e2d2f89f sp=0x000000e01e6feb00
Event: 1.460 Thread 0x00000240f70be800 DEOPT UNPACKING pc=0x00000240e26f964e sp=0x000000e01e6fdfd0 mode 0
Event: 1.460 Thread 0x00000240f70be800 DEOPT PACKING pc=0x00000240e2d2f89f sp=0x000000e01e6feb00
Event: 1.460 Thread 0x00000240f70be800 DEOPT UNPACKING pc=0x00000240e26f964e sp=0x000000e01e6fdfd0 mode 0
Event: 1.460 Thread 0x00000240f70be800 DEOPT PACKING pc=0x00000240e2d2f89f sp=0x000000e01e6feb00
Event: 1.460 Thread 0x00000240f70be800 DEOPT UNPACKING pc=0x00000240e26f964e sp=0x000000e01e6fdfd0 mode 0
Event: 1.461 Thread 0x00000240f70be800 DEOPT PACKING pc=0x00000240e2d2f89f sp=0x000000e01e6feb00
Event: 1.461 Thread 0x00000240f70be800 DEOPT UNPACKING pc=0x00000240e26f964e sp=0x000000e01e6fdfd0 mode 0
Event: 1.461 Thread 0x00000240f70be800 DEOPT PACKING pc=0x00000240e2d2f89f sp=0x000000e01e6feb00
Event: 1.461 Thread 0x00000240f70be800 DEOPT UNPACKING pc=0x00000240e26f964e sp=0x000000e01e6fdfd0 mode 0
Event: 1.461 Thread 0x00000240f70be800 DEOPT PACKING pc=0x00000240e2d2f89f sp=0x000000e01e6feb00
Event: 1.461 Thread 0x00000240f70be800 DEOPT UNPACKING pc=0x00000240e26f964e sp=0x000000e01e6fdfd0 mode 0
Event: 1.461 Thread 0x00000240f70be800 DEOPT PACKING pc=0x00000240e2d2f89f sp=0x000000e01e6feb00
Event: 1.461 Thread 0x00000240f70be800 DEOPT UNPACKING pc=0x00000240e26f964e sp=0x000000e01e6fdfd0 mode 0
Event: 1.461 Thread 0x00000240f70be800 DEOPT PACKING pc=0x00000240e2d2f89f sp=0x000000e01e6feb00
Event: 1.461 Thread 0x00000240f70be800 DEOPT UNPACKING pc=0x00000240e26f964e sp=0x000000e01e6fdfd0 mode 0
Event: 1.461 Thread 0x00000240f70be800 DEOPT PACKING pc=0x00000240e2d2f89f sp=0x000000e01e6feb00
Event: 1.461 Thread 0x00000240f70be800 DEOPT UNPACKING pc=0x00000240e26f964e sp=0x000000e01e6fdfd0 mode 0
Event: 1.461 Thread 0x00000240f70be800 DEOPT PACKING pc=0x00000240e2d6ebd8 sp=0x000000e01e6fecd0
Event: 1.461 Thread 0x00000240f70be800 DEOPT UNPACKING pc=0x00000240e26f964e sp=0x000000e01e6fe260 mode 0

Classes unloaded (0 events):
No events

Classes redefined (0 events):
No events

Internal exceptions (14 events):
Event: 0.436 Thread 0x00000240da1af000 Exception <a 'java/lang/ClassNotFoundException'{0x00000000c530ba78}: sun/awt/resources/spi/awtProvider> (0x00000000c530ba78) 
thrown [t:/workspace/open/src/hotspot/share/classfile/systemDictionary.cpp, line 232]
Event: 0.485 Thread 0x00000240da1af000 Exception <a 'java/io/FileNotFoundException'{0x00000000c5362b88}> (0x00000000c5362b88) 
thrown [t:/workspace/open/src/hotspot/share/prims/jni.cpp, line 598]
Event: 0.513 Thread 0x00000240da1af000 Exception <a 'java/io/FileNotFoundException'{0x00000000c5389168}> (0x00000000c5389168) 
thrown [t:/workspace/open/src/hotspot/share/prims/jni.cpp, line 598]
Event: 0.614 Thread 0x00000240f6f48800 Exception <a 'java/lang/NoSuchMethodError'{0x00000000c514d1f0}: 'void java.lang.invoke.DirectMethodHandle$Holder.invokeSpecial(java.lang.Object, java.lang.Object)'> (0x00000000c514d1f0) 
thrown [t:/workspace/open/src/hotspot/share/interpreter/linkResolver.cpp, line 767]
Event: 0.700 Thread 0x00000240f7006000 Exception <a 'java/lang/NoSuchMethodError'{0x00000000c504acb0}: 'java.lang.Object java.lang.invoke.DirectMethodHandle$Holder.invokeStatic(java.lang.Object, int, java.lang.Object, java.lang.Object, java.lang.Object, java.lang.Object)'> (0x00000000c504acb0) 
thrown [t:/workspace/open/src/hotspot/share/interpreter/linkResolver.cpp, line 767]
Event: 0.701 Thread 0x00000240f7006000 Exception <a 'java/lang/NoSuchMethodError'{0x00000000c5051610}: 'java.lang.Object java.lang.invoke.DirectMethodHandle$Holder.invokeStatic(java.lang.Object, int, java.lang.Object, java.lang.Object, java.lang.Object)'> (0x00000000c5051610) 
thrown [t:/workspace/open/src/hotspot/share/interpreter/linkResolver.cpp, line 767]
Event: 0.702 Thread 0x00000240f7006000 Exception <a 'java/lang/NoSuchMethodError'{0x00000000c5054e78}: 'java.lang.Object java.lang.invoke.DirectMethodHandle$Holder.invokeSpecial(java.lang.Object, java.lang.Object, int, java.lang.Object, java.lang.Object, java.lang.Object)'> (0x00000000c5054e78) 
thrown [t:/workspace/open/src/hotspot/share/interpreter/linkResolver.cpp, line 767]
Event: 0.706 Thread 0x00000240f7006000 Exception <a 'java/lang/NoSuchMethodError'{0x00000000c506b1a0}: 'java.lang.Object java.lang.invoke.DirectMethodHandle$Holder.invokeStatic(java.lang.Object, int, java.lang.Object)'> (0x00000000c506b1a0) 
thrown [t:/workspace/open/src/hotspot/share/interpreter/linkResolver.cpp, line 767]
Event: 0.758 Thread 0x00000240f7006000 Exception <a 'java/lang/ClassNotFoundException'{0x00000000c4f0e9e0}: com/sun/swing/internal/plaf/metal/resources/spi/metalProvider> (0x00000000c4f0e9e0) 
thrown [t:/workspace/open/src/hotspot/share/classfile/systemDictionary.cpp, line 232]
Event: 0.761 Thread 0x00000240f7006000 Exception <a 'java/lang/ClassNotFoundException'{0x00000000c4f12a88}: com/sun/swing/internal/plaf/basic/resources/spi/basicProvider> (0x00000000c4f12a88) 
thrown [t:/workspace/open/src/hotspot/share/classfile/systemDictionary.cpp, line 232]
Event: 0.842 Thread 0x00000240f7006000 Exception <a 'java/net/UnknownHostException'{0x00000000c4f49b58}> (0x00000000c4f49b58) 
thrown [t:/workspace/open/src/hotspot/share/prims/jni.cpp, line 598]
Event: 1.373 Thread 0x00000240f819b000 Exception <a 'java/lang/NullPointerException'{0x00000000c48080b0}> (0x00000000c48080b0) 
thrown [t:/workspace/open/src/hotspot/share/interpreter/linkResolver.cpp, line 1349]
Event: 1.405 Thread 0x00000240f7006000 Exception <a 'java/lang/NoSuchMethodError'{0x00000000c48a0128}: 'void java.lang.invoke.DirectMethodHandle$Holder.invokeStaticInit(java.lang.Object)'> (0x00000000c48a0128) 
thrown [t:/workspace/open/src/hotspot/share/interpreter/linkResolver.cpp, line 767]
Event: 1.444 Thread 0x00000240f7006000 Exception <a 'java/lang/NoSuchMethodError'{0x00000000c48f7638}: 'java.lang.Object java.lang.invoke.Invokers$Holder.linkToTargetMethod(java.lang.Object, int, java.lang.Object)'> (0x00000000c48f7638) 
thrown [t:/workspace/open/src/hotspot/share/interpreter/linkResolver.cpp, line 767]

Events (20 events):
Event: 1.459 Executing VM operation: RevokeBias
Event: 1.459 Executing VM operation: RevokeBias done
Event: 1.459 Executing VM operation: RevokeBias
Event: 1.459 Executing VM operation: RevokeBias done
Event: 1.459 Executing VM operation: RevokeBias
Event: 1.459 Executing VM operation: RevokeBias done
Event: 1.459 Executing VM operation: RevokeBias
Event: 1.459 Executing VM operation: RevokeBias done
Event: 1.459 Executing VM operation: RevokeBias
Event: 1.459 Executing VM operation: RevokeBias done
Event: 1.459 Executing VM operation: RevokeBias
Event: 1.460 Executing VM operation: RevokeBias done
Event: 1.460 Executing VM operation: RevokeBias
Event: 1.460 Executing VM operation: RevokeBias done
Event: 1.460 Executing VM operation: BulkRevokeBias
Event: 1.460 Executing VM operation: BulkRevokeBias done
Event: 1.461 Executing VM operation: RevokeBias
Event: 1.461 Executing VM operation: RevokeBias done
Event: 1.462 Executing VM operation: G1CollectForAllocation
Event: 1.465 Executing VM operation: G1CollectForAllocation done


Dynamic libraries:
0x00007ff783360000 - 0x00007ff78336f000 	C:\Program Files\Java\jdk-13.0.2\bin\javaw.exe
0x00007ff843220000 - 0x00007ff843410000 	C:\Windows\SYSTEM32\ntdll.dll
0x00007ff841670000 - 0x00007ff841722000 	C:\Windows\System32\KERNEL32.DLL
0x00007ff840fa0000 - 0x00007ff841245000 	C:\Windows\System32\KERNELBASE.dll
0x00007ff840940000 - 0x00007ff840a3a000 	C:\Windows\System32\ucrtbase.dll
0x00007ff838970000 - 0x00007ff838988000 	C:\Program Files\Java\jdk-13.0.2\bin\jli.dll
0x00007ff842e80000 - 0x00007ff842f23000 	C:\Windows\System32\ADVAPI32.dll
0x00007ff842650000 - 0x00007ff8426ee000 	C:\Windows\System32\msvcrt.dll
0x00007ff8424e0000 - 0x00007ff842577000 	C:\Windows\System32\sechost.dll
0x00007ff843090000 - 0x00007ff8431af000 	C:\Windows\System32\RPCRT4.dll
0x00007ff842340000 - 0x00007ff8424d4000 	C:\Windows\System32\USER32.dll
0x00007ff840d30000 - 0x00007ff840d51000 	C:\Windows\System32\win32u.dll
0x00007ff842870000 - 0x00007ff842896000 	C:\Windows\System32\GDI32.dll
0x00007ff840a40000 - 0x00007ff840bd8000 	C:\Windows\System32\gdi32full.dll
0x00007ff840c90000 - 0x00007ff840d2e000 	C:\Windows\System32\msvcp_win.dll
0x00007ff83acf0000 - 0x00007ff83ad05000 	C:\Program Files\Java\jdk-13.0.2\bin\VCRUNTIME140.dll
0x00007ff8343e0000 - 0x00007ff834664000 	C:\Windows\WinSxS\amd64_microsoft.windows.common-controls_6595b64144ccf1df_6.0.18362.1556_none_9e7e372fe45e41d5\COMCTL32.dll
0x00007ff8412a0000 - 0x00007ff8415d6000 	C:\Windows\System32\combase.dll
0x00007ff840d80000 - 0x00007ff840e01000 	C:\Windows\System32\bcryptPrimitives.dll
0x00007ff834b40000 - 0x00007ff834b4a000 	C:\Windows\SYSTEM32\VERSION.dll
0x00007ff842d10000 - 0x00007ff842d3e000 	C:\Windows\System32\IMM32.DLL
0x00007ff838610000 - 0x00007ff8386ab000 	C:\Program Files\Java\jdk-13.0.2\bin\msvcp140.dll
0x00007ff812930000 - 0x00007ff81348d000 	C:\Program Files\Java\jdk-13.0.2\bin\server\jvm.dll
0x00007ff842760000 - 0x00007ff842768000 	C:\Windows\System32\PSAPI.DLL
0x00007ff83af00000 - 0x00007ff83af09000 	C:\Windows\SYSTEM32\WSOCK32.dll
0x00007ff8427f0000 - 0x00007ff84285f000 	C:\Windows\System32\WS2_32.dll
0x00007ff83d8c0000 - 0x00007ff83d8e4000 	C:\Windows\SYSTEM32\WINMM.dll
0x00007ff83d890000 - 0x00007ff83d8bd000 	C:\Windows\SYSTEM32\WINMMBASE.dll
0x00007ff841250000 - 0x00007ff84129a000 	C:\Windows\System32\cfgmgr32.dll
0x00007ff8400b0000 - 0x00007ff8400c1000 	C:\Windows\System32\kernel.appcore.dll
0x00007ff83ab40000 - 0x00007ff83ab50000 	C:\Program Files\Java\jdk-13.0.2\bin\verify.dll
0x00007ff832b40000 - 0x00007ff832d34000 	C:\Windows\SYSTEM32\DBGHELP.DLL
0x00007ff832af0000 - 0x00007ff832b1a000 	C:\Windows\SYSTEM32\dbgcore.DLL
0x00007ff835a40000 - 0x00007ff835a66000 	C:\Program Files\Java\jdk-13.0.2\bin\java.dll
0x00007ff8372c0000 - 0x00007ff8372d7000 	C:\Program Files\Java\jdk-13.0.2\bin\zip.dll
0x00007ff837cf0000 - 0x00007ff837cfa000 	C:\Program Files\Java\jdk-13.0.2\bin\jimage.dll
0x00007ff841a60000 - 0x00007ff842147000 	C:\Windows\System32\SHELL32.dll
0x00007ff841730000 - 0x00007ff8417d8000 	C:\Windows\System32\shcore.dll
0x00007ff840160000 - 0x00007ff8408db000 	C:\Windows\System32\windows.storage.dll
0x00007ff840120000 - 0x00007ff84013e000 	C:\Windows\System32\profapi.dll
0x00007ff8400d0000 - 0x00007ff84011a000 	C:\Windows\System32\powrprof.dll
0x00007ff8400a0000 - 0x00007ff8400b0000 	C:\Windows\System32\UMPDC.dll
0x00007ff842d40000 - 0x00007ff842d92000 	C:\Windows\System32\shlwapi.dll
0x00007ff840d60000 - 0x00007ff840d77000 	C:\Windows\System32\cryptsp.dll
0x00007ff835a20000 - 0x00007ff835a39000 	C:\Program Files\Java\jdk-13.0.2\bin\net.dll
0x00007ff836220000 - 0x00007ff83631a000 	C:\Windows\SYSTEM32\WINHTTP.dll
0x00007ff83f8e0000 - 0x00007ff83f947000 	C:\Windows\system32\mswsock.dll
0x00007ff835a00000 - 0x00007ff835a13000 	C:\Program Files\Java\jdk-13.0.2\bin\nio.dll
0x00007ff81ce20000 - 0x00007ff81cfb9000 	C:\Program Files\Java\jdk-13.0.2\bin\awt.dll
0x00007ff8417e0000 - 0x00007ff8418a5000 	C:\Windows\System32\OLEAUT32.dll
0x00007ff83e120000 - 0x00007ff83e1af000 	C:\Windows\SYSTEM32\apphelp.dll
0x00007ff83e2d0000 - 0x00007ff83e369000 	C:\Windows\system32\uxtheme.dll
0x00007ff842150000 - 0x00007ff842285000 	C:\Windows\System32\MSCTF.dll
0x00007ff842f30000 - 0x00007ff843087000 	C:\Windows\System32\ole32.dll
0x00007ff83e3c0000 - 0x00007ff83e3ed000 	C:\Windows\system32\DWMAPI.DLL
0x00007ff81bf80000 - 0x00007ff81c0d6000 	C:\Windows\system32\opengl32.dll
0x00007ff82d6c0000 - 0x00007ff82d6ec000 	C:\Windows\SYSTEM32\GLU32.dll
0x00007ff83ece0000 - 0x00007ff83ed00000 	C:\Windows\SYSTEM32\dxcore.dll
0x00007ff83f630000 - 0x00007ff83f6fb000 	C:\Windows\SYSTEM32\DNSAPI.dll
0x00007ff842750000 - 0x00007ff842758000 	C:\Windows\System32\NSI.dll
0x00007ff83f5f0000 - 0x00007ff83f62a000 	C:\Windows\SYSTEM32\IPHLPAPI.DLL
0x00007ff8364b0000 - 0x00007ff8364ba000 	C:\Windows\System32\rasadhlp.dll
0x00007ff81d7e0000 - 0x00007ff81d862000 	C:\Program Files\Java\jdk-13.0.2\bin\freetype.dll
0x00007ff81bed0000 - 0x00007ff81bf76000 	C:\Program Files\Java\jdk-13.0.2\bin\fontmanager.dll

dbghelp: loaded successfully - version: 4.0.5 - missing functions: none
symbol engine: initialized successfully - sym options: 0x614 - pdb path: .;C:\Program Files\Java\jdk-13.0.2\bin;C:\Windows\SYSTEM32;C:\Windows\WinSxS\amd64_microsoft.windows.common-controls_6595b64144ccf1df_6.0.18362.1556_none_9e7e372fe45e41d5;C:\Program Files\Java\jdk-13.0.2\bin\server

VM Arguments:
jvm_args: -Dfile.encoding=Cp1252 
java_command: Application.Home
java_class_path (initial): C:\Users\User\Desktop\Programmes\Java\Workspace\DriveOperations\target\classes;C:\Users\User\Desktop\Libraries\jgoodies-common-1.8.0.jar;C:\Users\User\Desktop\Libraries\jgoodies-forms-1.8.0.jar;C:\Users\User\Desktop\Libraries\miglayout15-swing.jar;C:\Users\User\Downloads\javax.mail.jar;C:\Users\User\Downloads\activation-1.1.1.jar;C:\Users\User\Downloads\jcalendar-1.4.jar;C:\Users\User\Downloads\jfreechart-1.0.19\lib\jcommon-1.0.23.jar;C:\Users\User\Downloads\jfreechart-1.0.19\lib\jfreechart-1.0.19.jar;C:\Users\User\Downloads\commons-net-3.8.0\commons-net-3.8.0.jar;C:\Users\User\Documents\Libs\comm-2.0.jar;C:\Users\User\Documents\Libs\http-2.2.1.jar;C:\Users\User\Documents\Libs\mysql-connector-java-5.1.45.jar;C:\Users\User\Downloads\JTattoo-1.6.13.jar;C:\Users\User\Desktop\Libs\jmespath-java-1.11.470.jar;C:\Users\User\Desktop\Libs\aws-java-sdk-core-1.12.65.jar;C:\Users\User\Desktop\Libs\aws-java-sdk-kms-1.12.65.jar;C:\Users\User\Desktop\Libs\aws-java-sdk-s3-1.12.65.jar;C:\Users\User\Desktop\Libs\commons-codec-1.15.jar;C:\Users\User\Desktop\Libs\commons-logging-1.1.3.jar;C:\Users\User\Desktop\Libs\httpclient-4.5.13.jar;C:\Users\User\Desktop\Libs\ion-java-1.0.2.jar;C:\Users\User\Desktop\Libs\jackson-annotations-2.12.3.jar;C:\Users\User\Desktop\Libs\jackson-core-2.12.3.jar;C:\Users\User\Desktop\Libs\jackson-databind-2.12.3.jar;C:\Users\User\Desktop\Libs\jackson-dataformat-cbor-2.12.3.jar;C:\Users\User\Desktop\Libs\jmespath-java-1.12.65.jar;C:\Users\User\Desktop\Libs\joda-time-2.8.1.jar;C:\Users\User\.m2\repository\com\amazonaws\aws-java-sdk-s3\1.12.65\aws-java-sdk-s3-1.12.65.jar;C:\Users\User\.m2\repository\com\amazonaws\aws-java-sdk-kms\1.12.65\aws-java-sdk-kms-1.12.65.jar;C:\Users\User\.m2\repository\com\amazonaws\aws-java-sdk-core\1.12.65\aws-java-sdk-core-1.12.65.jar;C:\Users\User\.m2\repository\commons-logging\commons-logging\1.1.3\commons-logging-1.1.3.jar;C:\Users\User\.m2\repository\commons-codec\commons-codec\1.15\commons-codec-1.15
Launcher Type: SUN_STANDARD

[Global flags]
     intx CICompilerCount                          = 3                                         {product} {ergonomic}
     uint ConcGCThreads                            = 1                                         {product} {ergonomic}
     uint G1ConcRefinementThreads                  = 4                                         {product} {ergonomic}
   size_t G1HeapRegionSize                         = 1048576                                   {product} {ergonomic}
    uintx GCDrainStackTargetSize                   = 64                                        {product} {ergonomic}
   size_t InitialHeapSize                          = 67108864                                  {product} {ergonomic}
   size_t MarkStackSize                            = 4194304                                   {product} {ergonomic}
   size_t MaxHeapSize                              = 1050673152                                {product} {ergonomic}
   size_t MaxNewSize                               = 630194176                                 {product} {ergonomic}
   size_t MinHeapDeltaBytes                        = 1048576                                   {product} {ergonomic}
   size_t MinHeapSize                              = 8388608                                   {product} {ergonomic}
    uintx NonNMethodCodeHeapSize                   = 5832780                                {pd product} {ergonomic}
    uintx NonProfiledCodeHeapSize                  = 122912730                              {pd product} {ergonomic}
    uintx ProfiledCodeHeapSize                     = 122912730                              {pd product} {ergonomic}
    uintx ReservedCodeCacheSize                    = 251658240                              {pd product} {ergonomic}
     bool SegmentedCodeCache                       = true                                      {product} {ergonomic}
   size_t SoftMaxHeapSize                          = 1050673152                             {manageable} {ergonomic}
     bool UseCompressedClassPointers               = true                                 {lp64_product} {ergonomic}
     bool UseCompressedOops                        = true                                 {lp64_product} {ergonomic}
     bool UseG1GC                                  = true                                      {product} {ergonomic}
     bool UseLargePagesIndividualAllocation        = false                                  {pd product} {ergonomic}

Logging:
Log output configuration:
 #0: stdout all=warning uptime,level,tags
 #1: stderr all=off uptime,level,tags

Environment Variables:
JAVA_HOME=C:\Program Files (x86)\Java\jre1.8.0_241
PATH=C:\Program Files\Java\jdk-13.0.2\bin;C:\Program Files (x86)\Common Files\Oracle\Java\javapath;C:\Windows\system32;C:\Windows;C:\Windows\System32\Wbem;C:\Windows\System32\WindowsPowerShell\v1.0\;C:\Windows\System32\OpenSSH\;C:\Program Files (x86)\apache-maven-3.8.1\bin;C:\Program Files (x86)\gradle-7.1.1\bin;C:\Users\User\AppData\Local\Microsoft\WindowsApps;C:\Users\User\AppData\Local\Programs\Microsoft VS Code\bin;C:\Program Files (x86)\gradle-7.1.1\bin;C:\Users\User\Downloads\platform-tools;
USERNAME=User
OS=Windows_NT
PROCESSOR_IDENTIFIER=Intel64 Family 6 Model 42 Stepping 7, GenuineIntel



---------------  S Y S T E M  ---------------

OS: Windows 10 , 64 bit Build 18362 (10.0.18362.1500)

CPU:total 4 (initial active 4) (2 cores per cpu, 2 threads per core) family 6 model 42 stepping 7, cmov, cx8, fxsr, mmx, sse, sse2, sse3, ssse3, sse4.1, sse4.2, popcnt, avx, aes, clmul, ht, tsc, tscinvbit

Memory: 4k page, system-wide physical 4006M (288M free)
TotalPageFile size 16291M (AvailPageFile size 57M)
current process WorkingSet (physical memory assigned to process): 83M, peak: 87M
current process commit charge ("private bytes"): 163M, peak: 272M

vm_info: Java HotSpot(TM) 64-Bit Server VM (13.0.2+8) for windows-amd64 JRE (13.0.2+8), built on Dec 11 2019 09:20:33 by "mach5one" with unknown MS VC++:1916

END.
