#
# There is insufficient memory for the Java Runtime Environment to continue.
# Native memory allocation (malloc) failed to allocate 32744 bytes for ChunkPool::allocate
# Possible reasons:
#   The system is out of physical RAM or swap space
#   The process is running with CompressedOops enabled, and the Java Heap may be blocking the growth of the native heap
# Possible solutions:
#   Reduce memory load on the system
#   Increase physical memory or swap space
#   Check if swap backing store is full
#   Decrease Java heap size (-Xmx/-Xms)
#   Decrease number of Java threads
#   Decrease Java thread stack sizes (-Xss)
#   Set larger code cache with -XX:ReservedCodeCacheSize=
#   JVM is running with Unscaled Compressed Oops mode in which the Java heap is
#     placed in the first 4GB address space. The Java Heap base address is the
#     maximum limit for the native heap growth. Please use -XX:HeapBaseMinAddress
#     to set the Java Heap base and to place the Java Heap above 4GB virtual address.
# This output file may be truncated or incomplete.
#
#  Out of Memory Error (t:/workspace/open/src/hotspot/share/memory/arena.cpp:80), pid=18176, tid=18056
#
# JRE version: Java(TM) SE Runtime Environment (13.0.2+8) (build 13.0.2+8)
# Java VM: Java HotSpot(TM) 64-Bit Server VM (13.0.2+8, mixed mode, sharing, tiered, compressed oops, g1 gc, windows-amd64)
# No core dump will be written. Minidumps are not enabled by default on client versions of Windows
#

---------------  S U M M A R Y ------------

Command Line: -Dfile.encoding=Cp1252 Stats.StatsPane

Host: Intel(R) Core(TM) i5-2520M CPU @ 2.50GHz, 4 cores, 3G,  Windows 10 , 64 bit Build 18362 (10.0.18362.1500)
Time: Sun Oct 17 12:54:26 2021 South Africa Standard Time elapsed time: 1 seconds (0d 0h 0m 1s)

---------------  T H R E A D  ---------------

Current thread (0x00000118206cb800):  JavaThread "C1 CompilerThread0" daemon [_thread_in_native, id=18056, stack(0x0000000264300000,0x0000000264400000)]


Current CompileTask:
C1:   1123 1087       3       java.net.URLStreamHandler::parseURL (1201 bytes)

Stack: [0x0000000264300000,0x0000000264400000]
Native frames: (J=compiled Java code, j=interpreted, Vv=VM code, C=native code)
V  [jvm.dll+0x624f9a]
V  [jvm.dll+0x770cfa]
V  [jvm.dll+0x7724af]
V  [jvm.dll+0x772ab3]
V  [jvm.dll+0x24bf08]
V  [jvm.dll+0xc2076]
V  [jvm.dll+0xc23cc]
V  [jvm.dll+0x1607da]
V  [jvm.dll+0x155ade]
V  [jvm.dll+0x141f30]
V  [jvm.dll+0x12a0d9]
V  [jvm.dll+0x1299df]
V  [jvm.dll+0x129c0f]
V  [jvm.dll+0x128ea7]
V  [jvm.dll+0x12adc7]
V  [jvm.dll+0x213e6d]
V  [jvm.dll+0x2120bb]
V  [jvm.dll+0x736bb6]
V  [jvm.dll+0x72fcaa]
V  [jvm.dll+0x623ea6]
C  [ucrtbase.dll+0x210b2]
C  [KERNEL32.DLL+0x17c24]
C  [ntdll.dll+0x6d721]


---------------  P R O C E S S  ---------------

Threads class SMR info:
_java_thread_list=0x00000118216f2540, length=28, elements={
0x000001182069f800, 0x00000118206a7000, 0x00000118206c0800, 0x00000118206c2800,
0x00000118206c4000, 0x00000118206cb800, 0x00000118206c9000, 0x0000011821148000,
0x000001182114b000, 0x00000118214fc800, 0x0000011821501800, 0x0000011821502800,
0x0000011821521000, 0x000001180272f800, 0x00000118215ac800, 0x00000118215cc800,
0x000001182168d000, 0x000001182167a000, 0x000001182167a800, 0x000001182167b800,
0x00000118216fd800, 0x00000118216f8000, 0x00000118216f9800, 0x00000118216fa800,
0x00000118216fe800, 0x00000118216f9000, 0x00000118216fb000, 0x00000118216fc000
}

Java Threads: ( => current thread )
  0x000001182069f800 JavaThread "Reference Handler" daemon [_thread_blocked, id=14364, stack(0x0000000263e00000,0x0000000263f00000)]
  0x00000118206a7000 JavaThread "Finalizer" daemon [_thread_blocked, id=13680, stack(0x0000000263f00000,0x0000000264000000)]
  0x00000118206c0800 JavaThread "Signal Dispatcher" daemon [_thread_blocked, id=11124, stack(0x0000000264000000,0x0000000264100000)]
  0x00000118206c2800 JavaThread "Attach Listener" daemon [_thread_blocked, id=10004, stack(0x0000000264100000,0x0000000264200000)]
  0x00000118206c4000 JavaThread "C2 CompilerThread0" daemon [_thread_in_native, id=14448, stack(0x0000000264200000,0x0000000264300000)]
=>0x00000118206cb800 JavaThread "C1 CompilerThread0" daemon [_thread_in_native, id=18056, stack(0x0000000264300000,0x0000000264400000)]
  0x00000118206c9000 JavaThread "Sweeper thread" daemon [_thread_blocked, id=16684, stack(0x0000000264400000,0x0000000264500000)]
  0x0000011821148000 JavaThread "Service Thread" daemon [_thread_blocked, id=16848, stack(0x0000000264500000,0x0000000264600000)]
  0x000001182114b000 JavaThread "Common-Cleaner" daemon [_thread_blocked, id=12080, stack(0x0000000264700000,0x0000000264800000)]
  0x00000118214fc800 JavaThread "Java2D Disposer" daemon [_thread_blocked, id=16312, stack(0x0000000264800000,0x0000000264900000)]
  0x0000011821501800 JavaThread "AWT-Shutdown" [_thread_blocked, id=17108, stack(0x0000000264900000,0x0000000264a00000)]
  0x0000011821502800 JavaThread "AWT-Windows" daemon [_thread_in_native, id=10500, stack(0x0000000264a00000,0x0000000264b00000)]
  0x0000011821521000 JavaThread "AWT-EventQueue-0" [_thread_in_native, id=17584, stack(0x0000000264b00000,0x0000000264c00000)]
  0x000001180272f800 JavaThread "DestroyJavaVM" [_thread_blocked, id=15728, stack(0x0000000263700000,0x0000000263800000)]
  0x00000118215ac800 JavaThread "Image Fetcher 0" daemon [_thread_blocked, id=17476, stack(0x0000000264c00000,0x0000000264d00000)]
  0x00000118215cc800 JavaThread "Image Fetcher 1" daemon [_thread_blocked, id=14464, stack(0x0000000264d00000,0x0000000264e00000)]
  0x000001182168d000 JavaThread "SwingWorker-pool-1-thread-1" daemon [_thread_blocked, id=8100, stack(0x0000000264e00000,0x0000000264f00000)]
  0x000001182167a000 JavaThread "TimerQueue" daemon [_thread_blocked, id=17104, stack(0x0000000264f00000,0x0000000265000000)]
  0x000001182167a800 JavaThread "SwingWorker-pool-1-thread-2" daemon [_thread_blocked, id=17868, stack(0x0000000265000000,0x0000000265100000)]
  0x000001182167b800 JavaThread "SwingWorker-pool-1-thread-3" daemon [_thread_blocked, id=16184, stack(0x0000000265100000,0x0000000265200000)]
  0x00000118216fd800 JavaThread "SwingWorker-pool-1-thread-4" daemon [_thread_blocked, id=16944, stack(0x0000000265200000,0x0000000265300000)]
  0x00000118216f8000 JavaThread "SwingWorker-pool-1-thread-5" daemon [_thread_blocked, id=16644, stack(0x0000000265300000,0x0000000265400000)]
  0x00000118216f9800 JavaThread "SwingWorker-pool-1-thread-6" daemon [_thread_blocked, id=16040, stack(0x0000000265400000,0x0000000265500000)]
  0x00000118216fa800 JavaThread "SwingWorker-pool-1-thread-7" daemon [_thread_blocked, id=15640, stack(0x0000000265500000,0x0000000265600000)]
  0x00000118216fe800 JavaThread "SwingWorker-pool-1-thread-8" daemon [_thread_blocked, id=18352, stack(0x0000000265600000,0x0000000265700000)]
  0x00000118216f9000 JavaThread "SwingWorker-pool-1-thread-9" daemon [_thread_blocked, id=15036, stack(0x0000000265700000,0x0000000265800000)]
  0x00000118216fb000 JavaThread "SwingWorker-pool-1-thread-10" daemon [_thread_blocked, id=17356, stack(0x0000000265800000,0x0000000265900000)]
  0x00000118216fc000 JavaThread "Image Fetcher 2" daemon [_thread_blocked, id=17500, stack(0x0000000265900000,0x0000000265a00000)]

Other Threads:
  0x000001182069e000 VMThread "VM Thread" [stack: 0x0000000263d00000,0x0000000263e00000] [id=18052]
  0x000001182114a000 WatcherThread [stack: 0x0000000264600000,0x0000000264700000] [id=17420]
  0x0000011802760000 GCTaskThread "GC Thread#0" [stack: 0x0000000263800000,0x0000000263900000] [id=5196]
  0x00000118217c3800 GCTaskThread "GC Thread#1" [stack: 0x0000000265a00000,0x0000000265b00000] [id=14200]
  0x00000118217d0800 GCTaskThread "GC Thread#2" [stack: 0x0000000265b00000,0x0000000265c00000] [id=16640]
  0x000001182181e800 GCTaskThread "GC Thread#3" [stack: 0x0000000265c00000,0x0000000265d00000] [id=18148]
  0x0000011802769800 ConcurrentGCThread "G1 Main Marker" [stack: 0x0000000263900000,0x0000000263a00000] [id=9588]
  0x000001180276b800 ConcurrentGCThread "G1 Conc#0" [stack: 0x0000000263a00000,0x0000000263b00000] [id=17280]
  0x00000118027f6000 ConcurrentGCThread "G1 Refine#0" [stack: 0x0000000263b00000,0x0000000263c00000] [id=17328]
  0x00000118027f8000 ConcurrentGCThread "G1 Young RemSet Sampling" [stack: 0x0000000263c00000,0x0000000263d00000] [id=14232]

Threads with active compile tasks:
C2 CompilerThread0     1414 1051       4       sun.util.locale.BaseLocale::getInstance (186 bytes)
C1 CompilerThread0     1414 1087       3       java.net.URLStreamHandler::parseURL (1201 bytes)

VM state:not at safepoint (normal execution)

VM Mutex/Monitor currently owned by a thread: None

Heap address: 0x00000000c1600000, size: 1002 MB, Compressed Oops mode: 32-bit
Narrow klass base: 0x0000000800000000, Narrow klass shift: 3
Compressed class space size: 1073741824 Address: 0x0000000800b40000

Heap:
 garbage-first heap   total 22528K, used 10122K [0x00000000c1600000, 0x0000000100000000)
  region size 1024K, 8 young (8192K), 2 survivors (2048K)
 Metaspace       used 9840K, capacity 10152K, committed 10240K, reserved 1062912K
  class space    used 1070K, capacity 1199K, committed 1280K, reserved 1048576K
Heap Regions: E=young(eden), S=young(survivor), O=old, HS=humongous(starts), HC=humongous(continues), CS=collection set, F=free, A=archive, TAMS=top-at-mark-start (previous, next)
|   0|0x00000000c1600000, 0x00000000c1700000, 0x00000000c1700000|100%| O|  |TAMS 0x00000000c1700000, 0x00000000c1600000| Untracked 
|   1|0x00000000c1700000, 0x00000000c1800000, 0x00000000c1800000|100%| O|  |TAMS 0x00000000c17cb600, 0x00000000c1700000| Untracked 
|   2|0x00000000c1800000, 0x00000000c1900000, 0x00000000c1900000|100%| O|  |TAMS 0x00000000c1800000, 0x00000000c1800000| Untracked 
|   3|0x00000000c1900000, 0x00000000c19d1400, 0x00000000c1a00000| 81%| O|  |TAMS 0x00000000c1900000, 0x00000000c1900000| Untracked 
|   4|0x00000000c1a00000, 0x00000000c1a00000, 0x00000000c1b00000|  0%| F|  |TAMS 0x00000000c1a00000, 0x00000000c1a00000| Untracked 
|   5|0x00000000c1b00000, 0x00000000c1b00000, 0x00000000c1c00000|  0%| F|  |TAMS 0x00000000c1b00000, 0x00000000c1b00000| Untracked 
|   6|0x00000000c1c00000, 0x00000000c1c00000, 0x00000000c1d00000|  0%| F|  |TAMS 0x00000000c1c00000, 0x00000000c1c00000| Untracked 
|   7|0x00000000c1d00000, 0x00000000c1d00000, 0x00000000c1e00000|  0%| F|  |TAMS 0x00000000c1d00000, 0x00000000c1d00000| Untracked 
|   8|0x00000000c1e00000, 0x00000000c1e00000, 0x00000000c1f00000|  0%| F|  |TAMS 0x00000000c1e00000, 0x00000000c1e00000| Untracked 
|   9|0x00000000c1f00000, 0x00000000c1f00000, 0x00000000c2000000|  0%| F|  |TAMS 0x00000000c1f00000, 0x00000000c1f00000| Untracked 
|  10|0x00000000c2000000, 0x00000000c2000000, 0x00000000c2100000|  0%| F|  |TAMS 0x00000000c2000000, 0x00000000c2000000| Untracked 
|  11|0x00000000c2100000, 0x00000000c2100000, 0x00000000c2200000|  0%| F|  |TAMS 0x00000000c2100000, 0x00000000c2100000| Untracked 
|  12|0x00000000c2200000, 0x00000000c2200000, 0x00000000c2300000|  0%| F|  |TAMS 0x00000000c2200000, 0x00000000c2200000| Untracked 
|  13|0x00000000c2300000, 0x00000000c2300000, 0x00000000c2400000|  0%| F|  |TAMS 0x00000000c2300000, 0x00000000c2300000| Untracked 
|  14|0x00000000c2400000, 0x00000000c24f9928, 0x00000000c2500000| 97%| E|  |TAMS 0x00000000c2400000, 0x00000000c2400000| Complete 
|  15|0x00000000c2500000, 0x00000000c2600000, 0x00000000c2600000|100%| E|CS|TAMS 0x00000000c2500000, 0x00000000c2500000| Complete 
|  16|0x00000000c2600000, 0x00000000c2700000, 0x00000000c2700000|100%| E|CS|TAMS 0x00000000c2600000, 0x00000000c2600000| Complete 
|  17|0x00000000c2700000, 0x00000000c2800000, 0x00000000c2800000|100%| E|CS|TAMS 0x00000000c2700000, 0x00000000c2700000| Complete 
|  18|0x00000000c2800000, 0x00000000c2900000, 0x00000000c2900000|100%| S|CS|TAMS 0x00000000c2800000, 0x00000000c2800000| Complete 
|  19|0x00000000c2900000, 0x00000000c29115e0, 0x00000000c2a00000|  6%| S|CS|TAMS 0x00000000c2900000, 0x00000000c2900000| Complete 
|  53|0x00000000c4b00000, 0x00000000c4c00000, 0x00000000c4c00000|100%| E|CS|TAMS 0x00000000c4b00000, 0x00000000c4b00000| Complete 
|  63|0x00000000c5500000, 0x00000000c5600000, 0x00000000c5600000|100%| E|CS|TAMS 0x00000000c5500000, 0x00000000c5500000| Complete 

Card table byte_map: [0x000001181bd70000,0x000001181bf70000] _byte_map_base: 0x000001181b765000

Marking Bits (Prev, Next): (CMBitMap*) 0x0000011802760cc8, (CMBitMap*) 0x0000011802760c88
 Prev Bits: [0x000001181d120000, 0x000001181e0c8000)
 Next Bits: [0x000001181c170000, 0x000001181d118000)

Polling page: 0x00000118025b0000

Metaspace:

Usage:
  Non-class:      8.74 MB capacity,     8.56 MB ( 98%) used,   160.16 KB (  2%) free+waste,    22.75 KB ( <1%) overhead. 
      Class:      1.17 MB capacity,     1.05 MB ( 89%) used,   114.66 KB ( 10%) free+waste,    13.81 KB (  1%) overhead. 
       Both:      9.91 MB capacity,     9.61 MB ( 97%) used,   274.83 KB (  3%) free+waste,    36.56 KB ( <1%) overhead. 

Virtual space:
  Non-class space:       14.00 MB reserved,       8.75 MB ( 63%) committed 
      Class space:        1.00 GB reserved,       1.25 MB ( <1%) committed 
             Both:        1.01 GB reserved,      10.00 MB ( <1%) committed 

Chunk freelists:
   Non-Class:  7.00 KB
       Class:  17.00 KB
        Both:  24.00 KB

MaxMetaspaceSize: 17179869184.00 GB
CompressedClassSpaceSize: 1.00 GB

CodeHeap 'non-profiled nmethods': size=120000Kb used=335Kb max_used=335Kb free=119664Kb
 bounds [0x0000011813ee0000, 0x0000011814150000, 0x000001181b410000]
CodeHeap 'profiled nmethods': size=120000Kb used=1914Kb max_used=1946Kb free=118085Kb
 bounds [0x000001180c9b0000, 0x000001180cc20000, 0x0000011813ee0000]
CodeHeap 'non-nmethods': size=5760Kb used=1294Kb max_used=1294Kb free=4466Kb
 bounds [0x000001180c410000, 0x000001180c680000, 0x000001180c9b0000]
 total_blobs=2121 nmethods=1020 adapters=490
 compilation: enabled
              stopped_count=0, restarted_count=0
 full_count=0

Compilation events (20 events):
Event: 0.997 Thread 0x00000118206cb800 nmethod 1076 0x0000011813f33210 code [0x0000011813f333a0, 0x0000011813f334d8]
Event: 0.997 Thread 0x00000118206cb800 1077       3       java.util.zip.InflaterInputStream::ensureOpen (18 bytes)
Event: 0.997 Thread 0x00000118206cb800 nmethod 1077 0x000001180cb92a90 code [0x000001180cb92c40, 0x000001180cb92ed0]
Event: 0.998 Thread 0x00000118206cb800 1078       3       java.util.zip.ZipFile$Source::getEntryPos (208 bytes)
Event: 1.000 Thread 0x00000118206cb800 nmethod 1078 0x000001180cb92f90 code [0x000001180cb93200, 0x000001180cb93f40]
Event: 1.000 Thread 0x00000118206cb800 1079       2       java.lang.StringBuilder::append (8 bytes)
Event: 1.000 Thread 0x00000118206cb800 nmethod 1079 0x000001180cb94590 code [0x000001180cb94740, 0x000001180cb948f0]
Event: 1.000 Thread 0x00000118206cb800 1080       3       java.lang.Thread::interrupted (8 bytes)
Event: 1.000 Thread 0x00000118206cb800 nmethod 1080 0x000001180cb94990 code [0x000001180cb94b40, 0x000001180cb94cd0]
Event: 1.004 Thread 0x00000118206cb800 1081       3       sun.net.util.IPAddressUtil::scan (92 bytes)
Event: 1.005 Thread 0x00000118206cb800 nmethod 1081 0x000001180cb94d90 code [0x000001180cb95000, 0x000001180cb95b60]
Event: 1.005 Thread 0x00000118206cb800 1082       3       java.util.ArrayDeque::inc (12 bytes)
Event: 1.005 Thread 0x00000118206cb800 nmethod 1082 0x000001180cb96110 code [0x000001180cb962a0, 0x000001180cb96418]
Event: 1.005 Thread 0x00000118206cb800 1084       3       java.lang.StringLatin1::getChars (12 bytes)
Event: 1.005 Thread 0x00000118206cb800 nmethod 1084 0x000001180cb96490 code [0x000001180cb96640, 0x000001180cb968f8]
Event: 1.005 Thread 0x00000118206cb800 1085       1       java.net.URLStreamHandler::getDefaultPort (2 bytes)
Event: 1.005 Thread 0x00000118206cb800 nmethod 1085 0x0000011813f33590 code [0x0000011813f33720, 0x0000011813f33858]
Event: 1.005 Thread 0x00000118206cb800 1086       3       java.lang.String::getChars (54 bytes)
Event: 1.006 Thread 0x00000118206cb800 nmethod 1086 0x000001180cb96a90 code [0x000001180cb96ca0, 0x000001180cb971e0]
Event: 1.010 Thread 0x00000118206cb800 1087       3       java.net.URLStreamHandler::parseURL (1201 bytes)

GC Heap History (2 events):
Event: 0.778 GC heap before
{Heap before GC invocations=0 (full 0):
 garbage-first heap   total 65536K, used 13312K [0x00000000c1600000, 0x0000000100000000)
  region size 1024K, 14 young (14336K), 0 survivors (0K)
 Metaspace       used 7070K, capacity 7300K, committed 7552K, reserved 1056768K
  class space    used 781K, capacity 888K, committed 896K, reserved 1048576K
}
Event: 0.789 GC heap after
{Heap after GC invocations=1 (full 0):
 garbage-first heap   total 65536K, used 3885K [0x00000000c1600000, 0x0000000100000000)
  region size 1024K, 2 young (2048K), 2 survivors (2048K)
 Metaspace       used 7070K, capacity 7300K, committed 7552K, reserved 1056768K
  class space    used 781K, capacity 888K, committed 896K, reserved 1048576K
}

Deoptimization events (20 events):
Event: 0.870 Thread 0x0000011821521000 DEOPT PACKING pc=0x0000011813eee4e4 sp=0x0000000264bfdb30
Event: 0.870 Thread 0x0000011821521000 DEOPT UNPACKING pc=0x000001180c45912f sp=0x0000000264bfdad0 mode 2
Event: 0.910 Thread 0x0000011821521000 Uncommon trap: trap_request=0xffffffde fr.pc=0x0000011813f28b5c relative=0x000000000000045c
Event: 0.910 Thread 0x0000011821521000 Uncommon trap: reason=class_check action=maybe_recompile pc=0x0000011813f28b5c method=java.util.regex.Pattern$Start.match(Ljava/util/regex/Matcher;ILjava/lang/CharSequence;)Z @ 44 c2
Event: 0.910 Thread 0x0000011821521000 DEOPT PACKING pc=0x0000011813f28b5c sp=0x0000000264bfe2d0
Event: 0.910 Thread 0x0000011821521000 DEOPT UNPACKING pc=0x000001180c45912f sp=0x0000000264bfe220 mode 2
Event: 0.910 Thread 0x0000011821521000 Uncommon trap: trap_request=0xffffffde fr.pc=0x0000011813f28b5c relative=0x000000000000045c
Event: 0.910 Thread 0x0000011821521000 Uncommon trap: reason=class_check action=maybe_recompile pc=0x0000011813f28b5c method=java.util.regex.Pattern$Start.match(Ljava/util/regex/Matcher;ILjava/lang/CharSequence;)Z @ 44 c2
Event: 0.910 Thread 0x0000011821521000 DEOPT PACKING pc=0x0000011813f28b5c sp=0x0000000264bfe2d0
Event: 0.910 Thread 0x0000011821521000 DEOPT UNPACKING pc=0x000001180c45912f sp=0x0000000264bfe220 mode 2
Event: 0.917 Thread 0x0000011821521000 Uncommon trap: trap_request=0xffffffde fr.pc=0x0000011813f28b5c relative=0x000000000000045c
Event: 0.917 Thread 0x0000011821521000 Uncommon trap: reason=class_check action=maybe_recompile pc=0x0000011813f28b5c method=java.util.regex.Pattern$Start.match(Ljava/util/regex/Matcher;ILjava/lang/CharSequence;)Z @ 44 c2
Event: 0.917 Thread 0x0000011821521000 DEOPT PACKING pc=0x0000011813f28b5c sp=0x0000000264bfe2d0
Event: 0.917 Thread 0x0000011821521000 DEOPT UNPACKING pc=0x000001180c45912f sp=0x0000000264bfe220 mode 2
Event: 0.917 Thread 0x0000011821521000 Uncommon trap: trap_request=0xffffffde fr.pc=0x0000011813f28b5c relative=0x000000000000045c
Event: 0.917 Thread 0x0000011821521000 Uncommon trap: reason=class_check action=maybe_recompile pc=0x0000011813f28b5c method=java.util.regex.Pattern$Start.match(Ljava/util/regex/Matcher;ILjava/lang/CharSequence;)Z @ 44 c2
Event: 0.917 Thread 0x0000011821521000 DEOPT PACKING pc=0x0000011813f28b5c sp=0x0000000264bfe2d0
Event: 0.917 Thread 0x0000011821521000 DEOPT UNPACKING pc=0x000001180c45912f sp=0x0000000264bfe220 mode 2
Event: 0.998 Thread 0x0000011821521000 DEOPT PACKING pc=0x000001180caa5b68 sp=0x0000000264bf9370
Event: 0.998 Thread 0x0000011821521000 DEOPT UNPACKING pc=0x000001180c45964e sp=0x0000000264bf87c8 mode 0

Classes unloaded (0 events):
No events

Classes redefined (0 events):
No events

Internal exceptions (12 events):
Event: 0.241 Thread 0x000001180272f800 Exception <a 'java/lang/ClassNotFoundException'{0x00000000c52593a8}: sun/awt/resources/spi/awtProvider> (0x00000000c52593a8) 
thrown [t:/workspace/open/src/hotspot/share/classfile/systemDictionary.cpp, line 232]
Event: 0.275 Thread 0x000001180272f800 Exception <a 'java/io/FileNotFoundException'{0x00000000c52be208}> (0x00000000c52be208) 
thrown [t:/workspace/open/src/hotspot/share/prims/jni.cpp, line 598]
Event: 0.288 Thread 0x000001180272f800 Exception <a 'java/io/FileNotFoundException'{0x00000000c52e4780}> (0x00000000c52e4780) 
thrown [t:/workspace/open/src/hotspot/share/prims/jni.cpp, line 598]
Event: 0.346 Thread 0x0000011821502800 Exception <a 'java/lang/NoSuchMethodError'{0x00000000c514d338}: 'void java.lang.invoke.DirectMethodHandle$Holder.invokeSpecial(java.lang.Object, java.lang.Object)'> (0x00000000c514d338) 
thrown [t:/workspace/open/src/hotspot/share/interpreter/linkResolver.cpp, line 767]
Event: 0.411 Thread 0x0000011821521000 Exception <a 'java/lang/NoSuchMethodError'{0x00000000c5051198}: 'java.lang.Object java.lang.invoke.DirectMethodHandle$Holder.invokeStatic(java.lang.Object, int, java.lang.Object, java.lang.Object, java.lang.Object, java.lang.Object)'> (0x00000000c5051198) 
thrown [t:/workspace/open/src/hotspot/share/interpreter/linkResolver.cpp, line 767]
Event: 0.412 Thread 0x0000011821521000 Exception <a 'java/lang/NoSuchMethodError'{0x00000000c5057af8}: 'java.lang.Object java.lang.invoke.DirectMethodHandle$Holder.invokeStatic(java.lang.Object, int, java.lang.Object, java.lang.Object, java.lang.Object)'> (0x00000000c5057af8) 
thrown [t:/workspace/open/src/hotspot/share/interpreter/linkResolver.cpp, line 767]
Event: 0.413 Thread 0x0000011821521000 Exception <a 'java/lang/NoSuchMethodError'{0x00000000c505b360}: 'java.lang.Object java.lang.invoke.DirectMethodHandle$Holder.invokeSpecial(java.lang.Object, java.lang.Object, int, java.lang.Object, java.lang.Object, java.lang.Object)'> (0x00000000c505b360) 
thrown [t:/workspace/open/src/hotspot/share/interpreter/linkResolver.cpp, line 767]
Event: 0.417 Thread 0x0000011821521000 Exception <a 'java/lang/NoSuchMethodError'{0x00000000c5071688}: 'java.lang.Object java.lang.invoke.DirectMethodHandle$Holder.invokeStatic(java.lang.Object, int, java.lang.Object)'> (0x00000000c5071688) 
thrown [t:/workspace/open/src/hotspot/share/interpreter/linkResolver.cpp, line 767]
Event: 0.451 Thread 0x0000011821521000 Exception <a 'java/lang/ClassNotFoundException'{0x00000000c4f15118}: com/sun/swing/internal/plaf/metal/resources/spi/metalProvider> (0x00000000c4f15118) 
thrown [t:/workspace/open/src/hotspot/share/classfile/systemDictionary.cpp, line 232]
Event: 0.452 Thread 0x0000011821521000 Exception <a 'java/lang/ClassNotFoundException'{0x00000000c4f191f0}: com/sun/swing/internal/plaf/basic/resources/spi/basicProvider> (0x00000000c4f191f0) 
thrown [t:/workspace/open/src/hotspot/share/classfile/systemDictionary.cpp, line 232]
Event: 0.712 Thread 0x000001182167b800 Exception <a 'java/net/UnknownHostException'{0x00000000c4ca30b0}> (0x00000000c4ca30b0) 
thrown [t:/workspace/open/src/hotspot/share/prims/jni.cpp, line 598]
Event: 0.909 Thread 0x0000011821521000 Exception <a 'java/lang/NoSuchMethodError'{0x00000000c50ae188}: 'int java.lang.invoke.DirectMethodHandle$Holder.invokeSpecialIFC(java.lang.Object, java.lang.Object, int)'> (0x00000000c50ae188) 
thrown [t:/workspace/open/src/hotspot/share/interpreter/linkResolver.cpp, line 767]

Events (20 events):
Event: 1.041 loading class org/jfree/util/UnitType
Event: 1.041 loading class org/jfree/util/UnitType done
Event: 1.042 loading class java/awt/BasicStroke
Event: 1.042 loading class java/awt/BasicStroke done
Event: 1.042 loading class org/jfree/data/Range
Event: 1.042 loading class org/jfree/data/Range done
Event: 1.043 loading class org/jfree/chart/plot/DefaultDrawingSupplier
Event: 1.043 loading class org/jfree/chart/plot/DefaultDrawingSupplier done
Event: 1.043 loading class org/jfree/chart/ChartColor
Event: 1.043 loading class org/jfree/chart/ChartColor done
Event: 1.044 loading class java/awt/geom/Ellipse2D$Double
Event: 1.044 loading class java/awt/geom/Ellipse2D
Event: 1.044 loading class java/awt/geom/Ellipse2D done
Event: 1.044 loading class java/awt/geom/Ellipse2D$Double done
Event: 1.044 loading class java/awt/Polygon
Event: 1.044 loading class java/awt/Polygon done
Event: 1.044 loading class org/jfree/chart/plot/PieLabelLinkStyle
Event: 1.044 loading class org/jfree/chart/plot/PieLabelLinkStyle done
Event: 1.045 loading class org/jfree/chart/renderer/category/GradientBarPainter
Event: 1.045 loading class org/jfree/chart/renderer/category/GradientBarPainter done


Dynamic libraries:
0x00007ff624e60000 - 0x00007ff624e6f000 	C:\Program Files\Java\jdk-13.0.2\bin\javaw.exe
0x00007ffc72700000 - 0x00007ffc728f0000 	C:\Windows\SYSTEM32\ntdll.dll
0x00007ffc71d70000 - 0x00007ffc71e22000 	C:\Windows\System32\KERNEL32.DLL
0x00007ffc6f9e0000 - 0x00007ffc6fc85000 	C:\Windows\System32\KERNELBASE.dll
0x00007ffc6fe60000 - 0x00007ffc6ff5a000 	C:\Windows\System32\ucrtbase.dll
0x00007ffc69250000 - 0x00007ffc69268000 	C:\Program Files\Java\jdk-13.0.2\bin\jli.dll
0x00007ffc716b0000 - 0x00007ffc71753000 	C:\Windows\System32\ADVAPI32.dll
0x00007ffc71610000 - 0x00007ffc716ae000 	C:\Windows\System32\msvcrt.dll
0x00007ffc725f0000 - 0x00007ffc72687000 	C:\Windows\System32\sechost.dll
0x00007ffc71420000 - 0x00007ffc7153f000 	C:\Windows\System32\RPCRT4.dll
0x00007ffc71280000 - 0x00007ffc71414000 	C:\Windows\System32\USER32.dll
0x00007ffc6f8d0000 - 0x00007ffc6f8f1000 	C:\Windows\System32\win32u.dll
0x00007ffc70e70000 - 0x00007ffc70e96000 	C:\Windows\System32\GDI32.dll
0x00007ffc6fcc0000 - 0x00007ffc6fe58000 	C:\Windows\System32\gdi32full.dll
0x00007ffc613e0000 - 0x00007ffc613f5000 	C:\Program Files\Java\jdk-13.0.2\bin\VCRUNTIME140.dll
0x00007ffc706e0000 - 0x00007ffc7077e000 	C:\Windows\System32\msvcp_win.dll
0x00007ffc60a30000 - 0x00007ffc60cb4000 	C:\Windows\WinSxS\amd64_microsoft.windows.common-controls_6595b64144ccf1df_6.0.18362.1556_none_9e7e372fe45e41d5\COMCTL32.dll
0x00007ffc717e0000 - 0x00007ffc71b16000 	C:\Windows\System32\combase.dll
0x00007ffc6f900000 - 0x00007ffc6f981000 	C:\Windows\System32\bcryptPrimitives.dll
0x00007ffc63fa0000 - 0x00007ffc63faa000 	C:\Windows\SYSTEM32\VERSION.dll
0x00007ffc71020000 - 0x00007ffc7104e000 	C:\Windows\System32\IMM32.DLL
0x00007ffc61260000 - 0x00007ffc612fb000 	C:\Program Files\Java\jdk-13.0.2\bin\msvcp140.dll
0x00007ffc3ac60000 - 0x00007ffc3b7bd000 	C:\Program Files\Java\jdk-13.0.2\bin\server\jvm.dll
0x00007ffc72020000 - 0x00007ffc72028000 	C:\Windows\System32\PSAPI.DLL
0x00007ffc6ca30000 - 0x00007ffc6ca54000 	C:\Windows\SYSTEM32\WINMM.dll
0x00007ffc61250000 - 0x00007ffc61259000 	C:\Windows\SYSTEM32\WSOCK32.dll
0x00007ffc71cd0000 - 0x00007ffc71d3f000 	C:\Windows\System32\WS2_32.dll
0x00007ffc6ca00000 - 0x00007ffc6ca2d000 	C:\Windows\SYSTEM32\WINMMBASE.dll
0x00007ffc6f990000 - 0x00007ffc6f9da000 	C:\Windows\System32\cfgmgr32.dll
0x00007ffc6f5e0000 - 0x00007ffc6f5f1000 	C:\Windows\System32\kernel.appcore.dll
0x00007ffc61240000 - 0x00007ffc61250000 	C:\Program Files\Java\jdk-13.0.2\bin\verify.dll
0x00007ffc5f940000 - 0x00007ffc5fb34000 	C:\Windows\SYSTEM32\DBGHELP.DLL
0x00007ffc5f910000 - 0x00007ffc5f93a000 	C:\Windows\SYSTEM32\dbgcore.DLL
0x00007ffc61210000 - 0x00007ffc61236000 	C:\Program Files\Java\jdk-13.0.2\bin\java.dll
0x00007ffc611f0000 - 0x00007ffc61207000 	C:\Program Files\Java\jdk-13.0.2\bin\zip.dll
0x00007ffc611e0000 - 0x00007ffc611ea000 	C:\Program Files\Java\jdk-13.0.2\bin\jimage.dll
0x00007ffc70780000 - 0x00007ffc70e67000 	C:\Windows\System32\SHELL32.dll
0x00007ffc71e30000 - 0x00007ffc71ed8000 	C:\Windows\System32\shcore.dll
0x00007ffc6ff60000 - 0x00007ffc706db000 	C:\Windows\System32\windows.storage.dll
0x00007ffc6f620000 - 0x00007ffc6f63e000 	C:\Windows\System32\profapi.dll
0x00007ffc6f590000 - 0x00007ffc6f5da000 	C:\Windows\System32\powrprof.dll
0x00007ffc6f580000 - 0x00007ffc6f590000 	C:\Windows\System32\UMPDC.dll
0x00007ffc72500000 - 0x00007ffc72552000 	C:\Windows\System32\shlwapi.dll
0x00007ffc6f8b0000 - 0x00007ffc6f8c7000 	C:\Windows\System32\cryptsp.dll
0x00007ffc611c0000 - 0x00007ffc611d9000 	C:\Program Files\Java\jdk-13.0.2\bin\net.dll
0x00007ffc65510000 - 0x00007ffc6560a000 	C:\Windows\SYSTEM32\WINHTTP.dll
0x00007ffc6edc0000 - 0x00007ffc6ee27000 	C:\Windows\system32\mswsock.dll
0x00007ffc611a0000 - 0x00007ffc611b3000 	C:\Program Files\Java\jdk-13.0.2\bin\nio.dll
0x00007ffc522d0000 - 0x00007ffc52469000 	C:\Program Files\Java\jdk-13.0.2\bin\awt.dll
0x00007ffc70f50000 - 0x00007ffc71015000 	C:\Windows\System32\OLEAUT32.dll
0x00007ffc6d6f0000 - 0x00007ffc6d77f000 	C:\Windows\SYSTEM32\apphelp.dll
0x00007ffc6d8c0000 - 0x00007ffc6d959000 	C:\Windows\system32\uxtheme.dll
0x00007ffc71ee0000 - 0x00007ffc72015000 	C:\Windows\System32\MSCTF.dll
0x00007ffc71120000 - 0x00007ffc71277000 	C:\Windows\System32\ole32.dll
0x00007ffc6d990000 - 0x00007ffc6d9bd000 	C:\Windows\system32\DWMAPI.DLL
0x00007ffc4bc30000 - 0x00007ffc4bd86000 	C:\Windows\system32\opengl32.dll
0x00007ffc54150000 - 0x00007ffc5417c000 	C:\Windows\SYSTEM32\GLU32.dll
0x00007ffc6e1c0000 - 0x00007ffc6e1e0000 	C:\Windows\SYSTEM32\dxcore.dll
0x00007ffc6eb10000 - 0x00007ffc6ebdb000 	C:\Windows\SYSTEM32\DNSAPI.dll
0x00007ffc71d40000 - 0x00007ffc71d48000 	C:\Windows\System32\NSI.dll
0x00007ffc6ead0000 - 0x00007ffc6eb0a000 	C:\Windows\SYSTEM32\IPHLPAPI.DLL
0x00007ffc64d50000 - 0x00007ffc64d5a000 	C:\Windows\System32\rasadhlp.dll

dbghelp: loaded successfully - version: 4.0.5 - missing functions: none
symbol engine: initialized successfully - sym options: 0x614 - pdb path: .;C:\Program Files\Java\jdk-13.0.2\bin;C:\Windows\SYSTEM32;C:\Windows\WinSxS\amd64_microsoft.windows.common-controls_6595b64144ccf1df_6.0.18362.1556_none_9e7e372fe45e41d5;C:\Program Files\Java\jdk-13.0.2\bin\server

VM Arguments:
jvm_args: -Dfile.encoding=Cp1252 
java_command: Stats.StatsPane
java_class_path (initial): C:\Users\User\Desktop\Programmes\Java\Workspace\DriveOperations\target\classes;C:\Users\User\Desktop\Libraries\jgoodies-common-1.8.0.jar;C:\Users\User\Desktop\Libraries\jgoodies-forms-1.8.0.jar;C:\Users\User\Desktop\Libraries\miglayout15-swing.jar;C:\Users\User\Downloads\javax.mail.jar;C:\Users\User\Downloads\activation-1.1.1.jar;C:\Users\User\Downloads\jcalendar-1.4.jar;C:\Users\User\Downloads\jfreechart-1.0.19\lib\jcommon-1.0.23.jar;C:\Users\User\Downloads\jfreechart-1.0.19\lib\jfreechart-1.0.19.jar;C:\Users\User\Downloads\commons-net-3.8.0\commons-net-3.8.0.jar;C:\Users\User\Documents\Libs\comm-2.0.jar;C:\Users\User\Documents\Libs\http-2.2.1.jar;C:\Users\User\Documents\Libs\mysql-connector-java-5.1.45.jar;C:\Users\User\Downloads\JTattoo-1.6.13.jar;C:\Users\User\Desktop\Libs\jmespath-java-1.11.470.jar;C:\Users\User\Desktop\Libs\aws-java-sdk-core-1.12.65.jar;C:\Users\User\Desktop\Libs\aws-java-sdk-kms-1.12.65.jar;C:\Users\User\Desktop\Libs\aws-java-sdk-s3-1.12.65.jar;C:\Users\User\Desktop\Libs\commons-codec-1.15.jar;C:\Users\User\Desktop\Libs\commons-logging-1.1.3.jar;C:\Users\User\Desktop\Libs\httpclient-4.5.13.jar;C:\Users\User\Desktop\Libs\ion-java-1.0.2.jar;C:\Users\User\Desktop\Libs\jackson-annotations-2.12.3.jar;C:\Users\User\Desktop\Libs\jackson-core-2.12.3.jar;C:\Users\User\Desktop\Libs\jackson-databind-2.12.3.jar;C:\Users\User\Desktop\Libs\jackson-dataformat-cbor-2.12.3.jar;C:\Users\User\Desktop\Libs\jmespath-java-1.12.65.jar;C:\Users\User\Desktop\Libs\joda-time-2.8.1.jar;C:\Users\User\.m2\repository\com\amazonaws\aws-java-sdk-s3\1.12.65\aws-java-sdk-s3-1.12.65.jar;C:\Users\User\.m2\repository\com\amazonaws\aws-java-sdk-kms\1.12.65\aws-java-sdk-kms-1.12.65.jar;C:\Users\User\.m2\repository\com\amazonaws\aws-java-sdk-core\1.12.65\aws-java-sdk-core-1.12.65.jar;C:\Users\User\.m2\repository\commons-logging\commons-logging\1.1.3\commons-logging-1.1.3.jar;C:\Users\User\.m2\repository\commons-codec\commons-codec\1.15\commons-codec-1.15
Launcher Type: SUN_STANDARD

[Global flags]
     intx CICompilerCount                          = 3                                         {product} {ergonomic}
     uint ConcGCThreads                            = 1                                         {product} {ergonomic}
     uint G1ConcRefinementThreads                  = 4                                         {product} {ergonomic}
   size_t G1HeapRegionSize                         = 1048576                                   {product} {ergonomic}
    uintx GCDrainStackTargetSize                   = 64                                        {product} {ergonomic}
   size_t InitialHeapSize                          = 67108864                                  {product} {ergonomic}
   size_t MarkStackSize                            = 4194304                                   {product} {ergonomic}
   size_t MaxHeapSize                              = 1050673152                                {product} {ergonomic}
   size_t MaxNewSize                               = 630194176                                 {product} {ergonomic}
   size_t MinHeapDeltaBytes                        = 1048576                                   {product} {ergonomic}
   size_t MinHeapSize                              = 8388608                                   {product} {ergonomic}
    uintx NonNMethodCodeHeapSize                   = 5832780                                {pd product} {ergonomic}
    uintx NonProfiledCodeHeapSize                  = 122912730                              {pd product} {ergonomic}
    uintx ProfiledCodeHeapSize                     = 122912730                              {pd product} {ergonomic}
    uintx ReservedCodeCacheSize                    = 251658240                              {pd product} {ergonomic}
     bool SegmentedCodeCache                       = true                                      {product} {ergonomic}
   size_t SoftMaxHeapSize                          = 1050673152                             {manageable} {ergonomic}
     bool UseCompressedClassPointers               = true                                 {lp64_product} {ergonomic}
     bool UseCompressedOops                        = true                                 {lp64_product} {ergonomic}
     bool UseG1GC                                  = true                                      {product} {ergonomic}
     bool UseLargePagesIndividualAllocation        = false                                  {pd product} {ergonomic}

Logging:
Log output configuration:
 #0: stdout all=warning uptime,level,tags
 #1: stderr all=off uptime,level,tags

Environment Variables:
JAVA_HOME=C:\Program Files (x86)\Java\jre1.8.0_241
PATH=C:\Program Files\Java\jdk-13.0.2\bin;C:\Program Files (x86)\Common Files\Oracle\Java\javapath;C:\Windows\system32;C:\Windows;C:\Windows\System32\Wbem;C:\Windows\System32\WindowsPowerShell\v1.0\;C:\Windows\System32\OpenSSH\;C:\Program Files (x86)\apache-maven-3.8.1\bin;C:\Program Files (x86)\gradle-7.1.1\bin;C:\Users\User\AppData\Local\Microsoft\WindowsApps;C:\Users\User\AppData\Local\Programs\Microsoft VS Code\bin;C:\Program Files (x86)\gradle-7.1.1\bin;C:\Users\User\Downloads\platform-tools;
USERNAME=User
OS=Windows_NT
PROCESSOR_IDENTIFIER=Intel64 Family 6 Model 42 Stepping 7, GenuineIntel



---------------  S Y S T E M  ---------------

OS: Windows 10 , 64 bit Build 18362 (10.0.18362.1500)

CPU:total 4 (initial active 4) (2 cores per cpu, 2 threads per core) family 6 model 42 stepping 7, cmov, cx8, fxsr, mmx, sse, sse2, sse3, ssse3, sse4.1, sse4.2, popcnt, avx, aes, clmul, ht, tsc, tscinvbit

Memory: 4k page, system-wide physical 4006M (279M free)
TotalPageFile size 16294M (AvailPageFile size 43M)
current process WorkingSet (physical memory assigned to process): 81M, peak: 81M
current process commit charge ("private bytes"): 115M, peak: 156M

vm_info: Java HotSpot(TM) 64-Bit Server VM (13.0.2+8) for windows-amd64 JRE (13.0.2+8), built on Dec 11 2019 09:20:33 by "mach5one" with unknown MS VC++:1916

END.
