#
# There is insufficient memory for the Java Runtime Environment to continue.
# Native memory allocation (malloc) failed to allocate 583488 bytes for Chunk::new
# Possible reasons:
#   The system is out of physical RAM or swap space
#   The process is running with CompressedOops enabled, and the Java Heap may be blocking the growth of the native heap
# Possible solutions:
#   Reduce memory load on the system
#   Increase physical memory or swap space
#   Check if swap backing store is full
#   Decrease Java heap size (-Xmx/-Xms)
#   Decrease number of Java threads
#   Decrease Java thread stack sizes (-Xss)
#   Set larger code cache with -XX:ReservedCodeCacheSize=
#   JVM is running with Unscaled Compressed Oops mode in which the Java heap is
#     placed in the first 4GB address space. The Java Heap base address is the
#     maximum limit for the native heap growth. Please use -XX:HeapBaseMinAddress
#     to set the Java Heap base and to place the Java Heap above 4GB virtual address.
# This output file may be truncated or incomplete.
#
#  Out of Memory Error (t:/workspace/open/src/hotspot/share/memory/arena.cpp:196), pid=10244, tid=3128
#
# JRE version: Java(TM) SE Runtime Environment (13.0.2+8) (build 13.0.2+8)
# Java VM: Java HotSpot(TM) 64-Bit Server VM (13.0.2+8, mixed mode, sharing, tiered, compressed oops, g1 gc, windows-amd64)
# No core dump will be written. Minidumps are not enabled by default on client versions of Windows
#

---------------  S U M M A R Y ------------

Command Line: -Dfile.encoding=Cp1252 accounts.ScholarYears

Host: Intel(R) Core(TM) i5-2520M CPU @ 2.50GHz, 4 cores, 3G,  Windows 10 , 64 bit Build 18362 (10.0.18362.1500)
Time: Mon Jul  4 21:49:59 2022 Afrique de l?Est elapsed time: 3 seconds (0d 0h 0m 3s)

---------------  T H R E A D  ---------------

Current thread (0x000001eebfedf800):  JavaThread "C2 CompilerThread1" daemon [_thread_in_native, id=3128, stack(0x000000dd64600000,0x000000dd64700000)]


Current CompileTask:
C2:   3036 1793 % !   4       sun.awt.image.PNGImageDecoder::produceImage @ 960 (1917 bytes)

Stack: [0x000000dd64600000,0x000000dd64700000]
Native frames: (J=compiled Java code, j=interpreted, Vv=VM code, C=native code)
V  [jvm.dll+0x624f9a]
V  [IMM32.DLL+0x770cfa]
V  [combase.dll+0x7724af]
V  [jvm.dll+0x772ab3]
V  [jvm.dll+0x24bf08]
V  [jvm.dll+0xc1e47]
V  [jvm.dll+0xc23cc]
V  [jvm.dll+0x35c0c5]
V  [jvm.dll+0x19f2f0]
V  [jvm.dll+0x205d36]
V  [jvm.dll+0x204e3f]
V  [jvm.dll+0x189c2c]
V  [jvm.dll+0x213e6d]
V  [jvm.dll+0x2120bb]
V  [jvm.dll+0x736bb6]
V  [jvm.dll+0x72fcaa]
V  [jvm.dll+0x623ea6]
C  [ucrtbase.dll+0x210b2]
C  [KERNEL32.DLL+0x17c24]
C  [ntdll.dll+0x6d721]


---------------  P R O C E S S  ---------------

Threads class SMR info:
_java_thread_list=0x000001eebfe4fde0, length=20, elements={
0x000001eebe31e000, 0x000001eebe321000, 0x000001eebe33f000, 0x000001eebe33f800,
0x000001eebe348800, 0x000001eebe354000, 0x000001eebe355000, 0x000001eebed93000,
0x000001eebed9a000, 0x000001eebf1ba000, 0x000001eebf199800, 0x000001eebf19b000,
0x000001eebf1e2000, 0x000001eea2322800, 0x000001eebf1e5000, 0x000001eebf206800,
0x000001eebfe83000, 0x000001eebff2c000, 0x000001eebfede800, 0x000001eebfedf800
}

Java Threads: ( => current thread )
  0x000001eebe31e000 JavaThread "Reference Handler" daemon [_thread_blocked, id=1284, stack(0x000000dd63000000,0x000000dd63100000)]
  0x000001eebe321000 JavaThread "Finalizer" daemon [_thread_blocked, id=2784, stack(0x000000dd63100000,0x000000dd63200000)]
  0x000001eebe33f000 JavaThread "Signal Dispatcher" daemon [_thread_blocked, id=10888, stack(0x000000dd63200000,0x000000dd63300000)]
  0x000001eebe33f800 JavaThread "Attach Listener" daemon [_thread_blocked, id=7404, stack(0x000000dd63300000,0x000000dd63400000)]
  0x000001eebe348800 JavaThread "C2 CompilerThread0" daemon [_thread_in_native, id=5172, stack(0x000000dd63400000,0x000000dd63500000)]
  0x000001eebe354000 JavaThread "C1 CompilerThread0" daemon [_thread_blocked, id=4068, stack(0x000000dd63500000,0x000000dd63600000)]
  0x000001eebe355000 JavaThread "Sweeper thread" daemon [_thread_blocked, id=6108, stack(0x000000dd63600000,0x000000dd63700000)]
  0x000001eebed93000 JavaThread "Service Thread" daemon [_thread_blocked, id=11940, stack(0x000000dd63700000,0x000000dd63800000)]
  0x000001eebed9a000 JavaThread "Common-Cleaner" daemon [_thread_blocked, id=11620, stack(0x000000dd63900000,0x000000dd63a00000)]
  0x000001eebf1ba000 JavaThread "Java2D Disposer" daemon [_thread_blocked, id=3948, stack(0x000000dd63a00000,0x000000dd63b00000)]
  0x000001eebf199800 JavaThread "AWT-Shutdown" [_thread_blocked, id=3964, stack(0x000000dd63b00000,0x000000dd63c00000)]
  0x000001eebf19b000 JavaThread "AWT-Windows" daemon [_thread_in_native, id=12176, stack(0x000000dd63c00000,0x000000dd63d00000)]
  0x000001eebf1e2000 JavaThread "AWT-EventQueue-0" [_thread_blocked, id=11432, stack(0x000000dd63d00000,0x000000dd63e00000)]
  0x000001eea2322800 JavaThread "DestroyJavaVM" [_thread_blocked, id=5496, stack(0x000000dd62900000,0x000000dd62a00000)]
  0x000001eebf1e5000 JavaThread "Abandoned connection cleanup thread" daemon [_thread_blocked, id=9924, stack(0x000000dd63e00000,0x000000dd63f00000)]
  0x000001eebf206800 JavaThread "mysql-cj-abandoned-connection-cleanup" daemon [_thread_blocked, id=10340, stack(0x000000dd63f00000,0x000000dd64000000)]
  0x000001eebfe83000 JavaThread "Image Fetcher 0" daemon [_thread_in_vm, id=7360, stack(0x000000dd64300000,0x000000dd64400000)]
  0x000001eebff2c000 JavaThread "TimerQueue" daemon [_thread_blocked, id=10236, stack(0x000000dd64400000,0x000000dd64500000)]
  0x000001eebfede800 JavaThread "Image Fetcher 1" daemon [_thread_blocked, id=2892, stack(0x000000dd64500000,0x000000dd64600000)]
=>0x000001eebfedf800 JavaThread "C2 CompilerThread1" daemon [_thread_in_native, id=3128, stack(0x000000dd64600000,0x000000dd64700000)]

Other Threads:
  0x000001eea23ed800 VMThread "VM Thread" [stack: 0x000000dd62f00000,0x000000dd63000000] [id=5872]
  0x000001eebed97800 WatcherThread [stack: 0x000000dd63800000,0x000000dd63900000] [id=11044]
  0x000001eea2354000 GCTaskThread "GC Thread#0" [stack: 0x000000dd62a00000,0x000000dd62b00000] [id=3020]
  0x000001eebf3a4800 GCTaskThread "GC Thread#1" [stack: 0x000000dd64000000,0x000000dd64100000] [id=6488]
  0x000001eebf5b0800 GCTaskThread "GC Thread#2" [stack: 0x000000dd64100000,0x000000dd64200000] [id=8956]
  0x000001eebf78d800 GCTaskThread "GC Thread#3" [stack: 0x000000dd64200000,0x000000dd64300000] [id=6508]
  0x000001eea235d800 ConcurrentGCThread "G1 Main Marker" [stack: 0x000000dd62b00000,0x000000dd62c00000] [id=2464]
  0x000001eea235f000 ConcurrentGCThread "G1 Conc#0" [stack: 0x000000dd62c00000,0x000000dd62d00000] [id=11648]
  0x000001eea23b5800 ConcurrentGCThread "G1 Refine#0" [stack: 0x000000dd62d00000,0x000000dd62e00000] [id=10108]
  0x000001eea23b9800 ConcurrentGCThread "G1 Young RemSet Sampling" [stack: 0x000000dd62e00000,0x000000dd62f00000] [id=10844]

Threads with active compile tasks:
C2 CompilerThread1     3663 1793 % !   4       sun.awt.image.PNGImageDecoder::produceImage @ 960 (1917 bytes)

VM state:not at safepoint (normal execution)

VM Mutex/Monitor currently owned by a thread: None

Heap address: 0x00000000c1600000, size: 1002 MB, Compressed Oops mode: 32-bit
Narrow klass base: 0x0000000800000000, Narrow klass shift: 3
Compressed class space size: 1073741824 Address: 0x0000000800b40000

Heap:
 garbage-first heap   total 65536K, used 24656K [0x00000000c1600000, 0x0000000100000000)
  region size 1024K, 20 young (20480K), 2 survivors (2048K)
 Metaspace       used 17377K, capacity 17759K, committed 18048K, reserved 1064960K
  class space    used 1899K, capacity 2049K, committed 2176K, reserved 1048576K
Heap Regions: E=young(eden), S=young(survivor), O=old, HS=humongous(starts), HC=humongous(continues), CS=collection set, F=free, A=archive, TAMS=top-at-mark-start (previous, next)
|   0|0x00000000c1600000, 0x00000000c1700000, 0x00000000c1700000|100%| O|  |TAMS 0x00000000c1600000, 0x00000000c1600000| Untracked 
|   1|0x00000000c1700000, 0x00000000c1800000, 0x00000000c1800000|100%| O|  |TAMS 0x00000000c1700000, 0x00000000c1700000| Untracked 
|   2|0x00000000c1800000, 0x00000000c1900000, 0x00000000c1900000|100%| O|  |TAMS 0x00000000c1800000, 0x00000000c1800000| Untracked 
|   3|0x00000000c1900000, 0x00000000c1a00000, 0x00000000c1a00000|100%| O|  |TAMS 0x00000000c1900000, 0x00000000c1900000| Untracked 
|   4|0x00000000c1a00000, 0x00000000c1b00000, 0x00000000c1b00000|100%| O|  |TAMS 0x00000000c1a00000, 0x00000000c1a00000| Untracked 
|   5|0x00000000c1b00000, 0x00000000c1b6c800, 0x00000000c1c00000| 42%| O|  |TAMS 0x00000000c1b00000, 0x00000000c1b00000| Untracked 
|   6|0x00000000c1c00000, 0x00000000c1c00000, 0x00000000c1d00000|  0%| F|  |TAMS 0x00000000c1c00000, 0x00000000c1c00000| Untracked 
|   7|0x00000000c1d00000, 0x00000000c1d00000, 0x00000000c1e00000|  0%| F|  |TAMS 0x00000000c1d00000, 0x00000000c1d00000| Untracked 
|   8|0x00000000c1e00000, 0x00000000c1e00000, 0x00000000c1f00000|  0%| F|  |TAMS 0x00000000c1e00000, 0x00000000c1e00000| Untracked 
|   9|0x00000000c1f00000, 0x00000000c1f00000, 0x00000000c2000000|  0%| F|  |TAMS 0x00000000c1f00000, 0x00000000c1f00000| Untracked 
|  10|0x00000000c2000000, 0x00000000c2000000, 0x00000000c2100000|  0%| F|  |TAMS 0x00000000c2000000, 0x00000000c2000000| Untracked 
|  11|0x00000000c2100000, 0x00000000c2100000, 0x00000000c2200000|  0%| F|  |TAMS 0x00000000c2100000, 0x00000000c2100000| Untracked 
|  12|0x00000000c2200000, 0x00000000c2200000, 0x00000000c2300000|  0%| F|  |TAMS 0x00000000c2200000, 0x00000000c2200000| Untracked 
|  13|0x00000000c2300000, 0x00000000c2300000, 0x00000000c2400000|  0%| F|  |TAMS 0x00000000c2300000, 0x00000000c2300000| Untracked 
|  14|0x00000000c2400000, 0x00000000c2400000, 0x00000000c2500000|  0%| F|  |TAMS 0x00000000c2400000, 0x00000000c2400000| Untracked 
|  15|0x00000000c2500000, 0x00000000c2500000, 0x00000000c2600000|  0%| F|  |TAMS 0x00000000c2500000, 0x00000000c2500000| Untracked 
|  16|0x00000000c2600000, 0x00000000c2600000, 0x00000000c2700000|  0%| F|  |TAMS 0x00000000c2600000, 0x00000000c2600000| Untracked 
|  17|0x00000000c2700000, 0x00000000c2700000, 0x00000000c2800000|  0%| F|  |TAMS 0x00000000c2700000, 0x00000000c2700000| Untracked 
|  18|0x00000000c2800000, 0x00000000c2800000, 0x00000000c2900000|  0%| F|  |TAMS 0x00000000c2800000, 0x00000000c2800000| Untracked 
|  19|0x00000000c2900000, 0x00000000c2900000, 0x00000000c2a00000|  0%| F|  |TAMS 0x00000000c2900000, 0x00000000c2900000| Untracked 
|  20|0x00000000c2a00000, 0x00000000c2a00000, 0x00000000c2b00000|  0%| F|  |TAMS 0x00000000c2a00000, 0x00000000c2a00000| Untracked 
|  21|0x00000000c2b00000, 0x00000000c2b00000, 0x00000000c2c00000|  0%| F|  |TAMS 0x00000000c2b00000, 0x00000000c2b00000| Untracked 
|  22|0x00000000c2c00000, 0x00000000c2c00000, 0x00000000c2d00000|  0%| F|  |TAMS 0x00000000c2c00000, 0x00000000c2c00000| Untracked 
|  23|0x00000000c2d00000, 0x00000000c2d00000, 0x00000000c2e00000|  0%| F|  |TAMS 0x00000000c2d00000, 0x00000000c2d00000| Untracked 
|  24|0x00000000c2e00000, 0x00000000c2e00000, 0x00000000c2f00000|  0%| F|  |TAMS 0x00000000c2e00000, 0x00000000c2e00000| Untracked 
|  25|0x00000000c2f00000, 0x00000000c2f00000, 0x00000000c3000000|  0%| F|  |TAMS 0x00000000c2f00000, 0x00000000c2f00000| Untracked 
|  26|0x00000000c3000000, 0x00000000c3000000, 0x00000000c3100000|  0%| F|  |TAMS 0x00000000c3000000, 0x00000000c3000000| Untracked 
|  27|0x00000000c3100000, 0x00000000c3100000, 0x00000000c3200000|  0%| F|  |TAMS 0x00000000c3100000, 0x00000000c3100000| Untracked 
|  28|0x00000000c3200000, 0x00000000c3200000, 0x00000000c3300000|  0%| F|  |TAMS 0x00000000c3200000, 0x00000000c3200000| Untracked 
|  29|0x00000000c3300000, 0x00000000c3300000, 0x00000000c3400000|  0%| F|  |TAMS 0x00000000c3300000, 0x00000000c3300000| Untracked 
|  30|0x00000000c3400000, 0x00000000c3400000, 0x00000000c3500000|  0%| F|  |TAMS 0x00000000c3400000, 0x00000000c3400000| Untracked 
|  31|0x00000000c3500000, 0x00000000c3500000, 0x00000000c3600000|  0%| F|  |TAMS 0x00000000c3500000, 0x00000000c3500000| Untracked 
|  32|0x00000000c3600000, 0x00000000c3600000, 0x00000000c3700000|  0%| F|  |TAMS 0x00000000c3600000, 0x00000000c3600000| Untracked 
|  33|0x00000000c3700000, 0x00000000c3700000, 0x00000000c3800000|  0%| F|  |TAMS 0x00000000c3700000, 0x00000000c3700000| Untracked 
|  34|0x00000000c3800000, 0x00000000c3800000, 0x00000000c3900000|  0%| F|  |TAMS 0x00000000c3800000, 0x00000000c3800000| Untracked 
|  35|0x00000000c3900000, 0x00000000c3900000, 0x00000000c3a00000|  0%| F|  |TAMS 0x00000000c3900000, 0x00000000c3900000| Untracked 
|  36|0x00000000c3a00000, 0x00000000c3a00000, 0x00000000c3b00000|  0%| F|  |TAMS 0x00000000c3a00000, 0x00000000c3a00000| Untracked 
|  37|0x00000000c3b00000, 0x00000000c3b00000, 0x00000000c3c00000|  0%| F|  |TAMS 0x00000000c3b00000, 0x00000000c3b00000| Untracked 
|  38|0x00000000c3c00000, 0x00000000c3c00000, 0x00000000c3d00000|  0%| F|  |TAMS 0x00000000c3c00000, 0x00000000c3c00000| Untracked 
|  39|0x00000000c3d00000, 0x00000000c3d00000, 0x00000000c3e00000|  0%| F|  |TAMS 0x00000000c3d00000, 0x00000000c3d00000| Untracked 
|  40|0x00000000c3e00000, 0x00000000c3e00000, 0x00000000c3f00000|  0%| F|  |TAMS 0x00000000c3e00000, 0x00000000c3e00000| Untracked 
|  41|0x00000000c3f00000, 0x00000000c3f00000, 0x00000000c4000000|  0%| F|  |TAMS 0x00000000c3f00000, 0x00000000c3f00000| Untracked 
|  42|0x00000000c4000000, 0x00000000c4000000, 0x00000000c4100000|  0%| F|  |TAMS 0x00000000c4000000, 0x00000000c4000000| Untracked 
|  43|0x00000000c4100000, 0x00000000c4100000, 0x00000000c4200000|  0%| F|  |TAMS 0x00000000c4100000, 0x00000000c4100000| Untracked 
|  44|0x00000000c4200000, 0x00000000c424bd88, 0x00000000c4300000| 29%| E|  |TAMS 0x00000000c4200000, 0x00000000c4200000| Complete 
|  45|0x00000000c4300000, 0x00000000c4400000, 0x00000000c4400000|100%| E|CS|TAMS 0x00000000c4300000, 0x00000000c4300000| Complete 
|  46|0x00000000c4400000, 0x00000000c4500000, 0x00000000c4500000|100%| E|CS|TAMS 0x00000000c4400000, 0x00000000c4400000| Complete 
|  47|0x00000000c4500000, 0x00000000c4600000, 0x00000000c4600000|100%| E|CS|TAMS 0x00000000c4500000, 0x00000000c4500000| Complete 
|  48|0x00000000c4600000, 0x00000000c4700000, 0x00000000c4700000|100%| E|CS|TAMS 0x00000000c4600000, 0x00000000c4600000| Complete 
|  49|0x00000000c4700000, 0x00000000c4800000, 0x00000000c4800000|100%| E|CS|TAMS 0x00000000c4700000, 0x00000000c4700000| Complete 
|  50|0x00000000c4800000, 0x00000000c4900000, 0x00000000c4900000|100%| E|CS|TAMS 0x00000000c4800000, 0x00000000c4800000| Complete 
|  51|0x00000000c4900000, 0x00000000c4a00000, 0x00000000c4a00000|100%| E|CS|TAMS 0x00000000c4900000, 0x00000000c4900000| Complete 
|  52|0x00000000c4a00000, 0x00000000c4b00000, 0x00000000c4b00000|100%| E|CS|TAMS 0x00000000c4a00000, 0x00000000c4a00000| Complete 
|  53|0x00000000c4b00000, 0x00000000c4c00000, 0x00000000c4c00000|100%| E|CS|TAMS 0x00000000c4b00000, 0x00000000c4b00000| Complete 
|  54|0x00000000c4c00000, 0x00000000c4ca7bf8, 0x00000000c4d00000| 65%| S|CS|TAMS 0x00000000c4c00000, 0x00000000c4c00000| Complete 
|  55|0x00000000c4d00000, 0x00000000c4e00000, 0x00000000c4e00000|100%| S|CS|TAMS 0x00000000c4d00000, 0x00000000c4d00000| Complete 
|  56|0x00000000c4e00000, 0x00000000c4f00000, 0x00000000c4f00000|100%| E|CS|TAMS 0x00000000c4e00000, 0x00000000c4e00000| Complete 
|  57|0x00000000c4f00000, 0x00000000c5000000, 0x00000000c5000000|100%| E|CS|TAMS 0x00000000c4f00000, 0x00000000c4f00000| Complete 
|  58|0x00000000c5000000, 0x00000000c5100000, 0x00000000c5100000|100%| E|CS|TAMS 0x00000000c5000000, 0x00000000c5000000| Complete 
|  59|0x00000000c5100000, 0x00000000c5200000, 0x00000000c5200000|100%| E|CS|TAMS 0x00000000c5100000, 0x00000000c5100000| Complete 
|  60|0x00000000c5200000, 0x00000000c5300000, 0x00000000c5300000|100%| E|CS|TAMS 0x00000000c5200000, 0x00000000c5200000| Complete 
|  61|0x00000000c5300000, 0x00000000c5400000, 0x00000000c5400000|100%| E|CS|TAMS 0x00000000c5300000, 0x00000000c5300000| Complete 
|  62|0x00000000c5400000, 0x00000000c5500000, 0x00000000c5500000|100%| E|CS|TAMS 0x00000000c5400000, 0x00000000c5400000| Complete 
|  63|0x00000000c5500000, 0x00000000c5600000, 0x00000000c5600000|100%| E|CS|TAMS 0x00000000c5500000, 0x00000000c5500000| Complete 

Card table byte_map: [0x000001eeb9a20000,0x000001eeb9c20000] _byte_map_base: 0x000001eeb9415000

Marking Bits (Prev, Next): (CMBitMap*) 0x000001eea2354a38, (CMBitMap*) 0x000001eea2354a78
 Prev Bits: [0x000001eeb9e20000, 0x000001eebadc8000)
 Next Bits: [0x000001eebadd0000, 0x000001eebbd78000)

Polling page: 0x000001eea1af0000

Metaspace:

Usage:
  Non-class:     15.34 MB capacity,    15.11 MB ( 99%) used,   194.65 KB (  1%) free+waste,    37.81 KB ( <1%) overhead. 
      Class:      2.00 MB capacity,     1.85 MB ( 93%) used,   129.25 KB (  6%) free+waste,    20.25 KB ( <1%) overhead. 
       Both:     17.34 MB capacity,    16.97 MB ( 98%) used,   323.90 KB (  2%) free+waste,    58.06 KB ( <1%) overhead. 

Virtual space:
  Non-class space:       16.00 MB reserved,      15.50 MB ( 97%) committed 
      Class space:        1.00 GB reserved,       2.13 MB ( <1%) committed 
             Both:        1.02 GB reserved,      17.63 MB (  2%) committed 

Chunk freelists:
   Non-Class:  34.00 KB
       Class:  0 bytes
        Both:  34.00 KB

MaxMetaspaceSize: 17179869184.00 GB
CompressedClassSpaceSize: 1.00 GB

CodeHeap 'non-profiled nmethods': size=120000Kb used=651Kb max_used=713Kb free=119349Kb
 bounds [0x000001eeb22f0000, 0x000001eeb2560000, 0x000001eeb9820000]
CodeHeap 'profiled nmethods': size=120000Kb used=3446Kb max_used=3872Kb free=116553Kb
 bounds [0x000001eeaadc0000, 0x000001eeab190000, 0x000001eeb22f0000]
CodeHeap 'non-nmethods': size=5760Kb used=1329Kb max_used=1353Kb free=4431Kb
 bounds [0x000001eeaa820000, 0x000001eeaaa90000, 0x000001eeaadc0000]
 total_blobs=3223 nmethods=1673 adapters=526
 compilation: enabled
              stopped_count=0, restarted_count=0
 full_count=0

Compilation events (20 events):
Event: 2.750 Thread 0x000001eebe354000 nmethod 1810 0x000001eeab175590 code [0x000001eeab1757a0, 0x000001eeab175ee0]
Event: 2.750 Thread 0x000001eebe354000 1811       3       javax.swing.RepaintManager::addDirtyRegion (37 bytes)
Event: 2.751 Thread 0x000001eebe354000 nmethod 1811 0x000001eeab176190 code [0x000001eeab176360, 0x000001eeab1766d0]
Event: 2.751 Thread 0x000001eebe354000 1812   !   3       javax.swing.RepaintManager::addDirtyRegion0 (205 bytes)
Event: 2.753 Thread 0x000001eebe354000 nmethod 1812 0x000001eeab176890 code [0x000001eeab176ba0, 0x000001eeab1789f0]
Event: 2.829 Thread 0x000001eebe354000 1813       3       java.awt.Component::repaint (16 bytes)
Event: 2.829 Thread 0x000001eebe354000 nmethod 1813 0x000001eeab179110 code [0x000001eeab1792c0, 0x000001eeab179530]
Event: 2.847 Thread 0x000001eebe354000 1814       3       javax.swing.JComponent::getFlag (20 bytes)
Event: 2.848 Thread 0x000001eebe354000 nmethod 1814 0x000001eeab179610 code [0x000001eeab1797c0, 0x000001eeab1799b8]
Event: 2.864 Thread 0x000001eebe354000 1816       3       java.util.Locale::hashCode (41 bytes)
Event: 2.865 Thread 0x000001eebe354000 nmethod 1816 0x000001eeab179a90 code [0x000001eeab179c60, 0x000001eeab179ee0]
Event: 2.865 Thread 0x000001eebe354000 1817       3       java.awt.Component::getFont (5 bytes)
Event: 2.865 Thread 0x000001eebe354000 nmethod 1817 0x000001eeab17a010 code [0x000001eeab17a1e0, 0x000001eeab17a590]
Event: 2.865 Thread 0x000001eebe354000 1818       3       java.awt.Component::getFont_NoClientCode (29 bytes)
Event: 2.865 Thread 0x000001eebe354000 nmethod 1818 0x000001eeab17a690 code [0x000001eeab17a860, 0x000001eeab17abd0]
Event: 2.865 Thread 0x000001eebe354000 1819       3       java.awt.RenderingHints$Key::hashCode (5 bytes)
Event: 2.866 Thread 0x000001eebe354000 nmethod 1819 0x000001eeab17ad10 code [0x000001eeab17aec0, 0x000001eeab17b070]
Event: 2.872 Thread 0x000001eebe348800 nmethod 1806 0x000001eeb2398010 code [0x000001eeb2398260, 0x000001eeb2399e38]
Event: 2.872 Thread 0x000001eebe348800 1796       4       java.lang.System::getSecurityManager (12 bytes)
Event: 2.872 Thread 0x000001eebe348800 nmethod 1796 0x000001eeb239ab10 code [0x000001eeb239aca0, 0x000001eeb239acf8]

GC Heap History (4 events):
Event: 0.854 GC heap before
{Heap before GC invocations=0 (full 0):
 garbage-first heap   total 65536K, used 14336K [0x00000000c1600000, 0x0000000100000000)
  region size 1024K, 14 young (14336K), 0 survivors (0K)
 Metaspace       used 6351K, capacity 7075K, committed 7168K, reserved 1056768K
  class space    used 593K, capacity 680K, committed 768K, reserved 1048576K
}
Event: 0.861 GC heap after
{Heap after GC invocations=1 (full 0):
 garbage-first heap   total 65536K, used 5547K [0x00000000c1600000, 0x0000000100000000)
  region size 1024K, 2 young (2048K), 2 survivors (2048K)
 Metaspace       used 6351K, capacity 7075K, committed 7168K, reserved 1056768K
  class space    used 593K, capacity 680K, committed 768K, reserved 1048576K
}
Event: 1.825 GC heap before
{Heap before GC invocations=1 (full 0):
 garbage-first heap   total 65536K, used 13739K [0x00000000c1600000, 0x0000000100000000)
  region size 1024K, 10 young (10240K), 2 survivors (2048K)
 Metaspace       used 11352K, capacity 11621K, committed 11776K, reserved 1060864K
  class space    used 1189K, capacity 1276K, committed 1280K, reserved 1048576K
}
Event: 1.832 GC heap after
{Heap after GC invocations=2 (full 0):
 garbage-first heap   total 65536K, used 7248K [0x00000000c1600000, 0x0000000100000000)
  region size 1024K, 2 young (2048K), 2 survivors (2048K)
 Metaspace       used 11352K, capacity 11621K, committed 11776K, reserved 1060864K
  class space    used 1189K, capacity 1276K, committed 1280K, reserved 1048576K
}

Deoptimization events (20 events):
Event: 2.868 Thread 0x000001eebfede800 DEOPT PACKING pc=0x000001eeab15d2b3 sp=0x000000dd645fe9d0
Event: 2.868 Thread 0x000001eebfede800 DEOPT UNPACKING pc=0x000001eeaa86964e sp=0x000000dd645fe030 mode 0
Event: 2.868 Thread 0x000001eebfede800 DEOPT PACKING pc=0x000001eeab13ef69 sp=0x000000dd645fe740
Event: 2.868 Thread 0x000001eebfede800 DEOPT UNPACKING pc=0x000001eeaa86964e sp=0x000000dd645fdbb8 mode 0
Event: 2.869 Thread 0x000001eebfede800 DEOPT PACKING pc=0x000001eeab15d2b3 sp=0x000000dd645fe9d0
Event: 2.869 Thread 0x000001eebfede800 DEOPT UNPACKING pc=0x000001eeaa86964e sp=0x000000dd645fe030 mode 0
Event: 2.869 Thread 0x000001eebfede800 DEOPT PACKING pc=0x000001eeab13ef69 sp=0x000000dd645fe740
Event: 2.869 Thread 0x000001eebfede800 DEOPT UNPACKING pc=0x000001eeaa86964e sp=0x000000dd645fdbb8 mode 0
Event: 2.870 Thread 0x000001eebfede800 DEOPT PACKING pc=0x000001eeab15d2b3 sp=0x000000dd645fe9d0
Event: 2.870 Thread 0x000001eebfede800 DEOPT UNPACKING pc=0x000001eeaa86964e sp=0x000000dd645fe030 mode 0
Event: 2.870 Thread 0x000001eebfede800 DEOPT PACKING pc=0x000001eeab13ef69 sp=0x000000dd645fe740
Event: 2.870 Thread 0x000001eebfede800 DEOPT UNPACKING pc=0x000001eeaa86964e sp=0x000000dd645fdbb8 mode 0
Event: 2.870 Thread 0x000001eebfede800 DEOPT PACKING pc=0x000001eeab15d2b3 sp=0x000000dd645fe9d0
Event: 2.870 Thread 0x000001eebfede800 DEOPT UNPACKING pc=0x000001eeaa86964e sp=0x000000dd645fe030 mode 0
Event: 2.871 Thread 0x000001eebfede800 DEOPT PACKING pc=0x000001eeab13ef69 sp=0x000000dd645fe740
Event: 2.871 Thread 0x000001eebfede800 DEOPT UNPACKING pc=0x000001eeaa86964e sp=0x000000dd645fdbb8 mode 0
Event: 2.871 Thread 0x000001eebfede800 DEOPT PACKING pc=0x000001eeab15d2b3 sp=0x000000dd645fe9d0
Event: 2.871 Thread 0x000001eebfede800 DEOPT UNPACKING pc=0x000001eeaa86964e sp=0x000000dd645fe030 mode 0
Event: 2.872 Thread 0x000001eebfede800 DEOPT PACKING pc=0x000001eeab15d2b3 sp=0x000000dd645fe9d0
Event: 2.872 Thread 0x000001eebfede800 DEOPT UNPACKING pc=0x000001eeaa86964e sp=0x000000dd645fe030 mode 0

Classes unloaded (0 events):
No events

Classes redefined (0 events):
No events

Internal exceptions (20 events):
Event: 1.080 Thread 0x000001eebf1e2000 Exception <a 'java/lang/NoSuchMethodError'{0x00000000c51df0e8}: 'java.lang.Object java.lang.invoke.DirectMethodHandle$Holder.invokeStaticInit(java.lang.Object, int, int, int, int)'> (0x00000000c51df0e8) 
thrown [t:/workspace/open/src/hotspot/share/interpreter/linkResolver.cpp, line 767]
Event: 1.082 Thread 0x000001eebf1e2000 Exception <a 'sun/nio/fs/WindowsException'{0x00000000c51e4e20}> (0x00000000c51e4e20) 
thrown [t:/workspace/open/src/hotspot/share/prims/jni.cpp, line 598]
Event: 1.089 Thread 0x000001eebf1e2000 Exception <a 'java/lang/NoSuchMethodError'{0x00000000c51e6cb0}: 'int java.lang.invoke.DirectMethodHandle$Holder.invokeSpecialIFC(java.lang.Object, java.lang.Object, int)'> (0x00000000c51e6cb0) 
thrown [t:/workspace/open/src/hotspot/share/interpreter/linkResolver.cpp, line 767]
Event: 1.108 Thread 0x000001eebf1e2000 Exception <a 'java/lang/NoSuchMethodError'{0x00000000c5010490}: 'int java.lang.invoke.DirectMethodHandle$Holder.invokeStaticInit(java.lang.Object, java.lang.Object, java.lang.Object, java.lang.Object)'> (0x00000000c5010490) 
thrown [t:/workspace/open/src/hotspot/share/interpreter/linkResolver.cpp, line 767]
Event: 1.109 Thread 0x000001eebf1e2000 Exception <a 'java/lang/IncompatibleClassChangeError'{0x00000000c5018f88}: Found class java.lang.Object, but interface was expected> (0x00000000c5018f88) 
thrown [t:/workspace/open/src/hotspot/share/interpreter/linkResolver.cpp, line 833]
Event: 1.111 Thread 0x000001eebf1e2000 Exception <a 'java/lang/NoSuchMethodError'{0x00000000c501c188}: 'void java.lang.invoke.DirectMethodHandle$Holder.invokeStaticInit(java.lang.Object, java.lang.Object)'> (0x00000000c501c188) 
thrown [t:/workspace/open/src/hotspot/share/interpreter/linkResolver.cpp, line 767]
Event: 1.117 Thread 0x000001eebf1e2000 Exception <a 'java/lang/NoSuchMethodError'{0x00000000c5021a08}: 'int java.lang.invoke.DirectMethodHandle$Holder.invokeStaticInit(java.lang.Object, java.lang.Object)'> (0x00000000c5021a08) 
thrown [t:/workspace/open/src/hotspot/share/interpreter/linkResolver.cpp, line 767]
Event: 1.675 Thread 0x000001eebf1e2000 Exception <a 'java/lang/NoSuchMethodError'{0x00000000c4e26840}: 'java.lang.Object java.lang.invoke.DirectMethodHandle$Holder.invokeStaticInit(java.lang.Object, java.lang.Object, int, int, int, int)'> (0x00000000c4e26840) 
thrown [t:/workspace/open/src/hotspot/share/interpreter/linkResolver.cpp, line 767]
Event: 1.933 Thread 0x000001eebf1e2000 Exception <a 'java/lang/NullPointerException'{0x00000000c55dd2f8}> (0x00000000c55dd2f8) 
thrown [t:/workspace/open/src/hotspot/share/interpreter/linkResolver.cpp, line 1349]
Event: 1.934 Thread 0x000001eebf1e2000 Exception <a 'java/lang/reflect/InvocationTargetException'{0x00000000c55e1190}> (0x00000000c55e1190) 
thrown [t:/workspace/open/src/hotspot/share/runtime/reflection.cpp, line 1188]
Event: 1.984 Thread 0x000001eebf1e2000 Exception <a 'java/lang/NoSuchMethodError'{0x00000000c53348d8}: 'java.lang.Object java.lang.invoke.DirectMethodHandle$Holder.invokeVirtual(java.lang.Object, java.lang.Object, java.lang.Object)'> (0x00000000c53348d8) 
thrown [t:/workspace/open/src/hotspot/share/interpreter/linkResolver.cpp, line 767]
Event: 2.356 Thread 0x000001eebf1e2000 Exception <a 'java/lang/NoSuchMethodError'{0x00000000c49af218}: 'java.lang.Object java.lang.invoke.DirectMethodHandle$Holder.invokeStatic(java.lang.Object, int, java.lang.Object, java.lang.Object, java.lang.Object, java.lang.Object)'> (0x00000000c49af218) 
thrown [t:/workspace/open/src/hotspot/share/interpreter/linkResolver.cpp, line 767]
Event: 2.357 Thread 0x000001eebf1e2000 Exception <a 'java/lang/NoSuchMethodError'{0x00000000c49b5b80}: 'java.lang.Object java.lang.invoke.DirectMethodHandle$Holder.invokeStatic(java.lang.Object, int, java.lang.Object, java.lang.Object, java.lang.Object)'> (0x00000000c49b5b80) 
thrown [t:/workspace/open/src/hotspot/share/interpreter/linkResolver.cpp, line 767]
Event: 2.358 Thread 0x000001eebf1e2000 Exception <a 'java/lang/NoSuchMethodError'{0x00000000c49b93e8}: 'java.lang.Object java.lang.invoke.DirectMethodHandle$Holder.invokeSpecial(java.lang.Object, java.lang.Object, int, java.lang.Object, java.lang.Object, java.lang.Object)'> (0x00000000c49b93e8) 
thrown [t:/workspace/open/src/hotspot/share/interpreter/linkResolver.cpp, line 767]
Event: 2.362 Thread 0x000001eebf1e2000 Exception <a 'java/lang/NoSuchMethodError'{0x00000000c49cf9b0}: 'java.lang.Object java.lang.invoke.DirectMethodHandle$Holder.invokeStatic(java.lang.Object, int, java.lang.Object)'> (0x00000000c49cf9b0) 
thrown [t:/workspace/open/src/hotspot/share/interpreter/linkResolver.cpp, line 767]
Event: 2.391 Thread 0x000001eebf1e2000 Exception <a 'java/lang/ClassNotFoundException'{0x00000000c4876ae8}: com/sun/swing/internal/plaf/metal/resources/spi/metalProvider> (0x00000000c4876ae8) 
thrown [t:/workspace/open/src/hotspot/share/classfile/systemDictionary.cpp, line 232]
Event: 2.395 Thread 0x000001eebf1e2000 Exception <a 'java/lang/ClassNotFoundException'{0x00000000c487ab90}: com/sun/swing/internal/plaf/basic/resources/spi/basicProvider> (0x00000000c487ab90) 
thrown [t:/workspace/open/src/hotspot/share/classfile/systemDictionary.cpp, line 232]
Event: 2.409 Thread 0x000001eebf1e2000 Implicit null exception at 0x000001eeb2371605 to 0x000001eeb2371802
Event: 2.409 Thread 0x000001eebf1e2000 Implicit null exception at 0x000001eeb2346168 to 0x000001eeb23461fa
Event: 2.414 Thread 0x000001eebf1e2000 Implicit null exception at 0x000001eeb233732f to 0x000001eeb23373ad

Events (20 events):
Event: 2.834 Executing VM operation: RevokeBias
Event: 2.835 Executing VM operation: RevokeBias done
Event: 2.846 Executing VM operation: RevokeBias
Event: 2.846 Executing VM operation: RevokeBias done
Event: 2.846 Executing VM operation: RevokeBias
Event: 2.846 Executing VM operation: RevokeBias done
Event: 2.847 Executing VM operation: RevokeBias
Event: 2.847 Executing VM operation: RevokeBias done
Event: 2.849 Executing VM operation: RevokeBias
Event: 2.849 Executing VM operation: RevokeBias done
Event: 2.864 Executing VM operation: RevokeBias
Event: 2.864 Executing VM operation: RevokeBias done
Event: 2.864 Executing VM operation: RevokeBias
Event: 2.864 Executing VM operation: RevokeBias done
Event: 2.864 Executing VM operation: RevokeBias
Event: 2.864 Executing VM operation: RevokeBias done
Event: 2.866 Executing VM operation: RevokeBias
Event: 2.866 Executing VM operation: RevokeBias done
Event: 2.870 Executing VM operation: HandshakeAllThreads
Event: 2.870 Executing VM operation: HandshakeAllThreads done


Dynamic libraries:
0x00007ff7e2ff0000 - 0x00007ff7e2fff000 	C:\Program Files\Java\jdk-13.0.2\bin\javaw.exe
0x00007ffd870a0000 - 0x00007ffd87290000 	C:\Windows\SYSTEM32\ntdll.dll
0x00007ffd851f0000 - 0x00007ffd852a2000 	C:\Windows\System32\KERNEL32.DLL
0x00007ffd84de0000 - 0x00007ffd85085000 	C:\Windows\System32\KERNELBASE.dll
0x00007ffd844f0000 - 0x00007ffd845ea000 	C:\Windows\System32\ucrtbase.dll
0x00007ffd63bf0000 - 0x00007ffd63c05000 	C:\Program Files\Java\jdk-13.0.2\bin\VCRUNTIME140.dll
0x00007ffd63bd0000 - 0x00007ffd63be8000 	C:\Program Files\Java\jdk-13.0.2\bin\jli.dll
0x00007ffd85500000 - 0x00007ffd855a3000 	C:\Windows\System32\ADVAPI32.dll
0x00007ffd869b0000 - 0x00007ffd86a4e000 	C:\Windows\System32\msvcrt.dll
0x00007ffd86910000 - 0x00007ffd869a7000 	C:\Windows\System32\sechost.dll
0x00007ffd85380000 - 0x00007ffd8549f000 	C:\Windows\System32\RPCRT4.dll
0x00007ffd86da0000 - 0x00007ffd86f34000 	C:\Windows\System32\USER32.dll
0x00007ffd72420000 - 0x00007ffd726a4000 	C:\Windows\WinSxS\amd64_microsoft.windows.common-controls_6595b64144ccf1df_6.0.18362.1556_none_9e7e372fe45e41d5\COMCTL32.dll
0x00007ffd84360000 - 0x00007ffd84381000 	C:\Windows\System32\win32u.dll
0x00007ffd86a60000 - 0x00007ffd86d96000 	C:\Windows\System32\combase.dll
0x00007ffd85f60000 - 0x00007ffd85f86000 	C:\Windows\System32\GDI32.dll
0x00007ffd83fe0000 - 0x00007ffd84061000 	C:\Windows\System32\bcryptPrimitives.dll
0x00007ffd841c0000 - 0x00007ffd84358000 	C:\Windows\System32\gdi32full.dll
0x00007ffd84120000 - 0x00007ffd841be000 	C:\Windows\System32\msvcp_win.dll
0x00007ffd73b50000 - 0x00007ffd73b5a000 	C:\Windows\SYSTEM32\VERSION.dll
0x00007ffd86f40000 - 0x00007ffd86f6e000 	C:\Windows\System32\IMM32.DLL
0x00007ffd48c40000 - 0x00007ffd48cdb000 	C:\Program Files\Java\jdk-13.0.2\bin\msvcp140.dll
0x00007ffd480e0000 - 0x00007ffd48c3d000 	C:\Program Files\Java\jdk-13.0.2\bin\server\jvm.dll
0x00007ffd85680000 - 0x00007ffd85688000 	C:\Windows\System32\PSAPI.DLL
0x00007ffd819e0000 - 0x00007ffd81a04000 	C:\Windows\SYSTEM32\WINMM.dll
0x00007ffd65520000 - 0x00007ffd65529000 	C:\Windows\SYSTEM32\WSOCK32.dll
0x00007ffd85710000 - 0x00007ffd8577f000 	C:\Windows\System32\WS2_32.dll
0x00007ffd819b0000 - 0x00007ffd819dd000 	C:\Windows\SYSTEM32\winmmbase.dll
0x00007ffd84d90000 - 0x00007ffd84dda000 	C:\Windows\System32\cfgmgr32.dll
0x00007ffd83f30000 - 0x00007ffd83f41000 	C:\Windows\System32\kernel.appcore.dll
0x00007ffd4b370000 - 0x00007ffd4b380000 	C:\Program Files\Java\jdk-13.0.2\bin\verify.dll
0x00007ffd72e10000 - 0x00007ffd73004000 	C:\Windows\SYSTEM32\DBGHELP.DLL
0x00007ffd72db0000 - 0x00007ffd72dda000 	C:\Windows\SYSTEM32\dbgcore.DLL
0x00007ffd480b0000 - 0x00007ffd480d6000 	C:\Program Files\Java\jdk-13.0.2\bin\java.dll
0x00007ffd48090000 - 0x00007ffd480a7000 	C:\Program Files\Java\jdk-13.0.2\bin\zip.dll
0x00007ffd4b360000 - 0x00007ffd4b36a000 	C:\Program Files\Java\jdk-13.0.2\bin\jimage.dll
0x00007ffd860d0000 - 0x00007ffd867b7000 	C:\Windows\System32\SHELL32.dll
0x00007ffd86f70000 - 0x00007ffd87018000 	C:\Windows\System32\shcore.dll
0x00007ffd84610000 - 0x00007ffd84d8b000 	C:\Windows\System32\windows.storage.dll
0x00007ffd83f50000 - 0x00007ffd83f6e000 	C:\Windows\System32\profapi.dll
0x00007ffd83f90000 - 0x00007ffd83fda000 	C:\Windows\System32\powrprof.dll
0x00007ffd83f20000 - 0x00007ffd83f30000 	C:\Windows\System32\UMPDC.dll
0x00007ffd85bf0000 - 0x00007ffd85c42000 	C:\Windows\System32\shlwapi.dll
0x00007ffd845f0000 - 0x00007ffd84607000 	C:\Windows\System32\cryptsp.dll
0x00007ffd48070000 - 0x00007ffd48089000 	C:\Program Files\Java\jdk-13.0.2\bin\net.dll
0x00007ffd7a360000 - 0x00007ffd7a45a000 	C:\Windows\SYSTEM32\WINHTTP.dll
0x00007ffd83760000 - 0x00007ffd837c7000 	C:\Windows\system32\mswsock.dll
0x00007ffd48050000 - 0x00007ffd48063000 	C:\Program Files\Java\jdk-13.0.2\bin\nio.dll
0x00007ffd40c50000 - 0x00007ffd40de9000 	C:\Program Files\Java\jdk-13.0.2\bin\awt.dll
0x00007ffd867c0000 - 0x00007ffd86885000 	C:\Windows\System32\OLEAUT32.dll
0x00007ffd82060000 - 0x00007ffd820ef000 	C:\Windows\SYSTEM32\apphelp.dll
0x00007ffd82240000 - 0x00007ffd822d9000 	C:\Windows\system32\uxtheme.dll
0x00007ffd85f90000 - 0x00007ffd860c5000 	C:\Windows\System32\MSCTF.dll
0x00007ffd85c50000 - 0x00007ffd85da7000 	C:\Windows\System32\ole32.dll
0x00007ffd834b0000 - 0x00007ffd8357b000 	C:\Windows\SYSTEM32\DNSAPI.dll
0x00007ffd87020000 - 0x00007ffd87028000 	C:\Windows\System32\NSI.dll
0x00007ffd83470000 - 0x00007ffd834aa000 	C:\Windows\SYSTEM32\IPHLPAPI.DLL
0x00007ffd7aa00000 - 0x00007ffd7aa0a000 	C:\Windows\System32\rasadhlp.dll
0x00007ffd7ae60000 - 0x00007ffd7aed7000 	C:\Windows\System32\fwpuclnt.dll
0x00007ffd85090000 - 0x00007ffd850b6000 	C:\Windows\System32\bcrypt.dll
0x00007ffd65550000 - 0x00007ffd65575000 	C:\Program Files\Java\jdk-13.0.2\bin\sunec.dll
0x00007ffd832e0000 - 0x00007ffd83313000 	C:\Windows\system32\rsaenh.dll
0x00007ffd83e10000 - 0x00007ffd83e35000 	C:\Windows\SYSTEM32\USERENV.dll
0x00007ffd83930000 - 0x00007ffd8393c000 	C:\Windows\SYSTEM32\CRYPTBASE.dll
0x00007ffd7af40000 - 0x00007ffd7af56000 	C:\Windows\SYSTEM32\dhcpcsvc6.DLL
0x00007ffd7b040000 - 0x00007ffd7b05c000 	C:\Windows\SYSTEM32\dhcpcsvc.DLL
0x00007ffd80820000 - 0x00007ffd8082e000 	C:\Program Files\Java\jdk-13.0.2\bin\sunmscapi.dll
0x00007ffd84390000 - 0x00007ffd844e1000 	C:\Windows\System32\CRYPT32.dll
0x00007ffd83f70000 - 0x00007ffd83f82000 	C:\Windows\System32\MSASN1.dll
0x00007ffd83a40000 - 0x00007ffd83a66000 	C:\Windows\SYSTEM32\ncrypt.dll
0x00007ffd83a00000 - 0x00007ffd83a3b000 	C:\Windows\SYSTEM32\NTASN1.dll
0x00007ffd82590000 - 0x00007ffd825bd000 	C:\Windows\system32\DWMAPI.DLL
0x00007ffd42300000 - 0x00007ffd42456000 	C:\Windows\system32\opengl32.dll
0x00007ffd6c610000 - 0x00007ffd6c63c000 	C:\Windows\SYSTEM32\GLU32.dll
0x00007ffd82c30000 - 0x00007ffd82c50000 	C:\Windows\SYSTEM32\dxcore.dll

dbghelp: loaded successfully - version: 4.0.5 - missing functions: none
symbol engine: initialized successfully - sym options: 0x614 - pdb path: .;C:\Program Files\Java\jdk-13.0.2\bin;C:\Windows\SYSTEM32;C:\Windows\WinSxS\amd64_microsoft.windows.common-controls_6595b64144ccf1df_6.0.18362.1556_none_9e7e372fe45e41d5;C:\Program Files\Java\jdk-13.0.2\bin\server

VM Arguments:
jvm_args: -Dfile.encoding=Cp1252 
java_command: accounts.ScholarYears
java_class_path (initial): C:\Users\User\git\bakame\DriveOperations\target\classes;C:\Users\User\Desktop\Libraries\jgoodies-common-1.8.0.jar;C:\Users\User\Desktop\Libraries\jgoodies-forms-1.8.0.jar;C:\Users\User\Desktop\Libraries\miglayout15-swing.jar;C:\Users\User\Downloads\javax.mail.jar;C:\Users\User\Downloads\activation-1.1.1.jar;C:\Users\User\Downloads\jcalendar-1.4.jar;C:\Users\User\Downloads\jfreechart-1.0.19\lib\jcommon-1.0.23.jar;C:\Users\User\Downloads\jfreechart-1.0.19\lib\jfreechart-1.0.19.jar;C:\Users\User\Downloads\commons-net-3.8.0\commons-net-3.8.0.jar;C:\Users\User\Documents\Libs\comm-2.0.jar;C:\Users\User\Documents\Libs\http-2.2.1.jar;C:\Users\User\Downloads\JTattoo-1.6.13.jar;C:\Users\User\Desktop\Libs\jmespath-java-1.11.470.jar;C:\Users\User\Desktop\Libs\aws-java-sdk-core-1.12.65.jar;C:\Users\User\Desktop\Libs\aws-java-sdk-kms-1.12.65.jar;C:\Users\User\Desktop\Libs\aws-java-sdk-s3-1.12.65.jar;C:\Users\User\Desktop\Libs\commons-codec-1.15.jar;C:\Users\User\Desktop\Libs\commons-logging-1.1.3.jar;C:\Users\User\Desktop\Libs\httpclient-4.5.13.jar;C:\Users\User\Desktop\Libs\ion-java-1.0.2.jar;C:\Users\User\Desktop\Libs\jackson-annotations-2.12.3.jar;C:\Users\User\Desktop\Libs\jackson-core-2.12.3.jar;C:\Users\User\Desktop\Libs\jackson-databind-2.12.3.jar;C:\Users\User\Desktop\Libs\jackson-dataformat-cbor-2.12.3.jar;C:\Users\User\Desktop\Libs\jmespath-java-1.12.65.jar;C:\Users\User\Desktop\Libs\joda-time-2.8.1.jar;C:\Users\User\Desktop\Libs\mysql-connector-java-5.1.45.jar;C:\Users\User\.m2\repository\com\amazonaws\aws-java-sdk-s3\1.12.65\aws-java-sdk-s3-1.12.65.jar;C:\Users\User\.m2\repository\com\amazonaws\aws-java-sdk-kms\1.12.65\aws-java-sdk-kms-1.12.65.jar;C:\Users\User\.m2\repository\com\amazonaws\aws-java-sdk-core\1.12.65\aws-java-sdk-core-1.12.65.jar;C:\Users\User\.m2\repository\commons-logging\commons-logging\1.1.3\commons-logging-1.1.3.jar;C:\Users\User\.m2\repository\commons-codec\commons-codec\1.15\commons-codec-1.15.jar;C:\Users\User\.m2\re
Launcher Type: SUN_STANDARD

[Global flags]
     intx CICompilerCount                          = 3                                         {product} {ergonomic}
     uint ConcGCThreads                            = 1                                         {product} {ergonomic}
     uint G1ConcRefinementThreads                  = 4                                         {product} {ergonomic}
   size_t G1HeapRegionSize                         = 1048576                                   {product} {ergonomic}
    uintx GCDrainStackTargetSize                   = 64                                        {product} {ergonomic}
   size_t InitialHeapSize                          = 67108864                                  {product} {ergonomic}
   size_t MarkStackSize                            = 4194304                                   {product} {ergonomic}
   size_t MaxHeapSize                              = 1050673152                                {product} {ergonomic}
   size_t MaxNewSize                               = 630194176                                 {product} {ergonomic}
   size_t MinHeapDeltaBytes                        = 1048576                                   {product} {ergonomic}
   size_t MinHeapSize                              = 8388608                                   {product} {ergonomic}
    uintx NonNMethodCodeHeapSize                   = 5832780                                {pd product} {ergonomic}
    uintx NonProfiledCodeHeapSize                  = 122912730                              {pd product} {ergonomic}
    uintx ProfiledCodeHeapSize                     = 122912730                              {pd product} {ergonomic}
    uintx ReservedCodeCacheSize                    = 251658240                              {pd product} {ergonomic}
     bool SegmentedCodeCache                       = true                                      {product} {ergonomic}
   size_t SoftMaxHeapSize                          = 1050673152                             {manageable} {ergonomic}
     bool UseCompressedClassPointers               = true                                 {lp64_product} {ergonomic}
     bool UseCompressedOops                        = true                                 {lp64_product} {ergonomic}
     bool UseG1GC                                  = true                                      {product} {ergonomic}
     bool UseLargePagesIndividualAllocation        = false                                  {pd product} {ergonomic}

Logging:
Log output configuration:
 #0: stdout all=warning uptime,level,tags
 #1: stderr all=off uptime,level,tags

Environment Variables:
JAVA_HOME=C:\Program Files (x86)\Java\jre1.8.0_241
PATH=C:\Program Files\Java\jdk-13.0.2\bin;C:\Program Files (x86)\Common Files\Oracle\Java\javapath;C:\Windows\system32;C:\Windows;C:\Windows\System32\Wbem;C:\Windows\System32\WindowsPowerShell\v1.0\;C:\Windows\System32\OpenSSH\;C:\Program Files (x86)\apache-maven-3.8.1\bin;C:\Program Files (x86)\gradle-7.1.1\bin;C:\Users\User\Documents\Setup logiciels\mongosh-1.1.2-win32-x64\bin;C:\Program Files\Git\cmd;C:\Program Files\MySQL\MySQL Shell 8.0\bin\;C:\Users\User\AppData\Local\Microsoft\WindowsApps;C:\Users\User\AppData\Local\Programs\Microsoft VS Code\bin;C:\Program Files (x86)\gradle-7.1.1\bin;C:\Users\User\Downloads\platform-tools;C:\Users\User\Documents\Setup logiciels\mongosh-1.1.2-win32-x64\bin;C:\Users\User\AppData\Local\GitHubDesktop\bin;C:\Program Files\JetBrains\IntelliJ IDEA 2022.1.1\bin;
USERNAME=User
OS=Windows_NT
PROCESSOR_IDENTIFIER=Intel64 Family 6 Model 42 Stepping 7, GenuineIntel



---------------  S Y S T E M  ---------------

OS: Windows 10 , 64 bit Build 18362 (10.0.18362.1500)

CPU:total 4 (initial active 4) (2 cores per cpu, 2 threads per core) family 6 model 42 stepping 7, cmov, cx8, fxsr, mmx, sse, sse2, sse3, ssse3, sse4.1, sse4.2, popcnt, avx, aes, clmul, ht, tsc, tscinvbit

Memory: 4k page, system-wide physical 4006M (673M free)
TotalPageFile size 16294M (AvailPageFile size 5M)
current process WorkingSet (physical memory assigned to process): 102M, peak: 102M
current process commit charge ("private bytes"): 173M, peak: 173M

vm_info: Java HotSpot(TM) 64-Bit Server VM (13.0.2+8) for windows-amd64 JRE (13.0.2+8), built on Dec 11 2019 09:20:33 by "mach5one" with unknown MS VC++:1916

END.
