#
# There is insufficient memory for the Java Runtime Environment to continue.
# Native memory allocation (malloc) failed to allocate 721296 bytes for Chunk::new
# Possible reasons:
#   The system is out of physical RAM or swap space
#   The process is running with CompressedOops enabled, and the Java Heap may be blocking the growth of the native heap
# Possible solutions:
#   Reduce memory load on the system
#   Increase physical memory or swap space
#   Check if swap backing store is full
#   Decrease Java heap size (-Xmx/-Xms)
#   Decrease number of Java threads
#   Decrease Java thread stack sizes (-Xss)
#   Set larger code cache with -XX:ReservedCodeCacheSize=
#   JVM is running with Unscaled Compressed Oops mode in which the Java heap is
#     placed in the first 4GB address space. The Java Heap base address is the
#     maximum limit for the native heap growth. Please use -XX:HeapBaseMinAddress
#     to set the Java Heap base and to place the Java Heap above 4GB virtual address.
# This output file may be truncated or incomplete.
#
#  Out of Memory Error (t:/workspace/open/src/hotspot/share/memory/arena.cpp:196), pid=9380, tid=4560
#
# JRE version: Java(TM) SE Runtime Environment (13.0.2+8) (build 13.0.2+8)
# Java VM: Java HotSpot(TM) 64-Bit Server VM (13.0.2+8, mixed mode, sharing, tiered, compressed oops, g1 gc, windows-amd64)
# No core dump will be written. Minidumps are not enabled by default on client versions of Windows
#

---------------  S U M M A R Y ------------

Command Line: -Dfile.encoding=Cp1252 Application.Home

Host: Intel(R) Core(TM) i5-2520M CPU @ 2.50GHz, 4 cores, 3G,  Windows 10 , 64 bit Build 18362 (10.0.18362.1500)
Time: Sat Apr 16 18:49:54 2022 Afrique de l?Est elapsed time: 22 seconds (0d 0h 0m 22s)

---------------  T H R E A D  ---------------

Current thread (0x000001c341c80000):  JavaThread "C2 CompilerThread0" daemon [_thread_in_native, id=4560, stack(0x0000009cd1d00000,0x0000009cd1e00000)]


Current CompileTask:
C2:  22637 2655   !   4       sun.font.FontDesignMetrics::getMetrics (265 bytes)

Stack: [0x0000009cd1d00000,0x0000009cd1e00000]
Native frames: (J=compiled Java code, j=interpreted, Vv=VM code, C=native code)
V  [jvm.dll+0x624f9a]
V  [jvm.dll+0x770cfa]
V  [jvm.dll+0x7724af]
V  [jvm.dll+0x772ab3]
V  [jvm.dll+0x24bf08]
V  [jvm.dll+0xc1e47]
V  [jvm.dll+0xc23cc]
V  [jvm.dll+0x35c068]
V  [jvm.dll+0x327803]
V  [jvm.dll+0x326bda]
V  [jvm.dll+0x205c27]
V  [jvm.dll+0x204e3f]
V  [jvm.dll+0x189c2c]
V  [jvm.dll+0x213e6d]
V  [jvm.dll+0x2120bb]
V  [jvm.dll+0x736bb6]
V  [jvm.dll+0x72fcaa]
V  [jvm.dll+0x623ea6]
C  [ucrtbase.dll+0x210b2]
C  [KERNEL32.DLL+0x17c24]
C  [ntdll.dll+0x6d721]


---------------  P R O C E S S  ---------------

Threads class SMR info:
_java_thread_list=0x000001c341cedeb0, length=22, elements={
0x000001c341c5a800, 0x000001c341c60000, 0x000001c341c7c800, 0x000001c341c7e000,
0x000001c341c80000, 0x000001c341c89800, 0x000001c341c96800, 0x000001c3426be800,
0x000001c3426c0000, 0x000001c34295e800, 0x000001c342961800, 0x000001c342ad8800,
0x000001c342ade800, 0x000001c325c63000, 0x000001c342797800, 0x000001c342b4f800,
0x000001c342c11800, 0x000001c342efc000, 0x000001c343878800, 0x000001c343873000,
0x000001c343879800, 0x000001c343877000
}

Java Threads: ( => current thread )
  0x000001c341c5a800 JavaThread "Reference Handler" daemon [_thread_blocked, id=12056, stack(0x0000009cd1900000,0x0000009cd1a00000)]
  0x000001c341c60000 JavaThread "Finalizer" daemon [_thread_blocked, id=9712, stack(0x0000009cd1a00000,0x0000009cd1b00000)]
  0x000001c341c7c800 JavaThread "Signal Dispatcher" daemon [_thread_blocked, id=11624, stack(0x0000009cd1b00000,0x0000009cd1c00000)]
  0x000001c341c7e000 JavaThread "Attach Listener" daemon [_thread_blocked, id=6104, stack(0x0000009cd1c00000,0x0000009cd1d00000)]
=>0x000001c341c80000 JavaThread "C2 CompilerThread0" daemon [_thread_in_native, id=4560, stack(0x0000009cd1d00000,0x0000009cd1e00000)]
  0x000001c341c89800 JavaThread "C1 CompilerThread0" daemon [_thread_in_native, id=3932, stack(0x0000009cd1e00000,0x0000009cd1f00000)]
  0x000001c341c96800 JavaThread "Sweeper thread" daemon [_thread_blocked, id=11368, stack(0x0000009cd1f00000,0x0000009cd2000000)]
  0x000001c3426be800 JavaThread "Service Thread" daemon [_thread_blocked, id=10460, stack(0x0000009cd2000000,0x0000009cd2100000)]
  0x000001c3426c0000 JavaThread "Common-Cleaner" daemon [_thread_blocked, id=9752, stack(0x0000009cd2200000,0x0000009cd2300000)]
  0x000001c34295e800 JavaThread "Java2D Disposer" daemon [_thread_blocked, id=8452, stack(0x0000009cd2300000,0x0000009cd2400000)]
  0x000001c342961800 JavaThread "AWT-Shutdown" [_thread_blocked, id=2440, stack(0x0000009cd2400000,0x0000009cd2500000)]
  0x000001c342ad8800 JavaThread "AWT-Windows" daemon [_thread_blocked, id=7332, stack(0x0000009cd2500000,0x0000009cd2600000)]
  0x000001c342ade800 JavaThread "AWT-EventQueue-0" [_thread_blocked, id=5984, stack(0x0000009cd2600000,0x0000009cd2700000)]
  0x000001c325c63000 JavaThread "DestroyJavaVM" [_thread_blocked, id=1588, stack(0x0000009cd1200000,0x0000009cd1300000)]
  0x000001c342797800 JavaThread "Abandoned connection cleanup thread" daemon [_thread_blocked, id=11716, stack(0x0000009cd2700000,0x0000009cd2800000)]
  0x000001c342b4f800 JavaThread "mysql-cj-abandoned-connection-cleanup" daemon [_thread_blocked, id=10192, stack(0x0000009cd2800000,0x0000009cd2900000)]
  0x000001c342c11800 JavaThread "TimerQueue" daemon [_thread_blocked, id=7932, stack(0x0000009cd2e00000,0x0000009cd2f00000)]
  0x000001c342efc000 JavaThread "SwingWorker-pool-1-thread-1" daemon [_thread_in_vm, id=6844, stack(0x0000009cd3000000,0x0000009cd3100000)]
  0x000001c343878800 JavaThread "SwingWorker-pool-1-thread-2" daemon [_thread_blocked, id=8648, stack(0x0000009cd3100000,0x0000009cd3200000)]
  0x000001c343873000 JavaThread "SwingWorker-pool-1-thread-3" daemon [_thread_blocked, id=5744, stack(0x0000009cd3200000,0x0000009cd3300000)]
  0x000001c343879800 JavaThread "Image Fetcher 0" daemon [_thread_blocked, id=9332, stack(0x0000009cd2d00000,0x0000009cd2e00000)]
  0x000001c343877000 JavaThread "Image Fetcher 1" daemon [_thread_blocked, id=11984, stack(0x0000009cd2f00000,0x0000009cd3000000)]

Other Threads:
  0x000001c341c56800 VMThread "VM Thread" [stack: 0x0000009cd1800000,0x0000009cd1900000] [id=7368] _threads_hazard_ptr=0x000001c341cedeb0
  0x000001c3426bf800 WatcherThread [stack: 0x0000009cd2100000,0x0000009cd2200000] [id=8956]
  0x000001c325c91800 GCTaskThread "GC Thread#0" [stack: 0x0000009cd1300000,0x0000009cd1400000] [id=11356]
  0x000001c3430ab800 GCTaskThread "GC Thread#1" [stack: 0x0000009cd2900000,0x0000009cd2a00000] [id=10740]
  0x000001c3430ac000 GCTaskThread "GC Thread#2" [stack: 0x0000009cd2a00000,0x0000009cd2b00000] [id=3908]
  0x000001c3430a9800 GCTaskThread "GC Thread#3" [stack: 0x0000009cd2b00000,0x0000009cd2c00000] [id=2856]
  0x000001c325c9b800 ConcurrentGCThread "G1 Main Marker" [stack: 0x0000009cd1400000,0x0000009cd1500000] [id=8288]
  0x000001c325c9d800 ConcurrentGCThread "G1 Conc#0" [stack: 0x0000009cd1500000,0x0000009cd1600000] [id=9428]
  0x000001c325cf1800 ConcurrentGCThread "G1 Refine#0" [stack: 0x0000009cd1600000,0x0000009cd1700000] [id=7280]
  0x000001c3427cf000 ConcurrentGCThread "G1 Refine#1" [stack: 0x0000009cd2c00000,0x0000009cd2d00000] [id=12052]
  0x000001c325cf5800 ConcurrentGCThread "G1 Young RemSet Sampling" [stack: 0x0000009cd1700000,0x0000009cd1800000] [id=9996]

Threads with active compile tasks:
C2 CompilerThread0    28053 2655   !   4       sun.font.FontDesignMetrics::getMetrics (265 bytes)
C1 CompilerThread0    28053 2929       2       javax.swing.text.html.parser.Parser::parseTag (1688 bytes)

VM state:synchronizing (normal execution)

VM Mutex/Monitor currently owned by a thread:  ([mutex/lock_event])
[0x000001c323b5ba50] Threads_lock - owner thread: 0x000001c341c56800

Heap address: 0x00000000c1600000, size: 1002 MB, Compressed Oops mode: 32-bit
Narrow klass base: 0x0000000800000000, Narrow klass shift: 3
Compressed class space size: 1073741824 Address: 0x0000000800b40000

Heap:
 garbage-first heap   total 232448K, used 144810K [0x00000000c1600000, 0x0000000100000000)
  region size 1024K, 13 young (13312K), 1 survivors (1024K)
 Metaspace       used 22787K, capacity 23238K, committed 23552K, reserved 1071104K
  class space    used 2550K, capacity 2744K, committed 2816K, reserved 1048576K
Heap Regions: E=young(eden), S=young(survivor), O=old, HS=humongous(starts), HC=humongous(continues), CS=collection set, F=free, A=archive, TAMS=top-at-mark-start (previous, next)
|   0|0x00000000c1600000, 0x00000000c1700000, 0x00000000c1700000|100%| O|  |TAMS 0x00000000c1700000, 0x00000000c1600000| Untracked 
|   1|0x00000000c1700000, 0x00000000c17fff10, 0x00000000c1800000| 99%| O|  |TAMS 0x00000000c17fff10, 0x00000000c1700000| Untracked 
|   2|0x00000000c1800000, 0x00000000c18fc860, 0x00000000c1900000| 98%| O|  |TAMS 0x00000000c18fc860, 0x00000000c1800000| Untracked 
|   3|0x00000000c1900000, 0x00000000c19ffae8, 0x00000000c1a00000| 99%| O|  |TAMS 0x00000000c19ffae8, 0x00000000c1900000| Untracked 
|   4|0x00000000c1a00000, 0x00000000c1afffd0, 0x00000000c1b00000| 99%| O|  |TAMS 0x00000000c1afffd0, 0x00000000c1a00000| Untracked 
|   5|0x00000000c1b00000, 0x00000000c1bffff0, 0x00000000c1c00000| 99%| O|  |TAMS 0x00000000c1bffff0, 0x00000000c1b00000| Untracked 
|   6|0x00000000c1c00000, 0x00000000c1d00000, 0x00000000c1d00000|100%| O|  |TAMS 0x00000000c1d00000, 0x00000000c1c00000| Untracked 
|   7|0x00000000c1d00000, 0x00000000c1dffff8, 0x00000000c1e00000| 99%| O|  |TAMS 0x00000000c1dffff8, 0x00000000c1d00000| Untracked 
|   8|0x00000000c1e00000, 0x00000000c1eb2f80, 0x00000000c1f00000| 69%| O|  |TAMS 0x00000000c1eb2f80, 0x00000000c1e00000| Untracked 
|   9|0x00000000c1f00000, 0x00000000c2000000, 0x00000000c2000000|100%| O|  |TAMS 0x00000000c2000000, 0x00000000c1f00000| Untracked 
|  10|0x00000000c2000000, 0x00000000c2100000, 0x00000000c2100000|100%| O|  |TAMS 0x00000000c2100000, 0x00000000c2000000| Untracked 
|  11|0x00000000c2100000, 0x00000000c2122218, 0x00000000c2200000| 13%| O|  |TAMS 0x00000000c2122218, 0x00000000c2100000| Untracked 
|  12|0x00000000c2200000, 0x00000000c2300000, 0x00000000c2300000|100%|HS|  |TAMS 0x00000000c2300000, 0x00000000c2200000| Complete 
|  13|0x00000000c2300000, 0x00000000c2400000, 0x00000000c2400000|100%|HC|  |TAMS 0x00000000c2400000, 0x00000000c2300000| Complete 
|  14|0x00000000c2400000, 0x00000000c2500000, 0x00000000c2500000|100%|HC|  |TAMS 0x00000000c2500000, 0x00000000c2400000| Complete 
|  15|0x00000000c2500000, 0x00000000c2600000, 0x00000000c2600000|100%|HC|  |TAMS 0x00000000c2600000, 0x00000000c2500000| Complete 
|  16|0x00000000c2600000, 0x00000000c2700000, 0x00000000c2700000|100%|HS|  |TAMS 0x00000000c2600000, 0x00000000c2600000| Complete 
|  17|0x00000000c2700000, 0x00000000c2800000, 0x00000000c2800000|100%|HC|  |TAMS 0x00000000c2700000, 0x00000000c2700000| Complete 
|  18|0x00000000c2800000, 0x00000000c2900000, 0x00000000c2900000|100%|HC|  |TAMS 0x00000000c2800000, 0x00000000c2800000| Complete 
|  19|0x00000000c2900000, 0x00000000c2a00000, 0x00000000c2a00000|100%|HC|  |TAMS 0x00000000c2900000, 0x00000000c2900000| Complete 
|  20|0x00000000c2a00000, 0x00000000c2a00000, 0x00000000c2b00000|  0%| F|  |TAMS 0x00000000c2a00000, 0x00000000c2a00000| Untracked 
|  21|0x00000000c2b00000, 0x00000000c2b00000, 0x00000000c2c00000|  0%| F|  |TAMS 0x00000000c2b00000, 0x00000000c2b00000| Untracked 
|  22|0x00000000c2c00000, 0x00000000c2c00000, 0x00000000c2d00000|  0%| F|  |TAMS 0x00000000c2c00000, 0x00000000c2c00000| Untracked 
|  23|0x00000000c2d00000, 0x00000000c2d00000, 0x00000000c2e00000|  0%| F|  |TAMS 0x00000000c2d00000, 0x00000000c2d00000| Untracked 
|  24|0x00000000c2e00000, 0x00000000c2e00000, 0x00000000c2f00000|  0%| F|  |TAMS 0x00000000c2e00000, 0x00000000c2e00000| Untracked 
|  25|0x00000000c2f00000, 0x00000000c2f00000, 0x00000000c3000000|  0%| F|  |TAMS 0x00000000c2f00000, 0x00000000c2f00000| Untracked 
|  26|0x00000000c3000000, 0x00000000c3000000, 0x00000000c3100000|  0%| F|  |TAMS 0x00000000c3000000, 0x00000000c3000000| Untracked 
|  27|0x00000000c3100000, 0x00000000c3100000, 0x00000000c3200000|  0%| F|  |TAMS 0x00000000c3100000, 0x00000000c3100000| Untracked 
|  28|0x00000000c3200000, 0x00000000c3200000, 0x00000000c3300000|  0%| F|  |TAMS 0x00000000c3200000, 0x00000000c3200000| Untracked 
|  29|0x00000000c3300000, 0x00000000c3300000, 0x00000000c3400000|  0%| F|  |TAMS 0x00000000c3300000, 0x00000000c3300000| Untracked 
|  30|0x00000000c3400000, 0x00000000c3400000, 0x00000000c3500000|  0%| F|  |TAMS 0x00000000c3400000, 0x00000000c3400000| Untracked 
|  31|0x00000000c3500000, 0x00000000c3500000, 0x00000000c3600000|  0%| F|  |TAMS 0x00000000c3500000, 0x00000000c3500000| Untracked 
|  32|0x00000000c3600000, 0x00000000c3600000, 0x00000000c3700000|  0%| F|  |TAMS 0x00000000c3600000, 0x00000000c3600000| Untracked 
|  33|0x00000000c3700000, 0x00000000c3700000, 0x00000000c3800000|  0%| F|  |TAMS 0x00000000c3700000, 0x00000000c3700000| Untracked 
|  34|0x00000000c3800000, 0x00000000c3800000, 0x00000000c3900000|  0%| F|  |TAMS 0x00000000c3800000, 0x00000000c3800000| Untracked 
|  35|0x00000000c3900000, 0x00000000c3900000, 0x00000000c3a00000|  0%| F|  |TAMS 0x00000000c3900000, 0x00000000c3900000| Untracked 
|  36|0x00000000c3a00000, 0x00000000c3a00000, 0x00000000c3b00000|  0%| F|  |TAMS 0x00000000c3a00000, 0x00000000c3a00000| Untracked 
|  37|0x00000000c3b00000, 0x00000000c3b00000, 0x00000000c3c00000|  0%| F|  |TAMS 0x00000000c3b00000, 0x00000000c3b00000| Untracked 
|  38|0x00000000c3c00000, 0x00000000c3c00000, 0x00000000c3d00000|  0%| F|  |TAMS 0x00000000c3c00000, 0x00000000c3c00000| Untracked 
|  39|0x00000000c3d00000, 0x00000000c3d00000, 0x00000000c3e00000|  0%| F|  |TAMS 0x00000000c3d00000, 0x00000000c3d00000| Untracked 
|  40|0x00000000c3e00000, 0x00000000c3e00000, 0x00000000c3f00000|  0%| F|  |TAMS 0x00000000c3e00000, 0x00000000c3e00000| Untracked 
|  41|0x00000000c3f00000, 0x00000000c3f00000, 0x00000000c4000000|  0%| F|  |TAMS 0x00000000c3f00000, 0x00000000c3f00000| Untracked 
|  42|0x00000000c4000000, 0x00000000c4000000, 0x00000000c4100000|  0%| F|  |TAMS 0x00000000c4000000, 0x00000000c4000000| Untracked 
|  43|0x00000000c4100000, 0x00000000c4100000, 0x00000000c4200000|  0%| F|  |TAMS 0x00000000c4100000, 0x00000000c4100000| Untracked 
|  44|0x00000000c4200000, 0x00000000c4200000, 0x00000000c4300000|  0%| F|  |TAMS 0x00000000c4200000, 0x00000000c4200000| Untracked 
|  45|0x00000000c4300000, 0x00000000c4300000, 0x00000000c4400000|  0%| F|  |TAMS 0x00000000c4300000, 0x00000000c4300000| Untracked 
|  46|0x00000000c4400000, 0x00000000c4400000, 0x00000000c4500000|  0%| F|  |TAMS 0x00000000c4400000, 0x00000000c4400000| Untracked 
|  47|0x00000000c4500000, 0x00000000c4500000, 0x00000000c4600000|  0%| F|  |TAMS 0x00000000c4500000, 0x00000000c4500000| Untracked 
|  48|0x00000000c4600000, 0x00000000c4600000, 0x00000000c4700000|  0%| F|  |TAMS 0x00000000c4600000, 0x00000000c4600000| Untracked 
|  49|0x00000000c4700000, 0x00000000c4700000, 0x00000000c4800000|  0%| F|  |TAMS 0x00000000c4700000, 0x00000000c4700000| Untracked 
|  50|0x00000000c4800000, 0x00000000c4800000, 0x00000000c4900000|  0%| F|  |TAMS 0x00000000c4800000, 0x00000000c4800000| Untracked 
|  51|0x00000000c4900000, 0x00000000c4900000, 0x00000000c4a00000|  0%| F|  |TAMS 0x00000000c4900000, 0x00000000c4900000| Untracked 
|  52|0x00000000c4a00000, 0x00000000c4a00000, 0x00000000c4b00000|  0%| F|  |TAMS 0x00000000c4a00000, 0x00000000c4a00000| Untracked 
|  53|0x00000000c4b00000, 0x00000000c4b00000, 0x00000000c4c00000|  0%| F|  |TAMS 0x00000000c4b00000, 0x00000000c4b00000| Untracked 
|  54|0x00000000c4c00000, 0x00000000c4c00000, 0x00000000c4d00000|  0%| F|  |TAMS 0x00000000c4c00000, 0x00000000c4c00000| Untracked 
|  55|0x00000000c4d00000, 0x00000000c4d00000, 0x00000000c4e00000|  0%| F|  |TAMS 0x00000000c4d00000, 0x00000000c4d00000| Untracked 
|  56|0x00000000c4e00000, 0x00000000c4e00000, 0x00000000c4f00000|  0%| F|  |TAMS 0x00000000c4e00000, 0x00000000c4e00000| Untracked 
|  57|0x00000000c4f00000, 0x00000000c4f00000, 0x00000000c5000000|  0%| F|  |TAMS 0x00000000c4f00000, 0x00000000c4f00000| Untracked 
|  58|0x00000000c5000000, 0x00000000c5000000, 0x00000000c5100000|  0%| F|  |TAMS 0x00000000c5000000, 0x00000000c5000000| Untracked 
|  59|0x00000000c5100000, 0x00000000c5100000, 0x00000000c5200000|  0%| F|  |TAMS 0x00000000c5100000, 0x00000000c5100000| Untracked 
|  60|0x00000000c5200000, 0x00000000c5200000, 0x00000000c5300000|  0%| F|  |TAMS 0x00000000c5200000, 0x00000000c5200000| Untracked 
|  61|0x00000000c5300000, 0x00000000c5300000, 0x00000000c5400000|  0%| F|  |TAMS 0x00000000c5300000, 0x00000000c5300000| Untracked 
|  62|0x00000000c5400000, 0x00000000c5500000, 0x00000000c5500000|100%|HS|  |TAMS 0x00000000c5500000, 0x00000000c5400000| Complete 
|  63|0x00000000c5500000, 0x00000000c5600000, 0x00000000c5600000|100%|HC|  |TAMS 0x00000000c5600000, 0x00000000c5500000| Complete 
|  64|0x00000000c5600000, 0x00000000c5700000, 0x00000000c5700000|100%|HC|  |TAMS 0x00000000c5700000, 0x00000000c5600000| Complete 
|  65|0x00000000c5700000, 0x00000000c5800000, 0x00000000c5800000|100%|HC|  |TAMS 0x00000000c5800000, 0x00000000c5700000| Complete 
|  66|0x00000000c5800000, 0x00000000c5900000, 0x00000000c5900000|100%|HC|  |TAMS 0x00000000c5900000, 0x00000000c5800000| Complete 
|  67|0x00000000c5900000, 0x00000000c5a00000, 0x00000000c5a00000|100%|HC|  |TAMS 0x00000000c5a00000, 0x00000000c5900000| Complete 
|  68|0x00000000c5a00000, 0x00000000c5b00000, 0x00000000c5b00000|100%|HC|  |TAMS 0x00000000c5b00000, 0x00000000c5a00000| Complete 
|  69|0x00000000c5b00000, 0x00000000c5c00000, 0x00000000c5c00000|100%|HC|  |TAMS 0x00000000c5c00000, 0x00000000c5b00000| Complete 
|  70|0x00000000c5c00000, 0x00000000c5d00000, 0x00000000c5d00000|100%|HC|  |TAMS 0x00000000c5d00000, 0x00000000c5c00000| Complete 
|  71|0x00000000c5d00000, 0x00000000c5e00000, 0x00000000c5e00000|100%|HC|  |TAMS 0x00000000c5e00000, 0x00000000c5d00000| Complete 
|  72|0x00000000c5e00000, 0x00000000c5f00000, 0x00000000c5f00000|100%|HC|  |TAMS 0x00000000c5f00000, 0x00000000c5e00000| Complete 
|  73|0x00000000c5f00000, 0x00000000c6000000, 0x00000000c6000000|100%|HC|  |TAMS 0x00000000c6000000, 0x00000000c5f00000| Complete 
|  74|0x00000000c6000000, 0x00000000c6100000, 0x00000000c6100000|100%|HC|  |TAMS 0x00000000c6100000, 0x00000000c6000000| Complete 
|  75|0x00000000c6100000, 0x00000000c6200000, 0x00000000c6200000|100%|HC|  |TAMS 0x00000000c6200000, 0x00000000c6100000| Complete 
|  76|0x00000000c6200000, 0x00000000c6300000, 0x00000000c6300000|100%|HC|  |TAMS 0x00000000c6300000, 0x00000000c6200000| Complete 
|  77|0x00000000c6300000, 0x00000000c6400000, 0x00000000c6400000|100%|HC|  |TAMS 0x00000000c6400000, 0x00000000c6300000| Complete 
|  78|0x00000000c6400000, 0x00000000c6500000, 0x00000000c6500000|100%|HC|  |TAMS 0x00000000c6500000, 0x00000000c6400000| Complete 
|  79|0x00000000c6500000, 0x00000000c6600000, 0x00000000c6600000|100%|HC|  |TAMS 0x00000000c6600000, 0x00000000c6500000| Complete 
|  80|0x00000000c6600000, 0x00000000c6700000, 0x00000000c6700000|100%|HC|  |TAMS 0x00000000c6700000, 0x00000000c6600000| Complete 
|  81|0x00000000c6700000, 0x00000000c6800000, 0x00000000c6800000|100%|HC|  |TAMS 0x00000000c6800000, 0x00000000c6700000| Complete 
|  82|0x00000000c6800000, 0x00000000c6900000, 0x00000000c6900000|100%|HC|  |TAMS 0x00000000c6900000, 0x00000000c6800000| Complete 
|  83|0x00000000c6900000, 0x00000000c6a00000, 0x00000000c6a00000|100%|HC|  |TAMS 0x00000000c6a00000, 0x00000000c6900000| Complete 
|  84|0x00000000c6a00000, 0x00000000c6b00000, 0x00000000c6b00000|100%|HC|  |TAMS 0x00000000c6b00000, 0x00000000c6a00000| Complete 
|  85|0x00000000c6b00000, 0x00000000c6c00000, 0x00000000c6c00000|100%|HC|  |TAMS 0x00000000c6c00000, 0x00000000c6b00000| Complete 
|  86|0x00000000c6c00000, 0x00000000c6d00000, 0x00000000c6d00000|100%|HC|  |TAMS 0x00000000c6d00000, 0x00000000c6c00000| Complete 
|  87|0x00000000c6d00000, 0x00000000c6e00000, 0x00000000c6e00000|100%|HC|  |TAMS 0x00000000c6e00000, 0x00000000c6d00000| Complete 
|  88|0x00000000c6e00000, 0x00000000c6f00000, 0x00000000c6f00000|100%|HC|  |TAMS 0x00000000c6f00000, 0x00000000c6e00000| Complete 
|  89|0x00000000c6f00000, 0x00000000c7000000, 0x00000000c7000000|100%|HC|  |TAMS 0x00000000c7000000, 0x00000000c6f00000| Complete 
|  90|0x00000000c7000000, 0x00000000c7100000, 0x00000000c7100000|100%|HC|  |TAMS 0x00000000c7100000, 0x00000000c7000000| Complete 
|  91|0x00000000c7100000, 0x00000000c7200000, 0x00000000c7200000|100%|HC|  |TAMS 0x00000000c7200000, 0x00000000c7100000| Complete 
|  92|0x00000000c7200000, 0x00000000c7300000, 0x00000000c7300000|100%|HC|  |TAMS 0x00000000c7300000, 0x00000000c7200000| Complete 
|  93|0x00000000c7300000, 0x00000000c7400000, 0x00000000c7400000|100%|HC|  |TAMS 0x00000000c7400000, 0x00000000c7300000| Complete 
|  94|0x00000000c7400000, 0x00000000c7500000, 0x00000000c7500000|100%|HC|  |TAMS 0x00000000c7500000, 0x00000000c7400000| Complete 
|  95|0x00000000c7500000, 0x00000000c7600000, 0x00000000c7600000|100%|HC|  |TAMS 0x00000000c7600000, 0x00000000c7500000| Complete 
|  96|0x00000000c7600000, 0x00000000c7700000, 0x00000000c7700000|100%|HC|  |TAMS 0x00000000c7700000, 0x00000000c7600000| Complete 
|  97|0x00000000c7700000, 0x00000000c7800000, 0x00000000c7800000|100%|HC|  |TAMS 0x00000000c7800000, 0x00000000c7700000| Complete 
|  98|0x00000000c7800000, 0x00000000c7900000, 0x00000000c7900000|100%|HC|  |TAMS 0x00000000c7900000, 0x00000000c7800000| Complete 
|  99|0x00000000c7900000, 0x00000000c7a00000, 0x00000000c7a00000|100%|HC|  |TAMS 0x00000000c7a00000, 0x00000000c7900000| Complete 
| 100|0x00000000c7a00000, 0x00000000c7b00000, 0x00000000c7b00000|100%|HC|  |TAMS 0x00000000c7b00000, 0x00000000c7a00000| Complete 
| 101|0x00000000c7b00000, 0x00000000c7c00000, 0x00000000c7c00000|100%|HC|  |TAMS 0x00000000c7c00000, 0x00000000c7b00000| Complete 
| 102|0x00000000c7c00000, 0x00000000c7d00000, 0x00000000c7d00000|100%|HC|  |TAMS 0x00000000c7d00000, 0x00000000c7c00000| Complete 
| 103|0x00000000c7d00000, 0x00000000c7e00000, 0x00000000c7e00000|100%|HC|  |TAMS 0x00000000c7e00000, 0x00000000c7d00000| Complete 
| 104|0x00000000c7e00000, 0x00000000c7f00000, 0x00000000c7f00000|100%|HC|  |TAMS 0x00000000c7f00000, 0x00000000c7e00000| Complete 
| 105|0x00000000c7f00000, 0x00000000c8000000, 0x00000000c8000000|100%|HC|  |TAMS 0x00000000c8000000, 0x00000000c7f00000| Complete 
| 106|0x00000000c8000000, 0x00000000c8100000, 0x00000000c8100000|100%|HC|  |TAMS 0x00000000c8100000, 0x00000000c8000000| Complete 
| 107|0x00000000c8100000, 0x00000000c8200000, 0x00000000c8200000|100%|HC|  |TAMS 0x00000000c8200000, 0x00000000c8100000| Complete 
| 108|0x00000000c8200000, 0x00000000c8300000, 0x00000000c8300000|100%|HC|  |TAMS 0x00000000c8300000, 0x00000000c8200000| Complete 
| 109|0x00000000c8300000, 0x00000000c8400000, 0x00000000c8400000|100%|HC|  |TAMS 0x00000000c8400000, 0x00000000c8300000| Complete 
| 110|0x00000000c8400000, 0x00000000c8500000, 0x00000000c8500000|100%|HC|  |TAMS 0x00000000c8500000, 0x00000000c8400000| Complete 
| 111|0x00000000c8500000, 0x00000000c8600000, 0x00000000c8600000|100%|HC|  |TAMS 0x00000000c8600000, 0x00000000c8500000| Complete 
| 112|0x00000000c8600000, 0x00000000c8700000, 0x00000000c8700000|100%|HC|  |TAMS 0x00000000c8700000, 0x00000000c8600000| Complete 
| 113|0x00000000c8700000, 0x00000000c8800000, 0x00000000c8800000|100%|HC|  |TAMS 0x00000000c8800000, 0x00000000c8700000| Complete 
| 114|0x00000000c8800000, 0x00000000c8900000, 0x00000000c8900000|100%|HC|  |TAMS 0x00000000c8900000, 0x00000000c8800000| Complete 
| 115|0x00000000c8900000, 0x00000000c8a00000, 0x00000000c8a00000|100%|HC|  |TAMS 0x00000000c8a00000, 0x00000000c8900000| Complete 
| 116|0x00000000c8a00000, 0x00000000c8b00000, 0x00000000c8b00000|100%|HC|  |TAMS 0x00000000c8b00000, 0x00000000c8a00000| Complete 
| 117|0x00000000c8b00000, 0x00000000c8c00000, 0x00000000c8c00000|100%|HC|  |TAMS 0x00000000c8c00000, 0x00000000c8b00000| Complete 
| 118|0x00000000c8c00000, 0x00000000c8d00000, 0x00000000c8d00000|100%|HC|  |TAMS 0x00000000c8d00000, 0x00000000c8c00000| Complete 
| 119|0x00000000c8d00000, 0x00000000c8e00000, 0x00000000c8e00000|100%|HC|  |TAMS 0x00000000c8e00000, 0x00000000c8d00000| Complete 
| 120|0x00000000c8e00000, 0x00000000c8f00000, 0x00000000c8f00000|100%|HC|  |TAMS 0x00000000c8f00000, 0x00000000c8e00000| Complete 
| 121|0x00000000c8f00000, 0x00000000c9000000, 0x00000000c9000000|100%|HC|  |TAMS 0x00000000c9000000, 0x00000000c8f00000| Complete 
| 122|0x00000000c9000000, 0x00000000c9100000, 0x00000000c9100000|100%|HC|  |TAMS 0x00000000c9100000, 0x00000000c9000000| Complete 
| 123|0x00000000c9100000, 0x00000000c9200000, 0x00000000c9200000|100%|HC|  |TAMS 0x00000000c9200000, 0x00000000c9100000| Complete 
| 124|0x00000000c9200000, 0x00000000c9300000, 0x00000000c9300000|100%|HC|  |TAMS 0x00000000c9300000, 0x00000000c9200000| Complete 
| 125|0x00000000c9300000, 0x00000000c9400000, 0x00000000c9400000|100%|HC|  |TAMS 0x00000000c9400000, 0x00000000c9300000| Complete 
| 126|0x00000000c9400000, 0x00000000c9500000, 0x00000000c9500000|100%|HC|  |TAMS 0x00000000c9500000, 0x00000000c9400000| Complete 
| 127|0x00000000c9500000, 0x00000000c9600000, 0x00000000c9600000|100%|HC|  |TAMS 0x00000000c9600000, 0x00000000c9500000| Complete 
| 128|0x00000000c9600000, 0x00000000c9700000, 0x00000000c9700000|100%|HC|  |TAMS 0x00000000c9700000, 0x00000000c9600000| Complete 
| 129|0x00000000c9700000, 0x00000000c9800000, 0x00000000c9800000|100%|HC|  |TAMS 0x00000000c9800000, 0x00000000c9700000| Complete 
| 130|0x00000000c9800000, 0x00000000c9900000, 0x00000000c9900000|100%|HC|  |TAMS 0x00000000c9900000, 0x00000000c9800000| Complete 
| 131|0x00000000c9900000, 0x00000000c9a00000, 0x00000000c9a00000|100%|HC|  |TAMS 0x00000000c9a00000, 0x00000000c9900000| Complete 
| 132|0x00000000c9a00000, 0x00000000c9b00000, 0x00000000c9b00000|100%|HC|  |TAMS 0x00000000c9b00000, 0x00000000c9a00000| Complete 
| 133|0x00000000c9b00000, 0x00000000c9c00000, 0x00000000c9c00000|100%|HC|  |TAMS 0x00000000c9c00000, 0x00000000c9b00000| Complete 
| 134|0x00000000c9c00000, 0x00000000c9d00000, 0x00000000c9d00000|100%|HC|  |TAMS 0x00000000c9d00000, 0x00000000c9c00000| Complete 
| 135|0x00000000c9d00000, 0x00000000c9e00000, 0x00000000c9e00000|100%|HC|  |TAMS 0x00000000c9e00000, 0x00000000c9d00000| Complete 
| 136|0x00000000c9e00000, 0x00000000c9f00000, 0x00000000c9f00000|100%|HC|  |TAMS 0x00000000c9f00000, 0x00000000c9e00000| Complete 
| 137|0x00000000c9f00000, 0x00000000ca000000, 0x00000000ca000000|100%|HC|  |TAMS 0x00000000ca000000, 0x00000000c9f00000| Complete 
| 138|0x00000000ca000000, 0x00000000ca100000, 0x00000000ca100000|100%|HC|  |TAMS 0x00000000ca100000, 0x00000000ca000000| Complete 
| 139|0x00000000ca100000, 0x00000000ca200000, 0x00000000ca200000|100%|HC|  |TAMS 0x00000000ca200000, 0x00000000ca100000| Complete 
| 140|0x00000000ca200000, 0x00000000ca300000, 0x00000000ca300000|100%|HC|  |TAMS 0x00000000ca300000, 0x00000000ca200000| Complete 
| 141|0x00000000ca300000, 0x00000000ca400000, 0x00000000ca400000|100%|HC|  |TAMS 0x00000000ca400000, 0x00000000ca300000| Complete 
| 142|0x00000000ca400000, 0x00000000ca500000, 0x00000000ca500000|100%|HC|  |TAMS 0x00000000ca500000, 0x00000000ca400000| Complete 
| 143|0x00000000ca500000, 0x00000000ca600000, 0x00000000ca600000|100%|HC|  |TAMS 0x00000000ca600000, 0x00000000ca500000| Complete 
| 144|0x00000000ca600000, 0x00000000ca700000, 0x00000000ca700000|100%|HC|  |TAMS 0x00000000ca700000, 0x00000000ca600000| Complete 
| 145|0x00000000ca700000, 0x00000000ca800000, 0x00000000ca800000|100%|HC|  |TAMS 0x00000000ca800000, 0x00000000ca700000| Complete 
| 146|0x00000000ca800000, 0x00000000ca900000, 0x00000000ca900000|100%|HC|  |TAMS 0x00000000ca900000, 0x00000000ca800000| Complete 
| 147|0x00000000ca900000, 0x00000000caa00000, 0x00000000caa00000|100%|HC|  |TAMS 0x00000000caa00000, 0x00000000ca900000| Complete 
| 148|0x00000000caa00000, 0x00000000cab00000, 0x00000000cab00000|100%|HC|  |TAMS 0x00000000cab00000, 0x00000000caa00000| Complete 
| 149|0x00000000cab00000, 0x00000000cac00000, 0x00000000cac00000|100%|HC|  |TAMS 0x00000000cac00000, 0x00000000cab00000| Complete 
| 150|0x00000000cac00000, 0x00000000cad00000, 0x00000000cad00000|100%|HC|  |TAMS 0x00000000cad00000, 0x00000000cac00000| Complete 
| 151|0x00000000cad00000, 0x00000000cae00000, 0x00000000cae00000|100%|HC|  |TAMS 0x00000000cae00000, 0x00000000cad00000| Complete 
| 152|0x00000000cae00000, 0x00000000caf00000, 0x00000000caf00000|100%|HC|  |TAMS 0x00000000caf00000, 0x00000000cae00000| Complete 
| 153|0x00000000caf00000, 0x00000000cb000000, 0x00000000cb000000|100%|HC|  |TAMS 0x00000000cb000000, 0x00000000caf00000| Complete 
| 154|0x00000000cb000000, 0x00000000cb100000, 0x00000000cb100000|100%|HC|  |TAMS 0x00000000cb100000, 0x00000000cb000000| Complete 
| 155|0x00000000cb100000, 0x00000000cb200000, 0x00000000cb200000|100%|HC|  |TAMS 0x00000000cb200000, 0x00000000cb100000| Complete 
| 156|0x00000000cb200000, 0x00000000cb300000, 0x00000000cb300000|100%|HC|  |TAMS 0x00000000cb300000, 0x00000000cb200000| Complete 
| 157|0x00000000cb300000, 0x00000000cb400000, 0x00000000cb400000|100%|HC|  |TAMS 0x00000000cb400000, 0x00000000cb300000| Complete 
| 158|0x00000000cb400000, 0x00000000cb500000, 0x00000000cb500000|100%|HC|  |TAMS 0x00000000cb500000, 0x00000000cb400000| Complete 
| 159|0x00000000cb500000, 0x00000000cb600000, 0x00000000cb600000|100%|HC|  |TAMS 0x00000000cb600000, 0x00000000cb500000| Complete 
| 160|0x00000000cb600000, 0x00000000cb700000, 0x00000000cb700000|100%|HC|  |TAMS 0x00000000cb700000, 0x00000000cb600000| Complete 
| 161|0x00000000cb700000, 0x00000000cb800000, 0x00000000cb800000|100%|HC|  |TAMS 0x00000000cb800000, 0x00000000cb700000| Complete 
| 162|0x00000000cb800000, 0x00000000cb900000, 0x00000000cb900000|100%|HC|  |TAMS 0x00000000cb900000, 0x00000000cb800000| Complete 
| 163|0x00000000cb900000, 0x00000000cba00000, 0x00000000cba00000|100%|HC|  |TAMS 0x00000000cba00000, 0x00000000cb900000| Complete 
| 164|0x00000000cba00000, 0x00000000cbb00000, 0x00000000cbb00000|100%|HC|  |TAMS 0x00000000cbb00000, 0x00000000cba00000| Complete 
| 165|0x00000000cbb00000, 0x00000000cbc00000, 0x00000000cbc00000|100%|HC|  |TAMS 0x00000000cbc00000, 0x00000000cbb00000| Complete 
| 166|0x00000000cbc00000, 0x00000000cbd00000, 0x00000000cbd00000|100%|HC|  |TAMS 0x00000000cbd00000, 0x00000000cbc00000| Complete 
| 167|0x00000000cbd00000, 0x00000000cbe00000, 0x00000000cbe00000|100%|HC|  |TAMS 0x00000000cbe00000, 0x00000000cbd00000| Complete 
| 168|0x00000000cbe00000, 0x00000000cbf00000, 0x00000000cbf00000|100%|HC|  |TAMS 0x00000000cbf00000, 0x00000000cbe00000| Complete 
| 169|0x00000000cbf00000, 0x00000000cc000000, 0x00000000cc000000|100%|HC|  |TAMS 0x00000000cc000000, 0x00000000cbf00000| Complete 
| 170|0x00000000cc000000, 0x00000000cc100000, 0x00000000cc100000|100%|HC|  |TAMS 0x00000000cc100000, 0x00000000cc000000| Complete 
| 171|0x00000000cc100000, 0x00000000cc200000, 0x00000000cc200000|100%|HC|  |TAMS 0x00000000cc200000, 0x00000000cc100000| Complete 
| 172|0x00000000cc200000, 0x00000000cc300000, 0x00000000cc300000|100%|HC|  |TAMS 0x00000000cc300000, 0x00000000cc200000| Complete 
| 173|0x00000000cc300000, 0x00000000cc400000, 0x00000000cc400000|100%|HC|  |TAMS 0x00000000cc400000, 0x00000000cc300000| Complete 
| 174|0x00000000cc400000, 0x00000000cc400000, 0x00000000cc500000|  0%| F|  |TAMS 0x00000000cc400000, 0x00000000cc400000| Untracked 
| 175|0x00000000cc500000, 0x00000000cc500000, 0x00000000cc600000|  0%| F|  |TAMS 0x00000000cc500000, 0x00000000cc500000| Untracked 
| 176|0x00000000cc600000, 0x00000000cc60fcd0, 0x00000000cc700000|  6%| O|  |TAMS 0x00000000cc60fcd0, 0x00000000cc600000| Untracked 
| 177|0x00000000cc700000, 0x00000000cc7220b8, 0x00000000cc800000| 13%| O|  |TAMS 0x00000000cc7220b8, 0x00000000cc700000| Untracked 
| 178|0x00000000cc800000, 0x00000000cc800000, 0x00000000cc900000|  0%| F|  |TAMS 0x00000000cc800000, 0x00000000cc800000| Untracked 
| 179|0x00000000cc900000, 0x00000000cc900000, 0x00000000cca00000|  0%| F|  |TAMS 0x00000000cc900000, 0x00000000cc900000| Untracked 
| 180|0x00000000cca00000, 0x00000000cca00000, 0x00000000ccb00000|  0%| F|  |TAMS 0x00000000cca00000, 0x00000000cca00000| Untracked 
| 181|0x00000000ccb00000, 0x00000000ccb00000, 0x00000000ccc00000|  0%| F|  |TAMS 0x00000000ccb00000, 0x00000000ccb00000| Untracked 
| 182|0x00000000ccc00000, 0x00000000ccc00000, 0x00000000ccd00000|  0%| F|  |TAMS 0x00000000ccc00000, 0x00000000ccc00000| Untracked 
| 183|0x00000000ccd00000, 0x00000000ccd00000, 0x00000000cce00000|  0%| F|  |TAMS 0x00000000ccd00000, 0x00000000ccd00000| Untracked 
| 184|0x00000000cce00000, 0x00000000cce00000, 0x00000000ccf00000|  0%| F|  |TAMS 0x00000000cce00000, 0x00000000cce00000| Untracked 
| 185|0x00000000ccf00000, 0x00000000ccf00000, 0x00000000cd000000|  0%| F|  |TAMS 0x00000000ccf00000, 0x00000000ccf00000| Untracked 
| 186|0x00000000cd000000, 0x00000000cd000000, 0x00000000cd100000|  0%| F|  |TAMS 0x00000000cd000000, 0x00000000cd000000| Untracked 
| 187|0x00000000cd100000, 0x00000000cd100000, 0x00000000cd200000|  0%| F|  |TAMS 0x00000000cd100000, 0x00000000cd100000| Untracked 
| 188|0x00000000cd200000, 0x00000000cd200000, 0x00000000cd300000|  0%| F|  |TAMS 0x00000000cd200000, 0x00000000cd200000| Untracked 
| 189|0x00000000cd300000, 0x00000000cd300000, 0x00000000cd400000|  0%| F|  |TAMS 0x00000000cd300000, 0x00000000cd300000| Untracked 
| 190|0x00000000cd400000, 0x00000000cd400000, 0x00000000cd500000|  0%| F|  |TAMS 0x00000000cd400000, 0x00000000cd400000| Untracked 
| 191|0x00000000cd500000, 0x00000000cd500000, 0x00000000cd600000|  0%| F|  |TAMS 0x00000000cd500000, 0x00000000cd500000| Untracked 
| 192|0x00000000cd600000, 0x00000000cd600000, 0x00000000cd700000|  0%| F|  |TAMS 0x00000000cd600000, 0x00000000cd600000| Untracked 
| 193|0x00000000cd700000, 0x00000000cd700000, 0x00000000cd800000|  0%| F|  |TAMS 0x00000000cd700000, 0x00000000cd700000| Untracked 
| 194|0x00000000cd800000, 0x00000000cd800000, 0x00000000cd900000|  0%| F|  |TAMS 0x00000000cd800000, 0x00000000cd800000| Untracked 
| 195|0x00000000cd900000, 0x00000000cd900000, 0x00000000cda00000|  0%| F|  |TAMS 0x00000000cd900000, 0x00000000cd900000| Untracked 
| 196|0x00000000cda00000, 0x00000000cda00000, 0x00000000cdb00000|  0%| F|  |TAMS 0x00000000cda00000, 0x00000000cda00000| Untracked 
| 197|0x00000000cdb00000, 0x00000000cdb00000, 0x00000000cdc00000|  0%| F|  |TAMS 0x00000000cdb00000, 0x00000000cdb00000| Untracked 
| 198|0x00000000cdc00000, 0x00000000cdc00000, 0x00000000cdd00000|  0%| F|  |TAMS 0x00000000cdc00000, 0x00000000cdc00000| Untracked 
| 199|0x00000000cdd00000, 0x00000000cdd00000, 0x00000000cde00000|  0%| F|  |TAMS 0x00000000cdd00000, 0x00000000cdd00000| Untracked 
| 200|0x00000000cde00000, 0x00000000cde00000, 0x00000000cdf00000|  0%| F|  |TAMS 0x00000000cde00000, 0x00000000cde00000| Untracked 
| 201|0x00000000cdf00000, 0x00000000cdf00000, 0x00000000ce000000|  0%| F|  |TAMS 0x00000000cdf00000, 0x00000000cdf00000| Untracked 
| 202|0x00000000ce000000, 0x00000000ce000000, 0x00000000ce100000|  0%| F|  |TAMS 0x00000000ce000000, 0x00000000ce000000| Untracked 
| 203|0x00000000ce100000, 0x00000000ce100000, 0x00000000ce200000|  0%| F|  |TAMS 0x00000000ce100000, 0x00000000ce100000| Untracked 
| 204|0x00000000ce200000, 0x00000000ce200000, 0x00000000ce300000|  0%| F|  |TAMS 0x00000000ce200000, 0x00000000ce200000| Untracked 
| 205|0x00000000ce300000, 0x00000000ce300000, 0x00000000ce400000|  0%| F|  |TAMS 0x00000000ce300000, 0x00000000ce300000| Untracked 
| 206|0x00000000ce400000, 0x00000000ce400000, 0x00000000ce500000|  0%| F|  |TAMS 0x00000000ce400000, 0x00000000ce400000| Untracked 
| 207|0x00000000ce500000, 0x00000000ce500000, 0x00000000ce600000|  0%| F|  |TAMS 0x00000000ce500000, 0x00000000ce500000| Untracked 
| 208|0x00000000ce600000, 0x00000000ce600000, 0x00000000ce700000|  0%| F|  |TAMS 0x00000000ce600000, 0x00000000ce600000| Untracked 
| 209|0x00000000ce700000, 0x00000000ce700000, 0x00000000ce800000|  0%| F|  |TAMS 0x00000000ce700000, 0x00000000ce700000| Untracked 
| 210|0x00000000ce800000, 0x00000000ce800000, 0x00000000ce900000|  0%| F|  |TAMS 0x00000000ce800000, 0x00000000ce800000| Untracked 
| 211|0x00000000ce900000, 0x00000000ce900000, 0x00000000cea00000|  0%| F|  |TAMS 0x00000000ce900000, 0x00000000ce900000| Untracked 
| 212|0x00000000cea00000, 0x00000000cea00000, 0x00000000ceb00000|  0%| F|  |TAMS 0x00000000cea00000, 0x00000000cea00000| Untracked 
| 213|0x00000000ceb00000, 0x00000000ceb00000, 0x00000000cec00000|  0%| F|  |TAMS 0x00000000ceb00000, 0x00000000ceb00000| Untracked 
| 214|0x00000000cec00000, 0x00000000cece6850, 0x00000000ced00000| 90%| E|  |TAMS 0x00000000cec00000, 0x00000000cec00000| Complete 
| 215|0x00000000ced00000, 0x00000000cee00000, 0x00000000cee00000|100%| E|CS|TAMS 0x00000000ced00000, 0x00000000ced00000| Complete 
| 216|0x00000000cee00000, 0x00000000cef00000, 0x00000000cef00000|100%| E|CS|TAMS 0x00000000cee00000, 0x00000000cee00000| Complete 
| 217|0x00000000cef00000, 0x00000000cf000000, 0x00000000cf000000|100%| E|CS|TAMS 0x00000000cef00000, 0x00000000cef00000| Complete 
| 218|0x00000000cf000000, 0x00000000cf067950, 0x00000000cf100000| 40%| S|CS|TAMS 0x00000000cf000000, 0x00000000cf000000| Complete 
| 219|0x00000000cf100000, 0x00000000cf200000, 0x00000000cf200000|100%| E|CS|TAMS 0x00000000cf100000, 0x00000000cf100000| Complete 
| 220|0x00000000cf200000, 0x00000000cf300000, 0x00000000cf300000|100%| E|CS|TAMS 0x00000000cf200000, 0x00000000cf200000| Complete 
| 221|0x00000000cf300000, 0x00000000cf400000, 0x00000000cf400000|100%| E|CS|TAMS 0x00000000cf300000, 0x00000000cf300000| Complete 
| 222|0x00000000cf400000, 0x00000000cf500000, 0x00000000cf500000|100%| E|  |TAMS 0x00000000cf400000, 0x00000000cf400000| Complete 
| 223|0x00000000cf500000, 0x00000000cf600000, 0x00000000cf600000|100%| E|CS|TAMS 0x00000000cf500000, 0x00000000cf500000| Complete 
| 224|0x00000000cf600000, 0x00000000cf700000, 0x00000000cf700000|100%| E|CS|TAMS 0x00000000cf600000, 0x00000000cf600000| Complete 
| 225|0x00000000cf700000, 0x00000000cf800000, 0x00000000cf800000|100%| E|CS|TAMS 0x00000000cf700000, 0x00000000cf700000| Complete 
| 226|0x00000000cf800000, 0x00000000cf900000, 0x00000000cf900000|100%| E|CS|TAMS 0x00000000cf800000, 0x00000000cf800000| Complete 

Card table byte_map: [0x000001c33d360000,0x000001c33d560000] _byte_map_base: 0x000001c33cd55000

Marking Bits (Prev, Next): (CMBitMap*) 0x000001c325c92768, (CMBitMap*) 0x000001c325c927a8
 Prev Bits: [0x000001c33d760000, 0x000001c33e708000)
 Next Bits: [0x000001c33e710000, 0x000001c33f6b8000)

Polling page: 0x000001c323c50000

Metaspace:

Usage:
  Non-class:     20.01 MB capacity,    19.76 MB ( 99%) used,   212.17 KB (  1%) free+waste,    44.88 KB ( <1%) overhead. 
      Class:      2.68 MB capacity,     2.49 MB ( 93%) used,   171.02 KB (  6%) free+waste,    22.88 KB ( <1%) overhead. 
       Both:     22.69 MB capacity,    22.25 MB ( 98%) used,   383.20 KB (  2%) free+waste,    67.75 KB ( <1%) overhead. 

Virtual space:
  Non-class space:       22.00 MB reserved,      20.25 MB ( 92%) committed 
      Class space:        1.00 GB reserved,       2.75 MB ( <1%) committed 
             Both:        1.02 GB reserved,      23.00 MB (  2%) committed 

Chunk freelists:
   Non-Class:  50.00 KB
       Class:  8.00 KB
        Both:  58.00 KB

MaxMetaspaceSize: 17179869184.00 GB
CompressedClassSpaceSize: 1.00 GB

CodeHeap 'non-profiled nmethods': size=120000Kb used=993Kb max_used=993Kb free=119006Kb
 bounds [0x000001c335c30000, 0x000001c335ea0000, 0x000001c33d160000]
CodeHeap 'profiled nmethods': size=120000Kb used=5103Kb max_used=5103Kb free=114897Kb
 bounds [0x000001c32e700000, 0x000001c32ec00000, 0x000001c335c30000]
CodeHeap 'non-nmethods': size=5760Kb used=1399Kb max_used=1421Kb free=4360Kb
 bounds [0x000001c32e160000, 0x000001c32e3d0000, 0x000001c32e700000]
 total_blobs=4509 nmethods=2587 adapters=620
 compilation: enabled
              stopped_count=0, restarted_count=0
 full_count=0

Compilation events (20 events):
Event: 22.517 Thread 0x000001c341c89800 2773       2       java.util.Hashtable::<init> (114 bytes)
Event: 22.526 Thread 0x000001c341c89800 nmethod 2773 0x000001c32ebb7890 code [0x000001c32ebb7b40, 0x000001c32ebb8580]
Event: 22.526 Thread 0x000001c341c89800 2774       2       javax.swing.JComponent::firePropertyChange (8 bytes)
Event: 22.527 Thread 0x000001c341c89800 nmethod 2774 0x000001c32ebb8990 code [0x000001c32ebb8b60, 0x000001c32ebb8d90]
Event: 22.527 Thread 0x000001c341c89800 2775       2       java.awt.Component::firePropertyChange (26 bytes)
Event: 22.527 Thread 0x000001c341c89800 nmethod 2775 0x000001c32ebb8f10 code [0x000001c32ebb90e0, 0x000001c32ebb9310]
Event: 22.527 Thread 0x000001c341c89800 2776       1       javax.swing.text.html.HTMLEditorKit$HTMLFactory$1::getPreferredSpan (2 bytes)
Event: 22.527 Thread 0x000001c341c89800 nmethod 2776 0x000001c335d24390 code [0x000001c335d24520, 0x000001c335d24658]
Event: 22.536 Thread 0x000001c341c89800 2777       1       com.sun.crypto.provider.GaloisCounterMode::getTagLen (5 bytes)
Event: 22.536 Thread 0x000001c341c89800 nmethod 2777 0x000001c335d24710 code [0x000001c335d248a0, 0x000001c335d249d8]
Event: 22.536 Thread 0x000001c341c89800 2778       2       com.sun.crypto.provider.CounterMode::implCrypt (88 bytes)
Event: 22.537 Thread 0x000001c341c89800 nmethod 2778 0x000001c32ebb9490 code [0x000001c32ebb9660, 0x000001c32ebb9a50]
Event: 22.537 Thread 0x000001c341c89800 2779       1       com.mysql.cj.CoreSession::getPropertySet (5 bytes)
Event: 22.537 Thread 0x000001c341c89800 nmethod 2779 0x000001c335d24a90 code [0x000001c335d24c20, 0x000001c335d24d58]
Event: 22.538 Thread 0x000001c341c89800 2780       2       com.mysql.cj.protocol.a.SimplePacketReader::readHeader (5 bytes)
Event: 22.538 Thread 0x000001c341c89800 nmethod 2780 0x000001c32ebb9d10 code [0x000001c32ebb9ee0, 0x000001c32ebba140]
Event: 22.538 Thread 0x000001c341c89800 2781       2       com.mysql.cj.protocol.a.SimplePacketReader::readHeader (32 bytes)
Event: 22.539 Thread 0x000001c341c89800 nmethod 2781 0x000001c32ebba310 code [0x000001c32ebba4e0, 0x000001c32ebba740]
Event: 22.539 Thread 0x000001c341c89800 2782       2       com.mysql.cj.protocol.a.MultiPacketReader::readHeader (5 bytes)
Event: 22.539 Thread 0x000001c341c89800 nmethod 2782 0x000001c32ebba910 code [0x000001c32ebbaac0, 0x000001c32ebbacb0]

GC Heap History (20 events):
Event: 1.002 GC heap before
{Heap before GC invocations=0 (full 0):
 garbage-first heap   total 65536K, used 13312K [0x00000000c1600000, 0x0000000100000000)
  region size 1024K, 14 young (14336K), 0 survivors (0K)
 Metaspace       used 6709K, capacity 7312K, committed 7424K, reserved 1056768K
  class space    used 645K, capacity 723K, committed 768K, reserved 1048576K
}
Event: 1.010 GC heap after
{Heap after GC invocations=1 (full 0):
 garbage-first heap   total 65536K, used 5683K [0x00000000c1600000, 0x0000000100000000)
  region size 1024K, 2 young (2048K), 2 survivors (2048K)
 Metaspace       used 6709K, capacity 7312K, committed 7424K, reserved 1056768K
  class space    used 645K, capacity 723K, committed 768K, reserved 1048576K
}
Event: 2.029 GC heap before
{Heap before GC invocations=1 (full 0):
 garbage-first heap   total 65536K, used 12851K [0x00000000c1600000, 0x0000000100000000)
  region size 1024K, 9 young (9216K), 2 survivors (2048K)
 Metaspace       used 9738K, capacity 9993K, committed 10112K, reserved 1058816K
  class space    used 968K, capacity 1077K, committed 1152K, reserved 1048576K
}
Event: 2.036 GC heap after
{Heap after GC invocations=2 (full 0):
 garbage-first heap   total 65536K, used 7092K [0x00000000c1600000, 0x0000000100000000)
  region size 1024K, 2 young (2048K), 2 survivors (2048K)
 Metaspace       used 9738K, capacity 9993K, committed 10112K, reserved 1058816K
  class space    used 968K, capacity 1077K, committed 1152K, reserved 1048576K
}
Event: 9.127 GC heap before
{Heap before GC invocations=2 (full 0):
 garbage-first heap   total 65536K, used 26548K [0x00000000c1600000, 0x0000000100000000)
  region size 1024K, 22 young (22528K), 2 survivors (2048K)
 Metaspace       used 19042K, capacity 19380K, committed 19584K, reserved 1067008K
  class space    used 2171K, capacity 2335K, committed 2432K, reserved 1048576K
}
Event: 9.146 GC heap after
{Heap after GC invocations=3 (full 0):
 garbage-first heap   total 65536K, used 11493K [0x00000000c1600000, 0x0000000100000000)
  region size 1024K, 3 young (3072K), 3 survivors (3072K)
 Metaspace       used 19042K, capacity 19380K, committed 19584K, reserved 1067008K
  class space    used 2171K, capacity 2335K, committed 2432K, reserved 1048576K
}
Event: 9.836 GC heap before
{Heap before GC invocations=3 (full 0):
 garbage-first heap   total 65536K, used 12517K [0x00000000c1600000, 0x0000000100000000)
  region size 1024K, 5 young (5120K), 3 survivors (3072K)
 Metaspace       used 20080K, capacity 20468K, committed 20736K, reserved 1067008K
  class space    used 2295K, capacity 2443K, committed 2560K, reserved 1048576K
}
Event: 9.845 GC heap after
{Heap after GC invocations=4 (full 0):
 garbage-first heap   total 65536K, used 12391K [0x00000000c1600000, 0x0000000100000000)
  region size 1024K, 1 young (1024K), 1 survivors (1024K)
 Metaspace       used 20080K, capacity 20468K, committed 20736K, reserved 1067008K
  class space    used 2295K, capacity 2443K, committed 2560K, reserved 1048576K
}
Event: 10.195 GC heap before
{Heap before GC invocations=5 (full 0):
 garbage-first heap   total 215040K, used 143463K [0x00000000c1600000, 0x0000000100000000)
  region size 1024K, 18 young (18432K), 1 survivors (1024K)
 Metaspace       used 20080K, capacity 20468K, committed 20736K, reserved 1067008K
  class space    used 2295K, capacity 2443K, committed 2560K, reserved 1048576K
}
Event: 10.196 GC heap after
{Heap after GC invocations=6 (full 0):
 garbage-first heap   total 215040K, used 126920K [0x00000000c1600000, 0x0000000100000000)
  region size 1024K, 1 young (1024K), 1 survivors (1024K)
 Metaspace       used 20080K, capacity 20468K, committed 20736K, reserved 1067008K
  class space    used 2295K, capacity 2443K, committed 2560K, reserved 1048576K
}
Event: 10.349 GC heap before
{Heap before GC invocations=6 (full 0):
 garbage-first heap   total 215040K, used 155592K [0x00000000c1600000, 0x0000000100000000)
  region size 1024K, 30 young (30720K), 1 survivors (1024K)
 Metaspace       used 20080K, capacity 20468K, committed 20736K, reserved 1067008K
  class space    used 2295K, capacity 2443K, committed 2560K, reserved 1048576K
}
Event: 10.350 GC heap after
{Heap after GC invocations=7 (full 0):
 garbage-first heap   total 215040K, used 126874K [0x00000000c1600000, 0x0000000100000000)
  region size 1024K, 1 young (1024K), 1 survivors (1024K)
 Metaspace       used 20080K, capacity 20468K, committed 20736K, reserved 1067008K
  class space    used 2295K, capacity 2443K, committed 2560K, reserved 1048576K
}
Event: 10.530 GC heap before
{Heap before GC invocations=8 (full 0):
 garbage-first heap   total 217088K, used 159642K [0x00000000c1600000, 0x0000000100000000)
  region size 1024K, 34 young (34816K), 1 survivors (1024K)
 Metaspace       used 20080K, capacity 20468K, committed 20736K, reserved 1067008K
  class space    used 2295K, capacity 2443K, committed 2560K, reserved 1048576K
}
Event: 10.531 GC heap after
{Heap after GC invocations=9 (full 0):
 garbage-first heap   total 217088K, used 126880K [0x00000000c1600000, 0x0000000100000000)
  region size 1024K, 1 young (1024K), 1 survivors (1024K)
 Metaspace       used 20080K, capacity 20468K, committed 20736K, reserved 1067008K
  class space    used 2295K, capacity 2443K, committed 2560K, reserved 1048576K
}
Event: 19.899 GC heap before
{Heap before GC invocations=9 (full 0):
 garbage-first heap   total 217088K, used 164768K [0x00000000c1600000, 0x0000000100000000)
  region size 1024K, 39 young (39936K), 1 survivors (1024K)
 Metaspace       used 20682K, capacity 21049K, committed 21248K, reserved 1069056K
  class space    used 2347K, capacity 2507K, committed 2560K, reserved 1048576K
}
Event: 19.940 GC heap after
{Heap after GC invocations=10 (full 1):
 garbage-first heap   total 217088K, used 125964K [0x00000000c1600000, 0x0000000100000000)
  region size 1024K, 0 young (0K), 0 survivors (0K)
 Metaspace       used 20682K, capacity 21049K, committed 21248K, reserved 1069056K
  class space    used 2347K, capacity 2507K, committed 2560K, reserved 1048576K
}
Event: 21.276 GC heap before
{Heap before GC invocations=10 (full 1):
 garbage-first heap   total 217088K, used 125964K [0x00000000c1600000, 0x0000000100000000)
  region size 1024K, 1 young (1024K), 0 survivors (0K)
 Metaspace       used 20889K, capacity 21273K, committed 21504K, reserved 1069056K
  class space    used 2374K, capacity 2539K, committed 2560K, reserved 1048576K
}
Event: 21.280 GC heap after
{Heap after GC invocations=11 (full 1):
 garbage-first heap   total 217088K, used 126032K [0x00000000c1600000, 0x0000000100000000)
  region size 1024K, 1 young (1024K), 1 survivors (1024K)
 Metaspace       used 20889K, capacity 21273K, committed 21504K, reserved 1069056K
  class space    used 2374K, capacity 2539K, committed 2560K, reserved 1048576K
}
Event: 21.722 GC heap before
{Heap before GC invocations=12 (full 1):
 garbage-first heap   total 225280K, used 131152K [0x00000000c1600000, 0x0000000100000000)
  region size 1024K, 3 young (3072K), 1 survivors (1024K)
 Metaspace       used 21562K, capacity 21917K, committed 22144K, reserved 1069056K
  class space    used 2448K, capacity 2603K, committed 2688K, reserved 1048576K
}
Event: 21.728 GC heap after
{Heap after GC invocations=13 (full 1):
 garbage-first heap   total 225280K, used 130474K [0x00000000c1600000, 0x0000000100000000)
  region size 1024K, 1 young (1024K), 1 survivors (1024K)
 Metaspace       used 21562K, capacity 21917K, committed 22144K, reserved 1069056K
  class space    used 2448K, capacity 2603K, committed 2688K, reserved 1048576K
}

Deoptimization events (20 events):
Event: 21.936 Thread 0x000001c342efc000 Uncommon trap: trap_request=0xffffffde fr.pc=0x000001c335d0e798 relative=0x0000000000000178
Event: 21.936 Thread 0x000001c342efc000 Uncommon trap: reason=class_check action=maybe_recompile pc=0x000001c335d0e798 method=java.lang.String.equals(Ljava/lang/Object;)Z @ 8 c2
Event: 21.936 Thread 0x000001c342efc000 DEOPT PACKING pc=0x000001c335d0e798 sp=0x0000009cd30fe240
Event: 21.936 Thread 0x000001c342efc000 DEOPT UNPACKING pc=0x000001c32e1a912f sp=0x0000009cd30fe1d8 mode 2
Event: 21.939 Thread 0x000001c342efc000 Uncommon trap: trap_request=0xffffffde fr.pc=0x000001c335d0e798 relative=0x0000000000000178
Event: 21.939 Thread 0x000001c342efc000 Uncommon trap: reason=class_check action=maybe_recompile pc=0x000001c335d0e798 method=java.lang.String.equals(Ljava/lang/Object;)Z @ 8 c2
Event: 21.939 Thread 0x000001c342efc000 DEOPT PACKING pc=0x000001c335d0e798 sp=0x0000009cd30fe8f0
Event: 21.939 Thread 0x000001c342efc000 DEOPT UNPACKING pc=0x000001c32e1a912f sp=0x0000009cd30fe888 mode 2
Event: 22.000 Thread 0x000001c342efc000 Uncommon trap: trap_request=0xffffffde fr.pc=0x000001c335d0e798 relative=0x0000000000000178
Event: 22.000 Thread 0x000001c342efc000 Uncommon trap: reason=class_check action=maybe_recompile pc=0x000001c335d0e798 method=java.lang.String.equals(Ljava/lang/Object;)Z @ 8 c2
Event: 22.000 Thread 0x000001c342efc000 DEOPT PACKING pc=0x000001c335d0e798 sp=0x0000009cd30fe700
Event: 22.000 Thread 0x000001c342efc000 DEOPT UNPACKING pc=0x000001c32e1a912f sp=0x0000009cd30fe698 mode 2
Event: 22.138 Thread 0x000001c342efc000 Uncommon trap: trap_request=0xffffffde fr.pc=0x000001c335c88964 relative=0x0000000000000cc4
Event: 22.138 Thread 0x000001c342efc000 Uncommon trap: reason=class_check action=maybe_recompile pc=0x000001c335c88964 method=java.util.concurrent.ConcurrentHashMap.putVal(Ljava/lang/Object;Ljava/lang/Object;Z)Ljava/lang/Object; @ 242 c2
Event: 22.138 Thread 0x000001c342efc000 DEOPT PACKING pc=0x000001c335c88964 sp=0x0000009cd30fdb10
Event: 22.138 Thread 0x000001c342efc000 DEOPT UNPACKING pc=0x000001c32e1a912f sp=0x0000009cd30fda90 mode 2
Event: 22.275 Thread 0x000001c342efc000 Uncommon trap: trap_request=0xffffff45 fr.pc=0x000001c335c73e74 relative=0x00000000000005b4
Event: 22.275 Thread 0x000001c342efc000 Uncommon trap: reason=unstable_if action=reinterpret pc=0x000001c335c73e74 method=java.lang.AbstractStringBuilder.append(Ljava/lang/String;)Ljava/lang/AbstractStringBuilder; @ 1 c2
Event: 22.275 Thread 0x000001c342efc000 DEOPT PACKING pc=0x000001c335c73e74 sp=0x0000009cd30fef60
Event: 22.275 Thread 0x000001c342efc000 DEOPT UNPACKING pc=0x000001c32e1a912f sp=0x0000009cd30fef38 mode 2

Classes unloaded (0 events):
No events

Classes redefined (0 events):
No events

Internal exceptions (20 events):
Event: 1.178 Thread 0x000001c342ade800 Exception <a 'java/lang/NoSuchMethodError'{0x00000000c51bc5b8}: 'int java.lang.invoke.DirectMethodHandle$Holder.invokeStaticInit(java.lang.Object, java.lang.Object)'> (0x00000000c51bc5b8) 
thrown [t:/workspace/open/src/hotspot/share/interpreter/linkResolver.cpp, line 767]
Event: 2.002 Thread 0x000001c342ade800 Exception <a 'java/lang/NoSuchMethodError'{0x00000000c4fc0320}: 'java.lang.Object java.lang.invoke.DirectMethodHandle$Holder.invokeStaticInit(java.lang.Object, java.lang.Object, int, int, int, int)'> (0x00000000c4fc0320) 
thrown [t:/workspace/open/src/hotspot/share/interpreter/linkResolver.cpp, line 767]
Event: 2.350 Thread 0x000001c342ade800 Exception <a 'java/lang/NullPointerException'{0x00000000c546a920}> (0x00000000c546a920) 
thrown [t:/workspace/open/src/hotspot/share/interpreter/linkResolver.cpp, line 1349]
Event: 2.351 Thread 0x000001c342ade800 Exception <a 'java/lang/reflect/InvocationTargetException'{0x00000000c546e550}> (0x00000000c546e550) 
thrown [t:/workspace/open/src/hotspot/share/runtime/reflection.cpp, line 1188]
Event: 2.405 Thread 0x000001c342ade800 Exception <a 'java/lang/NoSuchMethodError'{0x00000000c53c3b60}: 'java.lang.Object java.lang.invoke.DirectMethodHandle$Holder.invokeVirtual(java.lang.Object, java.lang.Object, java.lang.Object)'> (0x00000000c53c3b60) 
thrown [t:/workspace/open/src/hotspot/share/interpreter/linkResolver.cpp, line 767]
Event: 6.234 Thread 0x000001c342ade800 Exception <a 'java/lang/NoSuchMethodError'{0x00000000c4741e90}: 'java.lang.Object java.lang.invoke.DirectMethodHandle$Holder.invokeStatic(java.lang.Object, int, java.lang.Object, java.lang.Object, java.lang.Object, java.lang.Object)'> (0x00000000c4741e90) 
thrown [t:/workspace/open/src/hotspot/share/interpreter/linkResolver.cpp, line 767]
Event: 6.236 Thread 0x000001c342ade800 Exception <a 'java/lang/NoSuchMethodError'{0x00000000c47487f8}: 'java.lang.Object java.lang.invoke.DirectMethodHandle$Holder.invokeStatic(java.lang.Object, int, java.lang.Object, java.lang.Object, java.lang.Object)'> (0x00000000c47487f8) 
thrown [t:/workspace/open/src/hotspot/share/interpreter/linkResolver.cpp, line 767]
Event: 6.237 Thread 0x000001c342ade800 Exception <a 'java/lang/NoSuchMethodError'{0x00000000c474c060}: 'java.lang.Object java.lang.invoke.DirectMethodHandle$Holder.invokeSpecial(java.lang.Object, java.lang.Object, int, java.lang.Object, java.lang.Object, java.lang.Object)'> (0x00000000c474c060) 
thrown [t:/workspace/open/src/hotspot/share/interpreter/linkResolver.cpp, line 767]
Event: 6.246 Thread 0x000001c342ade800 Exception <a 'java/lang/NoSuchMethodError'{0x00000000c47c8d88}: 'java.lang.Object java.lang.invoke.DirectMethodHandle$Holder.invokeStatic(java.lang.Object, int, java.lang.Object)'> (0x00000000c47c8d88) 
thrown [t:/workspace/open/src/hotspot/share/interpreter/linkResolver.cpp, line 767]
Event: 6.476 Thread 0x000001c342ade800 Exception <a 'java/lang/ClassNotFoundException'{0x00000000c466f050}: com/sun/swing/internal/plaf/metal/resources/spi/metalProvider> (0x00000000c466f050) 
thrown [t:/workspace/open/src/hotspot/share/classfile/systemDictionary.cpp, line 232]
Event: 6.480 Thread 0x000001c342ade800 Exception <a 'java/lang/ClassNotFoundException'{0x00000000c46730f8}: com/sun/swing/internal/plaf/basic/resources/spi/basicProvider> (0x00000000c46730f8) 
thrown [t:/workspace/open/src/hotspot/share/classfile/systemDictionary.cpp, line 232]
Event: 6.759 Thread 0x000001c342ade800 Implicit null exception at 0x000001c335cbdf05 to 0x000001c335cbe0f6
Event: 6.759 Thread 0x000001c342ade800 Implicit null exception at 0x000001c335cc9f8e to 0x000001c335ccab72
Event: 6.866 Thread 0x000001c342ade800 Implicit null exception at 0x000001c335c866af to 0x000001c335c8672d
Event: 6.938 Thread 0x000001c342ade800 Exception <a 'java/net/UnknownHostException'{0x00000000c4690940}> (0x00000000c4690940) 
thrown [t:/workspace/open/src/hotspot/share/prims/jni.cpp, line 598]
Event: 9.177 Thread 0x000001c343873000 Exception <a 'java/lang/NullPointerException'{0x00000000c558ed30}> (0x00000000c558ed30) 
thrown [t:/workspace/open/src/hotspot/share/interpreter/linkResolver.cpp, line 1349]
Event: 9.428 Thread 0x000001c342ade800 Exception <a 'java/lang/NoSuchMethodError'{0x00000000c5545828}: 'void java.lang.invoke.DirectMethodHandle$Holder.invokeStaticInit(java.lang.Object)'> (0x00000000c5545828) 
thrown [t:/workspace/open/src/hotspot/share/interpreter/linkResolver.cpp, line 767]
Event: 9.811 Thread 0x000001c342ade800 Exception <a 'java/lang/NoSuchMethodError'{0x00000000c54190e0}: 'java.lang.Object java.lang.invoke.Invokers$Holder.linkToTargetMethod(java.lang.Object, int, java.lang.Object)'> (0x00000000c54190e0) 
thrown [t:/workspace/open/src/hotspot/share/interpreter/linkResolver.cpp, line 767]
Event: 18.490 Thread 0x000001c342efc000 Implicit null exception at 0x000001c335c75d84 to 0x000001c335c7630e
Event: 22.275 Thread 0x000001c342efc000 Implicit null exception at 0x000001c335c73904 to 0x000001c335c73e5e

Events (20 events):
Event: 22.476 Executing VM operation: RevokeBias
Event: 22.476 Executing VM operation: RevokeBias done
Event: 22.476 Executing VM operation: RevokeBias
Event: 22.476 Executing VM operation: RevokeBias done
Event: 22.476 Executing VM operation: RevokeBias
Event: 22.476 Executing VM operation: RevokeBias done
Event: 22.476 Executing VM operation: RevokeBias
Event: 22.476 Executing VM operation: RevokeBias done
Event: 22.495 Executing VM operation: RevokeBias
Event: 22.495 Executing VM operation: RevokeBias done
Event: 22.517 Executing VM operation: RevokeBias
Event: 22.517 Executing VM operation: RevokeBias done
Event: 22.517 Executing VM operation: RevokeBias
Event: 22.517 Executing VM operation: RevokeBias done
Event: 22.526 loading class sideInformation/MainInfo$2
Event: 22.526 loading class sideInformation/MainInfo$2 done
Event: 22.535 loading class sideInformation/MainInfo$3
Event: 22.535 loading class sideInformation/MainInfo$3 done
Event: 22.539 loading class Stats/StudentStats
Event: 22.539 loading class Stats/StudentStats done


Dynamic libraries:
0x00007ff60a690000 - 0x00007ff60a69f000 	C:\Program Files\Java\jdk-13.0.2\bin\javaw.exe
0x00007ffe73aa0000 - 0x00007ffe73c90000 	C:\Windows\SYSTEM32\ntdll.dll
0x00007ffe72340000 - 0x00007ffe723f2000 	C:\Windows\System32\KERNEL32.DLL
0x00007ffe71450000 - 0x00007ffe716f5000 	C:\Windows\System32\KERNELBASE.dll
0x00007ffe71860000 - 0x00007ffe7195a000 	C:\Windows\System32\ucrtbase.dll
0x00007ffe66970000 - 0x00007ffe66985000 	C:\Program Files\Java\jdk-13.0.2\bin\VCRUNTIME140.dll
0x00007ffe66930000 - 0x00007ffe66948000 	C:\Program Files\Java\jdk-13.0.2\bin\jli.dll
0x00007ffe72430000 - 0x00007ffe724d3000 	C:\Windows\System32\ADVAPI32.dll
0x00007ffe71d50000 - 0x00007ffe71dee000 	C:\Windows\System32\msvcrt.dll
0x00007ffe71ea0000 - 0x00007ffe71f37000 	C:\Windows\System32\sechost.dll
0x00007ffe721e0000 - 0x00007ffe722ff000 	C:\Windows\System32\RPCRT4.dll
0x00007ffe73230000 - 0x00007ffe733c4000 	C:\Windows\System32\USER32.dll
0x00007ffe70a80000 - 0x00007ffe70aa1000 	C:\Windows\System32\win32u.dll
0x00007ffe61ee0000 - 0x00007ffe62164000 	C:\Windows\WinSxS\amd64_microsoft.windows.common-controls_6595b64144ccf1df_6.0.18362.1556_none_9e7e372fe45e41d5\COMCTL32.dll
0x00007ffe72400000 - 0x00007ffe72426000 	C:\Windows\System32\GDI32.dll
0x00007ffe72710000 - 0x00007ffe72a46000 	C:\Windows\System32\combase.dll
0x00007ffe71230000 - 0x00007ffe713c8000 	C:\Windows\System32\gdi32full.dll
0x00007ffe709e0000 - 0x00007ffe70a7e000 	C:\Windows\System32\msvcp_win.dll
0x00007ffe71960000 - 0x00007ffe719e1000 	C:\Windows\System32\bcryptPrimitives.dll
0x00007ffe62550000 - 0x00007ffe6255a000 	C:\Windows\SYSTEM32\VERSION.dll
0x00007ffe72300000 - 0x00007ffe7232e000 	C:\Windows\System32\IMM32.DLL
0x00007ffe55bf0000 - 0x00007ffe55c8b000 	C:\Program Files\Java\jdk-13.0.2\bin\msvcp140.dll
0x00007ffe3e7e0000 - 0x00007ffe3f33d000 	C:\Program Files\Java\jdk-13.0.2\bin\server\jvm.dll
0x00007ffe731b0000 - 0x00007ffe731b8000 	C:\Windows\System32\PSAPI.DLL
0x00007ffe6c980000 - 0x00007ffe6c989000 	C:\Windows\SYSTEM32\WSOCK32.dll
0x00007ffe6e5a0000 - 0x00007ffe6e5c4000 	C:\Windows\SYSTEM32\WINMM.dll
0x00007ffe73140000 - 0x00007ffe731af000 	C:\Windows\System32\WS2_32.dll
0x00007ffe6e570000 - 0x00007ffe6e59d000 	C:\Windows\SYSTEM32\winmmbase.dll
0x00007ffe713d0000 - 0x00007ffe7141a000 	C:\Windows\System32\cfgmgr32.dll
0x00007ffe70950000 - 0x00007ffe70961000 	C:\Windows\System32\kernel.appcore.dll
0x00007ffe66b70000 - 0x00007ffe66b80000 	C:\Program Files\Java\jdk-13.0.2\bin\verify.dll
0x00007ffe617b0000 - 0x00007ffe619a4000 	C:\Windows\SYSTEM32\DBGHELP.DLL
0x00007ffe61760000 - 0x00007ffe6178a000 	C:\Windows\SYSTEM32\dbgcore.DLL
0x00007ffe5f610000 - 0x00007ffe5f636000 	C:\Program Files\Java\jdk-13.0.2\bin\java.dll
0x00007ffe5f5f0000 - 0x00007ffe5f607000 	C:\Program Files\Java\jdk-13.0.2\bin\zip.dll
0x00007ffe66a60000 - 0x00007ffe66a6a000 	C:\Program Files\Java\jdk-13.0.2\bin\jimage.dll
0x00007ffe72a50000 - 0x00007ffe73137000 	C:\Windows\System32\SHELL32.dll
0x00007ffe71df0000 - 0x00007ffe71e98000 	C:\Windows\System32\shcore.dll
0x00007ffe70ab0000 - 0x00007ffe7122b000 	C:\Windows\System32\windows.storage.dll
0x00007ffe70970000 - 0x00007ffe7098e000 	C:\Windows\System32\profapi.dll
0x00007ffe70990000 - 0x00007ffe709da000 	C:\Windows\System32\powrprof.dll
0x00007ffe70920000 - 0x00007ffe70930000 	C:\Windows\System32\UMPDC.dll
0x00007ffe724e0000 - 0x00007ffe72532000 	C:\Windows\System32\shlwapi.dll
0x00007ffe71b00000 - 0x00007ffe71b17000 	C:\Windows\System32\cryptsp.dll
0x00007ffe5f5d0000 - 0x00007ffe5f5e9000 	C:\Program Files\Java\jdk-13.0.2\bin\net.dll
0x00007ffe67290000 - 0x00007ffe6738a000 	C:\Windows\SYSTEM32\WINHTTP.dll
0x00007ffe70160000 - 0x00007ffe701c7000 	C:\Windows\system32\mswsock.dll
0x00007ffe5da30000 - 0x00007ffe5da43000 	C:\Program Files\Java\jdk-13.0.2\bin\nio.dll
0x00007ffe43d20000 - 0x00007ffe43eb9000 	C:\Program Files\Java\jdk-13.0.2\bin\awt.dll
0x00007ffe73430000 - 0x00007ffe734f5000 	C:\Windows\System32\OLEAUT32.dll
0x00007ffe6ea90000 - 0x00007ffe6eb1f000 	C:\Windows\SYSTEM32\apphelp.dll
0x00007ffe6ec00000 - 0x00007ffe6ec99000 	C:\Windows\system32\uxtheme.dll
0x00007ffe71f40000 - 0x00007ffe72075000 	C:\Windows\System32\MSCTF.dll
0x00007ffe72080000 - 0x00007ffe721d7000 	C:\Windows\System32\ole32.dll
0x00007ffe6fec0000 - 0x00007ffe6ff8b000 	C:\Windows\SYSTEM32\DNSAPI.dll
0x00007ffe73a20000 - 0x00007ffe73a28000 	C:\Windows\System32\NSI.dll
0x00007ffe6fe70000 - 0x00007ffe6feaa000 	C:\Windows\SYSTEM32\IPHLPAPI.DLL
0x00007ffe66740000 - 0x00007ffe6674a000 	C:\Windows\System32\rasadhlp.dll
0x00007ffe676b0000 - 0x00007ffe67727000 	C:\Windows\System32\fwpuclnt.dll
0x00007ffe71420000 - 0x00007ffe71446000 	C:\Windows\System32\bcrypt.dll
0x00007ffe60e20000 - 0x00007ffe60e2e000 	C:\Program Files\Java\jdk-13.0.2\bin\sunmscapi.dll
0x00007ffe71700000 - 0x00007ffe71851000 	C:\Windows\System32\CRYPT32.dll
0x00007ffe70930000 - 0x00007ffe70942000 	C:\Windows\System32\MSASN1.dll
0x00007ffe70440000 - 0x00007ffe70466000 	C:\Windows\SYSTEM32\ncrypt.dll
0x00007ffe70400000 - 0x00007ffe7043b000 	C:\Windows\SYSTEM32\NTASN1.dll
0x00007ffe59490000 - 0x00007ffe594b5000 	C:\Program Files\Java\jdk-13.0.2\bin\sunec.dll
0x00007ffe6fce0000 - 0x00007ffe6fd13000 	C:\Windows\system32\rsaenh.dll
0x00007ffe70840000 - 0x00007ffe70865000 	C:\Windows\SYSTEM32\USERENV.dll
0x00007ffe70330000 - 0x00007ffe7033c000 	C:\Windows\SYSTEM32\CRYPTBASE.dll
0x00007ffe679e0000 - 0x00007ffe679f6000 	C:\Windows\SYSTEM32\dhcpcsvc6.DLL
0x00007ffe67ab0000 - 0x00007ffe67acc000 	C:\Windows\SYSTEM32\dhcpcsvc.DLL
0x00007ffe6f250000 - 0x00007ffe6f27d000 	C:\Windows\system32\DWMAPI.DLL
0x00007ffe432c0000 - 0x00007ffe43416000 	C:\Windows\system32\opengl32.dll
0x00007ffe55140000 - 0x00007ffe5516c000 	C:\Windows\SYSTEM32\GLU32.dll
0x00007ffe6f560000 - 0x00007ffe6f580000 	C:\Windows\SYSTEM32\dxcore.dll
0x00007ffe50d20000 - 0x00007ffe50da2000 	C:\Program Files\Java\jdk-13.0.2\bin\freetype.dll
0x00007ffe4a810000 - 0x00007ffe4a8b6000 	C:\Program Files\Java\jdk-13.0.2\bin\fontmanager.dll
0x00007ffe65740000 - 0x00007ffe657db000 	C:\Windows\System32\TextInputFramework.dll
0x00007ffe6b260000 - 0x00007ffe6b58a000 	C:\Windows\System32\CoreUIComponents.dll
0x00007ffe6e880000 - 0x00007ffe6e954000 	C:\Windows\System32\CoreMessaging.dll
0x00007ffe6c5f0000 - 0x00007ffe6c742000 	C:\Windows\SYSTEM32\wintypes.dll
0x00007ffe6f960000 - 0x00007ffe6f991000 	C:\Windows\SYSTEM32\ntmarta.dll
0x00007ffe64160000 - 0x00007ffe64407000 	C:\Windows\System32\iertutil.dll

dbghelp: loaded successfully - version: 4.0.5 - missing functions: none
symbol engine: initialized successfully - sym options: 0x614 - pdb path: .;C:\Program Files\Java\jdk-13.0.2\bin;C:\Windows\SYSTEM32;C:\Windows\WinSxS\amd64_microsoft.windows.common-controls_6595b64144ccf1df_6.0.18362.1556_none_9e7e372fe45e41d5;C:\Program Files\Java\jdk-13.0.2\bin\server

VM Arguments:
jvm_args: -Dfile.encoding=Cp1252 
java_command: Application.Home
java_class_path (initial): C:\Users\User\git\bakame\DriveOperations\target\classes;C:\Users\User\Desktop\Libraries\jgoodies-common-1.8.0.jar;C:\Users\User\Desktop\Libraries\jgoodies-forms-1.8.0.jar;C:\Users\User\Desktop\Libraries\miglayout15-swing.jar;C:\Users\User\Downloads\javax.mail.jar;C:\Users\User\Downloads\activation-1.1.1.jar;C:\Users\User\Downloads\jcalendar-1.4.jar;C:\Users\User\Downloads\jfreechart-1.0.19\lib\jcommon-1.0.23.jar;C:\Users\User\Downloads\jfreechart-1.0.19\lib\jfreechart-1.0.19.jar;C:\Users\User\Downloads\commons-net-3.8.0\commons-net-3.8.0.jar;C:\Users\User\Documents\Libs\comm-2.0.jar;C:\Users\User\Documents\Libs\http-2.2.1.jar;C:\Users\User\Downloads\JTattoo-1.6.13.jar;C:\Users\User\Desktop\Libs\jmespath-java-1.11.470.jar;C:\Users\User\Desktop\Libs\aws-java-sdk-core-1.12.65.jar;C:\Users\User\Desktop\Libs\aws-java-sdk-kms-1.12.65.jar;C:\Users\User\Desktop\Libs\aws-java-sdk-s3-1.12.65.jar;C:\Users\User\Desktop\Libs\commons-codec-1.15.jar;C:\Users\User\Desktop\Libs\commons-logging-1.1.3.jar;C:\Users\User\Desktop\Libs\httpclient-4.5.13.jar;C:\Users\User\Desktop\Libs\ion-java-1.0.2.jar;C:\Users\User\Desktop\Libs\jackson-annotations-2.12.3.jar;C:\Users\User\Desktop\Libs\jackson-core-2.12.3.jar;C:\Users\User\Desktop\Libs\jackson-databind-2.12.3.jar;C:\Users\User\Desktop\Libs\jackson-dataformat-cbor-2.12.3.jar;C:\Users\User\Desktop\Libs\jmespath-java-1.12.65.jar;C:\Users\User\Desktop\Libs\joda-time-2.8.1.jar;C:\Users\User\Desktop\Libs\mysql-connector-java-5.1.45.jar;C:\Users\User\.m2\repository\com\amazonaws\aws-java-sdk-s3\1.12.65\aws-java-sdk-s3-1.12.65.jar;C:\Users\User\.m2\repository\com\amazonaws\aws-java-sdk-kms\1.12.65\aws-java-sdk-kms-1.12.65.jar;C:\Users\User\.m2\repository\com\amazonaws\aws-java-sdk-core\1.12.65\aws-java-sdk-core-1.12.65.jar;C:\Users\User\.m2\repository\commons-logging\commons-logging\1.1.3\commons-logging-1.1.3.jar;C:\Users\User\.m2\repository\commons-codec\commons-codec\1.15\commons-codec-1.15.jar;C:\Users\User\.m2\re
Launcher Type: SUN_STANDARD

[Global flags]
     intx CICompilerCount                          = 3                                         {product} {ergonomic}
     uint ConcGCThreads                            = 1                                         {product} {ergonomic}
     uint G1ConcRefinementThreads                  = 4                                         {product} {ergonomic}
   size_t G1HeapRegionSize                         = 1048576                                   {product} {ergonomic}
    uintx GCDrainStackTargetSize                   = 64                                        {product} {ergonomic}
   size_t InitialHeapSize                          = 67108864                                  {product} {ergonomic}
   size_t MarkStackSize                            = 4194304                                   {product} {ergonomic}
   size_t MaxHeapSize                              = 1050673152                                {product} {ergonomic}
   size_t MaxNewSize                               = 630194176                                 {product} {ergonomic}
   size_t MinHeapDeltaBytes                        = 1048576                                   {product} {ergonomic}
   size_t MinHeapSize                              = 8388608                                   {product} {ergonomic}
    uintx NonNMethodCodeHeapSize                   = 5832780                                {pd product} {ergonomic}
    uintx NonProfiledCodeHeapSize                  = 122912730                              {pd product} {ergonomic}
    uintx ProfiledCodeHeapSize                     = 122912730                              {pd product} {ergonomic}
    uintx ReservedCodeCacheSize                    = 251658240                              {pd product} {ergonomic}
     bool SegmentedCodeCache                       = true                                      {product} {ergonomic}
   size_t SoftMaxHeapSize                          = 1050673152                             {manageable} {ergonomic}
     bool UseCompressedClassPointers               = true                                 {lp64_product} {ergonomic}
     bool UseCompressedOops                        = true                                 {lp64_product} {ergonomic}
     bool UseG1GC                                  = true                                      {product} {ergonomic}
     bool UseLargePagesIndividualAllocation        = false                                  {pd product} {ergonomic}

Logging:
Log output configuration:
 #0: stdout all=warning uptime,level,tags
 #1: stderr all=off uptime,level,tags

Environment Variables:
JAVA_HOME=C:\Program Files (x86)\Java\jre1.8.0_241
PATH=C:\Program Files\Java\jdk-13.0.2\bin;C:\Program Files (x86)\Common Files\Oracle\Java\javapath;C:\Windows\system32;C:\Windows;C:\Windows\System32\Wbem;C:\Windows\System32\WindowsPowerShell\v1.0\;C:\Windows\System32\OpenSSH\;C:\Program Files (x86)\apache-maven-3.8.1\bin;C:\Program Files (x86)\gradle-7.1.1\bin;C:\Users\User\Documents\Setup logiciels\mongosh-1.1.2-win32-x64\bin;C:\Program Files\MySQL\MySQL Shell 8.0\bin\;C:\Users\User\AppData\Local\Microsoft\WindowsApps;C:\Users\User\AppData\Local\Programs\Microsoft VS Code\bin;C:\Program Files (x86)\gradle-7.1.1\bin;C:\Users\User\Downloads\platform-tools;C:\Users\User\Documents\Setup logiciels\mongosh-1.1.2-win32-x64\bin;C:\Users\User\AppData\Local\GitHubDesktop\bin
USERNAME=User
OS=Windows_NT
PROCESSOR_IDENTIFIER=Intel64 Family 6 Model 42 Stepping 7, GenuineIntel



---------------  S Y S T E M  ---------------

OS: Windows 10 , 64 bit Build 18362 (10.0.18362.1500)

CPU:total 4 (initial active 4) (2 cores per cpu, 2 threads per core) family 6 model 42 stepping 7, cmov, cx8, fxsr, mmx, sse, sse2, sse3, ssse3, sse4.1, sse4.2, popcnt, avx, aes, clmul, ht, tsc, tscinvbit

Memory: 4k page, system-wide physical 4006M (374M free)
TotalPageFile size 16294M (AvailPageFile size 2M)
current process WorkingSet (physical memory assigned to process): 297M, peak: 297M
current process commit charge ("private bytes"): 351M, peak: 351M

vm_info: Java HotSpot(TM) 64-Bit Server VM (13.0.2+8) for windows-amd64 JRE (13.0.2+8), built on Dec 11 2019 09:20:33 by "mach5one" with unknown MS VC++:1916

END.
