#
# There is insufficient memory for the Java Runtime Environment to continue.
# Native memory allocation (mmap) failed to map 4194304 bytes for Failed to commit area from 0x00000000ce800000 to 0x00000000cec00000 of length 4194304.
# Possible reasons:
#   The system is out of physical RAM or swap space
#   The process is running with CompressedOops enabled, and the Java Heap may be blocking the growth of the native heap
# Possible solutions:
#   Reduce memory load on the system
#   Increase physical memory or swap space
#   Check if swap backing store is full
#   Decrease Java heap size (-Xmx/-Xms)
#   Decrease number of Java threads
#   Decrease Java thread stack sizes (-Xss)
#   Set larger code cache with -XX:ReservedCodeCacheSize=
#   JVM is running with Unscaled Compressed Oops mode in which the Java heap is
#     placed in the first 4GB address space. The Java Heap base address is the
#     maximum limit for the native heap growth. Please use -XX:HeapBaseMinAddress
#     to set the Java Heap base and to place the Java Heap above 4GB virtual address.
# This output file may be truncated or incomplete.
#
#  Out of Memory Error (t:/workspace/open/src/hotspot/os/windows/os_windows.cpp:3301), pid=72, tid=10508
#
# JRE version: Java(TM) SE Runtime Environment (13.0.2+8) (build 13.0.2+8)
# Java VM: Java HotSpot(TM) 64-Bit Server VM (13.0.2+8, mixed mode, sharing, tiered, compressed oops, g1 gc, windows-amd64)
# No core dump will be written. Minidumps are not enabled by default on client versions of Windows
#

---------------  S U M M A R Y ------------

Command Line: -Dfile.encoding=Cp1252 Application.Home

Host: Intel(R) Core(TM) i5-2520M CPU @ 2.50GHz, 4 cores, 3G,  Windows 10 , 64 bit Build 18362 (10.0.18362.1500)
Time: Fri Sep 24 16:29:16 2021 South Africa Standard Time elapsed time: 4 seconds (0d 0h 0m 4s)

---------------  T H R E A D  ---------------

Current thread (0x000001efd99da000):  VMThread "VM Thread" [stack: 0x0000004545500000,0x0000004545600000] [id=10508]

Stack: [0x0000004545500000,0x0000004545600000]
[error occurred during error reporting (printing stack bounds), id 0xc0000005, EXCEPTION_ACCESS_VIOLATION (0xc0000005) at pc=0x000001efc57510ad]

Native frames: (J=compiled Java code, j=interpreted, Vv=VM code, C=native code)
V  [jvm.dll+0x624f9a]
V  [jvm.dll+0x770cfa]
V  [jvm.dll+0x7724af]
V  [jvm.dll+0x772a15]
V  [jvm.dll+0x7729cb]
V  [jvm.dll+0x6244df]
C  [ntdll.dll+0x790b6]
C  [ntdll.dll+0x6a926]
C  [ntdll.dll+0xa0c6e]
C  0x000001efc57510ad

VM_Operation (0x00000045451ff6d0): G1Concurrent, mode: safepoint, requested by thread 0x000001efbbabc800


---------------  P R O C E S S  ---------------

Threads class SMR info:
_java_thread_list=0x000001efdacf8890, length=25, elements={
0x000001efd99db000, 0x000001efd99e8000, 0x000001efd99fb000, 0x000001efd99fd000,
0x000001efd99fe000, 0x000001efd9a09000, 0x000001efda3b0800, 0x000001efda46d000,
0x000001efda475800, 0x000001efda79d000, 0x000001efda79e000, 0x000001efda850000,
0x000001efda867800, 0x000001efbba81800, 0x000001efda91a800, 0x000001efda927000,
0x000001efda97b800, 0x000001efdaa55800, 0x000001efdab69000, 0x000001efdaaf4800,
0x000001efdaeb1800, 0x000001efdaeb2800, 0x000001efdaeb4000, 0x000001efdaeb6800,
0x000001efdaeb1000
}
_to_delete_list=0x000001efdacf8950, length=24, elements={
0x000001efd99db000, 0x000001efd99e8000, 0x000001efd99fb000, 0x000001efd99fd000,
0x000001efd99fe000, 0x000001efd9a09000, 0x000001efda3b0800, 0x000001efda46d000,
0x000001efda475800, 0x000001efda79d000, 0x000001efda79e000, 0x000001efda850000,
0x000001efda867800, 0x000001efbba81800, 0x000001efda91a800, 0x000001efda927000,
0x000001efda97b800, 0x000001efdaa55800, 0x000001efdab69000, 0x000001efdaaf4800,
0x000001efdaeb1800, 0x000001efdaeb2800, 0x000001efdaeb4000, 0x000001efdaeb6800
}

Java Threads: ( => current thread )
  0x000001efd99db000 JavaThread "Reference Handler" daemon [_thread_blocked, id=11840, stack(0x0000004545600000,0x0000004545700000)]
  0x000001efd99e8000 JavaThread "Finalizer" daemon [_thread_blocked, id=9796, stack(0x0000004545700000,0x0000004545800000)]
  0x000001efd99fb000 JavaThread "Signal Dispatcher" daemon [_thread_blocked, id=4188, stack(0x0000004545800000,0x0000004545900000)]
  0x000001efd99fd000 JavaThread "Attach Listener" daemon [_thread_blocked, id=11480, stack(0x0000004545900000,0x0000004545a00000)]
  0x000001efd99fe000 JavaThread "C2 CompilerThread0" daemon [_thread_blocked, id=14252, stack(0x0000004545a00000,0x0000004545b00000)]
  0x000001efd9a09000 JavaThread "C1 CompilerThread0" daemon [_thread_blocked, id=15404, stack(0x0000004545b00000,0x0000004545c00000)]
  0x000001efda3b0800 JavaThread "Sweeper thread" daemon [_thread_blocked, id=10524, stack(0x0000004545c00000,0x0000004545d00000)]
  0x000001efda46d000 JavaThread "Service Thread" daemon [_thread_blocked, id=15244, stack(0x0000004545d00000,0x0000004545e00000)]
  0x000001efda475800 JavaThread "Common-Cleaner" daemon [_thread_blocked, id=10224, stack(0x0000004545f00000,0x0000004546000000)]
  0x000001efda79d000 JavaThread "Java2D Disposer" daemon [_thread_blocked, id=12336, stack(0x0000004546000000,0x0000004546100000)]
  0x000001efda79e000 JavaThread "AWT-Shutdown" [_thread_blocked, id=5820, stack(0x0000004546100000,0x0000004546200000)]
  0x000001efda850000 JavaThread "AWT-Windows" daemon [_thread_blocked, id=6284, stack(0x0000004546200000,0x0000004546300000)]
  0x000001efda867800 JavaThread "AWT-EventQueue-0" [_thread_blocked, id=5876, stack(0x0000004546300000,0x0000004546400000)]
  0x000001efbba81800 JavaThread "DestroyJavaVM" [_thread_blocked, id=2004, stack(0x0000004544f00000,0x0000004545000000)]
  0x000001efda91a800 JavaThread "Image Fetcher 0" daemon [_thread_blocked, id=7860, stack(0x0000004546400000,0x0000004546500000)]
  0x000001efda927000 JavaThread "TimerQueue" daemon [_thread_blocked, id=16004, stack(0x0000004546500000,0x0000004546600000)]
  0x000001efda97b800 JavaThread "Image Fetcher 1" daemon [_thread_blocked, id=8372, stack(0x0000004546600000,0x0000004546700000)]
  0x000001efdaa55800 JavaThread "SwingWorker-pool-1-thread-1" daemon [_thread_blocked, id=10456, stack(0x0000004546700000,0x0000004546800000)]
  0x000001efdab69000 JavaThread "SwingWorker-pool-1-thread-2" daemon [_thread_blocked, id=14060, stack(0x0000004546800000,0x0000004546900000)]
  0x000001efdaaf4800 JavaThread "SwingWorker-pool-1-thread-3" daemon [_thread_blocked, id=6524, stack(0x0000004546900000,0x0000004546a00000)]
  0x000001efdaeb1800 JavaThread "SwingWorker-pool-1-thread-4" daemon [_thread_blocked, id=4064, stack(0x0000004547100000,0x0000004547200000)]
  0x000001efdaeb2800 JavaThread "SwingWorker-pool-1-thread-5" daemon [_thread_blocked, id=14732, stack(0x0000004547200000,0x0000004547300000)]
  0x000001efdaeb4000 JavaThread "SwingWorker-pool-1-thread-6" daemon [_thread_blocked, id=11880, stack(0x0000004547300000,0x0000004547400000)]
  0x000001efdaeb6800 JavaThread "SwingWorker-pool-1-thread-7" daemon [_thread_blocked, id=10112, stack(0x0000004547400000,0x0000004547500000)]
  0x000001efdaeb1000 JavaThread "SwingWorker-pool-1-thread-8" daemon [_thread_blocked, id=9840, stack(0x0000004547500000,0x0000004547600000)]

Other Threads:
=>0x000001efd99da000 VMThread "VM Thread" [stack: 0x0000004545500000,0x0000004545600000] [id=10508]
  0x000001efda473800 WatcherThread [stack: 0x0000004545e00000,0x0000004545f00000] [id=76]
  0x000001efbbab2800 GCTaskThread "GC Thread#0" [stack: 0x0000004545000000,0x0000004545100000] [id=12872]
  0x000001efdabe3000 GCTaskThread "GC Thread#1" [stack: 0x0000004546a00000,0x0000004546b00000] [id=13152]
  0x000001efdaa52000 GCTaskThread "GC Thread#2" [stack: 0x0000004546b00000,0x0000004546c00000] [id=12496]
  0x000001efdaa53000 GCTaskThread "GC Thread#3" [stack: 0x0000004546c00000,0x0000004546d00000] [id=13412]
  0x000001efbbabc800 ConcurrentGCThread "G1 Main Marker" [stack: 0x0000004545100000,0x0000004545200000] [id=13148]
  0x000001efbbac2000 ConcurrentGCThread "G1 Conc#0" [stack: 0x0000004545200000,0x0000004545300000] [id=11472]
  0x000001efbbb15800 ConcurrentGCThread "G1 Refine#0" [stack: 0x0000004545300000,0x0000004545400000] [id=13608]
  0x000001efda5a4000 ConcurrentGCThread "G1 Refine#1" [stack: 0x0000004546d00000,0x0000004546e00000] [id=1568]
  0x000001efbbb18000 ConcurrentGCThread "G1 Young RemSet Sampling" [stack: 0x0000004545400000,0x0000004545500000] [id=6592]

Threads with active compile tasks:
C2 CompilerThread0     5431 1204       4       java.lang.StringLatin1::indexOf (121 bytes)

VM state:at safepoint (normal execution)

VM Mutex/Monitor currently owned by a thread:  ([mutex/lock_event])
[0x000001efbba7c8d0] Threads_lock - owner thread: 0x000001efd99da000
[0x000001efbba7dc80] Heap_lock - owner thread: 0x000001efbbabc800

Heap address: 0x00000000c1600000, size: 1002 MB, Compressed Oops mode: 32-bit
Narrow klass base: 0x0000000800000000, Narrow klass shift: 3
Compressed class space size: 1073741824 Address: 0x0000000800b40000

Heap:
 garbage-first heap   total 219136K, used 127332K [0x00000000c1600000, 0x0000000100000000)
  region size 1024K, 2 young (2048K), 1 survivors (1024K)
 Metaspace       used 10395K, capacity 10664K, committed 11008K, reserved 1058816K
  class space    used 1277K, capacity 1412K, committed 1536K, reserved 1048576K
Heap Regions: E=young(eden), S=young(survivor), O=old, HS=humongous(starts), HC=humongous(continues), CS=collection set, F=free, A=archive, TAMS=top-at-mark-start (previous, next)
|   0|0x00000000c1600000, 0x00000000c16fffe8, 0x00000000c1700000| 99%| O|  |TAMS 0x00000000c16fffe8, 0x00000000c1600000| Updating 
|   1|0x00000000c1700000, 0x00000000c17ec528, 0x00000000c1800000| 92%| O|  |TAMS 0x00000000c17ec528, 0x00000000c1700000| Updating 
|   2|0x00000000c1800000, 0x00000000c18a5748, 0x00000000c1900000| 64%| O|  |TAMS 0x00000000c18a5748, 0x00000000c1800000| Updating 
|   3|0x00000000c1900000, 0x00000000c19f5c78, 0x00000000c1a00000| 96%| O|  |TAMS 0x00000000c19f5c78, 0x00000000c1900000| Updating 
|   4|0x00000000c1a00000, 0x00000000c1a49028, 0x00000000c1b00000| 28%| O|  |TAMS 0x00000000c1a49028, 0x00000000c1a00000| Updating 
|   5|0x00000000c1b00000, 0x00000000c1c00000, 0x00000000c1c00000|100%|HS|  |TAMS 0x00000000c1c00000, 0x00000000c1b00000| Complete 
|   6|0x00000000c1c00000, 0x00000000c1d00000, 0x00000000c1d00000|100%|HC|  |TAMS 0x00000000c1d00000, 0x00000000c1c00000| Complete 
|   7|0x00000000c1d00000, 0x00000000c1e00000, 0x00000000c1e00000|100%|HC|  |TAMS 0x00000000c1e00000, 0x00000000c1d00000| Complete 
|   8|0x00000000c1e00000, 0x00000000c1f00000, 0x00000000c1f00000|100%|HC|  |TAMS 0x00000000c1f00000, 0x00000000c1e00000| Complete 
|   9|0x00000000c1f00000, 0x00000000c2000000, 0x00000000c2000000|100%|HS|  |TAMS 0x00000000c1f00000, 0x00000000c1f00000| Complete 
|  10|0x00000000c2000000, 0x00000000c2100000, 0x00000000c2100000|100%|HC|  |TAMS 0x00000000c2000000, 0x00000000c2000000| Complete 
|  11|0x00000000c2100000, 0x00000000c2200000, 0x00000000c2200000|100%|HC|  |TAMS 0x00000000c2100000, 0x00000000c2100000| Complete 
|  12|0x00000000c2200000, 0x00000000c2300000, 0x00000000c2300000|100%|HC|  |TAMS 0x00000000c2200000, 0x00000000c2200000| Complete 
|  13|0x00000000c2300000, 0x00000000c2300000, 0x00000000c2400000|  0%| F|  |TAMS 0x00000000c2300000, 0x00000000c2300000| Untracked 
|  14|0x00000000c2400000, 0x00000000c2400000, 0x00000000c2500000|  0%| F|  |TAMS 0x00000000c2400000, 0x00000000c2400000| Untracked 
|  15|0x00000000c2500000, 0x00000000c2500000, 0x00000000c2600000|  0%| F|  |TAMS 0x00000000c2500000, 0x00000000c2500000| Untracked 
|  16|0x00000000c2600000, 0x00000000c2600000, 0x00000000c2700000|  0%| F|  |TAMS 0x00000000c2600000, 0x00000000c2600000| Untracked 
|  17|0x00000000c2700000, 0x00000000c2700000, 0x00000000c2800000|  0%| F|  |TAMS 0x00000000c2700000, 0x00000000c2700000| Untracked 
|  18|0x00000000c2800000, 0x00000000c2800000, 0x00000000c2900000|  0%| F|  |TAMS 0x00000000c2800000, 0x00000000c2800000| Untracked 
|  19|0x00000000c2900000, 0x00000000c2900000, 0x00000000c2a00000|  0%| F|  |TAMS 0x00000000c2900000, 0x00000000c2900000| Untracked 
|  20|0x00000000c2a00000, 0x00000000c2a00000, 0x00000000c2b00000|  0%| F|  |TAMS 0x00000000c2a00000, 0x00000000c2a00000| Untracked 
|  21|0x00000000c2b00000, 0x00000000c2b00000, 0x00000000c2c00000|  0%| F|  |TAMS 0x00000000c2b00000, 0x00000000c2b00000| Untracked 
|  22|0x00000000c2c00000, 0x00000000c2c00000, 0x00000000c2d00000|  0%| F|  |TAMS 0x00000000c2c00000, 0x00000000c2c00000| Untracked 
|  23|0x00000000c2d00000, 0x00000000c2d00000, 0x00000000c2e00000|  0%| F|  |TAMS 0x00000000c2d00000, 0x00000000c2d00000| Untracked 
|  24|0x00000000c2e00000, 0x00000000c2e00000, 0x00000000c2f00000|  0%| F|  |TAMS 0x00000000c2e00000, 0x00000000c2e00000| Untracked 
|  25|0x00000000c2f00000, 0x00000000c2f00000, 0x00000000c3000000|  0%| F|  |TAMS 0x00000000c2f00000, 0x00000000c2f00000| Untracked 
|  26|0x00000000c3000000, 0x00000000c3000000, 0x00000000c3100000|  0%| F|  |TAMS 0x00000000c3000000, 0x00000000c3000000| Untracked 
|  27|0x00000000c3100000, 0x00000000c3100000, 0x00000000c3200000|  0%| F|  |TAMS 0x00000000c3100000, 0x00000000c3100000| Untracked 
|  28|0x00000000c3200000, 0x00000000c3200000, 0x00000000c3300000|  0%| F|  |TAMS 0x00000000c3200000, 0x00000000c3200000| Untracked 
|  29|0x00000000c3300000, 0x00000000c3300000, 0x00000000c3400000|  0%| F|  |TAMS 0x00000000c3300000, 0x00000000c3300000| Untracked 
|  30|0x00000000c3400000, 0x00000000c3400000, 0x00000000c3500000|  0%| F|  |TAMS 0x00000000c3400000, 0x00000000c3400000| Untracked 
|  31|0x00000000c3500000, 0x00000000c3500000, 0x00000000c3600000|  0%| F|  |TAMS 0x00000000c3500000, 0x00000000c3500000| Untracked 
|  32|0x00000000c3600000, 0x00000000c3600000, 0x00000000c3700000|  0%| F|  |TAMS 0x00000000c3600000, 0x00000000c3600000| Untracked 
|  33|0x00000000c3700000, 0x00000000c3700000, 0x00000000c3800000|  0%| F|  |TAMS 0x00000000c3700000, 0x00000000c3700000| Untracked 
|  34|0x00000000c3800000, 0x00000000c3800000, 0x00000000c3900000|  0%| F|  |TAMS 0x00000000c3800000, 0x00000000c3800000| Untracked 
|  35|0x00000000c3900000, 0x00000000c3900000, 0x00000000c3a00000|  0%| F|  |TAMS 0x00000000c3900000, 0x00000000c3900000| Untracked 
|  36|0x00000000c3a00000, 0x00000000c3a00000, 0x00000000c3b00000|  0%| F|  |TAMS 0x00000000c3a00000, 0x00000000c3a00000| Untracked 
|  37|0x00000000c3b00000, 0x00000000c3b00000, 0x00000000c3c00000|  0%| F|  |TAMS 0x00000000c3b00000, 0x00000000c3b00000| Untracked 
|  38|0x00000000c3c00000, 0x00000000c3c00000, 0x00000000c3d00000|  0%| F|  |TAMS 0x00000000c3c00000, 0x00000000c3c00000| Untracked 
|  39|0x00000000c3d00000, 0x00000000c3d00000, 0x00000000c3e00000|  0%| F|  |TAMS 0x00000000c3d00000, 0x00000000c3d00000| Untracked 
|  40|0x00000000c3e00000, 0x00000000c3e00000, 0x00000000c3f00000|  0%| F|  |TAMS 0x00000000c3e00000, 0x00000000c3e00000| Untracked 
|  41|0x00000000c3f00000, 0x00000000c3f00000, 0x00000000c4000000|  0%| F|  |TAMS 0x00000000c3f00000, 0x00000000c3f00000| Untracked 
|  42|0x00000000c4000000, 0x00000000c4000000, 0x00000000c4100000|  0%| F|  |TAMS 0x00000000c4000000, 0x00000000c4000000| Untracked 
|  43|0x00000000c4100000, 0x00000000c4100000, 0x00000000c4200000|  0%| F|  |TAMS 0x00000000c4100000, 0x00000000c4100000| Untracked 
|  44|0x00000000c4200000, 0x00000000c4200000, 0x00000000c4300000|  0%| F|  |TAMS 0x00000000c4200000, 0x00000000c4200000| Untracked 
|  45|0x00000000c4300000, 0x00000000c4300000, 0x00000000c4400000|  0%| F|  |TAMS 0x00000000c4300000, 0x00000000c4300000| Untracked 
|  46|0x00000000c4400000, 0x00000000c4400000, 0x00000000c4500000|  0%| F|  |TAMS 0x00000000c4400000, 0x00000000c4400000| Untracked 
|  47|0x00000000c4500000, 0x00000000c4500000, 0x00000000c4600000|  0%| F|  |TAMS 0x00000000c4500000, 0x00000000c4500000| Untracked 
|  48|0x00000000c4600000, 0x00000000c4600000, 0x00000000c4700000|  0%| F|  |TAMS 0x00000000c4600000, 0x00000000c4600000| Untracked 
|  49|0x00000000c4700000, 0x00000000c4700000, 0x00000000c4800000|  0%| F|  |TAMS 0x00000000c4700000, 0x00000000c4700000| Untracked 
|  50|0x00000000c4800000, 0x00000000c4800000, 0x00000000c4900000|  0%| F|  |TAMS 0x00000000c4800000, 0x00000000c4800000| Untracked 
|  51|0x00000000c4900000, 0x00000000c494c548, 0x00000000c4a00000| 29%| O|  |TAMS 0x00000000c494c548, 0x00000000c4900000| Updating 
|  52|0x00000000c4a00000, 0x00000000c4a00000, 0x00000000c4b00000|  0%| F|  |TAMS 0x00000000c4a00000, 0x00000000c4a00000| Untracked 
|  53|0x00000000c4b00000, 0x00000000c4b00000, 0x00000000c4c00000|  0%| F|  |TAMS 0x00000000c4b00000, 0x00000000c4b00000| Untracked 
|  54|0x00000000c4c00000, 0x00000000c4c00000, 0x00000000c4d00000|  0%| F|  |TAMS 0x00000000c4c00000, 0x00000000c4c00000| Untracked 
|  55|0x00000000c4d00000, 0x00000000c4d00000, 0x00000000c4e00000|  0%| F|  |TAMS 0x00000000c4d00000, 0x00000000c4d00000| Untracked 
|  56|0x00000000c4e00000, 0x00000000c4e00000, 0x00000000c4f00000|  0%| F|  |TAMS 0x00000000c4e00000, 0x00000000c4e00000| Untracked 
|  57|0x00000000c4f00000, 0x00000000c4f00000, 0x00000000c5000000|  0%| F|  |TAMS 0x00000000c4f00000, 0x00000000c4f00000| Untracked 
|  58|0x00000000c5000000, 0x00000000c5000000, 0x00000000c5100000|  0%| F|  |TAMS 0x00000000c5000000, 0x00000000c5000000| Untracked 
|  59|0x00000000c5100000, 0x00000000c5100000, 0x00000000c5200000|  0%| F|  |TAMS 0x00000000c5100000, 0x00000000c5100000| Untracked 
|  60|0x00000000c5200000, 0x00000000c5200000, 0x00000000c5300000|  0%| F|  |TAMS 0x00000000c5200000, 0x00000000c5200000| Untracked 
|  61|0x00000000c5300000, 0x00000000c5300000, 0x00000000c5400000|  0%| F|  |TAMS 0x00000000c5300000, 0x00000000c5300000| Untracked 
|  62|0x00000000c5400000, 0x00000000c5400000, 0x00000000c5500000|  0%| F|  |TAMS 0x00000000c5400000, 0x00000000c5400000| Untracked 
|  63|0x00000000c5500000, 0x00000000c5500000, 0x00000000c5600000|  0%| F|  |TAMS 0x00000000c5500000, 0x00000000c5500000| Untracked 
|  64|0x00000000c5600000, 0x00000000c5700000, 0x00000000c5700000|100%|HS|  |TAMS 0x00000000c5700000, 0x00000000c5600000| Complete 
|  65|0x00000000c5700000, 0x00000000c5800000, 0x00000000c5800000|100%|HC|  |TAMS 0x00000000c5800000, 0x00000000c5700000| Complete 
|  66|0x00000000c5800000, 0x00000000c5900000, 0x00000000c5900000|100%|HC|  |TAMS 0x00000000c5900000, 0x00000000c5800000| Complete 
|  67|0x00000000c5900000, 0x00000000c5a00000, 0x00000000c5a00000|100%|HC|  |TAMS 0x00000000c5a00000, 0x00000000c5900000| Complete 
|  68|0x00000000c5a00000, 0x00000000c5b00000, 0x00000000c5b00000|100%|HC|  |TAMS 0x00000000c5b00000, 0x00000000c5a00000| Complete 
|  69|0x00000000c5b00000, 0x00000000c5c00000, 0x00000000c5c00000|100%|HC|  |TAMS 0x00000000c5c00000, 0x00000000c5b00000| Complete 
|  70|0x00000000c5c00000, 0x00000000c5d00000, 0x00000000c5d00000|100%|HC|  |TAMS 0x00000000c5d00000, 0x00000000c5c00000| Complete 
|  71|0x00000000c5d00000, 0x00000000c5e00000, 0x00000000c5e00000|100%|HC|  |TAMS 0x00000000c5e00000, 0x00000000c5d00000| Complete 
|  72|0x00000000c5e00000, 0x00000000c5f00000, 0x00000000c5f00000|100%|HC|  |TAMS 0x00000000c5f00000, 0x00000000c5e00000| Complete 
|  73|0x00000000c5f00000, 0x00000000c6000000, 0x00000000c6000000|100%|HC|  |TAMS 0x00000000c6000000, 0x00000000c5f00000| Complete 
|  74|0x00000000c6000000, 0x00000000c6100000, 0x00000000c6100000|100%|HC|  |TAMS 0x00000000c6100000, 0x00000000c6000000| Complete 
|  75|0x00000000c6100000, 0x00000000c6200000, 0x00000000c6200000|100%|HC|  |TAMS 0x00000000c6200000, 0x00000000c6100000| Complete 
|  76|0x00000000c6200000, 0x00000000c6300000, 0x00000000c6300000|100%|HC|  |TAMS 0x00000000c6300000, 0x00000000c6200000| Complete 
|  77|0x00000000c6300000, 0x00000000c6400000, 0x00000000c6400000|100%|HC|  |TAMS 0x00000000c6400000, 0x00000000c6300000| Complete 
|  78|0x00000000c6400000, 0x00000000c6500000, 0x00000000c6500000|100%|HC|  |TAMS 0x00000000c6500000, 0x00000000c6400000| Complete 
|  79|0x00000000c6500000, 0x00000000c6600000, 0x00000000c6600000|100%|HC|  |TAMS 0x00000000c6600000, 0x00000000c6500000| Complete 
|  80|0x00000000c6600000, 0x00000000c6700000, 0x00000000c6700000|100%|HC|  |TAMS 0x00000000c6700000, 0x00000000c6600000| Complete 
|  81|0x00000000c6700000, 0x00000000c6800000, 0x00000000c6800000|100%|HC|  |TAMS 0x00000000c6800000, 0x00000000c6700000| Complete 
|  82|0x00000000c6800000, 0x00000000c6900000, 0x00000000c6900000|100%|HC|  |TAMS 0x00000000c6900000, 0x00000000c6800000| Complete 
|  83|0x00000000c6900000, 0x00000000c6a00000, 0x00000000c6a00000|100%|HC|  |TAMS 0x00000000c6a00000, 0x00000000c6900000| Complete 
|  84|0x00000000c6a00000, 0x00000000c6b00000, 0x00000000c6b00000|100%|HC|  |TAMS 0x00000000c6b00000, 0x00000000c6a00000| Complete 
|  85|0x00000000c6b00000, 0x00000000c6c00000, 0x00000000c6c00000|100%|HC|  |TAMS 0x00000000c6c00000, 0x00000000c6b00000| Complete 
|  86|0x00000000c6c00000, 0x00000000c6d00000, 0x00000000c6d00000|100%|HC|  |TAMS 0x00000000c6d00000, 0x00000000c6c00000| Complete 
|  87|0x00000000c6d00000, 0x00000000c6e00000, 0x00000000c6e00000|100%|HC|  |TAMS 0x00000000c6e00000, 0x00000000c6d00000| Complete 
|  88|0x00000000c6e00000, 0x00000000c6f00000, 0x00000000c6f00000|100%|HC|  |TAMS 0x00000000c6f00000, 0x00000000c6e00000| Complete 
|  89|0x00000000c6f00000, 0x00000000c7000000, 0x00000000c7000000|100%|HC|  |TAMS 0x00000000c7000000, 0x00000000c6f00000| Complete 
|  90|0x00000000c7000000, 0x00000000c7100000, 0x00000000c7100000|100%|HC|  |TAMS 0x00000000c7100000, 0x00000000c7000000| Complete 
|  91|0x00000000c7100000, 0x00000000c7200000, 0x00000000c7200000|100%|HC|  |TAMS 0x00000000c7200000, 0x00000000c7100000| Complete 
|  92|0x00000000c7200000, 0x00000000c7300000, 0x00000000c7300000|100%|HC|  |TAMS 0x00000000c7300000, 0x00000000c7200000| Complete 
|  93|0x00000000c7300000, 0x00000000c7400000, 0x00000000c7400000|100%|HC|  |TAMS 0x00000000c7400000, 0x00000000c7300000| Complete 
|  94|0x00000000c7400000, 0x00000000c7500000, 0x00000000c7500000|100%|HC|  |TAMS 0x00000000c7500000, 0x00000000c7400000| Complete 
|  95|0x00000000c7500000, 0x00000000c7600000, 0x00000000c7600000|100%|HC|  |TAMS 0x00000000c7600000, 0x00000000c7500000| Complete 
|  96|0x00000000c7600000, 0x00000000c7700000, 0x00000000c7700000|100%|HC|  |TAMS 0x00000000c7700000, 0x00000000c7600000| Complete 
|  97|0x00000000c7700000, 0x00000000c7800000, 0x00000000c7800000|100%|HC|  |TAMS 0x00000000c7800000, 0x00000000c7700000| Complete 
|  98|0x00000000c7800000, 0x00000000c7900000, 0x00000000c7900000|100%|HC|  |TAMS 0x00000000c7900000, 0x00000000c7800000| Complete 
|  99|0x00000000c7900000, 0x00000000c7a00000, 0x00000000c7a00000|100%|HC|  |TAMS 0x00000000c7a00000, 0x00000000c7900000| Complete 
| 100|0x00000000c7a00000, 0x00000000c7b00000, 0x00000000c7b00000|100%|HC|  |TAMS 0x00000000c7b00000, 0x00000000c7a00000| Complete 
| 101|0x00000000c7b00000, 0x00000000c7c00000, 0x00000000c7c00000|100%|HC|  |TAMS 0x00000000c7c00000, 0x00000000c7b00000| Complete 
| 102|0x00000000c7c00000, 0x00000000c7d00000, 0x00000000c7d00000|100%|HC|  |TAMS 0x00000000c7d00000, 0x00000000c7c00000| Complete 
| 103|0x00000000c7d00000, 0x00000000c7e00000, 0x00000000c7e00000|100%|HC|  |TAMS 0x00000000c7e00000, 0x00000000c7d00000| Complete 
| 104|0x00000000c7e00000, 0x00000000c7f00000, 0x00000000c7f00000|100%|HC|  |TAMS 0x00000000c7f00000, 0x00000000c7e00000| Complete 
| 105|0x00000000c7f00000, 0x00000000c8000000, 0x00000000c8000000|100%|HC|  |TAMS 0x00000000c8000000, 0x00000000c7f00000| Complete 
| 106|0x00000000c8000000, 0x00000000c8100000, 0x00000000c8100000|100%|HC|  |TAMS 0x00000000c8100000, 0x00000000c8000000| Complete 
| 107|0x00000000c8100000, 0x00000000c8200000, 0x00000000c8200000|100%|HC|  |TAMS 0x00000000c8200000, 0x00000000c8100000| Complete 
| 108|0x00000000c8200000, 0x00000000c8300000, 0x00000000c8300000|100%|HC|  |TAMS 0x00000000c8300000, 0x00000000c8200000| Complete 
| 109|0x00000000c8300000, 0x00000000c8400000, 0x00000000c8400000|100%|HC|  |TAMS 0x00000000c8400000, 0x00000000c8300000| Complete 
| 110|0x00000000c8400000, 0x00000000c8500000, 0x00000000c8500000|100%|HC|  |TAMS 0x00000000c8500000, 0x00000000c8400000| Complete 
| 111|0x00000000c8500000, 0x00000000c8600000, 0x00000000c8600000|100%|HC|  |TAMS 0x00000000c8600000, 0x00000000c8500000| Complete 
| 112|0x00000000c8600000, 0x00000000c8700000, 0x00000000c8700000|100%|HC|  |TAMS 0x00000000c8700000, 0x00000000c8600000| Complete 
| 113|0x00000000c8700000, 0x00000000c8800000, 0x00000000c8800000|100%|HC|  |TAMS 0x00000000c8800000, 0x00000000c8700000| Complete 
| 114|0x00000000c8800000, 0x00000000c8900000, 0x00000000c8900000|100%|HC|  |TAMS 0x00000000c8900000, 0x00000000c8800000| Complete 
| 115|0x00000000c8900000, 0x00000000c8a00000, 0x00000000c8a00000|100%|HC|  |TAMS 0x00000000c8a00000, 0x00000000c8900000| Complete 
| 116|0x00000000c8a00000, 0x00000000c8b00000, 0x00000000c8b00000|100%|HC|  |TAMS 0x00000000c8b00000, 0x00000000c8a00000| Complete 
| 117|0x00000000c8b00000, 0x00000000c8c00000, 0x00000000c8c00000|100%|HC|  |TAMS 0x00000000c8c00000, 0x00000000c8b00000| Complete 
| 118|0x00000000c8c00000, 0x00000000c8d00000, 0x00000000c8d00000|100%|HC|  |TAMS 0x00000000c8d00000, 0x00000000c8c00000| Complete 
| 119|0x00000000c8d00000, 0x00000000c8e00000, 0x00000000c8e00000|100%|HC|  |TAMS 0x00000000c8e00000, 0x00000000c8d00000| Complete 
| 120|0x00000000c8e00000, 0x00000000c8f00000, 0x00000000c8f00000|100%|HC|  |TAMS 0x00000000c8f00000, 0x00000000c8e00000| Complete 
| 121|0x00000000c8f00000, 0x00000000c9000000, 0x00000000c9000000|100%|HC|  |TAMS 0x00000000c9000000, 0x00000000c8f00000| Complete 
| 122|0x00000000c9000000, 0x00000000c9100000, 0x00000000c9100000|100%|HC|  |TAMS 0x00000000c9100000, 0x00000000c9000000| Complete 
| 123|0x00000000c9100000, 0x00000000c9200000, 0x00000000c9200000|100%|HC|  |TAMS 0x00000000c9200000, 0x00000000c9100000| Complete 
| 124|0x00000000c9200000, 0x00000000c9300000, 0x00000000c9300000|100%|HC|  |TAMS 0x00000000c9300000, 0x00000000c9200000| Complete 
| 125|0x00000000c9300000, 0x00000000c9400000, 0x00000000c9400000|100%|HC|  |TAMS 0x00000000c9400000, 0x00000000c9300000| Complete 
| 126|0x00000000c9400000, 0x00000000c9500000, 0x00000000c9500000|100%|HC|  |TAMS 0x00000000c9500000, 0x00000000c9400000| Complete 
| 127|0x00000000c9500000, 0x00000000c9600000, 0x00000000c9600000|100%|HC|  |TAMS 0x00000000c9600000, 0x00000000c9500000| Complete 
| 128|0x00000000c9600000, 0x00000000c9700000, 0x00000000c9700000|100%|HC|  |TAMS 0x00000000c9700000, 0x00000000c9600000| Complete 
| 129|0x00000000c9700000, 0x00000000c9800000, 0x00000000c9800000|100%|HC|  |TAMS 0x00000000c9800000, 0x00000000c9700000| Complete 
| 130|0x00000000c9800000, 0x00000000c9900000, 0x00000000c9900000|100%|HC|  |TAMS 0x00000000c9900000, 0x00000000c9800000| Complete 
| 131|0x00000000c9900000, 0x00000000c9a00000, 0x00000000c9a00000|100%|HC|  |TAMS 0x00000000c9a00000, 0x00000000c9900000| Complete 
| 132|0x00000000c9a00000, 0x00000000c9b00000, 0x00000000c9b00000|100%|HC|  |TAMS 0x00000000c9b00000, 0x00000000c9a00000| Complete 
| 133|0x00000000c9b00000, 0x00000000c9c00000, 0x00000000c9c00000|100%|HC|  |TAMS 0x00000000c9c00000, 0x00000000c9b00000| Complete 
| 134|0x00000000c9c00000, 0x00000000c9d00000, 0x00000000c9d00000|100%|HC|  |TAMS 0x00000000c9d00000, 0x00000000c9c00000| Complete 
| 135|0x00000000c9d00000, 0x00000000c9e00000, 0x00000000c9e00000|100%|HC|  |TAMS 0x00000000c9e00000, 0x00000000c9d00000| Complete 
| 136|0x00000000c9e00000, 0x00000000c9f00000, 0x00000000c9f00000|100%|HC|  |TAMS 0x00000000c9f00000, 0x00000000c9e00000| Complete 
| 137|0x00000000c9f00000, 0x00000000ca000000, 0x00000000ca000000|100%|HC|  |TAMS 0x00000000ca000000, 0x00000000c9f00000| Complete 
| 138|0x00000000ca000000, 0x00000000ca100000, 0x00000000ca100000|100%|HC|  |TAMS 0x00000000ca100000, 0x00000000ca000000| Complete 
| 139|0x00000000ca100000, 0x00000000ca200000, 0x00000000ca200000|100%|HC|  |TAMS 0x00000000ca200000, 0x00000000ca100000| Complete 
| 140|0x00000000ca200000, 0x00000000ca300000, 0x00000000ca300000|100%|HC|  |TAMS 0x00000000ca300000, 0x00000000ca200000| Complete 
| 141|0x00000000ca300000, 0x00000000ca400000, 0x00000000ca400000|100%|HC|  |TAMS 0x00000000ca400000, 0x00000000ca300000| Complete 
| 142|0x00000000ca400000, 0x00000000ca500000, 0x00000000ca500000|100%|HC|  |TAMS 0x00000000ca500000, 0x00000000ca400000| Complete 
| 143|0x00000000ca500000, 0x00000000ca600000, 0x00000000ca600000|100%|HC|  |TAMS 0x00000000ca600000, 0x00000000ca500000| Complete 
| 144|0x00000000ca600000, 0x00000000ca700000, 0x00000000ca700000|100%|HC|  |TAMS 0x00000000ca700000, 0x00000000ca600000| Complete 
| 145|0x00000000ca700000, 0x00000000ca800000, 0x00000000ca800000|100%|HC|  |TAMS 0x00000000ca800000, 0x00000000ca700000| Complete 
| 146|0x00000000ca800000, 0x00000000ca900000, 0x00000000ca900000|100%|HC|  |TAMS 0x00000000ca900000, 0x00000000ca800000| Complete 
| 147|0x00000000ca900000, 0x00000000caa00000, 0x00000000caa00000|100%|HC|  |TAMS 0x00000000caa00000, 0x00000000ca900000| Complete 
| 148|0x00000000caa00000, 0x00000000cab00000, 0x00000000cab00000|100%|HC|  |TAMS 0x00000000cab00000, 0x00000000caa00000| Complete 
| 149|0x00000000cab00000, 0x00000000cac00000, 0x00000000cac00000|100%|HC|  |TAMS 0x00000000cac00000, 0x00000000cab00000| Complete 
| 150|0x00000000cac00000, 0x00000000cad00000, 0x00000000cad00000|100%|HC|  |TAMS 0x00000000cad00000, 0x00000000cac00000| Complete 
| 151|0x00000000cad00000, 0x00000000cae00000, 0x00000000cae00000|100%|HC|  |TAMS 0x00000000cae00000, 0x00000000cad00000| Complete 
| 152|0x00000000cae00000, 0x00000000caf00000, 0x00000000caf00000|100%|HC|  |TAMS 0x00000000caf00000, 0x00000000cae00000| Complete 
| 153|0x00000000caf00000, 0x00000000cb000000, 0x00000000cb000000|100%|HC|  |TAMS 0x00000000cb000000, 0x00000000caf00000| Complete 
| 154|0x00000000cb000000, 0x00000000cb100000, 0x00000000cb100000|100%|HC|  |TAMS 0x00000000cb100000, 0x00000000cb000000| Complete 
| 155|0x00000000cb100000, 0x00000000cb200000, 0x00000000cb200000|100%|HC|  |TAMS 0x00000000cb200000, 0x00000000cb100000| Complete 
| 156|0x00000000cb200000, 0x00000000cb300000, 0x00000000cb300000|100%|HC|  |TAMS 0x00000000cb300000, 0x00000000cb200000| Complete 
| 157|0x00000000cb300000, 0x00000000cb400000, 0x00000000cb400000|100%|HC|  |TAMS 0x00000000cb400000, 0x00000000cb300000| Complete 
| 158|0x00000000cb400000, 0x00000000cb500000, 0x00000000cb500000|100%|HC|  |TAMS 0x00000000cb500000, 0x00000000cb400000| Complete 
| 159|0x00000000cb500000, 0x00000000cb600000, 0x00000000cb600000|100%|HC|  |TAMS 0x00000000cb600000, 0x00000000cb500000| Complete 
| 160|0x00000000cb600000, 0x00000000cb700000, 0x00000000cb700000|100%|HC|  |TAMS 0x00000000cb700000, 0x00000000cb600000| Complete 
| 161|0x00000000cb700000, 0x00000000cb800000, 0x00000000cb800000|100%|HC|  |TAMS 0x00000000cb800000, 0x00000000cb700000| Complete 
| 162|0x00000000cb800000, 0x00000000cb900000, 0x00000000cb900000|100%|HC|  |TAMS 0x00000000cb900000, 0x00000000cb800000| Complete 
| 163|0x00000000cb900000, 0x00000000cba00000, 0x00000000cba00000|100%|HC|  |TAMS 0x00000000cba00000, 0x00000000cb900000| Complete 
| 164|0x00000000cba00000, 0x00000000cbb00000, 0x00000000cbb00000|100%|HC|  |TAMS 0x00000000cbb00000, 0x00000000cba00000| Complete 
| 165|0x00000000cbb00000, 0x00000000cbc00000, 0x00000000cbc00000|100%|HC|  |TAMS 0x00000000cbc00000, 0x00000000cbb00000| Complete 
| 166|0x00000000cbc00000, 0x00000000cbd00000, 0x00000000cbd00000|100%|HC|  |TAMS 0x00000000cbd00000, 0x00000000cbc00000| Complete 
| 167|0x00000000cbd00000, 0x00000000cbe00000, 0x00000000cbe00000|100%|HC|  |TAMS 0x00000000cbe00000, 0x00000000cbd00000| Complete 
| 168|0x00000000cbe00000, 0x00000000cbf00000, 0x00000000cbf00000|100%|HC|  |TAMS 0x00000000cbf00000, 0x00000000cbe00000| Complete 
| 169|0x00000000cbf00000, 0x00000000cc000000, 0x00000000cc000000|100%|HC|  |TAMS 0x00000000cc000000, 0x00000000cbf00000| Complete 
| 170|0x00000000cc000000, 0x00000000cc100000, 0x00000000cc100000|100%|HC|  |TAMS 0x00000000cc100000, 0x00000000cc000000| Complete 
| 171|0x00000000cc100000, 0x00000000cc200000, 0x00000000cc200000|100%|HC|  |TAMS 0x00000000cc200000, 0x00000000cc100000| Complete 
| 172|0x00000000cc200000, 0x00000000cc300000, 0x00000000cc300000|100%|HC|  |TAMS 0x00000000cc300000, 0x00000000cc200000| Complete 
| 173|0x00000000cc300000, 0x00000000cc400000, 0x00000000cc400000|100%|HC|  |TAMS 0x00000000cc400000, 0x00000000cc300000| Complete 
| 174|0x00000000cc400000, 0x00000000cc500000, 0x00000000cc500000|100%|HC|  |TAMS 0x00000000cc500000, 0x00000000cc400000| Complete 
| 175|0x00000000cc500000, 0x00000000cc600000, 0x00000000cc600000|100%|HC|  |TAMS 0x00000000cc600000, 0x00000000cc500000| Complete 
| 176|0x00000000cc600000, 0x00000000cc600000, 0x00000000cc700000|  0%| F|  |TAMS 0x00000000cc600000, 0x00000000cc600000| Untracked 
| 177|0x00000000cc700000, 0x00000000cc700000, 0x00000000cc800000|  0%| F|  |TAMS 0x00000000cc700000, 0x00000000cc700000| Untracked 
| 178|0x00000000cc800000, 0x00000000cc800000, 0x00000000cc900000|  0%| F|  |TAMS 0x00000000cc800000, 0x00000000cc800000| Untracked 
| 179|0x00000000cc900000, 0x00000000cc900000, 0x00000000cca00000|  0%| F|  |TAMS 0x00000000cc900000, 0x00000000cc900000| Untracked 
| 180|0x00000000cca00000, 0x00000000cca00000, 0x00000000ccb00000|  0%| F|  |TAMS 0x00000000cca00000, 0x00000000cca00000| Untracked 
| 181|0x00000000ccb00000, 0x00000000ccb00000, 0x00000000ccc00000|  0%| F|  |TAMS 0x00000000ccb00000, 0x00000000ccb00000| Untracked 
| 182|0x00000000ccc00000, 0x00000000ccc00000, 0x00000000ccd00000|  0%| F|  |TAMS 0x00000000ccc00000, 0x00000000ccc00000| Untracked 
| 183|0x00000000ccd00000, 0x00000000ccd00000, 0x00000000cce00000|  0%| F|  |TAMS 0x00000000ccd00000, 0x00000000ccd00000| Untracked 
| 184|0x00000000cce00000, 0x00000000cce00000, 0x00000000ccf00000|  0%| F|  |TAMS 0x00000000cce00000, 0x00000000cce00000| Untracked 
| 185|0x00000000ccf00000, 0x00000000ccf00000, 0x00000000cd000000|  0%| F|  |TAMS 0x00000000ccf00000, 0x00000000ccf00000| Untracked 
| 186|0x00000000cd000000, 0x00000000cd000000, 0x00000000cd100000|  0%| F|  |TAMS 0x00000000cd000000, 0x00000000cd000000| Untracked 
| 187|0x00000000cd100000, 0x00000000cd100000, 0x00000000cd200000|  0%| F|  |TAMS 0x00000000cd100000, 0x00000000cd100000| Untracked 
| 188|0x00000000cd200000, 0x00000000cd200000, 0x00000000cd300000|  0%| F|  |TAMS 0x00000000cd200000, 0x00000000cd200000| Untracked 
| 189|0x00000000cd300000, 0x00000000cd300000, 0x00000000cd400000|  0%| F|  |TAMS 0x00000000cd300000, 0x00000000cd300000| Untracked 
| 190|0x00000000cd400000, 0x00000000cd400000, 0x00000000cd500000|  0%| F|  |TAMS 0x00000000cd400000, 0x00000000cd400000| Untracked 
| 191|0x00000000cd500000, 0x00000000cd500000, 0x00000000cd600000|  0%| F|  |TAMS 0x00000000cd500000, 0x00000000cd500000| Untracked 
| 192|0x00000000cd600000, 0x00000000cd600000, 0x00000000cd700000|  0%| F|  |TAMS 0x00000000cd600000, 0x00000000cd600000| Untracked 
| 193|0x00000000cd700000, 0x00000000cd700000, 0x00000000cd800000|  0%| F|  |TAMS 0x00000000cd700000, 0x00000000cd700000| Untracked 
| 194|0x00000000cd800000, 0x00000000cd800000, 0x00000000cd900000|  0%| F|  |TAMS 0x00000000cd800000, 0x00000000cd800000| Untracked 
| 195|0x00000000cd900000, 0x00000000cd900000, 0x00000000cda00000|  0%| F|  |TAMS 0x00000000cd900000, 0x00000000cd900000| Untracked 
| 196|0x00000000cda00000, 0x00000000cda00000, 0x00000000cdb00000|  0%| F|  |TAMS 0x00000000cda00000, 0x00000000cda00000| Untracked 
| 197|0x00000000cdb00000, 0x00000000cdb00000, 0x00000000cdc00000|  0%| F|  |TAMS 0x00000000cdb00000, 0x00000000cdb00000| Untracked 
| 198|0x00000000cdc00000, 0x00000000cdc00000, 0x00000000cdd00000|  0%| F|  |TAMS 0x00000000cdc00000, 0x00000000cdc00000| Untracked 
| 199|0x00000000cdd00000, 0x00000000cdd00000, 0x00000000cde00000|  0%| F|  |TAMS 0x00000000cdd00000, 0x00000000cdd00000| Untracked 
| 200|0x00000000cde00000, 0x00000000cde00000, 0x00000000cdf00000|  0%| F|  |TAMS 0x00000000cde00000, 0x00000000cde00000| Untracked 
| 201|0x00000000cdf00000, 0x00000000cdf00000, 0x00000000ce000000|  0%| F|  |TAMS 0x00000000cdf00000, 0x00000000cdf00000| Untracked 
| 202|0x00000000ce000000, 0x00000000ce000000, 0x00000000ce100000|  0%| F|  |TAMS 0x00000000ce000000, 0x00000000ce000000| Untracked 
| 203|0x00000000ce100000, 0x00000000ce100000, 0x00000000ce200000|  0%| F|  |TAMS 0x00000000ce100000, 0x00000000ce100000| Untracked 
| 204|0x00000000ce200000, 0x00000000ce200000, 0x00000000ce300000|  0%| F|  |TAMS 0x00000000ce200000, 0x00000000ce200000| Untracked 
| 205|0x00000000ce300000, 0x00000000ce300000, 0x00000000ce400000|  0%| F|  |TAMS 0x00000000ce300000, 0x00000000ce300000| Untracked 
| 206|0x00000000ce400000, 0x00000000ce400000, 0x00000000ce500000|  0%| F|  |TAMS 0x00000000ce400000, 0x00000000ce400000| Untracked 
| 207|0x00000000ce500000, 0x00000000ce53c228, 0x00000000ce600000| 23%| S|CS|TAMS 0x00000000ce500000, 0x00000000ce500000| Complete 
| 208|0x00000000ce600000, 0x00000000ce600000, 0x00000000ce700000|  0%| F|  |TAMS 0x00000000ce600000, 0x00000000ce600000| Untracked 
| 209|0x00000000ce700000, 0x00000000ce800000, 0x00000000ce800000|100%| E|  |TAMS 0x00000000ce700000, 0x00000000ce700000| Complete 

Card table byte_map: [0x000001efd50c0000,0x000001efd52c0000] _byte_map_base: 0x000001efd4ab5000

Marking Bits (Prev, Next): (CMBitMap*) 0x000001efbbab3798, (CMBitMap*) 0x000001efbbab37d8
 Prev Bits: [0x000001efd54c0000, 0x000001efd6468000)
 Next Bits: [0x000001efd6470000, 0x000001efd7418000)

Polling page: 0x000001efbbb50000

Metaspace:

Usage:
  Non-class:      9.04 MB capacity,     8.90 MB ( 99%) used,   111.28 KB (  1%) free+waste,    22.13 KB ( <1%) overhead. 
      Class:      1.38 MB capacity,     1.25 MB ( 90%) used,   121.07 KB (  9%) free+waste,    13.69 KB ( <1%) overhead. 
       Both:     10.41 MB capacity,    10.15 MB ( 97%) used,   232.35 KB (  2%) free+waste,    35.81 KB ( <1%) overhead. 

Virtual space:
  Non-class space:       10.00 MB reserved,       9.25 MB ( 93%) committed 
      Class space:        1.00 GB reserved,       1.50 MB ( <1%) committed 
             Both:        1.01 GB reserved,      10.75 MB (  1%) committed 

Chunk freelists:
   Non-Class:  28.00 KB
       Class:  28.00 KB
        Both:  56.00 KB

MaxMetaspaceSize: 17179869184.00 GB
CompressedClassSpaceSize: 1.00 GB

CodeHeap 'non-profiled nmethods': size=120000Kb used=420Kb max_used=420Kb free=119579Kb
 bounds [0x000001efcd220000, 0x000001efcd490000, 0x000001efd4750000]
CodeHeap 'profiled nmethods': size=120000Kb used=2142Kb max_used=2142Kb free=117857Kb
 bounds [0x000001efc5cf0000, 0x000001efc5f60000, 0x000001efcd220000]
CodeHeap 'non-nmethods': size=5760Kb used=1302Kb max_used=1316Kb free=4457Kb
 bounds [0x000001efc5750000, 0x000001efc59c0000, 0x000001efc5cf0000]
 total_blobs=2314 nmethods=1161 adapters=502
 compilation: enabled
              stopped_count=0, restarted_count=0
 full_count=0

Compilation events (20 events):
Event: 3.985 Thread 0x000001efd9a09000 1198       3       javax.swing.JComponent::getY (5 bytes)
Event: 3.985 Thread 0x000001efd9a09000 nmethod 1198 0x000001efc5f05110 code [0x000001efc5f052c0, 0x000001efc5f05458]
Event: 3.985 Thread 0x000001efd9a09000 1193       3       java.lang.invoke.VarHandleInts$FieldInstanceReadWrite::compareAndSet (24 bytes)
Event: 3.986 Thread 0x000001efd99fe000 nmethod 1196 0x000001efcd288110 code [0x000001efcd2882a0, 0x000001efcd288488]
Event: 3.986 Thread 0x000001efd99fe000 1199       4       sun.awt.AppContext::getAppContext (51 bytes)
Event: 3.986 Thread 0x000001efd9a09000 nmethod 1193 0x000001efc5f05510 code [0x000001efc5f05700, 0x000001efc5f05c30]
Event: 3.986 Thread 0x000001efd9a09000 1200       3       java.util.IdentityHashMap::hash (18 bytes)
Event: 3.986 Thread 0x000001efd9a09000 nmethod 1200 0x000001efc5f05e10 code [0x000001efc5f05fc0, 0x000001efc5f06150]
Event: 3.987 Thread 0x000001efd99fe000 nmethod 1199 0x000001efcd288610 code [0x000001efcd2887a0, 0x000001efcd288838]
Event: 3.988 Thread 0x000001efd9a09000 1202   !   3       java.util.WeakHashMap::expungeStaleEntries (139 bytes)
Event: 3.990 Thread 0x000001efd9a09000 nmethod 1202 0x000001efc5f06210 code [0x000001efc5f06440, 0x000001efc5f070d0]
Event: 3.990 Thread 0x000001efd9a09000 1203       3       javax.swing.event.EventListenerList::<init> (12 bytes)
Event: 3.990 Thread 0x000001efd9a09000 nmethod 1203 0x000001efc5f07590 code [0x000001efc5f07740, 0x000001efc5f07978]
Event: 3.991 Thread 0x000001efd99fe000 1204       4       java.lang.StringLatin1::indexOf (121 bytes)
Event: 3.994 Thread 0x000001efd9a09000 1205       3       javax.swing.LookAndFeel::installProperty (37 bytes)
Event: 3.994 Thread 0x000001efd9a09000 nmethod 1205 0x000001efc5f07a10 code [0x000001efc5f07c20, 0x000001efc5f082e0]
Event: 3.994 Thread 0x000001efd9a09000 1206       3       java.security.AccessController::getContext (23 bytes)
Event: 3.995 Thread 0x000001efd9a09000 nmethod 1206 0x000001efc5f08490 code [0x000001efc5f08660, 0x000001efc5f08980]
Event: 3.996 Thread 0x000001efd9a09000 1208       1       java.security.CodeSource::getLocation (5 bytes)
Event: 3.996 Thread 0x000001efd9a09000 nmethod 1208 0x000001efcd288e10 code [0x000001efcd288fa0, 0x000001efcd2890d8]

GC Heap History (14 events):
Event: 1.215 GC heap before
{Heap before GC invocations=0 (full 0):
 garbage-first heap   total 65536K, used 9216K [0x00000000c1600000, 0x0000000100000000)
  region size 1024K, 10 young (10240K), 0 survivors (0K)
 Metaspace       used 9166K, capacity 9433K, committed 9600K, reserved 1056768K
  class space    used 1150K, capacity 1281K, committed 1408K, reserved 1048576K
}
Event: 1.226 GC heap after
{Heap after GC invocations=1 (full 0):
 garbage-first heap   total 65536K, used 4362K [0x00000000c1600000, 0x0000000100000000)
  region size 1024K, 2 young (2048K), 2 survivors (2048K)
 Metaspace       used 9166K, capacity 9433K, committed 9600K, reserved 1056768K
  class space    used 1150K, capacity 1281K, committed 1408K, reserved 1048576K
}
Event: 1.608 GC heap before
{Heap before GC invocations=2 (full 0):
 garbage-first heap   total 201728K, used 124170K [0x00000000c1600000, 0x0000000100000000)
  region size 1024K, 8 young (8192K), 2 survivors (2048K)
 Metaspace       used 9167K, capacity 9433K, committed 9600K, reserved 1056768K
  class space    used 1150K, capacity 1281K, committed 1408K, reserved 1048576K
}
Event: 1.612 GC heap after
{Heap after GC invocations=3 (full 0):
 garbage-first heap   total 201728K, used 119153K [0x00000000c1600000, 0x0000000100000000)
  region size 1024K, 1 young (1024K), 1 survivors (1024K)
 Metaspace       used 9167K, capacity 9433K, committed 9600K, reserved 1056768K
  class space    used 1150K, capacity 1281K, committed 1408K, reserved 1048576K
}
Event: 1.931 GC heap before
{Heap before GC invocations=3 (full 0):
 garbage-first heap   total 201728K, used 142705K [0x00000000c1600000, 0x0000000100000000)
  region size 1024K, 25 young (25600K), 1 survivors (1024K)
 Metaspace       used 9167K, capacity 9433K, committed 9600K, reserved 1056768K
  class space    used 1150K, capacity 1281K, committed 1408K, reserved 1048576K
}
Event: 1.932 GC heap after
{Heap after GC invocations=4 (full 0):
 garbage-first heap   total 201728K, used 119120K [0x00000000c1600000, 0x0000000100000000)
  region size 1024K, 1 young (1024K), 1 survivors (1024K)
 Metaspace       used 9167K, capacity 9433K, committed 9600K, reserved 1056768K
  class space    used 1150K, capacity 1281K, committed 1408K, reserved 1048576K
}
Event: 2.707 GC heap before
{Heap before GC invocations=5 (full 0):
 garbage-first heap   total 203776K, used 168272K [0x00000000c1600000, 0x0000000100000000)
  region size 1024K, 50 young (51200K), 1 survivors (1024K)
 Metaspace       used 9167K, capacity 9433K, committed 9600K, reserved 1056768K
  class space    used 1150K, capacity 1281K, committed 1408K, reserved 1048576K
}
Event: 2.708 GC heap after
{Heap after GC invocations=6 (full 0):
 garbage-first heap   total 203776K, used 119107K [0x00000000c1600000, 0x0000000100000000)
  region size 1024K, 1 young (1024K), 1 survivors (1024K)
 Metaspace       used 9167K, capacity 9433K, committed 9600K, reserved 1056768K
  class space    used 1150K, capacity 1281K, committed 1408K, reserved 1048576K
}
Event: 3.691 GC heap before
{Heap before GC invocations=6 (full 0):
 garbage-first heap   total 203776K, used 159043K [0x00000000c1600000, 0x0000000100000000)
  region size 1024K, 41 young (41984K), 1 survivors (1024K)
 Metaspace       used 9866K, capacity 10111K, committed 10368K, reserved 1058816K
  class space    used 1208K, capacity 1313K, committed 1408K, reserved 1048576K
}
Event: 3.699 GC heap after
{Heap after GC invocations=7 (full 1):
 garbage-first heap   total 203776K, used 118899K [0x00000000c1600000, 0x0000000100000000)
  region size 1024K, 0 young (0K), 0 survivors (0K)
 Metaspace       used 9866K, capacity 10111K, committed 10368K, reserved 1058816K
  class space    used 1208K, capacity 1313K, committed 1408K, reserved 1048576K
}
Event: 3.722 GC heap before
{Heap before GC invocations=7 (full 1):
 garbage-first heap   total 203776K, used 118899K [0x00000000c1600000, 0x0000000100000000)
  region size 1024K, 2 young (2048K), 0 survivors (0K)
 Metaspace       used 9969K, capacity 10207K, committed 10368K, reserved 1058816K
  class space    used 1223K, capacity 1345K, committed 1408K, reserved 1048576K
}
Event: 3.723 GC heap after
{Heap after GC invocations=8 (full 1):
 garbage-first heap   total 203776K, used 118913K [0x00000000c1600000, 0x0000000100000000)
  region size 1024K, 1 young (1024K), 1 survivors (1024K)
 Metaspace       used 9969K, capacity 10207K, committed 10368K, reserved 1058816K
  class space    used 1223K, capacity 1345K, committed 1408K, reserved 1048576K
}
Event: 3.982 GC heap before
{Heap before GC invocations=9 (full 1):
 garbage-first heap   total 215040K, used 126081K [0x00000000c1600000, 0x0000000100000000)
  region size 1024K, 6 young (6144K), 1 survivors (1024K)
 Metaspace       used 10383K, capacity 10664K, committed 11008K, reserved 1058816K
  class space    used 1276K, capacity 1412K, committed 1536K, reserved 1048576K
}
Event: 3.984 GC heap after
{Heap after GC invocations=10 (full 1):
 garbage-first heap   total 215040K, used 123236K [0x00000000c1600000, 0x0000000100000000)
  region size 1024K, 1 young (1024K), 1 survivors (1024K)
 Metaspace       used 10383K, capacity 10664K, committed 11008K, reserved 1058816K
  class space    used 1276K, capacity 1412K, committed 1536K, reserved 1048576K
}

Deoptimization events (20 events):
Event: 3.704 Thread 0x000001efdaaf4800 Uncommon trap: trap_request=0xffffffde fr.pc=0x000001efcd26a798 relative=0x00000000000008b8
Event: 3.704 Thread 0x000001efdaaf4800 Uncommon trap: reason=class_check action=maybe_recompile pc=0x000001efcd26a798 method=java.util.zip.InflaterInputStream.read([BII)I @ 100 c2
Event: 3.704 Thread 0x000001efdaaf4800 DEOPT PACKING pc=0x000001efcd26a798 sp=0x00000045469f8610
Event: 3.704 Thread 0x000001efdaaf4800 DEOPT UNPACKING pc=0x000001efc579912f sp=0x00000045469f85f0 mode 2
Event: 3.705 Thread 0x000001efdaaf4800 Uncommon trap: trap_request=0xffffffde fr.pc=0x000001efcd26a798 relative=0x00000000000008b8
Event: 3.705 Thread 0x000001efdaaf4800 Uncommon trap: reason=class_check action=maybe_recompile pc=0x000001efcd26a798 method=java.util.zip.InflaterInputStream.read([BII)I @ 100 c2
Event: 3.705 Thread 0x000001efdaaf4800 DEOPT PACKING pc=0x000001efcd26a798 sp=0x00000045469f6a90
Event: 3.705 Thread 0x000001efdaaf4800 DEOPT UNPACKING pc=0x000001efc579912f sp=0x00000045469f6a70 mode 2
Event: 3.706 Thread 0x000001efdaaf4800 Uncommon trap: trap_request=0xffffffde fr.pc=0x000001efcd26a798 relative=0x00000000000008b8
Event: 3.706 Thread 0x000001efdaaf4800 Uncommon trap: reason=class_check action=maybe_recompile pc=0x000001efcd26a798 method=java.util.zip.InflaterInputStream.read([BII)I @ 100 c2
Event: 3.706 Thread 0x000001efdaaf4800 DEOPT PACKING pc=0x000001efcd26a798 sp=0x00000045469f6a90
Event: 3.706 Thread 0x000001efdaaf4800 DEOPT UNPACKING pc=0x000001efc579912f sp=0x00000045469f6a70 mode 2
Event: 3.967 Thread 0x000001efda97b800 Uncommon trap: trap_request=0xffffff45 fr.pc=0x000001efcd263494 relative=0x00000000000027b4
Event: 3.967 Thread 0x000001efda97b800 Uncommon trap: reason=unstable_if action=reinterpret pc=0x000001efcd263494 method=sun.awt.image.PNGImageDecoder.produceImage()V @ 867 c2
Event: 3.967 Thread 0x000001efda97b800 DEOPT PACKING pc=0x000001efcd263494 sp=0x00000045466fed10
Event: 3.967 Thread 0x000001efda97b800 DEOPT UNPACKING pc=0x000001efc579912f sp=0x00000045466fec50 mode 2
Event: 3.972 Thread 0x000001efda91a800 Uncommon trap: trap_request=0xffffff45 fr.pc=0x000001efcd263494 relative=0x00000000000027b4
Event: 3.972 Thread 0x000001efda91a800 Uncommon trap: reason=unstable_if action=reinterpret pc=0x000001efcd263494 method=sun.awt.image.PNGImageDecoder.produceImage()V @ 867 c2
Event: 3.972 Thread 0x000001efda91a800 DEOPT PACKING pc=0x000001efcd263494 sp=0x00000045464feec0
Event: 3.972 Thread 0x000001efda91a800 DEOPT UNPACKING pc=0x000001efc579912f sp=0x00000045464fee00 mode 2

Classes unloaded (0 events):
No events

Classes redefined (0 events):
No events

Internal exceptions (13 events):
Event: 0.329 Thread 0x000001efbba81800 Exception <a 'java/lang/ClassNotFoundException'{0x00000000c5305a38}: sun/awt/resources/spi/awtProvider> (0x00000000c5305a38) 
thrown [t:/workspace/open/src/hotspot/share/classfile/systemDictionary.cpp, line 232]
Event: 0.409 Thread 0x000001efbba81800 Exception <a 'java/io/FileNotFoundException'{0x00000000c535cb30}> (0x00000000c535cb30) 
thrown [t:/workspace/open/src/hotspot/share/prims/jni.cpp, line 598]
Event: 0.432 Thread 0x000001efbba81800 Exception <a 'java/io/FileNotFoundException'{0x00000000c5383110}> (0x00000000c5383110) 
thrown [t:/workspace/open/src/hotspot/share/prims/jni.cpp, line 598]
Event: 0.589 Thread 0x000001efda850000 Exception <a 'java/lang/NoSuchMethodError'{0x00000000c514d200}: 'void java.lang.invoke.DirectMethodHandle$Holder.invokeSpecial(java.lang.Object, java.lang.Object)'> (0x00000000c514d200) 
thrown [t:/workspace/open/src/hotspot/share/interpreter/linkResolver.cpp, line 767]
Event: 0.688 Thread 0x000001efda867800 Exception <a 'java/lang/NoSuchMethodError'{0x00000000c504a8f0}: 'java.lang.Object java.lang.invoke.DirectMethodHandle$Holder.invokeStatic(java.lang.Object, int, java.lang.Object, java.lang.Object, java.lang.Object, java.lang.Object)'> (0x00000000c504a8f0) 
thrown [t:/workspace/open/src/hotspot/share/interpreter/linkResolver.cpp, line 767]
Event: 0.689 Thread 0x000001efda867800 Exception <a 'java/lang/NoSuchMethodError'{0x00000000c5051250}: 'java.lang.Object java.lang.invoke.DirectMethodHandle$Holder.invokeStatic(java.lang.Object, int, java.lang.Object, java.lang.Object, java.lang.Object)'> (0x00000000c5051250) 
thrown [t:/workspace/open/src/hotspot/share/interpreter/linkResolver.cpp, line 767]
Event: 0.690 Thread 0x000001efda867800 Exception <a 'java/lang/NoSuchMethodError'{0x00000000c5054ab8}: 'java.lang.Object java.lang.invoke.DirectMethodHandle$Holder.invokeSpecial(java.lang.Object, java.lang.Object, int, java.lang.Object, java.lang.Object, java.lang.Object)'> (0x00000000c5054ab8) 
thrown [t:/workspace/open/src/hotspot/share/interpreter/linkResolver.cpp, line 767]
Event: 0.696 Thread 0x000001efda867800 Exception <a 'java/lang/NoSuchMethodError'{0x00000000c506ade0}: 'java.lang.Object java.lang.invoke.DirectMethodHandle$Holder.invokeStatic(java.lang.Object, int, java.lang.Object)'> (0x00000000c506ade0) 
thrown [t:/workspace/open/src/hotspot/share/interpreter/linkResolver.cpp, line 767]
Event: 0.741 Thread 0x000001efda867800 Exception <a 'java/lang/ClassNotFoundException'{0x00000000c4f0e378}: com/sun/swing/internal/plaf/metal/resources/spi/metalProvider> (0x00000000c4f0e378) 
thrown [t:/workspace/open/src/hotspot/share/classfile/systemDictionary.cpp, line 232]
Event: 0.743 Thread 0x000001efda867800 Exception <a 'java/lang/ClassNotFoundException'{0x00000000c4f12420}: com/sun/swing/internal/plaf/basic/resources/spi/basicProvider> (0x00000000c4f12420) 
thrown [t:/workspace/open/src/hotspot/share/classfile/systemDictionary.cpp, line 232]
Event: 0.795 Thread 0x000001efda867800 Exception <a 'java/net/UnknownHostException'{0x00000000c4f494f0}> (0x00000000c4f494f0) 
thrown [t:/workspace/open/src/hotspot/share/prims/jni.cpp, line 598]
Event: 1.120 Thread 0x000001efda867800 Exception <a 'java/lang/NoSuchMethodError'{0x00000000c4d86030}: 'void java.lang.invoke.DirectMethodHandle$Holder.invokeStaticInit(java.lang.Object)'> (0x00000000c4d86030) 
thrown [t:/workspace/open/src/hotspot/share/interpreter/linkResolver.cpp, line 767]
Event: 1.204 Thread 0x000001efda867800 Exception <a 'java/lang/NoSuchMethodError'{0x00000000c4c88a20}: 'java.lang.Object java.lang.invoke.Invokers$Holder.linkToTargetMethod(java.lang.Object, int, java.lang.Object)'> (0x00000000c4c88a20) 
thrown [t:/workspace/open/src/hotspot/share/interpreter/linkResolver.cpp, line 767]

Events (20 events):
Event: 3.979 Executing VM operation: RevokeBias done
Event: 3.979 loading class Application/Class$4
Event: 3.979 loading class Application/Class$4 done
Event: 3.979 Executing VM operation: RevokeBias
Event: 3.979 Executing VM operation: RevokeBias done
Event: 3.979 Executing VM operation: RevokeBias
Event: 3.979 Executing VM operation: RevokeBias done
Event: 3.979 Executing VM operation: RevokeBias
Event: 3.979 Executing VM operation: RevokeBias done
Event: 3.980 Executing VM operation: RevokeBias
Event: 3.980 Executing VM operation: RevokeBias done
Event: 3.980 Executing VM operation: RevokeBias
Event: 3.980 Executing VM operation: RevokeBias done
Event: 3.981 Executing VM operation: G1CollectForAllocation
Event: 3.986 Executing VM operation: G1CollectForAllocation done
Event: 3.988 loading class Application/Class$5
Event: 3.988 loading class Application/Class$5 done
Event: 3.990 loading class Application/Class$6
Event: 3.990 loading class Application/Class$6 done
Event: 3.997 Executing VM operation: RevokeBias


Dynamic libraries:
0x00007ff6c4b70000 - 0x00007ff6c4b7f000 	C:\Program Files\Java\jdk-13.0.2\bin\javaw.exe
0x00007ff81e8a0000 - 0x00007ff81ea90000 	C:\Windows\SYSTEM32\ntdll.dll
0x00007ff81d5d0000 - 0x00007ff81d682000 	C:\Windows\System32\KERNEL32.DLL
0x00007ff81bb50000 - 0x00007ff81bdf5000 	C:\Windows\System32\KERNELBASE.dll
0x00007ff81bf80000 - 0x00007ff81c07a000 	C:\Windows\System32\ucrtbase.dll
0x00007ff817e20000 - 0x00007ff817e38000 	C:\Program Files\Java\jdk-13.0.2\bin\jli.dll
0x00007ff81d140000 - 0x00007ff81d1e3000 	C:\Windows\System32\ADVAPI32.dll
0x00007ff81e6e0000 - 0x00007ff81e77e000 	C:\Windows\System32\msvcrt.dll
0x00007ff81e610000 - 0x00007ff81e6a7000 	C:\Windows\System32\sechost.dll
0x00007ff81ccd0000 - 0x00007ff81cdef000 	C:\Windows\System32\RPCRT4.dll
0x00007ff816f90000 - 0x00007ff816fa5000 	C:\Program Files\Java\jdk-13.0.2\bin\VCRUNTIME140.dll
0x00007ff81d2d0000 - 0x00007ff81d464000 	C:\Windows\System32\USER32.dll
0x00007ff81c110000 - 0x00007ff81c131000 	C:\Windows\System32\win32u.dll
0x00007ff81d220000 - 0x00007ff81d246000 	C:\Windows\System32\GDI32.dll
0x00007ff81b9b0000 - 0x00007ff81bb48000 	C:\Windows\System32\gdi32full.dll
0x00007ff81b7e0000 - 0x00007ff81b87e000 	C:\Windows\System32\msvcp_win.dll
0x00007ff80bd20000 - 0x00007ff80bd2a000 	C:\Windows\SYSTEM32\VERSION.dll
0x00007ff809e80000 - 0x00007ff80a104000 	C:\Windows\WinSxS\amd64_microsoft.windows.common-controls_6595b64144ccf1df_6.0.18362.1556_none_9e7e372fe45e41d5\COMCTL32.dll
0x00007ff81cdf0000 - 0x00007ff81d126000 	C:\Windows\System32\combase.dll
0x00007ff81c080000 - 0x00007ff81c101000 	C:\Windows\System32\bcryptPrimitives.dll
0x00007ff81e6b0000 - 0x00007ff81e6de000 	C:\Windows\System32\IMM32.DLL
0x00007ffff2d40000 - 0x00007ffff2ddb000 	C:\Program Files\Java\jdk-13.0.2\bin\msvcp140.dll
0x00007fffd83d0000 - 0x00007fffd8f2d000 	C:\Program Files\Java\jdk-13.0.2\bin\server\jvm.dll
0x00007ff81c920000 - 0x00007ff81c928000 	C:\Windows\System32\PSAPI.DLL
0x00007ff8182c0000 - 0x00007ff8182e4000 	C:\Windows\SYSTEM32\WINMM.dll
0x00007ff819770000 - 0x00007ff819779000 	C:\Windows\SYSTEM32\WSOCK32.dll
0x00007ff81dd80000 - 0x00007ff81ddef000 	C:\Windows\System32\WS2_32.dll
0x00007ff818290000 - 0x00007ff8182bd000 	C:\Windows\SYSTEM32\WINMMBASE.dll
0x00007ff81b880000 - 0x00007ff81b8ca000 	C:\Windows\System32\cfgmgr32.dll
0x00007ff81b7a0000 - 0x00007ff81b7b1000 	C:\Windows\System32\kernel.appcore.dll
0x00007ff817ee0000 - 0x00007ff817ef0000 	C:\Program Files\Java\jdk-13.0.2\bin\verify.dll
0x00007ff809c80000 - 0x00007ff809e74000 	C:\Windows\SYSTEM32\DBGHELP.DLL
0x00007ff80aee0000 - 0x00007ff80af0a000 	C:\Windows\SYSTEM32\dbgcore.DLL
0x00007ff8152f0000 - 0x00007ff815316000 	C:\Program Files\Java\jdk-13.0.2\bin\java.dll
0x00007ff812960000 - 0x00007ff812977000 	C:\Program Files\Java\jdk-13.0.2\bin\zip.dll
0x00007ff817c10000 - 0x00007ff817c1a000 	C:\Program Files\Java\jdk-13.0.2\bin\jimage.dll
0x00007ff81d690000 - 0x00007ff81dd77000 	C:\Windows\System32\SHELL32.dll
0x00007ff81e560000 - 0x00007ff81e608000 	C:\Windows\System32\shcore.dll
0x00007ff81c1a0000 - 0x00007ff81c91b000 	C:\Windows\System32\windows.storage.dll
0x00007ff81b7c0000 - 0x00007ff81b7de000 	C:\Windows\System32\profapi.dll
0x00007ff81b750000 - 0x00007ff81b79a000 	C:\Windows\System32\powrprof.dll
0x00007ff81b720000 - 0x00007ff81b730000 	C:\Windows\System32\UMPDC.dll
0x00007ff81c930000 - 0x00007ff81c982000 	C:\Windows\System32\shlwapi.dll
0x00007ff81bf60000 - 0x00007ff81bf77000 	C:\Windows\System32\cryptsp.dll
0x00007ff812940000 - 0x00007ff812959000 	C:\Program Files\Java\jdk-13.0.2\bin\net.dll
0x00007ff8113a0000 - 0x00007ff81149a000 	C:\Windows\SYSTEM32\WINHTTP.dll
0x00007ff81af60000 - 0x00007ff81afc7000 	C:\Windows\system32\mswsock.dll
0x00007ff8128c0000 - 0x00007ff8128d3000 	C:\Program Files\Java\jdk-13.0.2\bin\nio.dll
0x00007fffe82f0000 - 0x00007fffe8489000 	C:\Program Files\Java\jdk-13.0.2\bin\awt.dll
0x00007ff81cad0000 - 0x00007ff81cb95000 	C:\Windows\System32\OLEAUT32.dll
0x00007ff8197b0000 - 0x00007ff81983f000 	C:\Windows\SYSTEM32\apphelp.dll
0x00007ff819970000 - 0x00007ff819a09000 	C:\Windows\system32\uxtheme.dll
0x00007ff81c990000 - 0x00007ff81cac5000 	C:\Windows\System32\MSCTF.dll
0x00007ff81d470000 - 0x00007ff81d5c7000 	C:\Windows\System32\ole32.dll
0x00007ff819d90000 - 0x00007ff819dbd000 	C:\Windows\system32\DWMAPI.DLL
0x00007fffe9bf0000 - 0x00007fffe9d46000 	C:\Windows\system32\opengl32.dll
0x00007ff809420000 - 0x00007ff80944c000 	C:\Windows\SYSTEM32\GLU32.dll
0x00007ff81a360000 - 0x00007ff81a380000 	C:\Windows\SYSTEM32\dxcore.dll
0x00007ff81acb0000 - 0x00007ff81ad7b000 	C:\Windows\SYSTEM32\DNSAPI.dll
0x00007ff81d130000 - 0x00007ff81d138000 	C:\Windows\System32\NSI.dll
0x00007ff81ac70000 - 0x00007ff81acaa000 	C:\Windows\SYSTEM32\IPHLPAPI.DLL
0x00007ff810bd0000 - 0x00007ff810bda000 	C:\Windows\System32\rasadhlp.dll
0x00007ffff2650000 - 0x00007ffff26d2000 	C:\Program Files\Java\jdk-13.0.2\bin\freetype.dll
0x00007ffff0e40000 - 0x00007ffff0ee6000 	C:\Program Files\Java\jdk-13.0.2\bin\fontmanager.dll
0x00007ff81e780000 - 0x00007ff81e822000 	C:\Windows\System32\clbcatq.dll
0x00007ff817370000 - 0x00007ff81751f000 	C:\Windows\SYSTEM32\WindowsCodecs.dll
0x00007ff80e140000 - 0x00007ff80e17b000 	C:\Windows\system32\dataexchange.dll
0x00007ff818980000 - 0x00007ff818bdb000 	C:\Windows\system32\d3d11.dll
0x00007ff819040000 - 0x00007ff81921d000 	C:\Windows\system32\dcomp.dll
0x00007ff81a3f0000 - 0x00007ff81a4db000 	C:\Windows\system32\dxgi.dll
0x00007ff819a30000 - 0x00007ff819c8a000 	C:\Windows\system32\twinapi.appcore.dll
0x00007ff819e80000 - 0x00007ff819ea9000 	C:\Windows\system32\RMCLIENT.dll
0x00007ff80f680000 - 0x00007ff80f71b000 	C:\Windows\System32\TextInputFramework.dll
0x00007ff817840000 - 0x00007ff817b6a000 	C:\Windows\System32\CoreUIComponents.dll
0x00007ff819590000 - 0x00007ff819664000 	C:\Windows\System32\CoreMessaging.dll
0x00007ff81a760000 - 0x00007ff81a791000 	C:\Windows\SYSTEM32\ntmarta.dll
0x00007ff817590000 - 0x00007ff8176e2000 	C:\Windows\SYSTEM32\wintypes.dll

dbghelp: loaded successfully - version: 4.0.5 - missing functions: none
symbol engine: initialized successfully - sym options: 0x614 - pdb path: .;C:\Program Files\Java\jdk-13.0.2\bin;C:\Windows\SYSTEM32;C:\Windows\WinSxS\amd64_microsoft.windows.common-controls_6595b64144ccf1df_6.0.18362.1556_none_9e7e372fe45e41d5;C:\Program Files\Java\jdk-13.0.2\bin\server

VM Arguments:
jvm_args: -Dfile.encoding=Cp1252 
java_command: Application.Home
java_class_path (initial): C:\Users\User\Desktop\Programmes\Java\Workspace\DriveOperations\target\classes;C:\Users\User\Desktop\Libraries\jgoodies-common-1.8.0.jar;C:\Users\User\Desktop\Libraries\jgoodies-forms-1.8.0.jar;C:\Users\User\Desktop\Libraries\miglayout15-swing.jar;C:\Users\User\Downloads\javax.mail.jar;C:\Users\User\Downloads\activation-1.1.1.jar;C:\Users\User\Downloads\jcalendar-1.4.jar;C:\Users\User\Downloads\jfreechart-1.0.19\lib\jcommon-1.0.23.jar;C:\Users\User\Downloads\jfreechart-1.0.19\lib\jfreechart-1.0.19.jar;C:\Users\User\Downloads\commons-net-3.8.0\commons-net-3.8.0.jar;C:\Users\User\Documents\Libs\comm-2.0.jar;C:\Users\User\Documents\Libs\http-2.2.1.jar;C:\Users\User\Documents\Libs\mysql-connector-java-5.1.45.jar;C:\Users\User\Downloads\JTattoo-1.6.13.jar;C:\Users\User\Desktop\Libs\jmespath-java-1.11.470.jar;C:\Users\User\Desktop\Libs\aws-java-sdk-core-1.12.65.jar;C:\Users\User\Desktop\Libs\aws-java-sdk-kms-1.12.65.jar;C:\Users\User\Desktop\Libs\aws-java-sdk-s3-1.12.65.jar;C:\Users\User\Desktop\Libs\commons-codec-1.15.jar;C:\Users\User\Desktop\Libs\commons-logging-1.1.3.jar;C:\Users\User\Desktop\Libs\httpclient-4.5.13.jar;C:\Users\User\Desktop\Libs\ion-java-1.0.2.jar;C:\Users\User\Desktop\Libs\jackson-annotations-2.12.3.jar;C:\Users\User\Desktop\Libs\jackson-core-2.12.3.jar;C:\Users\User\Desktop\Libs\jackson-databind-2.12.3.jar;C:\Users\User\Desktop\Libs\jackson-dataformat-cbor-2.12.3.jar;C:\Users\User\Desktop\Libs\jmespath-java-1.12.65.jar;C:\Users\User\Desktop\Libs\joda-time-2.8.1.jar;C:\Users\User\.m2\repository\com\amazonaws\aws-java-sdk-s3\1.12.65\aws-java-sdk-s3-1.12.65.jar;C:\Users\User\.m2\repository\com\amazonaws\aws-java-sdk-kms\1.12.65\aws-java-sdk-kms-1.12.65.jar;C:\Users\User\.m2\repository\com\amazonaws\aws-java-sdk-core\1.12.65\aws-java-sdk-core-1.12.65.jar;C:\Users\User\.m2\repository\commons-logging\commons-logging\1.1.3\commons-logging-1.1.3.jar;C:\Users\User\.m2\repository\commons-codec\commons-codec\1.15\commons-codec-1.15
Launcher Type: SUN_STANDARD

[Global flags]
     intx CICompilerCount                          = 3                                         {product} {ergonomic}
     uint ConcGCThreads                            = 1                                         {product} {ergonomic}
     uint G1ConcRefinementThreads                  = 4                                         {product} {ergonomic}
   size_t G1HeapRegionSize                         = 1048576                                   {product} {ergonomic}
    uintx GCDrainStackTargetSize                   = 64                                        {product} {ergonomic}
   size_t InitialHeapSize                          = 67108864                                  {product} {ergonomic}
   size_t MarkStackSize                            = 4194304                                   {product} {ergonomic}
   size_t MaxHeapSize                              = 1050673152                                {product} {ergonomic}
   size_t MaxNewSize                               = 630194176                                 {product} {ergonomic}
   size_t MinHeapDeltaBytes                        = 1048576                                   {product} {ergonomic}
   size_t MinHeapSize                              = 8388608                                   {product} {ergonomic}
    uintx NonNMethodCodeHeapSize                   = 5832780                                {pd product} {ergonomic}
    uintx NonProfiledCodeHeapSize                  = 122912730                              {pd product} {ergonomic}
    uintx ProfiledCodeHeapSize                     = 122912730                              {pd product} {ergonomic}
    uintx ReservedCodeCacheSize                    = 251658240                              {pd product} {ergonomic}
     bool SegmentedCodeCache                       = true                                      {product} {ergonomic}
   size_t SoftMaxHeapSize                          = 1050673152                             {manageable} {ergonomic}
     bool UseCompressedClassPointers               = true                                 {lp64_product} {ergonomic}
     bool UseCompressedOops                        = true                                 {lp64_product} {ergonomic}
     bool UseG1GC                                  = true                                      {product} {ergonomic}
     bool UseLargePagesIndividualAllocation        = false                                  {pd product} {ergonomic}

Logging:
Log output configuration:
 #0: stdout all=warning uptime,level,tags
 #1: stderr all=off uptime,level,tags

Environment Variables:
JAVA_HOME=C:\Program Files (x86)\Java\jre1.8.0_241
PATH=C:\Program Files\Java\jdk-13.0.2\bin;C:\Program Files (x86)\Common Files\Oracle\Java\javapath;C:\Windows\system32;C:\Windows;C:\Windows\System32\Wbem;C:\Windows\System32\WindowsPowerShell\v1.0\;C:\Windows\System32\OpenSSH\;C:\Program Files (x86)\apache-maven-3.8.1\bin;C:\Program Files (x86)\gradle-7.1.1\bin;C:\Users\User\AppData\Local\Microsoft\WindowsApps;C:\Users\User\AppData\Local\Programs\Microsoft VS Code\bin;C:\Program Files (x86)\gradle-7.1.1\bin;C:\Users\User\Downloads\platform-tools;
USERNAME=User
OS=Windows_NT
PROCESSOR_IDENTIFIER=Intel64 Family 6 Model 42 Stepping 7, GenuineIntel



---------------  S Y S T E M  ---------------

OS: Windows 10 , 64 bit Build 18362 (10.0.18362.1500)

CPU:total 4 (initial active 4) (2 cores per cpu, 2 threads per core) family 6 model 42 stepping 7, cmov, cx8, fxsr, mmx, sse, sse2, sse3, ssse3, sse4.1, sse4.2, popcnt, avx, aes, clmul, ht, tsc, tscinvbit

Memory: 4k page, system-wide physical 4006M (382M free)
TotalPageFile size 16294M (AvailPageFile size 3M)
current process WorkingSet (physical memory assigned to process): 244M, peak: 244M
current process commit charge ("private bytes"): 312M, peak: 316M

vm_info: Java HotSpot(TM) 64-Bit Server VM (13.0.2+8) for windows-amd64 JRE (13.0.2+8), built on Dec 11 2019 09:20:33 by "mach5one" with unknown MS VC++:1916

END.
