#
# There is insufficient memory for the Java Runtime Environment to continue.
# Native memory allocation (malloc) failed to allocate 1494576 bytes for Chunk::new
# Possible reasons:
#   The system is out of physical RAM or swap space
#   The process is running with CompressedOops enabled, and the Java Heap may be blocking the growth of the native heap
# Possible solutions:
#   Reduce memory load on the system
#   Increase physical memory or swap space
#   Check if swap backing store is full
#   Decrease Java heap size (-Xmx/-Xms)
#   Decrease number of Java threads
#   Decrease Java thread stack sizes (-Xss)
#   Set larger code cache with -XX:ReservedCodeCacheSize=
#   JVM is running with Unscaled Compressed Oops mode in which the Java heap is
#     placed in the first 4GB address space. The Java Heap base address is the
#     maximum limit for the native heap growth. Please use -XX:HeapBaseMinAddress
#     to set the Java Heap base and to place the Java Heap above 4GB virtual address.
# This output file may be truncated or incomplete.
#
#  Out of Memory Error (t:/workspace/open/src/hotspot/share/memory/arena.cpp:196), pid=9184, tid=11336
#
# JRE version: Java(TM) SE Runtime Environment (13.0.2+8) (build 13.0.2+8)
# Java VM: Java HotSpot(TM) 64-Bit Server VM (13.0.2+8, mixed mode, sharing, tiered, compressed oops, g1 gc, windows-amd64)
# No core dump will be written. Minidumps are not enabled by default on client versions of Windows
#

---------------  S U M M A R Y ------------

Command Line: -Dfile.encoding=Cp1252 Application.Home

Host: Intel(R) Core(TM) i5-2520M CPU @ 2.50GHz, 4 cores, 3G,  Windows 10 , 64 bit Build 18362 (10.0.18362.1500)
Time: Thu Sep 23 20:17:13 2021 South Africa Standard Time elapsed time: 12 seconds (0d 0h 0m 12s)

---------------  T H R E A D  ---------------

Current thread (0x000001547fe9d000):  JavaThread "C2 CompilerThread0" daemon [_thread_in_native, id=11336, stack(0x00000032f6700000,0x00000032f6800000)]


Current CompileTask:
C2:  12565 3139       4       java.text.DecimalFormat::applyPattern (1645 bytes)

Stack: [0x00000032f6700000,0x00000032f6800000]
Native frames: (J=compiled Java code, j=interpreted, Vv=VM code, C=native code)
V  [jvm.dll+0x624f9a]
V  [jvm.dll+0x770cfa]
V  [jvm.dll+0x7724af]
V  [jvm.dll+0x772ab3]
V  [jvm.dll+0x24bf08]
V  [jvm.dll+0xc1e47]
V  [jvm.dll+0xc23cc]
V  [jvm.dll+0x35c068]
V  [jvm.dll+0x327803]
V  [jvm.dll+0x326bda]
V  [jvm.dll+0x205c27]
V  [jvm.dll+0x204e3f]
V  [jvm.dll+0x189c2c]
V  [jvm.dll+0x213e6d]
V  [jvm.dll+0x2120bb]
V  [jvm.dll+0x736bb6]
V  [jvm.dll+0x72fcaa]
V  [jvm.dll+0x623ea6]
C  [ucrtbase.dll+0x210b2]
C  [KERNEL32.DLL+0x17c24]
C  [ntdll.dll+0x6d721]


---------------  P R O C E S S  ---------------

Threads class SMR info:
_java_thread_list=0x0000015419848840, length=25, elements={
0x000001547fe78000, 0x000001547fe7f800, 0x000001547fe99800, 0x000001547fe9b000,
0x000001547fe9d000, 0x000001547fea7000, 0x000001547feaf800, 0x0000015417e13000,
0x0000015417e16000, 0x0000015418200800, 0x00000154181bc800, 0x00000154181be800,
0x00000154181c5800, 0x000001547b2a2800, 0x00000154182e1800, 0x000001541832c000,
0x0000015418694800, 0x00000154188bb000, 0x00000154188c4000, 0x0000015419599000,
0x0000015419599800, 0x000001541959a800, 0x0000015418714000, 0x0000015418715000,
0x0000015418719000
}

Java Threads: ( => current thread )
  0x000001547fe78000 JavaThread "Reference Handler" daemon [_thread_blocked, id=3296, stack(0x00000032f6300000,0x00000032f6400000)]
  0x000001547fe7f800 JavaThread "Finalizer" daemon [_thread_blocked, id=12352, stack(0x00000032f6400000,0x00000032f6500000)]
  0x000001547fe99800 JavaThread "Signal Dispatcher" daemon [_thread_blocked, id=932, stack(0x00000032f6500000,0x00000032f6600000)]
  0x000001547fe9b000 JavaThread "Attach Listener" daemon [_thread_blocked, id=15108, stack(0x00000032f6600000,0x00000032f6700000)]
=>0x000001547fe9d000 JavaThread "C2 CompilerThread0" daemon [_thread_in_native, id=11336, stack(0x00000032f6700000,0x00000032f6800000)]
  0x000001547fea7000 JavaThread "C1 CompilerThread0" daemon [_thread_blocked, id=7716, stack(0x00000032f6800000,0x00000032f6900000)]
  0x000001547feaf800 JavaThread "Sweeper thread" daemon [_thread_blocked, id=4068, stack(0x00000032f6900000,0x00000032f6a00000)]
  0x0000015417e13000 JavaThread "Service Thread" daemon [_thread_blocked, id=9484, stack(0x00000032f6a00000,0x00000032f6b00000)]
  0x0000015417e16000 JavaThread "Common-Cleaner" daemon [_thread_blocked, id=7892, stack(0x00000032f6c00000,0x00000032f6d00000)]
  0x0000015418200800 JavaThread "Java2D Disposer" daemon [_thread_blocked, id=7416, stack(0x00000032f6d00000,0x00000032f6e00000)]
  0x00000154181bc800 JavaThread "AWT-Shutdown" [_thread_blocked, id=620, stack(0x00000032f6e00000,0x00000032f6f00000)]
  0x00000154181be800 JavaThread "AWT-Windows" daemon [_thread_in_native, id=12772, stack(0x00000032f6f00000,0x00000032f7000000)]
  0x00000154181c5800 JavaThread "AWT-EventQueue-0" [_thread_in_native, id=15936, stack(0x00000032f7000000,0x00000032f7100000)]
  0x000001547b2a2800 JavaThread "DestroyJavaVM" [_thread_blocked, id=8180, stack(0x00000032f5c00000,0x00000032f5d00000)]
  0x00000154182e1800 JavaThread "TimerQueue" daemon [_thread_blocked, id=15016, stack(0x00000032f7200000,0x00000032f7300000)]
  0x000001541832c000 JavaThread "SwingWorker-pool-1-thread-1" daemon [_thread_blocked, id=10468, stack(0x00000032f7300000,0x00000032f7400000)]
  0x0000015418694800 JavaThread "SwingWorker-pool-1-thread-2" daemon [_thread_blocked, id=8888, stack(0x00000032f7b00000,0x00000032f7c00000)]
  0x00000154188bb000 JavaThread "SwingWorker-pool-1-thread-3" daemon [_thread_blocked, id=4812, stack(0x00000032f7c00000,0x00000032f7d00000)]
  0x00000154188c4000 JavaThread "SwingWorker-pool-1-thread-4" daemon [_thread_blocked, id=16304, stack(0x00000032f7d00000,0x00000032f7e00000)]
  0x0000015419599000 JavaThread "SwingWorker-pool-1-thread-5" daemon [_thread_blocked, id=14840, stack(0x00000032f7e00000,0x00000032f7f00000)]
  0x0000015419599800 JavaThread "SwingWorker-pool-1-thread-6" daemon [_thread_blocked, id=2996, stack(0x00000032f7f00000,0x00000032f8000000)]
  0x000001541959a800 JavaThread "SwingWorker-pool-1-thread-7" daemon [_thread_blocked, id=12732, stack(0x00000032f8000000,0x00000032f8100000)]
  0x0000015418714000 JavaThread "SwingWorker-pool-1-thread-8" daemon [_thread_blocked, id=14792, stack(0x00000032f8100000,0x00000032f8200000)]
  0x0000015418715000 JavaThread "SwingWorker-pool-1-thread-9" daemon [_thread_blocked, id=6336, stack(0x00000032f8200000,0x00000032f8300000)]
  0x0000015418719000 JavaThread "SwingWorker-pool-1-thread-10" daemon [_thread_blocked, id=7684, stack(0x00000032f8300000,0x00000032f8400000)]

Other Threads:
  0x000001547fe76000 VMThread "VM Thread" [stack: 0x00000032f6200000,0x00000032f6300000] [id=5848]
  0x0000015417e15000 WatcherThread [stack: 0x00000032f6b00000,0x00000032f6c00000] [id=11884]
  0x000001547b2d2800 GCTaskThread "GC Thread#0" [stack: 0x00000032f5d00000,0x00000032f5e00000] [id=1392]
  0x000001541851f000 GCTaskThread "GC Thread#1" [stack: 0x00000032f7400000,0x00000032f7500000] [id=6848]
  0x00000154183a7000 GCTaskThread "GC Thread#2" [stack: 0x00000032f7500000,0x00000032f7600000] [id=13032]
  0x000001541849f000 GCTaskThread "GC Thread#3" [stack: 0x00000032f7600000,0x00000032f7700000] [id=13712]
  0x000001547b2fa800 ConcurrentGCThread "G1 Main Marker" [stack: 0x00000032f5e00000,0x00000032f5f00000] [id=3492]
  0x000001547b2fc000 ConcurrentGCThread "G1 Conc#0" [stack: 0x00000032f5f00000,0x00000032f6000000] [id=2652]
  0x000001547b351000 ConcurrentGCThread "G1 Refine#0" [stack: 0x00000032f6000000,0x00000032f6100000] [id=12276]
  0x0000015417f36800 ConcurrentGCThread "G1 Refine#1" [stack: 0x00000032f7700000,0x00000032f7800000] [id=9436]
  0x000001547b354800 ConcurrentGCThread "G1 Young RemSet Sampling" [stack: 0x00000032f6100000,0x00000032f6200000] [id=3360]

Threads with active compile tasks:
C2 CompilerThread0    13299 3139       4       java.text.DecimalFormat::applyPattern (1645 bytes)

VM state:not at safepoint (normal execution)

VM Mutex/Monitor currently owned by a thread: None

Heap address: 0x00000000c1600000, size: 1002 MB, Compressed Oops mode: 32-bit
Narrow klass base: 0x0000000800000000, Narrow klass shift: 3
Compressed class space size: 1073741824 Address: 0x0000000800b40000

Heap:
 garbage-first heap   total 211968K, used 139648K [0x00000000c1600000, 0x0000000100000000)
  region size 1024K, 18 young (18432K), 3 survivors (3072K)
 Metaspace       used 12417K, capacity 12792K, committed 13056K, reserved 1060864K
  class space    used 1306K, capacity 1460K, committed 1536K, reserved 1048576K
Heap Regions: E=young(eden), S=young(survivor), O=old, HS=humongous(starts), HC=humongous(continues), CS=collection set, F=free, A=archive, TAMS=top-at-mark-start (previous, next)
|   0|0x00000000c1600000, 0x00000000c1700000, 0x00000000c1700000|100%| O|  |TAMS 0x00000000c1700000, 0x00000000c1600000| Untracked 
|   1|0x00000000c1700000, 0x00000000c1800000, 0x00000000c1800000|100%| O|  |TAMS 0x00000000c1800000, 0x00000000c1700000| Untracked 
|   2|0x00000000c1800000, 0x00000000c1900000, 0x00000000c1900000|100%| O|  |TAMS 0x00000000c1900000, 0x00000000c1800000| Untracked 
|   3|0x00000000c1900000, 0x00000000c1a00000, 0x00000000c1a00000|100%|HS|  |TAMS 0x00000000c1a00000, 0x00000000c1900000| Complete 
|   4|0x00000000c1a00000, 0x00000000c1b00000, 0x00000000c1b00000|100%|HC|  |TAMS 0x00000000c1b00000, 0x00000000c1a00000| Complete 
|   5|0x00000000c1b00000, 0x00000000c1c00000, 0x00000000c1c00000|100%|HC|  |TAMS 0x00000000c1c00000, 0x00000000c1b00000| Complete 
|   6|0x00000000c1c00000, 0x00000000c1d00000, 0x00000000c1d00000|100%|HC|  |TAMS 0x00000000c1d00000, 0x00000000c1c00000| Complete 
|   7|0x00000000c1d00000, 0x00000000c1e00000, 0x00000000c1e00000|100%| O|  |TAMS 0x00000000c1e00000, 0x00000000c1d00000| Untracked 
|   8|0x00000000c1e00000, 0x00000000c1e31a00, 0x00000000c1f00000| 19%| O|  |TAMS 0x00000000c1e31a00, 0x00000000c1e00000| Untracked 
|   9|0x00000000c1f00000, 0x00000000c1f00000, 0x00000000c2000000|  0%| F|  |TAMS 0x00000000c1f00000, 0x00000000c1f00000| Untracked 
|  10|0x00000000c2000000, 0x00000000c2000000, 0x00000000c2100000|  0%| F|  |TAMS 0x00000000c2000000, 0x00000000c2000000| Untracked 
|  11|0x00000000c2100000, 0x00000000c2100000, 0x00000000c2200000|  0%| F|  |TAMS 0x00000000c2100000, 0x00000000c2100000| Untracked 
|  12|0x00000000c2200000, 0x00000000c2200000, 0x00000000c2300000|  0%| F|  |TAMS 0x00000000c2200000, 0x00000000c2200000| Untracked 
|  13|0x00000000c2300000, 0x00000000c2300000, 0x00000000c2400000|  0%| F|  |TAMS 0x00000000c2300000, 0x00000000c2300000| Untracked 
|  14|0x00000000c2400000, 0x00000000c2400000, 0x00000000c2500000|  0%| F|  |TAMS 0x00000000c2400000, 0x00000000c2400000| Untracked 
|  15|0x00000000c2500000, 0x00000000c2500000, 0x00000000c2600000|  0%| F|  |TAMS 0x00000000c2500000, 0x00000000c2500000| Untracked 
|  16|0x00000000c2600000, 0x00000000c2600000, 0x00000000c2700000|  0%| F|  |TAMS 0x00000000c2600000, 0x00000000c2600000| Untracked 
|  17|0x00000000c2700000, 0x00000000c2700000, 0x00000000c2800000|  0%| F|  |TAMS 0x00000000c2700000, 0x00000000c2700000| Untracked 
|  18|0x00000000c2800000, 0x00000000c2800000, 0x00000000c2900000|  0%| F|  |TAMS 0x00000000c2800000, 0x00000000c2800000| Untracked 
|  19|0x00000000c2900000, 0x00000000c2900000, 0x00000000c2a00000|  0%| F|  |TAMS 0x00000000c2900000, 0x00000000c2900000| Untracked 
|  20|0x00000000c2a00000, 0x00000000c2a00000, 0x00000000c2b00000|  0%| F|  |TAMS 0x00000000c2a00000, 0x00000000c2a00000| Untracked 
|  21|0x00000000c2b00000, 0x00000000c2b00000, 0x00000000c2c00000|  0%| F|  |TAMS 0x00000000c2b00000, 0x00000000c2b00000| Untracked 
|  22|0x00000000c2c00000, 0x00000000c2c00000, 0x00000000c2d00000|  0%| F|  |TAMS 0x00000000c2c00000, 0x00000000c2c00000| Untracked 
|  23|0x00000000c2d00000, 0x00000000c2d00000, 0x00000000c2e00000|  0%| F|  |TAMS 0x00000000c2d00000, 0x00000000c2d00000| Untracked 
|  24|0x00000000c2e00000, 0x00000000c2e00000, 0x00000000c2f00000|  0%| F|  |TAMS 0x00000000c2e00000, 0x00000000c2e00000| Untracked 
|  25|0x00000000c2f00000, 0x00000000c2f00000, 0x00000000c3000000|  0%| F|  |TAMS 0x00000000c2f00000, 0x00000000c2f00000| Untracked 
|  26|0x00000000c3000000, 0x00000000c3000000, 0x00000000c3100000|  0%| F|  |TAMS 0x00000000c3000000, 0x00000000c3000000| Untracked 
|  27|0x00000000c3100000, 0x00000000c3100000, 0x00000000c3200000|  0%| F|  |TAMS 0x00000000c3100000, 0x00000000c3100000| Untracked 
|  28|0x00000000c3200000, 0x00000000c3200000, 0x00000000c3300000|  0%| F|  |TAMS 0x00000000c3200000, 0x00000000c3200000| Untracked 
|  29|0x00000000c3300000, 0x00000000c3300000, 0x00000000c3400000|  0%| F|  |TAMS 0x00000000c3300000, 0x00000000c3300000| Untracked 
|  30|0x00000000c3400000, 0x00000000c3400000, 0x00000000c3500000|  0%| F|  |TAMS 0x00000000c3400000, 0x00000000c3400000| Untracked 
|  31|0x00000000c3500000, 0x00000000c3500000, 0x00000000c3600000|  0%| F|  |TAMS 0x00000000c3500000, 0x00000000c3500000| Untracked 
|  32|0x00000000c3600000, 0x00000000c3600000, 0x00000000c3700000|  0%| F|  |TAMS 0x00000000c3600000, 0x00000000c3600000| Untracked 
|  33|0x00000000c3700000, 0x00000000c3700000, 0x00000000c3800000|  0%| F|  |TAMS 0x00000000c3700000, 0x00000000c3700000| Untracked 
|  34|0x00000000c3800000, 0x00000000c3800000, 0x00000000c3900000|  0%| F|  |TAMS 0x00000000c3800000, 0x00000000c3800000| Untracked 
|  35|0x00000000c3900000, 0x00000000c3900000, 0x00000000c3a00000|  0%| F|  |TAMS 0x00000000c3900000, 0x00000000c3900000| Untracked 
|  36|0x00000000c3a00000, 0x00000000c3a00000, 0x00000000c3b00000|  0%| F|  |TAMS 0x00000000c3a00000, 0x00000000c3a00000| Untracked 
|  37|0x00000000c3b00000, 0x00000000c3b00000, 0x00000000c3c00000|  0%| F|  |TAMS 0x00000000c3b00000, 0x00000000c3b00000| Untracked 
|  38|0x00000000c3c00000, 0x00000000c3c00000, 0x00000000c3d00000|  0%| F|  |TAMS 0x00000000c3c00000, 0x00000000c3c00000| Untracked 
|  39|0x00000000c3d00000, 0x00000000c3d00000, 0x00000000c3e00000|  0%| F|  |TAMS 0x00000000c3d00000, 0x00000000c3d00000| Untracked 
|  40|0x00000000c3e00000, 0x00000000c3e00000, 0x00000000c3f00000|  0%| F|  |TAMS 0x00000000c3e00000, 0x00000000c3e00000| Untracked 
|  41|0x00000000c3f00000, 0x00000000c3f00000, 0x00000000c4000000|  0%| F|  |TAMS 0x00000000c3f00000, 0x00000000c3f00000| Untracked 
|  42|0x00000000c4000000, 0x00000000c4000000, 0x00000000c4100000|  0%| F|  |TAMS 0x00000000c4000000, 0x00000000c4000000| Untracked 
|  43|0x00000000c4100000, 0x00000000c4100000, 0x00000000c4200000|  0%| F|  |TAMS 0x00000000c4100000, 0x00000000c4100000| Untracked 
|  44|0x00000000c4200000, 0x00000000c422e6e0, 0x00000000c4300000| 18%| S|CS|TAMS 0x00000000c4200000, 0x00000000c4200000| Complete 
|  45|0x00000000c4300000, 0x00000000c4400000, 0x00000000c4400000|100%| S|CS|TAMS 0x00000000c4300000, 0x00000000c4300000| Complete 
|  46|0x00000000c4400000, 0x00000000c4400000, 0x00000000c4500000|  0%| F|  |TAMS 0x00000000c4400000, 0x00000000c4400000| Untracked 
|  47|0x00000000c4500000, 0x00000000c4600000, 0x00000000c4600000|100%| S|CS|TAMS 0x00000000c4500000, 0x00000000c4500000| Complete 
|  48|0x00000000c4600000, 0x00000000c4600000, 0x00000000c4700000|  0%| F|  |TAMS 0x00000000c4600000, 0x00000000c4600000| Untracked 
|  49|0x00000000c4700000, 0x00000000c4700000, 0x00000000c4800000|  0%| F|  |TAMS 0x00000000c4700000, 0x00000000c4700000| Untracked 
|  50|0x00000000c4800000, 0x00000000c4800000, 0x00000000c4900000|  0%| F|  |TAMS 0x00000000c4800000, 0x00000000c4800000| Untracked 
|  51|0x00000000c4900000, 0x00000000c4900000, 0x00000000c4a00000|  0%| F|  |TAMS 0x00000000c4900000, 0x00000000c4900000| Untracked 
|  52|0x00000000c4a00000, 0x00000000c4a00000, 0x00000000c4b00000|  0%| F|  |TAMS 0x00000000c4a00000, 0x00000000c4a00000| Untracked 
|  53|0x00000000c4b00000, 0x00000000c4b00000, 0x00000000c4c00000|  0%| F|  |TAMS 0x00000000c4b00000, 0x00000000c4b00000| Untracked 
|  54|0x00000000c4c00000, 0x00000000c4d00000, 0x00000000c4d00000|100%|HS|  |TAMS 0x00000000c4d00000, 0x00000000c4c00000| Complete 
|  55|0x00000000c4d00000, 0x00000000c4e00000, 0x00000000c4e00000|100%|HC|  |TAMS 0x00000000c4e00000, 0x00000000c4d00000| Complete 
|  56|0x00000000c4e00000, 0x00000000c4f00000, 0x00000000c4f00000|100%|HC|  |TAMS 0x00000000c4f00000, 0x00000000c4e00000| Complete 
|  57|0x00000000c4f00000, 0x00000000c5000000, 0x00000000c5000000|100%|HC|  |TAMS 0x00000000c5000000, 0x00000000c4f00000| Complete 
|  58|0x00000000c5000000, 0x00000000c5100000, 0x00000000c5100000|100%|HC|  |TAMS 0x00000000c5100000, 0x00000000c5000000| Complete 
|  59|0x00000000c5100000, 0x00000000c5200000, 0x00000000c5200000|100%|HC|  |TAMS 0x00000000c5200000, 0x00000000c5100000| Complete 
|  60|0x00000000c5200000, 0x00000000c5300000, 0x00000000c5300000|100%|HC|  |TAMS 0x00000000c5300000, 0x00000000c5200000| Complete 
|  61|0x00000000c5300000, 0x00000000c5400000, 0x00000000c5400000|100%|HC|  |TAMS 0x00000000c5400000, 0x00000000c5300000| Complete 
|  62|0x00000000c5400000, 0x00000000c5500000, 0x00000000c5500000|100%|HC|  |TAMS 0x00000000c5500000, 0x00000000c5400000| Complete 
|  63|0x00000000c5500000, 0x00000000c5600000, 0x00000000c5600000|100%|HC|  |TAMS 0x00000000c5600000, 0x00000000c5500000| Complete 
|  64|0x00000000c5600000, 0x00000000c5700000, 0x00000000c5700000|100%|HC|  |TAMS 0x00000000c5700000, 0x00000000c5600000| Complete 
|  65|0x00000000c5700000, 0x00000000c5800000, 0x00000000c5800000|100%|HC|  |TAMS 0x00000000c5800000, 0x00000000c5700000| Complete 
|  66|0x00000000c5800000, 0x00000000c5900000, 0x00000000c5900000|100%|HC|  |TAMS 0x00000000c5900000, 0x00000000c5800000| Complete 
|  67|0x00000000c5900000, 0x00000000c5a00000, 0x00000000c5a00000|100%|HC|  |TAMS 0x00000000c5a00000, 0x00000000c5900000| Complete 
|  68|0x00000000c5a00000, 0x00000000c5b00000, 0x00000000c5b00000|100%|HC|  |TAMS 0x00000000c5b00000, 0x00000000c5a00000| Complete 
|  69|0x00000000c5b00000, 0x00000000c5c00000, 0x00000000c5c00000|100%|HC|  |TAMS 0x00000000c5c00000, 0x00000000c5b00000| Complete 
|  70|0x00000000c5c00000, 0x00000000c5d00000, 0x00000000c5d00000|100%|HC|  |TAMS 0x00000000c5d00000, 0x00000000c5c00000| Complete 
|  71|0x00000000c5d00000, 0x00000000c5e00000, 0x00000000c5e00000|100%|HC|  |TAMS 0x00000000c5e00000, 0x00000000c5d00000| Complete 
|  72|0x00000000c5e00000, 0x00000000c5f00000, 0x00000000c5f00000|100%|HC|  |TAMS 0x00000000c5f00000, 0x00000000c5e00000| Complete 
|  73|0x00000000c5f00000, 0x00000000c6000000, 0x00000000c6000000|100%|HC|  |TAMS 0x00000000c6000000, 0x00000000c5f00000| Complete 
|  74|0x00000000c6000000, 0x00000000c6100000, 0x00000000c6100000|100%|HC|  |TAMS 0x00000000c6100000, 0x00000000c6000000| Complete 
|  75|0x00000000c6100000, 0x00000000c6200000, 0x00000000c6200000|100%|HC|  |TAMS 0x00000000c6200000, 0x00000000c6100000| Complete 
|  76|0x00000000c6200000, 0x00000000c6300000, 0x00000000c6300000|100%|HC|  |TAMS 0x00000000c6300000, 0x00000000c6200000| Complete 
|  77|0x00000000c6300000, 0x00000000c6400000, 0x00000000c6400000|100%|HC|  |TAMS 0x00000000c6400000, 0x00000000c6300000| Complete 
|  78|0x00000000c6400000, 0x00000000c6500000, 0x00000000c6500000|100%|HC|  |TAMS 0x00000000c6500000, 0x00000000c6400000| Complete 
|  79|0x00000000c6500000, 0x00000000c6600000, 0x00000000c6600000|100%|HC|  |TAMS 0x00000000c6600000, 0x00000000c6500000| Complete 
|  80|0x00000000c6600000, 0x00000000c6700000, 0x00000000c6700000|100%|HC|  |TAMS 0x00000000c6700000, 0x00000000c6600000| Complete 
|  81|0x00000000c6700000, 0x00000000c6800000, 0x00000000c6800000|100%|HC|  |TAMS 0x00000000c6800000, 0x00000000c6700000| Complete 
|  82|0x00000000c6800000, 0x00000000c6900000, 0x00000000c6900000|100%|HC|  |TAMS 0x00000000c6900000, 0x00000000c6800000| Complete 
|  83|0x00000000c6900000, 0x00000000c6a00000, 0x00000000c6a00000|100%|HC|  |TAMS 0x00000000c6a00000, 0x00000000c6900000| Complete 
|  84|0x00000000c6a00000, 0x00000000c6b00000, 0x00000000c6b00000|100%|HC|  |TAMS 0x00000000c6b00000, 0x00000000c6a00000| Complete 
|  85|0x00000000c6b00000, 0x00000000c6c00000, 0x00000000c6c00000|100%|HC|  |TAMS 0x00000000c6c00000, 0x00000000c6b00000| Complete 
|  86|0x00000000c6c00000, 0x00000000c6d00000, 0x00000000c6d00000|100%|HC|  |TAMS 0x00000000c6d00000, 0x00000000c6c00000| Complete 
|  87|0x00000000c6d00000, 0x00000000c6e00000, 0x00000000c6e00000|100%|HC|  |TAMS 0x00000000c6e00000, 0x00000000c6d00000| Complete 
|  88|0x00000000c6e00000, 0x00000000c6f00000, 0x00000000c6f00000|100%|HC|  |TAMS 0x00000000c6f00000, 0x00000000c6e00000| Complete 
|  89|0x00000000c6f00000, 0x00000000c7000000, 0x00000000c7000000|100%|HC|  |TAMS 0x00000000c7000000, 0x00000000c6f00000| Complete 
|  90|0x00000000c7000000, 0x00000000c7100000, 0x00000000c7100000|100%|HC|  |TAMS 0x00000000c7100000, 0x00000000c7000000| Complete 
|  91|0x00000000c7100000, 0x00000000c7200000, 0x00000000c7200000|100%|HC|  |TAMS 0x00000000c7200000, 0x00000000c7100000| Complete 
|  92|0x00000000c7200000, 0x00000000c7300000, 0x00000000c7300000|100%|HC|  |TAMS 0x00000000c7300000, 0x00000000c7200000| Complete 
|  93|0x00000000c7300000, 0x00000000c7400000, 0x00000000c7400000|100%|HC|  |TAMS 0x00000000c7400000, 0x00000000c7300000| Complete 
|  94|0x00000000c7400000, 0x00000000c7500000, 0x00000000c7500000|100%|HC|  |TAMS 0x00000000c7500000, 0x00000000c7400000| Complete 
|  95|0x00000000c7500000, 0x00000000c7600000, 0x00000000c7600000|100%|HC|  |TAMS 0x00000000c7600000, 0x00000000c7500000| Complete 
|  96|0x00000000c7600000, 0x00000000c7700000, 0x00000000c7700000|100%|HC|  |TAMS 0x00000000c7700000, 0x00000000c7600000| Complete 
|  97|0x00000000c7700000, 0x00000000c7800000, 0x00000000c7800000|100%|HC|  |TAMS 0x00000000c7800000, 0x00000000c7700000| Complete 
|  98|0x00000000c7800000, 0x00000000c7900000, 0x00000000c7900000|100%|HC|  |TAMS 0x00000000c7900000, 0x00000000c7800000| Complete 
|  99|0x00000000c7900000, 0x00000000c7a00000, 0x00000000c7a00000|100%|HC|  |TAMS 0x00000000c7a00000, 0x00000000c7900000| Complete 
| 100|0x00000000c7a00000, 0x00000000c7b00000, 0x00000000c7b00000|100%|HC|  |TAMS 0x00000000c7b00000, 0x00000000c7a00000| Complete 
| 101|0x00000000c7b00000, 0x00000000c7c00000, 0x00000000c7c00000|100%|HC|  |TAMS 0x00000000c7c00000, 0x00000000c7b00000| Complete 
| 102|0x00000000c7c00000, 0x00000000c7d00000, 0x00000000c7d00000|100%|HC|  |TAMS 0x00000000c7d00000, 0x00000000c7c00000| Complete 
| 103|0x00000000c7d00000, 0x00000000c7e00000, 0x00000000c7e00000|100%|HC|  |TAMS 0x00000000c7e00000, 0x00000000c7d00000| Complete 
| 104|0x00000000c7e00000, 0x00000000c7f00000, 0x00000000c7f00000|100%|HC|  |TAMS 0x00000000c7f00000, 0x00000000c7e00000| Complete 
| 105|0x00000000c7f00000, 0x00000000c8000000, 0x00000000c8000000|100%|HC|  |TAMS 0x00000000c8000000, 0x00000000c7f00000| Complete 
| 106|0x00000000c8000000, 0x00000000c8100000, 0x00000000c8100000|100%|HC|  |TAMS 0x00000000c8100000, 0x00000000c8000000| Complete 
| 107|0x00000000c8100000, 0x00000000c8200000, 0x00000000c8200000|100%|HC|  |TAMS 0x00000000c8200000, 0x00000000c8100000| Complete 
| 108|0x00000000c8200000, 0x00000000c8300000, 0x00000000c8300000|100%|HC|  |TAMS 0x00000000c8300000, 0x00000000c8200000| Complete 
| 109|0x00000000c8300000, 0x00000000c8400000, 0x00000000c8400000|100%|HC|  |TAMS 0x00000000c8400000, 0x00000000c8300000| Complete 
| 110|0x00000000c8400000, 0x00000000c8500000, 0x00000000c8500000|100%|HC|  |TAMS 0x00000000c8500000, 0x00000000c8400000| Complete 
| 111|0x00000000c8500000, 0x00000000c8600000, 0x00000000c8600000|100%|HC|  |TAMS 0x00000000c8600000, 0x00000000c8500000| Complete 
| 112|0x00000000c8600000, 0x00000000c8700000, 0x00000000c8700000|100%|HC|  |TAMS 0x00000000c8700000, 0x00000000c8600000| Complete 
| 113|0x00000000c8700000, 0x00000000c8800000, 0x00000000c8800000|100%|HC|  |TAMS 0x00000000c8800000, 0x00000000c8700000| Complete 
| 114|0x00000000c8800000, 0x00000000c8900000, 0x00000000c8900000|100%|HC|  |TAMS 0x00000000c8900000, 0x00000000c8800000| Complete 
| 115|0x00000000c8900000, 0x00000000c8a00000, 0x00000000c8a00000|100%|HC|  |TAMS 0x00000000c8a00000, 0x00000000c8900000| Complete 
| 116|0x00000000c8a00000, 0x00000000c8b00000, 0x00000000c8b00000|100%|HC|  |TAMS 0x00000000c8b00000, 0x00000000c8a00000| Complete 
| 117|0x00000000c8b00000, 0x00000000c8c00000, 0x00000000c8c00000|100%|HC|  |TAMS 0x00000000c8c00000, 0x00000000c8b00000| Complete 
| 118|0x00000000c8c00000, 0x00000000c8d00000, 0x00000000c8d00000|100%|HC|  |TAMS 0x00000000c8d00000, 0x00000000c8c00000| Complete 
| 119|0x00000000c8d00000, 0x00000000c8e00000, 0x00000000c8e00000|100%|HC|  |TAMS 0x00000000c8e00000, 0x00000000c8d00000| Complete 
| 120|0x00000000c8e00000, 0x00000000c8f00000, 0x00000000c8f00000|100%|HC|  |TAMS 0x00000000c8f00000, 0x00000000c8e00000| Complete 
| 121|0x00000000c8f00000, 0x00000000c9000000, 0x00000000c9000000|100%|HC|  |TAMS 0x00000000c9000000, 0x00000000c8f00000| Complete 
| 122|0x00000000c9000000, 0x00000000c9100000, 0x00000000c9100000|100%|HC|  |TAMS 0x00000000c9100000, 0x00000000c9000000| Complete 
| 123|0x00000000c9100000, 0x00000000c9200000, 0x00000000c9200000|100%|HC|  |TAMS 0x00000000c9200000, 0x00000000c9100000| Complete 
| 124|0x00000000c9200000, 0x00000000c9300000, 0x00000000c9300000|100%|HC|  |TAMS 0x00000000c9300000, 0x00000000c9200000| Complete 
| 125|0x00000000c9300000, 0x00000000c9400000, 0x00000000c9400000|100%|HC|  |TAMS 0x00000000c9400000, 0x00000000c9300000| Complete 
| 126|0x00000000c9400000, 0x00000000c9500000, 0x00000000c9500000|100%|HC|  |TAMS 0x00000000c9500000, 0x00000000c9400000| Complete 
| 127|0x00000000c9500000, 0x00000000c9600000, 0x00000000c9600000|100%|HC|  |TAMS 0x00000000c9600000, 0x00000000c9500000| Complete 
| 128|0x00000000c9600000, 0x00000000c9700000, 0x00000000c9700000|100%|HC|  |TAMS 0x00000000c9700000, 0x00000000c9600000| Complete 
| 129|0x00000000c9700000, 0x00000000c9800000, 0x00000000c9800000|100%|HC|  |TAMS 0x00000000c9800000, 0x00000000c9700000| Complete 
| 130|0x00000000c9800000, 0x00000000c9900000, 0x00000000c9900000|100%|HC|  |TAMS 0x00000000c9900000, 0x00000000c9800000| Complete 
| 131|0x00000000c9900000, 0x00000000c9a00000, 0x00000000c9a00000|100%|HC|  |TAMS 0x00000000c9a00000, 0x00000000c9900000| Complete 
| 132|0x00000000c9a00000, 0x00000000c9b00000, 0x00000000c9b00000|100%|HC|  |TAMS 0x00000000c9b00000, 0x00000000c9a00000| Complete 
| 133|0x00000000c9b00000, 0x00000000c9c00000, 0x00000000c9c00000|100%|HC|  |TAMS 0x00000000c9c00000, 0x00000000c9b00000| Complete 
| 134|0x00000000c9c00000, 0x00000000c9d00000, 0x00000000c9d00000|100%|HC|  |TAMS 0x00000000c9d00000, 0x00000000c9c00000| Complete 
| 135|0x00000000c9d00000, 0x00000000c9e00000, 0x00000000c9e00000|100%|HC|  |TAMS 0x00000000c9e00000, 0x00000000c9d00000| Complete 
| 136|0x00000000c9e00000, 0x00000000c9f00000, 0x00000000c9f00000|100%|HC|  |TAMS 0x00000000c9f00000, 0x00000000c9e00000| Complete 
| 137|0x00000000c9f00000, 0x00000000ca000000, 0x00000000ca000000|100%|HC|  |TAMS 0x00000000ca000000, 0x00000000c9f00000| Complete 
| 138|0x00000000ca000000, 0x00000000ca100000, 0x00000000ca100000|100%|HC|  |TAMS 0x00000000ca100000, 0x00000000ca000000| Complete 
| 139|0x00000000ca100000, 0x00000000ca200000, 0x00000000ca200000|100%|HC|  |TAMS 0x00000000ca200000, 0x00000000ca100000| Complete 
| 140|0x00000000ca200000, 0x00000000ca300000, 0x00000000ca300000|100%|HC|  |TAMS 0x00000000ca300000, 0x00000000ca200000| Complete 
| 141|0x00000000ca300000, 0x00000000ca400000, 0x00000000ca400000|100%|HC|  |TAMS 0x00000000ca400000, 0x00000000ca300000| Complete 
| 142|0x00000000ca400000, 0x00000000ca500000, 0x00000000ca500000|100%|HC|  |TAMS 0x00000000ca500000, 0x00000000ca400000| Complete 
| 143|0x00000000ca500000, 0x00000000ca600000, 0x00000000ca600000|100%|HC|  |TAMS 0x00000000ca600000, 0x00000000ca500000| Complete 
| 144|0x00000000ca600000, 0x00000000ca700000, 0x00000000ca700000|100%|HC|  |TAMS 0x00000000ca700000, 0x00000000ca600000| Complete 
| 145|0x00000000ca700000, 0x00000000ca800000, 0x00000000ca800000|100%|HC|  |TAMS 0x00000000ca800000, 0x00000000ca700000| Complete 
| 146|0x00000000ca800000, 0x00000000ca900000, 0x00000000ca900000|100%|HC|  |TAMS 0x00000000ca900000, 0x00000000ca800000| Complete 
| 147|0x00000000ca900000, 0x00000000caa00000, 0x00000000caa00000|100%|HC|  |TAMS 0x00000000caa00000, 0x00000000ca900000| Complete 
| 148|0x00000000caa00000, 0x00000000cab00000, 0x00000000cab00000|100%|HC|  |TAMS 0x00000000cab00000, 0x00000000caa00000| Complete 
| 149|0x00000000cab00000, 0x00000000cac00000, 0x00000000cac00000|100%|HC|  |TAMS 0x00000000cac00000, 0x00000000cab00000| Complete 
| 150|0x00000000cac00000, 0x00000000cad00000, 0x00000000cad00000|100%|HC|  |TAMS 0x00000000cad00000, 0x00000000cac00000| Complete 
| 151|0x00000000cad00000, 0x00000000cae00000, 0x00000000cae00000|100%|HC|  |TAMS 0x00000000cae00000, 0x00000000cad00000| Complete 
| 152|0x00000000cae00000, 0x00000000caf00000, 0x00000000caf00000|100%|HC|  |TAMS 0x00000000caf00000, 0x00000000cae00000| Complete 
| 153|0x00000000caf00000, 0x00000000cb000000, 0x00000000cb000000|100%|HC|  |TAMS 0x00000000cb000000, 0x00000000caf00000| Complete 
| 154|0x00000000cb000000, 0x00000000cb100000, 0x00000000cb100000|100%|HC|  |TAMS 0x00000000cb100000, 0x00000000cb000000| Complete 
| 155|0x00000000cb100000, 0x00000000cb200000, 0x00000000cb200000|100%|HC|  |TAMS 0x00000000cb200000, 0x00000000cb100000| Complete 
| 156|0x00000000cb200000, 0x00000000cb300000, 0x00000000cb300000|100%|HC|  |TAMS 0x00000000cb300000, 0x00000000cb200000| Complete 
| 157|0x00000000cb300000, 0x00000000cb400000, 0x00000000cb400000|100%|HC|  |TAMS 0x00000000cb400000, 0x00000000cb300000| Complete 
| 158|0x00000000cb400000, 0x00000000cb500000, 0x00000000cb500000|100%|HC|  |TAMS 0x00000000cb500000, 0x00000000cb400000| Complete 
| 159|0x00000000cb500000, 0x00000000cb600000, 0x00000000cb600000|100%|HC|  |TAMS 0x00000000cb600000, 0x00000000cb500000| Complete 
| 160|0x00000000cb600000, 0x00000000cb700000, 0x00000000cb700000|100%|HC|  |TAMS 0x00000000cb700000, 0x00000000cb600000| Complete 
| 161|0x00000000cb700000, 0x00000000cb800000, 0x00000000cb800000|100%|HC|  |TAMS 0x00000000cb800000, 0x00000000cb700000| Complete 
| 162|0x00000000cb800000, 0x00000000cb900000, 0x00000000cb900000|100%|HC|  |TAMS 0x00000000cb900000, 0x00000000cb800000| Complete 
| 163|0x00000000cb900000, 0x00000000cba00000, 0x00000000cba00000|100%|HC|  |TAMS 0x00000000cba00000, 0x00000000cb900000| Complete 
| 164|0x00000000cba00000, 0x00000000cbb00000, 0x00000000cbb00000|100%|HC|  |TAMS 0x00000000cbb00000, 0x00000000cba00000| Complete 
| 165|0x00000000cbb00000, 0x00000000cbc00000, 0x00000000cbc00000|100%|HC|  |TAMS 0x00000000cbc00000, 0x00000000cbb00000| Complete 
| 166|0x00000000cbc00000, 0x00000000cbc00000, 0x00000000cbd00000|  0%| F|  |TAMS 0x00000000cbc00000, 0x00000000cbc00000| Untracked 
| 167|0x00000000cbd00000, 0x00000000cbd00000, 0x00000000cbe00000|  0%| F|  |TAMS 0x00000000cbd00000, 0x00000000cbd00000| Untracked 
| 168|0x00000000cbe00000, 0x00000000cbe00000, 0x00000000cbf00000|  0%| F|  |TAMS 0x00000000cbe00000, 0x00000000cbe00000| Untracked 
| 169|0x00000000cbf00000, 0x00000000cbf00000, 0x00000000cc000000|  0%| F|  |TAMS 0x00000000cbf00000, 0x00000000cbf00000| Untracked 
| 170|0x00000000cc000000, 0x00000000cc000000, 0x00000000cc100000|  0%| F|  |TAMS 0x00000000cc000000, 0x00000000cc000000| Untracked 
| 171|0x00000000cc100000, 0x00000000cc100000, 0x00000000cc200000|  0%| F|  |TAMS 0x00000000cc100000, 0x00000000cc100000| Untracked 
| 172|0x00000000cc200000, 0x00000000cc200000, 0x00000000cc300000|  0%| F|  |TAMS 0x00000000cc200000, 0x00000000cc200000| Untracked 
| 173|0x00000000cc300000, 0x00000000cc300000, 0x00000000cc400000|  0%| F|  |TAMS 0x00000000cc300000, 0x00000000cc300000| Untracked 
| 174|0x00000000cc400000, 0x00000000cc400000, 0x00000000cc500000|  0%| F|  |TAMS 0x00000000cc400000, 0x00000000cc400000| Untracked 
| 175|0x00000000cc500000, 0x00000000cc500000, 0x00000000cc600000|  0%| F|  |TAMS 0x00000000cc500000, 0x00000000cc500000| Untracked 
| 176|0x00000000cc600000, 0x00000000cc600000, 0x00000000cc700000|  0%| F|  |TAMS 0x00000000cc600000, 0x00000000cc600000| Untracked 
| 177|0x00000000cc700000, 0x00000000cc700000, 0x00000000cc800000|  0%| F|  |TAMS 0x00000000cc700000, 0x00000000cc700000| Untracked 
| 178|0x00000000cc800000, 0x00000000cc800000, 0x00000000cc900000|  0%| F|  |TAMS 0x00000000cc800000, 0x00000000cc800000| Untracked 
| 179|0x00000000cc900000, 0x00000000cc900000, 0x00000000cca00000|  0%| F|  |TAMS 0x00000000cc900000, 0x00000000cc900000| Untracked 
| 180|0x00000000cca00000, 0x00000000cca00000, 0x00000000ccb00000|  0%| F|  |TAMS 0x00000000cca00000, 0x00000000cca00000| Untracked 
| 181|0x00000000ccb00000, 0x00000000ccb00000, 0x00000000ccc00000|  0%| F|  |TAMS 0x00000000ccb00000, 0x00000000ccb00000| Untracked 
| 182|0x00000000ccc00000, 0x00000000ccc00000, 0x00000000ccd00000|  0%| F|  |TAMS 0x00000000ccc00000, 0x00000000ccc00000| Untracked 
| 183|0x00000000ccd00000, 0x00000000ccd00000, 0x00000000cce00000|  0%| F|  |TAMS 0x00000000ccd00000, 0x00000000ccd00000| Untracked 
| 184|0x00000000cce00000, 0x00000000cce00000, 0x00000000ccf00000|  0%| F|  |TAMS 0x00000000cce00000, 0x00000000cce00000| Untracked 
| 185|0x00000000ccf00000, 0x00000000ccf00000, 0x00000000cd000000|  0%| F|  |TAMS 0x00000000ccf00000, 0x00000000ccf00000| Untracked 
| 186|0x00000000cd000000, 0x00000000cd000000, 0x00000000cd100000|  0%| F|  |TAMS 0x00000000cd000000, 0x00000000cd000000| Untracked 
| 187|0x00000000cd100000, 0x00000000cd100000, 0x00000000cd200000|  0%| F|  |TAMS 0x00000000cd100000, 0x00000000cd100000| Untracked 
| 188|0x00000000cd200000, 0x00000000cd200000, 0x00000000cd300000|  0%| F|  |TAMS 0x00000000cd200000, 0x00000000cd200000| Untracked 
| 189|0x00000000cd300000, 0x00000000cd300000, 0x00000000cd400000|  0%| F|  |TAMS 0x00000000cd300000, 0x00000000cd300000| Untracked 
| 190|0x00000000cd400000, 0x00000000cd400000, 0x00000000cd500000|  0%| F|  |TAMS 0x00000000cd400000, 0x00000000cd400000| Untracked 
| 191|0x00000000cd500000, 0x00000000cd500000, 0x00000000cd600000|  0%| F|  |TAMS 0x00000000cd500000, 0x00000000cd500000| Untracked 
| 192|0x00000000cd600000, 0x00000000cd6845f0, 0x00000000cd700000| 51%| E|  |TAMS 0x00000000cd600000, 0x00000000cd600000| Complete 
| 193|0x00000000cd700000, 0x00000000cd800000, 0x00000000cd800000|100%| E|CS|TAMS 0x00000000cd700000, 0x00000000cd700000| Complete 
| 194|0x00000000cd800000, 0x00000000cd900000, 0x00000000cd900000|100%| E|CS|TAMS 0x00000000cd800000, 0x00000000cd800000| Complete 
| 195|0x00000000cd900000, 0x00000000cda00000, 0x00000000cda00000|100%| E|CS|TAMS 0x00000000cd900000, 0x00000000cd900000| Complete 
| 196|0x00000000cda00000, 0x00000000cdb00000, 0x00000000cdb00000|100%| E|CS|TAMS 0x00000000cda00000, 0x00000000cda00000| Complete 
| 197|0x00000000cdb00000, 0x00000000cdc00000, 0x00000000cdc00000|100%| E|CS|TAMS 0x00000000cdb00000, 0x00000000cdb00000| Complete 
| 198|0x00000000cdc00000, 0x00000000cdd00000, 0x00000000cdd00000|100%| E|CS|TAMS 0x00000000cdc00000, 0x00000000cdc00000| Complete 
| 199|0x00000000cdd00000, 0x00000000cde00000, 0x00000000cde00000|100%| E|CS|TAMS 0x00000000cdd00000, 0x00000000cdd00000| Complete 
| 200|0x00000000cde00000, 0x00000000cdf00000, 0x00000000cdf00000|100%| E|CS|TAMS 0x00000000cde00000, 0x00000000cde00000| Complete 
| 201|0x00000000cdf00000, 0x00000000ce000000, 0x00000000ce000000|100%| E|CS|TAMS 0x00000000cdf00000, 0x00000000cdf00000| Complete 
| 202|0x00000000ce000000, 0x00000000ce100000, 0x00000000ce100000|100%| E|CS|TAMS 0x00000000ce000000, 0x00000000ce000000| Complete 
| 203|0x00000000ce100000, 0x00000000ce200000, 0x00000000ce200000|100%| E|CS|TAMS 0x00000000ce100000, 0x00000000ce100000| Complete 
| 204|0x00000000ce200000, 0x00000000ce300000, 0x00000000ce300000|100%| E|CS|TAMS 0x00000000ce200000, 0x00000000ce200000| Complete 
| 205|0x00000000ce300000, 0x00000000ce400000, 0x00000000ce400000|100%| E|CS|TAMS 0x00000000ce300000, 0x00000000ce300000| Complete 
| 206|0x00000000ce400000, 0x00000000ce500000, 0x00000000ce500000|100%| E|CS|TAMS 0x00000000ce400000, 0x00000000ce400000| Complete 

Card table byte_map: [0x000001547b570000,0x000001547b770000] _byte_map_base: 0x000001547af65000

Marking Bits (Prev, Next): (CMBitMap*) 0x000001547b2d3918, (CMBitMap*) 0x000001547b2d38d8
 Prev Bits: [0x000001547c920000, 0x000001547d8c8000)
 Next Bits: [0x000001547b970000, 0x000001547c918000)

Polling page: 0x0000015479260000

Metaspace:

Usage:
  Non-class:     11.07 MB capacity,    10.85 MB ( 98%) used,   194.65 KB (  2%) free+waste,    26.13 KB ( <1%) overhead. 
      Class:      1.43 MB capacity,     1.28 MB ( 89%) used,   138.87 KB ( 10%) free+waste,    14.69 KB (  1%) overhead. 
       Both:     12.49 MB capacity,    12.13 MB ( 97%) used,   333.52 KB (  3%) free+waste,    40.81 KB ( <1%) overhead. 

Virtual space:
  Non-class space:       12.00 MB reserved,      11.25 MB ( 94%) committed 
      Class space:        1.00 GB reserved,       1.50 MB ( <1%) committed 
             Both:        1.01 GB reserved,      12.75 MB (  1%) committed 

Chunk freelists:
   Non-Class:  60.00 KB
       Class:  12.00 KB
        Both:  72.00 KB

MaxMetaspaceSize: 17179869184.00 GB
CompressedClassSpaceSize: 1.00 GB

CodeHeap 'non-profiled nmethods': size=120000Kb used=1643Kb max_used=1643Kb free=118356Kb
 bounds [0x000001540ff00000, 0x0000015410170000, 0x0000015417430000]
CodeHeap 'profiled nmethods': size=120000Kb used=7191Kb max_used=7191Kb free=112808Kb
 bounds [0x00000154089d0000, 0x00000154090e0000, 0x000001540ff00000]
CodeHeap 'non-nmethods': size=5760Kb used=1330Kb max_used=1376Kb free=4429Kb
 bounds [0x0000015408430000, 0x00000154086a0000, 0x00000154089d0000]
 total_blobs=5032 nmethods=3107 adapters=538
 compilation: enabled
              stopped_count=0, restarted_count=0
 full_count=0

Compilation events (20 events):
Event: 11.682 Thread 0x000001547fea7000 nmethod 3127 0x00000154090a6290 code [0x00000154090a64e0, 0x00000154090a72c0]
Event: 11.682 Thread 0x000001547fea7000 3128       3       java.util.GregorianCalendar::equals (36 bytes)
Event: 11.685 Thread 0x000001547fea7000 nmethod 3128 0x00000154090a7590 code [0x00000154090a7760, 0x00000154090a7c30]
Event: 11.687 Thread 0x000001547fe9d000 3132       4       sun.java2d.pipe.DrawImage::scaleImage (84 bytes)
Event: 11.690 Thread 0x000001547fe9d000 nmethod 3132 0x0000015410096e90 code [0x0000015410097020, 0x00000154100971a8]
Event: 11.690 Thread 0x000001547fe9d000 3134       4       javax.swing.text.PlainView::updateMetrics (121 bytes)
Event: 11.696 Thread 0x000001547fe9d000 nmethod 3134 0x0000015410097310 code [0x00000154100974c0, 0x0000015410097708]
Event: 11.696 Thread 0x000001547fe9d000 3133       4       sun.java2d.pipe.DrawImage::scaleImage (488 bytes)
Event: 11.701 Thread 0x000001547fe9d000 nmethod 3133 0x0000015410097a10 code [0x0000015410097bc0, 0x0000015410098048]
Event: 11.707 Thread 0x000001547fe9d000 3135       4       java.lang.String::equalsIgnoreCase (45 bytes)
Event: 11.726 Thread 0x000001547fe9d000 nmethod 3135 0x0000015410098590 code [0x0000015410098760, 0x0000015410098e78]
Event: 11.832 Thread 0x000001547fe9d000 3136       4       java.awt.Container::insets (42 bytes)
Event: 11.837 Thread 0x000001547fe9d000 nmethod 3136 0x0000015410099410 code [0x00000154100995c0, 0x00000154100998b8]
Event: 11.868 Thread 0x000001547fe9d000 3137       4       java.lang.AbstractStringBuilder::appendChars (130 bytes)
Event: 11.873 Thread 0x000001547fe9d000 nmethod 3137 0x0000015410099a90 code [0x0000015410099c20, 0x0000015410099e18]
Event: 11.975 Thread 0x000001547fe9d000 3138       4       java.util.concurrent.locks.AbstractQueuedSynchronizer$ConditionObject::signal (33 bytes)
Event: 11.991 Thread 0x000001547fe9d000 nmethod 3138 0x0000015410099f90 code [0x000001541009a140, 0x000001541009a888]
Event: 12.010 Thread 0x000001547fe9d000 3139       4       java.text.DecimalFormat::applyPattern (1645 bytes)
Event: 12.211 Thread 0x000001547fea7000 3142       3       javax.swing.LookAndFeel::installBorder (25 bytes)
Event: 12.212 Thread 0x000001547fea7000 nmethod 3142 0x00000154090a7d10 code [0x00000154090a7f40, 0x00000154090a8880]

GC Heap History (20 events):
Event: 1.382 GC heap before
{Heap before GC invocations=5 (full 0):
 garbage-first heap   total 204800K, used 160129K [0x00000000c1600000, 0x0000000100000000)
  region size 1024K, 43 young (44032K), 3 survivors (3072K)
 Metaspace       used 9114K, capacity 9361K, committed 9600K, reserved 1056768K
  class space    used 1136K, capacity 1281K, committed 1408K, reserved 1048576K
}
Event: 1.384 GC heap after
{Heap after GC invocations=6 (full 0):
 garbage-first heap   total 204800K, used 119145K [0x00000000c1600000, 0x0000000100000000)
  region size 1024K, 2 young (2048K), 2 survivors (2048K)
 Metaspace       used 9114K, capacity 9361K, committed 9600K, reserved 1056768K
  class space    used 1136K, capacity 1281K, committed 1408K, reserved 1048576K
}
Event: 1.647 GC heap before
{Heap before GC invocations=6 (full 0):
 garbage-first heap   total 204800K, used 125289K [0x00000000c1600000, 0x0000000100000000)
  region size 1024K, 9 young (9216K), 2 survivors (2048K)
 Metaspace       used 9960K, capacity 10199K, committed 10368K, reserved 1058816K
  class space    used 1223K, capacity 1345K, committed 1408K, reserved 1048576K
}
Event: 1.652 GC heap after
{Heap after GC invocations=7 (full 0):
 garbage-first heap   total 204800K, used 119497K [0x00000000c1600000, 0x0000000100000000)
  region size 1024K, 3 young (3072K), 3 survivors (3072K)
 Metaspace       used 9960K, capacity 10199K, committed 10368K, reserved 1058816K
  class space    used 1223K, capacity 1345K, committed 1408K, reserved 1048576K
}
Event: 3.214 GC heap before
{Heap before GC invocations=8 (full 0):
 garbage-first heap   total 209920K, used 154313K [0x00000000c1600000, 0x0000000100000000)
  region size 1024K, 34 young (34816K), 3 survivors (3072K)
 Metaspace       used 11520K, capacity 11888K, committed 12032K, reserved 1060864K
  class space    used 1304K, capacity 1460K, committed 1536K, reserved 1048576K
}
Event: 3.219 GC heap after
{Heap after GC invocations=9 (full 0):
 garbage-first heap   total 209920K, used 124843K [0x00000000c1600000, 0x0000000100000000)
  region size 1024K, 4 young (4096K), 4 survivors (4096K)
 Metaspace       used 11520K, capacity 11888K, committed 12032K, reserved 1060864K
  class space    used 1304K, capacity 1460K, committed 1536K, reserved 1048576K
}
Event: 4.281 GC heap before
{Heap before GC invocations=9 (full 0):
 garbage-first heap   total 209920K, used 159659K [0x00000000c1600000, 0x0000000100000000)
  region size 1024K, 39 young (39936K), 4 survivors (4096K)
 Metaspace       used 11896K, capacity 12274K, committed 12544K, reserved 1060864K
  class space    used 1305K, capacity 1460K, committed 1536K, reserved 1048576K
}
Event: 4.288 GC heap after
{Heap after GC invocations=10 (full 0):
 garbage-first heap   total 209920K, used 124976K [0x00000000c1600000, 0x0000000100000000)
  region size 1024K, 2 young (2048K), 2 survivors (2048K)
 Metaspace       used 11896K, capacity 12274K, committed 12544K, reserved 1060864K
  class space    used 1305K, capacity 1460K, committed 1536K, reserved 1048576K
}
Event: 5.399 GC heap before
{Heap before GC invocations=11 (full 0):
 garbage-first heap   total 211968K, used 162864K [0x00000000c1600000, 0x0000000100000000)
  region size 1024K, 39 young (39936K), 2 survivors (2048K)
 Metaspace       used 12027K, capacity 12403K, committed 12544K, reserved 1060864K
  class space    used 1306K, capacity 1460K, committed 1536K, reserved 1048576K
}
Event: 5.403 GC heap after
{Heap after GC invocations=12 (full 0):
 garbage-first heap   total 211968K, used 124992K [0x00000000c1600000, 0x0000000100000000)
  region size 1024K, 2 young (2048K), 2 survivors (2048K)
 Metaspace       used 12027K, capacity 12403K, committed 12544K, reserved 1060864K
  class space    used 1306K, capacity 1460K, committed 1536K, reserved 1048576K
}
Event: 6.676 GC heap before
{Heap before GC invocations=12 (full 0):
 garbage-first heap   total 211968K, used 165952K [0x00000000c1600000, 0x0000000100000000)
  region size 1024K, 42 young (43008K), 2 survivors (2048K)
 Metaspace       used 12219K, capacity 12595K, committed 12800K, reserved 1060864K
  class space    used 1306K, capacity 1460K, committed 1536K, reserved 1048576K
}
Event: 6.680 GC heap after
{Heap after GC invocations=13 (full 0):
 garbage-first heap   total 211968K, used 124873K [0x00000000c1600000, 0x0000000100000000)
  region size 1024K, 2 young (2048K), 2 survivors (2048K)
 Metaspace       used 12219K, capacity 12595K, committed 12800K, reserved 1060864K
  class space    used 1306K, capacity 1460K, committed 1536K, reserved 1048576K
}
Event: 7.907 GC heap before
{Heap before GC invocations=14 (full 0):
 garbage-first heap   total 211968K, used 167881K [0x00000000c1600000, 0x0000000100000000)
  region size 1024K, 44 young (45056K), 2 survivors (2048K)
 Metaspace       used 12295K, capacity 12659K, committed 12800K, reserved 1060864K
  class space    used 1306K, capacity 1460K, committed 1536K, reserved 1048576K
}
Event: 7.911 GC heap after
{Heap after GC invocations=15 (full 0):
 garbage-first heap   total 211968K, used 125105K [0x00000000c1600000, 0x0000000100000000)
  region size 1024K, 2 young (2048K), 2 survivors (2048K)
 Metaspace       used 12295K, capacity 12659K, committed 12800K, reserved 1060864K
  class space    used 1306K, capacity 1460K, committed 1536K, reserved 1048576K
}
Event: 9.166 GC heap before
{Heap before GC invocations=15 (full 0):
 garbage-first heap   total 211968K, used 169137K [0x00000000c1600000, 0x0000000100000000)
  region size 1024K, 45 young (46080K), 2 survivors (2048K)
 Metaspace       used 12315K, capacity 12660K, committed 12800K, reserved 1060864K
  class space    used 1306K, capacity 1460K, committed 1536K, reserved 1048576K
}
Event: 9.170 GC heap after
{Heap after GC invocations=16 (full 0):
 garbage-first heap   total 211968K, used 125074K [0x00000000c1600000, 0x0000000100000000)
  region size 1024K, 2 young (2048K), 2 survivors (2048K)
 Metaspace       used 12315K, capacity 12660K, committed 12800K, reserved 1060864K
  class space    used 1306K, capacity 1460K, committed 1536K, reserved 1048576K
}
Event: 10.391 GC heap before
{Heap before GC invocations=17 (full 0):
 garbage-first heap   total 211968K, used 170130K [0x00000000c1600000, 0x0000000100000000)
  region size 1024K, 46 young (47104K), 2 survivors (2048K)
 Metaspace       used 12360K, capacity 12726K, committed 13056K, reserved 1060864K
  class space    used 1306K, capacity 1460K, committed 1536K, reserved 1048576K
}
Event: 10.394 GC heap after
{Heap after GC invocations=18 (full 0):
 garbage-first heap   total 211968K, used 125104K [0x00000000c1600000, 0x0000000100000000)
  region size 1024K, 2 young (2048K), 2 survivors (2048K)
 Metaspace       used 12360K, capacity 12726K, committed 13056K, reserved 1060864K
  class space    used 1306K, capacity 1460K, committed 1536K, reserved 1048576K
}
Event: 11.634 GC heap before
{Heap before GC invocations=18 (full 0):
 garbage-first heap   total 211968K, used 171184K [0x00000000c1600000, 0x0000000100000000)
  region size 1024K, 47 young (48128K), 2 survivors (2048K)
 Metaspace       used 12377K, capacity 12727K, committed 13056K, reserved 1060864K
  class space    used 1306K, capacity 1460K, committed 1536K, reserved 1048576K
}
Event: 11.639 GC heap after
{Heap after GC invocations=19 (full 0):
 garbage-first heap   total 211968K, used 125126K [0x00000000c1600000, 0x0000000100000000)
  region size 1024K, 2 young (2048K), 2 survivors (2048K)
 Metaspace       used 12377K, capacity 12727K, committed 13056K, reserved 1060864K
  class space    used 1306K, capacity 1460K, committed 1536K, reserved 1048576K
}

Deoptimization events (20 events):
Event: 2.402 Thread 0x000001541832c000 DEOPT PACKING pc=0x000001540ff2eaa4 sp=0x00000032f73fe9c0
Event: 2.402 Thread 0x000001541832c000 DEOPT UNPACKING pc=0x000001540847912f sp=0x00000032f73fe940 mode 2
Event: 2.406 Thread 0x000001541832c000 Uncommon trap: trap_request=0xffffff45 fr.pc=0x000001540ff06a54 relative=0x0000000000000034
Event: 2.406 Thread 0x000001541832c000 Uncommon trap: reason=unstable_if action=reinterpret pc=0x000001540ff06a54 method=java.lang.StringLatin1.canEncode(I)Z @ 4 c2
Event: 2.406 Thread 0x000001541832c000 DEOPT PACKING pc=0x000001540ff06a54 sp=0x00000032f73fe940
Event: 2.406 Thread 0x000001541832c000 DEOPT UNPACKING pc=0x000001540847912f sp=0x00000032f73fe8d0 mode 2
Event: 2.483 Thread 0x000001541832c000 DEOPT PACKING pc=0x0000015408c10567 sp=0x00000032f73fe360
Event: 2.483 Thread 0x000001541832c000 DEOPT UNPACKING pc=0x000001540847964e sp=0x00000032f73fd8c0 mode 0
Event: 3.456 Thread 0x000001541832c000 DEOPT PACKING pc=0x0000015408c5435b sp=0x00000032f73feae0
Event: 3.456 Thread 0x000001541832c000 DEOPT UNPACKING pc=0x000001540847964e sp=0x00000032f73fe020 mode 0
Event: 3.462 Thread 0x000001541832c000 Uncommon trap: trap_request=0xffffffcc fr.pc=0x000001540ffd6a8c relative=0x000000000000212c
Event: 3.463 Thread 0x000001541832c000 Uncommon trap: reason=intrinsic_or_type_checked_inlining action=make_not_entrant pc=0x000001540ffd6a8c method=java.util.ArrayList$SubList.toArray([Ljava/lang/Object;)[Ljava/lang/Object; @ 58 c2
Event: 3.463 Thread 0x000001541832c000 DEOPT PACKING pc=0x000001540ffd6a8c sp=0x00000032f73fe930
Event: 3.463 Thread 0x000001541832c000 DEOPT UNPACKING pc=0x000001540847912f sp=0x00000032f73fe880 mode 2
Event: 5.127 Thread 0x00000154181c5800 DEOPT PACKING pc=0x0000015408d407cf sp=0x00000032f70fea60
Event: 5.127 Thread 0x00000154181c5800 DEOPT UNPACKING pc=0x000001540847964e sp=0x00000032f70fdef8 mode 0
Event: 7.002 Thread 0x00000154181c5800 Uncommon trap: trap_request=0xffffffcc fr.pc=0x000001541004a09c relative=0x000000000000035c
Event: 7.002 Thread 0x00000154181c5800 Uncommon trap: reason=intrinsic_or_type_checked_inlining action=make_not_entrant pc=0x000001541004a09c method=java.util.Arrays.copyOf([Ljava/lang/Object;ILjava/lang/Class;)[Ljava/lang/Object; @ 35 c2
Event: 7.002 Thread 0x00000154181c5800 DEOPT PACKING pc=0x000001541004a09c sp=0x00000032f70fe6f0
Event: 7.002 Thread 0x00000154181c5800 DEOPT UNPACKING pc=0x000001540847912f sp=0x00000032f70fe680 mode 2

Classes unloaded (0 events):
No events

Classes redefined (0 events):
No events

Internal exceptions (15 events):
Event: 0.150 Thread 0x000001547b2a2800 Exception <a 'java/lang/ClassNotFoundException'{0x00000000c5305a00}: sun/awt/resources/spi/awtProvider> (0x00000000c5305a00) 
thrown [t:/workspace/open/src/hotspot/share/classfile/systemDictionary.cpp, line 232]
Event: 0.183 Thread 0x000001547b2a2800 Exception <a 'java/io/FileNotFoundException'{0x00000000c535cb98}> (0x00000000c535cb98) 
thrown [t:/workspace/open/src/hotspot/share/prims/jni.cpp, line 598]
Event: 0.194 Thread 0x000001547b2a2800 Exception <a 'java/io/FileNotFoundException'{0x00000000c5383178}> (0x00000000c5383178) 
thrown [t:/workspace/open/src/hotspot/share/prims/jni.cpp, line 598]
Event: 0.281 Thread 0x00000154181be800 Exception <a 'java/lang/NoSuchMethodError'{0x00000000c514d1f0}: 'void java.lang.invoke.DirectMethodHandle$Holder.invokeSpecial(java.lang.Object, java.lang.Object)'> (0x00000000c514d1f0) 
thrown [t:/workspace/open/src/hotspot/share/interpreter/linkResolver.cpp, line 767]
Event: 0.355 Thread 0x00000154181c5800 Exception <a 'java/lang/NoSuchMethodError'{0x00000000c504a928}: 'java.lang.Object java.lang.invoke.DirectMethodHandle$Holder.invokeStatic(java.lang.Object, int, java.lang.Object, java.lang.Object, java.lang.Object, java.lang.Object)'> (0x00000000c504a928) 
thrown [t:/workspace/open/src/hotspot/share/interpreter/linkResolver.cpp, line 767]
Event: 0.356 Thread 0x00000154181c5800 Exception <a 'java/lang/NoSuchMethodError'{0x00000000c5051288}: 'java.lang.Object java.lang.invoke.DirectMethodHandle$Holder.invokeStatic(java.lang.Object, int, java.lang.Object, java.lang.Object, java.lang.Object)'> (0x00000000c5051288) 
thrown [t:/workspace/open/src/hotspot/share/interpreter/linkResolver.cpp, line 767]
Event: 0.356 Thread 0x00000154181c5800 Exception <a 'java/lang/NoSuchMethodError'{0x00000000c5054af0}: 'java.lang.Object java.lang.invoke.DirectMethodHandle$Holder.invokeSpecial(java.lang.Object, java.lang.Object, int, java.lang.Object, java.lang.Object, java.lang.Object)'> (0x00000000c5054af0) 
thrown [t:/workspace/open/src/hotspot/share/interpreter/linkResolver.cpp, line 767]
Event: 0.362 Thread 0x00000154181c5800 Exception <a 'java/lang/NoSuchMethodError'{0x00000000c506ae18}: 'java.lang.Object java.lang.invoke.DirectMethodHandle$Holder.invokeStatic(java.lang.Object, int, java.lang.Object)'> (0x00000000c506ae18) 
thrown [t:/workspace/open/src/hotspot/share/interpreter/linkResolver.cpp, line 767]
Event: 0.388 Thread 0x00000154181c5800 Exception <a 'java/lang/ClassNotFoundException'{0x00000000c4f0e560}: com/sun/swing/internal/plaf/metal/resources/spi/metalProvider> (0x00000000c4f0e560) 
thrown [t:/workspace/open/src/hotspot/share/classfile/systemDictionary.cpp, line 232]
Event: 0.390 Thread 0x00000154181c5800 Exception <a 'java/lang/ClassNotFoundException'{0x00000000c4f12608}: com/sun/swing/internal/plaf/basic/resources/spi/basicProvider> (0x00000000c4f12608) 
thrown [t:/workspace/open/src/hotspot/share/classfile/systemDictionary.cpp, line 232]
Event: 0.425 Thread 0x00000154181c5800 Exception <a 'java/net/UnknownHostException'{0x00000000c4f496f0}> (0x00000000c4f496f0) 
thrown [t:/workspace/open/src/hotspot/share/prims/jni.cpp, line 598]
Event: 0.605 Thread 0x00000154181c5800 Exception <a 'java/lang/NoSuchMethodError'{0x00000000c4d34e98}: 'void java.lang.invoke.DirectMethodHandle$Holder.invokeStaticInit(java.lang.Object)'> (0x00000000c4d34e98) 
thrown [t:/workspace/open/src/hotspot/share/interpreter/linkResolver.cpp, line 767]
Event: 0.636 Thread 0x00000154181c5800 Exception <a 'java/lang/NoSuchMethodError'{0x00000000c4dd2700}: 'java.lang.Object java.lang.invoke.Invokers$Holder.linkToTargetMethod(java.lang.Object, int, java.lang.Object)'> (0x00000000c4dd2700) 
thrown [t:/workspace/open/src/hotspot/share/interpreter/linkResolver.cpp, line 767]
Event: 2.412 Thread 0x000001541832c000 Exception <a 'java/lang/NoSuchMethodError'{0x00000000cd388f88}: 'int java.lang.invoke.DirectMethodHandle$Holder.invokeSpecialIFC(java.lang.Object, java.lang.Object, int)'> (0x00000000cd388f88) 
thrown [t:/workspace/open/src/hotspot/share/interpreter/linkResolver.cpp, line 767]
Event: 10.430 Thread 0x00000154188bb000 Exception <a 'java/net/UnknownHostException'{0x00000000ce4d6ef0}> (0x00000000ce4d6ef0) 
thrown [t:/workspace/open/src/hotspot/share/prims/jni.cpp, line 598]

Events (20 events):
Event: 9.166 Executing VM operation: G1CollectForAllocation
Event: 9.166 Executing VM operation: G1CollectForAllocation done
Event: 9.166 Executing VM operation: G1CollectForAllocation
Event: 9.170 Executing VM operation: G1CollectForAllocation done
Event: 9.181 Executing VM operation: G1Concurrent
Event: 9.183 Executing VM operation: G1Concurrent done
Event: 9.187 Executing VM operation: G1Concurrent
Event: 9.187 Executing VM operation: G1Concurrent done
Event: 10.391 Executing VM operation: G1CollectForAllocation
Event: 10.394 Executing VM operation: G1CollectForAllocation done
Event: 10.430 Executing VM operation: RevokeBias
Event: 10.430 Executing VM operation: RevokeBias done
Event: 11.634 Executing VM operation: G1CollectForAllocation
Event: 11.634 Executing VM operation: G1CollectForAllocation done
Event: 11.634 Executing VM operation: G1CollectForAllocation
Event: 11.639 Executing VM operation: G1CollectForAllocation done
Event: 11.652 Executing VM operation: G1Concurrent
Event: 11.654 Executing VM operation: G1Concurrent done
Event: 11.658 Executing VM operation: G1Concurrent
Event: 11.661 Executing VM operation: G1Concurrent done


Dynamic libraries:
0x00007ff6c4b70000 - 0x00007ff6c4b7f000 	C:\Program Files\Java\jdk-13.0.2\bin\javaw.exe
0x00007ff81e8a0000 - 0x00007ff81ea90000 	C:\Windows\SYSTEM32\ntdll.dll
0x00007ff81d5d0000 - 0x00007ff81d682000 	C:\Windows\System32\KERNEL32.DLL
0x00007ff81bb50000 - 0x00007ff81bdf5000 	C:\Windows\System32\KERNELBASE.dll
0x00007ff81bf80000 - 0x00007ff81c07a000 	C:\Windows\System32\ucrtbase.dll
0x00007fffff510000 - 0x00007fffff528000 	C:\Program Files\Java\jdk-13.0.2\bin\jli.dll
0x00007ff802ba0000 - 0x00007ff802bb5000 	C:\Program Files\Java\jdk-13.0.2\bin\VCRUNTIME140.dll
0x00007ff81d140000 - 0x00007ff81d1e3000 	C:\Windows\System32\ADVAPI32.dll
0x00007ff81e6e0000 - 0x00007ff81e77e000 	C:\Windows\System32\msvcrt.dll
0x00007ff81e610000 - 0x00007ff81e6a7000 	C:\Windows\System32\sechost.dll
0x00007ff81ccd0000 - 0x00007ff81cdef000 	C:\Windows\System32\RPCRT4.dll
0x00007ff81d2d0000 - 0x00007ff81d464000 	C:\Windows\System32\USER32.dll
0x00007ff81c110000 - 0x00007ff81c131000 	C:\Windows\System32\win32u.dll
0x00007ff809e80000 - 0x00007ff80a104000 	C:\Windows\WinSxS\amd64_microsoft.windows.common-controls_6595b64144ccf1df_6.0.18362.1556_none_9e7e372fe45e41d5\COMCTL32.dll
0x00007ff81d220000 - 0x00007ff81d246000 	C:\Windows\System32\GDI32.dll
0x00007ff81cdf0000 - 0x00007ff81d126000 	C:\Windows\System32\combase.dll
0x00007ff81b9b0000 - 0x00007ff81bb48000 	C:\Windows\System32\gdi32full.dll
0x00007ff81b7e0000 - 0x00007ff81b87e000 	C:\Windows\System32\msvcp_win.dll
0x00007ff81c080000 - 0x00007ff81c101000 	C:\Windows\System32\bcryptPrimitives.dll
0x00007ff80bd20000 - 0x00007ff80bd2a000 	C:\Windows\SYSTEM32\VERSION.dll
0x00007ff81e6b0000 - 0x00007ff81e6de000 	C:\Windows\System32\IMM32.DLL
0x00007ffff2bf0000 - 0x00007ffff2c8b000 	C:\Program Files\Java\jdk-13.0.2\bin\msvcp140.dll
0x00007fffd5a50000 - 0x00007fffd65ad000 	C:\Program Files\Java\jdk-13.0.2\bin\server\jvm.dll
0x00007ff81c920000 - 0x00007ff81c928000 	C:\Windows\System32\PSAPI.DLL
0x00007ff814a20000 - 0x00007ff814a29000 	C:\Windows\SYSTEM32\WSOCK32.dll
0x00007ff8182c0000 - 0x00007ff8182e4000 	C:\Windows\SYSTEM32\WINMM.dll
0x00007ff81dd80000 - 0x00007ff81ddef000 	C:\Windows\System32\WS2_32.dll
0x00007ff818290000 - 0x00007ff8182bd000 	C:\Windows\SYSTEM32\WINMMBASE.dll
0x00007ff81b880000 - 0x00007ff81b8ca000 	C:\Windows\System32\cfgmgr32.dll
0x00007ff81b7a0000 - 0x00007ff81b7b1000 	C:\Windows\System32\kernel.appcore.dll
0x00007ff814930000 - 0x00007ff814940000 	C:\Program Files\Java\jdk-13.0.2\bin\verify.dll
0x00007ff809c80000 - 0x00007ff809e74000 	C:\Windows\SYSTEM32\DBGHELP.DLL
0x00007ff80aee0000 - 0x00007ff80af0a000 	C:\Windows\SYSTEM32\dbgcore.DLL
0x00007ffff8750000 - 0x00007ffff8776000 	C:\Program Files\Java\jdk-13.0.2\bin\java.dll
0x00007ffff83b0000 - 0x00007ffff83c7000 	C:\Program Files\Java\jdk-13.0.2\bin\zip.dll
0x00007ff812970000 - 0x00007ff81297a000 	C:\Program Files\Java\jdk-13.0.2\bin\jimage.dll
0x00007ff81d690000 - 0x00007ff81dd77000 	C:\Windows\System32\SHELL32.dll
0x00007ff81e560000 - 0x00007ff81e608000 	C:\Windows\System32\shcore.dll
0x00007ff81c1a0000 - 0x00007ff81c91b000 	C:\Windows\System32\windows.storage.dll
0x00007ff81b7c0000 - 0x00007ff81b7de000 	C:\Windows\System32\profapi.dll
0x00007ff81b750000 - 0x00007ff81b79a000 	C:\Windows\System32\powrprof.dll
0x00007ff81b720000 - 0x00007ff81b730000 	C:\Windows\System32\UMPDC.dll
0x00007ff81c930000 - 0x00007ff81c982000 	C:\Windows\System32\shlwapi.dll
0x00007ff81bf60000 - 0x00007ff81bf77000 	C:\Windows\System32\cryptsp.dll
0x00007ffff7680000 - 0x00007ffff7699000 	C:\Program Files\Java\jdk-13.0.2\bin\net.dll
0x00007ff8113a0000 - 0x00007ff81149a000 	C:\Windows\SYSTEM32\WINHTTP.dll
0x00007ff81af60000 - 0x00007ff81afc7000 	C:\Windows\system32\mswsock.dll
0x00007ffff7250000 - 0x00007ffff7263000 	C:\Program Files\Java\jdk-13.0.2\bin\nio.dll
0x00007fffe0f00000 - 0x00007fffe1099000 	C:\Program Files\Java\jdk-13.0.2\bin\awt.dll
0x00007ff81cad0000 - 0x00007ff81cb95000 	C:\Windows\System32\OLEAUT32.dll
0x00007ff8197b0000 - 0x00007ff81983f000 	C:\Windows\SYSTEM32\apphelp.dll
0x00007ff819970000 - 0x00007ff819a09000 	C:\Windows\system32\uxtheme.dll
0x00007ff81c990000 - 0x00007ff81cac5000 	C:\Windows\System32\MSCTF.dll
0x00007ff81d470000 - 0x00007ff81d5c7000 	C:\Windows\System32\ole32.dll
0x00007ff819d90000 - 0x00007ff819dbd000 	C:\Windows\system32\DWMAPI.DLL
0x00007fffe3180000 - 0x00007fffe32d6000 	C:\Windows\system32\opengl32.dll
0x00007ffff2e80000 - 0x00007ffff2eac000 	C:\Windows\SYSTEM32\GLU32.dll
0x00007ff81a360000 - 0x00007ff81a380000 	C:\Windows\SYSTEM32\dxcore.dll
0x00007ff81acb0000 - 0x00007ff81ad7b000 	C:\Windows\SYSTEM32\DNSAPI.dll
0x00007ff81d130000 - 0x00007ff81d138000 	C:\Windows\System32\NSI.dll
0x00007ff81ac70000 - 0x00007ff81acaa000 	C:\Windows\SYSTEM32\IPHLPAPI.DLL
0x00007ff810bd0000 - 0x00007ff810bda000 	C:\Windows\System32\rasadhlp.dll
0x00007fffe9db0000 - 0x00007fffe9e32000 	C:\Program Files\Java\jdk-13.0.2\bin\freetype.dll
0x00007fffe0e50000 - 0x00007fffe0ef6000 	C:\Program Files\Java\jdk-13.0.2\bin\fontmanager.dll
0x00007ff81e780000 - 0x00007ff81e822000 	C:\Windows\System32\clbcatq.dll
0x00007ff817370000 - 0x00007ff81751f000 	C:\Windows\SYSTEM32\WindowsCodecs.dll
0x00007ff80e140000 - 0x00007ff80e17b000 	C:\Windows\system32\dataexchange.dll
0x00007ff819040000 - 0x00007ff81921d000 	C:\Windows\system32\dcomp.dll
0x00007ff818980000 - 0x00007ff818bdb000 	C:\Windows\system32\d3d11.dll
0x00007ff81a3f0000 - 0x00007ff81a4db000 	C:\Windows\system32\dxgi.dll
0x00007ff819a30000 - 0x00007ff819c8a000 	C:\Windows\system32\twinapi.appcore.dll
0x00007ff819e80000 - 0x00007ff819ea9000 	C:\Windows\system32\RMCLIENT.dll
0x00007ff80f680000 - 0x00007ff80f71b000 	C:\Windows\System32\TextInputFramework.dll
0x00007ff817840000 - 0x00007ff817b6a000 	C:\Windows\System32\CoreUIComponents.dll
0x00007ff819590000 - 0x00007ff819664000 	C:\Windows\System32\CoreMessaging.dll
0x00007ff81a760000 - 0x00007ff81a791000 	C:\Windows\SYSTEM32\ntmarta.dll
0x00007ff817590000 - 0x00007ff8176e2000 	C:\Windows\SYSTEM32\wintypes.dll
0x00007ff80e180000 - 0x00007ff80e427000 	C:\Windows\System32\iertutil.dll

dbghelp: loaded successfully - version: 4.0.5 - missing functions: none
symbol engine: initialized successfully - sym options: 0x614 - pdb path: .;C:\Program Files\Java\jdk-13.0.2\bin;C:\Windows\SYSTEM32;C:\Windows\WinSxS\amd64_microsoft.windows.common-controls_6595b64144ccf1df_6.0.18362.1556_none_9e7e372fe45e41d5;C:\Program Files\Java\jdk-13.0.2\bin\server

VM Arguments:
jvm_args: -Dfile.encoding=Cp1252 
java_command: Application.Home
java_class_path (initial): C:\Users\User\Desktop\Programmes\Java\Workspace\DriveOperations\target\classes;C:\Users\User\Desktop\Libraries\jgoodies-common-1.8.0.jar;C:\Users\User\Desktop\Libraries\jgoodies-forms-1.8.0.jar;C:\Users\User\Desktop\Libraries\miglayout15-swing.jar;C:\Users\User\Downloads\javax.mail.jar;C:\Users\User\Downloads\activation-1.1.1.jar;C:\Users\User\Downloads\jcalendar-1.4.jar;C:\Users\User\Downloads\jfreechart-1.0.19\lib\jcommon-1.0.23.jar;C:\Users\User\Downloads\jfreechart-1.0.19\lib\jfreechart-1.0.19.jar;C:\Users\User\Downloads\commons-net-3.8.0\commons-net-3.8.0.jar;C:\Users\User\Documents\Libs\comm-2.0.jar;C:\Users\User\Documents\Libs\http-2.2.1.jar;C:\Users\User\Documents\Libs\mysql-connector-java-5.1.45.jar;C:\Users\User\Downloads\JTattoo-1.6.13.jar;C:\Users\User\Desktop\Libs\jmespath-java-1.11.470.jar;C:\Users\User\Desktop\Libs\aws-java-sdk-core-1.12.65.jar;C:\Users\User\Desktop\Libs\aws-java-sdk-kms-1.12.65.jar;C:\Users\User\Desktop\Libs\aws-java-sdk-s3-1.12.65.jar;C:\Users\User\Desktop\Libs\commons-codec-1.15.jar;C:\Users\User\Desktop\Libs\commons-logging-1.1.3.jar;C:\Users\User\Desktop\Libs\httpclient-4.5.13.jar;C:\Users\User\Desktop\Libs\ion-java-1.0.2.jar;C:\Users\User\Desktop\Libs\jackson-annotations-2.12.3.jar;C:\Users\User\Desktop\Libs\jackson-core-2.12.3.jar;C:\Users\User\Desktop\Libs\jackson-databind-2.12.3.jar;C:\Users\User\Desktop\Libs\jackson-dataformat-cbor-2.12.3.jar;C:\Users\User\Desktop\Libs\jmespath-java-1.12.65.jar;C:\Users\User\Desktop\Libs\joda-time-2.8.1.jar;C:\Users\User\.m2\repository\com\amazonaws\aws-java-sdk-s3\1.12.65\aws-java-sdk-s3-1.12.65.jar;C:\Users\User\.m2\repository\com\amazonaws\aws-java-sdk-kms\1.12.65\aws-java-sdk-kms-1.12.65.jar;C:\Users\User\.m2\repository\com\amazonaws\aws-java-sdk-core\1.12.65\aws-java-sdk-core-1.12.65.jar;C:\Users\User\.m2\repository\commons-logging\commons-logging\1.1.3\commons-logging-1.1.3.jar;C:\Users\User\.m2\repository\commons-codec\commons-codec\1.15\commons-codec-1.15
Launcher Type: SUN_STANDARD

[Global flags]
     intx CICompilerCount                          = 3                                         {product} {ergonomic}
     uint ConcGCThreads                            = 1                                         {product} {ergonomic}
     uint G1ConcRefinementThreads                  = 4                                         {product} {ergonomic}
   size_t G1HeapRegionSize                         = 1048576                                   {product} {ergonomic}
    uintx GCDrainStackTargetSize                   = 64                                        {product} {ergonomic}
   size_t InitialHeapSize                          = 67108864                                  {product} {ergonomic}
   size_t MarkStackSize                            = 4194304                                   {product} {ergonomic}
   size_t MaxHeapSize                              = 1050673152                                {product} {ergonomic}
   size_t MaxNewSize                               = 630194176                                 {product} {ergonomic}
   size_t MinHeapDeltaBytes                        = 1048576                                   {product} {ergonomic}
   size_t MinHeapSize                              = 8388608                                   {product} {ergonomic}
    uintx NonNMethodCodeHeapSize                   = 5832780                                {pd product} {ergonomic}
    uintx NonProfiledCodeHeapSize                  = 122912730                              {pd product} {ergonomic}
    uintx ProfiledCodeHeapSize                     = 122912730                              {pd product} {ergonomic}
    uintx ReservedCodeCacheSize                    = 251658240                              {pd product} {ergonomic}
     bool SegmentedCodeCache                       = true                                      {product} {ergonomic}
   size_t SoftMaxHeapSize                          = 1050673152                             {manageable} {ergonomic}
     bool UseCompressedClassPointers               = true                                 {lp64_product} {ergonomic}
     bool UseCompressedOops                        = true                                 {lp64_product} {ergonomic}
     bool UseG1GC                                  = true                                      {product} {ergonomic}
     bool UseLargePagesIndividualAllocation        = false                                  {pd product} {ergonomic}

Logging:
Log output configuration:
 #0: stdout all=warning uptime,level,tags
 #1: stderr all=off uptime,level,tags

Environment Variables:
JAVA_HOME=C:\Program Files (x86)\Java\jre1.8.0_241
PATH=C:\Program Files\Java\jdk-13.0.2\bin;C:\Program Files (x86)\Common Files\Oracle\Java\javapath;C:\Windows\system32;C:\Windows;C:\Windows\System32\Wbem;C:\Windows\System32\WindowsPowerShell\v1.0\;C:\Windows\System32\OpenSSH\;C:\Program Files (x86)\apache-maven-3.8.1\bin;C:\Program Files (x86)\gradle-7.1.1\bin;C:\Users\User\AppData\Local\Microsoft\WindowsApps;C:\Users\User\AppData\Local\Programs\Microsoft VS Code\bin;C:\Program Files (x86)\gradle-7.1.1\bin;
USERNAME=User
OS=Windows_NT
PROCESSOR_IDENTIFIER=Intel64 Family 6 Model 42 Stepping 7, GenuineIntel



---------------  S Y S T E M  ---------------

OS: Windows 10 , 64 bit Build 18362 (10.0.18362.1500)

CPU:total 4 (initial active 4) (2 cores per cpu, 2 threads per core) family 6 model 42 stepping 7, cmov, cx8, fxsr, mmx, sse, sse2, sse3, ssse3, sse4.1, sse4.2, popcnt, avx, aes, clmul, ht, tsc, tscinvbit

Memory: 4k page, system-wide physical 4006M (367M free)
TotalPageFile size 16294M (AvailPageFile size 0M)
current process WorkingSet (physical memory assigned to process): 262M, peak: 266M
current process commit charge ("private bytes"): 327M, peak: 332M

vm_info: Java HotSpot(TM) 64-Bit Server VM (13.0.2+8) for windows-amd64 JRE (13.0.2+8), built on Dec 11 2019 09:20:33 by "mach5one" with unknown MS VC++:1916

END.
