#
# There is insufficient memory for the Java Runtime Environment to continue.
# Native memory allocation (malloc) failed to allocate 339216 bytes for Chunk::new
# Possible reasons:
#   The system is out of physical RAM or swap space
#   The process is running with CompressedOops enabled, and the Java Heap may be blocking the growth of the native heap
# Possible solutions:
#   Reduce memory load on the system
#   Increase physical memory or swap space
#   Check if swap backing store is full
#   Decrease Java heap size (-Xmx/-Xms)
#   Decrease number of Java threads
#   Decrease Java thread stack sizes (-Xss)
#   Set larger code cache with -XX:ReservedCodeCacheSize=
#   JVM is running with Unscaled Compressed Oops mode in which the Java heap is
#     placed in the first 4GB address space. The Java Heap base address is the
#     maximum limit for the native heap growth. Please use -XX:HeapBaseMinAddress
#     to set the Java Heap base and to place the Java Heap above 4GB virtual address.
# This output file may be truncated or incomplete.
#
#  Out of Memory Error (t:/workspace/open/src/hotspot/share/memory/arena.cpp:196), pid=7508, tid=12308
#
# JRE version: Java(TM) SE Runtime Environment (13.0.2+8) (build 13.0.2+8)
# Java VM: Java HotSpot(TM) 64-Bit Server VM (13.0.2+8, mixed mode, sharing, tiered, compressed oops, g1 gc, windows-amd64)
# No core dump will be written. Minidumps are not enabled by default on client versions of Windows
#

---------------  S U M M A R Y ------------

Command Line: -Dfile.encoding=Cp1252 Application.Home

Host: Intel(R) Core(TM) i5-2520M CPU @ 2.50GHz, 4 cores, 3G,  Windows 10 , 64 bit Build 18362 (10.0.18362.1500)
Time: Thu Jun  9 17:47:24 2022 Afrique de l?Est elapsed time: 1 seconds (0d 0h 0m 1s)

---------------  T H R E A D  ---------------

Current thread (0x00000204cc715800):  JavaThread "C2 CompilerThread0" daemon [_thread_in_native, id=12308, stack(0x000000dac8000000,0x000000dac8100000)]


Current CompileTask:
C2:   1166  857       4       java.util.HashMap::putVal (300 bytes)

Stack: [0x000000dac8000000,0x000000dac8100000]
Native frames: (J=compiled Java code, j=interpreted, Vv=VM code, C=native code)
V  [jvm.dll+0x624f9a]
V  [jvm.dll+0x770cfa]
V  [jvm.dll+0x7724af]
V  [jvm.dll+0x772ab3]
V  [jvm.dll+0x24bf08]
V  [jvm.dll+0xc1e47]
V  [jvm.dll+0xc23cc]
V  [jvm.dll+0x35c068]
V  [jvm.dll+0x327803]
V  [jvm.dll+0x326bda]
V  [jvm.dll+0x205c27]
V  [jvm.dll+0x204e3f]
V  [jvm.dll+0x189c2c]
V  [jvm.dll+0x213e6d]
V  [jvm.dll+0x2120bb]
V  [jvm.dll+0x736bb6]
V  [jvm.dll+0x72fcaa]
V  [jvm.dll+0x623ea6]
C  [ucrtbase.dll+0x210b2]
C  [KERNEL32.DLL+0x17c24]
C  [ntdll.dll+0x6d721]


---------------  P R O C E S S  ---------------

Threads class SMR info:
_java_thread_list=0x00000204cd5f3d80, length=17, elements={
0x00000204cc6f1000, 0x00000204cc6f4800, 0x00000204cc70f800, 0x00000204cc710800,
0x00000204cc715800, 0x00000204cc71b800, 0x00000204cc71d000, 0x00000204cd154800,
0x00000204cd161800, 0x00000204cd5bf000, 0x00000204cd5c2000, 0x00000204cd5c4000,
0x00000204cd5d8000, 0x00000204b0701800, 0x00000204cd5ec000, 0x00000204cd60d800,
0x00000204cd62b000
}

Java Threads: ( => current thread )
  0x00000204cc6f1000 JavaThread "Reference Handler" daemon [_thread_blocked, id=13224, stack(0x000000dac7c00000,0x000000dac7d00000)]
  0x00000204cc6f4800 JavaThread "Finalizer" daemon [_thread_blocked, id=1048, stack(0x000000dac7d00000,0x000000dac7e00000)]
  0x00000204cc70f800 JavaThread "Signal Dispatcher" daemon [_thread_blocked, id=12852, stack(0x000000dac7e00000,0x000000dac7f00000)]
  0x00000204cc710800 JavaThread "Attach Listener" daemon [_thread_blocked, id=13048, stack(0x000000dac7f00000,0x000000dac8000000)]
=>0x00000204cc715800 JavaThread "C2 CompilerThread0" daemon [_thread_in_native, id=12308, stack(0x000000dac8000000,0x000000dac8100000)]
  0x00000204cc71b800 JavaThread "C1 CompilerThread0" daemon [_thread_blocked, id=12688, stack(0x000000dac8100000,0x000000dac8200000)]
  0x00000204cc71d000 JavaThread "Sweeper thread" daemon [_thread_blocked, id=3452, stack(0x000000dac8200000,0x000000dac8300000)]
  0x00000204cd154800 JavaThread "Service Thread" daemon [_thread_blocked, id=6476, stack(0x000000dac8300000,0x000000dac8400000)]
  0x00000204cd161800 JavaThread "Common-Cleaner" daemon [_thread_blocked, id=10704, stack(0x000000dac8500000,0x000000dac8600000)]
  0x00000204cd5bf000 JavaThread "Java2D Disposer" daemon [_thread_blocked, id=3280, stack(0x000000dac8600000,0x000000dac8700000)]
  0x00000204cd5c2000 JavaThread "AWT-Shutdown" [_thread_blocked, id=12704, stack(0x000000dac8700000,0x000000dac8800000)]
  0x00000204cd5c4000 JavaThread "AWT-Windows" daemon [_thread_in_native, id=1328, stack(0x000000dac8800000,0x000000dac8900000)]
  0x00000204cd5d8000 JavaThread "AWT-EventQueue-0" [_thread_blocked, id=12648, stack(0x000000dac8900000,0x000000dac8a00000)]
  0x00000204b0701800 JavaThread "DestroyJavaVM" [_thread_blocked, id=7740, stack(0x000000dac7500000,0x000000dac7600000)]
  0x00000204cd5ec000 JavaThread "Abandoned connection cleanup thread" daemon [_thread_blocked, id=9240, stack(0x000000dac8a00000,0x000000dac8b00000)]
  0x00000204cd60d800 JavaThread "mysql-cj-abandoned-connection-cleanup" daemon [_thread_blocked, id=10500, stack(0x000000dac8b00000,0x000000dac8c00000)]
  0x00000204cd62b000 JavaThread "C2 CompilerThread1" daemon [_thread_in_native, id=10488, stack(0x000000dac8c00000,0x000000dac8d00000)]

Other Threads:
  0x00000204cc6ed000 VMThread "VM Thread" [stack: 0x000000dac7b00000,0x000000dac7c00000] [id=11844]
  0x00000204cd15e800 WatcherThread [stack: 0x000000dac8400000,0x000000dac8500000] [id=11284]
  0x00000204b0732800 GCTaskThread "GC Thread#0" [stack: 0x000000dac7600000,0x000000dac7700000] [id=12544]
  0x00000204cd883000 GCTaskThread "GC Thread#1" [stack: 0x000000dac8d00000,0x000000dac8e00000] [id=10204]
  0x00000204cd824000 GCTaskThread "GC Thread#2" [stack: 0x000000dac8e00000,0x000000dac8f00000] [id=4584]
  0x00000204cd76b800 GCTaskThread "GC Thread#3" [stack: 0x000000dac8f00000,0x000000dac9000000] [id=12120]
  0x00000204b073c000 ConcurrentGCThread "G1 Main Marker" [stack: 0x000000dac7700000,0x000000dac7800000] [id=10176]
  0x00000204b073d800 ConcurrentGCThread "G1 Conc#0" [stack: 0x000000dac7800000,0x000000dac7900000] [id=12996]
  0x00000204b0795800 ConcurrentGCThread "G1 Refine#0" [stack: 0x000000dac7900000,0x000000dac7a00000] [id=11596]
  0x00000204b0798000 ConcurrentGCThread "G1 Young RemSet Sampling" [stack: 0x000000dac7a00000,0x000000dac7b00000] [id=9364]

Threads with active compile tasks:
C2 CompilerThread0     1601  857       4       java.util.HashMap::putVal (300 bytes)
C2 CompilerThread1     1601  954       4       java.util.HashMap::put (13 bytes)

VM state:at safepoint (normal execution)

VM Mutex/Monitor currently owned by a thread:  ([mutex/lock_event])
[0x00000204ae657450] Threads_lock - owner thread: 0x00000204cc6ed000
[0x00000204ae655cb0] Heap_lock - owner thread: 0x00000204cd5d8000

Heap address: 0x00000000c1600000, size: 1002 MB, Compressed Oops mode: 32-bit
Narrow klass base: 0x0000000800000000, Narrow klass shift: 3
Compressed class space size: 1073741824 Address: 0x0000000800b40000

Heap:
 garbage-first heap   total 65536K, used 6874K [0x00000000c1600000, 0x0000000100000000)
  region size 1024K, 1 young (1024K), 1 survivors (1024K)
 Metaspace       used 8050K, capacity 8254K, committed 8320K, reserved 1064960K
  class space    used 764K, capacity 860K, committed 896K, reserved 1048576K
Heap Regions: E=young(eden), S=young(survivor), O=old, HS=humongous(starts), HC=humongous(continues), CS=collection set, F=free, A=archive, TAMS=top-at-mark-start (previous, next)
|   0|0x00000000c1600000, 0x00000000c1700000, 0x00000000c1700000|100%| O|  |TAMS 0x00000000c1600000, 0x00000000c1700000| Untracked 
|   1|0x00000000c1700000, 0x00000000c1800000, 0x00000000c1800000|100%| O|  |TAMS 0x00000000c1700000, 0x00000000c1800000| Untracked 
|   2|0x00000000c1800000, 0x00000000c1900000, 0x00000000c1900000|100%| O|  |TAMS 0x00000000c1800000, 0x00000000c1900000| Untracked 
|   3|0x00000000c1900000, 0x00000000c1a00000, 0x00000000c1a00000|100%| O|  |TAMS 0x00000000c1900000, 0x00000000c1983808| Untracked 
|   4|0x00000000c1a00000, 0x00000000c1b00000, 0x00000000c1b00000|100%| O|  |TAMS 0x00000000c1a00000, 0x00000000c1a00000| Untracked 
|   5|0x00000000c1b00000, 0x00000000c1bb6a00, 0x00000000c1c00000| 71%| O|  |TAMS 0x00000000c1b00000, 0x00000000c1b00000| Untracked 
|   6|0x00000000c1c00000, 0x00000000c1c00000, 0x00000000c1d00000|  0%| F|  |TAMS 0x00000000c1c00000, 0x00000000c1c00000| Untracked 
|   7|0x00000000c1d00000, 0x00000000c1d00000, 0x00000000c1e00000|  0%| F|  |TAMS 0x00000000c1d00000, 0x00000000c1d00000| Untracked 
|   8|0x00000000c1e00000, 0x00000000c1e00000, 0x00000000c1f00000|  0%| F|  |TAMS 0x00000000c1e00000, 0x00000000c1e00000| Untracked 
|   9|0x00000000c1f00000, 0x00000000c1f00000, 0x00000000c2000000|  0%| F|  |TAMS 0x00000000c1f00000, 0x00000000c1f00000| Untracked 
|  10|0x00000000c2000000, 0x00000000c2000000, 0x00000000c2100000|  0%| F|  |TAMS 0x00000000c2000000, 0x00000000c2000000| Untracked 
|  11|0x00000000c2100000, 0x00000000c2100000, 0x00000000c2200000|  0%| F|  |TAMS 0x00000000c2100000, 0x00000000c2100000| Untracked 
|  12|0x00000000c2200000, 0x00000000c2200000, 0x00000000c2300000|  0%| F|  |TAMS 0x00000000c2200000, 0x00000000c2200000| Untracked 
|  13|0x00000000c2300000, 0x00000000c2300000, 0x00000000c2400000|  0%| F|  |TAMS 0x00000000c2300000, 0x00000000c2300000| Untracked 
|  14|0x00000000c2400000, 0x00000000c2400000, 0x00000000c2500000|  0%| F|  |TAMS 0x00000000c2400000, 0x00000000c2400000| Untracked 
|  15|0x00000000c2500000, 0x00000000c2500000, 0x00000000c2600000|  0%| F|  |TAMS 0x00000000c2500000, 0x00000000c2500000| Untracked 
|  16|0x00000000c2600000, 0x00000000c2600000, 0x00000000c2700000|  0%| F|  |TAMS 0x00000000c2600000, 0x00000000c2600000| Untracked 
|  17|0x00000000c2700000, 0x00000000c2700000, 0x00000000c2800000|  0%| F|  |TAMS 0x00000000c2700000, 0x00000000c2700000| Untracked 
|  18|0x00000000c2800000, 0x00000000c2800000, 0x00000000c2900000|  0%| F|  |TAMS 0x00000000c2800000, 0x00000000c2800000| Untracked 
|  19|0x00000000c2900000, 0x00000000c2900000, 0x00000000c2a00000|  0%| F|  |TAMS 0x00000000c2900000, 0x00000000c2900000| Untracked 
|  20|0x00000000c2a00000, 0x00000000c2a00000, 0x00000000c2b00000|  0%| F|  |TAMS 0x00000000c2a00000, 0x00000000c2a00000| Untracked 
|  21|0x00000000c2b00000, 0x00000000c2b00000, 0x00000000c2c00000|  0%| F|  |TAMS 0x00000000c2b00000, 0x00000000c2b00000| Untracked 
|  22|0x00000000c2c00000, 0x00000000c2c00000, 0x00000000c2d00000|  0%| F|  |TAMS 0x00000000c2c00000, 0x00000000c2c00000| Untracked 
|  23|0x00000000c2d00000, 0x00000000c2d00000, 0x00000000c2e00000|  0%| F|  |TAMS 0x00000000c2d00000, 0x00000000c2d00000| Untracked 
|  24|0x00000000c2e00000, 0x00000000c2e00000, 0x00000000c2f00000|  0%| F|  |TAMS 0x00000000c2e00000, 0x00000000c2e00000| Untracked 
|  25|0x00000000c2f00000, 0x00000000c2f00000, 0x00000000c3000000|  0%| F|  |TAMS 0x00000000c2f00000, 0x00000000c2f00000| Untracked 
|  26|0x00000000c3000000, 0x00000000c3000000, 0x00000000c3100000|  0%| F|  |TAMS 0x00000000c3000000, 0x00000000c3000000| Untracked 
|  27|0x00000000c3100000, 0x00000000c3100000, 0x00000000c3200000|  0%| F|  |TAMS 0x00000000c3100000, 0x00000000c3100000| Untracked 
|  28|0x00000000c3200000, 0x00000000c3200000, 0x00000000c3300000|  0%| F|  |TAMS 0x00000000c3200000, 0x00000000c3200000| Untracked 
|  29|0x00000000c3300000, 0x00000000c3300000, 0x00000000c3400000|  0%| F|  |TAMS 0x00000000c3300000, 0x00000000c3300000| Untracked 
|  30|0x00000000c3400000, 0x00000000c3400000, 0x00000000c3500000|  0%| F|  |TAMS 0x00000000c3400000, 0x00000000c3400000| Untracked 
|  31|0x00000000c3500000, 0x00000000c3500000, 0x00000000c3600000|  0%| F|  |TAMS 0x00000000c3500000, 0x00000000c3500000| Untracked 
|  32|0x00000000c3600000, 0x00000000c3600000, 0x00000000c3700000|  0%| F|  |TAMS 0x00000000c3600000, 0x00000000c3600000| Untracked 
|  33|0x00000000c3700000, 0x00000000c3700000, 0x00000000c3800000|  0%| F|  |TAMS 0x00000000c3700000, 0x00000000c3700000| Untracked 
|  34|0x00000000c3800000, 0x00000000c3800000, 0x00000000c3900000|  0%| F|  |TAMS 0x00000000c3800000, 0x00000000c3800000| Untracked 
|  35|0x00000000c3900000, 0x00000000c3900000, 0x00000000c3a00000|  0%| F|  |TAMS 0x00000000c3900000, 0x00000000c3900000| Untracked 
|  36|0x00000000c3a00000, 0x00000000c3a00000, 0x00000000c3b00000|  0%| F|  |TAMS 0x00000000c3a00000, 0x00000000c3a00000| Untracked 
|  37|0x00000000c3b00000, 0x00000000c3b00000, 0x00000000c3c00000|  0%| F|  |TAMS 0x00000000c3b00000, 0x00000000c3b00000| Untracked 
|  38|0x00000000c3c00000, 0x00000000c3c00000, 0x00000000c3d00000|  0%| F|  |TAMS 0x00000000c3c00000, 0x00000000c3c00000| Untracked 
|  39|0x00000000c3d00000, 0x00000000c3d00000, 0x00000000c3e00000|  0%| F|  |TAMS 0x00000000c3d00000, 0x00000000c3d00000| Untracked 
|  40|0x00000000c3e00000, 0x00000000c3e00000, 0x00000000c3f00000|  0%| F|  |TAMS 0x00000000c3e00000, 0x00000000c3e00000| Untracked 
|  41|0x00000000c3f00000, 0x00000000c3f00000, 0x00000000c4000000|  0%| F|  |TAMS 0x00000000c3f00000, 0x00000000c3f00000| Untracked 
|  42|0x00000000c4000000, 0x00000000c4000000, 0x00000000c4100000|  0%| F|  |TAMS 0x00000000c4000000, 0x00000000c4000000| Untracked 
|  43|0x00000000c4100000, 0x00000000c4100000, 0x00000000c4200000|  0%| F|  |TAMS 0x00000000c4100000, 0x00000000c4100000| Untracked 
|  44|0x00000000c4200000, 0x00000000c4200000, 0x00000000c4300000|  0%| F|  |TAMS 0x00000000c4200000, 0x00000000c4200000| Untracked 
|  45|0x00000000c4300000, 0x00000000c4300000, 0x00000000c4400000|  0%| F|  |TAMS 0x00000000c4300000, 0x00000000c4300000| Untracked 
|  46|0x00000000c4400000, 0x00000000c4400000, 0x00000000c4500000|  0%| F|  |TAMS 0x00000000c4400000, 0x00000000c4400000| Untracked 
|  47|0x00000000c4500000, 0x00000000c4500000, 0x00000000c4600000|  0%| F|  |TAMS 0x00000000c4500000, 0x00000000c4500000| Untracked 
|  48|0x00000000c4600000, 0x00000000c4600000, 0x00000000c4700000|  0%| F|  |TAMS 0x00000000c4600000, 0x00000000c4600000| Untracked 
|  49|0x00000000c4700000, 0x00000000c4700000, 0x00000000c4800000|  0%| F|  |TAMS 0x00000000c4700000, 0x00000000c4700000| Untracked 
|  50|0x00000000c4800000, 0x00000000c4800000, 0x00000000c4900000|  0%| F|  |TAMS 0x00000000c4800000, 0x00000000c4800000| Untracked 
|  51|0x00000000c4900000, 0x00000000c4900000, 0x00000000c4a00000|  0%| F|  |TAMS 0x00000000c4900000, 0x00000000c4900000| Untracked 
|  52|0x00000000c4a00000, 0x00000000c4a00000, 0x00000000c4b00000|  0%| F|  |TAMS 0x00000000c4a00000, 0x00000000c4a00000| Untracked 
|  53|0x00000000c4b00000, 0x00000000c4b00000, 0x00000000c4c00000|  0%| F|  |TAMS 0x00000000c4b00000, 0x00000000c4b00000| Untracked 
|  54|0x00000000c4c00000, 0x00000000c4c00000, 0x00000000c4d00000|  0%| F|  |TAMS 0x00000000c4c00000, 0x00000000c4c00000| Untracked 
|  55|0x00000000c4d00000, 0x00000000c4d00000, 0x00000000c4e00000|  0%| F|  |TAMS 0x00000000c4d00000, 0x00000000c4d00000| Untracked 
|  56|0x00000000c4e00000, 0x00000000c4e00000, 0x00000000c4f00000|  0%| F|  |TAMS 0x00000000c4e00000, 0x00000000c4e00000| Untracked 
|  57|0x00000000c4f00000, 0x00000000c4f00000, 0x00000000c5000000|  0%| F|  |TAMS 0x00000000c4f00000, 0x00000000c4f00000| Untracked 
|  58|0x00000000c5000000, 0x00000000c5100000, 0x00000000c5100000|100%| S|CS|TAMS 0x00000000c5000000, 0x00000000c5000000| Complete 
|  59|0x00000000c5100000, 0x00000000c5100000, 0x00000000c5200000|  0%| F|  |TAMS 0x00000000c5100000, 0x00000000c5100000| Untracked 
|  60|0x00000000c5200000, 0x00000000c5200000, 0x00000000c5300000|  0%| F|  |TAMS 0x00000000c5200000, 0x00000000c5200000| Untracked 
|  61|0x00000000c5300000, 0x00000000c5300000, 0x00000000c5400000|  0%| F|  |TAMS 0x00000000c5300000, 0x00000000c5300000| Untracked 
|  62|0x00000000c5400000, 0x00000000c5400000, 0x00000000c5500000|  0%| F|  |TAMS 0x00000000c5400000, 0x00000000c5400000| Untracked 
|  63|0x00000000c5500000, 0x00000000c5500000, 0x00000000c5600000|  0%| F|  |TAMS 0x00000000c5500000, 0x00000000c5500000| Untracked 

Card table byte_map: [0x00000204c7e00000,0x00000204c8000000] _byte_map_base: 0x00000204c77f5000

Marking Bits (Prev, Next): (CMBitMap*) 0x00000204b0733228, (CMBitMap*) 0x00000204b0733268
 Prev Bits: [0x00000204c8200000, 0x00000204c91a8000)
 Next Bits: [0x00000204c91b0000, 0x00000204ca158000)

Polling page: 0x00000204ae590000

Metaspace:

Usage:
  Non-class:      7.22 MB capacity,     7.11 MB ( 99%) used,    97.87 KB (  1%) free+waste,    11.00 KB ( <1%) overhead. 
      Class:    860.00 KB capacity,   764.95 KB ( 89%) used,    89.18 KB ( 10%) free+waste,     5.88 KB ( <1%) overhead. 
       Both:      8.06 MB capacity,     7.86 MB ( 98%) used,   187.05 KB (  2%) free+waste,    16.88 KB ( <1%) overhead. 

Virtual space:
  Non-class space:       16.00 MB reserved,       7.25 MB ( 45%) committed 
      Class space:        1.00 GB reserved,     896.00 KB ( <1%) committed 
             Both:        1.02 GB reserved,       8.13 MB ( <1%) committed 

Chunk freelists:
   Non-Class:  30.00 KB
       Class:  4.00 KB
        Both:  34.00 KB

MaxMetaspaceSize: 17179869184.00 GB
CompressedClassSpaceSize: 1.00 GB

CodeHeap 'non-profiled nmethods': size=120000Kb used=328Kb max_used=328Kb free=119671Kb
 bounds [0x00000204c06d0000, 0x00000204c0940000, 0x00000204c7c00000]
CodeHeap 'profiled nmethods': size=120000Kb used=1968Kb max_used=1968Kb free=118032Kb
 bounds [0x00000204b91a0000, 0x00000204b9410000, 0x00000204c06d0000]
CodeHeap 'non-nmethods': size=5760Kb used=1239Kb max_used=1262Kb free=4520Kb
 bounds [0x00000204b8c00000, 0x00000204b8e70000, 0x00000204b91a0000]
 total_blobs=2029 nmethods=1032 adapters=420
 compilation: enabled
              stopped_count=0, restarted_count=0
 full_count=0

Compilation events (20 events):
Event: 1.029 Thread 0x00000204cc71b800 1030       3       java.lang.Class::getConstructor (31 bytes)
Event: 1.030 Thread 0x00000204cc71b800 nmethod 1030 0x00000204b9387410 code [0x00000204b93876c0, 0x00000204b9388200]
Event: 1.030 Thread 0x00000204cc71b800 1031       3       sun.util.calendar.Gregorian$Date::getNormalizedYear (5 bytes)
Event: 1.030 Thread 0x00000204cc71b800 nmethod 1031 0x00000204b9388610 code [0x00000204b93887c0, 0x00000204b93889d8]
Event: 1.030 Thread 0x00000204cc71b800 1029       3       java.util.concurrent.ConcurrentHashMap::sumCount (60 bytes)
Event: 1.030 Thread 0x00000204cc71b800 nmethod 1029 0x00000204b9388a90 code [0x00000204b9388c40, 0x00000204b9388f18]
Event: 1.030 Thread 0x00000204cc71b800 1027       3       java.security.Provider::checkInitialized (16 bytes)
Event: 1.030 Thread 0x00000204cc71b800 nmethod 1027 0x00000204b9389010 code [0x00000204b93891c0, 0x00000204b9389450]
Event: 1.030 Thread 0x00000204cc71b800 1033       3       java.math.BigInteger::compareTo (71 bytes)
Event: 1.031 Thread 0x00000204cc71b800 nmethod 1033 0x00000204b9389510 code [0x00000204b93896e0, 0x00000204b9389a20]
Event: 1.031 Thread 0x00000204cc71b800 1010       1       sun.util.calendar.BaseCalendar$Date::getCachedYear (5 bytes)
Event: 1.031 Thread 0x00000204cc71b800 nmethod 1010 0x00000204c0721e90 code [0x00000204c0722020, 0x00000204c0722158]
Event: 1.031 Thread 0x00000204cc71b800 1034       3       java.lang.reflect.AccessibleObject::slowVerifyAccess (73 bytes)
Event: 1.031 Thread 0x00000204cc71b800 nmethod 1034 0x00000204b9389b10 code [0x00000204b9389d40, 0x00000204b938a540]
Event: 1.031 Thread 0x00000204cc71b800 1035       3       sun.security.util.BitArray::toByteArray (11 bytes)
Event: 1.031 Thread 0x00000204cc71b800 nmethod 1035 0x00000204b938a790 code [0x00000204b938a940, 0x00000204b938ac90]
Event: 1.033 Thread 0x00000204cc71b800 1036  s    3       java.util.Hashtable::get (69 bytes)
Event: 1.034 Thread 0x00000204cc71b800 nmethod 1036 0x00000204b938ad90 code [0x00000204b938af80, 0x00000204b938b620]
Event: 1.039 Thread 0x00000204cc71b800 1037       3       java.util.HashMap$HashIterator::<init> (79 bytes)
Event: 1.039 Thread 0x00000204cc71b800 nmethod 1037 0x00000204b938b810 code [0x00000204b938b9e0, 0x00000204b938be78]

GC Heap History (4 events):
Event: 0.847 GC heap before
{Heap before GC invocations=0 (full 0):
 garbage-first heap   total 65536K, used 13312K [0x00000000c1600000, 0x0000000100000000)
  region size 1024K, 14 young (14336K), 0 survivors (0K)
 Metaspace       used 6177K, capacity 7143K, committed 7424K, reserved 1056768K
  class space    used 573K, capacity 684K, committed 768K, reserved 1048576K
}
Event: 0.866 GC heap after
{Heap after GC invocations=1 (full 0):
 garbage-first heap   total 65536K, used 5646K [0x00000000c1600000, 0x0000000100000000)
  region size 1024K, 2 young (2048K), 2 survivors (2048K)
 Metaspace       used 6177K, capacity 7143K, committed 7424K, reserved 1056768K
  class space    used 573K, capacity 684K, committed 768K, reserved 1048576K
}
Event: 1.041 GC heap before
{Heap before GC invocations=1 (full 0):
 garbage-first heap   total 65536K, used 9742K [0x00000000c1600000, 0x0000000100000000)
  region size 1024K, 7 young (7168K), 2 survivors (2048K)
 Metaspace       used 8050K, capacity 8254K, committed 8320K, reserved 1062912K
  class space    used 764K, capacity 860K, committed 896K, reserved 1048576K
}
Event: 1.053 GC heap after
{Heap after GC invocations=2 (full 0):
 garbage-first heap   total 65536K, used 6874K [0x00000000c1600000, 0x0000000100000000)
  region size 1024K, 1 young (1024K), 1 survivors (1024K)
 Metaspace       used 8050K, capacity 8254K, committed 8320K, reserved 1062912K
  class space    used 764K, capacity 860K, committed 896K, reserved 1048576K
}

Deoptimization events (20 events):
Event: 1.033 Thread 0x00000204cd5d8000 DEOPT PACKING pc=0x00000204b933db38 sp=0x000000dac89fd2d0
Event: 1.033 Thread 0x00000204cd5d8000 DEOPT UNPACKING pc=0x00000204b8c4964e sp=0x000000dac89fc750 mode 0
Event: 1.033 Thread 0x00000204cd5d8000 DEOPT PACKING pc=0x00000204b933db38 sp=0x000000dac89fd2d0
Event: 1.033 Thread 0x00000204cd5d8000 DEOPT UNPACKING pc=0x00000204b8c4964e sp=0x000000dac89fc750 mode 0
Event: 1.033 Thread 0x00000204cd5d8000 DEOPT PACKING pc=0x00000204b933db38 sp=0x000000dac89fd2d0
Event: 1.033 Thread 0x00000204cd5d8000 DEOPT UNPACKING pc=0x00000204b8c4964e sp=0x000000dac89fc750 mode 0
Event: 1.033 Thread 0x00000204cd5d8000 DEOPT PACKING pc=0x00000204b933db38 sp=0x000000dac89fd2d0
Event: 1.033 Thread 0x00000204cd5d8000 DEOPT UNPACKING pc=0x00000204b8c4964e sp=0x000000dac89fc750 mode 0
Event: 1.034 Thread 0x00000204cd5d8000 DEOPT PACKING pc=0x00000204b933db38 sp=0x000000dac89fd2d0
Event: 1.034 Thread 0x00000204cd5d8000 DEOPT UNPACKING pc=0x00000204b8c4964e sp=0x000000dac89fc750 mode 0
Event: 1.034 Thread 0x00000204cd5d8000 DEOPT PACKING pc=0x00000204b933db38 sp=0x000000dac89fd2d0
Event: 1.034 Thread 0x00000204cd5d8000 DEOPT UNPACKING pc=0x00000204b8c4964e sp=0x000000dac89fc750 mode 0
Event: 1.034 Thread 0x00000204cd5d8000 DEOPT PACKING pc=0x00000204b933db38 sp=0x000000dac89fd2d0
Event: 1.034 Thread 0x00000204cd5d8000 DEOPT UNPACKING pc=0x00000204b8c4964e sp=0x000000dac89fc750 mode 0
Event: 1.034 Thread 0x00000204cd5d8000 DEOPT PACKING pc=0x00000204b933db38 sp=0x000000dac89fd2d0
Event: 1.034 Thread 0x00000204cd5d8000 DEOPT UNPACKING pc=0x00000204b8c4964e sp=0x000000dac89fc750 mode 0
Event: 1.034 Thread 0x00000204cd5d8000 DEOPT PACKING pc=0x00000204b933db38 sp=0x000000dac89fd2d0
Event: 1.034 Thread 0x00000204cd5d8000 DEOPT UNPACKING pc=0x00000204b8c4964e sp=0x000000dac89fc750 mode 0
Event: 1.034 Thread 0x00000204cd5d8000 DEOPT PACKING pc=0x00000204b933db38 sp=0x000000dac89fd2d0
Event: 1.034 Thread 0x00000204cd5d8000 DEOPT UNPACKING pc=0x00000204b8c4964e sp=0x000000dac89fc750 mode 0

Classes unloaded (0 events):
No events

Classes redefined (0 events):
No events

Internal exceptions (4 events):
Event: 0.182 Thread 0x00000204b0701800 Exception <a 'java/lang/ClassNotFoundException'{0x00000000c5300d70}: sun/awt/resources/spi/awtProvider> (0x00000000c5300d70) 
thrown [t:/workspace/open/src/hotspot/share/classfile/systemDictionary.cpp, line 232]
Event: 0.219 Thread 0x00000204b0701800 Exception <a 'java/io/FileNotFoundException'{0x00000000c53564e0}> (0x00000000c53564e0) 
thrown [t:/workspace/open/src/hotspot/share/prims/jni.cpp, line 598]
Event: 0.229 Thread 0x00000204b0701800 Exception <a 'java/io/FileNotFoundException'{0x00000000c537cac0}> (0x00000000c537cac0) 
thrown [t:/workspace/open/src/hotspot/share/prims/jni.cpp, line 598]
Event: 0.355 Thread 0x00000204cd5c4000 Exception <a 'java/lang/NoSuchMethodError'{0x00000000c51ea258}: 'void java.lang.invoke.DirectMethodHandle$Holder.invokeSpecial(java.lang.Object, java.lang.Object)'> (0x00000000c51ea258) 
thrown [t:/workspace/open/src/hotspot/share/interpreter/linkResolver.cpp, line 767]

Events (20 events):
Event: 1.038 loading class sun/security/util/DisabledAlgorithmConstraints$DisabledConstraint
Event: 1.038 loading class sun/security/util/DisabledAlgorithmConstraints$Constraint
Event: 1.038 loading class sun/security/util/DisabledAlgorithmConstraints$Constraint done
Event: 1.038 loading class sun/security/util/DisabledAlgorithmConstraints$DisabledConstraint done
Event: 1.038 loading class sun/security/util/DisabledAlgorithmConstraints$KeySizeConstraint
Event: 1.038 loading class sun/security/util/DisabledAlgorithmConstraints$KeySizeConstraint done
Event: 1.038 loading class sun/security/util/DisabledAlgorithmConstraints$Constraint$Operator
Event: 1.038 loading class sun/security/util/DisabledAlgorithmConstraints$Constraint$Operator done
Event: 1.038 loading class sun/security/util/DisabledAlgorithmConstraints$1
Event: 1.038 loading class sun/security/util/DisabledAlgorithmConstraints$1 done
Event: 1.038 loading class sun/security/util/DisabledAlgorithmConstraints$jdkCAConstraint
Event: 1.038 loading class sun/security/util/DisabledAlgorithmConstraints$jdkCAConstraint done
Event: 1.038 loading class sun/security/util/DisabledAlgorithmConstraints$UsageConstraint
Event: 1.038 loading class sun/security/util/DisabledAlgorithmConstraints$UsageConstraint done
Event: 1.038 loading class java/security/CryptoPrimitive
Event: 1.038 loading class java/security/CryptoPrimitive done
Event: 1.040 loading class sun/security/ssl/CipherSuite
Event: 1.040 loading class sun/security/ssl/CipherSuite done
Event: 1.041 loading class sun/security/ssl/SSLCipher
Event: 1.041 Executing VM operation: CollectForMetadataAllocation


Dynamic libraries:
0x00007ff6eda00000 - 0x00007ff6eda0f000 	C:\Program Files\Java\jdk-13.0.2\bin\javaw.exe
0x00007ffe7c340000 - 0x00007ffe7c530000 	C:\Windows\SYSTEM32\ntdll.dll
0x00007ffe7aa60000 - 0x00007ffe7ab12000 	C:\Windows\System32\KERNEL32.DLL
0x00007ffe7a110000 - 0x00007ffe7a3b5000 	C:\Windows\System32\KERNELBASE.dll
0x00007ffe79280000 - 0x00007ffe7937a000 	C:\Windows\System32\ucrtbase.dll
0x00007ffe62290000 - 0x00007ffe622a5000 	C:\Program Files\Java\jdk-13.0.2\bin\VCRUNTIME140.dll
0x00007ffe5ee00000 - 0x00007ffe5ee18000 	C:\Program Files\Java\jdk-13.0.2\bin\jli.dll
0x00007ffe7a3c0000 - 0x00007ffe7a463000 	C:\Windows\System32\ADVAPI32.dll
0x00007ffe7af40000 - 0x00007ffe7afde000 	C:\Windows\System32\msvcrt.dll
0x00007ffe7b610000 - 0x00007ffe7b6a7000 	C:\Windows\System32\sechost.dll
0x00007ffe7b1b0000 - 0x00007ffe7b2cf000 	C:\Windows\System32\RPCRT4.dll
0x00007ffe7ad90000 - 0x00007ffe7af24000 	C:\Windows\System32\USER32.dll
0x00007ffe79b60000 - 0x00007ffe79b81000 	C:\Windows\System32\win32u.dll
0x00007ffe6aaa0000 - 0x00007ffe6ad24000 	C:\Windows\WinSxS\amd64_microsoft.windows.common-controls_6595b64144ccf1df_6.0.18362.1556_none_9e7e372fe45e41d5\COMCTL32.dll
0x00007ffe7ab80000 - 0x00007ffe7aba6000 	C:\Windows\System32\GDI32.dll
0x00007ffe7b2d0000 - 0x00007ffe7b606000 	C:\Windows\System32\combase.dll
0x00007ffe79b90000 - 0x00007ffe79d28000 	C:\Windows\System32\gdi32full.dll
0x00007ffe79f90000 - 0x00007ffe7a02e000 	C:\Windows\System32\msvcp_win.dll
0x00007ffe7a030000 - 0x00007ffe7a0b1000 	C:\Windows\System32\bcryptPrimitives.dll
0x00007ffe6adf0000 - 0x00007ffe6adfa000 	C:\Windows\SYSTEM32\VERSION.dll
0x00007ffe7a480000 - 0x00007ffe7a4ae000 	C:\Windows\System32\IMM32.DLL
0x00007ffe5dee0000 - 0x00007ffe5df7b000 	C:\Program Files\Java\jdk-13.0.2\bin\msvcp140.dll
0x00007ffe39380000 - 0x00007ffe39edd000 	C:\Program Files\Java\jdk-13.0.2\bin\server\jvm.dll
0x00007ffe7b9b0000 - 0x00007ffe7b9b8000 	C:\Windows\System32\PSAPI.DLL
0x00007ffe74c80000 - 0x00007ffe74c89000 	C:\Windows\SYSTEM32\WSOCK32.dll
0x00007ffe75e50000 - 0x00007ffe75e74000 	C:\Windows\SYSTEM32\WINMM.dll
0x00007ffe7c260000 - 0x00007ffe7c2cf000 	C:\Windows\System32\WS2_32.dll
0x00007ffe75e20000 - 0x00007ffe75e4d000 	C:\Windows\SYSTEM32\WINMMBASE.dll
0x00007ffe7a0c0000 - 0x00007ffe7a10a000 	C:\Windows\System32\cfgmgr32.dll
0x00007ffe79240000 - 0x00007ffe79251000 	C:\Windows\System32\kernel.appcore.dll
0x00007ffe61df0000 - 0x00007ffe61e00000 	C:\Program Files\Java\jdk-13.0.2\bin\verify.dll
0x00007ffe6a490000 - 0x00007ffe6a684000 	C:\Windows\SYSTEM32\DBGHELP.DLL
0x00007ffe6a460000 - 0x00007ffe6a48a000 	C:\Windows\SYSTEM32\dbgcore.DLL
0x00007ffe5deb0000 - 0x00007ffe5ded6000 	C:\Program Files\Java\jdk-13.0.2\bin\java.dll
0x00007ffe5dde0000 - 0x00007ffe5ddf7000 	C:\Program Files\Java\jdk-13.0.2\bin\zip.dll
0x00007ffe61230000 - 0x00007ffe6123a000 	C:\Program Files\Java\jdk-13.0.2\bin\jimage.dll
0x00007ffe7ba20000 - 0x00007ffe7c107000 	C:\Windows\System32\SHELL32.dll
0x00007ffe7ac60000 - 0x00007ffe7ad08000 	C:\Windows\System32\shcore.dll
0x00007ffe79380000 - 0x00007ffe79afb000 	C:\Windows\System32\windows.storage.dll
0x00007ffe79260000 - 0x00007ffe7927e000 	C:\Windows\System32\profapi.dll
0x00007ffe791d0000 - 0x00007ffe7921a000 	C:\Windows\System32\powrprof.dll
0x00007ffe791c0000 - 0x00007ffe791d0000 	C:\Windows\System32\UMPDC.dll
0x00007ffe7b9c0000 - 0x00007ffe7ba12000 	C:\Windows\System32\shlwapi.dll
0x00007ffe79ec0000 - 0x00007ffe79ed7000 	C:\Windows\System32\cryptsp.dll
0x00007ffe5ddc0000 - 0x00007ffe5ddd9000 	C:\Program Files\Java\jdk-13.0.2\bin\net.dll
0x00007ffe6fa40000 - 0x00007ffe6fb3a000 	C:\Windows\SYSTEM32\WINHTTP.dll
0x00007ffe78a00000 - 0x00007ffe78a67000 	C:\Windows\system32\mswsock.dll
0x00007ffe5dda0000 - 0x00007ffe5ddb3000 	C:\Program Files\Java\jdk-13.0.2\bin\nio.dll
0x00007ffe3d860000 - 0x00007ffe3d9f9000 	C:\Program Files\Java\jdk-13.0.2\bin\awt.dll
0x00007ffe7b8e0000 - 0x00007ffe7b9a5000 	C:\Windows\System32\OLEAUT32.dll
0x00007ffe77340000 - 0x00007ffe773cf000 	C:\Windows\SYSTEM32\apphelp.dll
0x00007ffe774e0000 - 0x00007ffe77579000 	C:\Windows\system32\uxtheme.dll
0x00007ffe7a4b0000 - 0x00007ffe7a5e5000 	C:\Windows\System32\MSCTF.dll
0x00007ffe7b780000 - 0x00007ffe7b8d7000 	C:\Windows\System32\ole32.dll
0x00007ffe78750000 - 0x00007ffe7881b000 	C:\Windows\SYSTEM32\DNSAPI.dll
0x00007ffe7af30000 - 0x00007ffe7af38000 	C:\Windows\System32\NSI.dll
0x00007ffe78710000 - 0x00007ffe7874a000 	C:\Windows\SYSTEM32\IPHLPAPI.DLL
0x00007ffe6f480000 - 0x00007ffe6f48a000 	C:\Windows\System32\rasadhlp.dll
0x00007ffe6ffb0000 - 0x00007ffe70027000 	C:\Windows\System32\fwpuclnt.dll
0x00007ffe79d30000 - 0x00007ffe79d56000 	C:\Windows\System32\bcrypt.dll
0x00007ffe6bd30000 - 0x00007ffe6bd3e000 	C:\Program Files\Java\jdk-13.0.2\bin\sunmscapi.dll
0x00007ffe79d60000 - 0x00007ffe79eb1000 	C:\Windows\System32\CRYPT32.dll
0x00007ffe79220000 - 0x00007ffe79232000 	C:\Windows\System32\MSASN1.dll
0x00007ffe78ce0000 - 0x00007ffe78d06000 	C:\Windows\SYSTEM32\ncrypt.dll
0x00007ffe78ca0000 - 0x00007ffe78cdb000 	C:\Windows\SYSTEM32\NTASN1.dll
0x00007ffe5dc50000 - 0x00007ffe5dc75000 	C:\Program Files\Java\jdk-13.0.2\bin\sunec.dll

dbghelp: loaded successfully - version: 4.0.5 - missing functions: none
symbol engine: initialized successfully - sym options: 0x614 - pdb path: .;C:\Program Files\Java\jdk-13.0.2\bin;C:\Windows\SYSTEM32;C:\Windows\WinSxS\amd64_microsoft.windows.common-controls_6595b64144ccf1df_6.0.18362.1556_none_9e7e372fe45e41d5;C:\Program Files\Java\jdk-13.0.2\bin\server

VM Arguments:
jvm_args: -Dfile.encoding=Cp1252 
java_command: Application.Home
java_class_path (initial): C:\Users\User\git\bakame\DriveOperations\target\classes;C:\Users\User\Desktop\Libraries\jgoodies-common-1.8.0.jar;C:\Users\User\Desktop\Libraries\jgoodies-forms-1.8.0.jar;C:\Users\User\Desktop\Libraries\miglayout15-swing.jar;C:\Users\User\Downloads\javax.mail.jar;C:\Users\User\Downloads\activation-1.1.1.jar;C:\Users\User\Downloads\jcalendar-1.4.jar;C:\Users\User\Downloads\jfreechart-1.0.19\lib\jcommon-1.0.23.jar;C:\Users\User\Downloads\jfreechart-1.0.19\lib\jfreechart-1.0.19.jar;C:\Users\User\Downloads\commons-net-3.8.0\commons-net-3.8.0.jar;C:\Users\User\Documents\Libs\comm-2.0.jar;C:\Users\User\Documents\Libs\http-2.2.1.jar;C:\Users\User\Downloads\JTattoo-1.6.13.jar;C:\Users\User\Desktop\Libs\jmespath-java-1.11.470.jar;C:\Users\User\Desktop\Libs\aws-java-sdk-core-1.12.65.jar;C:\Users\User\Desktop\Libs\aws-java-sdk-kms-1.12.65.jar;C:\Users\User\Desktop\Libs\aws-java-sdk-s3-1.12.65.jar;C:\Users\User\Desktop\Libs\commons-codec-1.15.jar;C:\Users\User\Desktop\Libs\commons-logging-1.1.3.jar;C:\Users\User\Desktop\Libs\httpclient-4.5.13.jar;C:\Users\User\Desktop\Libs\ion-java-1.0.2.jar;C:\Users\User\Desktop\Libs\jackson-annotations-2.12.3.jar;C:\Users\User\Desktop\Libs\jackson-core-2.12.3.jar;C:\Users\User\Desktop\Libs\jackson-databind-2.12.3.jar;C:\Users\User\Desktop\Libs\jackson-dataformat-cbor-2.12.3.jar;C:\Users\User\Desktop\Libs\jmespath-java-1.12.65.jar;C:\Users\User\Desktop\Libs\joda-time-2.8.1.jar;C:\Users\User\Desktop\Libs\mysql-connector-java-5.1.45.jar;C:\Users\User\.m2\repository\com\amazonaws\aws-java-sdk-s3\1.12.65\aws-java-sdk-s3-1.12.65.jar;C:\Users\User\.m2\repository\com\amazonaws\aws-java-sdk-kms\1.12.65\aws-java-sdk-kms-1.12.65.jar;C:\Users\User\.m2\repository\com\amazonaws\aws-java-sdk-core\1.12.65\aws-java-sdk-core-1.12.65.jar;C:\Users\User\.m2\repository\commons-logging\commons-logging\1.1.3\commons-logging-1.1.3.jar;C:\Users\User\.m2\repository\commons-codec\commons-codec\1.15\commons-codec-1.15.jar;C:\Users\User\.m2\re
Launcher Type: SUN_STANDARD

[Global flags]
     intx CICompilerCount                          = 3                                         {product} {ergonomic}
     uint ConcGCThreads                            = 1                                         {product} {ergonomic}
     uint G1ConcRefinementThreads                  = 4                                         {product} {ergonomic}
   size_t G1HeapRegionSize                         = 1048576                                   {product} {ergonomic}
    uintx GCDrainStackTargetSize                   = 64                                        {product} {ergonomic}
   size_t InitialHeapSize                          = 67108864                                  {product} {ergonomic}
   size_t MarkStackSize                            = 4194304                                   {product} {ergonomic}
   size_t MaxHeapSize                              = 1050673152                                {product} {ergonomic}
   size_t MaxNewSize                               = 630194176                                 {product} {ergonomic}
   size_t MinHeapDeltaBytes                        = 1048576                                   {product} {ergonomic}
   size_t MinHeapSize                              = 8388608                                   {product} {ergonomic}
    uintx NonNMethodCodeHeapSize                   = 5832780                                {pd product} {ergonomic}
    uintx NonProfiledCodeHeapSize                  = 122912730                              {pd product} {ergonomic}
    uintx ProfiledCodeHeapSize                     = 122912730                              {pd product} {ergonomic}
    uintx ReservedCodeCacheSize                    = 251658240                              {pd product} {ergonomic}
     bool SegmentedCodeCache                       = true                                      {product} {ergonomic}
   size_t SoftMaxHeapSize                          = 1050673152                             {manageable} {ergonomic}
     bool UseCompressedClassPointers               = true                                 {lp64_product} {ergonomic}
     bool UseCompressedOops                        = true                                 {lp64_product} {ergonomic}
     bool UseG1GC                                  = true                                      {product} {ergonomic}
     bool UseLargePagesIndividualAllocation        = false                                  {pd product} {ergonomic}

Logging:
Log output configuration:
 #0: stdout all=warning uptime,level,tags
 #1: stderr all=off uptime,level,tags

Environment Variables:
JAVA_HOME=C:\Program Files (x86)\Java\jre1.8.0_241
PATH=C:\Program Files\Java\jdk-13.0.2\bin;C:\Program Files (x86)\Common Files\Oracle\Java\javapath;C:\Windows\system32;C:\Windows;C:\Windows\System32\Wbem;C:\Windows\System32\WindowsPowerShell\v1.0\;C:\Windows\System32\OpenSSH\;C:\Program Files (x86)\apache-maven-3.8.1\bin;C:\Program Files (x86)\gradle-7.1.1\bin;C:\Users\User\Documents\Setup logiciels\mongosh-1.1.2-win32-x64\bin;C:\Program Files\Git\cmd;C:\Program Files\MySQL\MySQL Shell 8.0\bin\;C:\Users\User\AppData\Local\Microsoft\WindowsApps;C:\Users\User\AppData\Local\Programs\Microsoft VS Code\bin;C:\Program Files (x86)\gradle-7.1.1\bin;C:\Users\User\Downloads\platform-tools;C:\Users\User\Documents\Setup logiciels\mongosh-1.1.2-win32-x64\bin;C:\Users\User\AppData\Local\GitHubDesktop\bin;C:\Program Files\JetBrains\IntelliJ IDEA 2022.1.1\bin;
USERNAME=User
OS=Windows_NT
PROCESSOR_IDENTIFIER=Intel64 Family 6 Model 42 Stepping 7, GenuineIntel



---------------  S Y S T E M  ---------------

OS: Windows 10 , 64 bit Build 18362 (10.0.18362.1500)

CPU:total 4 (initial active 4) (2 cores per cpu, 2 threads per core) family 6 model 42 stepping 7, cmov, cx8, fxsr, mmx, sse, sse2, sse3, ssse3, sse4.1, sse4.2, popcnt, avx, aes, clmul, ht, tsc, tscinvbit

Memory: 4k page, system-wide physical 4006M (626M free)
TotalPageFile size 16294M (AvailPageFile size 0M)
current process WorkingSet (physical memory assigned to process): 79M, peak: 79M
current process commit charge ("private bytes"): 156M, peak: 157M

vm_info: Java HotSpot(TM) 64-Bit Server VM (13.0.2+8) for windows-amd64 JRE (13.0.2+8), built on Dec 11 2019 09:20:33 by "mach5one" with unknown MS VC++:1916

END.
