#
# There is insufficient memory for the Java Runtime Environment to continue.
# Native memory allocation (malloc) failed to allocate 611536 bytes for Chunk::new
# Possible reasons:
#   The system is out of physical RAM or swap space
#   The process is running with CompressedOops enabled, and the Java Heap may be blocking the growth of the native heap
# Possible solutions:
#   Reduce memory load on the system
#   Increase physical memory or swap space
#   Check if swap backing store is full
#   Decrease Java heap size (-Xmx/-Xms)
#   Decrease number of Java threads
#   Decrease Java thread stack sizes (-Xss)
#   Set larger code cache with -XX:ReservedCodeCacheSize=
#   JVM is running with Unscaled Compressed Oops mode in which the Java heap is
#     placed in the first 4GB address space. The Java Heap base address is the
#     maximum limit for the native heap growth. Please use -XX:HeapBaseMinAddress
#     to set the Java Heap base and to place the Java Heap above 4GB virtual address.
# This output file may be truncated or incomplete.
#
#  Out of Memory Error (t:/workspace/open/src/hotspot/share/memory/arena.cpp:196), pid=13528, tid=9388
#
# JRE version: Java(TM) SE Runtime Environment (13.0.2+8) (build 13.0.2+8)
# Java VM: Java HotSpot(TM) 64-Bit Server VM (13.0.2+8, mixed mode, sharing, tiered, compressed oops, g1 gc, windows-amd64)
# No core dump will be written. Minidumps are not enabled by default on client versions of Windows
#

---------------  S U M M A R Y ------------

Command Line: -Dfile.encoding=Cp1252 Schedule.TeacherSchedule

Host: Intel(R) Core(TM) i5-2520M CPU @ 2.50GHz, 4 cores, 3G,  Windows 10 , 64 bit Build 18362 (10.0.18362.1316)
Time: Sat Aug 28 09:23:49 2021 South Africa Standard Time elapsed time: 43 seconds (0d 0h 0m 43s)

---------------  T H R E A D  ---------------

Current thread (0x00000262fa800000):  JavaThread "C2 CompilerThread0" daemon [_thread_in_native, id=9388, stack(0x000000f3afa00000,0x000000f3afb00000)]


Current CompileTask:
C2:  43974 3642       4       java.lang.StackTraceElement::toString (322 bytes)

Stack: [0x000000f3afa00000,0x000000f3afb00000]
Native frames: (J=compiled Java code, j=interpreted, Vv=VM code, C=native code)
V  [jvm.dll+0x624f9a]
V  [jvm.dll+0x770cfa]
V  [jvm.dll+0x7724af]
V  [jvm.dll+0x772ab3]
V  [jvm.dll+0x24bf08]
V  [jvm.dll+0xc1e47]
V  [jvm.dll+0xc23cc]
V  [jvm.dll+0x35c068]
V  [jvm.dll+0x327803]
V  [jvm.dll+0x326bda]
V  [jvm.dll+0x205c27]
V  [jvm.dll+0x204e3f]
V  [jvm.dll+0x189c2c]
V  [jvm.dll+0x213e6d]
V  [jvm.dll+0x2120bb]
V  [jvm.dll+0x736bb6]
V  [jvm.dll+0x72fcaa]
V  [jvm.dll+0x623ea6]
C  [ucrtbase.dll+0x210b2]
C  [KERNEL32.DLL+0x17c24]
C  [ntdll.dll+0x6d4d1]


---------------  P R O C E S S  ---------------

Threads class SMR info:
_java_thread_list=0x00000262fb91ede0, length=15, elements={
0x00000262de8be000, 0x00000262fa7dd800, 0x00000262fa7f6000, 0x00000262fa7f8800,
0x00000262fa800000, 0x00000262fa802800, 0x00000262fa811000, 0x00000262fb255000,
0x00000262fb25c800, 0x00000262fb5b3000, 0x00000262fb58b800, 0x00000262fb5be000,
0x00000262fb5db000, 0x00000262dc81e000, 0x00000262fb658800
}

Java Threads: ( => current thread )
  0x00000262de8be000 JavaThread "Reference Handler" daemon [_thread_blocked, id=16708, stack(0x000000f3af600000,0x000000f3af700000)]
  0x00000262fa7dd800 JavaThread "Finalizer" daemon [_thread_blocked, id=12396, stack(0x000000f3af700000,0x000000f3af800000)]
  0x00000262fa7f6000 JavaThread "Signal Dispatcher" daemon [_thread_blocked, id=13256, stack(0x000000f3af800000,0x000000f3af900000)]
  0x00000262fa7f8800 JavaThread "Attach Listener" daemon [_thread_blocked, id=4092, stack(0x000000f3af900000,0x000000f3afa00000)]
=>0x00000262fa800000 JavaThread "C2 CompilerThread0" daemon [_thread_in_native, id=9388, stack(0x000000f3afa00000,0x000000f3afb00000)]
  0x00000262fa802800 JavaThread "C1 CompilerThread0" daemon [_thread_blocked, id=18188, stack(0x000000f3afb00000,0x000000f3afc00000)]
  0x00000262fa811000 JavaThread "Sweeper thread" daemon [_thread_blocked, id=1736, stack(0x000000f3afc00000,0x000000f3afd00000)]
  0x00000262fb255000 JavaThread "Service Thread" daemon [_thread_blocked, id=13320, stack(0x000000f3afd00000,0x000000f3afe00000)]
  0x00000262fb25c800 JavaThread "Common-Cleaner" daemon [_thread_blocked, id=13796, stack(0x000000f3aff00000,0x000000f3b0000000)]
  0x00000262fb5b3000 JavaThread "Java2D Disposer" daemon [_thread_blocked, id=12608, stack(0x000000f3b0000000,0x000000f3b0100000)]
  0x00000262fb58b800 JavaThread "AWT-Shutdown" [_thread_blocked, id=8140, stack(0x000000f3b0100000,0x000000f3b0200000)]
  0x00000262fb5be000 JavaThread "AWT-Windows" daemon [_thread_in_native, id=12120, stack(0x000000f3b0200000,0x000000f3b0300000)]
  0x00000262fb5db000 JavaThread "AWT-EventQueue-0" [_thread_blocked, id=17652, stack(0x000000f3b0300000,0x000000f3b0400000)]
  0x00000262dc81e000 JavaThread "DestroyJavaVM" [_thread_blocked, id=17872, stack(0x000000f3aef00000,0x000000f3af000000)]
  0x00000262fb658800 JavaThread "TimerQueue" daemon [_thread_blocked, id=6712, stack(0x000000f3b0400000,0x000000f3b0500000)]

Other Threads:
  0x00000262fa7da000 VMThread "VM Thread" [stack: 0x000000f3af500000,0x000000f3af600000] [id=11408]
  0x00000262fb25b000 WatcherThread [stack: 0x000000f3afe00000,0x000000f3aff00000] [id=11372]
  0x00000262de820000 GCTaskThread "GC Thread#0" [stack: 0x000000f3af000000,0x000000f3af100000] [id=1048]
  0x00000262fb910800 GCTaskThread "GC Thread#1" [stack: 0x000000f3b0600000,0x000000f3b0700000] [id=16660]
  0x00000262fb911000 GCTaskThread "GC Thread#2" [stack: 0x000000f3b0700000,0x000000f3b0800000] [id=8948]
  0x00000262fb75a800 GCTaskThread "GC Thread#3" [stack: 0x000000f3b0800000,0x000000f3b0900000] [id=14160]
  0x00000262de82c000 ConcurrentGCThread "G1 Main Marker" [stack: 0x000000f3af100000,0x000000f3af200000] [id=14184]
  0x00000262de82e000 ConcurrentGCThread "G1 Conc#0" [stack: 0x000000f3af200000,0x000000f3af300000] [id=19148]
  0x00000262de881800 ConcurrentGCThread "G1 Refine#0" [stack: 0x000000f3af300000,0x000000f3af400000] [id=9864]
  0x00000262fb3d6800 ConcurrentGCThread "G1 Refine#1" [stack: 0x000000f3b0900000,0x000000f3b0a00000] [id=19012]
  0x00000262de883800 ConcurrentGCThread "G1 Young RemSet Sampling" [stack: 0x000000f3af400000,0x000000f3af500000] [id=13456]

Threads with active compile tasks:
C2 CompilerThread0    44651 3642       4       java.lang.StackTraceElement::toString (322 bytes)

VM state:not at safepoint (normal execution)

VM Mutex/Monitor currently owned by a thread: None

OutOfMemory and StackOverflow Exception counts:
StackOverflowErrors=10
LinkageErrors=7

Heap address: 0x00000000c1600000, size: 1002 MB, Compressed Oops mode: 32-bit
Narrow klass base: 0x0000000800000000, Narrow klass shift: 3
Compressed class space size: 1073741824 Address: 0x0000000800b40000

Heap:
 garbage-first heap   total 236544K, used 118791K [0x00000000c1600000, 0x0000000100000000)
  region size 1024K, 76 young (77824K), 12 survivors (12288K)
 Metaspace       used 12020K, capacity 12360K, committed 12544K, reserved 1060864K
  class space    used 1148K, capacity 1272K, committed 1280K, reserved 1048576K
Heap Regions: E=young(eden), S=young(survivor), O=old, HS=humongous(starts), HC=humongous(continues), CS=collection set, F=free, A=archive, TAMS=top-at-mark-start (previous, next)
|   0|0x00000000c1600000, 0x00000000c1700000, 0x00000000c1700000|100%| O|  |TAMS 0x00000000c1600000, 0x00000000c1600000| Untracked 
|   1|0x00000000c1700000, 0x00000000c1800000, 0x00000000c1800000|100%| O|  |TAMS 0x00000000c1700000, 0x00000000c1700000| Untracked 
|   2|0x00000000c1800000, 0x00000000c1900000, 0x00000000c1900000|100%| O|  |TAMS 0x00000000c1800000, 0x00000000c1800000| Untracked 
|   3|0x00000000c1900000, 0x00000000c1a00000, 0x00000000c1a00000|100%| O|  |TAMS 0x00000000c1900000, 0x00000000c1900000| Untracked 
|   4|0x00000000c1a00000, 0x00000000c1b00000, 0x00000000c1b00000|100%| O|  |TAMS 0x00000000c1a00000, 0x00000000c1a00000| Untracked 
|   5|0x00000000c1b00000, 0x00000000c1c00000, 0x00000000c1c00000|100%| O|  |TAMS 0x00000000c1b00000, 0x00000000c1b00000| Untracked 
|   6|0x00000000c1c00000, 0x00000000c1d00000, 0x00000000c1d00000|100%| O|  |TAMS 0x00000000c1c00000, 0x00000000c1c00000| Untracked 
|   7|0x00000000c1d00000, 0x00000000c1e00000, 0x00000000c1e00000|100%| O|  |TAMS 0x00000000c1d00000, 0x00000000c1d00000| Untracked 
|   8|0x00000000c1e00000, 0x00000000c1f00000, 0x00000000c1f00000|100%| O|  |TAMS 0x00000000c1e00000, 0x00000000c1e00000| Untracked 
|   9|0x00000000c1f00000, 0x00000000c2000000, 0x00000000c2000000|100%|HS|  |TAMS 0x00000000c1f00000, 0x00000000c1f00000| Complete 
|  10|0x00000000c2000000, 0x00000000c2100000, 0x00000000c2100000|100%|HC|  |TAMS 0x00000000c2000000, 0x00000000c2000000| Complete 
|  11|0x00000000c2100000, 0x00000000c2200000, 0x00000000c2200000|100%|HC|  |TAMS 0x00000000c2100000, 0x00000000c2100000| Complete 
|  12|0x00000000c2200000, 0x00000000c2300000, 0x00000000c2300000|100%|HC|  |TAMS 0x00000000c2200000, 0x00000000c2200000| Complete 
|  13|0x00000000c2300000, 0x00000000c2400000, 0x00000000c2400000|100%| O|  |TAMS 0x00000000c2300000, 0x00000000c2300000| Untracked 
|  14|0x00000000c2400000, 0x00000000c2500000, 0x00000000c2500000|100%| O|  |TAMS 0x00000000c2400000, 0x00000000c2400000| Untracked 
|  15|0x00000000c2500000, 0x00000000c2600000, 0x00000000c2600000|100%| O|  |TAMS 0x00000000c2500000, 0x00000000c2500000| Untracked 
|  16|0x00000000c2600000, 0x00000000c2700000, 0x00000000c2700000|100%| O|  |TAMS 0x00000000c2600000, 0x00000000c2600000| Untracked 
|  17|0x00000000c2700000, 0x00000000c2800000, 0x00000000c2800000|100%| O|  |TAMS 0x00000000c2700000, 0x00000000c2700000| Untracked 
|  18|0x00000000c2800000, 0x00000000c2900000, 0x00000000c2900000|100%| O|  |TAMS 0x00000000c2800000, 0x00000000c2800000| Untracked 
|  19|0x00000000c2900000, 0x00000000c2a00000, 0x00000000c2a00000|100%| O|  |TAMS 0x00000000c2900000, 0x00000000c2900000| Untracked 
|  20|0x00000000c2a00000, 0x00000000c2b00000, 0x00000000c2b00000|100%| O|  |TAMS 0x00000000c2a00000, 0x00000000c2a00000| Untracked 
|  21|0x00000000c2b00000, 0x00000000c2c00000, 0x00000000c2c00000|100%| O|  |TAMS 0x00000000c2b00000, 0x00000000c2b00000| Untracked 
|  22|0x00000000c2c00000, 0x00000000c2d00000, 0x00000000c2d00000|100%| O|  |TAMS 0x00000000c2c00000, 0x00000000c2c00000| Untracked 
|  23|0x00000000c2d00000, 0x00000000c2e00000, 0x00000000c2e00000|100%| O|  |TAMS 0x00000000c2d00000, 0x00000000c2d00000| Untracked 
|  24|0x00000000c2e00000, 0x00000000c2f00000, 0x00000000c2f00000|100%| O|  |TAMS 0x00000000c2e00000, 0x00000000c2e00000| Untracked 
|  25|0x00000000c2f00000, 0x00000000c3000000, 0x00000000c3000000|100%| O|  |TAMS 0x00000000c2f00000, 0x00000000c2f00000| Untracked 
|  26|0x00000000c3000000, 0x00000000c3100000, 0x00000000c3100000|100%| O|  |TAMS 0x00000000c3000000, 0x00000000c3000000| Untracked 
|  27|0x00000000c3100000, 0x00000000c3200000, 0x00000000c3200000|100%| O|  |TAMS 0x00000000c3100000, 0x00000000c3100000| Untracked 
|  28|0x00000000c3200000, 0x00000000c3300000, 0x00000000c3300000|100%| O|  |TAMS 0x00000000c3200000, 0x00000000c3200000| Untracked 
|  29|0x00000000c3300000, 0x00000000c3400000, 0x00000000c3400000|100%| O|  |TAMS 0x00000000c3300000, 0x00000000c3300000| Untracked 
|  30|0x00000000c3400000, 0x00000000c3500000, 0x00000000c3500000|100%| O|  |TAMS 0x00000000c3400000, 0x00000000c3400000| Untracked 
|  31|0x00000000c3500000, 0x00000000c3600000, 0x00000000c3600000|100%| O|  |TAMS 0x00000000c3500000, 0x00000000c3500000| Untracked 
|  32|0x00000000c3600000, 0x00000000c3700000, 0x00000000c3700000|100%| O|  |TAMS 0x00000000c3600000, 0x00000000c3600000| Untracked 
|  33|0x00000000c3700000, 0x00000000c3800000, 0x00000000c3800000|100%| O|  |TAMS 0x00000000c3700000, 0x00000000c3700000| Untracked 
|  34|0x00000000c3800000, 0x00000000c3900000, 0x00000000c3900000|100%| O|  |TAMS 0x00000000c3800000, 0x00000000c3800000| Untracked 
|  35|0x00000000c3900000, 0x00000000c3a00000, 0x00000000c3a00000|100%| O|  |TAMS 0x00000000c3900000, 0x00000000c3900000| Untracked 
|  36|0x00000000c3a00000, 0x00000000c3b00000, 0x00000000c3b00000|100%| O|  |TAMS 0x00000000c3a00000, 0x00000000c3a00000| Untracked 
|  37|0x00000000c3b00000, 0x00000000c3c00000, 0x00000000c3c00000|100%| O|  |TAMS 0x00000000c3b00000, 0x00000000c3b00000| Untracked 
|  38|0x00000000c3c00000, 0x00000000c3d00000, 0x00000000c3d00000|100%| O|  |TAMS 0x00000000c3c00000, 0x00000000c3c00000| Untracked 
|  39|0x00000000c3d00000, 0x00000000c3e00000, 0x00000000c3e00000|100%| O|  |TAMS 0x00000000c3d00000, 0x00000000c3d00000| Untracked 
|  40|0x00000000c3e00000, 0x00000000c3f00000, 0x00000000c3f00000|100%| O|  |TAMS 0x00000000c3e00000, 0x00000000c3e00000| Untracked 
|  41|0x00000000c3f00000, 0x00000000c3f0d600, 0x00000000c4000000|  5%| O|  |TAMS 0x00000000c3f00000, 0x00000000c3f00000| Untracked 
|  42|0x00000000c4000000, 0x00000000c4000000, 0x00000000c4100000|  0%| F|  |TAMS 0x00000000c4000000, 0x00000000c4000000| Untracked 
|  43|0x00000000c4100000, 0x00000000c4100000, 0x00000000c4200000|  0%| F|  |TAMS 0x00000000c4100000, 0x00000000c4100000| Untracked 
|  44|0x00000000c4200000, 0x00000000c4200000, 0x00000000c4300000|  0%| F|  |TAMS 0x00000000c4200000, 0x00000000c4200000| Untracked 
|  45|0x00000000c4300000, 0x00000000c4300000, 0x00000000c4400000|  0%| F|  |TAMS 0x00000000c4300000, 0x00000000c4300000| Untracked 
|  46|0x00000000c4400000, 0x00000000c4400000, 0x00000000c4500000|  0%| F|  |TAMS 0x00000000c4400000, 0x00000000c4400000| Untracked 
|  47|0x00000000c4500000, 0x00000000c4500000, 0x00000000c4600000|  0%| F|  |TAMS 0x00000000c4500000, 0x00000000c4500000| Untracked 
|  48|0x00000000c4600000, 0x00000000c4600000, 0x00000000c4700000|  0%| F|  |TAMS 0x00000000c4600000, 0x00000000c4600000| Untracked 
|  49|0x00000000c4700000, 0x00000000c4700000, 0x00000000c4800000|  0%| F|  |TAMS 0x00000000c4700000, 0x00000000c4700000| Untracked 
|  50|0x00000000c4800000, 0x00000000c4800000, 0x00000000c4900000|  0%| F|  |TAMS 0x00000000c4800000, 0x00000000c4800000| Untracked 
|  51|0x00000000c4900000, 0x00000000c4900000, 0x00000000c4a00000|  0%| F|  |TAMS 0x00000000c4900000, 0x00000000c4900000| Untracked 
|  52|0x00000000c4a00000, 0x00000000c4a00000, 0x00000000c4b00000|  0%| F|  |TAMS 0x00000000c4a00000, 0x00000000c4a00000| Untracked 
|  53|0x00000000c4b00000, 0x00000000c4b00000, 0x00000000c4c00000|  0%| F|  |TAMS 0x00000000c4b00000, 0x00000000c4b00000| Untracked 
|  54|0x00000000c4c00000, 0x00000000c4c00000, 0x00000000c4d00000|  0%| F|  |TAMS 0x00000000c4c00000, 0x00000000c4c00000| Untracked 
|  55|0x00000000c4d00000, 0x00000000c4d00000, 0x00000000c4e00000|  0%| F|  |TAMS 0x00000000c4d00000, 0x00000000c4d00000| Untracked 
|  56|0x00000000c4e00000, 0x00000000c4e00000, 0x00000000c4f00000|  0%| F|  |TAMS 0x00000000c4e00000, 0x00000000c4e00000| Untracked 
|  57|0x00000000c4f00000, 0x00000000c4f00000, 0x00000000c5000000|  0%| F|  |TAMS 0x00000000c4f00000, 0x00000000c4f00000| Untracked 
|  58|0x00000000c5000000, 0x00000000c5000000, 0x00000000c5100000|  0%| F|  |TAMS 0x00000000c5000000, 0x00000000c5000000| Untracked 
|  59|0x00000000c5100000, 0x00000000c5100000, 0x00000000c5200000|  0%| F|  |TAMS 0x00000000c5100000, 0x00000000c5100000| Untracked 
|  60|0x00000000c5200000, 0x00000000c5200000, 0x00000000c5300000|  0%| F|  |TAMS 0x00000000c5200000, 0x00000000c5200000| Untracked 
|  61|0x00000000c5300000, 0x00000000c5300000, 0x00000000c5400000|  0%| F|  |TAMS 0x00000000c5300000, 0x00000000c5300000| Untracked 
|  62|0x00000000c5400000, 0x00000000c5400000, 0x00000000c5500000|  0%| F|  |TAMS 0x00000000c5400000, 0x00000000c5400000| Untracked 
|  63|0x00000000c5500000, 0x00000000c5500000, 0x00000000c5600000|  0%| F|  |TAMS 0x00000000c5500000, 0x00000000c5500000| Untracked 
|  64|0x00000000c5600000, 0x00000000c5600000, 0x00000000c5700000|  0%| F|  |TAMS 0x00000000c5600000, 0x00000000c5600000| Untracked 
|  65|0x00000000c5700000, 0x00000000c5700000, 0x00000000c5800000|  0%| F|  |TAMS 0x00000000c5700000, 0x00000000c5700000| Untracked 
|  66|0x00000000c5800000, 0x00000000c5800000, 0x00000000c5900000|  0%| F|  |TAMS 0x00000000c5800000, 0x00000000c5800000| Untracked 
|  67|0x00000000c5900000, 0x00000000c5900000, 0x00000000c5a00000|  0%| F|  |TAMS 0x00000000c5900000, 0x00000000c5900000| Untracked 
|  68|0x00000000c5a00000, 0x00000000c5a00000, 0x00000000c5b00000|  0%| F|  |TAMS 0x00000000c5a00000, 0x00000000c5a00000| Untracked 
|  69|0x00000000c5b00000, 0x00000000c5b00000, 0x00000000c5c00000|  0%| F|  |TAMS 0x00000000c5b00000, 0x00000000c5b00000| Untracked 
|  70|0x00000000c5c00000, 0x00000000c5c00000, 0x00000000c5d00000|  0%| F|  |TAMS 0x00000000c5c00000, 0x00000000c5c00000| Untracked 
|  71|0x00000000c5d00000, 0x00000000c5d00000, 0x00000000c5e00000|  0%| F|  |TAMS 0x00000000c5d00000, 0x00000000c5d00000| Untracked 
|  72|0x00000000c5e00000, 0x00000000c5e00000, 0x00000000c5f00000|  0%| F|  |TAMS 0x00000000c5e00000, 0x00000000c5e00000| Untracked 
|  73|0x00000000c5f00000, 0x00000000c5f00000, 0x00000000c6000000|  0%| F|  |TAMS 0x00000000c5f00000, 0x00000000c5f00000| Untracked 
|  74|0x00000000c6000000, 0x00000000c6000000, 0x00000000c6100000|  0%| F|  |TAMS 0x00000000c6000000, 0x00000000c6000000| Untracked 
|  75|0x00000000c6100000, 0x00000000c6100000, 0x00000000c6200000|  0%| F|  |TAMS 0x00000000c6100000, 0x00000000c6100000| Untracked 
|  76|0x00000000c6200000, 0x00000000c6200000, 0x00000000c6300000|  0%| F|  |TAMS 0x00000000c6200000, 0x00000000c6200000| Untracked 
|  77|0x00000000c6300000, 0x00000000c6300000, 0x00000000c6400000|  0%| F|  |TAMS 0x00000000c6300000, 0x00000000c6300000| Untracked 
|  78|0x00000000c6400000, 0x00000000c6400000, 0x00000000c6500000|  0%| F|  |TAMS 0x00000000c6400000, 0x00000000c6400000| Untracked 
|  79|0x00000000c6500000, 0x00000000c6500000, 0x00000000c6600000|  0%| F|  |TAMS 0x00000000c6500000, 0x00000000c6500000| Untracked 
|  80|0x00000000c6600000, 0x00000000c6600000, 0x00000000c6700000|  0%| F|  |TAMS 0x00000000c6600000, 0x00000000c6600000| Untracked 
|  81|0x00000000c6700000, 0x00000000c67f4780, 0x00000000c6800000| 95%| S|CS|TAMS 0x00000000c6700000, 0x00000000c6700000| Complete 
|  82|0x00000000c6800000, 0x00000000c6900000, 0x00000000c6900000|100%| S|CS|TAMS 0x00000000c6800000, 0x00000000c6800000| Complete 
|  83|0x00000000c6900000, 0x00000000c6a00000, 0x00000000c6a00000|100%| S|CS|TAMS 0x00000000c6900000, 0x00000000c6900000| Complete 
|  84|0x00000000c6a00000, 0x00000000c6b00000, 0x00000000c6b00000|100%| S|CS|TAMS 0x00000000c6a00000, 0x00000000c6a00000| Complete 
|  85|0x00000000c6b00000, 0x00000000c6c00000, 0x00000000c6c00000|100%| S|CS|TAMS 0x00000000c6b00000, 0x00000000c6b00000| Complete 
|  86|0x00000000c6c00000, 0x00000000c6d00000, 0x00000000c6d00000|100%| S|CS|TAMS 0x00000000c6c00000, 0x00000000c6c00000| Complete 
|  87|0x00000000c6d00000, 0x00000000c6e00000, 0x00000000c6e00000|100%| S|CS|TAMS 0x00000000c6d00000, 0x00000000c6d00000| Complete 
|  88|0x00000000c6e00000, 0x00000000c6f00000, 0x00000000c6f00000|100%| S|CS|TAMS 0x00000000c6e00000, 0x00000000c6e00000| Complete 
|  89|0x00000000c6f00000, 0x00000000c7000000, 0x00000000c7000000|100%| S|CS|TAMS 0x00000000c6f00000, 0x00000000c6f00000| Complete 
|  90|0x00000000c7000000, 0x00000000c7100000, 0x00000000c7100000|100%| S|CS|TAMS 0x00000000c7000000, 0x00000000c7000000| Complete 
|  91|0x00000000c7100000, 0x00000000c7100000, 0x00000000c7200000|  0%| F|  |TAMS 0x00000000c7100000, 0x00000000c7100000| Untracked 
|  92|0x00000000c7200000, 0x00000000c7200000, 0x00000000c7300000|  0%| F|  |TAMS 0x00000000c7200000, 0x00000000c7200000| Untracked 
|  93|0x00000000c7300000, 0x00000000c7300000, 0x00000000c7400000|  0%| F|  |TAMS 0x00000000c7300000, 0x00000000c7300000| Untracked 
|  94|0x00000000c7400000, 0x00000000c7400000, 0x00000000c7500000|  0%| F|  |TAMS 0x00000000c7400000, 0x00000000c7400000| Untracked 
|  95|0x00000000c7500000, 0x00000000c7500000, 0x00000000c7600000|  0%| F|  |TAMS 0x00000000c7500000, 0x00000000c7500000| Untracked 
|  96|0x00000000c7600000, 0x00000000c7600000, 0x00000000c7700000|  0%| F|  |TAMS 0x00000000c7600000, 0x00000000c7600000| Untracked 
|  97|0x00000000c7700000, 0x00000000c7700000, 0x00000000c7800000|  0%| F|  |TAMS 0x00000000c7700000, 0x00000000c7700000| Untracked 
|  98|0x00000000c7800000, 0x00000000c7800000, 0x00000000c7900000|  0%| F|  |TAMS 0x00000000c7800000, 0x00000000c7800000| Untracked 
|  99|0x00000000c7900000, 0x00000000c7900000, 0x00000000c7a00000|  0%| F|  |TAMS 0x00000000c7900000, 0x00000000c7900000| Untracked 
| 100|0x00000000c7a00000, 0x00000000c7a00000, 0x00000000c7b00000|  0%| F|  |TAMS 0x00000000c7a00000, 0x00000000c7a00000| Untracked 
| 101|0x00000000c7b00000, 0x00000000c7b00000, 0x00000000c7c00000|  0%| F|  |TAMS 0x00000000c7b00000, 0x00000000c7b00000| Untracked 
| 102|0x00000000c7c00000, 0x00000000c7d00000, 0x00000000c7d00000|100%| S|CS|TAMS 0x00000000c7c00000, 0x00000000c7c00000| Complete 
| 103|0x00000000c7d00000, 0x00000000c7e00000, 0x00000000c7e00000|100%| S|CS|TAMS 0x00000000c7d00000, 0x00000000c7d00000| Complete 
| 104|0x00000000c7e00000, 0x00000000c7e00000, 0x00000000c7f00000|  0%| F|  |TAMS 0x00000000c7e00000, 0x00000000c7e00000| Untracked 
| 105|0x00000000c7f00000, 0x00000000c7f00000, 0x00000000c8000000|  0%| F|  |TAMS 0x00000000c7f00000, 0x00000000c7f00000| Untracked 
| 106|0x00000000c8000000, 0x00000000c8000000, 0x00000000c8100000|  0%| F|  |TAMS 0x00000000c8000000, 0x00000000c8000000| Untracked 
| 107|0x00000000c8100000, 0x00000000c8100000, 0x00000000c8200000|  0%| F|  |TAMS 0x00000000c8100000, 0x00000000c8100000| Untracked 
| 108|0x00000000c8200000, 0x00000000c8200000, 0x00000000c8300000|  0%| F|  |TAMS 0x00000000c8200000, 0x00000000c8200000| Untracked 
| 109|0x00000000c8300000, 0x00000000c8300000, 0x00000000c8400000|  0%| F|  |TAMS 0x00000000c8300000, 0x00000000c8300000| Untracked 
| 110|0x00000000c8400000, 0x00000000c8400000, 0x00000000c8500000|  0%| F|  |TAMS 0x00000000c8400000, 0x00000000c8400000| Untracked 
| 111|0x00000000c8500000, 0x00000000c8500000, 0x00000000c8600000|  0%| F|  |TAMS 0x00000000c8500000, 0x00000000c8500000| Untracked 
| 112|0x00000000c8600000, 0x00000000c8600000, 0x00000000c8700000|  0%| F|  |TAMS 0x00000000c8600000, 0x00000000c8600000| Untracked 
| 113|0x00000000c8700000, 0x00000000c8700000, 0x00000000c8800000|  0%| F|  |TAMS 0x00000000c8700000, 0x00000000c8700000| Untracked 
| 114|0x00000000c8800000, 0x00000000c8800000, 0x00000000c8900000|  0%| F|  |TAMS 0x00000000c8800000, 0x00000000c8800000| Untracked 
| 115|0x00000000c8900000, 0x00000000c8900000, 0x00000000c8a00000|  0%| F|  |TAMS 0x00000000c8900000, 0x00000000c8900000| Untracked 
| 116|0x00000000c8a00000, 0x00000000c8a00000, 0x00000000c8b00000|  0%| F|  |TAMS 0x00000000c8a00000, 0x00000000c8a00000| Untracked 
| 117|0x00000000c8b00000, 0x00000000c8b00000, 0x00000000c8c00000|  0%| F|  |TAMS 0x00000000c8b00000, 0x00000000c8b00000| Untracked 
| 118|0x00000000c8c00000, 0x00000000c8c00000, 0x00000000c8d00000|  0%| F|  |TAMS 0x00000000c8c00000, 0x00000000c8c00000| Untracked 
| 119|0x00000000c8d00000, 0x00000000c8d00000, 0x00000000c8e00000|  0%| F|  |TAMS 0x00000000c8d00000, 0x00000000c8d00000| Untracked 
| 120|0x00000000c8e00000, 0x00000000c8e00000, 0x00000000c8f00000|  0%| F|  |TAMS 0x00000000c8e00000, 0x00000000c8e00000| Untracked 
| 121|0x00000000c8f00000, 0x00000000c8f00000, 0x00000000c9000000|  0%| F|  |TAMS 0x00000000c8f00000, 0x00000000c8f00000| Untracked 
| 122|0x00000000c9000000, 0x00000000c9000000, 0x00000000c9100000|  0%| F|  |TAMS 0x00000000c9000000, 0x00000000c9000000| Untracked 
| 123|0x00000000c9100000, 0x00000000c9100000, 0x00000000c9200000|  0%| F|  |TAMS 0x00000000c9100000, 0x00000000c9100000| Untracked 
| 124|0x00000000c9200000, 0x00000000c9200000, 0x00000000c9300000|  0%| F|  |TAMS 0x00000000c9200000, 0x00000000c9200000| Untracked 
| 125|0x00000000c9300000, 0x00000000c9300000, 0x00000000c9400000|  0%| F|  |TAMS 0x00000000c9300000, 0x00000000c9300000| Untracked 
| 126|0x00000000c9400000, 0x00000000c9400000, 0x00000000c9500000|  0%| F|  |TAMS 0x00000000c9400000, 0x00000000c9400000| Untracked 
| 127|0x00000000c9500000, 0x00000000c9500000, 0x00000000c9600000|  0%| F|  |TAMS 0x00000000c9500000, 0x00000000c9500000| Untracked 
| 128|0x00000000c9600000, 0x00000000c9600000, 0x00000000c9700000|  0%| F|  |TAMS 0x00000000c9600000, 0x00000000c9600000| Untracked 
| 129|0x00000000c9700000, 0x00000000c9700000, 0x00000000c9800000|  0%| F|  |TAMS 0x00000000c9700000, 0x00000000c9700000| Untracked 
| 130|0x00000000c9800000, 0x00000000c9800000, 0x00000000c9900000|  0%| F|  |TAMS 0x00000000c9800000, 0x00000000c9800000| Untracked 
| 131|0x00000000c9900000, 0x00000000c9900000, 0x00000000c9a00000|  0%| F|  |TAMS 0x00000000c9900000, 0x00000000c9900000| Untracked 
| 132|0x00000000c9a00000, 0x00000000c9a00000, 0x00000000c9b00000|  0%| F|  |TAMS 0x00000000c9a00000, 0x00000000c9a00000| Untracked 
| 133|0x00000000c9b00000, 0x00000000c9b00000, 0x00000000c9c00000|  0%| F|  |TAMS 0x00000000c9b00000, 0x00000000c9b00000| Untracked 
| 134|0x00000000c9c00000, 0x00000000c9c00000, 0x00000000c9d00000|  0%| F|  |TAMS 0x00000000c9c00000, 0x00000000c9c00000| Untracked 
| 135|0x00000000c9d00000, 0x00000000c9d00000, 0x00000000c9e00000|  0%| F|  |TAMS 0x00000000c9d00000, 0x00000000c9d00000| Untracked 
| 136|0x00000000c9e00000, 0x00000000c9e00000, 0x00000000c9f00000|  0%| F|  |TAMS 0x00000000c9e00000, 0x00000000c9e00000| Untracked 
| 137|0x00000000c9f00000, 0x00000000c9f00000, 0x00000000ca000000|  0%| F|  |TAMS 0x00000000c9f00000, 0x00000000c9f00000| Untracked 
| 138|0x00000000ca000000, 0x00000000ca000000, 0x00000000ca100000|  0%| F|  |TAMS 0x00000000ca000000, 0x00000000ca000000| Untracked 
| 139|0x00000000ca100000, 0x00000000ca100000, 0x00000000ca200000|  0%| F|  |TAMS 0x00000000ca100000, 0x00000000ca100000| Untracked 
| 140|0x00000000ca200000, 0x00000000ca200000, 0x00000000ca300000|  0%| F|  |TAMS 0x00000000ca200000, 0x00000000ca200000| Untracked 
| 141|0x00000000ca300000, 0x00000000ca300000, 0x00000000ca400000|  0%| F|  |TAMS 0x00000000ca300000, 0x00000000ca300000| Untracked 
| 142|0x00000000ca400000, 0x00000000ca400000, 0x00000000ca500000|  0%| F|  |TAMS 0x00000000ca400000, 0x00000000ca400000| Untracked 
| 143|0x00000000ca500000, 0x00000000ca500000, 0x00000000ca600000|  0%| F|  |TAMS 0x00000000ca500000, 0x00000000ca500000| Untracked 
| 144|0x00000000ca600000, 0x00000000ca600000, 0x00000000ca700000|  0%| F|  |TAMS 0x00000000ca600000, 0x00000000ca600000| Untracked 
| 145|0x00000000ca700000, 0x00000000ca700000, 0x00000000ca800000|  0%| F|  |TAMS 0x00000000ca700000, 0x00000000ca700000| Untracked 
| 146|0x00000000ca800000, 0x00000000ca800000, 0x00000000ca900000|  0%| F|  |TAMS 0x00000000ca800000, 0x00000000ca800000| Untracked 
| 147|0x00000000ca900000, 0x00000000ca900000, 0x00000000caa00000|  0%| F|  |TAMS 0x00000000ca900000, 0x00000000ca900000| Untracked 
| 148|0x00000000caa00000, 0x00000000caa00000, 0x00000000cab00000|  0%| F|  |TAMS 0x00000000caa00000, 0x00000000caa00000| Untracked 
| 149|0x00000000cab00000, 0x00000000cab00000, 0x00000000cac00000|  0%| F|  |TAMS 0x00000000cab00000, 0x00000000cab00000| Untracked 
| 150|0x00000000cac00000, 0x00000000cac00000, 0x00000000cad00000|  0%| F|  |TAMS 0x00000000cac00000, 0x00000000cac00000| Untracked 
| 151|0x00000000cad00000, 0x00000000cad00000, 0x00000000cae00000|  0%| F|  |TAMS 0x00000000cad00000, 0x00000000cad00000| Untracked 
| 152|0x00000000cae00000, 0x00000000cae00000, 0x00000000caf00000|  0%| F|  |TAMS 0x00000000cae00000, 0x00000000cae00000| Untracked 
| 153|0x00000000caf00000, 0x00000000caf00000, 0x00000000cb000000|  0%| F|  |TAMS 0x00000000caf00000, 0x00000000caf00000| Untracked 
| 154|0x00000000cb000000, 0x00000000cb000000, 0x00000000cb100000|  0%| F|  |TAMS 0x00000000cb000000, 0x00000000cb000000| Untracked 
| 155|0x00000000cb100000, 0x00000000cb100000, 0x00000000cb200000|  0%| F|  |TAMS 0x00000000cb100000, 0x00000000cb100000| Untracked 
| 156|0x00000000cb200000, 0x00000000cb200000, 0x00000000cb300000|  0%| F|  |TAMS 0x00000000cb200000, 0x00000000cb200000| Untracked 
| 157|0x00000000cb300000, 0x00000000cb300000, 0x00000000cb400000|  0%| F|  |TAMS 0x00000000cb300000, 0x00000000cb300000| Untracked 
| 158|0x00000000cb400000, 0x00000000cb400000, 0x00000000cb500000|  0%| F|  |TAMS 0x00000000cb400000, 0x00000000cb400000| Untracked 
| 159|0x00000000cb500000, 0x00000000cb500000, 0x00000000cb600000|  0%| F|  |TAMS 0x00000000cb500000, 0x00000000cb500000| Untracked 
| 160|0x00000000cb600000, 0x00000000cb600000, 0x00000000cb700000|  0%| F|  |TAMS 0x00000000cb600000, 0x00000000cb600000| Untracked 
| 161|0x00000000cb700000, 0x00000000cb700000, 0x00000000cb800000|  0%| F|  |TAMS 0x00000000cb700000, 0x00000000cb700000| Untracked 
| 162|0x00000000cb800000, 0x00000000cb800000, 0x00000000cb900000|  0%| F|  |TAMS 0x00000000cb800000, 0x00000000cb800000| Untracked 
| 163|0x00000000cb900000, 0x00000000cb900000, 0x00000000cba00000|  0%| F|  |TAMS 0x00000000cb900000, 0x00000000cb900000| Untracked 
| 164|0x00000000cba00000, 0x00000000cba00000, 0x00000000cbb00000|  0%| F|  |TAMS 0x00000000cba00000, 0x00000000cba00000| Untracked 
| 165|0x00000000cbb00000, 0x00000000cbb00000, 0x00000000cbc00000|  0%| F|  |TAMS 0x00000000cbb00000, 0x00000000cbb00000| Untracked 
| 166|0x00000000cbc00000, 0x00000000cbc00000, 0x00000000cbd00000|  0%| F|  |TAMS 0x00000000cbc00000, 0x00000000cbc00000| Untracked 
| 167|0x00000000cbd00000, 0x00000000cbd80800, 0x00000000cbe00000| 50%| E|  |TAMS 0x00000000cbd00000, 0x00000000cbd00000| Complete 
| 168|0x00000000cbe00000, 0x00000000cbf00000, 0x00000000cbf00000|100%| E|CS|TAMS 0x00000000cbe00000, 0x00000000cbe00000| Complete 
| 169|0x00000000cbf00000, 0x00000000cc000000, 0x00000000cc000000|100%| E|CS|TAMS 0x00000000cbf00000, 0x00000000cbf00000| Complete 
| 170|0x00000000cc000000, 0x00000000cc100000, 0x00000000cc100000|100%| E|CS|TAMS 0x00000000cc000000, 0x00000000cc000000| Complete 
| 171|0x00000000cc100000, 0x00000000cc200000, 0x00000000cc200000|100%| E|CS|TAMS 0x00000000cc100000, 0x00000000cc100000| Complete 
| 172|0x00000000cc200000, 0x00000000cc300000, 0x00000000cc300000|100%| E|CS|TAMS 0x00000000cc200000, 0x00000000cc200000| Complete 
| 173|0x00000000cc300000, 0x00000000cc400000, 0x00000000cc400000|100%| E|CS|TAMS 0x00000000cc300000, 0x00000000cc300000| Complete 
| 174|0x00000000cc400000, 0x00000000cc500000, 0x00000000cc500000|100%| E|CS|TAMS 0x00000000cc400000, 0x00000000cc400000| Complete 
| 175|0x00000000cc500000, 0x00000000cc600000, 0x00000000cc600000|100%| E|CS|TAMS 0x00000000cc500000, 0x00000000cc500000| Complete 
| 176|0x00000000cc600000, 0x00000000cc700000, 0x00000000cc700000|100%| E|CS|TAMS 0x00000000cc600000, 0x00000000cc600000| Complete 
| 177|0x00000000cc700000, 0x00000000cc800000, 0x00000000cc800000|100%| E|CS|TAMS 0x00000000cc700000, 0x00000000cc700000| Complete 
| 178|0x00000000cc800000, 0x00000000cc900000, 0x00000000cc900000|100%| E|CS|TAMS 0x00000000cc800000, 0x00000000cc800000| Complete 
| 179|0x00000000cc900000, 0x00000000cca00000, 0x00000000cca00000|100%| E|CS|TAMS 0x00000000cc900000, 0x00000000cc900000| Complete 
| 180|0x00000000cca00000, 0x00000000ccb00000, 0x00000000ccb00000|100%| E|CS|TAMS 0x00000000cca00000, 0x00000000cca00000| Complete 
| 181|0x00000000ccb00000, 0x00000000ccc00000, 0x00000000ccc00000|100%| E|CS|TAMS 0x00000000ccb00000, 0x00000000ccb00000| Complete 
| 182|0x00000000ccc00000, 0x00000000ccd00000, 0x00000000ccd00000|100%| E|CS|TAMS 0x00000000ccc00000, 0x00000000ccc00000| Complete 
| 183|0x00000000ccd00000, 0x00000000cce00000, 0x00000000cce00000|100%| E|CS|TAMS 0x00000000ccd00000, 0x00000000ccd00000| Complete 
| 184|0x00000000cce00000, 0x00000000ccf00000, 0x00000000ccf00000|100%| E|CS|TAMS 0x00000000cce00000, 0x00000000cce00000| Complete 
| 185|0x00000000ccf00000, 0x00000000cd000000, 0x00000000cd000000|100%| E|CS|TAMS 0x00000000ccf00000, 0x00000000ccf00000| Complete 
| 186|0x00000000cd000000, 0x00000000cd100000, 0x00000000cd100000|100%| E|CS|TAMS 0x00000000cd000000, 0x00000000cd000000| Complete 
| 187|0x00000000cd100000, 0x00000000cd200000, 0x00000000cd200000|100%| E|CS|TAMS 0x00000000cd100000, 0x00000000cd100000| Complete 
| 188|0x00000000cd200000, 0x00000000cd300000, 0x00000000cd300000|100%| E|CS|TAMS 0x00000000cd200000, 0x00000000cd200000| Complete 
| 189|0x00000000cd300000, 0x00000000cd400000, 0x00000000cd400000|100%| E|CS|TAMS 0x00000000cd300000, 0x00000000cd300000| Complete 
| 190|0x00000000cd400000, 0x00000000cd500000, 0x00000000cd500000|100%| E|CS|TAMS 0x00000000cd400000, 0x00000000cd400000| Complete 
| 191|0x00000000cd500000, 0x00000000cd600000, 0x00000000cd600000|100%| E|CS|TAMS 0x00000000cd500000, 0x00000000cd500000| Complete 
| 192|0x00000000cd600000, 0x00000000cd700000, 0x00000000cd700000|100%| E|CS|TAMS 0x00000000cd600000, 0x00000000cd600000| Complete 
| 193|0x00000000cd700000, 0x00000000cd800000, 0x00000000cd800000|100%| E|CS|TAMS 0x00000000cd700000, 0x00000000cd700000| Complete 
| 194|0x00000000cd800000, 0x00000000cd900000, 0x00000000cd900000|100%| E|CS|TAMS 0x00000000cd800000, 0x00000000cd800000| Complete 
| 195|0x00000000cd900000, 0x00000000cda00000, 0x00000000cda00000|100%| E|CS|TAMS 0x00000000cd900000, 0x00000000cd900000| Complete 
| 196|0x00000000cda00000, 0x00000000cdb00000, 0x00000000cdb00000|100%| E|CS|TAMS 0x00000000cda00000, 0x00000000cda00000| Complete 
| 197|0x00000000cdb00000, 0x00000000cdc00000, 0x00000000cdc00000|100%| E|CS|TAMS 0x00000000cdb00000, 0x00000000cdb00000| Complete 
| 198|0x00000000cdc00000, 0x00000000cdd00000, 0x00000000cdd00000|100%| E|CS|TAMS 0x00000000cdc00000, 0x00000000cdc00000| Complete 
| 199|0x00000000cdd00000, 0x00000000cde00000, 0x00000000cde00000|100%| E|CS|TAMS 0x00000000cdd00000, 0x00000000cdd00000| Complete 
| 200|0x00000000cde00000, 0x00000000cdf00000, 0x00000000cdf00000|100%| E|CS|TAMS 0x00000000cde00000, 0x00000000cde00000| Complete 
| 201|0x00000000cdf00000, 0x00000000ce000000, 0x00000000ce000000|100%| E|CS|TAMS 0x00000000cdf00000, 0x00000000cdf00000| Complete 
| 202|0x00000000ce000000, 0x00000000ce100000, 0x00000000ce100000|100%| E|CS|TAMS 0x00000000ce000000, 0x00000000ce000000| Complete 
| 203|0x00000000ce100000, 0x00000000ce200000, 0x00000000ce200000|100%| E|CS|TAMS 0x00000000ce100000, 0x00000000ce100000| Complete 
| 204|0x00000000ce200000, 0x00000000ce300000, 0x00000000ce300000|100%| E|CS|TAMS 0x00000000ce200000, 0x00000000ce200000| Complete 
| 205|0x00000000ce300000, 0x00000000ce400000, 0x00000000ce400000|100%| E|CS|TAMS 0x00000000ce300000, 0x00000000ce300000| Complete 
| 206|0x00000000ce400000, 0x00000000ce500000, 0x00000000ce500000|100%| E|CS|TAMS 0x00000000ce400000, 0x00000000ce400000| Complete 
| 207|0x00000000ce500000, 0x00000000ce600000, 0x00000000ce600000|100%| E|CS|TAMS 0x00000000ce500000, 0x00000000ce500000| Complete 
| 208|0x00000000ce600000, 0x00000000ce700000, 0x00000000ce700000|100%| E|CS|TAMS 0x00000000ce600000, 0x00000000ce600000| Complete 
| 209|0x00000000ce700000, 0x00000000ce800000, 0x00000000ce800000|100%| E|CS|TAMS 0x00000000ce700000, 0x00000000ce700000| Complete 
| 210|0x00000000ce800000, 0x00000000ce900000, 0x00000000ce900000|100%| E|CS|TAMS 0x00000000ce800000, 0x00000000ce800000| Complete 
| 211|0x00000000ce900000, 0x00000000cea00000, 0x00000000cea00000|100%| E|CS|TAMS 0x00000000ce900000, 0x00000000ce900000| Complete 
| 212|0x00000000cea00000, 0x00000000ceb00000, 0x00000000ceb00000|100%| E|CS|TAMS 0x00000000cea00000, 0x00000000cea00000| Complete 
| 213|0x00000000ceb00000, 0x00000000cec00000, 0x00000000cec00000|100%| E|CS|TAMS 0x00000000ceb00000, 0x00000000ceb00000| Complete 
| 214|0x00000000cec00000, 0x00000000ced00000, 0x00000000ced00000|100%| E|CS|TAMS 0x00000000cec00000, 0x00000000cec00000| Complete 
| 215|0x00000000ced00000, 0x00000000cee00000, 0x00000000cee00000|100%| E|CS|TAMS 0x00000000ced00000, 0x00000000ced00000| Complete 
| 216|0x00000000cee00000, 0x00000000cef00000, 0x00000000cef00000|100%| E|CS|TAMS 0x00000000cee00000, 0x00000000cee00000| Complete 
| 217|0x00000000cef00000, 0x00000000cf000000, 0x00000000cf000000|100%| E|CS|TAMS 0x00000000cef00000, 0x00000000cef00000| Complete 
| 218|0x00000000cf000000, 0x00000000cf100000, 0x00000000cf100000|100%| E|CS|TAMS 0x00000000cf000000, 0x00000000cf000000| Complete 
| 219|0x00000000cf100000, 0x00000000cf200000, 0x00000000cf200000|100%| E|CS|TAMS 0x00000000cf100000, 0x00000000cf100000| Complete 
| 220|0x00000000cf200000, 0x00000000cf300000, 0x00000000cf300000|100%| E|CS|TAMS 0x00000000cf200000, 0x00000000cf200000| Complete 
| 221|0x00000000cf300000, 0x00000000cf400000, 0x00000000cf400000|100%| E|CS|TAMS 0x00000000cf300000, 0x00000000cf300000| Complete 
| 222|0x00000000cf400000, 0x00000000cf500000, 0x00000000cf500000|100%| E|CS|TAMS 0x00000000cf400000, 0x00000000cf400000| Complete 
| 223|0x00000000cf500000, 0x00000000cf600000, 0x00000000cf600000|100%| E|CS|TAMS 0x00000000cf500000, 0x00000000cf500000| Complete 
| 224|0x00000000cf600000, 0x00000000cf700000, 0x00000000cf700000|100%| E|CS|TAMS 0x00000000cf600000, 0x00000000cf600000| Complete 
| 225|0x00000000cf700000, 0x00000000cf800000, 0x00000000cf800000|100%| E|CS|TAMS 0x00000000cf700000, 0x00000000cf700000| Complete 
| 226|0x00000000cf800000, 0x00000000cf900000, 0x00000000cf900000|100%| E|CS|TAMS 0x00000000cf800000, 0x00000000cf800000| Complete 
| 227|0x00000000cf900000, 0x00000000cfa00000, 0x00000000cfa00000|100%| E|CS|TAMS 0x00000000cf900000, 0x00000000cf900000| Complete 
| 228|0x00000000cfa00000, 0x00000000cfb00000, 0x00000000cfb00000|100%| E|CS|TAMS 0x00000000cfa00000, 0x00000000cfa00000| Complete 
| 229|0x00000000cfb00000, 0x00000000cfc00000, 0x00000000cfc00000|100%| E|CS|TAMS 0x00000000cfb00000, 0x00000000cfb00000| Complete 
| 230|0x00000000cfc00000, 0x00000000cfd00000, 0x00000000cfd00000|100%| E|CS|TAMS 0x00000000cfc00000, 0x00000000cfc00000| Complete 

Card table byte_map: [0x00000262f5ef0000,0x00000262f60f0000] _byte_map_base: 0x00000262f58e5000

Marking Bits (Prev, Next): (CMBitMap*) 0x00000262de820b48, (CMBitMap*) 0x00000262de820b88
 Prev Bits: [0x00000262f62f0000, 0x00000262f7298000)
 Next Bits: [0x00000262f72a0000, 0x00000262f8248000)

Polling page: 0x00000262dc690000

Metaspace:

Usage:
  Non-class:     10.83 MB capacity,    10.62 MB ( 98%) used,   190.07 KB (  2%) free+waste,    25.88 KB ( <1%) overhead. 
      Class:      1.24 MB capacity,     1.12 MB ( 90%) used,   109.03 KB (  9%) free+waste,    14.50 KB (  1%) overhead. 
       Both:     12.07 MB capacity,    11.74 MB ( 97%) used,   299.10 KB (  2%) free+waste,    40.38 KB ( <1%) overhead. 

Virtual space:
  Non-class space:       12.00 MB reserved,      11.00 MB ( 92%) committed 
      Class space:        1.00 GB reserved,       1.25 MB ( <1%) committed 
             Both:        1.01 GB reserved,      12.25 MB (  1%) committed 

Chunk freelists:
   Non-Class:  48.00 KB
       Class:  8.00 KB
        Both:  56.00 KB

MaxMetaspaceSize: 17179869184.00 GB
CompressedClassSpaceSize: 1.00 GB

CodeHeap 'non-profiled nmethods': size=120000Kb used=2972Kb max_used=2972Kb free=117027Kb
 bounds [0x00000262ee7c0000, 0x00000262eeab0000, 0x00000262f5cf0000]
CodeHeap 'profiled nmethods': size=120000Kb used=6814Kb max_used=9098Kb free=113185Kb
 bounds [0x00000262e7290000, 0x00000262e7b80000, 0x00000262ee7c0000]
CodeHeap 'non-nmethods': size=5760Kb used=1338Kb max_used=1394Kb free=4421Kb
 bounds [0x00000262e6cf0000, 0x00000262e6f60000, 0x00000262e7290000]
 total_blobs=5923 nmethods=3017 adapters=540
 compilation: enabled
              stopped_count=0, restarted_count=0
 full_count=0

Compilation events (20 events):
Event: 43.052 Thread 0x00000262fa800000 nmethod 3630 0x00000262eea9cd10 code [0x00000262eea9ce80, 0x00000262eea9cf38]
Event: 43.057 Thread 0x00000262fa800000 3631       4       java.lang.StackTraceElement::<init> (10 bytes)
Event: 43.058 Thread 0x00000262fa800000 nmethod 3631 0x00000262eea9d010 code [0x00000262eea9d1a0, 0x00000262eea9d218]
Event: 43.058 Thread 0x00000262fa800000 3632  s!   4       java.lang.StackTraceElement::computeFormat (71 bytes)
Event: 43.079 Thread 0x00000262fa800000 nmethod 3632 0x00000262eea9d310 code [0x00000262eea9d4e0, 0x00000262eea9df18]
Event: 43.079 Thread 0x00000262fa800000 3633   !   4       java.io.BufferedWriter::flushBuffer (53 bytes)
Event: 43.110 Thread 0x00000262fa800000 nmethod 3633 0x00000262eea9e510 code [0x00000262eea9e720, 0x00000262eea9fa48]
Event: 43.110 Thread 0x00000262fa800000 3634       4       java.lang.AbstractStringBuilder::append (55 bytes)
Event: 43.129 Thread 0x00000262fa800000 nmethod 3634 0x00000262eeaa0b10 code [0x00000262eeaa0cc0, 0x00000262eeaa1728]
Event: 43.329 Thread 0x00000262fa800000 3635       4       java.nio.ByteBuffer::clear (7 bytes)
Event: 43.330 Thread 0x00000262fa800000 nmethod 3635 0x00000262eeaa1b10 code [0x00000262eeaa1ca0, 0x00000262eeaa1d38]
Event: 43.349 Thread 0x00000262fa800000 3636   !   4       sun.nio.cs.StreamEncoder::flushBuffer (42 bytes)
Event: 43.368 Thread 0x00000262fa800000 nmethod 3636 0x00000262eeaa1e10 code [0x00000262eeaa2000, 0x00000262eeaa3108]
Event: 43.368 Thread 0x00000262fa800000 3637       4       sun.nio.cs.StreamEncoder::writeBytes (132 bytes)
Event: 43.381 Thread 0x00000262fa800000 nmethod 3637 0x00000262eeaa3990 code [0x00000262eeaa3b80, 0x00000262eeaa4808]
Event: 43.381 Thread 0x00000262fa800000 3638   !   4       java.io.PrintStream::write (69 bytes)
Event: 43.388 Thread 0x00000262fa800000 nmethod 3638 0x00000262eeaa4e90 code [0x00000262eeaa5060, 0x00000262eeaa5b08]
Event: 43.596 Thread 0x00000262fa800000 3639       4       java.lang.Throwable$WrappedPrintStream::println (9 bytes)
Event: 43.607 Thread 0x00000262fa800000 nmethod 3639 0x00000262eeaa6010 code [0x00000262eeaa6220, 0x00000262eeaa6bc0]
Event: 43.607 Thread 0x00000262fa800000 3642       4       java.lang.StackTraceElement::toString (322 bytes)

GC Heap History (20 events):
Event: 34.458 GC heap before
{Heap before GC invocations=64 (full 0):
 garbage-first heap   total 168960K, used 133137K [0x00000000c1600000, 0x0000000100000000)
  region size 1024K, 99 young (101376K), 8 survivors (8192K)
 Metaspace       used 11967K, capacity 12296K, committed 12544K, reserved 1060864K
  class space    used 1145K, capacity 1272K, committed 1280K, reserved 1048576K
}
Event: 34.469 GC heap after
{Heap after GC invocations=65 (full 0):
 garbage-first heap   total 168960K, used 41565K [0x00000000c1600000, 0x0000000100000000)
  region size 1024K, 8 young (8192K), 8 survivors (8192K)
 Metaspace       used 11967K, capacity 12296K, committed 12544K, reserved 1060864K
  class space    used 1145K, capacity 1272K, committed 1280K, reserved 1048576K
}
Event: 34.792 GC heap before
{Heap before GC invocations=65 (full 0):
 garbage-first heap   total 168960K, used 134749K [0x00000000c1600000, 0x0000000100000000)
  region size 1024K, 99 young (101376K), 8 survivors (8192K)
 Metaspace       used 11967K, capacity 12296K, committed 12544K, reserved 1060864K
  class space    used 1145K, capacity 1272K, committed 1280K, reserved 1048576K
}
Event: 34.803 GC heap after
{Heap after GC invocations=66 (full 0):
 garbage-first heap   total 202752K, used 42605K [0x00000000c1600000, 0x0000000100000000)
  region size 1024K, 8 young (8192K), 8 survivors (8192K)
 Metaspace       used 11967K, capacity 12296K, committed 12544K, reserved 1060864K
  class space    used 1145K, capacity 1272K, committed 1280K, reserved 1048576K
}
Event: 35.196 GC heap before
{Heap before GC invocations=66 (full 0):
 garbage-first heap   total 202752K, used 155245K [0x00000000c1600000, 0x0000000100000000)
  region size 1024K, 118 young (120832K), 8 survivors (8192K)
 Metaspace       used 11967K, capacity 12296K, committed 12544K, reserved 1060864K
  class space    used 1145K, capacity 1272K, committed 1280K, reserved 1048576K
}
Event: 35.208 GC heap after
{Heap after GC invocations=67 (full 0):
 garbage-first heap   total 202752K, used 43989K [0x00000000c1600000, 0x0000000100000000)
  region size 1024K, 10 young (10240K), 10 survivors (10240K)
 Metaspace       used 11967K, capacity 12296K, committed 12544K, reserved 1060864K
  class space    used 1145K, capacity 1272K, committed 1280K, reserved 1048576K
}
Event: 35.550 GC heap before
{Heap before GC invocations=67 (full 0):
 garbage-first heap   total 202752K, used 154581K [0x00000000c1600000, 0x0000000100000000)
  region size 1024K, 118 young (120832K), 10 survivors (10240K)
 Metaspace       used 11967K, capacity 12296K, committed 12544K, reserved 1060864K
  class space    used 1145K, capacity 1272K, committed 1280K, reserved 1048576K
}
Event: 35.563 GC heap after
{Heap after GC invocations=68 (full 0):
 garbage-first heap   total 202752K, used 45352K [0x00000000c1600000, 0x0000000100000000)
  region size 1024K, 10 young (10240K), 10 survivors (10240K)
 Metaspace       used 11967K, capacity 12296K, committed 12544K, reserved 1060864K
  class space    used 1145K, capacity 1272K, committed 1280K, reserved 1048576K
}
Event: 35.891 GC heap before
{Heap before GC invocations=68 (full 0):
 garbage-first heap   total 202752K, used 155944K [0x00000000c1600000, 0x0000000100000000)
  region size 1024K, 118 young (120832K), 10 survivors (10240K)
 Metaspace       used 11967K, capacity 12296K, committed 12544K, reserved 1060864K
  class space    used 1145K, capacity 1272K, committed 1280K, reserved 1048576K
}
Event: 35.904 GC heap after
{Heap after GC invocations=69 (full 0):
 garbage-first heap   total 202752K, used 46099K [0x00000000c1600000, 0x0000000100000000)
  region size 1024K, 9 young (9216K), 9 survivors (9216K)
 Metaspace       used 11967K, capacity 12296K, committed 12544K, reserved 1060864K
  class space    used 1145K, capacity 1272K, committed 1280K, reserved 1048576K
}
Event: 36.211 GC heap before
{Heap before GC invocations=69 (full 0):
 garbage-first heap   total 202752K, used 157715K [0x00000000c1600000, 0x0000000100000000)
  region size 1024K, 118 young (120832K), 9 survivors (9216K)
 Metaspace       used 11967K, capacity 12296K, committed 12544K, reserved 1060864K
  class space    used 1145K, capacity 1272K, committed 1280K, reserved 1048576K
}
Event: 36.223 GC heap after
{Heap after GC invocations=70 (full 0):
 garbage-first heap   total 202752K, used 47813K [0x00000000c1600000, 0x0000000100000000)
  region size 1024K, 9 young (9216K), 9 survivors (9216K)
 Metaspace       used 11967K, capacity 12296K, committed 12544K, reserved 1060864K
  class space    used 1145K, capacity 1272K, committed 1280K, reserved 1048576K
}
Event: 36.508 GC heap before
{Heap before GC invocations=70 (full 0):
 garbage-first heap   total 202752K, used 159429K [0x00000000c1600000, 0x0000000100000000)
  region size 1024K, 118 young (120832K), 9 survivors (9216K)
 Metaspace       used 11967K, capacity 12296K, committed 12544K, reserved 1060864K
  class space    used 1145K, capacity 1272K, committed 1280K, reserved 1048576K
}
Event: 36.521 GC heap after
{Heap after GC invocations=71 (full 0):
 garbage-first heap   total 202752K, used 49054K [0x00000000c1600000, 0x0000000100000000)
  region size 1024K, 9 young (9216K), 9 survivors (9216K)
 Metaspace       used 11967K, capacity 12296K, committed 12544K, reserved 1060864K
  class space    used 1145K, capacity 1272K, committed 1280K, reserved 1048576K
}
Event: 36.782 GC heap before
{Heap before GC invocations=71 (full 0):
 garbage-first heap   total 202752K, used 160670K [0x00000000c1600000, 0x0000000100000000)
  region size 1024K, 118 young (120832K), 9 survivors (9216K)
 Metaspace       used 11967K, capacity 12296K, committed 12544K, reserved 1060864K
  class space    used 1145K, capacity 1272K, committed 1280K, reserved 1048576K
}
Event: 36.795 GC heap after
{Heap after GC invocations=72 (full 0):
 garbage-first heap   total 236544K, used 50176K [0x00000000c1600000, 0x0000000100000000)
  region size 1024K, 9 young (9216K), 9 survivors (9216K)
 Metaspace       used 11967K, capacity 12296K, committed 12544K, reserved 1060864K
  class space    used 1145K, capacity 1272K, committed 1280K, reserved 1048576K
}
Event: 37.102 GC heap before
{Heap before GC invocations=72 (full 0):
 garbage-first heap   total 236544K, used 182272K [0x00000000c1600000, 0x0000000100000000)
  region size 1024K, 138 young (141312K), 9 survivors (9216K)
 Metaspace       used 11967K, capacity 12296K, committed 12544K, reserved 1060864K
  class space    used 1145K, capacity 1272K, committed 1280K, reserved 1048576K
}
Event: 37.116 GC heap after
{Heap after GC invocations=73 (full 0):
 garbage-first heap   total 236544K, used 52060K [0x00000000c1600000, 0x0000000100000000)
  region size 1024K, 11 young (11264K), 11 survivors (11264K)
 Metaspace       used 11967K, capacity 12296K, committed 12544K, reserved 1060864K
  class space    used 1145K, capacity 1272K, committed 1280K, reserved 1048576K
}
Event: 37.367 GC heap before
{Heap before GC invocations=73 (full 0):
 garbage-first heap   total 236544K, used 182108K [0x00000000c1600000, 0x0000000100000000)
  region size 1024K, 138 young (141312K), 11 survivors (11264K)
 Metaspace       used 11967K, capacity 12296K, committed 12544K, reserved 1060864K
  class space    used 1145K, capacity 1272K, committed 1280K, reserved 1048576K
}
Event: 37.383 GC heap after
{Heap after GC invocations=74 (full 0):
 garbage-first heap   total 236544K, used 54279K [0x00000000c1600000, 0x0000000100000000)
  region size 1024K, 12 young (12288K), 12 survivors (12288K)
 Metaspace       used 11967K, capacity 12296K, committed 12544K, reserved 1060864K
  class space    used 1145K, capacity 1272K, committed 1280K, reserved 1048576K
}

Deoptimization events (20 events):
Event: 42.279 Thread 0x00000262fb5db000 Uncommon trap: trap_request=0xffffff66 fr.pc=0x00000262ee9e5ae8 relative=0x0000000000004f08
Event: 42.279 Thread 0x00000262fb5db000 Uncommon trap: reason=speculate_class_check action=maybe_recompile pc=0x00000262ee9e5ae8 method=java.awt.EventQueue.coalesceEvent(Ljava/awt/AWTEvent;I)Z @ 53 c2
Event: 42.279 Thread 0x00000262fb5db000 DEOPT PACKING pc=0x00000262ee9e5ae8 sp=0x000000f3b03feab0
Event: 42.279 Thread 0x00000262fb5db000 DEOPT UNPACKING pc=0x00000262e6d3912f sp=0x000000f3b03fe908 mode 2
Event: 42.279 Thread 0x00000262fb5db000 Uncommon trap: trap_request=0xffffffde fr.pc=0x00000262ee9ddc80 relative=0x0000000000000f80
Event: 42.279 Thread 0x00000262fb5db000 Uncommon trap: reason=class_check action=maybe_recompile pc=0x00000262ee9ddc80 method=java.awt.Container.getMouseEventTargetImpl(IIZLjava/awt/Container$EventTargetFilter;ZZ)Ljava/awt/Component; @ 191 c2
Event: 42.279 Thread 0x00000262fb5db000 DEOPT PACKING pc=0x00000262ee9ddc80 sp=0x000000f3b03fe550
Event: 42.279 Thread 0x00000262fb5db000 DEOPT UNPACKING pc=0x00000262e6d3912f sp=0x000000f3b03fe4e8 mode 2
Event: 43.026 Thread 0x00000262fb5db000 Uncommon trap: trap_request=0xffffffde fr.pc=0x00000262ee9ddc80 relative=0x0000000000000f80
Event: 43.026 Thread 0x00000262fb5db000 Uncommon trap: reason=class_check action=maybe_recompile pc=0x00000262ee9ddc80 method=java.awt.Container.getMouseEventTargetImpl(IIZLjava/awt/Container$EventTargetFilter;ZZ)Ljava/awt/Component; @ 191 c2
Event: 43.026 Thread 0x00000262fb5db000 DEOPT PACKING pc=0x00000262ee9ddc80 sp=0x000000f3b03fe550
Event: 43.026 Thread 0x00000262fb5db000 DEOPT UNPACKING pc=0x00000262e6d3912f sp=0x000000f3b03fe4e8 mode 2
Event: 43.046 Thread 0x00000262fb5db000 Uncommon trap: trap_request=0xffffff45 fr.pc=0x00000262ee8c2744 relative=0x00000000000034c4
Event: 43.046 Thread 0x00000262fb5db000 Uncommon trap: reason=unstable_if action=reinterpret pc=0x00000262ee8c2744 method=javax.swing.RepaintManager.addDirtyRegion0(Ljava/awt/Container;IIII)V @ 108 c2
Event: 43.046 Thread 0x00000262fb5db000 DEOPT PACKING pc=0x00000262ee8c2744 sp=0x000000f3b03fd040
Event: 43.046 Thread 0x00000262fb5db000 DEOPT UNPACKING pc=0x00000262e6d3912f sp=0x000000f3b03fcf10 mode 2
Event: 43.624 Thread 0x00000262fb5db000 Uncommon trap: trap_request=0xffffffde fr.pc=0x00000262ee9ddc80 relative=0x0000000000000f80
Event: 43.624 Thread 0x00000262fb5db000 Uncommon trap: reason=class_check action=maybe_recompile pc=0x00000262ee9ddc80 method=java.awt.Container.getMouseEventTargetImpl(IIZLjava/awt/Container$EventTargetFilter;ZZ)Ljava/awt/Component; @ 191 c2
Event: 43.624 Thread 0x00000262fb5db000 DEOPT PACKING pc=0x00000262ee9ddc80 sp=0x000000f3b03fe550
Event: 43.624 Thread 0x00000262fb5db000 DEOPT UNPACKING pc=0x00000262e6d3912f sp=0x000000f3b03fe4e8 mode 2

Classes unloaded (0 events):
No events

Classes redefined (0 events):
No events

Internal exceptions (20 events):
Event: 37.506 Thread 0x00000262fb5db000 StackOverflowError at 0x00000262ee9ed890
Event: 37.506 Thread 0x00000262fb5db000 Exception <a 'java/lang/StackOverflowError'{0x00000000cca5dba0}> (0x00000000cca5dba0) 
thrown [t:/workspace/open/src/hotspot/share/runtime/sharedRuntime.cpp, line 585]
Event: 37.550 Thread 0x00000262fb5db000 StackOverflowError at 0x00000262ee9ee010
Event: 37.550 Thread 0x00000262fb5db000 Exception <a 'java/lang/StackOverflowError'{0x00000000cc9a2968}> (0x00000000cc9a2968) 
thrown [t:/workspace/open/src/hotspot/share/runtime/sharedRuntime.cpp, line 585]
Event: 41.587 Thread 0x00000262fb5db000 StackOverflowError at 0x00000262ee9ee790
Event: 41.587 Thread 0x00000262fb5db000 Exception <a 'java/lang/StackOverflowError'{0x00000000cc71b160}> (0x00000000cc71b160) 
thrown [t:/workspace/open/src/hotspot/share/runtime/sharedRuntime.cpp, line 585]
Event: 42.287 Thread 0x00000262fb5db000 StackOverflowError at 0x00000262ee9b0990
Event: 42.287 Thread 0x00000262fb5db000 Exception <a 'java/lang/StackOverflowError'{0x00000000cc661938}> (0x00000000cc661938) 
thrown [t:/workspace/open/src/hotspot/share/runtime/sharedRuntime.cpp, line 585]
Event: 43.030 Thread 0x00000262fb5db000 StackOverflowError at 0x00000262ee9b0990
Event: 43.030 Thread 0x00000262fb5db000 Exception <a 'java/lang/StackOverflowError'{0x00000000cc59eda8}> (0x00000000cc59eda8) 
thrown [t:/workspace/open/src/hotspot/share/runtime/sharedRuntime.cpp, line 585]
Event: 43.053 Thread 0x00000262fb5db000 StackOverflowError at 0x00000262ee9b0990
Event: 43.054 Thread 0x00000262fb5db000 Exception <a 'java/lang/StackOverflowError'{0x00000000cc4ddf08}> (0x00000000cc4ddf08) 
thrown [t:/workspace/open/src/hotspot/share/runtime/sharedRuntime.cpp, line 585]
Event: 43.339 Thread 0x00000262fb5db000 StackOverflowError at 0x00000262ee9b0990
Event: 43.339 Thread 0x00000262fb5db000 Exception <a 'java/lang/StackOverflowError'{0x00000000cc21b4e0}> (0x00000000cc21b4e0) 
thrown [t:/workspace/open/src/hotspot/share/runtime/sharedRuntime.cpp, line 585]
Event: 43.361 Thread 0x00000262fb5db000 StackOverflowError at 0x00000262ee9b0990
Event: 43.362 Thread 0x00000262fb5db000 Exception <a 'java/lang/StackOverflowError'{0x00000000cc1585f8}> (0x00000000cc1585f8) 
thrown [t:/workspace/open/src/hotspot/share/runtime/sharedRuntime.cpp, line 585]
Event: 43.608 Thread 0x00000262fb5db000 StackOverflowError at 0x00000262ee9b0990
Event: 43.608 Thread 0x00000262fb5db000 Exception <a 'java/lang/StackOverflowError'{0x00000000cc095990}> (0x00000000cc095990) 
thrown [t:/workspace/open/src/hotspot/share/runtime/sharedRuntime.cpp, line 585]
Event: 43.631 Thread 0x00000262fb5db000 StackOverflowError at 0x00000262ee9b0990
Event: 43.631 Thread 0x00000262fb5db000 Exception <a 'java/lang/StackOverflowError'{0x00000000cbfd2ac0}> (0x00000000cbfd2ac0) 
thrown [t:/workspace/open/src/hotspot/share/runtime/sharedRuntime.cpp, line 585]

Events (20 events):
Event: 36.508 Executing VM operation: G1CollectForAllocation
Event: 36.521 Executing VM operation: G1CollectForAllocation done
Event: 36.782 Executing VM operation: G1CollectForAllocation
Event: 36.795 Executing VM operation: G1CollectForAllocation done
Event: 37.102 Executing VM operation: G1CollectForAllocation
Event: 37.116 Executing VM operation: G1CollectForAllocation done
Event: 37.367 Executing VM operation: G1CollectForAllocation
Event: 37.383 Executing VM operation: G1CollectForAllocation done
Event: 37.508 loading class java/lang/InterruptedException
Event: 37.508 loading class java/lang/InterruptedException done
Event: 37.509 loading class java/lang/Throwable$WrappedPrintStream
Event: 37.509 loading class java/lang/Throwable$PrintStreamOrWriter
Event: 37.509 loading class java/lang/Throwable$PrintStreamOrWriter done
Event: 37.509 loading class java/lang/Throwable$WrappedPrintStream done
Event: 37.510 loading class java/lang/StackTraceElement$HashedModules
Event: 37.510 loading class java/lang/StackTraceElement$HashedModules done
Event: 43.026 loading class java/awt/LightweightDispatcher$2
Event: 43.026 loading class java/awt/LightweightDispatcher$2 done
Event: 43.046 Executing VM operation: RevokeBias
Event: 43.046 Executing VM operation: RevokeBias done


Dynamic libraries:
0x00007ff71eaf0000 - 0x00007ff71eaff000 	C:\Program Files\Java\jdk-13.0.2\bin\javaw.exe
0x00007ff9fec60000 - 0x00007ff9fee50000 	C:\Windows\SYSTEM32\ntdll.dll
0x00007ff9fd510000 - 0x00007ff9fd5c2000 	C:\Windows\System32\KERNEL32.DLL
0x00007ff9fca30000 - 0x00007ff9fccd5000 	C:\Windows\System32\KERNELBASE.dll
0x00007ff9fbc70000 - 0x00007ff9fbd6a000 	C:\Windows\System32\ucrtbase.dll
0x00007ff9e7680000 - 0x00007ff9e7695000 	C:\Program Files\Java\jdk-13.0.2\bin\VCRUNTIME140.dll
0x00007ff9e8d90000 - 0x00007ff9e8da8000 	C:\Program Files\Java\jdk-13.0.2\bin\jli.dll
0x00007ff9fd460000 - 0x00007ff9fd503000 	C:\Windows\System32\ADVAPI32.dll
0x00007ff9fdb20000 - 0x00007ff9fdbbe000 	C:\Windows\System32\msvcrt.dll
0x00007ff9fd110000 - 0x00007ff9fd1a7000 	C:\Windows\System32\sechost.dll
0x00007ff9fcd90000 - 0x00007ff9fceaf000 	C:\Windows\System32\RPCRT4.dll
0x00007ff9fd2c0000 - 0x00007ff9fd454000 	C:\Windows\System32\USER32.dll
0x00007ff9fca00000 - 0x00007ff9fca21000 	C:\Windows\System32\win32u.dll
0x00007ff9ee960000 - 0x00007ff9eebe4000 	C:\Windows\WinSxS\amd64_microsoft.windows.common-controls_6595b64144ccf1df_6.0.18362.1316_none_9e7a364fe461dbd7\COMCTL32.dll
0x00007ff9fdce0000 - 0x00007ff9fdd06000 	C:\Windows\System32\GDI32.dll
0x00007ff9fd5d0000 - 0x00007ff9fd907000 	C:\Windows\System32\combase.dll
0x00007ff9fbec0000 - 0x00007ff9fc058000 	C:\Windows\System32\gdi32full.dll
0x00007ff9fbbb0000 - 0x00007ff9fbc31000 	C:\Windows\System32\bcryptPrimitives.dll
0x00007ff9fbd70000 - 0x00007ff9fbe0e000 	C:\Windows\System32\msvcp_win.dll
0x00007ff9eec20000 - 0x00007ff9eec2a000 	C:\Windows\SYSTEM32\VERSION.dll
0x00007ff9fcec0000 - 0x00007ff9fceee000 	C:\Windows\System32\IMM32.DLL
0x00007ff9e12d0000 - 0x00007ff9e136b000 	C:\Program Files\Java\jdk-13.0.2\bin\msvcp140.dll
0x00007ff9c6be0000 - 0x00007ff9c773d000 	C:\Program Files\Java\jdk-13.0.2\bin\server\jvm.dll
0x00007ff9fceb0000 - 0x00007ff9fceb8000 	C:\Windows\System32\PSAPI.DLL
0x00007ff9f73e0000 - 0x00007ff9f73e9000 	C:\Windows\SYSTEM32\WSOCK32.dll
0x00007ff9fdc70000 - 0x00007ff9fdcdf000 	C:\Windows\System32\WS2_32.dll
0x00007ff9f93f0000 - 0x00007ff9f9414000 	C:\Windows\SYSTEM32\WINMM.dll
0x00007ff9f93c0000 - 0x00007ff9f93ed000 	C:\Windows\SYSTEM32\winmmbase.dll
0x00007ff9fc0e0000 - 0x00007ff9fc12a000 	C:\Windows\System32\cfgmgr32.dll
0x00007ff9fbb40000 - 0x00007ff9fbb51000 	C:\Windows\System32\kernel.appcore.dll
0x00007ff9f1920000 - 0x00007ff9f1930000 	C:\Program Files\Java\jdk-13.0.2\bin\verify.dll
0x00007ff9ecf50000 - 0x00007ff9ed144000 	C:\Windows\SYSTEM32\DBGHELP.DLL
0x00007ff9ece50000 - 0x00007ff9ece7a000 	C:\Windows\SYSTEM32\dbgcore.DLL
0x00007ff9e75f0000 - 0x00007ff9e7616000 	C:\Program Files\Java\jdk-13.0.2\bin\java.dll
0x00007ff9e71f0000 - 0x00007ff9e7207000 	C:\Program Files\Java\jdk-13.0.2\bin\zip.dll
0x00007ff9e7740000 - 0x00007ff9e774a000 	C:\Program Files\Java\jdk-13.0.2\bin\jimage.dll
0x00007ff9fe090000 - 0x00007ff9fe778000 	C:\Windows\System32\SHELL32.dll
0x00007ff9fdbc0000 - 0x00007ff9fdc67000 	C:\Windows\System32\shcore.dll
0x00007ff9fc130000 - 0x00007ff9fc8ab000 	C:\Windows\System32\windows.storage.dll
0x00007ff9fbb80000 - 0x00007ff9fbba3000 	C:\Windows\System32\profapi.dll
0x00007ff9fbaf0000 - 0x00007ff9fbb3a000 	C:\Windows\System32\powrprof.dll
0x00007ff9fbae0000 - 0x00007ff9fbaf0000 	C:\Windows\System32\UMPDC.dll
0x00007ff9fcf60000 - 0x00007ff9fcfb2000 	C:\Windows\System32\shlwapi.dll
0x00007ff9fc0c0000 - 0x00007ff9fc0d7000 	C:\Windows\System32\cryptsp.dll
0x00007ff9e5900000 - 0x00007ff9e5919000 	C:\Program Files\Java\jdk-13.0.2\bin\net.dll
0x00007ff9f23f0000 - 0x00007ff9f24e0000 	C:\Windows\SYSTEM32\WINHTTP.dll
0x00007ff9fb320000 - 0x00007ff9fb387000 	C:\Windows\system32\mswsock.dll
0x00007ff9e5660000 - 0x00007ff9e5673000 	C:\Program Files\Java\jdk-13.0.2\bin\nio.dll
0x00007ff9d0440000 - 0x00007ff9d05d9000 	C:\Program Files\Java\jdk-13.0.2\bin\awt.dll
0x00007ff9fde00000 - 0x00007ff9fdec5000 	C:\Windows\System32\OLEAUT32.dll
0x00007ff9f9c50000 - 0x00007ff9f9cdf000 	C:\Windows\SYSTEM32\apphelp.dll
0x00007ff9f9e10000 - 0x00007ff9f9ea9000 	C:\Windows\system32\uxtheme.dll
0x00007ff9fcfd0000 - 0x00007ff9fd105000 	C:\Windows\System32\MSCTF.dll
0x00007ff9fdf30000 - 0x00007ff9fe087000 	C:\Windows\System32\ole32.dll
0x00007ff9fa160000 - 0x00007ff9fa18d000 	C:\Windows\system32\DWMAPI.DLL
0x00007ff9cfdc0000 - 0x00007ff9cff16000 	C:\Windows\system32\opengl32.dll
0x00007ff9e13c0000 - 0x00007ff9e13ec000 	C:\Windows\SYSTEM32\GLU32.dll
0x00007ff9fa720000 - 0x00007ff9fa740000 	C:\Windows\SYSTEM32\dxcore.dll
0x00007ff9d8fe0000 - 0x00007ff9d9062000 	C:\Program Files\Java\jdk-13.0.2\bin\freetype.dll
0x00007ff9d7e00000 - 0x00007ff9d7ea6000 	C:\Program Files\Java\jdk-13.0.2\bin\fontmanager.dll
0x00007ff9efe70000 - 0x00007ff9eff0d000 	C:\Windows\System32\TextInputFramework.dll
0x00007ff9f6c50000 - 0x00007ff9f6f7a000 	C:\Windows\System32\CoreUIComponents.dll
0x00007ff9f9600000 - 0x00007ff9f96d4000 	C:\Windows\System32\CoreMessaging.dll
0x00007ff9f7790000 - 0x00007ff9f78e2000 	C:\Windows\SYSTEM32\wintypes.dll
0x00007ff9fab20000 - 0x00007ff9fab51000 	C:\Windows\SYSTEM32\ntmarta.dll
0x00007ff9ee550000 - 0x00007ff9ee7f7000 	C:\Windows\System32\iertutil.dll

dbghelp: loaded successfully - version: 4.0.5 - missing functions: none
symbol engine: initialized successfully - sym options: 0x614 - pdb path: .;C:\Program Files\Java\jdk-13.0.2\bin;C:\Windows\SYSTEM32;C:\Windows\WinSxS\amd64_microsoft.windows.common-controls_6595b64144ccf1df_6.0.18362.1316_none_9e7a364fe461dbd7;C:\Program Files\Java\jdk-13.0.2\bin\server

VM Arguments:
jvm_args: -Dfile.encoding=Cp1252 
java_command: Schedule.TeacherSchedule
java_class_path (initial): C:\Users\User\Desktop\Programmes\Java\Workspace\DriveOperations\target\classes;C:\Users\User\Desktop\Libraries\jcalendar-1.4.jar;C:\Users\User\Desktop\Libraries\jgoodies-common-1.8.0.jar;C:\Users\User\Desktop\Libraries\jgoodies-forms-1.8.0.jar;C:\Users\User\Desktop\Libraries\miglayout15-swing.jar;C:\Users\User\Downloads\javax.mail.jar;C:\Users\User\Downloads\activation-1.1.1.jar;C:\Users\User\Downloads\jcalendar-1.4.jar;C:\Users\User\Downloads\jfreechart-1.0.19\lib\jcommon-1.0.23.jar;C:\Users\User\Downloads\jfreechart-1.0.19\lib\jfreechart-1.0.19.jar;C:\Users\User\Downloads\commons-net-3.8.0\commons-net-3.8.0.jar;C:\Users\User\Documents\Libs\comm-2.0.jar;C:\Users\User\Documents\Libs\http-2.2.1.jar;C:\Users\User\Documents\Libs\mysql-connector-java-5.1.45.jar;C:\Users\User\.m2\repository\com\google\apis\google-api-services-drive\v3-rev105-1.23.0\google-api-services-drive-v3-rev105-1.23.0.jar;C:\Users\User\.m2\repository\com\google\api-client\google-api-client\1.23.0\google-api-client-1.23.0.jar;C:\Users\User\.m2\repository\com\google\oauth-client\google-oauth-client\1.23.0\google-oauth-client-1.23.0.jar;C:\Users\User\.m2\repository\com\google\http-client\google-http-client\1.23.0\google-http-client-1.23.0.jar;C:\Users\User\.m2\repository\org\apache\httpcomponents\httpclient\4.0.1\httpclient-4.0.1.jar;C:\Users\User\.m2\repository\org\apache\httpcomponents\httpcore\4.0.1\httpcore-4.0.1.jar;C:\Users\User\.m2\repository\commons-logging\commons-logging\1.1.1\commons-logging-1.1.1.jar;C:\Users\User\.m2\repository\commons-codec\commons-codec\1.3\commons-codec-1.3.jar;C:\Users\User\.m2\repository\com\google\code\findbugs\jsr305\1.3.9\jsr305-1.3.9.jar;C:\Users\User\.m2\repository\com\google\http-client\google-http-client-jackson2\1.23.0\google-http-client-jackson2-1.23.0.jar;C:\Users\User\.m2\repository\com\fasterxml\jackson\core\jackson-core\2.1.3\jackson-core-2.1.3.jar;C:\Users\User\.m2\repository\com\google\guava\guava-jdk5\17.0\guava-jdk5-17.0.
Launcher Type: SUN_STANDARD

[Global flags]
     intx CICompilerCount                          = 3                                         {product} {ergonomic}
     uint ConcGCThreads                            = 1                                         {product} {ergonomic}
     uint G1ConcRefinementThreads                  = 4                                         {product} {ergonomic}
   size_t G1HeapRegionSize                         = 1048576                                   {product} {ergonomic}
    uintx GCDrainStackTargetSize                   = 64                                        {product} {ergonomic}
   size_t InitialHeapSize                          = 67108864                                  {product} {ergonomic}
   size_t MarkStackSize                            = 4194304                                   {product} {ergonomic}
   size_t MaxHeapSize                              = 1050673152                                {product} {ergonomic}
   size_t MaxNewSize                               = 630194176                                 {product} {ergonomic}
   size_t MinHeapDeltaBytes                        = 1048576                                   {product} {ergonomic}
   size_t MinHeapSize                              = 8388608                                   {product} {ergonomic}
    uintx NonNMethodCodeHeapSize                   = 5832780                                {pd product} {ergonomic}
    uintx NonProfiledCodeHeapSize                  = 122912730                              {pd product} {ergonomic}
    uintx ProfiledCodeHeapSize                     = 122912730                              {pd product} {ergonomic}
    uintx ReservedCodeCacheSize                    = 251658240                              {pd product} {ergonomic}
     bool SegmentedCodeCache                       = true                                      {product} {ergonomic}
   size_t SoftMaxHeapSize                          = 1050673152                             {manageable} {ergonomic}
     bool UseCompressedClassPointers               = true                                 {lp64_product} {ergonomic}
     bool UseCompressedOops                        = true                                 {lp64_product} {ergonomic}
     bool UseG1GC                                  = true                                      {product} {ergonomic}
     bool UseLargePagesIndividualAllocation        = false                                  {pd product} {ergonomic}

Logging:
Log output configuration:
 #0: stdout all=warning uptime,level,tags
 #1: stderr all=off uptime,level,tags

Environment Variables:
JAVA_HOME=C:\Program Files (x86)\Java\jre1.8.0_241
PATH=C:\Program Files\Java\jdk-13.0.2\bin;C:\Program Files (x86)\Common Files\Oracle\Java\javapath;C:\Windows\system32;C:\Windows;C:\Windows\System32\Wbem;C:\Windows\System32\WindowsPowerShell\v1.0\;C:\Windows\System32\OpenSSH\;C:\Program Files (x86)\apache-maven-3.8.1\bin;C:\Program Files (x86)\gradle-7.1.1\bin;C:\Users\User\AppData\Local\Microsoft\WindowsApps;C:\Users\User\AppData\Local\Programs\Microsoft VS Code\bin;C:\Program Files (x86)\gradle-7.1.1\bin;
USERNAME=User
OS=Windows_NT
PROCESSOR_IDENTIFIER=Intel64 Family 6 Model 42 Stepping 7, GenuineIntel



---------------  S Y S T E M  ---------------

OS: Windows 10 , 64 bit Build 18362 (10.0.18362.1316)

CPU:total 4 (initial active 4) (2 cores per cpu, 2 threads per core) family 6 model 42 stepping 7, cmov, cx8, fxsr, mmx, sse, sse2, sse3, ssse3, sse4.1, sse4.2, popcnt, avx, aes, clmul, ht, tsc, tscinvbit

Memory: 4k page, system-wide physical 4006M (362M free)
TotalPageFile size 16294M (AvailPageFile size 2M)
current process WorkingSet (physical memory assigned to process): 308M, peak: 308M
current process commit charge ("private bytes"): 343M, peak: 344M

vm_info: Java HotSpot(TM) 64-Bit Server VM (13.0.2+8) for windows-amd64 JRE (13.0.2+8), built on Dec 11 2019 09:20:33 by "mach5one" with unknown MS VC++:1916

END.
