#
# There is insufficient memory for the Java Runtime Environment to continue.
# Native memory allocation (mmap) failed to map 117440512 bytes for Failed to commit area from 0x00000000c5600000 to 0x00000000cc600000 of length 117440512.
# Possible reasons:
#   The system is out of physical RAM or swap space
#   The process is running with CompressedOops enabled, and the Java Heap may be blocking the growth of the native heap
# Possible solutions:
#   Reduce memory load on the system
#   Increase physical memory or swap space
#   Check if swap backing store is full
#   Decrease Java heap size (-Xmx/-Xms)
#   Decrease number of Java threads
#   Decrease Java thread stack sizes (-Xss)
#   Set larger code cache with -XX:ReservedCodeCacheSize=
#   JVM is running with Unscaled Compressed Oops mode in which the Java heap is
#     placed in the first 4GB address space. The Java Heap base address is the
#     maximum limit for the native heap growth. Please use -XX:HeapBaseMinAddress
#     to set the Java Heap base and to place the Java Heap above 4GB virtual address.
# This output file may be truncated or incomplete.
#
#  Out of Memory Error (t:/workspace/open/src/hotspot/os/windows/os_windows.cpp:3301), pid=12428, tid=1556
#
# JRE version: Java(TM) SE Runtime Environment (13.0.2+8) (build 13.0.2+8)
# Java VM: Java HotSpot(TM) 64-Bit Server VM (13.0.2+8, mixed mode, sharing, tiered, compressed oops, g1 gc, windows-amd64)
# No core dump will be written. Minidumps are not enabled by default on client versions of Windows
#

---------------  S U M M A R Y ------------

Command Line: -Dfile.encoding=Cp1252 Application.Home

Host: Intel(R) Core(TM) i5-2520M CPU @ 2.50GHz, 4 cores, 3G,  Windows 10 , 64 bit Build 18362 (10.0.18362.1500)
Time: Wed Mar 20 05:52:05 2019 South Africa Standard Time elapsed time: 1 seconds (0d 0h 0m 1s)

---------------  T H R E A D  ---------------

Current thread (0x000002be382f9000):  JavaThread "Image Fetcher 0" daemon [_thread_in_vm, id=1556, stack(0x000000fb6ce00000,0x000000fb6cf00000)]

Stack: [0x000000fb6ce00000,0x000000fb6cf00000]
Native frames: (J=compiled Java code, j=interpreted, Vv=VM code, C=native code)
V  [jvm.dll+0x624f9a]
V  [jvm.dll+0x770cfa]
V  [jvm.dll+0x7724af]
V  [jvm.dll+0x772ab3]
V  [jvm.dll+0x24bf08]
V  [jvm.dll+0x6222aa]
V  [jvm.dll+0x6170b5]
V  [jvm.dll+0x30a88c]
V  [jvm.dll+0x30a6c2]
V  [jvm.dll+0x30fe36]
V  [jvm.dll+0x353f46]
V  [jvm.dll+0x353720]
V  [jvm.dll+0x2e5d5e]
V  [jvm.dll+0x2e16ff]
V  [jvm.dll+0x5be8b5]
V  [jvm.dll+0x5be33b]
V  [jvm.dll+0x1f48d5]
V  [jvm.dll+0x74b3a7]
V  [jvm.dll+0x3783ea]
C  0x000002be238cfd37

Java frames: (J=compiled Java code, j=interpreted, Vv=VM code)
j  java.awt.image.DataBufferInt.<init>(I)V+11 java.desktop@13.0.2
j  java.awt.image.Raster.createPackedRaster(III[ILjava/awt/Point;)Ljava/awt/image/WritableRaster;+69 java.desktop@13.0.2
j  java.awt.image.DirectColorModel.createCompatibleWritableRaster(II)Ljava/awt/image/WritableRaster;+83 java.desktop@13.0.2
j  sun.awt.image.ImageRepresentation.createBufferedImage()V+18 java.desktop@13.0.2
J 645 c1 sun.awt.image.ImageRepresentation.setPixels(IIIILjava/awt/image/ColorModel;[III)V java.desktop@13.0.2 (527 bytes) @ 0x000002be23f4f46c [0x000002be23f4f0e0+0x000000000000038c]
J 661% c2 sun.awt.image.PNGImageDecoder.produceImage()V java.desktop@13.0.2 (1917 bytes) @ 0x000002be2b3bc1bc [0x000002be2b3bbb40+0x000000000000067c]
j  sun.awt.image.InputStreamImageSource.doFetch()V+51 java.desktop@13.0.2
j  sun.awt.image.ImageFetcher.fetchloop()V+31 java.desktop@13.0.2
j  sun.awt.image.ImageFetcher.run()V+5 java.desktop@13.0.2
v  ~StubRoutines::call_stub

---------------  P R O C E S S  ---------------

Threads class SMR info:
_java_thread_list=0x000002be387f4d90, length=20, elements={
0x000002be373e2800, 0x000002be373e5800, 0x000002be37401000, 0x000002be37403000,
0x000002be37404000, 0x000002be37409800, 0x000002be37415000, 0x000002be37e5d000,
0x000002be37e63000, 0x000002be38219800, 0x000002be381a4800, 0x000002be381a6000,
0x000002be3822a000, 0x000002be1b3b3800, 0x000002be382f9000, 0x000002be38352800,
0x000002be38359000, 0x000002be38907800, 0x000002be38908800, 0x000002be395b8000
}

Java Threads: ( => current thread )
  0x000002be373e2800 JavaThread "Reference Handler" daemon [_thread_blocked, id=10848, stack(0x000000fb6c000000,0x000000fb6c100000)]
  0x000002be373e5800 JavaThread "Finalizer" daemon [_thread_blocked, id=8776, stack(0x000000fb6c100000,0x000000fb6c200000)]
  0x000002be37401000 JavaThread "Signal Dispatcher" daemon [_thread_blocked, id=1512, stack(0x000000fb6c200000,0x000000fb6c300000)]
  0x000002be37403000 JavaThread "Attach Listener" daemon [_thread_blocked, id=12888, stack(0x000000fb6c300000,0x000000fb6c400000)]
  0x000002be37404000 JavaThread "C2 CompilerThread0" daemon [_thread_blocked, id=7788, stack(0x000000fb6c400000,0x000000fb6c500000)]
  0x000002be37409800 JavaThread "C1 CompilerThread0" daemon [_thread_blocked, id=1696, stack(0x000000fb6c500000,0x000000fb6c600000)]
  0x000002be37415000 JavaThread "Sweeper thread" daemon [_thread_blocked, id=10520, stack(0x000000fb6c600000,0x000000fb6c700000)]
  0x000002be37e5d000 JavaThread "Service Thread" daemon [_thread_blocked, id=12916, stack(0x000000fb6c700000,0x000000fb6c800000)]
  0x000002be37e63000 JavaThread "Common-Cleaner" daemon [_thread_blocked, id=10440, stack(0x000000fb6c900000,0x000000fb6ca00000)]
  0x000002be38219800 JavaThread "Java2D Disposer" daemon [_thread_blocked, id=8448, stack(0x000000fb6ca00000,0x000000fb6cb00000)]
  0x000002be381a4800 JavaThread "AWT-Shutdown" [_thread_blocked, id=11836, stack(0x000000fb6cb00000,0x000000fb6cc00000)]
  0x000002be381a6000 JavaThread "AWT-Windows" daemon [_thread_in_native, id=12000, stack(0x000000fb6cc00000,0x000000fb6cd00000)]
  0x000002be3822a000 JavaThread "AWT-EventQueue-0" [_thread_blocked, id=4744, stack(0x000000fb6cd00000,0x000000fb6ce00000)]
  0x000002be1b3b3800 JavaThread "DestroyJavaVM" [_thread_blocked, id=11684, stack(0x000000fb6b900000,0x000000fb6ba00000)]
=>0x000002be382f9000 JavaThread "Image Fetcher 0" daemon [_thread_in_vm, id=1556, stack(0x000000fb6ce00000,0x000000fb6cf00000)]
  0x000002be38352800 JavaThread "TimerQueue" daemon [_thread_blocked, id=11224, stack(0x000000fb6cf00000,0x000000fb6d000000)]
  0x000002be38359000 JavaThread "Image Fetcher 1" daemon [_thread_blocked, id=10964, stack(0x000000fb6d000000,0x000000fb6d100000)]
  0x000002be38907800 JavaThread "SwingWorker-pool-1-thread-1" daemon [_thread_blocked, id=12536, stack(0x000000fb6d100000,0x000000fb6d200000)]
  0x000002be38908800 JavaThread "SwingWorker-pool-1-thread-2" daemon [_thread_blocked, id=12100, stack(0x000000fb6d200000,0x000000fb6d300000)]
  0x000002be395b8000 JavaThread "SwingWorker-pool-1-thread-3" daemon [_thread_blocked, id=8504, stack(0x000000fb6d300000,0x000000fb6d400000)]

Other Threads:
  0x000002be1b47e000 VMThread "VM Thread" [stack: 0x000000fb6bf00000,0x000000fb6c000000] [id=11168]
  0x000002be37e61800 WatcherThread [stack: 0x000000fb6c800000,0x000000fb6c900000] [id=5340]
  0x000002be1b3e5000 GCTaskThread "GC Thread#0" [stack: 0x000000fb6ba00000,0x000000fb6bb00000] [id=2524]
  0x000002be38803800 GCTaskThread "GC Thread#1" [stack: 0x000000fb6d400000,0x000000fb6d500000] [id=4192]
  0x000002be385f5800 GCTaskThread "GC Thread#2" [stack: 0x000000fb6d500000,0x000000fb6d600000] [id=12932]
  0x000002be395fd000 GCTaskThread "GC Thread#3" [stack: 0x000000fb6d600000,0x000000fb6d700000] [id=12264]
  0x000002be1b3ee800 ConcurrentGCThread "G1 Main Marker" [stack: 0x000000fb6bb00000,0x000000fb6bc00000] [id=11516]
  0x000002be1b3f0000 ConcurrentGCThread "G1 Conc#0" [stack: 0x000000fb6bc00000,0x000000fb6bd00000] [id=13280]
  0x000002be37270800 ConcurrentGCThread "G1 Refine#0" [stack: 0x000000fb6bd00000,0x000000fb6be00000] [id=12672]
  0x000002be37f75800 ConcurrentGCThread "G1 Refine#1" [stack: 0x000000fb6d700000,0x000000fb6d800000] [id=9848]
  0x000002be37271000 ConcurrentGCThread "G1 Young RemSet Sampling" [stack: 0x000000fb6be00000,0x000000fb6bf00000] [id=11144]

Threads with active compile tasks:

VM state:not at safepoint (normal execution)

VM Mutex/Monitor currently owned by a thread:  ([mutex/lock_event])
[0x000002be1b3ae450] Heap_lock - owner thread: 0x000002be382f9000

Heap address: 0x00000000c1600000, size: 1002 MB, Compressed Oops mode: 32-bit
Narrow klass base: 0x0000000800000000, Narrow klass shift: 3
Compressed class space size: 1073741824 Address: 0x0000000800b40000

Heap:
 garbage-first heap   total 180224K, used 6481K [0x00000000c1600000, 0x0000000100000000)
  region size 1024K, 1 young (1024K), 1 survivors (1024K)
 Metaspace       used 9298K, capacity 9557K, committed 9856K, reserved 1058816K
  class space    used 1160K, capacity 1281K, committed 1408K, reserved 1048576K
Heap Regions: E=young(eden), S=young(survivor), O=old, HS=humongous(starts), HC=humongous(continues), CS=collection set, F=free, A=archive, TAMS=top-at-mark-start (previous, next)
|   0|0x00000000c1600000, 0x00000000c1700000, 0x00000000c1700000|100%| O|  |TAMS 0x00000000c1600000, 0x00000000c1700000| Untracked 
|   1|0x00000000c1700000, 0x00000000c1800000, 0x00000000c1800000|100%| O|  |TAMS 0x00000000c1700000, 0x00000000c1800000| Untracked 
|   2|0x00000000c1800000, 0x00000000c1900000, 0x00000000c1900000|100%| O|  |TAMS 0x00000000c1800000, 0x00000000c1900000| Untracked 
|   3|0x00000000c1900000, 0x00000000c1a00000, 0x00000000c1a00000|100%| O|  |TAMS 0x00000000c1900000, 0x00000000c19f0400| Untracked 
|   4|0x00000000c1a00000, 0x00000000c1b00000, 0x00000000c1b00000|100%| O|  |TAMS 0x00000000c1a00000, 0x00000000c1a00000| Untracked 
|   5|0x00000000c1b00000, 0x00000000c1c00000, 0x00000000c1c00000|100%| O|  |TAMS 0x00000000c1b00000, 0x00000000c1b00000| Untracked 
|   6|0x00000000c1c00000, 0x00000000c1c00000, 0x00000000c1d00000|  0%| F|  |TAMS 0x00000000c1c00000, 0x00000000c1c00000| Untracked 
|   7|0x00000000c1d00000, 0x00000000c1d00000, 0x00000000c1e00000|  0%| F|  |TAMS 0x00000000c1d00000, 0x00000000c1d00000| Untracked 
|   8|0x00000000c1e00000, 0x00000000c1e00000, 0x00000000c1f00000|  0%| F|  |TAMS 0x00000000c1e00000, 0x00000000c1e00000| Untracked 
|   9|0x00000000c1f00000, 0x00000000c1f00000, 0x00000000c2000000|  0%| F|  |TAMS 0x00000000c1f00000, 0x00000000c1f00000| Untracked 
|  10|0x00000000c2000000, 0x00000000c2000000, 0x00000000c2100000|  0%| F|  |TAMS 0x00000000c2000000, 0x00000000c2000000| Untracked 
|  11|0x00000000c2100000, 0x00000000c2100000, 0x00000000c2200000|  0%| F|  |TAMS 0x00000000c2100000, 0x00000000c2100000| Untracked 
|  12|0x00000000c2200000, 0x00000000c2200000, 0x00000000c2300000|  0%| F|  |TAMS 0x00000000c2200000, 0x00000000c2200000| Untracked 
|  13|0x00000000c2300000, 0x00000000c2300000, 0x00000000c2400000|  0%| F|  |TAMS 0x00000000c2300000, 0x00000000c2300000| Untracked 
|  14|0x00000000c2400000, 0x00000000c2400000, 0x00000000c2500000|  0%| F|  |TAMS 0x00000000c2400000, 0x00000000c2400000| Untracked 
|  15|0x00000000c2500000, 0x00000000c2500000, 0x00000000c2600000|  0%| F|  |TAMS 0x00000000c2500000, 0x00000000c2500000| Untracked 
|  16|0x00000000c2600000, 0x00000000c2600000, 0x00000000c2700000|  0%| F|  |TAMS 0x00000000c2600000, 0x00000000c2600000| Untracked 
|  17|0x00000000c2700000, 0x00000000c2700000, 0x00000000c2800000|  0%| F|  |TAMS 0x00000000c2700000, 0x00000000c2700000| Untracked 
|  18|0x00000000c2800000, 0x00000000c2800000, 0x00000000c2900000|  0%| F|  |TAMS 0x00000000c2800000, 0x00000000c2800000| Untracked 
|  19|0x00000000c2900000, 0x00000000c2900000, 0x00000000c2a00000|  0%| F|  |TAMS 0x00000000c2900000, 0x00000000c2900000| Untracked 
|  20|0x00000000c2a00000, 0x00000000c2a00000, 0x00000000c2b00000|  0%| F|  |TAMS 0x00000000c2a00000, 0x00000000c2a00000| Untracked 
|  21|0x00000000c2b00000, 0x00000000c2b00000, 0x00000000c2c00000|  0%| F|  |TAMS 0x00000000c2b00000, 0x00000000c2b00000| Untracked 
|  22|0x00000000c2c00000, 0x00000000c2c00000, 0x00000000c2d00000|  0%| F|  |TAMS 0x00000000c2c00000, 0x00000000c2c00000| Untracked 
|  23|0x00000000c2d00000, 0x00000000c2d00000, 0x00000000c2e00000|  0%| F|  |TAMS 0x00000000c2d00000, 0x00000000c2d00000| Untracked 
|  24|0x00000000c2e00000, 0x00000000c2e00000, 0x00000000c2f00000|  0%| F|  |TAMS 0x00000000c2e00000, 0x00000000c2e00000| Untracked 
|  25|0x00000000c2f00000, 0x00000000c2f00000, 0x00000000c3000000|  0%| F|  |TAMS 0x00000000c2f00000, 0x00000000c2f00000| Untracked 
|  26|0x00000000c3000000, 0x00000000c3000000, 0x00000000c3100000|  0%| F|  |TAMS 0x00000000c3000000, 0x00000000c3000000| Untracked 
|  27|0x00000000c3100000, 0x00000000c3100000, 0x00000000c3200000|  0%| F|  |TAMS 0x00000000c3100000, 0x00000000c3100000| Untracked 
|  28|0x00000000c3200000, 0x00000000c3200000, 0x00000000c3300000|  0%| F|  |TAMS 0x00000000c3200000, 0x00000000c3200000| Untracked 
|  29|0x00000000c3300000, 0x00000000c3300000, 0x00000000c3400000|  0%| F|  |TAMS 0x00000000c3300000, 0x00000000c3300000| Untracked 
|  30|0x00000000c3400000, 0x00000000c3400000, 0x00000000c3500000|  0%| F|  |TAMS 0x00000000c3400000, 0x00000000c3400000| Untracked 
|  31|0x00000000c3500000, 0x00000000c3500000, 0x00000000c3600000|  0%| F|  |TAMS 0x00000000c3500000, 0x00000000c3500000| Untracked 
|  32|0x00000000c3600000, 0x00000000c3600000, 0x00000000c3700000|  0%| F|  |TAMS 0x00000000c3600000, 0x00000000c3600000| Untracked 
|  33|0x00000000c3700000, 0x00000000c3700000, 0x00000000c3800000|  0%| F|  |TAMS 0x00000000c3700000, 0x00000000c3700000| Untracked 
|  34|0x00000000c3800000, 0x00000000c3800000, 0x00000000c3900000|  0%| F|  |TAMS 0x00000000c3800000, 0x00000000c3800000| Untracked 
|  35|0x00000000c3900000, 0x00000000c3900000, 0x00000000c3a00000|  0%| F|  |TAMS 0x00000000c3900000, 0x00000000c3900000| Untracked 
|  36|0x00000000c3a00000, 0x00000000c3a00000, 0x00000000c3b00000|  0%| F|  |TAMS 0x00000000c3a00000, 0x00000000c3a00000| Untracked 
|  37|0x00000000c3b00000, 0x00000000c3b00000, 0x00000000c3c00000|  0%| F|  |TAMS 0x00000000c3b00000, 0x00000000c3b00000| Untracked 
|  38|0x00000000c3c00000, 0x00000000c3c00000, 0x00000000c3d00000|  0%| F|  |TAMS 0x00000000c3c00000, 0x00000000c3c00000| Untracked 
|  39|0x00000000c3d00000, 0x00000000c3d00000, 0x00000000c3e00000|  0%| F|  |TAMS 0x00000000c3d00000, 0x00000000c3d00000| Untracked 
|  40|0x00000000c3e00000, 0x00000000c3e00000, 0x00000000c3f00000|  0%| F|  |TAMS 0x00000000c3e00000, 0x00000000c3e00000| Untracked 
|  41|0x00000000c3f00000, 0x00000000c3f00000, 0x00000000c4000000|  0%| F|  |TAMS 0x00000000c3f00000, 0x00000000c3f00000| Untracked 
|  42|0x00000000c4000000, 0x00000000c4000000, 0x00000000c4100000|  0%| F|  |TAMS 0x00000000c4000000, 0x00000000c4000000| Untracked 
|  43|0x00000000c4100000, 0x00000000c4100000, 0x00000000c4200000|  0%| F|  |TAMS 0x00000000c4100000, 0x00000000c4100000| Untracked 
|  44|0x00000000c4200000, 0x00000000c4200000, 0x00000000c4300000|  0%| F|  |TAMS 0x00000000c4200000, 0x00000000c4200000| Untracked 
|  45|0x00000000c4300000, 0x00000000c4300000, 0x00000000c4400000|  0%| F|  |TAMS 0x00000000c4300000, 0x00000000c4300000| Untracked 
|  46|0x00000000c4400000, 0x00000000c4400000, 0x00000000c4500000|  0%| F|  |TAMS 0x00000000c4400000, 0x00000000c4400000| Untracked 
|  47|0x00000000c4500000, 0x00000000c4500000, 0x00000000c4600000|  0%| F|  |TAMS 0x00000000c4500000, 0x00000000c4500000| Untracked 
|  48|0x00000000c4600000, 0x00000000c4600000, 0x00000000c4700000|  0%| F|  |TAMS 0x00000000c4600000, 0x00000000c4600000| Untracked 
|  49|0x00000000c4700000, 0x00000000c4700000, 0x00000000c4800000|  0%| F|  |TAMS 0x00000000c4700000, 0x00000000c4700000| Untracked 
|  50|0x00000000c4800000, 0x00000000c4800000, 0x00000000c4900000|  0%| F|  |TAMS 0x00000000c4800000, 0x00000000c4800000| Untracked 
|  51|0x00000000c4900000, 0x00000000c4900000, 0x00000000c4a00000|  0%| F|  |TAMS 0x00000000c4900000, 0x00000000c4900000| Untracked 
|  52|0x00000000c4a00000, 0x00000000c4a00000, 0x00000000c4b00000|  0%| F|  |TAMS 0x00000000c4a00000, 0x00000000c4a00000| Untracked 
|  53|0x00000000c4b00000, 0x00000000c4b00000, 0x00000000c4c00000|  0%| F|  |TAMS 0x00000000c4b00000, 0x00000000c4b00000| Untracked 
|  54|0x00000000c4c00000, 0x00000000c4c00000, 0x00000000c4d00000|  0%| F|  |TAMS 0x00000000c4c00000, 0x00000000c4c00000| Untracked 
|  55|0x00000000c4d00000, 0x00000000c4d00000, 0x00000000c4e00000|  0%| F|  |TAMS 0x00000000c4d00000, 0x00000000c4d00000| Untracked 
|  56|0x00000000c4e00000, 0x00000000c4e00000, 0x00000000c4f00000|  0%| F|  |TAMS 0x00000000c4e00000, 0x00000000c4e00000| Untracked 
|  57|0x00000000c4f00000, 0x00000000c4f00000, 0x00000000c5000000|  0%| F|  |TAMS 0x00000000c4f00000, 0x00000000c4f00000| Untracked 
|  58|0x00000000c5000000, 0x00000000c5000000, 0x00000000c5100000|  0%| F|  |TAMS 0x00000000c5000000, 0x00000000c5000000| Untracked 
|  59|0x00000000c5100000, 0x00000000c5100000, 0x00000000c5200000|  0%| F|  |TAMS 0x00000000c5100000, 0x00000000c5100000| Untracked 
|  60|0x00000000c5200000, 0x00000000c5200000, 0x00000000c5300000|  0%| F|  |TAMS 0x00000000c5200000, 0x00000000c5200000| Untracked 
|  61|0x00000000c5300000, 0x00000000c5300000, 0x00000000c5400000|  0%| F|  |TAMS 0x00000000c5300000, 0x00000000c5300000| Untracked 
|  62|0x00000000c5400000, 0x00000000c5454638, 0x00000000c5500000| 32%| S|CS|TAMS 0x00000000c5400000, 0x00000000c5400000| Complete 
|  63|0x00000000c5500000, 0x00000000c5500000, 0x00000000c5600000|  0%| F|  |TAMS 0x00000000c5500000, 0x00000000c5500000| Untracked 

Card table byte_map: [0x000002be32ab0000,0x000002be32cb0000] _byte_map_base: 0x000002be324a5000

Marking Bits (Prev, Next): (CMBitMap*) 0x000002be1b3e5778, (CMBitMap*) 0x000002be1b3e57b8
 Prev Bits: [0x000002be32eb0000, 0x000002be33e58000)
 Next Bits: [0x000002be33e60000, 0x000002be34e08000)

Polling page: 0x000002be1ab80000

Metaspace:

Usage:
  Non-class:      8.08 MB capacity,     7.95 MB ( 98%) used,   117.72 KB (  1%) free+waste,    20.56 KB ( <1%) overhead. 
      Class:      1.25 MB capacity,     1.13 MB ( 91%) used,   107.00 KB (  8%) free+waste,    13.25 KB (  1%) overhead. 
       Both:      9.33 MB capacity,     9.08 MB ( 97%) used,   224.72 KB (  2%) free+waste,    33.81 KB ( <1%) overhead. 

Virtual space:
  Non-class space:       10.00 MB reserved,       8.25 MB ( 83%) committed 
      Class space:        1.00 GB reserved,       1.38 MB ( <1%) committed 
             Both:        1.01 GB reserved,       9.63 MB ( <1%) committed 

Chunk freelists:
   Non-Class:  44.00 KB
       Class:  0 bytes
        Both:  44.00 KB

MaxMetaspaceSize: 17179869184.00 GB
CompressedClassSpaceSize: 1.00 GB

CodeHeap 'non-profiled nmethods': size=120000Kb used=343Kb max_used=343Kb free=119656Kb
 bounds [0x000002be2b380000, 0x000002be2b5f0000, 0x000002be328b0000]
CodeHeap 'profiled nmethods': size=120000Kb used=1468Kb max_used=1468Kb free=118532Kb
 bounds [0x000002be23e50000, 0x000002be240c0000, 0x000002be2b380000]
CodeHeap 'non-nmethods': size=5760Kb used=1266Kb max_used=1311Kb free=4493Kb
 bounds [0x000002be238b0000, 0x000002be23b20000, 0x000002be23e50000]
 total_blobs=1803 nmethods=805 adapters=456
 compilation: enabled
              stopped_count=0, restarted_count=0
 full_count=0

Compilation events (20 events):
Event: 1.040 Thread 0x000002be37409800  848       3       java.lang.invoke.LambdaForm::lastUseIndex (76 bytes)
Event: 1.041 Thread 0x000002be37409800 nmethod 848 0x000002be23fbb690 code [0x000002be23fbb860, 0x000002be23fbbbf0]
Event: 1.041 Thread 0x000002be37409800  849       3       jdk.internal.org.objectweb.asm.Frame::pop (44 bytes)
Event: 1.041 Thread 0x000002be37409800 nmethod 849 0x000002be23fbbd90 code [0x000002be23fbbf40, 0x000002be23fbc138]
Event: 1.041 Thread 0x000002be37409800  850       3       java.lang.invoke.LambdaForm$Name::internArguments (59 bytes)
Event: 1.041 Thread 0x000002be37409800 nmethod 850 0x000002be23fbc210 code [0x000002be23fbc400, 0x000002be23fbcbb0]
Event: 1.041 Thread 0x000002be37409800  851       3       jdk.internal.org.objectweb.asm.Frame::setLocal (65 bytes)
Event: 1.042 Thread 0x000002be37409800 nmethod 851 0x000002be23fbcd90 code [0x000002be23fbcf60, 0x000002be23fbd530]
Event: 1.042 Thread 0x000002be37409800  852       3       java.lang.invoke.LambdaForm$Name::<init> (44 bytes)
Event: 1.043 Thread 0x000002be37409800 nmethod 852 0x000002be23fbd710 code [0x000002be23fbd940, 0x000002be23fbdf70]
Event: 1.043 Thread 0x000002be37409800  854       3       java.lang.invoke.LambdaFormBuffer::ownedCount (7 bytes)
Event: 1.043 Thread 0x000002be37409800 nmethod 854 0x000002be23fbe290 code [0x000002be23fbe420, 0x000002be23fbe598]
Event: 1.043 Thread 0x000002be37409800  853       3       java.lang.invoke.LambdaFormBuffer::changeName (149 bytes)
Event: 1.044 Thread 0x000002be37409800 nmethod 853 0x000002be23fbe610 code [0x000002be23fbe800, 0x000002be23fbedd0]
Event: 1.044 Thread 0x000002be37409800  856       3       java.lang.invoke.MethodTypeForm::pack (54 bytes)
Event: 1.044 Thread 0x000002be37409800 nmethod 856 0x000002be23fbef90 code [0x000002be23fbf120, 0x000002be23fbf298]
Event: 1.064 Thread 0x000002be37404000 nmethod 684 0x000002be2b3c7d10 code [0x000002be2b3c7f60, 0x000002be2b3c9d38]
Event: 1.064 Thread 0x000002be37404000  859 %     4       sun.awt.image.PNGImageDecoder::update_crc @ 3 (41 bytes)
Event: 1.072 Thread 0x000002be37404000 nmethod 859% 0x000002be2b3caa10 code [0x000002be2b3caba0, 0x000002be2b3cae18]
Event: 1.072 Thread 0x000002be37404000  860   !   4       sun.awt.image.PNGImageDecoder::produceImage (1917 bytes)

GC Heap History (4 events):
Event: 1.046 GC heap before
{Heap before GC invocations=0 (full 0):
 garbage-first heap   total 65536K, used 13312K [0x00000000c1600000, 0x0000000100000000)
  region size 1024K, 14 young (14336K), 0 survivors (0K)
 Metaspace       used 9298K, capacity 9557K, committed 9856K, reserved 1058816K
  class space    used 1160K, capacity 1281K, committed 1408K, reserved 1048576K
}
Event: 1.057 GC heap after
{Heap after GC invocations=1 (full 0):
 garbage-first heap   total 65536K, used 6081K [0x00000000c1600000, 0x0000000100000000)
  region size 1024K, 2 young (2048K), 2 survivors (2048K)
 Metaspace       used 9298K, capacity 9557K, committed 9856K, reserved 1058816K
  class space    used 1160K, capacity 1281K, committed 1408K, reserved 1048576K
}
Event: 1.066 GC heap before
{Heap before GC invocations=1 (full 0):
 garbage-first heap   total 65536K, used 6081K [0x00000000c1600000, 0x0000000100000000)
  region size 1024K, 3 young (3072K), 2 survivors (2048K)
 Metaspace       used 9298K, capacity 9557K, committed 9856K, reserved 1058816K
  class space    used 1160K, capacity 1281K, committed 1408K, reserved 1048576K
}
Event: 1.071 GC heap after
{Heap after GC invocations=2 (full 0):
 garbage-first heap   total 65536K, used 6481K [0x00000000c1600000, 0x0000000100000000)
  region size 1024K, 1 young (1024K), 1 survivors (1024K)
 Metaspace       used 9298K, capacity 9557K, committed 9856K, reserved 1058816K
  class space    used 1160K, capacity 1281K, committed 1408K, reserved 1048576K
}

Deoptimization events (20 events):
Event: 1.063 Thread 0x000002be382f9000 DEOPT PACKING pc=0x000002be23f72d1f sp=0x000000fb6cefef40
Event: 1.063 Thread 0x000002be382f9000 DEOPT UNPACKING pc=0x000002be238f964e sp=0x000000fb6cefe410 mode 0
Event: 1.063 Thread 0x000002be382f9000 DEOPT PACKING pc=0x000002be23f72d1f sp=0x000000fb6cefef40
Event: 1.063 Thread 0x000002be382f9000 DEOPT UNPACKING pc=0x000002be238f964e sp=0x000000fb6cefe410 mode 0
Event: 1.063 Thread 0x000002be382f9000 DEOPT PACKING pc=0x000002be23f72d1f sp=0x000000fb6cefef40
Event: 1.063 Thread 0x000002be382f9000 DEOPT UNPACKING pc=0x000002be238f964e sp=0x000000fb6cefe410 mode 0
Event: 1.064 Thread 0x000002be382f9000 DEOPT PACKING pc=0x000002be23f72d1f sp=0x000000fb6cefef40
Event: 1.064 Thread 0x000002be382f9000 DEOPT UNPACKING pc=0x000002be238f964e sp=0x000000fb6cefe410 mode 0
Event: 1.064 Thread 0x000002be382f9000 DEOPT PACKING pc=0x000002be23f72d1f sp=0x000000fb6cefef40
Event: 1.064 Thread 0x000002be382f9000 DEOPT UNPACKING pc=0x000002be238f964e sp=0x000000fb6cefe410 mode 0
Event: 1.064 Thread 0x000002be382f9000 DEOPT PACKING pc=0x000002be23f72d1f sp=0x000000fb6cefef40
Event: 1.064 Thread 0x000002be382f9000 DEOPT UNPACKING pc=0x000002be238f964e sp=0x000000fb6cefe410 mode 0
Event: 1.064 Thread 0x000002be382f9000 DEOPT PACKING pc=0x000002be23f72d1f sp=0x000000fb6cefef40
Event: 1.064 Thread 0x000002be382f9000 DEOPT UNPACKING pc=0x000002be238f964e sp=0x000000fb6cefe410 mode 0
Event: 1.064 Thread 0x000002be382f9000 DEOPT PACKING pc=0x000002be23f72d1f sp=0x000000fb6cefef40
Event: 1.064 Thread 0x000002be382f9000 DEOPT UNPACKING pc=0x000002be238f964e sp=0x000000fb6cefe410 mode 0
Event: 1.065 Thread 0x000002be382f9000 DEOPT PACKING pc=0x000002be23f72d1f sp=0x000000fb6cefef40
Event: 1.065 Thread 0x000002be382f9000 DEOPT UNPACKING pc=0x000002be238f964e sp=0x000000fb6cefe410 mode 0
Event: 1.065 Thread 0x000002be382f9000 DEOPT PACKING pc=0x000002be23f67ed8 sp=0x000000fb6ceff110
Event: 1.065 Thread 0x000002be382f9000 DEOPT UNPACKING pc=0x000002be238f964e sp=0x000000fb6cefe6a0 mode 0

Classes unloaded (0 events):
No events

Classes redefined (0 events):
No events

Internal exceptions (14 events):
Event: 0.285 Thread 0x000002be1b3b3800 Exception <a 'java/lang/ClassNotFoundException'{0x00000000c530bbb0}: sun/awt/resources/spi/awtProvider> (0x00000000c530bbb0) 
thrown [t:/workspace/open/src/hotspot/share/classfile/systemDictionary.cpp, line 232]
Event: 0.322 Thread 0x000002be1b3b3800 Exception <a 'java/io/FileNotFoundException'{0x00000000c5362f38}> (0x00000000c5362f38) 
thrown [t:/workspace/open/src/hotspot/share/prims/jni.cpp, line 598]
Event: 0.333 Thread 0x000002be1b3b3800 Exception <a 'java/io/FileNotFoundException'{0x00000000c5389518}> (0x00000000c5389518) 
thrown [t:/workspace/open/src/hotspot/share/prims/jni.cpp, line 598]
Event: 0.428 Thread 0x000002be381a6000 Exception <a 'java/lang/NoSuchMethodError'{0x00000000c514d1f8}: 'void java.lang.invoke.DirectMethodHandle$Holder.invokeSpecial(java.lang.Object, java.lang.Object)'> (0x00000000c514d1f8) 
thrown [t:/workspace/open/src/hotspot/share/interpreter/linkResolver.cpp, line 767]
Event: 0.507 Thread 0x000002be3822a000 Exception <a 'java/lang/NoSuchMethodError'{0x00000000c504afa0}: 'java.lang.Object java.lang.invoke.DirectMethodHandle$Holder.invokeStatic(java.lang.Object, int, java.lang.Object, java.lang.Object, java.lang.Object, java.lang.Object)'> (0x00000000c504afa0) 
thrown [t:/workspace/open/src/hotspot/share/interpreter/linkResolver.cpp, line 767]
Event: 0.508 Thread 0x000002be3822a000 Exception <a 'java/lang/NoSuchMethodError'{0x00000000c5051900}: 'java.lang.Object java.lang.invoke.DirectMethodHandle$Holder.invokeStatic(java.lang.Object, int, java.lang.Object, java.lang.Object, java.lang.Object)'> (0x00000000c5051900) 
thrown [t:/workspace/open/src/hotspot/share/interpreter/linkResolver.cpp, line 767]
Event: 0.508 Thread 0x000002be3822a000 Exception <a 'java/lang/NoSuchMethodError'{0x00000000c5055168}: 'java.lang.Object java.lang.invoke.DirectMethodHandle$Holder.invokeSpecial(java.lang.Object, java.lang.Object, int, java.lang.Object, java.lang.Object, java.lang.Object)'> (0x00000000c5055168) 
thrown [t:/workspace/open/src/hotspot/share/interpreter/linkResolver.cpp, line 767]
Event: 0.512 Thread 0x000002be3822a000 Exception <a 'java/lang/NoSuchMethodError'{0x00000000c506b490}: 'java.lang.Object java.lang.invoke.DirectMethodHandle$Holder.invokeStatic(java.lang.Object, int, java.lang.Object)'> (0x00000000c506b490) 
thrown [t:/workspace/open/src/hotspot/share/interpreter/linkResolver.cpp, line 767]
Event: 0.543 Thread 0x000002be3822a000 Exception <a 'java/lang/ClassNotFoundException'{0x00000000c4f0ea30}: com/sun/swing/internal/plaf/metal/resources/spi/metalProvider> (0x00000000c4f0ea30) 
thrown [t:/workspace/open/src/hotspot/share/classfile/systemDictionary.cpp, line 232]
Event: 0.545 Thread 0x000002be3822a000 Exception <a 'java/lang/ClassNotFoundException'{0x00000000c4f12ad8}: com/sun/swing/internal/plaf/basic/resources/spi/basicProvider> (0x00000000c4f12ad8) 
thrown [t:/workspace/open/src/hotspot/share/classfile/systemDictionary.cpp, line 232]
Event: 0.588 Thread 0x000002be3822a000 Exception <a 'java/net/UnknownHostException'{0x00000000c4f49bc8}> (0x00000000c4f49bc8) 
thrown [t:/workspace/open/src/hotspot/share/prims/jni.cpp, line 598]
Event: 0.960 Thread 0x000002be395b8000 Exception <a 'java/lang/NullPointerException'{0x00000000c484fec8}> (0x00000000c484fec8) 
thrown [t:/workspace/open/src/hotspot/share/interpreter/linkResolver.cpp, line 1349]
Event: 0.992 Thread 0x000002be3822a000 Exception <a 'java/lang/NoSuchMethodError'{0x00000000c49cf720}: 'void java.lang.invoke.DirectMethodHandle$Holder.invokeStaticInit(java.lang.Object)'> (0x00000000c49cf720) 
thrown [t:/workspace/open/src/hotspot/share/interpreter/linkResolver.cpp, line 767]
Event: 1.044 Thread 0x000002be3822a000 Exception <a 'java/lang/NoSuchMethodError'{0x00000000c48d3c98}: 'java.lang.Object java.lang.invoke.Invokers$Holder.linkToTargetMethod(java.lang.Object, int, java.lang.Object)'> (0x00000000c48d3c98) 
thrown [t:/workspace/open/src/hotspot/share/interpreter/linkResolver.cpp, line 767]

Events (20 events):
Event: 1.036 loading class sun/awt/windows/WingDings$Encoder
Event: 1.037 loading class sun/awt/windows/WingDings$Encoder done
Event: 1.037 loading class sun/awt/Symbol
Event: 1.037 loading class sun/awt/Symbol done
Event: 1.037 loading class sun/awt/Symbol$Encoder
Event: 1.037 loading class sun/awt/Symbol$Encoder done
Event: 1.038 Executing VM operation: RevokeBias
Event: 1.038 Executing VM operation: RevokeBias done
Event: 1.040 Executing VM operation: RevokeBias
Event: 1.040 Executing VM operation: RevokeBias done
Event: 1.044 Executing VM operation: RevokeBias
Event: 1.044 Executing VM operation: RevokeBias done
Event: 1.046 Executing VM operation: RevokeBias
Event: 1.046 Executing VM operation: RevokeBias done
Event: 1.046 Executing VM operation: G1CollectForAllocation
Event: 1.057 Executing VM operation: G1CollectForAllocation done
Event: 1.065 Executing VM operation: RevokeBias
Event: 1.065 Executing VM operation: RevokeBias done
Event: 1.066 Executing VM operation: G1CollectForAllocation
Event: 1.071 Executing VM operation: G1CollectForAllocation done


Dynamic libraries:
0x00007ff6d6b80000 - 0x00007ff6d6b8f000 	C:\Program Files\Java\jdk-13.0.2\bin\javaw.exe
0x00007ffd79c80000 - 0x00007ffd79e70000 	C:\Windows\SYSTEM32\ntdll.dll
0x00007ffd77eb0000 - 0x00007ffd77f62000 	C:\Windows\System32\KERNEL32.DLL
0x00007ffd77830000 - 0x00007ffd77ad5000 	C:\Windows\System32\KERNELBASE.dll
0x00007ffd76d60000 - 0x00007ffd76e5a000 	C:\Windows\System32\ucrtbase.dll
0x00007ffd6d1b0000 - 0x00007ffd6d1c8000 	C:\Program Files\Java\jdk-13.0.2\bin\jli.dll
0x00007ffd6d190000 - 0x00007ffd6d1a5000 	C:\Program Files\Java\jdk-13.0.2\bin\VCRUNTIME140.dll
0x00007ffd78ce0000 - 0x00007ffd78d83000 	C:\Windows\System32\ADVAPI32.dll
0x00007ffd78a40000 - 0x00007ffd78ade000 	C:\Windows\System32\msvcrt.dll
0x00007ffd78f30000 - 0x00007ffd78fc7000 	C:\Windows\System32\sechost.dll
0x00007ffd78bc0000 - 0x00007ffd78cdf000 	C:\Windows\System32\RPCRT4.dll
0x00007ffd78d90000 - 0x00007ffd78f24000 	C:\Windows\System32\USER32.dll
0x00007ffd6a300000 - 0x00007ffd6a584000 	C:\Windows\WinSxS\amd64_microsoft.windows.common-controls_6595b64144ccf1df_6.0.18362.1556_none_9e7e372fe45e41d5\COMCTL32.dll
0x00007ffd77ae0000 - 0x00007ffd77b01000 	C:\Windows\System32\win32u.dll
0x00007ffd783e0000 - 0x00007ffd78716000 	C:\Windows\System32\combase.dll
0x00007ffd78fd0000 - 0x00007ffd78ff6000 	C:\Windows\System32\GDI32.dll
0x00007ffd76f10000 - 0x00007ffd770a8000 	C:\Windows\System32\gdi32full.dll
0x00007ffd76e80000 - 0x00007ffd76f01000 	C:\Windows\System32\bcryptPrimitives.dll
0x00007ffd76bc0000 - 0x00007ffd76c5e000 	C:\Windows\System32\msvcp_win.dll
0x00007ffd6ac30000 - 0x00007ffd6ac3a000 	C:\Windows\SYSTEM32\VERSION.dll
0x00007ffd79140000 - 0x00007ffd7916e000 	C:\Windows\System32\IMM32.DLL
0x00007ffd5d9f0000 - 0x00007ffd5da8b000 	C:\Program Files\Java\jdk-13.0.2\bin\msvcp140.dll
0x00007ffd4b1a0000 - 0x00007ffd4bcfd000 	C:\Program Files\Java\jdk-13.0.2\bin\server\jvm.dll
0x00007ffd787f0000 - 0x00007ffd787f8000 	C:\Windows\System32\PSAPI.DLL
0x00007ffd72e20000 - 0x00007ffd72e29000 	C:\Windows\SYSTEM32\WSOCK32.dll
0x00007ffd745f0000 - 0x00007ffd74614000 	C:\Windows\SYSTEM32\WINMM.dll
0x00007ffd78ae0000 - 0x00007ffd78b4f000 	C:\Windows\System32\WS2_32.dll
0x00007ffd745c0000 - 0x00007ffd745ed000 	C:\Windows\SYSTEM32\WINMMBASE.dll
0x00007ffd76c60000 - 0x00007ffd76caa000 	C:\Windows\System32\cfgmgr32.dll
0x00007ffd76ba0000 - 0x00007ffd76bb1000 	C:\Windows\System32\kernel.appcore.dll
0x00007ffd721b0000 - 0x00007ffd721c0000 	C:\Program Files\Java\jdk-13.0.2\bin\verify.dll
0x00007ffd67110000 - 0x00007ffd67304000 	C:\Windows\SYSTEM32\DBGHELP.DLL
0x00007ffd670e0000 - 0x00007ffd6710a000 	C:\Windows\SYSTEM32\dbgcore.DLL
0x00007ffd5de20000 - 0x00007ffd5de46000 	C:\Program Files\Java\jdk-13.0.2\bin\java.dll
0x00007ffd6d170000 - 0x00007ffd6d187000 	C:\Program Files\Java\jdk-13.0.2\bin\zip.dll
0x00007ffd6fad0000 - 0x00007ffd6fada000 	C:\Program Files\Java\jdk-13.0.2\bin\jimage.dll
0x00007ffd79350000 - 0x00007ffd79a37000 	C:\Windows\System32\SHELL32.dll
0x00007ffd791f0000 - 0x00007ffd79298000 	C:\Windows\System32\shcore.dll
0x00007ffd770b0000 - 0x00007ffd7782b000 	C:\Windows\System32\windows.storage.dll
0x00007ffd76b10000 - 0x00007ffd76b2e000 	C:\Windows\System32\profapi.dll
0x00007ffd76b50000 - 0x00007ffd76b9a000 	C:\Windows\System32\powrprof.dll
0x00007ffd76b00000 - 0x00007ffd76b10000 	C:\Windows\System32\UMPDC.dll
0x00007ffd79170000 - 0x00007ffd791c2000 	C:\Windows\System32\shlwapi.dll
0x00007ffd76e60000 - 0x00007ffd76e77000 	C:\Windows\System32\cryptsp.dll
0x00007ffd5de00000 - 0x00007ffd5de19000 	C:\Program Files\Java\jdk-13.0.2\bin\net.dll
0x00007ffd6d610000 - 0x00007ffd6d70a000 	C:\Windows\SYSTEM32\WINHTTP.dll
0x00007ffd762e0000 - 0x00007ffd76347000 	C:\Windows\system32\mswsock.dll
0x00007ffd5dde0000 - 0x00007ffd5ddf3000 	C:\Program Files\Java\jdk-13.0.2\bin\nio.dll
0x00007ffd5be70000 - 0x00007ffd5c009000 	C:\Program Files\Java\jdk-13.0.2\bin\awt.dll
0x00007ffd78720000 - 0x00007ffd787e5000 	C:\Windows\System32\OLEAUT32.dll
0x00007ffd74c70000 - 0x00007ffd74cff000 	C:\Windows\SYSTEM32\apphelp.dll
0x00007ffd74e20000 - 0x00007ffd74eb9000 	C:\Windows\system32\uxtheme.dll
0x00007ffd79a40000 - 0x00007ffd79b75000 	C:\Windows\System32\MSCTF.dll
0x00007ffd78860000 - 0x00007ffd789b7000 	C:\Windows\System32\ole32.dll
0x00007ffd74f10000 - 0x00007ffd74f3d000 	C:\Windows\system32\DWMAPI.DLL
0x00007ffd59c70000 - 0x00007ffd59dc6000 	C:\Windows\system32\opengl32.dll
0x00007ffd6d1d0000 - 0x00007ffd6d1fc000 	C:\Windows\SYSTEM32\GLU32.dll
0x00007ffd75740000 - 0x00007ffd75760000 	C:\Windows\SYSTEM32\dxcore.dll
0x00007ffd76030000 - 0x00007ffd760fb000 	C:\Windows\SYSTEM32\DNSAPI.dll
0x00007ffd79000000 - 0x00007ffd79008000 	C:\Windows\System32\NSI.dll
0x00007ffd75ff0000 - 0x00007ffd7602a000 	C:\Windows\SYSTEM32\IPHLPAPI.DLL
0x00007ffd6c7d0000 - 0x00007ffd6c7da000 	C:\Windows\System32\rasadhlp.dll
0x00007ffd5bde0000 - 0x00007ffd5be62000 	C:\Program Files\Java\jdk-13.0.2\bin\freetype.dll
0x00007ffd59bc0000 - 0x00007ffd59c66000 	C:\Program Files\Java\jdk-13.0.2\bin\fontmanager.dll

dbghelp: loaded successfully - version: 4.0.5 - missing functions: none
symbol engine: initialized successfully - sym options: 0x614 - pdb path: .;C:\Program Files\Java\jdk-13.0.2\bin;C:\Windows\SYSTEM32;C:\Windows\WinSxS\amd64_microsoft.windows.common-controls_6595b64144ccf1df_6.0.18362.1556_none_9e7e372fe45e41d5;C:\Program Files\Java\jdk-13.0.2\bin\server

VM Arguments:
jvm_args: -Dfile.encoding=Cp1252 
java_command: Application.Home
java_class_path (initial): C:\Users\User\Desktop\Programmes\Java\Workspace\DriveOperations\target\classes;C:\Users\User\Desktop\Libraries\jgoodies-common-1.8.0.jar;C:\Users\User\Desktop\Libraries\jgoodies-forms-1.8.0.jar;C:\Users\User\Desktop\Libraries\miglayout15-swing.jar;C:\Users\User\Downloads\javax.mail.jar;C:\Users\User\Downloads\activation-1.1.1.jar;C:\Users\User\Downloads\jcalendar-1.4.jar;C:\Users\User\Downloads\jfreechart-1.0.19\lib\jcommon-1.0.23.jar;C:\Users\User\Downloads\jfreechart-1.0.19\lib\jfreechart-1.0.19.jar;C:\Users\User\Downloads\commons-net-3.8.0\commons-net-3.8.0.jar;C:\Users\User\Documents\Libs\comm-2.0.jar;C:\Users\User\Documents\Libs\http-2.2.1.jar;C:\Users\User\Documents\Libs\mysql-connector-java-5.1.45.jar;C:\Users\User\Downloads\JTattoo-1.6.13.jar;C:\Users\User\Desktop\Libs\jmespath-java-1.11.470.jar;C:\Users\User\Desktop\Libs\aws-java-sdk-core-1.12.65.jar;C:\Users\User\Desktop\Libs\aws-java-sdk-kms-1.12.65.jar;C:\Users\User\Desktop\Libs\aws-java-sdk-s3-1.12.65.jar;C:\Users\User\Desktop\Libs\commons-codec-1.15.jar;C:\Users\User\Desktop\Libs\commons-logging-1.1.3.jar;C:\Users\User\Desktop\Libs\httpclient-4.5.13.jar;C:\Users\User\Desktop\Libs\ion-java-1.0.2.jar;C:\Users\User\Desktop\Libs\jackson-annotations-2.12.3.jar;C:\Users\User\Desktop\Libs\jackson-core-2.12.3.jar;C:\Users\User\Desktop\Libs\jackson-databind-2.12.3.jar;C:\Users\User\Desktop\Libs\jackson-dataformat-cbor-2.12.3.jar;C:\Users\User\Desktop\Libs\jmespath-java-1.12.65.jar;C:\Users\User\Desktop\Libs\joda-time-2.8.1.jar;C:\Users\User\.m2\repository\com\amazonaws\aws-java-sdk-s3\1.12.65\aws-java-sdk-s3-1.12.65.jar;C:\Users\User\.m2\repository\com\amazonaws\aws-java-sdk-kms\1.12.65\aws-java-sdk-kms-1.12.65.jar;C:\Users\User\.m2\repository\com\amazonaws\aws-java-sdk-core\1.12.65\aws-java-sdk-core-1.12.65.jar;C:\Users\User\.m2\repository\commons-logging\commons-logging\1.1.3\commons-logging-1.1.3.jar;C:\Users\User\.m2\repository\commons-codec\commons-codec\1.15\commons-codec-1.15
Launcher Type: SUN_STANDARD

[Global flags]
     intx CICompilerCount                          = 3                                         {product} {ergonomic}
     uint ConcGCThreads                            = 1                                         {product} {ergonomic}
     uint G1ConcRefinementThreads                  = 4                                         {product} {ergonomic}
   size_t G1HeapRegionSize                         = 1048576                                   {product} {ergonomic}
    uintx GCDrainStackTargetSize                   = 64                                        {product} {ergonomic}
   size_t InitialHeapSize                          = 67108864                                  {product} {ergonomic}
   size_t MarkStackSize                            = 4194304                                   {product} {ergonomic}
   size_t MaxHeapSize                              = 1050673152                                {product} {ergonomic}
   size_t MaxNewSize                               = 630194176                                 {product} {ergonomic}
   size_t MinHeapDeltaBytes                        = 1048576                                   {product} {ergonomic}
   size_t MinHeapSize                              = 8388608                                   {product} {ergonomic}
    uintx NonNMethodCodeHeapSize                   = 5832780                                {pd product} {ergonomic}
    uintx NonProfiledCodeHeapSize                  = 122912730                              {pd product} {ergonomic}
    uintx ProfiledCodeHeapSize                     = 122912730                              {pd product} {ergonomic}
    uintx ReservedCodeCacheSize                    = 251658240                              {pd product} {ergonomic}
     bool SegmentedCodeCache                       = true                                      {product} {ergonomic}
   size_t SoftMaxHeapSize                          = 1050673152                             {manageable} {ergonomic}
     bool UseCompressedClassPointers               = true                                 {lp64_product} {ergonomic}
     bool UseCompressedOops                        = true                                 {lp64_product} {ergonomic}
     bool UseG1GC                                  = true                                      {product} {ergonomic}
     bool UseLargePagesIndividualAllocation        = false                                  {pd product} {ergonomic}

Logging:
Log output configuration:
 #0: stdout all=warning uptime,level,tags
 #1: stderr all=off uptime,level,tags

Environment Variables:
JAVA_HOME=C:\Program Files (x86)\Java\jre1.8.0_241
PATH=C:\Program Files\Java\jdk-13.0.2\bin;C:\Program Files (x86)\Common Files\Oracle\Java\javapath;C:\Windows\system32;C:\Windows;C:\Windows\System32\Wbem;C:\Windows\System32\WindowsPowerShell\v1.0\;C:\Windows\System32\OpenSSH\;C:\Program Files (x86)\apache-maven-3.8.1\bin;C:\Program Files (x86)\gradle-7.1.1\bin;C:\Users\User\AppData\Local\Microsoft\WindowsApps;C:\Users\User\AppData\Local\Programs\Microsoft VS Code\bin;C:\Program Files (x86)\gradle-7.1.1\bin;C:\Users\User\Downloads\platform-tools;
USERNAME=User
OS=Windows_NT
PROCESSOR_IDENTIFIER=Intel64 Family 6 Model 42 Stepping 7, GenuineIntel



---------------  S Y S T E M  ---------------

OS: Windows 10 , 64 bit Build 18362 (10.0.18362.1500)

CPU:total 4 (initial active 4) (2 cores per cpu, 2 threads per core) family 6 model 42 stepping 7, cmov, cx8, fxsr, mmx, sse, sse2, sse3, ssse3, sse4.1, sse4.2, popcnt, avx, aes, clmul, ht, tsc, tscinvbit

Memory: 4k page, system-wide physical 4006M (329M free)
TotalPageFile size 16266M (AvailPageFile size 51M)
current process WorkingSet (physical memory assigned to process): 83M, peak: 87M
current process commit charge ("private bytes"): 165M, peak: 271M

vm_info: Java HotSpot(TM) 64-Bit Server VM (13.0.2+8) for windows-amd64 JRE (13.0.2+8), built on Dec 11 2019 09:20:33 by "mach5one" with unknown MS VC++:1916

END.
