#
# There is insufficient memory for the Java Runtime Environment to continue.
# Native memory allocation (mmap) failed to map 1835008 bytes for Failed to commit area from 0x0000020ade9f0000 to 0x0000020adebb0000 of length 1835008.
# Possible reasons:
#   The system is out of physical RAM or swap space
#   The process is running with CompressedOops enabled, and the Java Heap may be blocking the growth of the native heap
# Possible solutions:
#   Reduce memory load on the system
#   Increase physical memory or swap space
#   Check if swap backing store is full
#   Decrease Java heap size (-Xmx/-Xms)
#   Decrease number of Java threads
#   Decrease Java thread stack sizes (-Xss)
#   Set larger code cache with -XX:ReservedCodeCacheSize=
#   JVM is running with Unscaled Compressed Oops mode in which the Java heap is
#     placed in the first 4GB address space. The Java Heap base address is the
#     maximum limit for the native heap growth. Please use -XX:HeapBaseMinAddress
#     to set the Java Heap base and to place the Java Heap above 4GB virtual address.
# This output file may be truncated or incomplete.
#
#  Out of Memory Error (t:/workspace/open/src/hotspot/os/windows/os_windows.cpp:3301), pid=11792, tid=10100
#
# JRE version: Java(TM) SE Runtime Environment (13.0.2+8) (build 13.0.2+8)
# Java VM: Java HotSpot(TM) 64-Bit Server VM (13.0.2+8, mixed mode, sharing, tiered, compressed oops, g1 gc, windows-amd64)
# No core dump will be written. Minidumps are not enabled by default on client versions of Windows
#

---------------  S U M M A R Y ------------

Command Line: -Dfile.encoding=Cp1252 Application.Home

Host: Intel(R) Core(TM) i5-2520M CPU @ 2.50GHz, 4 cores, 3G,  Windows 10 , 64 bit Build 18362 (10.0.18362.1500)
Time: Thu May 12 13:38:02 2022 Afrique de l?Est elapsed time: 2 seconds (0d 0h 0m 2s)

---------------  T H R E A D  ---------------

Current thread (0x0000020ae3af7000):  JavaThread "Image Fetcher 1" daemon [_thread_in_vm, id=10100, stack(0x0000008675b00000,0x0000008675c00000)]

Stack: [0x0000008675b00000,0x0000008675c00000]
Native frames: (J=compiled Java code, j=interpreted, Vv=VM code, C=native code)
V  [jvm.dll+0x624f9a]
V  [jvm.dll+0x770cfa]
V  [jvm.dll+0x7724af]
V  [jvm.dll+0x772ab3]
V  [jvm.dll+0x24bf08]
V  [jvm.dll+0x6222aa]
V  [jvm.dll+0x6170b5]
V  [jvm.dll+0x30a88c]
V  [jvm.dll+0x30a6c2]
V  [jvm.dll+0x30fe36]
V  [jvm.dll+0x353f6f]
V  [jvm.dll+0x353720]
V  [jvm.dll+0x2e5d5e]
V  [jvm.dll+0x2e16ff]
V  [jvm.dll+0x5be8b5]
V  [jvm.dll+0x5be33b]
V  [jvm.dll+0x1f48d5]
V  [jvm.dll+0x74b3a7]
V  [jvm.dll+0x3783ea]
C  0x0000020acdbffd37

Java frames: (J=compiled Java code, j=interpreted, Vv=VM code)
j  java.awt.image.DataBufferInt.<init>(I)V+11 java.desktop@13.0.2
j  java.awt.image.Raster.createPackedRaster(III[ILjava/awt/Point;)Ljava/awt/image/WritableRaster;+69 java.desktop@13.0.2
j  java.awt.image.DirectColorModel.createCompatibleWritableRaster(II)Ljava/awt/image/WritableRaster;+83 java.desktop@13.0.2
j  sun.awt.image.ImageRepresentation.createBufferedImage()V+18 java.desktop@13.0.2
J 1761 c1 sun.awt.image.ImageRepresentation.setPixels(IIIILjava/awt/image/ColorModel;[III)V java.desktop@13.0.2 (527 bytes) @ 0x0000020ace50426c [0x0000020ace503ee0+0x000000000000038c]
J 1775% c2 sun.awt.image.PNGImageDecoder.produceImage()V java.desktop@13.0.2 (1917 bytes) @ 0x0000020ad5758180 [0x0000020ad5757ae0+0x00000000000006a0]
j  sun.awt.image.InputStreamImageSource.doFetch()V+51 java.desktop@13.0.2
j  sun.awt.image.ImageFetcher.fetchloop()V+31 java.desktop@13.0.2
j  sun.awt.image.ImageFetcher.run()V+5 java.desktop@13.0.2
v  ~StubRoutines::call_stub

---------------  P R O C E S S  ---------------

Threads class SMR info:
_java_thread_list=0x0000020ae3b74950, length=23, elements={
0x0000020ae1e29000, 0x0000020ae1e2c800, 0x0000020ae1e4c000, 0x0000020ae1e4d000,
0x0000020ae1e51800, 0x0000020ae1e56800, 0x0000020ae1e60800, 0x0000020ae28a2800,
0x0000020ae28c9800, 0x0000020ae2bdc000, 0x0000020ae2c40800, 0x0000020ae2c42800,
0x0000020ae2cfe000, 0x0000020ac3eb3000, 0x0000020ae2d30800, 0x0000020ae2d5b800,
0x0000020ae3a83800, 0x0000020ae3dc3800, 0x0000020ae3af7000, 0x0000020ae2fe8000,
0x0000020ae3cac800, 0x0000020ae3fd8800, 0x0000020ae3fda000
}

Java Threads: ( => current thread )
  0x0000020ae1e29000 JavaThread "Reference Handler" daemon [_thread_blocked, id=11716, stack(0x0000008674600000,0x0000008674700000)]
  0x0000020ae1e2c800 JavaThread "Finalizer" daemon [_thread_blocked, id=11764, stack(0x0000008674700000,0x0000008674800000)]
  0x0000020ae1e4c000 JavaThread "Signal Dispatcher" daemon [_thread_blocked, id=5620, stack(0x0000008674800000,0x0000008674900000)]
  0x0000020ae1e4d000 JavaThread "Attach Listener" daemon [_thread_blocked, id=9664, stack(0x0000008674900000,0x0000008674a00000)]
  0x0000020ae1e51800 JavaThread "C2 CompilerThread0" daemon [_thread_blocked, id=8960, stack(0x0000008674a00000,0x0000008674b00000)]
  0x0000020ae1e56800 JavaThread "C1 CompilerThread0" daemon [_thread_blocked, id=11192, stack(0x0000008674b00000,0x0000008674c00000)]
  0x0000020ae1e60800 JavaThread "Sweeper thread" daemon [_thread_blocked, id=2488, stack(0x0000008674c00000,0x0000008674d00000)]
  0x0000020ae28a2800 JavaThread "Service Thread" daemon [_thread_blocked, id=9700, stack(0x0000008674d00000,0x0000008674e00000)]
  0x0000020ae28c9800 JavaThread "Common-Cleaner" daemon [_thread_blocked, id=10888, stack(0x0000008674f00000,0x0000008675000000)]
  0x0000020ae2bdc000 JavaThread "Java2D Disposer" daemon [_thread_blocked, id=2404, stack(0x0000008675000000,0x0000008675100000)]
  0x0000020ae2c40800 JavaThread "AWT-Shutdown" [_thread_blocked, id=4852, stack(0x0000008675100000,0x0000008675200000)]
  0x0000020ae2c42800 JavaThread "AWT-Windows" daemon [_thread_in_native, id=12264, stack(0x0000008675200000,0x0000008675300000)]
  0x0000020ae2cfe000 JavaThread "AWT-EventQueue-0" [_thread_blocked, id=12236, stack(0x0000008675300000,0x0000008675400000)]
  0x0000020ac3eb3000 JavaThread "DestroyJavaVM" [_thread_blocked, id=10956, stack(0x0000008673f00000,0x0000008674000000)]
  0x0000020ae2d30800 JavaThread "Abandoned connection cleanup thread" daemon [_thread_blocked, id=4132, stack(0x0000008675400000,0x0000008675500000)]
  0x0000020ae2d5b800 JavaThread "mysql-cj-abandoned-connection-cleanup" daemon [_thread_blocked, id=8432, stack(0x0000008675500000,0x0000008675600000)]
  0x0000020ae3a83800 JavaThread "Image Fetcher 0" daemon [_thread_blocked, id=8804, stack(0x0000008675600000,0x0000008675700000)]
  0x0000020ae3dc3800 JavaThread "TimerQueue" daemon [_thread_blocked, id=4684, stack(0x0000008675a00000,0x0000008675b00000)]
=>0x0000020ae3af7000 JavaThread "Image Fetcher 1" daemon [_thread_in_vm, id=10100, stack(0x0000008675b00000,0x0000008675c00000)]
  0x0000020ae2fe8000 JavaThread "C2 CompilerThread1" daemon [_thread_blocked, id=12044, stack(0x0000008675c00000,0x0000008675d00000)]
  0x0000020ae3cac800 JavaThread "SwingWorker-pool-1-thread-1" daemon [_thread_blocked, id=11744, stack(0x0000008675d00000,0x0000008675e00000)]
  0x0000020ae3fd8800 JavaThread "SwingWorker-pool-1-thread-2" daemon [_thread_blocked, id=12248, stack(0x0000008675e00000,0x0000008675f00000)]
  0x0000020ae3fda000 JavaThread "SwingWorker-pool-1-thread-3" daemon [_thread_blocked, id=9308, stack(0x0000008675f00000,0x0000008676000000)]

Other Threads:
  0x0000020ae1e27800 VMThread "VM Thread" [stack: 0x0000008674500000,0x0000008674600000] [id=11608] _threads_hazard_ptr=0x0000020ae3b74950
  0x0000020ae28c8000 WatcherThread [stack: 0x0000008674e00000,0x0000008674f00000] [id=11704]
  0x0000020ac3ee3800 GCTaskThread "GC Thread#0" [stack: 0x0000008674000000,0x0000008674100000] [id=8532]
  0x0000020ae320f000 GCTaskThread "GC Thread#1" [stack: 0x0000008675700000,0x0000008675800000] [id=12192]
  0x0000020ae2db6800 GCTaskThread "GC Thread#2" [stack: 0x0000008675800000,0x0000008675900000] [id=3904]
  0x0000020ae33d6800 GCTaskThread "GC Thread#3" [stack: 0x0000008675900000,0x0000008675a00000] [id=11948]
  0x0000020ac3eed000 ConcurrentGCThread "G1 Main Marker" [stack: 0x0000008674100000,0x0000008674200000] [id=11308]
  0x0000020ac3eef000 ConcurrentGCThread "G1 Conc#0" [stack: 0x0000008674200000,0x0000008674300000] [id=6160]
  0x0000020ac3f43000 ConcurrentGCThread "G1 Refine#0" [stack: 0x0000008674300000,0x0000008674400000] [id=11376]
  0x0000020ac3f45000 ConcurrentGCThread "G1 Young RemSet Sampling" [stack: 0x0000008674400000,0x0000008674500000] [id=6904]

Threads with active compile tasks:
C2 CompilerThread0     3080 1942   !   4       sun.awt.image.PNGImageDecoder::produceImage (1917 bytes)

VM state:synchronizing (normal execution)

VM Mutex/Monitor currently owned by a thread:  ([mutex/lock_event])
[0x0000020ac3eae6a0] Threads_lock - owner thread: 0x0000020ae1e27800
[0x0000020ac3eae580] Heap_lock - owner thread: 0x0000020ae3af7000

Heap address: 0x00000000c1600000, size: 1002 MB, Compressed Oops mode: 32-bit
Narrow klass base: 0x0000000800000000, Narrow klass shift: 3
Compressed class space size: 1073741824 Address: 0x0000000800b40000

Heap:
 garbage-first heap   total 180224K, used 12737K [0x00000000c1600000, 0x0000000100000000)
  region size 1024K, 2 young (2048K), 1 survivors (1024K)
 Metaspace       used 20053K, capacity 20392K, committed 20736K, reserved 1067008K
  class space    used 2292K, capacity 2443K, committed 2560K, reserved 1048576K
Heap Regions: E=young(eden), S=young(survivor), O=old, HS=humongous(starts), HC=humongous(continues), CS=collection set, F=free, A=archive, TAMS=top-at-mark-start (previous, next)
|   0|0x00000000c1600000, 0x00000000c1700000, 0x00000000c1700000|100%| O|  |TAMS 0x00000000c1600000, 0x00000000c1700000| Untracked 
|   1|0x00000000c1700000, 0x00000000c1800000, 0x00000000c1800000|100%| O|  |TAMS 0x00000000c1700000, 0x00000000c1800000| Untracked 
|   2|0x00000000c1800000, 0x00000000c1900000, 0x00000000c1900000|100%| O|  |TAMS 0x00000000c1800000, 0x00000000c1900000| Untracked 
|   3|0x00000000c1900000, 0x00000000c1a00000, 0x00000000c1a00000|100%| O|  |TAMS 0x00000000c1900000, 0x00000000c1a00000| Untracked 
|   4|0x00000000c1a00000, 0x00000000c1b00000, 0x00000000c1b00000|100%| O|  |TAMS 0x00000000c1a00000, 0x00000000c1b00000| Untracked 
|   5|0x00000000c1b00000, 0x00000000c1c00000, 0x00000000c1c00000|100%| O|  |TAMS 0x00000000c1b00000, 0x00000000c1c00000| Untracked 
|   6|0x00000000c1c00000, 0x00000000c1d00000, 0x00000000c1d00000|100%| O|  |TAMS 0x00000000c1c00000, 0x00000000c1d00000| Untracked 
|   7|0x00000000c1d00000, 0x00000000c1e00000, 0x00000000c1e00000|100%| O|  |TAMS 0x00000000c1d00000, 0x00000000c1e00000| Untracked 
|   8|0x00000000c1e00000, 0x00000000c1f00000, 0x00000000c1f00000|100%| O|  |TAMS 0x00000000c1e00000, 0x00000000c1e99e00| Untracked 
|   9|0x00000000c1f00000, 0x00000000c2000000, 0x00000000c2000000|100%| O|  |TAMS 0x00000000c1f00000, 0x00000000c1f00000| Untracked 
|  10|0x00000000c2000000, 0x00000000c2100000, 0x00000000c2100000|100%| O|  |TAMS 0x00000000c2000000, 0x00000000c2000000| Untracked 
|  11|0x00000000c2100000, 0x00000000c219c600, 0x00000000c2200000| 61%| O|  |TAMS 0x00000000c2100000, 0x00000000c2100000| Untracked 
|  12|0x00000000c2200000, 0x00000000c2200000, 0x00000000c2300000|  0%| F|  |TAMS 0x00000000c2200000, 0x00000000c2200000| Untracked 
|  13|0x00000000c2300000, 0x00000000c2300000, 0x00000000c2400000|  0%| F|  |TAMS 0x00000000c2300000, 0x00000000c2300000| Untracked 
|  14|0x00000000c2400000, 0x00000000c2400000, 0x00000000c2500000|  0%| F|  |TAMS 0x00000000c2400000, 0x00000000c2400000| Untracked 
|  15|0x00000000c2500000, 0x00000000c2500000, 0x00000000c2600000|  0%| F|  |TAMS 0x00000000c2500000, 0x00000000c2500000| Untracked 
|  16|0x00000000c2600000, 0x00000000c2600000, 0x00000000c2700000|  0%| F|  |TAMS 0x00000000c2600000, 0x00000000c2600000| Untracked 
|  17|0x00000000c2700000, 0x00000000c2700000, 0x00000000c2800000|  0%| F|  |TAMS 0x00000000c2700000, 0x00000000c2700000| Untracked 
|  18|0x00000000c2800000, 0x00000000c2800000, 0x00000000c2900000|  0%| F|  |TAMS 0x00000000c2800000, 0x00000000c2800000| Untracked 
|  19|0x00000000c2900000, 0x00000000c2900000, 0x00000000c2a00000|  0%| F|  |TAMS 0x00000000c2900000, 0x00000000c2900000| Untracked 
|  20|0x00000000c2a00000, 0x00000000c2a00000, 0x00000000c2b00000|  0%| F|  |TAMS 0x00000000c2a00000, 0x00000000c2a00000| Untracked 
|  21|0x00000000c2b00000, 0x00000000c2b00000, 0x00000000c2c00000|  0%| F|  |TAMS 0x00000000c2b00000, 0x00000000c2b00000| Untracked 
|  22|0x00000000c2c00000, 0x00000000c2c00000, 0x00000000c2d00000|  0%| F|  |TAMS 0x00000000c2c00000, 0x00000000c2c00000| Untracked 
|  23|0x00000000c2d00000, 0x00000000c2d00000, 0x00000000c2e00000|  0%| F|  |TAMS 0x00000000c2d00000, 0x00000000c2d00000| Untracked 
|  24|0x00000000c2e00000, 0x00000000c2e00000, 0x00000000c2f00000|  0%| F|  |TAMS 0x00000000c2e00000, 0x00000000c2e00000| Untracked 
|  25|0x00000000c2f00000, 0x00000000c2f00000, 0x00000000c3000000|  0%| F|  |TAMS 0x00000000c2f00000, 0x00000000c2f00000| Untracked 
|  26|0x00000000c3000000, 0x00000000c3000000, 0x00000000c3100000|  0%| F|  |TAMS 0x00000000c3000000, 0x00000000c3000000| Untracked 
|  27|0x00000000c3100000, 0x00000000c3100000, 0x00000000c3200000|  0%| F|  |TAMS 0x00000000c3100000, 0x00000000c3100000| Untracked 
|  28|0x00000000c3200000, 0x00000000c3200000, 0x00000000c3300000|  0%| F|  |TAMS 0x00000000c3200000, 0x00000000c3200000| Untracked 
|  29|0x00000000c3300000, 0x00000000c3300000, 0x00000000c3400000|  0%| F|  |TAMS 0x00000000c3300000, 0x00000000c3300000| Untracked 
|  30|0x00000000c3400000, 0x00000000c3400000, 0x00000000c3500000|  0%| F|  |TAMS 0x00000000c3400000, 0x00000000c3400000| Untracked 
|  31|0x00000000c3500000, 0x00000000c3500000, 0x00000000c3600000|  0%| F|  |TAMS 0x00000000c3500000, 0x00000000c3500000| Untracked 
|  32|0x00000000c3600000, 0x00000000c3600000, 0x00000000c3700000|  0%| F|  |TAMS 0x00000000c3600000, 0x00000000c3600000| Untracked 
|  33|0x00000000c3700000, 0x00000000c3700000, 0x00000000c3800000|  0%| F|  |TAMS 0x00000000c3700000, 0x00000000c3700000| Untracked 
|  34|0x00000000c3800000, 0x00000000c3800000, 0x00000000c3900000|  0%| F|  |TAMS 0x00000000c3800000, 0x00000000c3800000| Untracked 
|  35|0x00000000c3900000, 0x00000000c3900000, 0x00000000c3a00000|  0%| F|  |TAMS 0x00000000c3900000, 0x00000000c3900000| Untracked 
|  36|0x00000000c3a00000, 0x00000000c3a00000, 0x00000000c3b00000|  0%| F|  |TAMS 0x00000000c3a00000, 0x00000000c3a00000| Untracked 
|  37|0x00000000c3b00000, 0x00000000c3b00000, 0x00000000c3c00000|  0%| F|  |TAMS 0x00000000c3b00000, 0x00000000c3b00000| Untracked 
|  38|0x00000000c3c00000, 0x00000000c3c00000, 0x00000000c3d00000|  0%| F|  |TAMS 0x00000000c3c00000, 0x00000000c3c00000| Untracked 
|  39|0x00000000c3d00000, 0x00000000c3d00000, 0x00000000c3e00000|  0%| F|  |TAMS 0x00000000c3d00000, 0x00000000c3d00000| Untracked 
|  40|0x00000000c3e00000, 0x00000000c3e00000, 0x00000000c3f00000|  0%| F|  |TAMS 0x00000000c3e00000, 0x00000000c3e00000| Untracked 
|  41|0x00000000c3f00000, 0x00000000c3f00000, 0x00000000c4000000|  0%| F|  |TAMS 0x00000000c3f00000, 0x00000000c3f00000| Untracked 
|  42|0x00000000c4000000, 0x00000000c4000000, 0x00000000c4100000|  0%| F|  |TAMS 0x00000000c4000000, 0x00000000c4000000| Untracked 
|  43|0x00000000c4100000, 0x00000000c4100000, 0x00000000c4200000|  0%| F|  |TAMS 0x00000000c4100000, 0x00000000c4100000| Untracked 
|  44|0x00000000c4200000, 0x00000000c4200000, 0x00000000c4300000|  0%| F|  |TAMS 0x00000000c4200000, 0x00000000c4200000| Untracked 
|  45|0x00000000c4300000, 0x00000000c4300000, 0x00000000c4400000|  0%| F|  |TAMS 0x00000000c4300000, 0x00000000c4300000| Untracked 
|  46|0x00000000c4400000, 0x00000000c4400000, 0x00000000c4500000|  0%| F|  |TAMS 0x00000000c4400000, 0x00000000c4400000| Untracked 
|  47|0x00000000c4500000, 0x00000000c4500000, 0x00000000c4600000|  0%| F|  |TAMS 0x00000000c4500000, 0x00000000c4500000| Untracked 
|  48|0x00000000c4600000, 0x00000000c4600000, 0x00000000c4700000|  0%| F|  |TAMS 0x00000000c4600000, 0x00000000c4600000| Untracked 
|  49|0x00000000c4700000, 0x00000000c4700000, 0x00000000c4800000|  0%| F|  |TAMS 0x00000000c4700000, 0x00000000c4700000| Untracked 
|  50|0x00000000c4800000, 0x00000000c4800000, 0x00000000c4900000|  0%| F|  |TAMS 0x00000000c4800000, 0x00000000c4800000| Untracked 
|  51|0x00000000c4900000, 0x00000000c4900000, 0x00000000c4a00000|  0%| F|  |TAMS 0x00000000c4900000, 0x00000000c4900000| Untracked 
|  52|0x00000000c4a00000, 0x00000000c4a00000, 0x00000000c4b00000|  0%| F|  |TAMS 0x00000000c4a00000, 0x00000000c4a00000| Untracked 
|  53|0x00000000c4b00000, 0x00000000c4b00000, 0x00000000c4c00000|  0%| F|  |TAMS 0x00000000c4b00000, 0x00000000c4b00000| Untracked 
|  54|0x00000000c4c00000, 0x00000000c4c00000, 0x00000000c4d00000|  0%| F|  |TAMS 0x00000000c4c00000, 0x00000000c4c00000| Untracked 
|  55|0x00000000c4d00000, 0x00000000c4d00000, 0x00000000c4e00000|  0%| F|  |TAMS 0x00000000c4d00000, 0x00000000c4d00000| Untracked 
|  56|0x00000000c4e00000, 0x00000000c4e00000, 0x00000000c4f00000|  0%| F|  |TAMS 0x00000000c4e00000, 0x00000000c4e00000| Untracked 
|  57|0x00000000c4f00000, 0x00000000c4f00000, 0x00000000c5000000|  0%| F|  |TAMS 0x00000000c4f00000, 0x00000000c4f00000| Untracked 
|  58|0x00000000c5000000, 0x00000000c5000000, 0x00000000c5100000|  0%| F|  |TAMS 0x00000000c5000000, 0x00000000c5000000| Untracked 
|  59|0x00000000c5100000, 0x00000000c5100000, 0x00000000c5200000|  0%| F|  |TAMS 0x00000000c5100000, 0x00000000c5100000| Untracked 
|  60|0x00000000c5200000, 0x00000000c5200000, 0x00000000c5300000|  0%| F|  |TAMS 0x00000000c5200000, 0x00000000c5200000| Untracked 
|  61|0x00000000c5300000, 0x00000000c53d40e8, 0x00000000c5400000| 82%| S|CS|TAMS 0x00000000c5300000, 0x00000000c5300000| Complete 
|  62|0x00000000c5400000, 0x00000000c5400000, 0x00000000c5500000|  0%| F|  |TAMS 0x00000000c5400000, 0x00000000c5400000| Untracked 
|  63|0x00000000c5500000, 0x00000000c5551ec8, 0x00000000c5600000| 32%| E|  |TAMS 0x00000000c5500000, 0x00000000c5500000| Complete 

Card table byte_map: [0x0000020add540000,0x0000020add740000] _byte_map_base: 0x0000020adcf35000

Marking Bits (Prev, Next): (CMBitMap*) 0x0000020ac3ee43a8, (CMBitMap*) 0x0000020ac3ee43e8
 Prev Bits: [0x0000020add940000, 0x0000020ade8e8000)
 Next Bits: [0x0000020ade8f0000, 0x0000020adf898000)

Polling page: 0x0000020ac3d70000

Metaspace:

Usage:
  Non-class:     17.53 MB capacity,    17.34 MB ( 99%) used,   147.44 KB ( <1%) free+waste,    40.50 KB ( <1%) overhead. 
      Class:      2.39 MB capacity,     2.24 MB ( 94%) used,   128.57 KB (  5%) free+waste,    21.50 KB ( <1%) overhead. 
       Both:     19.91 MB capacity,    19.58 MB ( 98%) used,   276.01 KB (  1%) free+waste,    62.00 KB ( <1%) overhead. 

Virtual space:
  Non-class space:       18.00 MB reserved,      17.75 MB ( 99%) committed 
      Class space:        1.00 GB reserved,       2.50 MB ( <1%) committed 
             Both:        1.02 GB reserved,      20.25 MB (  2%) committed 

Chunk freelists:
   Non-Class:  35.00 KB
       Class:  21.00 KB
        Both:  56.00 KB

MaxMetaspaceSize: 17179869184.00 GB
CompressedClassSpaceSize: 1.00 GB

CodeHeap 'non-profiled nmethods': size=120000Kb used=703Kb max_used=703Kb free=119296Kb
 bounds [0x0000020ad56b0000, 0x0000020ad5920000, 0x0000020adcbe0000]
CodeHeap 'profiled nmethods': size=120000Kb used=3530Kb max_used=3861Kb free=116469Kb
 bounds [0x0000020ace180000, 0x0000020ace550000, 0x0000020ad56b0000]
CodeHeap 'non-nmethods': size=5760Kb used=1359Kb max_used=1376Kb free=4400Kb
 bounds [0x0000020acdbe0000, 0x0000020acde50000, 0x0000020ace180000]
 total_blobs=3316 nmethods=1724 adapters=568
 compilation: enabled
              stopped_count=0, restarted_count=0
 full_count=0

Compilation events (20 events):
Event: 2.496 Thread 0x0000020ae2fe8000 nmethod 1930 0x0000020ad56fb310 code [0x0000020ad56fb4a0, 0x0000020ad56fb578]
Event: 2.497 Thread 0x0000020ae1e56800 1931   !   3       java.util.concurrent.ConcurrentHashMap::putVal (432 bytes)
Event: 2.500 Thread 0x0000020ae1e56800 nmethod 1931 0x0000020ace1bfd10 code [0x0000020ace1c00a0, 0x0000020ace1c23c0]
Event: 2.500 Thread 0x0000020ae1e56800 1932       3       jdk.internal.org.objectweb.asm.MethodWriter::visitAnnotation (73 bytes)
Event: 2.501 Thread 0x0000020ae1e56800 nmethod 1932 0x0000020ace3cdd10 code [0x0000020ace3cdf40, 0x0000020ace3ce750]
Event: 2.501 Thread 0x0000020ae1e56800 1933       3       jdk.internal.org.objectweb.asm.AnnotationWriter::<init> (9 bytes)
Event: 2.501 Thread 0x0000020ae1e56800 nmethod 1933 0x0000020ace2e2290 code [0x0000020ace2e2440, 0x0000020ace2e2610]
Event: 2.501 Thread 0x0000020ae1e56800 1934       3       jdk.internal.org.objectweb.asm.AnnotationWriter::<init> (60 bytes)
Event: 2.501 Thread 0x0000020ae1e56800 nmethod 1934 0x0000020ace320690 code [0x0000020ace320860, 0x0000020ace320cd0]
Event: 2.501 Thread 0x0000020ae1e56800 1938       3       java.lang.invoke.LambdaForm::lastUseIndex (76 bytes)
Event: 2.501 Thread 0x0000020ae1e56800 nmethod 1938 0x0000020ace1bf610 code [0x0000020ace1bf7e0, 0x0000020ace1bfb70]
Event: 2.501 Thread 0x0000020ae1e56800 1935       3       jdk.internal.org.objectweb.asm.AnnotationVisitor::<init> (7 bytes)
Event: 2.501 Thread 0x0000020ae1e56800 nmethod 1935 0x0000020ace1bf210 code [0x0000020ace1bf3c0, 0x0000020ace1bf570]
Event: 2.501 Thread 0x0000020ae1e56800 1936       3       jdk.internal.org.objectweb.asm.AnnotationVisitor::<init> (47 bytes)
Event: 2.502 Thread 0x0000020ae1e56800 nmethod 1936 0x0000020ace30b510 code [0x0000020ace30b6e0, 0x0000020ace30baf0]
Event: 2.502 Thread 0x0000020ae1e56800 1937       3       java.lang.reflect.Modifier::isPrivate (12 bytes)
Event: 2.502 Thread 0x0000020ae1e56800 nmethod 1937 0x0000020ace1dd510 code [0x0000020ace1dd6c0, 0x0000020ace1dd858]
Event: 2.504 Thread 0x0000020ae2fe8000 1941 %     4       sun.awt.image.PNGImageDecoder::update_crc @ 3 (41 bytes)
Event: 2.509 Thread 0x0000020ae1e51800 1942   !   4       sun.awt.image.PNGImageDecoder::produceImage (1917 bytes)
Event: 2.514 Thread 0x0000020ae2fe8000 nmethod 1941% 0x0000020ad56fa710 code [0x0000020ad56fa8a0, 0x0000020ad56fab18]

GC Heap History (8 events):
Event: 0.740 GC heap before
{Heap before GC invocations=0 (full 0):
 garbage-first heap   total 65536K, used 13312K [0x00000000c1600000, 0x0000000100000000)
  region size 1024K, 14 young (14336K), 0 survivors (0K)
 Metaspace       used 6684K, capacity 7248K, committed 7424K, reserved 1056768K
  class space    used 638K, capacity 723K, committed 768K, reserved 1048576K
}
Event: 0.747 GC heap after
{Heap after GC invocations=1 (full 0):
 garbage-first heap   total 65536K, used 5615K [0x00000000c1600000, 0x0000000100000000)
  region size 1024K, 2 young (2048K), 2 survivors (2048K)
 Metaspace       used 6684K, capacity 7248K, committed 7424K, reserved 1056768K
  class space    used 638K, capacity 723K, committed 768K, reserved 1048576K
}
Event: 0.970 GC heap before
{Heap before GC invocations=1 (full 0):
 garbage-first heap   total 65536K, used 11759K [0x00000000c1600000, 0x0000000100000000)
  region size 1024K, 8 young (8192K), 2 survivors (2048K)
 Metaspace       used 8725K, capacity 9010K, committed 9216K, reserved 1056768K
  class space    used 849K, capacity 945K, committed 1024K, reserved 1048576K
}
Event: 0.976 GC heap after
{Heap after GC invocations=2 (full 0):
 garbage-first heap   total 65536K, used 6881K [0x00000000c1600000, 0x0000000100000000)
  region size 1024K, 1 young (1024K), 1 survivors (1024K)
 Metaspace       used 8725K, capacity 9010K, committed 9216K, reserved 1056768K
  class space    used 849K, capacity 945K, committed 1024K, reserved 1048576K
}
Event: 2.387 GC heap before
{Heap before GC invocations=2 (full 0):
 garbage-first heap   total 65536K, used 26337K [0x00000000c1600000, 0x0000000100000000)
  region size 1024K, 21 young (21504K), 1 survivors (1024K)
 Metaspace       used 18832K, capacity 19176K, committed 19456K, reserved 1067008K
  class space    used 2131K, capacity 2271K, committed 2304K, reserved 1048576K
}
Event: 2.392 GC heap after
{Heap after GC invocations=3 (full 0):
 garbage-first heap   total 65536K, used 11879K [0x00000000c1600000, 0x0000000100000000)
  region size 1024K, 3 young (3072K), 3 survivors (3072K)
 Metaspace       used 18832K, capacity 19176K, committed 19456K, reserved 1067008K
  class space    used 2131K, capacity 2271K, committed 2304K, reserved 1048576K
}
Event: 2.509 GC heap before
{Heap before GC invocations=3 (full 0):
 garbage-first heap   total 65536K, used 12903K [0x00000000c1600000, 0x0000000100000000)
  region size 1024K, 5 young (5120K), 3 survivors (3072K)
 Metaspace       used 20053K, capacity 20392K, committed 20736K, reserved 1067008K
  class space    used 2292K, capacity 2443K, committed 2560K, reserved 1048576K
}
Event: 2.514 GC heap after
{Heap after GC invocations=4 (full 0):
 garbage-first heap   total 65536K, used 12737K [0x00000000c1600000, 0x0000000100000000)
  region size 1024K, 1 young (1024K), 1 survivors (1024K)
 Metaspace       used 20053K, capacity 20392K, committed 20736K, reserved 1067008K
  class space    used 2292K, capacity 2443K, committed 2560K, reserved 1048576K
}

Deoptimization events (20 events):
Event: 2.507 Thread 0x0000020ae3af7000 DEOPT PACKING pc=0x0000020ace1a539f sp=0x0000008675bfea50
Event: 2.507 Thread 0x0000020ae3af7000 DEOPT UNPACKING pc=0x0000020acdc2964e sp=0x0000008675bfdf20 mode 0
Event: 2.507 Thread 0x0000020ae3af7000 DEOPT PACKING pc=0x0000020ace1a539f sp=0x0000008675bfea50
Event: 2.507 Thread 0x0000020ae3af7000 DEOPT UNPACKING pc=0x0000020acdc2964e sp=0x0000008675bfdf20 mode 0
Event: 2.507 Thread 0x0000020ae3af7000 DEOPT PACKING pc=0x0000020ace1a539f sp=0x0000008675bfea50
Event: 2.507 Thread 0x0000020ae3af7000 DEOPT UNPACKING pc=0x0000020acdc2964e sp=0x0000008675bfdf20 mode 0
Event: 2.507 Thread 0x0000020ae3af7000 DEOPT PACKING pc=0x0000020ace1a539f sp=0x0000008675bfea50
Event: 2.507 Thread 0x0000020ae3af7000 DEOPT UNPACKING pc=0x0000020acdc2964e sp=0x0000008675bfdf20 mode 0
Event: 2.507 Thread 0x0000020ae3af7000 DEOPT PACKING pc=0x0000020ace1a539f sp=0x0000008675bfea50
Event: 2.508 Thread 0x0000020ae3af7000 DEOPT UNPACKING pc=0x0000020acdc2964e sp=0x0000008675bfdf20 mode 0
Event: 2.508 Thread 0x0000020ae3af7000 DEOPT PACKING pc=0x0000020ace1a539f sp=0x0000008675bfea50
Event: 2.508 Thread 0x0000020ae3af7000 DEOPT UNPACKING pc=0x0000020acdc2964e sp=0x0000008675bfdf20 mode 0
Event: 2.508 Thread 0x0000020ae3af7000 DEOPT PACKING pc=0x0000020ace1a539f sp=0x0000008675bfea50
Event: 2.508 Thread 0x0000020ae3af7000 DEOPT UNPACKING pc=0x0000020acdc2964e sp=0x0000008675bfdf20 mode 0
Event: 2.508 Thread 0x0000020ae3af7000 DEOPT PACKING pc=0x0000020ace1a539f sp=0x0000008675bfea50
Event: 2.508 Thread 0x0000020ae3af7000 DEOPT UNPACKING pc=0x0000020acdc2964e sp=0x0000008675bfdf20 mode 0
Event: 2.508 Thread 0x0000020ae3af7000 DEOPT PACKING pc=0x0000020ace1a539f sp=0x0000008675bfea50
Event: 2.508 Thread 0x0000020ae3af7000 DEOPT UNPACKING pc=0x0000020acdc2964e sp=0x0000008675bfdf20 mode 0
Event: 2.509 Thread 0x0000020ae3af7000 DEOPT PACKING pc=0x0000020ace51cd58 sp=0x0000008675bfec20
Event: 2.509 Thread 0x0000020ae3af7000 DEOPT UNPACKING pc=0x0000020acdc2964e sp=0x0000008675bfe1b0 mode 0

Classes unloaded (0 events):
No events

Classes redefined (0 events):
No events

Internal exceptions (20 events):
Event: 0.913 Thread 0x0000020ae2cfe000 Exception <a 'java/lang/NoSuchMethodError'{0x00000000c519bd80}: 'int java.lang.invoke.DirectMethodHandle$Holder.invokeStaticInit(java.lang.Object, java.lang.Object, java.lang.Object, java.lang.Object)'> (0x00000000c519bd80) 
thrown [t:/workspace/open/src/hotspot/share/interpreter/linkResolver.cpp, line 767]
Event: 0.914 Thread 0x0000020ae2cfe000 Exception <a 'java/lang/IncompatibleClassChangeError'{0x00000000c51a4878}: Found class java.lang.Object, but interface was expected> (0x00000000c51a4878) 
thrown [t:/workspace/open/src/hotspot/share/interpreter/linkResolver.cpp, line 833]
Event: 0.915 Thread 0x0000020ae2cfe000 Exception <a 'java/lang/NoSuchMethodError'{0x00000000c51a7a78}: 'void java.lang.invoke.DirectMethodHandle$Holder.invokeStaticInit(java.lang.Object, java.lang.Object)'> (0x00000000c51a7a78) 
thrown [t:/workspace/open/src/hotspot/share/interpreter/linkResolver.cpp, line 767]
Event: 0.917 Thread 0x0000020ae2cfe000 Exception <a 'java/lang/NoSuchMethodError'{0x00000000c51ad358}: 'int java.lang.invoke.DirectMethodHandle$Holder.invokeStaticInit(java.lang.Object, java.lang.Object)'> (0x00000000c51ad358) 
thrown [t:/workspace/open/src/hotspot/share/interpreter/linkResolver.cpp, line 767]
Event: 1.394 Thread 0x0000020ae2cfe000 Exception <a 'java/lang/NoSuchMethodError'{0x00000000c55b41a0}: 'java.lang.Object java.lang.invoke.DirectMethodHandle$Holder.invokeStaticInit(java.lang.Object, java.lang.Object, int, int, int, int)'> (0x00000000c55b41a0) 
thrown [t:/workspace/open/src/hotspot/share/interpreter/linkResolver.cpp, line 767]
Event: 1.589 Thread 0x0000020ae2cfe000 Exception <a 'java/lang/NullPointerException'{0x00000000c536d580}> (0x00000000c536d580) 
thrown [t:/workspace/open/src/hotspot/share/interpreter/linkResolver.cpp, line 1349]
Event: 1.589 Thread 0x0000020ae2cfe000 Exception <a 'java/lang/reflect/InvocationTargetException'{0x00000000c53711b0}> (0x00000000c53711b0) 
thrown [t:/workspace/open/src/hotspot/share/runtime/reflection.cpp, line 1188]
Event: 1.639 Thread 0x0000020ae2cfe000 Exception <a 'java/lang/NoSuchMethodError'{0x00000000c52c5f30}: 'java.lang.Object java.lang.invoke.DirectMethodHandle$Holder.invokeVirtual(java.lang.Object, java.lang.Object, java.lang.Object)'> (0x00000000c52c5f30) 
thrown [t:/workspace/open/src/hotspot/share/interpreter/linkResolver.cpp, line 767]
Event: 2.029 Thread 0x0000020ae2cfe000 Exception <a 'java/lang/NoSuchMethodError'{0x00000000c4739e18}: 'java.lang.Object java.lang.invoke.DirectMethodHandle$Holder.invokeStatic(java.lang.Object, int, java.lang.Object, java.lang.Object, java.lang.Object, java.lang.Object)'> (0x00000000c4739e18) 
thrown [t:/workspace/open/src/hotspot/share/interpreter/linkResolver.cpp, line 767]
Event: 2.030 Thread 0x0000020ae2cfe000 Exception <a 'java/lang/NoSuchMethodError'{0x00000000c4740780}: 'java.lang.Object java.lang.invoke.DirectMethodHandle$Holder.invokeStatic(java.lang.Object, int, java.lang.Object, java.lang.Object, java.lang.Object)'> (0x00000000c4740780) 
thrown [t:/workspace/open/src/hotspot/share/interpreter/linkResolver.cpp, line 767]
Event: 2.030 Thread 0x0000020ae2cfe000 Exception <a 'java/lang/NoSuchMethodError'{0x00000000c4743fe8}: 'java.lang.Object java.lang.invoke.DirectMethodHandle$Holder.invokeSpecial(java.lang.Object, java.lang.Object, int, java.lang.Object, java.lang.Object, java.lang.Object)'> (0x00000000c4743fe8) 
thrown [t:/workspace/open/src/hotspot/share/interpreter/linkResolver.cpp, line 767]
Event: 2.034 Thread 0x0000020ae2cfe000 Exception <a 'java/lang/NoSuchMethodError'{0x00000000c475a5f8}: 'java.lang.Object java.lang.invoke.DirectMethodHandle$Holder.invokeStatic(java.lang.Object, int, java.lang.Object)'> (0x00000000c475a5f8) 
thrown [t:/workspace/open/src/hotspot/share/interpreter/linkResolver.cpp, line 767]
Event: 2.066 Thread 0x0000020ae2cfe000 Exception <a 'java/lang/ClassNotFoundException'{0x00000000c46008e8}: com/sun/swing/internal/plaf/metal/resources/spi/metalProvider> (0x00000000c46008e8) 
thrown [t:/workspace/open/src/hotspot/share/classfile/systemDictionary.cpp, line 232]
Event: 2.068 Thread 0x0000020ae2cfe000 Exception <a 'java/lang/ClassNotFoundException'{0x00000000c4604990}: com/sun/swing/internal/plaf/basic/resources/spi/basicProvider> (0x00000000c4604990) 
thrown [t:/workspace/open/src/hotspot/share/classfile/systemDictionary.cpp, line 232]
Event: 2.076 Thread 0x0000020ae2cfe000 Implicit null exception at 0x0000020ad5736685 to 0x0000020ad5736882
Event: 2.076 Thread 0x0000020ae2cfe000 Implicit null exception at 0x0000020ad57033e8 to 0x0000020ad570347a
Event: 2.088 Thread 0x0000020ae2cfe000 Exception <a 'java/net/UnknownHostException'{0x00000000c46221d8}> (0x00000000c46221d8) 
thrown [t:/workspace/open/src/hotspot/share/prims/jni.cpp, line 598]
Event: 2.439 Thread 0x0000020ae3fda000 Exception <a 'java/lang/NullPointerException'{0x00000000c55d3368}> (0x00000000c55d3368) 
thrown [t:/workspace/open/src/hotspot/share/interpreter/linkResolver.cpp, line 1349]
Event: 2.459 Thread 0x0000020ae2cfe000 Exception <a 'java/lang/NoSuchMethodError'{0x00000000c555c1d0}: 'void java.lang.invoke.DirectMethodHandle$Holder.invokeStaticInit(java.lang.Object)'> (0x00000000c555c1d0) 
thrown [t:/workspace/open/src/hotspot/share/interpreter/linkResolver.cpp, line 767]
Event: 2.502 Thread 0x0000020ae2cfe000 Exception <a 'java/lang/NoSuchMethodError'{0x00000000c5487b00}: 'java.lang.Object java.lang.invoke.Invokers$Holder.linkToTargetMethod(java.lang.Object, int, java.lang.Object)'> (0x00000000c5487b00) 
thrown [t:/workspace/open/src/hotspot/share/interpreter/linkResolver.cpp, line 767]

Events (20 events):
Event: 2.495 loading class sun/awt/Win32FontManager$2 done
Event: 2.496 loading class sun/awt/FontConfiguration$2
Event: 2.496 loading class sun/awt/FontConfiguration$2 done
Event: 2.497 loading class sun/awt/windows/WingDings
Event: 2.497 loading class sun/awt/windows/WingDings done
Event: 2.497 loading class sun/awt/windows/WingDings$Encoder
Event: 2.497 loading class sun/awt/windows/WingDings$Encoder done
Event: 2.497 loading class sun/awt/Symbol
Event: 2.497 loading class sun/awt/Symbol done
Event: 2.497 loading class sun/awt/Symbol$Encoder
Event: 2.497 loading class sun/awt/Symbol$Encoder done
Event: 2.502 Executing VM operation: RevokeBias
Event: 2.502 Executing VM operation: RevokeBias done
Event: 2.503 Executing VM operation: RevokeBias
Event: 2.503 Executing VM operation: RevokeBias done
Event: 2.508 Executing VM operation: RevokeBias
Event: 2.508 Executing VM operation: RevokeBias done
Event: 2.509 Executing VM operation: G1CollectForAllocation
Event: 2.514 Executing VM operation: G1CollectForAllocation done
Event: 2.514 Executing VM operation: RevokeBias


Dynamic libraries:
0x00007ff7838f0000 - 0x00007ff7838ff000 	C:\Program Files\Java\jdk-13.0.2\bin\javaw.exe
0x00007ffbe4160000 - 0x00007ffbe4350000 	C:\Windows\SYSTEM32\ntdll.dll
0x00007ffbe3740000 - 0x00007ffbe37f2000 	C:\Windows\System32\KERNEL32.DLL
0x00007ffbe1b00000 - 0x00007ffbe1da5000 	C:\Windows\System32\KERNELBASE.dll
0x00007ffbe1f10000 - 0x00007ffbe200a000 	C:\Windows\System32\ucrtbase.dll
0x00007ffbb5ef0000 - 0x00007ffbb5f05000 	C:\Program Files\Java\jdk-13.0.2\bin\VCRUNTIME140.dll
0x00007ffbb5b20000 - 0x00007ffbb5b38000 	C:\Program Files\Java\jdk-13.0.2\bin\jli.dll
0x00007ffbe21e0000 - 0x00007ffbe2283000 	C:\Windows\System32\ADVAPI32.dll
0x00007ffbe3ea0000 - 0x00007ffbe3f3e000 	C:\Windows\System32\msvcrt.dll
0x00007ffbe3b00000 - 0x00007ffbe3b97000 	C:\Windows\System32\sechost.dll
0x00007ffbe3100000 - 0x00007ffbe321f000 	C:\Windows\System32\RPCRT4.dll
0x00007ffbe3870000 - 0x00007ffbe3a04000 	C:\Windows\System32\USER32.dll
0x00007ffbe2080000 - 0x00007ffbe20a1000 	C:\Windows\System32\win32u.dll
0x00007ffbd1720000 - 0x00007ffbd19a4000 	C:\Windows\WinSxS\amd64_microsoft.windows.common-controls_6595b64144ccf1df_6.0.18362.1556_none_9e7e372fe45e41d5\COMCTL32.dll
0x00007ffbe3290000 - 0x00007ffbe32b6000 	C:\Windows\System32\GDI32.dll
0x00007ffbe23d0000 - 0x00007ffbe2706000 	C:\Windows\System32\combase.dll
0x00007ffbe1930000 - 0x00007ffbe1ac8000 	C:\Windows\System32\gdi32full.dll
0x00007ffbe2140000 - 0x00007ffbe21de000 	C:\Windows\System32\msvcp_win.dll
0x00007ffbe20b0000 - 0x00007ffbe2131000 	C:\Windows\System32\bcryptPrimitives.dll
0x00007ffbd6ee0000 - 0x00007ffbd6eea000 	C:\Windows\SYSTEM32\VERSION.dll
0x00007ffbe3ba0000 - 0x00007ffbe3bce000 	C:\Windows\System32\IMM32.DLL
0x00007ffbb5a80000 - 0x00007ffbb5b1b000 	C:\Program Files\Java\jdk-13.0.2\bin\msvcp140.dll
0x00007ffbb4b70000 - 0x00007ffbb56cd000 	C:\Program Files\Java\jdk-13.0.2\bin\server\jvm.dll
0x00007ffbe3bd0000 - 0x00007ffbe3bd8000 	C:\Windows\System32\PSAPI.DLL
0x00007ffbde490000 - 0x00007ffbde4b4000 	C:\Windows\SYSTEM32\WINMM.dll
0x00007ffbbac80000 - 0x00007ffbbac89000 	C:\Windows\SYSTEM32\WSOCK32.dll
0x00007ffbe3800000 - 0x00007ffbe386f000 	C:\Windows\System32\WS2_32.dll
0x00007ffbde460000 - 0x00007ffbde48d000 	C:\Windows\SYSTEM32\winmmbase.dll
0x00007ffbe2010000 - 0x00007ffbe205a000 	C:\Windows\System32\cfgmgr32.dll
0x00007ffbe1060000 - 0x00007ffbe1071000 	C:\Windows\System32\kernel.appcore.dll
0x00007ffbba8c0000 - 0x00007ffbba8d0000 	C:\Program Files\Java\jdk-13.0.2\bin\verify.dll
0x00007ffbd19e0000 - 0x00007ffbd1bd4000 	C:\Windows\SYSTEM32\DBGHELP.DLL
0x00007ffbd16f0000 - 0x00007ffbd171a000 	C:\Windows\SYSTEM32\dbgcore.DLL
0x00007ffbb4b40000 - 0x00007ffbb4b66000 	C:\Program Files\Java\jdk-13.0.2\bin\java.dll
0x00007ffbb5a60000 - 0x00007ffbb5a77000 	C:\Program Files\Java\jdk-13.0.2\bin\zip.dll
0x00007ffbb4b30000 - 0x00007ffbb4b3a000 	C:\Program Files\Java\jdk-13.0.2\bin\jimage.dll
0x00007ffbe2920000 - 0x00007ffbe3007000 	C:\Windows\System32\SHELL32.dll
0x00007ffbe3d40000 - 0x00007ffbe3de8000 	C:\Windows\System32\shcore.dll
0x00007ffbe11b0000 - 0x00007ffbe192b000 	C:\Windows\System32\windows.storage.dll
0x00007ffbe1080000 - 0x00007ffbe109e000 	C:\Windows\System32\profapi.dll
0x00007ffbe1010000 - 0x00007ffbe105a000 	C:\Windows\System32\powrprof.dll
0x00007ffbe0fe0000 - 0x00007ffbe0ff0000 	C:\Windows\System32\UMPDC.dll
0x00007ffbe30a0000 - 0x00007ffbe30f2000 	C:\Windows\System32\shlwapi.dll
0x00007ffbe2060000 - 0x00007ffbe2077000 	C:\Windows\System32\cryptsp.dll
0x00007ffbb4b10000 - 0x00007ffbb4b29000 	C:\Program Files\Java\jdk-13.0.2\bin\net.dll
0x00007ffbd79f0000 - 0x00007ffbd7aea000 	C:\Windows\SYSTEM32\WINHTTP.dll
0x00007ffbe0820000 - 0x00007ffbe0887000 	C:\Windows\system32\mswsock.dll
0x00007ffbb4af0000 - 0x00007ffbb4b03000 	C:\Program Files\Java\jdk-13.0.2\bin\nio.dll
0x00007ffbc2fa0000 - 0x00007ffbc3139000 	C:\Program Files\Java\jdk-13.0.2\bin\awt.dll
0x00007ffbe2710000 - 0x00007ffbe27d5000 	C:\Windows\System32\OLEAUT32.dll
0x00007ffbdf150000 - 0x00007ffbdf1df000 	C:\Windows\SYSTEM32\apphelp.dll
0x00007ffbdf2a0000 - 0x00007ffbdf339000 	C:\Windows\system32\uxtheme.dll
0x00007ffbe27e0000 - 0x00007ffbe2915000 	C:\Windows\System32\MSCTF.dll
0x00007ffbe3be0000 - 0x00007ffbe3d37000 	C:\Windows\System32\ole32.dll
0x00007ffbe0570000 - 0x00007ffbe063b000 	C:\Windows\SYSTEM32\DNSAPI.dll
0x00007ffbe3730000 - 0x00007ffbe3738000 	C:\Windows\System32\NSI.dll
0x00007ffbe0530000 - 0x00007ffbe056a000 	C:\Windows\SYSTEM32\IPHLPAPI.DLL
0x00007ffbd6f70000 - 0x00007ffbd6f7a000 	C:\Windows\System32\rasadhlp.dll
0x00007ffbd7f70000 - 0x00007ffbd7fe7000 	C:\Windows\System32\fwpuclnt.dll
0x00007ffbe1ad0000 - 0x00007ffbe1af6000 	C:\Windows\System32\bcrypt.dll
0x00007ffbc6140000 - 0x00007ffbc6165000 	C:\Program Files\Java\jdk-13.0.2\bin\sunec.dll
0x00007ffbe03a0000 - 0x00007ffbe03d3000 	C:\Windows\system32\rsaenh.dll
0x00007ffbe0ed0000 - 0x00007ffbe0ef5000 	C:\Windows\SYSTEM32\USERENV.dll
0x00007ffbe09f0000 - 0x00007ffbe09fc000 	C:\Windows\SYSTEM32\CRYPTBASE.dll
0x00007ffbd8050000 - 0x00007ffbd8066000 	C:\Windows\SYSTEM32\dhcpcsvc6.DLL
0x00007ffbd8120000 - 0x00007ffbd813c000 	C:\Windows\SYSTEM32\dhcpcsvc.DLL
0x00007ffbd6f80000 - 0x00007ffbd6f8e000 	C:\Program Files\Java\jdk-13.0.2\bin\sunmscapi.dll
0x00007ffbe1db0000 - 0x00007ffbe1f01000 	C:\Windows\System32\CRYPT32.dll
0x00007ffbe0ff0000 - 0x00007ffbe1002000 	C:\Windows\System32\MSASN1.dll
0x00007ffbe0b00000 - 0x00007ffbe0b26000 	C:\Windows\SYSTEM32\ncrypt.dll
0x00007ffbe0ac0000 - 0x00007ffbe0afb000 	C:\Windows\SYSTEM32\NTASN1.dll
0x00007ffbdf650000 - 0x00007ffbdf67d000 	C:\Windows\system32\DWMAPI.DLL
0x00007ffbbb7c0000 - 0x00007ffbbb916000 	C:\Windows\system32\opengl32.dll
0x00007ffbdd840000 - 0x00007ffbdd86c000 	C:\Windows\SYSTEM32\GLU32.dll
0x00007ffbdfc20000 - 0x00007ffbdfc40000 	C:\Windows\SYSTEM32\dxcore.dll
0x00007ffbdac20000 - 0x00007ffbdaca2000 	C:\Program Files\Java\jdk-13.0.2\bin\freetype.dll
0x00007ffbd7020000 - 0x00007ffbd70c6000 	C:\Program Files\Java\jdk-13.0.2\bin\fontmanager.dll

dbghelp: loaded successfully - version: 4.0.5 - missing functions: none
symbol engine: initialized successfully - sym options: 0x614 - pdb path: .;C:\Program Files\Java\jdk-13.0.2\bin;C:\Windows\SYSTEM32;C:\Windows\WinSxS\amd64_microsoft.windows.common-controls_6595b64144ccf1df_6.0.18362.1556_none_9e7e372fe45e41d5;C:\Program Files\Java\jdk-13.0.2\bin\server

VM Arguments:
jvm_args: -Dfile.encoding=Cp1252 
java_command: Application.Home
java_class_path (initial): C:\Users\User\git\bakame\DriveOperations\target\classes;C:\Users\User\Desktop\Libraries\jgoodies-common-1.8.0.jar;C:\Users\User\Desktop\Libraries\jgoodies-forms-1.8.0.jar;C:\Users\User\Desktop\Libraries\miglayout15-swing.jar;C:\Users\User\Downloads\javax.mail.jar;C:\Users\User\Downloads\activation-1.1.1.jar;C:\Users\User\Downloads\jcalendar-1.4.jar;C:\Users\User\Downloads\jfreechart-1.0.19\lib\jcommon-1.0.23.jar;C:\Users\User\Downloads\jfreechart-1.0.19\lib\jfreechart-1.0.19.jar;C:\Users\User\Downloads\commons-net-3.8.0\commons-net-3.8.0.jar;C:\Users\User\Documents\Libs\comm-2.0.jar;C:\Users\User\Documents\Libs\http-2.2.1.jar;C:\Users\User\Downloads\JTattoo-1.6.13.jar;C:\Users\User\Desktop\Libs\jmespath-java-1.11.470.jar;C:\Users\User\Desktop\Libs\aws-java-sdk-core-1.12.65.jar;C:\Users\User\Desktop\Libs\aws-java-sdk-kms-1.12.65.jar;C:\Users\User\Desktop\Libs\aws-java-sdk-s3-1.12.65.jar;C:\Users\User\Desktop\Libs\commons-codec-1.15.jar;C:\Users\User\Desktop\Libs\commons-logging-1.1.3.jar;C:\Users\User\Desktop\Libs\httpclient-4.5.13.jar;C:\Users\User\Desktop\Libs\ion-java-1.0.2.jar;C:\Users\User\Desktop\Libs\jackson-annotations-2.12.3.jar;C:\Users\User\Desktop\Libs\jackson-core-2.12.3.jar;C:\Users\User\Desktop\Libs\jackson-databind-2.12.3.jar;C:\Users\User\Desktop\Libs\jackson-dataformat-cbor-2.12.3.jar;C:\Users\User\Desktop\Libs\jmespath-java-1.12.65.jar;C:\Users\User\Desktop\Libs\joda-time-2.8.1.jar;C:\Users\User\Desktop\Libs\mysql-connector-java-5.1.45.jar;C:\Users\User\.m2\repository\com\amazonaws\aws-java-sdk-s3\1.12.65\aws-java-sdk-s3-1.12.65.jar;C:\Users\User\.m2\repository\com\amazonaws\aws-java-sdk-kms\1.12.65\aws-java-sdk-kms-1.12.65.jar;C:\Users\User\.m2\repository\com\amazonaws\aws-java-sdk-core\1.12.65\aws-java-sdk-core-1.12.65.jar;C:\Users\User\.m2\repository\commons-logging\commons-logging\1.1.3\commons-logging-1.1.3.jar;C:\Users\User\.m2\repository\commons-codec\commons-codec\1.15\commons-codec-1.15.jar;C:\Users\User\.m2\re
Launcher Type: SUN_STANDARD

[Global flags]
     intx CICompilerCount                          = 3                                         {product} {ergonomic}
     uint ConcGCThreads                            = 1                                         {product} {ergonomic}
     uint G1ConcRefinementThreads                  = 4                                         {product} {ergonomic}
   size_t G1HeapRegionSize                         = 1048576                                   {product} {ergonomic}
    uintx GCDrainStackTargetSize                   = 64                                        {product} {ergonomic}
   size_t InitialHeapSize                          = 67108864                                  {product} {ergonomic}
   size_t MarkStackSize                            = 4194304                                   {product} {ergonomic}
   size_t MaxHeapSize                              = 1050673152                                {product} {ergonomic}
   size_t MaxNewSize                               = 630194176                                 {product} {ergonomic}
   size_t MinHeapDeltaBytes                        = 1048576                                   {product} {ergonomic}
   size_t MinHeapSize                              = 8388608                                   {product} {ergonomic}
    uintx NonNMethodCodeHeapSize                   = 5832780                                {pd product} {ergonomic}
    uintx NonProfiledCodeHeapSize                  = 122912730                              {pd product} {ergonomic}
    uintx ProfiledCodeHeapSize                     = 122912730                              {pd product} {ergonomic}
    uintx ReservedCodeCacheSize                    = 251658240                              {pd product} {ergonomic}
     bool SegmentedCodeCache                       = true                                      {product} {ergonomic}
   size_t SoftMaxHeapSize                          = 1050673152                             {manageable} {ergonomic}
     bool UseCompressedClassPointers               = true                                 {lp64_product} {ergonomic}
     bool UseCompressedOops                        = true                                 {lp64_product} {ergonomic}
     bool UseG1GC                                  = true                                      {product} {ergonomic}
     bool UseLargePagesIndividualAllocation        = false                                  {pd product} {ergonomic}

Logging:
Log output configuration:
 #0: stdout all=warning uptime,level,tags
 #1: stderr all=off uptime,level,tags

Environment Variables:
JAVA_HOME=C:\Program Files (x86)\Java\jre1.8.0_241
PATH=C:\Program Files\Java\jdk-13.0.2\bin;C:\Program Files (x86)\Common Files\Oracle\Java\javapath;C:\Windows\system32;C:\Windows;C:\Windows\System32\Wbem;C:\Windows\System32\WindowsPowerShell\v1.0\;C:\Windows\System32\OpenSSH\;C:\Program Files (x86)\apache-maven-3.8.1\bin;C:\Program Files (x86)\gradle-7.1.1\bin;C:\Users\User\Documents\Setup logiciels\mongosh-1.1.2-win32-x64\bin;C:\Program Files\MySQL\MySQL Shell 8.0\bin\;C:\Users\User\AppData\Local\Microsoft\WindowsApps;C:\Users\User\AppData\Local\Programs\Microsoft VS Code\bin;C:\Program Files (x86)\gradle-7.1.1\bin;C:\Users\User\Downloads\platform-tools;C:\Users\User\Documents\Setup logiciels\mongosh-1.1.2-win32-x64\bin;C:\Users\User\AppData\Local\GitHubDesktop\bin
USERNAME=User
OS=Windows_NT
PROCESSOR_IDENTIFIER=Intel64 Family 6 Model 42 Stepping 7, GenuineIntel



---------------  S Y S T E M  ---------------

OS: Windows 10 , 64 bit Build 18362 (10.0.18362.1500)

CPU:total 4 (initial active 4) (2 cores per cpu, 2 threads per core) family 6 model 42 stepping 7, cmov, cx8, fxsr, mmx, sse, sse2, sse3, ssse3, sse4.1, sse4.2, popcnt, avx, aes, clmul, ht, tsc, tscinvbit

Memory: 4k page, system-wide physical 4006M (399M free)
TotalPageFile size 16294M (AvailPageFile size 5M)
current process WorkingSet (physical memory assigned to process): 117M, peak: 117M
current process commit charge ("private bytes"): 292M, peak: 294M

vm_info: Java HotSpot(TM) 64-Bit Server VM (13.0.2+8) for windows-amd64 JRE (13.0.2+8), built on Dec 11 2019 09:20:33 by "mach5one" with unknown MS VC++:1916

END.
