#
# There is insufficient memory for the Java Runtime Environment to continue.
# Native memory allocation (mmap) failed to map 117440512 bytes for Failed to commit area from 0x00000000c5600000 to 0x00000000cc600000 of length 117440512.
# Possible reasons:
#   The system is out of physical RAM or swap space
#   The process is running with CompressedOops enabled, and the Java Heap may be blocking the growth of the native heap
# Possible solutions:
#   Reduce memory load on the system
#   Increase physical memory or swap space
#   Check if swap backing store is full
#   Decrease Java heap size (-Xmx/-Xms)
#   Decrease number of Java threads
#   Decrease Java thread stack sizes (-Xss)
#   Set larger code cache with -XX:ReservedCodeCacheSize=
#   JVM is running with Unscaled Compressed Oops mode in which the Java heap is
#     placed in the first 4GB address space. The Java Heap base address is the
#     maximum limit for the native heap growth. Please use -XX:HeapBaseMinAddress
#     to set the Java Heap base and to place the Java Heap above 4GB virtual address.
# This output file may be truncated or incomplete.
#
#  Out of Memory Error (t:/workspace/open/src/hotspot/os/windows/os_windows.cpp:3301), pid=12552, tid=12756
#
# JRE version: Java(TM) SE Runtime Environment (13.0.2+8) (build 13.0.2+8)
# Java VM: Java HotSpot(TM) 64-Bit Server VM (13.0.2+8, mixed mode, sharing, tiered, compressed oops, g1 gc, windows-amd64)
# No core dump will be written. Minidumps are not enabled by default on client versions of Windows
#

---------------  S U M M A R Y ------------

Command Line: -Dfile.encoding=Cp1252 accounts.ScholarYears

Host: Intel(R) Core(TM) i5-2520M CPU @ 2.50GHz, 4 cores, 3G,  Windows 10 , 64 bit Build 18362 (10.0.18362.1316)
Time: Mon Sep  6 17:12:01 2021 South Africa Standard Time elapsed time: 0 seconds (0d 0h 0m 0s)

---------------  T H R E A D  ---------------

Current thread (0x0000015ee1eab800):  JavaThread "Image Fetcher 0" daemon [_thread_in_vm, id=12756, stack(0x00000041c8400000,0x00000041c8500000)]

Stack: [0x00000041c8400000,0x00000041c8500000]
Native frames: (J=compiled Java code, j=interpreted, Vv=VM code, C=native code)
V  [jvm.dll+0x624f9a]
V  [jvm.dll+0x770cfa]
V  [jvm.dll+0x7724af]
V  [jvm.dll+0x772ab3]
V  [jvm.dll+0x24bf08]
V  [jvm.dll+0x6222aa]
V  [jvm.dll+0x6170b5]
V  [jvm.dll+0x30a88c]
V  [jvm.dll+0x30a6c2]
V  [jvm.dll+0x30fe36]
V  [jvm.dll+0x353f46]
V  [jvm.dll+0x353720]
V  [jvm.dll+0x2e5d5e]
V  [jvm.dll+0x2e16ff]
V  [jvm.dll+0x5be8b5]
V  [jvm.dll+0x5be33b]
V  [jvm.dll+0x1f48d5]
V  [jvm.dll+0x74b3a7]
V  [jvm.dll+0x3783ea]
C  0x0000015eccd8fd37

Java frames: (J=compiled Java code, j=interpreted, Vv=VM code)
j  java.awt.image.DataBufferInt.<init>(I)V+11 java.desktop@13.0.2
j  java.awt.image.Raster.createPackedRaster(III[ILjava/awt/Point;)Ljava/awt/image/WritableRaster;+69 java.desktop@13.0.2
j  java.awt.image.DirectColorModel.createCompatibleWritableRaster(II)Ljava/awt/image/WritableRaster;+83 java.desktop@13.0.2
j  sun.awt.image.ImageRepresentation.createBufferedImage()V+18 java.desktop@13.0.2
j  sun.awt.image.ImageRepresentation.setPixels(IIIILjava/awt/image/ColorModel;[III)V+47 java.desktop@13.0.2
j  sun.awt.image.ImageDecoder.setPixels(IIIILjava/awt/image/ColorModel;[III)I+44 java.desktop@13.0.2
j  sun.awt.image.PNGImageDecoder.sendPixels(IIII[III)Z+16 java.desktop@13.0.2
j  sun.awt.image.PNGImageDecoder.produceImage()V+1728 java.desktop@13.0.2
j  sun.awt.image.InputStreamImageSource.doFetch()V+51 java.desktop@13.0.2
j  sun.awt.image.ImageFetcher.fetchloop()V+31 java.desktop@13.0.2
j  sun.awt.image.ImageFetcher.run()V+5 java.desktop@13.0.2
v  ~StubRoutines::call_stub

---------------  P R O C E S S  ---------------

Threads class SMR info:
_java_thread_list=0x0000015ee1e6a140, length=16, elements={
0x0000015ee0ff0800, 0x0000015ee0ff5000, 0x0000015ee1011800, 0x0000015ee1014000,
0x0000015ee101d000, 0x0000015ee1025800, 0x0000015ee104f000, 0x0000015ee1a97000,
0x0000015ee1aa0000, 0x0000015ee1e18800, 0x0000015ee1de6800, 0x0000015ee1de7800,
0x0000015ee1dea000, 0x0000015ec3094800, 0x0000015ee1eab800, 0x0000015ee1ec6000
}

Java Threads: ( => current thread )
  0x0000015ee0ff0800 JavaThread "Reference Handler" daemon [_thread_blocked, id=12696, stack(0x00000041c7600000,0x00000041c7700000)]
  0x0000015ee0ff5000 JavaThread "Finalizer" daemon [_thread_blocked, id=12700, stack(0x00000041c7700000,0x00000041c7800000)]
  0x0000015ee1011800 JavaThread "Signal Dispatcher" daemon [_thread_blocked, id=12704, stack(0x00000041c7800000,0x00000041c7900000)]
  0x0000015ee1014000 JavaThread "Attach Listener" daemon [_thread_blocked, id=12708, stack(0x00000041c7900000,0x00000041c7a00000)]
  0x0000015ee101d000 JavaThread "C2 CompilerThread0" daemon [_thread_blocked, id=12712, stack(0x00000041c7a00000,0x00000041c7b00000)]
  0x0000015ee1025800 JavaThread "C1 CompilerThread0" daemon [_thread_blocked, id=12716, stack(0x00000041c7b00000,0x00000041c7c00000)]
  0x0000015ee104f000 JavaThread "Sweeper thread" daemon [_thread_blocked, id=12720, stack(0x00000041c7c00000,0x00000041c7d00000)]
  0x0000015ee1a97000 JavaThread "Service Thread" daemon [_thread_blocked, id=12724, stack(0x00000041c7d00000,0x00000041c7e00000)]
  0x0000015ee1aa0000 JavaThread "Common-Cleaner" daemon [_thread_blocked, id=12732, stack(0x00000041c7f00000,0x00000041c8000000)]
  0x0000015ee1e18800 JavaThread "Java2D Disposer" daemon [_thread_blocked, id=12740, stack(0x00000041c8000000,0x00000041c8100000)]
  0x0000015ee1de6800 JavaThread "AWT-Shutdown" [_thread_blocked, id=12744, stack(0x00000041c8100000,0x00000041c8200000)]
  0x0000015ee1de7800 JavaThread "AWT-Windows" daemon [_thread_in_native, id=12748, stack(0x00000041c8200000,0x00000041c8300000)]
  0x0000015ee1dea000 JavaThread "AWT-EventQueue-0" [_thread_blocked, id=12752, stack(0x00000041c8300000,0x00000041c8400000)]
  0x0000015ec3094800 JavaThread "DestroyJavaVM" [_thread_blocked, id=12668, stack(0x00000041c6f00000,0x00000041c7000000)]
=>0x0000015ee1eab800 JavaThread "Image Fetcher 0" daemon [_thread_in_vm, id=12756, stack(0x00000041c8400000,0x00000041c8500000)]
  0x0000015ee1ec6000 JavaThread "TimerQueue" daemon [_thread_blocked, id=12760, stack(0x00000041c8500000,0x00000041c8600000)]

Other Threads:
  0x0000015ee0fed800 VMThread "VM Thread" [stack: 0x00000041c7500000,0x00000041c7600000] [id=12692] _threads_hazard_ptr=0x0000015ee1e6a140
  0x0000015ee1a9f000 WatcherThread [stack: 0x00000041c7e00000,0x00000041c7f00000] [id=12728]
  0x0000015ec30c3000 GCTaskThread "GC Thread#0" [stack: 0x00000041c7000000,0x00000041c7100000] [id=12672]
  0x0000015ee1f0e800 GCTaskThread "GC Thread#1" [stack: 0x00000041c8600000,0x00000041c8700000] [id=12764]
  0x0000015ee1f0d800 GCTaskThread "GC Thread#2" [stack: 0x00000041c8700000,0x00000041c8800000] [id=12768]
  0x0000015ee1f14000 GCTaskThread "GC Thread#3" [stack: 0x00000041c8800000,0x00000041c8900000] [id=12772]
  0x0000015ec30cd000 ConcurrentGCThread "G1 Main Marker" [stack: 0x00000041c7100000,0x00000041c7200000] [id=12676]
  0x0000015ec30d3800 ConcurrentGCThread "G1 Conc#0" [stack: 0x00000041c7200000,0x00000041c7300000] [id=12680]
  0x0000015ec3125800 ConcurrentGCThread "G1 Refine#0" [stack: 0x00000041c7300000,0x00000041c7400000] [id=12684]
  0x0000015ec3128800 ConcurrentGCThread "G1 Young RemSet Sampling" [stack: 0x00000041c7400000,0x00000041c7500000] [id=12688]

Threads with active compile tasks:
C1 CompilerThread0     1653  675   !   3       java.lang.ref.ReferenceQueue::enqueue (119 bytes)

VM state:synchronizing (normal execution)

VM Mutex/Monitor currently owned by a thread:  ([mutex/lock_event])
[0x0000015ec308f460] Threads_lock - owner thread: 0x0000015ee0fed800
[0x0000015ec308e1d0] Heap_lock - owner thread: 0x0000015ee1eab800

Heap address: 0x00000000c1600000, size: 1002 MB, Compressed Oops mode: 32-bit
Narrow klass base: 0x0000000800000000, Narrow klass shift: 3
Compressed class space size: 1073741824 Address: 0x0000000800b40000

Heap:
 garbage-first heap   total 180224K, used 2851K [0x00000000c1600000, 0x0000000100000000)
  region size 1024K, 2 young (2048K), 2 survivors (2048K)
 Metaspace       used 6469K, capacity 6696K, committed 6784K, reserved 1056768K
  class space    used 732K, capacity 862K, committed 896K, reserved 1048576K
Heap Regions: E=young(eden), S=young(survivor), O=old, HS=humongous(starts), HC=humongous(continues), CS=collection set, F=free, A=archive, TAMS=top-at-mark-start (previous, next)
|   0|0x00000000c1600000, 0x00000000c16c8e00, 0x00000000c1700000| 78%| O|  |TAMS 0x00000000c1600000, 0x00000000c1600000| Untracked 
|   1|0x00000000c1700000, 0x00000000c1700000, 0x00000000c1800000|  0%| F|  |TAMS 0x00000000c1700000, 0x00000000c1700000| Untracked 
|   2|0x00000000c1800000, 0x00000000c1800000, 0x00000000c1900000|  0%| F|  |TAMS 0x00000000c1800000, 0x00000000c1800000| Untracked 
|   3|0x00000000c1900000, 0x00000000c1900000, 0x00000000c1a00000|  0%| F|  |TAMS 0x00000000c1900000, 0x00000000c1900000| Untracked 
|   4|0x00000000c1a00000, 0x00000000c1a00000, 0x00000000c1b00000|  0%| F|  |TAMS 0x00000000c1a00000, 0x00000000c1a00000| Untracked 
|   5|0x00000000c1b00000, 0x00000000c1b00000, 0x00000000c1c00000|  0%| F|  |TAMS 0x00000000c1b00000, 0x00000000c1b00000| Untracked 
|   6|0x00000000c1c00000, 0x00000000c1c00000, 0x00000000c1d00000|  0%| F|  |TAMS 0x00000000c1c00000, 0x00000000c1c00000| Untracked 
|   7|0x00000000c1d00000, 0x00000000c1d00000, 0x00000000c1e00000|  0%| F|  |TAMS 0x00000000c1d00000, 0x00000000c1d00000| Untracked 
|   8|0x00000000c1e00000, 0x00000000c1e00000, 0x00000000c1f00000|  0%| F|  |TAMS 0x00000000c1e00000, 0x00000000c1e00000| Untracked 
|   9|0x00000000c1f00000, 0x00000000c1f00000, 0x00000000c2000000|  0%| F|  |TAMS 0x00000000c1f00000, 0x00000000c1f00000| Untracked 
|  10|0x00000000c2000000, 0x00000000c2000000, 0x00000000c2100000|  0%| F|  |TAMS 0x00000000c2000000, 0x00000000c2000000| Untracked 
|  11|0x00000000c2100000, 0x00000000c2100000, 0x00000000c2200000|  0%| F|  |TAMS 0x00000000c2100000, 0x00000000c2100000| Untracked 
|  12|0x00000000c2200000, 0x00000000c2200000, 0x00000000c2300000|  0%| F|  |TAMS 0x00000000c2200000, 0x00000000c2200000| Untracked 
|  13|0x00000000c2300000, 0x00000000c2300000, 0x00000000c2400000|  0%| F|  |TAMS 0x00000000c2300000, 0x00000000c2300000| Untracked 
|  14|0x00000000c2400000, 0x00000000c2400000, 0x00000000c2500000|  0%| F|  |TAMS 0x00000000c2400000, 0x00000000c2400000| Untracked 
|  15|0x00000000c2500000, 0x00000000c2500000, 0x00000000c2600000|  0%| F|  |TAMS 0x00000000c2500000, 0x00000000c2500000| Untracked 
|  16|0x00000000c2600000, 0x00000000c2600000, 0x00000000c2700000|  0%| F|  |TAMS 0x00000000c2600000, 0x00000000c2600000| Untracked 
|  17|0x00000000c2700000, 0x00000000c2700000, 0x00000000c2800000|  0%| F|  |TAMS 0x00000000c2700000, 0x00000000c2700000| Untracked 
|  18|0x00000000c2800000, 0x00000000c2800000, 0x00000000c2900000|  0%| F|  |TAMS 0x00000000c2800000, 0x00000000c2800000| Untracked 
|  19|0x00000000c2900000, 0x00000000c2900000, 0x00000000c2a00000|  0%| F|  |TAMS 0x00000000c2900000, 0x00000000c2900000| Untracked 
|  20|0x00000000c2a00000, 0x00000000c2a00000, 0x00000000c2b00000|  0%| F|  |TAMS 0x00000000c2a00000, 0x00000000c2a00000| Untracked 
|  21|0x00000000c2b00000, 0x00000000c2b00000, 0x00000000c2c00000|  0%| F|  |TAMS 0x00000000c2b00000, 0x00000000c2b00000| Untracked 
|  22|0x00000000c2c00000, 0x00000000c2c00000, 0x00000000c2d00000|  0%| F|  |TAMS 0x00000000c2c00000, 0x00000000c2c00000| Untracked 
|  23|0x00000000c2d00000, 0x00000000c2d00000, 0x00000000c2e00000|  0%| F|  |TAMS 0x00000000c2d00000, 0x00000000c2d00000| Untracked 
|  24|0x00000000c2e00000, 0x00000000c2e00000, 0x00000000c2f00000|  0%| F|  |TAMS 0x00000000c2e00000, 0x00000000c2e00000| Untracked 
|  25|0x00000000c2f00000, 0x00000000c2f00000, 0x00000000c3000000|  0%| F|  |TAMS 0x00000000c2f00000, 0x00000000c2f00000| Untracked 
|  26|0x00000000c3000000, 0x00000000c3000000, 0x00000000c3100000|  0%| F|  |TAMS 0x00000000c3000000, 0x00000000c3000000| Untracked 
|  27|0x00000000c3100000, 0x00000000c3100000, 0x00000000c3200000|  0%| F|  |TAMS 0x00000000c3100000, 0x00000000c3100000| Untracked 
|  28|0x00000000c3200000, 0x00000000c3200000, 0x00000000c3300000|  0%| F|  |TAMS 0x00000000c3200000, 0x00000000c3200000| Untracked 
|  29|0x00000000c3300000, 0x00000000c3300000, 0x00000000c3400000|  0%| F|  |TAMS 0x00000000c3300000, 0x00000000c3300000| Untracked 
|  30|0x00000000c3400000, 0x00000000c3400000, 0x00000000c3500000|  0%| F|  |TAMS 0x00000000c3400000, 0x00000000c3400000| Untracked 
|  31|0x00000000c3500000, 0x00000000c3500000, 0x00000000c3600000|  0%| F|  |TAMS 0x00000000c3500000, 0x00000000c3500000| Untracked 
|  32|0x00000000c3600000, 0x00000000c3600000, 0x00000000c3700000|  0%| F|  |TAMS 0x00000000c3600000, 0x00000000c3600000| Untracked 
|  33|0x00000000c3700000, 0x00000000c3700000, 0x00000000c3800000|  0%| F|  |TAMS 0x00000000c3700000, 0x00000000c3700000| Untracked 
|  34|0x00000000c3800000, 0x00000000c3800000, 0x00000000c3900000|  0%| F|  |TAMS 0x00000000c3800000, 0x00000000c3800000| Untracked 
|  35|0x00000000c3900000, 0x00000000c3900000, 0x00000000c3a00000|  0%| F|  |TAMS 0x00000000c3900000, 0x00000000c3900000| Untracked 
|  36|0x00000000c3a00000, 0x00000000c3a00000, 0x00000000c3b00000|  0%| F|  |TAMS 0x00000000c3a00000, 0x00000000c3a00000| Untracked 
|  37|0x00000000c3b00000, 0x00000000c3b00000, 0x00000000c3c00000|  0%| F|  |TAMS 0x00000000c3b00000, 0x00000000c3b00000| Untracked 
|  38|0x00000000c3c00000, 0x00000000c3c00000, 0x00000000c3d00000|  0%| F|  |TAMS 0x00000000c3c00000, 0x00000000c3c00000| Untracked 
|  39|0x00000000c3d00000, 0x00000000c3d00000, 0x00000000c3e00000|  0%| F|  |TAMS 0x00000000c3d00000, 0x00000000c3d00000| Untracked 
|  40|0x00000000c3e00000, 0x00000000c3e00000, 0x00000000c3f00000|  0%| F|  |TAMS 0x00000000c3e00000, 0x00000000c3e00000| Untracked 
|  41|0x00000000c3f00000, 0x00000000c3f00000, 0x00000000c4000000|  0%| F|  |TAMS 0x00000000c3f00000, 0x00000000c3f00000| Untracked 
|  42|0x00000000c4000000, 0x00000000c4000000, 0x00000000c4100000|  0%| F|  |TAMS 0x00000000c4000000, 0x00000000c4000000| Untracked 
|  43|0x00000000c4100000, 0x00000000c4100000, 0x00000000c4200000|  0%| F|  |TAMS 0x00000000c4100000, 0x00000000c4100000| Untracked 
|  44|0x00000000c4200000, 0x00000000c4200000, 0x00000000c4300000|  0%| F|  |TAMS 0x00000000c4200000, 0x00000000c4200000| Untracked 
|  45|0x00000000c4300000, 0x00000000c4300000, 0x00000000c4400000|  0%| F|  |TAMS 0x00000000c4300000, 0x00000000c4300000| Untracked 
|  46|0x00000000c4400000, 0x00000000c4400000, 0x00000000c4500000|  0%| F|  |TAMS 0x00000000c4400000, 0x00000000c4400000| Untracked 
|  47|0x00000000c4500000, 0x00000000c4500000, 0x00000000c4600000|  0%| F|  |TAMS 0x00000000c4500000, 0x00000000c4500000| Untracked 
|  48|0x00000000c4600000, 0x00000000c4600000, 0x00000000c4700000|  0%| F|  |TAMS 0x00000000c4600000, 0x00000000c4600000| Untracked 
|  49|0x00000000c4700000, 0x00000000c4700000, 0x00000000c4800000|  0%| F|  |TAMS 0x00000000c4700000, 0x00000000c4700000| Untracked 
|  50|0x00000000c4800000, 0x00000000c4800000, 0x00000000c4900000|  0%| F|  |TAMS 0x00000000c4800000, 0x00000000c4800000| Untracked 
|  51|0x00000000c4900000, 0x00000000c4900000, 0x00000000c4a00000|  0%| F|  |TAMS 0x00000000c4900000, 0x00000000c4900000| Untracked 
|  52|0x00000000c4a00000, 0x00000000c4a00000, 0x00000000c4b00000|  0%| F|  |TAMS 0x00000000c4a00000, 0x00000000c4a00000| Untracked 
|  53|0x00000000c4b00000, 0x00000000c4b00000, 0x00000000c4c00000|  0%| F|  |TAMS 0x00000000c4b00000, 0x00000000c4b00000| Untracked 
|  54|0x00000000c4c00000, 0x00000000c4c00000, 0x00000000c4d00000|  0%| F|  |TAMS 0x00000000c4c00000, 0x00000000c4c00000| Untracked 
|  55|0x00000000c4d00000, 0x00000000c4e00000, 0x00000000c4e00000|100%| S|CS|TAMS 0x00000000c4d00000, 0x00000000c4d00000| Complete 
|  56|0x00000000c4e00000, 0x00000000c4f00000, 0x00000000c4f00000|100%| S|CS|TAMS 0x00000000c4e00000, 0x00000000c4e00000| Complete 
|  57|0x00000000c4f00000, 0x00000000c4f00000, 0x00000000c5000000|  0%| F|  |TAMS 0x00000000c4f00000, 0x00000000c4f00000| Untracked 
|  58|0x00000000c5000000, 0x00000000c5000000, 0x00000000c5100000|  0%| F|  |TAMS 0x00000000c5000000, 0x00000000c5000000| Untracked 
|  59|0x00000000c5100000, 0x00000000c5100000, 0x00000000c5200000|  0%| F|  |TAMS 0x00000000c5100000, 0x00000000c5100000| Untracked 
|  60|0x00000000c5200000, 0x00000000c5200000, 0x00000000c5300000|  0%| F|  |TAMS 0x00000000c5200000, 0x00000000c5200000| Untracked 
|  61|0x00000000c5300000, 0x00000000c5300000, 0x00000000c5400000|  0%| F|  |TAMS 0x00000000c5300000, 0x00000000c5300000| Untracked 
|  62|0x00000000c5400000, 0x00000000c5400000, 0x00000000c5500000|  0%| F|  |TAMS 0x00000000c5400000, 0x00000000c5400000| Untracked 
|  63|0x00000000c5500000, 0x00000000c5500000, 0x00000000c5600000|  0%| F|  |TAMS 0x00000000c5500000, 0x00000000c5500000| Untracked 

Card table byte_map: [0x0000015edc6d0000,0x0000015edc8d0000] _byte_map_base: 0x0000015edc0c5000

Marking Bits (Prev, Next): (CMBitMap*) 0x0000015ec30c3c98, (CMBitMap*) 0x0000015ec30c3cd8
 Prev Bits: [0x0000015edcad0000, 0x0000015edda78000)
 Next Bits: [0x0000015edda80000, 0x0000015edea28000)

Polling page: 0x0000015ec3160000

Metaspace:

Usage:
  Non-class:      5.70 MB capacity,     5.60 MB ( 98%) used,    79.77 KB (  1%) free+waste,    17.19 KB ( <1%) overhead. 
      Class:    862.00 KB capacity,   732.14 KB ( 85%) used,   117.73 KB ( 14%) free+waste,    12.13 KB (  1%) overhead. 
       Both:      6.54 MB capacity,     6.32 MB ( 97%) used,   197.51 KB (  3%) free+waste,    29.31 KB ( <1%) overhead. 

Virtual space:
  Non-class space:        8.00 MB reserved,       5.75 MB ( 72%) committed 
      Class space:        1.00 GB reserved,     896.00 KB ( <1%) committed 
             Both:        1.01 GB reserved,       6.63 MB ( <1%) committed 

Chunk freelists:
   Non-Class:  0 bytes
       Class:  2.00 KB
        Both:  2.00 KB

MaxMetaspaceSize: 17179869184.00 GB
CompressedClassSpaceSize: 1.00 GB

CodeHeap 'non-profiled nmethods': size=120000Kb used=196Kb max_used=196Kb free=119803Kb
 bounds [0x0000015ed4840000, 0x0000015ed4ab0000, 0x0000015edbd70000]
CodeHeap 'profiled nmethods': size=120000Kb used=1067Kb max_used=1067Kb free=118932Kb
 bounds [0x0000015ecd310000, 0x0000015ecd580000, 0x0000015ed4840000]
CodeHeap 'non-nmethods': size=5760Kb used=1253Kb max_used=1268Kb free=4506Kb
 bounds [0x0000015eccd70000, 0x0000015eccfe0000, 0x0000015ecd310000]
 total_blobs=1581 nmethods=675 adapters=437
 compilation: enabled
              stopped_count=0, restarted_count=0
 full_count=0

Compilation events (20 events):
Event: 0.590 Thread 0x0000015ee1025800  663       3       java.lang.invoke.LambdaForm$Name::internArguments (59 bytes)
Event: 0.590 Thread 0x0000015ee101d000 nmethod 662 0x0000015ed486f990 code [0x0000015ed486fb20, 0x0000015ed486fb98]
Event: 0.590 Thread 0x0000015ee1025800 nmethod 663 0x0000015ecd417b90 code [0x0000015ecd417d80, 0x0000015ecd418530]
Event: 0.590 Thread 0x0000015ee1025800  666       3       java.lang.invoke.LambdaFormBuffer::ownedCount (7 bytes)
Event: 0.590 Thread 0x0000015ee1025800 nmethod 666 0x0000015ecd418710 code [0x0000015ecd4188a0, 0x0000015ecd418a18]
Event: 0.590 Thread 0x0000015ee1025800  665       3       java.lang.invoke.LambdaFormBuffer::changeName (149 bytes)
Event: 0.591 Thread 0x0000015ee1025800 nmethod 665 0x0000015ecd418a90 code [0x0000015ecd418c80, 0x0000015ecd419250]
Event: 0.591 Thread 0x0000015ee1025800  664       3       java.util.Arrays::copyOf (10 bytes)
Event: 0.591 Thread 0x0000015ee1025800 nmethod 664 0x0000015ecd419410 code [0x0000015ecd4195c0, 0x0000015ecd419770]
Event: 0.591 Thread 0x0000015ee1025800  667       3       java.util.ArrayList::iterator (9 bytes)
Event: 0.591 Thread 0x0000015ee1025800 nmethod 667 0x0000015ecd419810 code [0x0000015ecd4199c0, 0x0000015ecd419cd8]
Event: 0.591 Thread 0x0000015ee1025800  668       3       java.util.ArrayList$Itr::<init> (26 bytes)
Event: 0.591 Thread 0x0000015ee1025800 nmethod 668 0x0000015ecd419e10 code [0x0000015ecd419fc0, 0x0000015ecd41a218]
Event: 0.595 Thread 0x0000015ee1025800  671 %     3       sun.awt.image.PNGImageDecoder::update_crc @ 3 (41 bytes)
Event: 0.595 Thread 0x0000015ee1025800 nmethod 671% 0x0000015ecd41a310 code [0x0000015ecd41a4c0, 0x0000015ecd41a778]
Event: 0.595 Thread 0x0000015ee1025800  672       3       sun.awt.image.PNGImageDecoder::update_crc (41 bytes)
Event: 0.595 Thread 0x0000015ee1025800 nmethod 672 0x0000015ecd41a910 code [0x0000015ecd41aac0, 0x0000015ecd41ad18]
Event: 0.595 Thread 0x0000015ee101d000  673 %     4       sun.awt.image.PNGImageDecoder::update_crc @ 3 (41 bytes)
Event: 0.606 Thread 0x0000015ee101d000 nmethod 673% 0x0000015ed4870290 code [0x0000015ed4870420, 0x0000015ed48706d8]
Event: 0.606 Thread 0x0000015ee1025800  675   !   3       java.lang.ref.ReferenceQueue::enqueue (119 bytes)

GC Heap History (2 events):
Event: 0.600 GC heap before
{Heap before GC invocations=0 (full 0):
 garbage-first heap   total 65536K, used 6144K [0x00000000c1600000, 0x0000000100000000)
  region size 1024K, 7 young (7168K), 0 survivors (0K)
 Metaspace       used 6467K, capacity 6696K, committed 6784K, reserved 1056768K
  class space    used 732K, capacity 862K, committed 896K, reserved 1048576K
}
Event: 0.606 GC heap after
{Heap after GC invocations=1 (full 0):
 garbage-first heap   total 65536K, used 2851K [0x00000000c1600000, 0x0000000100000000)
  region size 1024K, 2 young (2048K), 2 survivors (2048K)
 Metaspace       used 6467K, capacity 6696K, committed 6784K, reserved 1056768K
  class space    used 732K, capacity 862K, committed 896K, reserved 1048576K
}

Deoptimization events (20 events):
Event: 0.597 Thread 0x0000015ee1eab800 DEOPT PACKING pc=0x0000015ecd41a69f sp=0x00000041c84fede0
Event: 0.597 Thread 0x0000015ee1eab800 DEOPT UNPACKING pc=0x0000015eccdb964e sp=0x00000041c84fe2b0 mode 0
Event: 0.597 Thread 0x0000015ee1eab800 DEOPT PACKING pc=0x0000015ecd41a69f sp=0x00000041c84fede0
Event: 0.597 Thread 0x0000015ee1eab800 DEOPT UNPACKING pc=0x0000015eccdb964e sp=0x00000041c84fe2b0 mode 0
Event: 0.598 Thread 0x0000015ee1eab800 DEOPT PACKING pc=0x0000015ecd41a69f sp=0x00000041c84fede0
Event: 0.598 Thread 0x0000015ee1eab800 DEOPT UNPACKING pc=0x0000015eccdb964e sp=0x00000041c84fe2b0 mode 0
Event: 0.598 Thread 0x0000015ee1eab800 DEOPT PACKING pc=0x0000015ecd41a69f sp=0x00000041c84fede0
Event: 0.598 Thread 0x0000015ee1eab800 DEOPT UNPACKING pc=0x0000015eccdb964e sp=0x00000041c84fe2b0 mode 0
Event: 0.598 Thread 0x0000015ee1eab800 DEOPT PACKING pc=0x0000015ecd41a69f sp=0x00000041c84fede0
Event: 0.598 Thread 0x0000015ee1eab800 DEOPT UNPACKING pc=0x0000015eccdb964e sp=0x00000041c84fe2b0 mode 0
Event: 0.598 Thread 0x0000015ee1eab800 DEOPT PACKING pc=0x0000015ecd41a69f sp=0x00000041c84fede0
Event: 0.598 Thread 0x0000015ee1eab800 DEOPT UNPACKING pc=0x0000015eccdb964e sp=0x00000041c84fe2b0 mode 0
Event: 0.598 Thread 0x0000015ee1eab800 DEOPT PACKING pc=0x0000015ecd41a69f sp=0x00000041c84fede0
Event: 0.598 Thread 0x0000015ee1eab800 DEOPT UNPACKING pc=0x0000015eccdb964e sp=0x00000041c84fe2b0 mode 0
Event: 0.598 Thread 0x0000015ee1eab800 DEOPT PACKING pc=0x0000015ecd41a69f sp=0x00000041c84fede0
Event: 0.598 Thread 0x0000015ee1eab800 DEOPT UNPACKING pc=0x0000015eccdb964e sp=0x00000041c84fe2b0 mode 0
Event: 0.599 Thread 0x0000015ee1eab800 DEOPT PACKING pc=0x0000015ecd41a69f sp=0x00000041c84fede0
Event: 0.599 Thread 0x0000015ee1eab800 DEOPT UNPACKING pc=0x0000015eccdb964e sp=0x00000041c84fe2b0 mode 0
Event: 0.599 Thread 0x0000015ee1eab800 DEOPT PACKING pc=0x0000015ecd41a69f sp=0x00000041c84fede0
Event: 0.599 Thread 0x0000015ee1eab800 DEOPT UNPACKING pc=0x0000015eccdb964e sp=0x00000041c84fe2b0 mode 0

Classes unloaded (0 events):
No events

Classes redefined (0 events):
No events

Internal exceptions (12 events):
Event: 0.119 Thread 0x0000015ec3094800 Exception <a 'java/lang/ClassNotFoundException'{0x00000000c54102f8}: sun/awt/resources/spi/awtProvider> (0x00000000c54102f8) 
thrown [t:/workspace/open/src/hotspot/share/classfile/systemDictionary.cpp, line 232]
Event: 0.164 Thread 0x0000015ec3094800 Exception <a 'java/io/FileNotFoundException'{0x00000000c5469f58}> (0x00000000c5469f58) 
thrown [t:/workspace/open/src/hotspot/share/prims/jni.cpp, line 598]
Event: 0.176 Thread 0x0000015ec3094800 Exception <a 'java/io/FileNotFoundException'{0x00000000c54908e8}> (0x00000000c54908e8) 
thrown [t:/workspace/open/src/hotspot/share/prims/jni.cpp, line 598]
Event: 0.280 Thread 0x0000015ee1de7800 Exception <a 'java/lang/NoSuchMethodError'{0x00000000c53f34f8}: 'void java.lang.invoke.DirectMethodHandle$Holder.invokeSpecial(java.lang.Object, java.lang.Object)'> (0x00000000c53f34f8) 
thrown [t:/workspace/open/src/hotspot/share/interpreter/linkResolver.cpp, line 767]
Event: 0.432 Thread 0x0000015ee1dea000 Exception <a 'java/lang/NoSuchMethodError'{0x00000000c52fad98}: 'java.lang.Object java.lang.invoke.DirectMethodHandle$Holder.invokeStatic(java.lang.Object, int, java.lang.Object, java.lang.Object, java.lang.Object, java.lang.Object)'> (0x00000000c52fad98) 
thrown [t:/workspace/open/src/hotspot/share/interpreter/linkResolver.cpp, line 767]
Event: 0.433 Thread 0x0000015ee1dea000 Exception <a 'java/lang/NoSuchMethodError'{0x00000000c5101c40}: 'java.lang.Object java.lang.invoke.DirectMethodHandle$Holder.invokeStatic(java.lang.Object, int, java.lang.Object, java.lang.Object, java.lang.Object)'> (0x00000000c5101c40) 
thrown [t:/workspace/open/src/hotspot/share/interpreter/linkResolver.cpp, line 767]
Event: 0.434 Thread 0x0000015ee1dea000 Exception <a 'java/lang/NoSuchMethodError'{0x00000000c51054a8}: 'java.lang.Object java.lang.invoke.DirectMethodHandle$Holder.invokeSpecial(java.lang.Object, java.lang.Object, int, java.lang.Object, java.lang.Object, java.lang.Object)'> (0x00000000c51054a8) 
thrown [t:/workspace/open/src/hotspot/share/interpreter/linkResolver.cpp, line 767]
Event: 0.437 Thread 0x0000015ee1dea000 Exception <a 'java/lang/NoSuchMethodError'{0x00000000c511b7d0}: 'java.lang.Object java.lang.invoke.DirectMethodHandle$Holder.invokeStatic(java.lang.Object, int, java.lang.Object)'> (0x00000000c511b7d0) 
thrown [t:/workspace/open/src/hotspot/share/interpreter/linkResolver.cpp, line 767]
Event: 0.464 Thread 0x0000015ee1dea000 Exception <a 'java/lang/ClassNotFoundException'{0x00000000c51beee0}: com/sun/swing/internal/plaf/metal/resources/spi/metalProvider> (0x00000000c51beee0) 
thrown [t:/workspace/open/src/hotspot/share/classfile/systemDictionary.cpp, line 232]
Event: 0.465 Thread 0x0000015ee1dea000 Exception <a 'java/lang/ClassNotFoundException'{0x00000000c51c2fb8}: com/sun/swing/internal/plaf/basic/resources/spi/basicProvider> (0x00000000c51c2fb8) 
thrown [t:/workspace/open/src/hotspot/share/classfile/systemDictionary.cpp, line 232]
Event: 0.557 Thread 0x0000015ee1dea000 Exception <a 'java/lang/NoSuchMethodError'{0x00000000c4f03990}: 'void java.lang.invoke.DirectMethodHandle$Holder.invokeStaticInit(java.lang.Object)'> (0x00000000c4f03990) 
thrown [t:/workspace/open/src/hotspot/share/interpreter/linkResolver.cpp, line 767]
Event: 0.591 Thread 0x0000015ee1dea000 Exception <a 'java/lang/NoSuchMethodError'{0x00000000c4f595f0}: 'java.lang.Object java.lang.invoke.Invokers$Holder.linkToTargetMethod(java.lang.Object, int, java.lang.Object)'> (0x00000000c4f595f0) 
thrown [t:/workspace/open/src/hotspot/share/interpreter/linkResolver.cpp, line 767]

Events (20 events):
Event: 0.587 loading class sun/awt/Symbol done
Event: 0.587 loading class sun/awt/Symbol$Encoder
Event: 0.587 loading class sun/awt/Symbol$Encoder done
Event: 0.588 Executing VM operation: RevokeBias
Event: 0.588 Executing VM operation: RevokeBias done
Event: 0.589 Executing VM operation: RevokeBias
Event: 0.589 Executing VM operation: RevokeBias done
Event: 0.591 Executing VM operation: RevokeBias
Event: 0.591 Executing VM operation: RevokeBias done
Event: 0.591 Executing VM operation: RevokeBias
Event: 0.591 Executing VM operation: RevokeBias done
Event: 0.591 Executing VM operation: RevokeBias
Event: 0.591 Executing VM operation: RevokeBias done
Event: 0.592 Executing VM operation: RevokeBias
Event: 0.592 Executing VM operation: RevokeBias done
Event: 0.599 Executing VM operation: RevokeBias
Event: 0.599 Executing VM operation: RevokeBias done
Event: 0.600 Executing VM operation: G1CollectForAllocation
Event: 0.606 Executing VM operation: G1CollectForAllocation done
Event: 0.607 Executing VM operation: RevokeBias


Dynamic libraries:
0x00007ff6f8e20000 - 0x00007ff6f8e2f000 	C:\Program Files\Java\jdk-13.0.2\bin\javaw.exe
0x00007fffdf740000 - 0x00007fffdf930000 	C:\Windows\SYSTEM32\ntdll.dll
0x00007fffde7a0000 - 0x00007fffde852000 	C:\Windows\System32\KERNEL32.DLL
0x00007fffdd2e0000 - 0x00007fffdd585000 	C:\Windows\System32\KERNELBASE.dll
0x00007fffdd590000 - 0x00007fffdd68a000 	C:\Windows\System32\ucrtbase.dll
0x00007fffb4e20000 - 0x00007fffb4e35000 	C:\Program Files\Java\jdk-13.0.2\bin\VCRUNTIME140.dll
0x00007fffb4e00000 - 0x00007fffb4e18000 	C:\Program Files\Java\jdk-13.0.2\bin\jli.dll
0x00007fffde4b0000 - 0x00007fffde553000 	C:\Windows\System32\ADVAPI32.dll
0x00007fffdf220000 - 0x00007fffdf2be000 	C:\Windows\System32\msvcrt.dll
0x00007fffde560000 - 0x00007fffde5f7000 	C:\Windows\System32\sechost.dll
0x00007fffde600000 - 0x00007fffde71f000 	C:\Windows\System32\RPCRT4.dll
0x00007fffdec10000 - 0x00007fffdeda4000 	C:\Windows\System32\USER32.dll
0x00007fffcdf10000 - 0x00007fffce194000 	C:\Windows\WinSxS\amd64_microsoft.windows.common-controls_6595b64144ccf1df_6.0.18362.1316_none_9e7a364fe461dbd7\COMCTL32.dll
0x00007fffdd200000 - 0x00007fffdd221000 	C:\Windows\System32\win32u.dll
0x00007fffde8d0000 - 0x00007fffdec07000 	C:\Windows\System32\combase.dll
0x00007fffdf320000 - 0x00007fffdf346000 	C:\Windows\System32\GDI32.dll
0x00007fffdd690000 - 0x00007fffdd711000 	C:\Windows\System32\bcryptPrimitives.dll
0x00007fffdd060000 - 0x00007fffdd1f8000 	C:\Windows\System32\gdi32full.dll
0x00007fffdd720000 - 0x00007fffdd7be000 	C:\Windows\System32\msvcp_win.dll
0x00007fffd12a0000 - 0x00007fffd12aa000 	C:\Windows\SYSTEM32\VERSION.dll
0x00007fffde210000 - 0x00007fffde23e000 	C:\Windows\System32\IMM32.DLL
0x00007fffb4190000 - 0x00007fffb422b000 	C:\Program Files\Java\jdk-13.0.2\bin\msvcp140.dll
0x00007fffb3630000 - 0x00007fffb418d000 	C:\Program Files\Java\jdk-13.0.2\bin\server\jvm.dll
0x00007fffde170000 - 0x00007fffde178000 	C:\Windows\System32\PSAPI.DLL
0x00007fffc38d0000 - 0x00007fffc38d9000 	C:\Windows\SYSTEM32\WSOCK32.dll
0x00007fffde730000 - 0x00007fffde79f000 	C:\Windows\System32\WS2_32.dll
0x00007fffd9ed0000 - 0x00007fffd9ef4000 	C:\Windows\SYSTEM32\WINMM.dll
0x00007fffd9ea0000 - 0x00007fffd9ecd000 	C:\Windows\SYSTEM32\winmmbase.dll
0x00007fffdc7e0000 - 0x00007fffdc82a000 	C:\Windows\System32\cfgmgr32.dll
0x00007fffdc670000 - 0x00007fffdc681000 	C:\Windows\System32\kernel.appcore.dll
0x00007fffc3690000 - 0x00007fffc36a0000 	C:\Program Files\Java\jdk-13.0.2\bin\verify.dll
0x00007fffccd30000 - 0x00007fffccf24000 	C:\Windows\SYSTEM32\DBGHELP.DLL
0x00007fffccd00000 - 0x00007fffccd2a000 	C:\Windows\SYSTEM32\dbgcore.DLL
0x00007fffb3600000 - 0x00007fffb3626000 	C:\Program Files\Java\jdk-13.0.2\bin\java.dll
0x00007fffb35e0000 - 0x00007fffb35f7000 	C:\Program Files\Java\jdk-13.0.2\bin\zip.dll
0x00007fffc2890000 - 0x00007fffc289a000 	C:\Program Files\Java\jdk-13.0.2\bin\jimage.dll
0x00007fffdda80000 - 0x00007fffde168000 	C:\Windows\System32\SHELL32.dll
0x00007fffdd9d0000 - 0x00007fffdda77000 	C:\Windows\System32\shcore.dll
0x00007fffdc850000 - 0x00007fffdcfcb000 	C:\Windows\System32\windows.storage.dll
0x00007fffdc5d0000 - 0x00007fffdc5f3000 	C:\Windows\System32\profapi.dll
0x00007fffdc600000 - 0x00007fffdc64a000 	C:\Windows\System32\powrprof.dll
0x00007fffdc5c0000 - 0x00007fffdc5d0000 	C:\Windows\System32\UMPDC.dll
0x00007fffdf2c0000 - 0x00007fffdf312000 	C:\Windows\System32\shlwapi.dll
0x00007fffdc830000 - 0x00007fffdc847000 	C:\Windows\System32\cryptsp.dll
0x00007fffb21e0000 - 0x00007fffb2379000 	C:\Program Files\Java\jdk-13.0.2\bin\awt.dll
0x00007fffdf600000 - 0x00007fffdf6c5000 	C:\Windows\System32\OLEAUT32.dll
0x00007fffda730000 - 0x00007fffda7bf000 	C:\Windows\SYSTEM32\apphelp.dll
0x00007fffb31a0000 - 0x00007fffb31b9000 	C:\Program Files\Java\jdk-13.0.2\bin\net.dll
0x00007fffd2a00000 - 0x00007fffd2af0000 	C:\Windows\SYSTEM32\WINHTTP.dll
0x00007fffdbe00000 - 0x00007fffdbe67000 	C:\Windows\system32\mswsock.dll
0x00007fffb3180000 - 0x00007fffb3193000 	C:\Program Files\Java\jdk-13.0.2\bin\nio.dll
0x00007fffda8f0000 - 0x00007fffda989000 	C:\Windows\system32\uxtheme.dll
0x00007fffdd7c0000 - 0x00007fffdd8f5000 	C:\Windows\System32\MSCTF.dll
0x00007fffde240000 - 0x00007fffde397000 	C:\Windows\System32\ole32.dll
0x00007fffdac40000 - 0x00007fffdac6d000 	C:\Windows\system32\DWMAPI.DLL
0x00007fffb2080000 - 0x00007fffb21d6000 	C:\Windows\system32\opengl32.dll
0x00007fffd3bf0000 - 0x00007fffd3c1c000 	C:\Windows\SYSTEM32\GLU32.dll
0x00007fffdb200000 - 0x00007fffdb220000 	C:\Windows\SYSTEM32\dxcore.dll
0x00007fffc42c0000 - 0x00007fffc4342000 	C:\Program Files\Java\jdk-13.0.2\bin\freetype.dll
0x00007fffbd9d0000 - 0x00007fffbda76000 	C:\Program Files\Java\jdk-13.0.2\bin\fontmanager.dll

dbghelp: loaded successfully - version: 4.0.5 - missing functions: none
symbol engine: initialized successfully - sym options: 0x614 - pdb path: .;C:\Program Files\Java\jdk-13.0.2\bin;C:\Windows\SYSTEM32;C:\Windows\WinSxS\amd64_microsoft.windows.common-controls_6595b64144ccf1df_6.0.18362.1316_none_9e7a364fe461dbd7;C:\Program Files\Java\jdk-13.0.2\bin\server

VM Arguments:
jvm_args: -Dfile.encoding=Cp1252 
java_command: accounts.ScholarYears
java_class_path (initial): C:\Users\User\Desktop\Programmes\Java\Workspace\DriveOperations\target\classes;C:\Users\User\Desktop\Libraries\jcalendar-1.4.jar;C:\Users\User\Desktop\Libraries\jgoodies-common-1.8.0.jar;C:\Users\User\Desktop\Libraries\jgoodies-forms-1.8.0.jar;C:\Users\User\Desktop\Libraries\miglayout15-swing.jar;C:\Users\User\Downloads\javax.mail.jar;C:\Users\User\Downloads\activation-1.1.1.jar;C:\Users\User\Downloads\jcalendar-1.4.jar;C:\Users\User\Downloads\jfreechart-1.0.19\lib\jcommon-1.0.23.jar;C:\Users\User\Downloads\jfreechart-1.0.19\lib\jfreechart-1.0.19.jar;C:\Users\User\Downloads\commons-net-3.8.0\commons-net-3.8.0.jar;C:\Users\User\Documents\Libs\comm-2.0.jar;C:\Users\User\Documents\Libs\http-2.2.1.jar;C:\Users\User\Documents\Libs\mysql-connector-java-5.1.45.jar;C:\Users\User\Downloads\JTattoo-1.6.13.jar;C:\Users\User\.m2\repository\com\google\apis\google-api-services-drive\v3-rev105-1.23.0\google-api-services-drive-v3-rev105-1.23.0.jar;C:\Users\User\.m2\repository\com\google\api-client\google-api-client\1.23.0\google-api-client-1.23.0.jar;C:\Users\User\.m2\repository\com\google\oauth-client\google-oauth-client\1.23.0\google-oauth-client-1.23.0.jar;C:\Users\User\.m2\repository\com\google\http-client\google-http-client\1.23.0\google-http-client-1.23.0.jar;C:\Users\User\.m2\repository\org\apache\httpcomponents\httpclient\4.0.1\httpclient-4.0.1.jar;C:\Users\User\.m2\repository\org\apache\httpcomponents\httpcore\4.0.1\httpcore-4.0.1.jar;C:\Users\User\.m2\repository\commons-logging\commons-logging\1.1.1\commons-logging-1.1.1.jar;C:\Users\User\.m2\repository\commons-codec\commons-codec\1.3\commons-codec-1.3.jar;C:\Users\User\.m2\repository\com\google\code\findbugs\jsr305\1.3.9\jsr305-1.3.9.jar;C:\Users\User\.m2\repository\com\google\http-client\google-http-client-jackson2\1.23.0\google-http-client-jackson2-1.23.0.jar;C:\Users\User\.m2\repository\com\fasterxml\jackson\core\jackson-core\2.1.3\jackson-core-2.1.3.jar;C:\Users\User\.m2\repository\com\go
Launcher Type: SUN_STANDARD

[Global flags]
     intx CICompilerCount                          = 3                                         {product} {ergonomic}
     uint ConcGCThreads                            = 1                                         {product} {ergonomic}
     uint G1ConcRefinementThreads                  = 4                                         {product} {ergonomic}
   size_t G1HeapRegionSize                         = 1048576                                   {product} {ergonomic}
    uintx GCDrainStackTargetSize                   = 64                                        {product} {ergonomic}
   size_t InitialHeapSize                          = 67108864                                  {product} {ergonomic}
   size_t MarkStackSize                            = 4194304                                   {product} {ergonomic}
   size_t MaxHeapSize                              = 1050673152                                {product} {ergonomic}
   size_t MaxNewSize                               = 630194176                                 {product} {ergonomic}
   size_t MinHeapDeltaBytes                        = 1048576                                   {product} {ergonomic}
   size_t MinHeapSize                              = 8388608                                   {product} {ergonomic}
    uintx NonNMethodCodeHeapSize                   = 5832780                                {pd product} {ergonomic}
    uintx NonProfiledCodeHeapSize                  = 122912730                              {pd product} {ergonomic}
    uintx ProfiledCodeHeapSize                     = 122912730                              {pd product} {ergonomic}
    uintx ReservedCodeCacheSize                    = 251658240                              {pd product} {ergonomic}
     bool SegmentedCodeCache                       = true                                      {product} {ergonomic}
   size_t SoftMaxHeapSize                          = 1050673152                             {manageable} {ergonomic}
     bool UseCompressedClassPointers               = true                                 {lp64_product} {ergonomic}
     bool UseCompressedOops                        = true                                 {lp64_product} {ergonomic}
     bool UseG1GC                                  = true                                      {product} {ergonomic}
     bool UseLargePagesIndividualAllocation        = false                                  {pd product} {ergonomic}

Logging:
Log output configuration:
 #0: stdout all=warning uptime,level,tags
 #1: stderr all=off uptime,level,tags

Environment Variables:
JAVA_HOME=C:\Program Files (x86)\Java\jre1.8.0_241
PATH=C:\Program Files\Java\jdk-13.0.2\bin;C:\Program Files (x86)\Common Files\Oracle\Java\javapath;C:\Windows\system32;C:\Windows;C:\Windows\System32\Wbem;C:\Windows\System32\WindowsPowerShell\v1.0\;C:\Windows\System32\OpenSSH\;C:\Program Files (x86)\apache-maven-3.8.1\bin;C:\Program Files (x86)\gradle-7.1.1\bin;C:\Users\User\AppData\Local\Microsoft\WindowsApps;C:\Users\User\AppData\Local\Programs\Microsoft VS Code\bin;C:\Program Files (x86)\gradle-7.1.1\bin;
USERNAME=User
OS=Windows_NT
PROCESSOR_IDENTIFIER=Intel64 Family 6 Model 42 Stepping 7, GenuineIntel



---------------  S Y S T E M  ---------------

OS: Windows 10 , 64 bit Build 18362 (10.0.18362.1316)

CPU:total 4 (initial active 4) (2 cores per cpu, 2 threads per core) family 6 model 42 stepping 7, cmov, cx8, fxsr, mmx, sse, sse2, sse3, ssse3, sse4.1, sse4.2, popcnt, avx, aes, clmul, ht, tsc, tscinvbit

Memory: 4k page, system-wide physical 4006M (402M free)
TotalPageFile size 16294M (AvailPageFile size 15M)
current process WorkingSet (physical memory assigned to process): 53M, peak: 53M
current process commit charge ("private bytes"): 146M, peak: 258M

vm_info: Java HotSpot(TM) 64-Bit Server VM (13.0.2+8) for windows-amd64 JRE (13.0.2+8), built on Dec 11 2019 09:20:33 by "mach5one" with unknown MS VC++:1916

END.
