#
# There is insufficient memory for the Java Runtime Environment to continue.
# Native memory allocation (malloc) failed to allocate 32744 bytes for ChunkPool::allocate
# Possible reasons:
#   The system is out of physical RAM or swap space
#   The process is running with CompressedOops enabled, and the Java Heap may be blocking the growth of the native heap
# Possible solutions:
#   Reduce memory load on the system
#   Increase physical memory or swap space
#   Check if swap backing store is full
#   Decrease Java heap size (-Xmx/-Xms)
#   Decrease number of Java threads
#   Decrease Java thread stack sizes (-Xss)
#   Set larger code cache with -XX:ReservedCodeCacheSize=
#   JVM is running with Unscaled Compressed Oops mode in which the Java heap is
#     placed in the first 4GB address space. The Java Heap base address is the
#     maximum limit for the native heap growth. Please use -XX:HeapBaseMinAddress
#     to set the Java Heap base and to place the Java Heap above 4GB virtual address.
# This output file may be truncated or incomplete.
#
#  Out of Memory Error (t:/workspace/open/src/hotspot/share/memory/arena.cpp:80), pid=13676, tid=10244
#
# JRE version: Java(TM) SE Runtime Environment (13.0.2+8) (build 13.0.2+8)
# Java VM: Java HotSpot(TM) 64-Bit Server VM (13.0.2+8, mixed mode, tiered, compressed oops, g1 gc, windows-amd64)
# No core dump will be written. Minidumps are not enabled by default on client versions of Windows
#

---------------  S U M M A R Y ------------

Command Line: -Dfile.encoding=Cp1252 Application.Home

Host: Intel(R) Core(TM) i5-2520M CPU @ 2.50GHz, 4 cores, 3G,  Windows 10 , 64 bit Build 18362 (10.0.18362.1500)
Time: Sat Jun 18 17:51:09 2022 Afrique de l?Est elapsed time: 2 seconds (0d 0h 0m 2s)

---------------  T H R E A D  ---------------

Current thread (0x000001d196ede000):  JavaThread "main" [_thread_in_vm, id=10244, stack(0x0000007fc5100000,0x0000007fc5200000)]

Stack: [0x0000007fc5100000,0x0000007fc5200000]
Native frames: (J=compiled Java code, j=interpreted, Vv=VM code, C=native code)
V  [jvm.dll+0x624f9a]
V  [jvm.dll+0x770cfa]
V  [jvm.dll+0x7724af]
V  [jvm.dll+0x772ab3]
V  [jvm.dll+0x24bf08]
V  [jvm.dll+0xc2076]
V  [jvm.dll+0xc23cc]
V  [jvm.dll+0x6845cc]
V  [jvm.dll+0x685194]
V  [jvm.dll+0x367b02]
V  [jvm.dll+0x6fc8d1]
V  [jvm.dll+0x755358]
V  [jvm.dll+0x75389e]
C  0x000001d1a157f3b7

Java frames: (J=compiled Java code, j=interpreted, Vv=VM code)
j  jdk.internal.misc.Unsafe.defineAnonymousClass0(Ljava/lang/Class;[B[Ljava/lang/Object;)Ljava/lang/Class;+0 java.base@13.0.2
j  jdk.internal.misc.Unsafe.defineAnonymousClass(Ljava/lang/Class;[B[Ljava/lang/Object;)Ljava/lang/Class;+42 java.base@13.0.2
j  java.lang.invoke.InvokerBytecodeGenerator.loadAndInitializeInvokerClass([B[Ljava/lang/Object;)Ljava/lang/Class;+8 java.base@13.0.2
j  java.lang.invoke.InvokerBytecodeGenerator.loadMethod([B)Ljava/lang/invoke/MemberName;+6 java.base@13.0.2
j  java.lang.invoke.InvokerBytecodeGenerator.generateCustomizedCode(Ljava/lang/invoke/LambdaForm;Ljava/lang/invoke/MethodType;)Ljava/lang/invoke/MemberName;+30 java.base@13.0.2
j  java.lang.invoke.LambdaForm.compileToBytecode()V+69 java.base@13.0.2
j  java.lang.invoke.LambdaForm.prepare()V+21 java.base@13.0.2
j  java.lang.invoke.MethodHandle.<init>(Ljava/lang/invoke/MethodType;Ljava/lang/invoke/LambdaForm;)V+33 java.base@13.0.2
j  java.lang.invoke.BoundMethodHandle.<init>(Ljava/lang/invoke/MethodType;Ljava/lang/invoke/LambdaForm;)V+3 java.base@13.0.2
j  java.lang.invoke.BoundMethodHandle$Species_LLLLLLLL.<init>(Ljava/lang/invoke/MethodType;Ljava/lang/invoke/LambdaForm;Ljava/lang/Object;Ljava/lang/Object;Ljava/lang/Object;Ljava/lang/Object;Ljava/lang/Object;Ljava/lang/Object;Ljava/lang/Object;Ljava/lang/Object;)V+3 java.base@13.0.2
j  java.lang.invoke.BoundMethodHandle$Species_LLLLLLLL.make(Ljava/lang/invoke/MethodType;Ljava/lang/invoke/LambdaForm;Ljava/lang/Object;Ljava/lang/Object;Ljava/lang/Object;Ljava/lang/Object;Ljava/lang/Object;Ljava/lang/Object;Ljava/lang/Object;Ljava/lang/Object;)Ljava/lang/invoke/BoundMethodHandle;+20 java.base@13.0.2
j  java.lang.invoke.DirectMethodHandle$Holder.invokeStatic(Ljava/lang/Object;Ljava/lang/Object;Ljava/lang/Object;Ljava/lang/Object;Ljava/lang/Object;Ljava/lang/Object;Ljava/lang/Object;Ljava/lang/Object;Ljava/lang/Object;Ljava/lang/Object;Ljava/lang/Object;)Ljava/lang/Object;+28 java.base@13.0.2
j  java.lang.invoke.BoundMethodHandle$Species_LLLLLLL.copyWithExtendL(Ljava/lang/invoke/MethodType;Ljava/lang/invoke/LambdaForm;Ljava/lang/Object;)Ljava/lang/invoke/BoundMethodHandle;+38 java.base@13.0.2
j  java.lang.invoke.MethodHandles.argumentsWithCombiner(ZLjava/lang/invoke/MethodHandle;ILjava/lang/invoke/MethodHandle;[I)Ljava/lang/invoke/MethodHandle;+122 java.base@13.0.2
j  java.lang.invoke.MethodHandles.foldArgumentsWithCombiner(Ljava/lang/invoke/MethodHandle;ILjava/lang/invoke/MethodHandle;[I)Ljava/lang/invoke/MethodHandle;+5 java.base@13.0.2
j  java.lang.invoke.StringConcatFactory$MethodHandleInlineCopyStrategy.generate(Ljava/lang/invoke/MethodType;Ljava/lang/invoke/StringConcatFactory$Recipe;)Ljava/lang/invoke/MethodHandle;+913 java.base@13.0.2
j  java.lang.invoke.StringConcatFactory.generate(Ljava/lang/invoke/MethodHandles$Lookup;Ljava/lang/String;Ljava/lang/invoke/MethodType;Ljava/lang/invoke/StringConcatFactory$Recipe;)Ljava/lang/invoke/MethodHandle;+101 java.base@13.0.2
j  java.lang.invoke.StringConcatFactory.doStringConcat(Ljava/lang/invoke/MethodHandles$Lookup;Ljava/lang/String;Ljava/lang/invoke/MethodType;ZLjava/lang/String;[Ljava/lang/Object;)Ljava/lang/invoke/CallSite;+507 java.base@13.0.2
j  java.lang.invoke.StringConcatFactory.makeConcatWithConstants(Ljava/lang/invoke/MethodHandles$Lookup;Ljava/lang/String;Ljava/lang/invoke/MethodType;Ljava/lang/String;[Ljava/lang/Object;)Ljava/lang/invoke/CallSite;+71 java.base@13.0.2
j  java.lang.invoke.DirectMethodHandle$Holder.invokeStatic(Ljava/lang/Object;Ljava/lang/Object;Ljava/lang/Object;Ljava/lang/Object;Ljava/lang/Object;Ljava/lang/Object;)Ljava/lang/Object;+18 java.base@13.0.2
j  java.lang.invoke.DelegatingMethodHandle$Holder.delegate(Ljava/lang/Object;Ljava/lang/Object;Ljava/lang/Object;Ljava/lang/Object;Ljava/lang/Object;Ljava/lang/Object;)Ljava/lang/Object;+21 java.base@13.0.2
j  java.lang.invoke.Invokers$Holder.invokeExact_MT(Ljava/lang/Object;Ljava/lang/Object;Ljava/lang/Object;Ljava/lang/Object;Ljava/lang/Object;Ljava/lang/Object;Ljava/lang/Object;)Ljava/lang/Object;+26 java.base@13.0.2
j  java.lang.invoke.BootstrapMethodInvoker.invoke(Ljava/lang/Class;Ljava/lang/invoke/MethodHandle;Ljava/lang/String;Ljava/lang/Object;Ljava/lang/Object;Ljava/lang/Class;)Ljava/lang/Object;+134 java.base@13.0.2
j  java.lang.invoke.CallSite.makeSite(Ljava/lang/invoke/MethodHandle;Ljava/lang/String;Ljava/lang/invoke/MethodType;Ljava/lang/Object;Ljava/lang/Class;)Ljava/lang/invoke/CallSite;+8 java.base@13.0.2
j  java.lang.invoke.MethodHandleNatives.linkCallSiteImpl(Ljava/lang/Class;Ljava/lang/invoke/MethodHandle;Ljava/lang/String;Ljava/lang/invoke/MethodType;Ljava/lang/Object;[Ljava/lang/Object;)Ljava/lang/invoke/MemberName;+6 java.base@13.0.2
j  java.lang.invoke.MethodHandleNatives.linkCallSite(Ljava/lang/Object;ILjava/lang/Object;Ljava/lang/Object;Ljava/lang/Object;Ljava/lang/Object;[Ljava/lang/Object;)Ljava/lang/invoke/MemberName;+46 java.base@13.0.2
v  ~StubRoutines::call_stub
j  java.awt.Toolkit$1.run()Ljava/lang/String;+74 java.desktop@13.0.2
j  java.awt.Toolkit$1.run()Ljava/lang/Object;+1 java.desktop@13.0.2
j  java.security.AccessController.executePrivileged(Ljava/security/PrivilegedAction;Ljava/security/AccessControlContext;Ljava/lang/Class;)Ljava/lang/Object;+29 java.base@13.0.2
j  java.security.AccessController.doPrivileged(Ljava/security/PrivilegedAction;)Ljava/lang/Object;+5 java.base@13.0.2
j  java.awt.Toolkit.initAssistiveTechnologies()V+21 java.desktop@13.0.2
j  java.awt.Toolkit.<clinit>()V+44 java.desktop@13.0.2
v  ~StubRoutines::call_stub
j  java.awt.EventQueue.invokeLater(Ljava/lang/Runnable;)V+0 java.desktop@13.0.2
j  Application.Home.main([Ljava/lang/String;)V+7
v  ~StubRoutines::call_stub

---------------  P R O C E S S  ---------------

Threads class SMR info:
_java_thread_list=0x000001d1b5b85ce0, length=10, elements={
0x000001d196ede000, 0x000001d1b50be000, 0x000001d1b50c9000, 0x000001d1b5100800,
0x000001d1b5102800, 0x000001d1b510c800, 0x000001d1b5a15000, 0x000001d1b5a3f800,
0x000001d1b5bc0800, 0x000001d1b5bc0000
}

Java Threads: ( => current thread )
=>0x000001d196ede000 JavaThread "main" [_thread_in_vm, id=10244, stack(0x0000007fc5100000,0x0000007fc5200000)]
  0x000001d1b50be000 JavaThread "Reference Handler" daemon [_thread_blocked, id=8972, stack(0x0000007fc5800000,0x0000007fc5900000)]
  0x000001d1b50c9000 JavaThread "Finalizer" daemon [_thread_blocked, id=7680, stack(0x0000007fc5900000,0x0000007fc5a00000)]
  0x000001d1b5100800 JavaThread "Signal Dispatcher" daemon [_thread_blocked, id=7620, stack(0x0000007fc5a00000,0x0000007fc5b00000)]
  0x000001d1b5102800 JavaThread "Attach Listener" daemon [_thread_blocked, id=9676, stack(0x0000007fc5b00000,0x0000007fc5c00000)]
  0x000001d1b510c800 JavaThread "C2 CompilerThread0" daemon [_thread_blocked, id=11360, stack(0x0000007fc5c00000,0x0000007fc5d00000)]
  0x000001d1b5a15000 JavaThread "C1 CompilerThread0" daemon [_thread_in_native, id=9768, stack(0x0000007fc5d00000,0x0000007fc5e00000)]
  0x000001d1b5a3f800 JavaThread "Sweeper thread" daemon [_thread_blocked, id=9228, stack(0x0000007fc5e00000,0x0000007fc5f00000)]
  0x000001d1b5bc0800 JavaThread "Service Thread" daemon [_thread_blocked, id=7664, stack(0x0000007fc5f00000,0x0000007fc6000000)]
  0x000001d1b5bc0000 JavaThread "Common-Cleaner" daemon [_thread_blocked, id=10916, stack(0x0000007fc6100000,0x0000007fc6200000)]

Other Threads:
  0x000001d1b50a8000 VMThread "VM Thread" [stack: 0x0000007fc5700000,0x0000007fc5800000] [id=11344] _threads_hazard_ptr=0x000001d1b5b85ce0
  0x000001d1b5bca000 WatcherThread [stack: 0x0000007fc6000000,0x0000007fc6100000] [id=9636]
  0x000001d1990a1000 GCTaskThread "GC Thread#0" [stack: 0x0000007fc5200000,0x0000007fc5300000] [id=10924]
  0x000001d1990ab800 ConcurrentGCThread "G1 Main Marker" [stack: 0x0000007fc5300000,0x0000007fc5400000] [id=12984]
  0x000001d1990b1800 ConcurrentGCThread "G1 Conc#0" [stack: 0x0000007fc5400000,0x0000007fc5500000] [id=7476]
  0x000001d199108000 ConcurrentGCThread "G1 Refine#0" [stack: 0x0000007fc5500000,0x0000007fc5600000] [id=1132]
  0x000001d19910b000 ConcurrentGCThread "G1 Young RemSet Sampling" [stack: 0x0000007fc5600000,0x0000007fc5700000] [id=13788]

Threads with active compile tasks:
C1 CompilerThread0     2828  266       3       jdk.internal.org.objectweb.asm.Frame::execute (2305 bytes)

VM state:synchronizing (normal execution)

VM Mutex/Monitor currently owned by a thread:  ([mutex/lock_event])
[0x000001d196edb200] Threads_lock - owner thread: 0x000001d1b50a8000

Heap address: 0x00000000c1600000, size: 1002 MB, Compressed Oops mode: 32-bit
Narrow klass base: 0x0000000000000000, Narrow klass shift: 3
Compressed class space size: 1073741824 Address: 0x0000000100000000

Heap:
 garbage-first heap   total 65536K, used 2048K [0x00000000c1600000, 0x0000000100000000)
  region size 1024K, 3 young (3072K), 0 survivors (0K)
 Metaspace       used 6779K, capacity 6902K, committed 7168K, reserved 1056768K
  class space    used 596K, capacity 641K, committed 768K, reserved 1048576K
Heap Regions: E=young(eden), S=young(survivor), O=old, HS=humongous(starts), HC=humongous(continues), CS=collection set, F=free, A=archive, TAMS=top-at-mark-start (previous, next)
|   0|0x00000000c1600000, 0x00000000c1600000, 0x00000000c1700000|  0%| F|  |TAMS 0x00000000c1600000, 0x00000000c1600000| Untracked 
|   1|0x00000000c1700000, 0x00000000c1700000, 0x00000000c1800000|  0%| F|  |TAMS 0x00000000c1700000, 0x00000000c1700000| Untracked 
|   2|0x00000000c1800000, 0x00000000c1800000, 0x00000000c1900000|  0%| F|  |TAMS 0x00000000c1800000, 0x00000000c1800000| Untracked 
|   3|0x00000000c1900000, 0x00000000c1900000, 0x00000000c1a00000|  0%| F|  |TAMS 0x00000000c1900000, 0x00000000c1900000| Untracked 
|   4|0x00000000c1a00000, 0x00000000c1a00000, 0x00000000c1b00000|  0%| F|  |TAMS 0x00000000c1a00000, 0x00000000c1a00000| Untracked 
|   5|0x00000000c1b00000, 0x00000000c1b00000, 0x00000000c1c00000|  0%| F|  |TAMS 0x00000000c1b00000, 0x00000000c1b00000| Untracked 
|   6|0x00000000c1c00000, 0x00000000c1c00000, 0x00000000c1d00000|  0%| F|  |TAMS 0x00000000c1c00000, 0x00000000c1c00000| Untracked 
|   7|0x00000000c1d00000, 0x00000000c1d00000, 0x00000000c1e00000|  0%| F|  |TAMS 0x00000000c1d00000, 0x00000000c1d00000| Untracked 
|   8|0x00000000c1e00000, 0x00000000c1e00000, 0x00000000c1f00000|  0%| F|  |TAMS 0x00000000c1e00000, 0x00000000c1e00000| Untracked 
|   9|0x00000000c1f00000, 0x00000000c1f00000, 0x00000000c2000000|  0%| F|  |TAMS 0x00000000c1f00000, 0x00000000c1f00000| Untracked 
|  10|0x00000000c2000000, 0x00000000c2000000, 0x00000000c2100000|  0%| F|  |TAMS 0x00000000c2000000, 0x00000000c2000000| Untracked 
|  11|0x00000000c2100000, 0x00000000c2100000, 0x00000000c2200000|  0%| F|  |TAMS 0x00000000c2100000, 0x00000000c2100000| Untracked 
|  12|0x00000000c2200000, 0x00000000c2200000, 0x00000000c2300000|  0%| F|  |TAMS 0x00000000c2200000, 0x00000000c2200000| Untracked 
|  13|0x00000000c2300000, 0x00000000c2300000, 0x00000000c2400000|  0%| F|  |TAMS 0x00000000c2300000, 0x00000000c2300000| Untracked 
|  14|0x00000000c2400000, 0x00000000c2400000, 0x00000000c2500000|  0%| F|  |TAMS 0x00000000c2400000, 0x00000000c2400000| Untracked 
|  15|0x00000000c2500000, 0x00000000c2500000, 0x00000000c2600000|  0%| F|  |TAMS 0x00000000c2500000, 0x00000000c2500000| Untracked 
|  16|0x00000000c2600000, 0x00000000c2600000, 0x00000000c2700000|  0%| F|  |TAMS 0x00000000c2600000, 0x00000000c2600000| Untracked 
|  17|0x00000000c2700000, 0x00000000c2700000, 0x00000000c2800000|  0%| F|  |TAMS 0x00000000c2700000, 0x00000000c2700000| Untracked 
|  18|0x00000000c2800000, 0x00000000c2800000, 0x00000000c2900000|  0%| F|  |TAMS 0x00000000c2800000, 0x00000000c2800000| Untracked 
|  19|0x00000000c2900000, 0x00000000c2900000, 0x00000000c2a00000|  0%| F|  |TAMS 0x00000000c2900000, 0x00000000c2900000| Untracked 
|  20|0x00000000c2a00000, 0x00000000c2a00000, 0x00000000c2b00000|  0%| F|  |TAMS 0x00000000c2a00000, 0x00000000c2a00000| Untracked 
|  21|0x00000000c2b00000, 0x00000000c2b00000, 0x00000000c2c00000|  0%| F|  |TAMS 0x00000000c2b00000, 0x00000000c2b00000| Untracked 
|  22|0x00000000c2c00000, 0x00000000c2c00000, 0x00000000c2d00000|  0%| F|  |TAMS 0x00000000c2c00000, 0x00000000c2c00000| Untracked 
|  23|0x00000000c2d00000, 0x00000000c2d00000, 0x00000000c2e00000|  0%| F|  |TAMS 0x00000000c2d00000, 0x00000000c2d00000| Untracked 
|  24|0x00000000c2e00000, 0x00000000c2e00000, 0x00000000c2f00000|  0%| F|  |TAMS 0x00000000c2e00000, 0x00000000c2e00000| Untracked 
|  25|0x00000000c2f00000, 0x00000000c2f00000, 0x00000000c3000000|  0%| F|  |TAMS 0x00000000c2f00000, 0x00000000c2f00000| Untracked 
|  26|0x00000000c3000000, 0x00000000c3000000, 0x00000000c3100000|  0%| F|  |TAMS 0x00000000c3000000, 0x00000000c3000000| Untracked 
|  27|0x00000000c3100000, 0x00000000c3100000, 0x00000000c3200000|  0%| F|  |TAMS 0x00000000c3100000, 0x00000000c3100000| Untracked 
|  28|0x00000000c3200000, 0x00000000c3200000, 0x00000000c3300000|  0%| F|  |TAMS 0x00000000c3200000, 0x00000000c3200000| Untracked 
|  29|0x00000000c3300000, 0x00000000c3300000, 0x00000000c3400000|  0%| F|  |TAMS 0x00000000c3300000, 0x00000000c3300000| Untracked 
|  30|0x00000000c3400000, 0x00000000c3400000, 0x00000000c3500000|  0%| F|  |TAMS 0x00000000c3400000, 0x00000000c3400000| Untracked 
|  31|0x00000000c3500000, 0x00000000c3500000, 0x00000000c3600000|  0%| F|  |TAMS 0x00000000c3500000, 0x00000000c3500000| Untracked 
|  32|0x00000000c3600000, 0x00000000c3600000, 0x00000000c3700000|  0%| F|  |TAMS 0x00000000c3600000, 0x00000000c3600000| Untracked 
|  33|0x00000000c3700000, 0x00000000c3700000, 0x00000000c3800000|  0%| F|  |TAMS 0x00000000c3700000, 0x00000000c3700000| Untracked 
|  34|0x00000000c3800000, 0x00000000c3800000, 0x00000000c3900000|  0%| F|  |TAMS 0x00000000c3800000, 0x00000000c3800000| Untracked 
|  35|0x00000000c3900000, 0x00000000c3900000, 0x00000000c3a00000|  0%| F|  |TAMS 0x00000000c3900000, 0x00000000c3900000| Untracked 
|  36|0x00000000c3a00000, 0x00000000c3a00000, 0x00000000c3b00000|  0%| F|  |TAMS 0x00000000c3a00000, 0x00000000c3a00000| Untracked 
|  37|0x00000000c3b00000, 0x00000000c3b00000, 0x00000000c3c00000|  0%| F|  |TAMS 0x00000000c3b00000, 0x00000000c3b00000| Untracked 
|  38|0x00000000c3c00000, 0x00000000c3c00000, 0x00000000c3d00000|  0%| F|  |TAMS 0x00000000c3c00000, 0x00000000c3c00000| Untracked 
|  39|0x00000000c3d00000, 0x00000000c3d00000, 0x00000000c3e00000|  0%| F|  |TAMS 0x00000000c3d00000, 0x00000000c3d00000| Untracked 
|  40|0x00000000c3e00000, 0x00000000c3e00000, 0x00000000c3f00000|  0%| F|  |TAMS 0x00000000c3e00000, 0x00000000c3e00000| Untracked 
|  41|0x00000000c3f00000, 0x00000000c3f00000, 0x00000000c4000000|  0%| F|  |TAMS 0x00000000c3f00000, 0x00000000c3f00000| Untracked 
|  42|0x00000000c4000000, 0x00000000c4000000, 0x00000000c4100000|  0%| F|  |TAMS 0x00000000c4000000, 0x00000000c4000000| Untracked 
|  43|0x00000000c4100000, 0x00000000c4100000, 0x00000000c4200000|  0%| F|  |TAMS 0x00000000c4100000, 0x00000000c4100000| Untracked 
|  44|0x00000000c4200000, 0x00000000c4200000, 0x00000000c4300000|  0%| F|  |TAMS 0x00000000c4200000, 0x00000000c4200000| Untracked 
|  45|0x00000000c4300000, 0x00000000c4300000, 0x00000000c4400000|  0%| F|  |TAMS 0x00000000c4300000, 0x00000000c4300000| Untracked 
|  46|0x00000000c4400000, 0x00000000c4400000, 0x00000000c4500000|  0%| F|  |TAMS 0x00000000c4400000, 0x00000000c4400000| Untracked 
|  47|0x00000000c4500000, 0x00000000c4500000, 0x00000000c4600000|  0%| F|  |TAMS 0x00000000c4500000, 0x00000000c4500000| Untracked 
|  48|0x00000000c4600000, 0x00000000c4600000, 0x00000000c4700000|  0%| F|  |TAMS 0x00000000c4600000, 0x00000000c4600000| Untracked 
|  49|0x00000000c4700000, 0x00000000c4700000, 0x00000000c4800000|  0%| F|  |TAMS 0x00000000c4700000, 0x00000000c4700000| Untracked 
|  50|0x00000000c4800000, 0x00000000c4800000, 0x00000000c4900000|  0%| F|  |TAMS 0x00000000c4800000, 0x00000000c4800000| Untracked 
|  51|0x00000000c4900000, 0x00000000c4900000, 0x00000000c4a00000|  0%| F|  |TAMS 0x00000000c4900000, 0x00000000c4900000| Untracked 
|  52|0x00000000c4a00000, 0x00000000c4a00000, 0x00000000c4b00000|  0%| F|  |TAMS 0x00000000c4a00000, 0x00000000c4a00000| Untracked 
|  53|0x00000000c4b00000, 0x00000000c4b00000, 0x00000000c4c00000|  0%| F|  |TAMS 0x00000000c4b00000, 0x00000000c4b00000| Untracked 
|  54|0x00000000c4c00000, 0x00000000c4c00000, 0x00000000c4d00000|  0%| F|  |TAMS 0x00000000c4c00000, 0x00000000c4c00000| Untracked 
|  55|0x00000000c4d00000, 0x00000000c4d00000, 0x00000000c4e00000|  0%| F|  |TAMS 0x00000000c4d00000, 0x00000000c4d00000| Untracked 
|  56|0x00000000c4e00000, 0x00000000c4e00000, 0x00000000c4f00000|  0%| F|  |TAMS 0x00000000c4e00000, 0x00000000c4e00000| Untracked 
|  57|0x00000000c4f00000, 0x00000000c4f00000, 0x00000000c5000000|  0%| F|  |TAMS 0x00000000c4f00000, 0x00000000c4f00000| Untracked 
|  58|0x00000000c5000000, 0x00000000c5000000, 0x00000000c5100000|  0%| F|  |TAMS 0x00000000c5000000, 0x00000000c5000000| Untracked 
|  59|0x00000000c5100000, 0x00000000c5100000, 0x00000000c5200000|  0%| F|  |TAMS 0x00000000c5100000, 0x00000000c5100000| Untracked 
|  60|0x00000000c5200000, 0x00000000c5200000, 0x00000000c5300000|  0%| F|  |TAMS 0x00000000c5200000, 0x00000000c5200000| Untracked 
|  61|0x00000000c5300000, 0x00000000c538fe18, 0x00000000c5400000| 56%| E|  |TAMS 0x00000000c5300000, 0x00000000c5300000| Complete 
|  62|0x00000000c5400000, 0x00000000c5500000, 0x00000000c5500000|100%| E|CS|TAMS 0x00000000c5400000, 0x00000000c5400000| Complete 
|  63|0x00000000c5500000, 0x00000000c5600000, 0x00000000c5600000|100%| E|CS|TAMS 0x00000000c5500000, 0x00000000c5500000| Complete 

Card table byte_map: [0x000001d1b0770000,0x000001d1b0970000] _byte_map_base: 0x000001d1b0165000

Marking Bits (Prev, Next): (CMBitMap*) 0x000001d1990a1f78, (CMBitMap*) 0x000001d1990a1fb8
 Prev Bits: [0x000001d1b0b70000, 0x000001d1b1b18000)
 Next Bits: [0x000001d1b1b20000, 0x000001d1b2ac8000)

Polling page: 0x000001d196ff0000

Metaspace:

Usage:
  Non-class:      6.11 MB capacity,     6.04 MB ( 99%) used,    73.66 KB (  1%) free+waste,     4.69 KB ( <1%) overhead. 
      Class:    641.00 KB capacity,   596.70 KB ( 93%) used,    42.05 KB (  7%) free+waste,     2.25 KB ( <1%) overhead. 
       Both:      6.74 MB capacity,     6.62 MB ( 98%) used,   115.72 KB (  2%) free+waste,     6.94 KB ( <1%) overhead. 

Virtual space:
  Non-class space:        8.00 MB reserved,       6.25 MB ( 78%) committed 
      Class space:        1.00 GB reserved,     768.00 KB ( <1%) committed 
             Both:        1.01 GB reserved,       7.00 MB ( <1%) committed 

Chunk freelists:
   Non-Class:  11.00 KB
       Class:  0 bytes
        Both:  11.00 KB

MaxMetaspaceSize: 17179869184.00 GB
CompressedClassSpaceSize: 1.00 GB

CodeHeap 'non-profiled nmethods': size=120000Kb used=83Kb max_used=83Kb free=119916Kb
 bounds [0x000001d1a9040000, 0x000001d1a92b0000, 0x000001d1b0570000]
CodeHeap 'profiled nmethods': size=120000Kb used=319Kb max_used=319Kb free=119680Kb
 bounds [0x000001d1a1b10000, 0x000001d1a1d80000, 0x000001d1a9040000]
CodeHeap 'non-nmethods': size=5760Kb used=1113Kb max_used=1127Kb free=4646Kb
 bounds [0x000001d1a1570000, 0x000001d1a17e0000, 0x000001d1a1b10000]
 total_blobs=939 nmethods=267 adapters=257
 compilation: enabled
              stopped_count=0, restarted_count=0
 full_count=0

Compilation events (20 events):
Event: 2.229 Thread 0x000001d1b5a15000 nmethod 250 0x000001d1a9053610 code [0x000001d1a90537a0, 0x000001d1a90538b8]
Event: 2.231 Thread 0x000001d1b5a15000  254       3       java.lang.invoke.LambdaForm$BasicType::basicType (19 bytes)
Event: 2.231 Thread 0x000001d1b5a15000 nmethod 254 0x000001d1a1b5c090 code [0x000001d1a1b5c260, 0x000001d1a1b5c500]
Event: 2.231 Thread 0x000001d1b5a15000  255       3       java.lang.invoke.LambdaForm$Name::<init> (54 bytes)
Event: 2.231 Thread 0x000001d1b5a15000 nmethod 255 0x000001d1a1b5c610 code [0x000001d1a1b5c7c0, 0x000001d1a1b5cad8]
Event: 2.231 Thread 0x000001d1b5a15000  257       3       jdk.internal.org.objectweb.asm.Frame::push (109 bytes)
Event: 2.231 Thread 0x000001d1b5a15000 nmethod 257 0x000001d1a1b5cb90 code [0x000001d1a1b5cd60, 0x000001d1a1b5d330]
Event: 2.231 Thread 0x000001d1b5a15000  260       3       java.lang.invoke.LambdaForm$Name::useCount (42 bytes)
Event: 2.232 Thread 0x000001d1b5a15000 nmethod 260 0x000001d1a1b5d510 code [0x000001d1a1b5d6c0, 0x000001d1a1b5da18]
Event: 2.232 Thread 0x000001d1b5a15000  261       3       java.lang.invoke.LambdaForm$NamedFunction::methodType (23 bytes)
Event: 2.232 Thread 0x000001d1b5a15000 nmethod 261 0x000001d1a1b5db90 code [0x000001d1a1b5dd40, 0x000001d1a1b5dfd0]
Event: 2.233 Thread 0x000001d1b5a15000  262       3       java.lang.invoke.LambdaForm::parameter (52 bytes)
Event: 2.233 Thread 0x000001d1b5a15000 nmethod 262 0x000001d1a1b5e090 code [0x000001d1a1b5e240, 0x000001d1a1b5e3f8]
Event: 2.233 Thread 0x000001d1b5a15000  263       3       jdk.internal.org.objectweb.asm.MethodWriter::visitVarInsn (302 bytes)
Event: 2.235 Thread 0x000001d1b5a15000 nmethod 263 0x000001d1a1b5e510 code [0x000001d1a1b5e780, 0x000001d1a1b5f170]
Event: 2.235 Thread 0x000001d1b5a15000  264       3       java.util.Arrays::equals (57 bytes)
Event: 2.236 Thread 0x000001d1b5a15000 nmethod 264 0x000001d1a1b5f410 code [0x000001d1a1b5f600, 0x000001d1a1b5fbd0]
Event: 2.236 Thread 0x000001d1b5a15000  266       3       jdk.internal.org.objectweb.asm.Frame::execute (2305 bytes)
Event: 2.236 Thread 0x000001d1b510c800  270       4       jdk.internal.org.objectweb.asm.SymbolTable::get (13 bytes)
Event: 2.238 Thread 0x000001d1b510c800 nmethod 270 0x000001d1a9054490 code [0x000001d1a9054620, 0x000001d1a90546d8]

GC Heap History (0 events):
No events

Deoptimization events (4 events):
Event: 1.033 Thread 0x000001d196ede000 Uncommon trap: trap_request=0xffffff45 fr.pc=0x000001d1a90444b0 relative=0x0000000000000190
Event: 1.033 Thread 0x000001d196ede000 Uncommon trap: reason=unstable_if action=reinterpret pc=0x000001d1a90444b0 method=java.lang.String.hashCode()I @ 42 c2
Event: 1.033 Thread 0x000001d196ede000 DEOPT PACKING pc=0x000001d1a90444b0 sp=0x0000007fc51fe0a0
Event: 1.033 Thread 0x000001d196ede000 DEOPT UNPACKING pc=0x000001d1a15b912f sp=0x0000007fc51fe038 mode 2

Classes unloaded (0 events):
No events

Classes redefined (0 events):
No events

Internal exceptions (2 events):
Event: 2.087 Thread 0x000001d196ede000 Exception <a 'java/lang/ClassNotFoundException'{0x00000000c53015d0}: sun/awt/resources/spi/awtProvider> (0x00000000c53015d0) 
thrown [t:/workspace/open/src/hotspot/share/classfile/systemDictionary.cpp, line 232]
Event: 2.232 Thread 0x000001d196ede000 Exception <a 'java/io/FileNotFoundException'{0x00000000c5356d18}> (0x00000000c5356d18) 
thrown [t:/workspace/open/src/hotspot/share/prims/jni.cpp, line 598]

Events (20 events):
Event: 2.229 loading class java/util/SortedMap
Event: 2.229 loading class java/util/SortedMap done
Event: 2.229 loading class java/util/NavigableMap done
Event: 2.229 loading class java/util/TreeMap done
Event: 2.229 loading class java/lang/invoke/LambdaFormEditor$1
Event: 2.230 loading class java/lang/invoke/LambdaFormEditor$1 done
Event: 2.230 loading class java/util/TreeMap$Entry
Event: 2.230 loading class java/util/TreeMap$Entry done
Event: 2.230 loading class java/util/TreeMap$EntrySet
Event: 2.230 loading class java/util/TreeMap$EntrySet done
Event: 2.230 loading class java/util/TreeMap$EntryIterator
Event: 2.230 loading class java/util/TreeMap$PrivateEntryIterator
Event: 2.230 loading class java/util/TreeMap$PrivateEntryIterator done
Event: 2.230 loading class java/util/TreeMap$EntryIterator done
Event: 2.232 loading class java/io/FileNotFoundException
Event: 2.232 loading class java/io/IOException
Event: 2.232 loading class java/io/IOException done
Event: 2.232 loading class java/io/FileNotFoundException done
Event: 2.238 loading class java/lang/invoke/BoundMethodHandle$Species_LLLLLLLL
Event: 2.238 loading class java/lang/invoke/BoundMethodHandle$Species_LLLLLLLL done


Dynamic libraries:
0x00007ff70ccc0000 - 0x00007ff70cccf000 	C:\Program Files\Java\jdk-13.0.2\bin\javaw.exe
0x00007ff900680000 - 0x00007ff900870000 	C:\Windows\SYSTEM32\ntdll.dll
0x00007ff8fefb0000 - 0x00007ff8ff062000 	C:\Windows\System32\KERNEL32.DLL
0x00007ff8fe200000 - 0x00007ff8fe4a5000 	C:\Windows\System32\KERNELBASE.dll
0x00007ff8fde30000 - 0x00007ff8fdf2a000 	C:\Windows\System32\ucrtbase.dll
0x00007ff8f9eb0000 - 0x00007ff8f9ec5000 	C:\Program Files\Java\jdk-13.0.2\bin\VCRUNTIME140.dll
0x00007ff8e2c10000 - 0x00007ff8e2c28000 	C:\Program Files\Java\jdk-13.0.2\bin\jli.dll
0x00007ff8ff4e0000 - 0x00007ff8ff583000 	C:\Windows\System32\ADVAPI32.dll
0x00007ff8fe700000 - 0x00007ff8fe79e000 	C:\Windows\System32\msvcrt.dll
0x00007ff8fe7a0000 - 0x00007ff8fe837000 	C:\Windows\System32\sechost.dll
0x00007ff8fe980000 - 0x00007ff8fea9f000 	C:\Windows\System32\RPCRT4.dll
0x00007ff8ff290000 - 0x00007ff8ff424000 	C:\Windows\System32\USER32.dll
0x00007ff8fe510000 - 0x00007ff8fe531000 	C:\Windows\System32\win32u.dll
0x00007ff8eeec0000 - 0x00007ff8ef144000 	C:\Windows\WinSxS\amd64_microsoft.windows.common-controls_6595b64144ccf1df_6.0.18362.1556_none_9e7e372fe45e41d5\COMCTL32.dll
0x00007ff900100000 - 0x00007ff900126000 	C:\Windows\System32\GDI32.dll
0x00007ff8ff590000 - 0x00007ff8ff8c6000 	C:\Windows\System32\combase.dll
0x00007ff8fe540000 - 0x00007ff8fe6d8000 	C:\Windows\System32\gdi32full.dll
0x00007ff8fd5c0000 - 0x00007ff8fd65e000 	C:\Windows\System32\msvcp_win.dll
0x00007ff8fe140000 - 0x00007ff8fe1c1000 	C:\Windows\System32\bcryptPrimitives.dll
0x00007ff8ef180000 - 0x00007ff8ef18a000 	C:\Windows\SYSTEM32\VERSION.dll
0x00007ff8feb60000 - 0x00007ff8feb8e000 	C:\Windows\System32\IMM32.DLL
0x00007ff8c1050000 - 0x00007ff8c10eb000 	C:\Program Files\Java\jdk-13.0.2\bin\msvcp140.dll
0x00007ff8ab4e0000 - 0x00007ff8ac03d000 	C:\Program Files\Java\jdk-13.0.2\bin\server\jvm.dll
0x00007ff8feb50000 - 0x00007ff8feb58000 	C:\Windows\System32\PSAPI.DLL
0x00007ff8fa180000 - 0x00007ff8fa1a4000 	C:\Windows\SYSTEM32\WINMM.dll
0x00007ff8e5f10000 - 0x00007ff8e5f19000 	C:\Windows\SYSTEM32\WSOCK32.dll
0x00007ff9005a0000 - 0x00007ff90060f000 	C:\Windows\System32\WS2_32.dll
0x00007ff8fa150000 - 0x00007ff8fa17d000 	C:\Windows\SYSTEM32\WINMMBASE.dll
0x00007ff8fd660000 - 0x00007ff8fd6aa000 	C:\Windows\System32\cfgmgr32.dll
0x00007ff8fd5a0000 - 0x00007ff8fd5b1000 	C:\Windows\System32\kernel.appcore.dll
0x00007ff8e21a0000 - 0x00007ff8e21b0000 	C:\Program Files\Java\jdk-13.0.2\bin\verify.dll
0x00007ff8ee820000 - 0x00007ff8eea14000 	C:\Windows\SYSTEM32\DBGHELP.DLL
0x00007ff8ee480000 - 0x00007ff8ee4aa000 	C:\Windows\SYSTEM32\dbgcore.DLL
0x00007ff8e1900000 - 0x00007ff8e1926000 	C:\Program Files\Java\jdk-13.0.2\bin\java.dll
0x00007ff8e18e0000 - 0x00007ff8e18f7000 	C:\Program Files\Java\jdk-13.0.2\bin\zip.dll
0x00007ff8e1b30000 - 0x00007ff8e1b3a000 	C:\Program Files\Java\jdk-13.0.2\bin\jimage.dll
0x00007ff8ff930000 - 0x00007ff900017000 	C:\Windows\System32\SHELL32.dll
0x00007ff8feaa0000 - 0x00007ff8feb48000 	C:\Windows\System32\shcore.dll
0x00007ff8fd6b0000 - 0x00007ff8fde2b000 	C:\Windows\System32\windows.storage.dll
0x00007ff8fd580000 - 0x00007ff8fd59e000 	C:\Windows\System32\profapi.dll
0x00007ff8fd510000 - 0x00007ff8fd55a000 	C:\Windows\System32\powrprof.dll
0x00007ff8fd500000 - 0x00007ff8fd510000 	C:\Windows\System32\UMPDC.dll
0x00007ff8ff8d0000 - 0x00007ff8ff922000 	C:\Windows\System32\shlwapi.dll
0x00007ff8fe6e0000 - 0x00007ff8fe6f7000 	C:\Windows\System32\cryptsp.dll
0x00007ff8e0e40000 - 0x00007ff8e0e59000 	C:\Program Files\Java\jdk-13.0.2\bin\net.dll
0x00007ff8f3980000 - 0x00007ff8f3a7a000 	C:\Windows\SYSTEM32\WINHTTP.dll
0x00007ff8fcd40000 - 0x00007ff8fcda7000 	C:\Windows\system32\mswsock.dll
0x00007ff8d8810000 - 0x00007ff8d8823000 	C:\Program Files\Java\jdk-13.0.2\bin\nio.dll
0x00007ff8bfcd0000 - 0x00007ff8bfe69000 	C:\Program Files\Java\jdk-13.0.2\bin\awt.dll
0x00007ff8feee0000 - 0x00007ff8fefa5000 	C:\Windows\System32\OLEAUT32.dll
0x00007ff8fb660000 - 0x00007ff8fb6ef000 	C:\Windows\SYSTEM32\apphelp.dll

dbghelp: loaded successfully - version: 4.0.5 - missing functions: none
symbol engine: initialized successfully - sym options: 0x614 - pdb path: .;C:\Program Files\Java\jdk-13.0.2\bin;C:\Windows\SYSTEM32;C:\Windows\WinSxS\amd64_microsoft.windows.common-controls_6595b64144ccf1df_6.0.18362.1556_none_9e7e372fe45e41d5;C:\Program Files\Java\jdk-13.0.2\bin\server

VM Arguments:
jvm_args: -Dfile.encoding=Cp1252 
java_command: Application.Home
java_class_path (initial): C:\Users\User\git\bakame\DriveOperations\target\classes;C:\Users\User\Desktop\Libraries\jgoodies-common-1.8.0.jar;C:\Users\User\Desktop\Libraries\jgoodies-forms-1.8.0.jar;C:\Users\User\Desktop\Libraries\miglayout15-swing.jar;C:\Users\User\Downloads\javax.mail.jar;C:\Users\User\Downloads\activation-1.1.1.jar;C:\Users\User\Downloads\jcalendar-1.4.jar;C:\Users\User\Downloads\jfreechart-1.0.19\lib\jcommon-1.0.23.jar;C:\Users\User\Downloads\jfreechart-1.0.19\lib\jfreechart-1.0.19.jar;C:\Users\User\Downloads\commons-net-3.8.0\commons-net-3.8.0.jar;C:\Users\User\Documents\Libs\comm-2.0.jar;C:\Users\User\Documents\Libs\http-2.2.1.jar;C:\Users\User\Downloads\JTattoo-1.6.13.jar;C:\Users\User\Desktop\Libs\jmespath-java-1.11.470.jar;C:\Users\User\Desktop\Libs\aws-java-sdk-core-1.12.65.jar;C:\Users\User\Desktop\Libs\aws-java-sdk-kms-1.12.65.jar;C:\Users\User\Desktop\Libs\aws-java-sdk-s3-1.12.65.jar;C:\Users\User\Desktop\Libs\commons-codec-1.15.jar;C:\Users\User\Desktop\Libs\commons-logging-1.1.3.jar;C:\Users\User\Desktop\Libs\httpclient-4.5.13.jar;C:\Users\User\Desktop\Libs\ion-java-1.0.2.jar;C:\Users\User\Desktop\Libs\jackson-annotations-2.12.3.jar;C:\Users\User\Desktop\Libs\jackson-core-2.12.3.jar;C:\Users\User\Desktop\Libs\jackson-databind-2.12.3.jar;C:\Users\User\Desktop\Libs\jackson-dataformat-cbor-2.12.3.jar;C:\Users\User\Desktop\Libs\jmespath-java-1.12.65.jar;C:\Users\User\Desktop\Libs\joda-time-2.8.1.jar;C:\Users\User\Desktop\Libs\mysql-connector-java-5.1.45.jar;C:\Users\User\.m2\repository\com\amazonaws\aws-java-sdk-s3\1.12.65\aws-java-sdk-s3-1.12.65.jar;C:\Users\User\.m2\repository\com\amazonaws\aws-java-sdk-kms\1.12.65\aws-java-sdk-kms-1.12.65.jar;C:\Users\User\.m2\repository\com\amazonaws\aws-java-sdk-core\1.12.65\aws-java-sdk-core-1.12.65.jar;C:\Users\User\.m2\repository\commons-logging\commons-logging\1.1.3\commons-logging-1.1.3.jar;C:\Users\User\.m2\repository\commons-codec\commons-codec\1.15\commons-codec-1.15.jar;C:\Users\User\.m2\re
Launcher Type: SUN_STANDARD

[Global flags]
     intx CICompilerCount                          = 3                                         {product} {ergonomic}
     uint ConcGCThreads                            = 1                                         {product} {ergonomic}
     uint G1ConcRefinementThreads                  = 4                                         {product} {ergonomic}
   size_t G1HeapRegionSize                         = 1048576                                   {product} {ergonomic}
    uintx GCDrainStackTargetSize                   = 64                                        {product} {ergonomic}
   size_t InitialHeapSize                          = 67108864                                  {product} {ergonomic}
   size_t MarkStackSize                            = 4194304                                   {product} {ergonomic}
   size_t MaxHeapSize                              = 1050673152                                {product} {ergonomic}
   size_t MaxNewSize                               = 630194176                                 {product} {ergonomic}
   size_t MinHeapDeltaBytes                        = 1048576                                   {product} {ergonomic}
   size_t MinHeapSize                              = 8388608                                   {product} {ergonomic}
    uintx NonNMethodCodeHeapSize                   = 5832780                                {pd product} {ergonomic}
    uintx NonProfiledCodeHeapSize                  = 122912730                              {pd product} {ergonomic}
    uintx ProfiledCodeHeapSize                     = 122912730                              {pd product} {ergonomic}
    uintx ReservedCodeCacheSize                    = 251658240                              {pd product} {ergonomic}
     bool SegmentedCodeCache                       = true                                      {product} {ergonomic}
   size_t SoftMaxHeapSize                          = 1050673152                             {manageable} {ergonomic}
     bool UseCompressedClassPointers               = true                                 {lp64_product} {ergonomic}
     bool UseCompressedOops                        = true                                 {lp64_product} {ergonomic}
     bool UseG1GC                                  = true                                      {product} {ergonomic}
     bool UseLargePagesIndividualAllocation        = false                                  {pd product} {ergonomic}

Logging:
Log output configuration:
 #0: stdout all=warning uptime,level,tags
 #1: stderr all=off uptime,level,tags

Environment Variables:
JAVA_HOME=C:\Program Files (x86)\Java\jre1.8.0_241
PATH=C:\Program Files\Java\jdk-13.0.2\bin;C:\Program Files (x86)\Common Files\Oracle\Java\javapath;C:\Windows\system32;C:\Windows;C:\Windows\System32\Wbem;C:\Windows\System32\WindowsPowerShell\v1.0\;C:\Windows\System32\OpenSSH\;C:\Program Files (x86)\apache-maven-3.8.1\bin;C:\Program Files (x86)\gradle-7.1.1\bin;C:\Users\User\Documents\Setup logiciels\mongosh-1.1.2-win32-x64\bin;C:\Program Files\Git\cmd;C:\Program Files\MySQL\MySQL Shell 8.0\bin\;C:\Users\User\AppData\Local\Microsoft\WindowsApps;C:\Users\User\AppData\Local\Programs\Microsoft VS Code\bin;C:\Program Files (x86)\gradle-7.1.1\bin;C:\Users\User\Downloads\platform-tools;C:\Users\User\Documents\Setup logiciels\mongosh-1.1.2-win32-x64\bin;C:\Users\User\AppData\Local\GitHubDesktop\bin;C:\Program Files\JetBrains\IntelliJ IDEA 2022.1.1\bin;
USERNAME=User
OS=Windows_NT
PROCESSOR_IDENTIFIER=Intel64 Family 6 Model 42 Stepping 7, GenuineIntel



---------------  S Y S T E M  ---------------

OS: Windows 10 , 64 bit Build 18362 (10.0.18362.1500)

CPU:total 4 (initial active 4) (2 cores per cpu, 2 threads per core) family 6 model 42 stepping 7, cmov, cx8, fxsr, mmx, sse, sse2, sse3, ssse3, sse4.1, sse4.2, popcnt, avx, aes, clmul, ht, tsc, tscinvbit

Memory: 4k page, system-wide physical 4006M (338M free)
TotalPageFile size 16294M (AvailPageFile size 0M)
current process WorkingSet (physical memory assigned to process): 34M, peak: 34M
current process commit charge ("private bytes"): 134M, peak: 134M

vm_info: Java HotSpot(TM) 64-Bit Server VM (13.0.2+8) for windows-amd64 JRE (13.0.2+8), built on Dec 11 2019 09:20:33 by "mach5one" with unknown MS VC++:1916

END.
