#
# There is insufficient memory for the Java Runtime Environment to continue.
# Native memory allocation (mmap) failed to map 117440512 bytes for Failed to commit area from 0x00000000c5600000 to 0x00000000cc600000 of length 117440512.
# Possible reasons:
#   The system is out of physical RAM or swap space
#   The process is running with CompressedOops enabled, and the Java Heap may be blocking the growth of the native heap
# Possible solutions:
#   Reduce memory load on the system
#   Increase physical memory or swap space
#   Check if swap backing store is full
#   Decrease Java heap size (-Xmx/-Xms)
#   Decrease number of Java threads
#   Decrease Java thread stack sizes (-Xss)
#   Set larger code cache with -XX:ReservedCodeCacheSize=
#   JVM is running with Unscaled Compressed Oops mode in which the Java heap is
#     placed in the first 4GB address space. The Java Heap base address is the
#     maximum limit for the native heap growth. Please use -XX:HeapBaseMinAddress
#     to set the Java Heap base and to place the Java Heap above 4GB virtual address.
# This output file may be truncated or incomplete.
#
#  Out of Memory Error (t:/workspace/open/src/hotspot/os/windows/os_windows.cpp:3301), pid=10448, tid=10580
#
# JRE version: Java(TM) SE Runtime Environment (13.0.2+8) (build 13.0.2+8)
# Java VM: Java HotSpot(TM) 64-Bit Server VM (13.0.2+8, mixed mode, sharing, tiered, compressed oops, g1 gc, windows-amd64)
# No core dump will be written. Minidumps are not enabled by default on client versions of Windows
#

---------------  S U M M A R Y ------------

Command Line: -Dfile.encoding=Cp1252 Application.Home

Host: Intel(R) Core(TM) i5-2520M CPU @ 2.50GHz, 4 cores, 3G,  Windows 10 , 64 bit Build 18362 (10.0.18362.1316)
Time: Tue Mar 19 10:46:43 2019 South Africa Standard Time elapsed time: 2 seconds (0d 0h 0m 2s)

---------------  T H R E A D  ---------------

Current thread (0x000001cfdb039000):  JavaThread "Image Fetcher 0" daemon [_thread_in_vm, id=10580, stack(0x0000004bc0b00000,0x0000004bc0c00000)]

Stack: [0x0000004bc0b00000,0x0000004bc0c00000]
Native frames: (J=compiled Java code, j=interpreted, Vv=VM code, C=native code)
V  [jvm.dll+0x624f9a]
V  [jvm.dll+0x770cfa]
V  [jvm.dll+0x7724af]
V  [jvm.dll+0x772ab3]
V  [jvm.dll+0x24bf08]
V  [jvm.dll+0x6222aa]
V  [jvm.dll+0x6170b5]
V  [jvm.dll+0x30a88c]
V  [jvm.dll+0x30a6c2]
V  [jvm.dll+0x30fe36]
V  [jvm.dll+0x353f46]
V  [jvm.dll+0x353720]
V  [jvm.dll+0x2e5d5e]
V  [jvm.dll+0x2e16ff]
V  [jvm.dll+0x5be8b5]
V  [jvm.dll+0x5be33b]
V  [jvm.dll+0x1f48d5]
V  [jvm.dll+0x74b3a7]
V  [jvm.dll+0x3783ea]
C  0x000001cfc66ffd37

Java frames: (J=compiled Java code, j=interpreted, Vv=VM code)
j  java.awt.image.DataBufferInt.<init>(I)V+11 java.desktop@13.0.2
j  java.awt.image.Raster.createPackedRaster(III[ILjava/awt/Point;)Ljava/awt/image/WritableRaster;+69 java.desktop@13.0.2
j  java.awt.image.DirectColorModel.createCompatibleWritableRaster(II)Ljava/awt/image/WritableRaster;+83 java.desktop@13.0.2
j  sun.awt.image.ImageRepresentation.createBufferedImage()V+18 java.desktop@13.0.2
J 923 c1 sun.awt.image.ImageRepresentation.setPixels(IIIILjava/awt/image/ColorModel;[III)V java.desktop@13.0.2 (527 bytes) @ 0x000001cfc6e108ec [0x000001cfc6e10560+0x000000000000038c]
J 924 c1 sun.awt.image.ImageDecoder.setPixels(IIIILjava/awt/image/ColorModel;[III)I java.desktop@13.0.2 (58 bytes) @ 0x000001cfc6e1426c [0x000001cfc6e13d80+0x00000000000004ec]
J 913 c1 sun.awt.image.PNGImageDecoder.sendPixels(IIII[III)Z java.desktop@13.0.2 (44 bytes) @ 0x000001cfc6e0b804 [0x000001cfc6e0b6c0+0x0000000000000144]
j  sun.awt.image.PNGImageDecoder.produceImage()V+1728 java.desktop@13.0.2
j  sun.awt.image.InputStreamImageSource.doFetch()V+51 java.desktop@13.0.2
j  sun.awt.image.ImageFetcher.fetchloop()V+31 java.desktop@13.0.2
j  sun.awt.image.ImageFetcher.run()V+5 java.desktop@13.0.2
v  ~StubRoutines::call_stub

---------------  P R O C E S S  ---------------

Threads class SMR info:
_java_thread_list=0x000001cfdb114f30, length=17, elements={
0x000001cfda1cd800, 0x000001cfda1d2000, 0x000001cfda1ea000, 0x000001cfda1eb800,
0x000001cfda1ec800, 0x000001cfda1fe800, 0x000001cfda207800, 0x000001cfdac43000,
0x000001cfdac4a000, 0x000001cfdafa0800, 0x000001cfdafa5000, 0x000001cfdafa6800,
0x000001cfdafb3800, 0x000001cfbc14e000, 0x000001cfdb039000, 0x000001cfdb07a800,
0x000001cfdb37f800
}

Java Threads: ( => current thread )
  0x000001cfda1cd800 JavaThread "Reference Handler" daemon [_thread_blocked, id=2840, stack(0x0000004bbfd00000,0x0000004bbfe00000)]
  0x000001cfda1d2000 JavaThread "Finalizer" daemon [_thread_blocked, id=9460, stack(0x0000004bbfe00000,0x0000004bbff00000)]
  0x000001cfda1ea000 JavaThread "Signal Dispatcher" daemon [_thread_blocked, id=11272, stack(0x0000004bbff00000,0x0000004bc0000000)]
  0x000001cfda1eb800 JavaThread "Attach Listener" daemon [_thread_blocked, id=9952, stack(0x0000004bc0000000,0x0000004bc0100000)]
  0x000001cfda1ec800 JavaThread "C2 CompilerThread0" daemon [_thread_blocked, id=11016, stack(0x0000004bc0100000,0x0000004bc0200000)]
  0x000001cfda1fe800 JavaThread "C1 CompilerThread0" daemon [_thread_blocked, id=5392, stack(0x0000004bc0200000,0x0000004bc0300000)]
  0x000001cfda207800 JavaThread "Sweeper thread" daemon [_thread_blocked, id=5896, stack(0x0000004bc0300000,0x0000004bc0400000)]
  0x000001cfdac43000 JavaThread "Service Thread" daemon [_thread_blocked, id=8488, stack(0x0000004bc0400000,0x0000004bc0500000)]
  0x000001cfdac4a000 JavaThread "Common-Cleaner" daemon [_thread_blocked, id=8280, stack(0x0000004bc0600000,0x0000004bc0700000)]
  0x000001cfdafa0800 JavaThread "Java2D Disposer" daemon [_thread_blocked, id=10140, stack(0x0000004bc0700000,0x0000004bc0800000)]
  0x000001cfdafa5000 JavaThread "AWT-Shutdown" [_thread_blocked, id=12104, stack(0x0000004bc0800000,0x0000004bc0900000)]
  0x000001cfdafa6800 JavaThread "AWT-Windows" daemon [_thread_in_native, id=8552, stack(0x0000004bc0900000,0x0000004bc0a00000)]
  0x000001cfdafb3800 JavaThread "AWT-EventQueue-0" [_thread_blocked, id=10740, stack(0x0000004bc0a00000,0x0000004bc0b00000)]
  0x000001cfbc14e000 JavaThread "DestroyJavaVM" [_thread_blocked, id=1580, stack(0x0000004bbf600000,0x0000004bbf700000)]
=>0x000001cfdb039000 JavaThread "Image Fetcher 0" daemon [_thread_in_vm, id=10580, stack(0x0000004bc0b00000,0x0000004bc0c00000)]
  0x000001cfdb07a800 JavaThread "TimerQueue" daemon [_thread_blocked, id=11516, stack(0x0000004bc1000000,0x0000004bc1100000)]
  0x000001cfdb37f800 JavaThread "C2 CompilerThread1" daemon [_thread_blocked, id=12152, stack(0x0000004bc1100000,0x0000004bc1200000)]

Other Threads:
  0x000001cfbe2ae800 VMThread "VM Thread" [stack: 0x0000004bbfc00000,0x0000004bbfd00000] [id=6868]
  0x000001cfdac47000 WatcherThread [stack: 0x0000004bc0500000,0x0000004bc0600000] [id=11676]
  0x000001cfbe211000 GCTaskThread "GC Thread#0" [stack: 0x0000004bbf700000,0x0000004bbf800000] [id=11872]
  0x000001cfdb088800 GCTaskThread "GC Thread#1" [stack: 0x0000004bc0c00000,0x0000004bc0d00000] [id=10572]
  0x000001cfdb089800 GCTaskThread "GC Thread#2" [stack: 0x0000004bc0d00000,0x0000004bc0e00000] [id=6740]
  0x000001cfdb08a000 GCTaskThread "GC Thread#3" [stack: 0x0000004bc0e00000,0x0000004bc0f00000] [id=1876]
  0x000001cfbe21c000 ConcurrentGCThread "G1 Main Marker" [stack: 0x0000004bbf800000,0x0000004bbf900000] [id=9792]
  0x000001cfbe21d000 ConcurrentGCThread "G1 Conc#0" [stack: 0x0000004bbf900000,0x0000004bbfa00000] [id=3108]
  0x000001cfbe275000 ConcurrentGCThread "G1 Refine#0" [stack: 0x0000004bbfa00000,0x0000004bbfb00000] [id=6328]
  0x000001cfdad44000 ConcurrentGCThread "G1 Refine#1" [stack: 0x0000004bc0f00000,0x0000004bc1000000] [id=10620]
  0x000001cfbe278800 ConcurrentGCThread "G1 Young RemSet Sampling" [stack: 0x0000004bbfb00000,0x0000004bbfc00000] [id=10840]

Threads with active compile tasks:

VM state:not at safepoint (normal execution)

VM Mutex/Monitor currently owned by a thread:  ([mutex/lock_event])
[0x000001cfbc14a5c0] Heap_lock - owner thread: 0x000001cfdb039000

Heap address: 0x00000000c1600000, size: 1002 MB, Compressed Oops mode: 32-bit
Narrow klass base: 0x0000000800000000, Narrow klass shift: 3
Compressed class space size: 1073741824 Address: 0x0000000800b40000

Heap:
 garbage-first heap   total 180224K, used 5234K [0x00000000c1600000, 0x0000000100000000)
  region size 1024K, 2 young (2048K), 2 survivors (2048K)
 Metaspace       used 11830K, capacity 12139K, committed 12288K, reserved 1060864K
  class space    used 1288K, capacity 1414K, committed 1536K, reserved 1048576K
Heap Regions: E=young(eden), S=young(survivor), O=old, HS=humongous(starts), HC=humongous(continues), CS=collection set, F=free, A=archive, TAMS=top-at-mark-start (previous, next)
|   0|0x00000000c1600000, 0x00000000c1700000, 0x00000000c1700000|100%| O|  |TAMS 0x00000000c1600000, 0x00000000c1700000| Untracked 
|   1|0x00000000c1700000, 0x00000000c1800000, 0x00000000c1800000|100%| O|  |TAMS 0x00000000c1700000, 0x00000000c1800000| Untracked 
|   2|0x00000000c1800000, 0x00000000c1900000, 0x00000000c1900000|100%| O|  |TAMS 0x00000000c1800000, 0x00000000c1900000| Untracked 
|   3|0x00000000c1900000, 0x00000000c192f000, 0x00000000c1a00000| 18%| O|  |TAMS 0x00000000c1900000, 0x00000000c192f000| Untracked 
|   4|0x00000000c1a00000, 0x00000000c1a00000, 0x00000000c1b00000|  0%| F|  |TAMS 0x00000000c1a00000, 0x00000000c1a00000| Untracked 
|   5|0x00000000c1b00000, 0x00000000c1b00000, 0x00000000c1c00000|  0%| F|  |TAMS 0x00000000c1b00000, 0x00000000c1b00000| Untracked 
|   6|0x00000000c1c00000, 0x00000000c1c00000, 0x00000000c1d00000|  0%| F|  |TAMS 0x00000000c1c00000, 0x00000000c1c00000| Untracked 
|   7|0x00000000c1d00000, 0x00000000c1d00000, 0x00000000c1e00000|  0%| F|  |TAMS 0x00000000c1d00000, 0x00000000c1d00000| Untracked 
|   8|0x00000000c1e00000, 0x00000000c1e00000, 0x00000000c1f00000|  0%| F|  |TAMS 0x00000000c1e00000, 0x00000000c1e00000| Untracked 
|   9|0x00000000c1f00000, 0x00000000c1f00000, 0x00000000c2000000|  0%| F|  |TAMS 0x00000000c1f00000, 0x00000000c1f00000| Untracked 
|  10|0x00000000c2000000, 0x00000000c2000000, 0x00000000c2100000|  0%| F|  |TAMS 0x00000000c2000000, 0x00000000c2000000| Untracked 
|  11|0x00000000c2100000, 0x00000000c2100000, 0x00000000c2200000|  0%| F|  |TAMS 0x00000000c2100000, 0x00000000c2100000| Untracked 
|  12|0x00000000c2200000, 0x00000000c2200000, 0x00000000c2300000|  0%| F|  |TAMS 0x00000000c2200000, 0x00000000c2200000| Untracked 
|  13|0x00000000c2300000, 0x00000000c2300000, 0x00000000c2400000|  0%| F|  |TAMS 0x00000000c2300000, 0x00000000c2300000| Untracked 
|  14|0x00000000c2400000, 0x00000000c2400000, 0x00000000c2500000|  0%| F|  |TAMS 0x00000000c2400000, 0x00000000c2400000| Untracked 
|  15|0x00000000c2500000, 0x00000000c2500000, 0x00000000c2600000|  0%| F|  |TAMS 0x00000000c2500000, 0x00000000c2500000| Untracked 
|  16|0x00000000c2600000, 0x00000000c2600000, 0x00000000c2700000|  0%| F|  |TAMS 0x00000000c2600000, 0x00000000c2600000| Untracked 
|  17|0x00000000c2700000, 0x00000000c2700000, 0x00000000c2800000|  0%| F|  |TAMS 0x00000000c2700000, 0x00000000c2700000| Untracked 
|  18|0x00000000c2800000, 0x00000000c2800000, 0x00000000c2900000|  0%| F|  |TAMS 0x00000000c2800000, 0x00000000c2800000| Untracked 
|  19|0x00000000c2900000, 0x00000000c2900000, 0x00000000c2a00000|  0%| F|  |TAMS 0x00000000c2900000, 0x00000000c2900000| Untracked 
|  20|0x00000000c2a00000, 0x00000000c2a00000, 0x00000000c2b00000|  0%| F|  |TAMS 0x00000000c2a00000, 0x00000000c2a00000| Untracked 
|  21|0x00000000c2b00000, 0x00000000c2b00000, 0x00000000c2c00000|  0%| F|  |TAMS 0x00000000c2b00000, 0x00000000c2b00000| Untracked 
|  22|0x00000000c2c00000, 0x00000000c2c00000, 0x00000000c2d00000|  0%| F|  |TAMS 0x00000000c2c00000, 0x00000000c2c00000| Untracked 
|  23|0x00000000c2d00000, 0x00000000c2d00000, 0x00000000c2e00000|  0%| F|  |TAMS 0x00000000c2d00000, 0x00000000c2d00000| Untracked 
|  24|0x00000000c2e00000, 0x00000000c2e00000, 0x00000000c2f00000|  0%| F|  |TAMS 0x00000000c2e00000, 0x00000000c2e00000| Untracked 
|  25|0x00000000c2f00000, 0x00000000c2f00000, 0x00000000c3000000|  0%| F|  |TAMS 0x00000000c2f00000, 0x00000000c2f00000| Untracked 
|  26|0x00000000c3000000, 0x00000000c3000000, 0x00000000c3100000|  0%| F|  |TAMS 0x00000000c3000000, 0x00000000c3000000| Untracked 
|  27|0x00000000c3100000, 0x00000000c3100000, 0x00000000c3200000|  0%| F|  |TAMS 0x00000000c3100000, 0x00000000c3100000| Untracked 
|  28|0x00000000c3200000, 0x00000000c3200000, 0x00000000c3300000|  0%| F|  |TAMS 0x00000000c3200000, 0x00000000c3200000| Untracked 
|  29|0x00000000c3300000, 0x00000000c3300000, 0x00000000c3400000|  0%| F|  |TAMS 0x00000000c3300000, 0x00000000c3300000| Untracked 
|  30|0x00000000c3400000, 0x00000000c3400000, 0x00000000c3500000|  0%| F|  |TAMS 0x00000000c3400000, 0x00000000c3400000| Untracked 
|  31|0x00000000c3500000, 0x00000000c3500000, 0x00000000c3600000|  0%| F|  |TAMS 0x00000000c3500000, 0x00000000c3500000| Untracked 
|  32|0x00000000c3600000, 0x00000000c3600000, 0x00000000c3700000|  0%| F|  |TAMS 0x00000000c3600000, 0x00000000c3600000| Untracked 
|  33|0x00000000c3700000, 0x00000000c3700000, 0x00000000c3800000|  0%| F|  |TAMS 0x00000000c3700000, 0x00000000c3700000| Untracked 
|  34|0x00000000c3800000, 0x00000000c3800000, 0x00000000c3900000|  0%| F|  |TAMS 0x00000000c3800000, 0x00000000c3800000| Untracked 
|  35|0x00000000c3900000, 0x00000000c3900000, 0x00000000c3a00000|  0%| F|  |TAMS 0x00000000c3900000, 0x00000000c3900000| Untracked 
|  36|0x00000000c3a00000, 0x00000000c3a00000, 0x00000000c3b00000|  0%| F|  |TAMS 0x00000000c3a00000, 0x00000000c3a00000| Untracked 
|  37|0x00000000c3b00000, 0x00000000c3b00000, 0x00000000c3c00000|  0%| F|  |TAMS 0x00000000c3b00000, 0x00000000c3b00000| Untracked 
|  38|0x00000000c3c00000, 0x00000000c3c00000, 0x00000000c3d00000|  0%| F|  |TAMS 0x00000000c3c00000, 0x00000000c3c00000| Untracked 
|  39|0x00000000c3d00000, 0x00000000c3d00000, 0x00000000c3e00000|  0%| F|  |TAMS 0x00000000c3d00000, 0x00000000c3d00000| Untracked 
|  40|0x00000000c3e00000, 0x00000000c3e00000, 0x00000000c3f00000|  0%| F|  |TAMS 0x00000000c3e00000, 0x00000000c3e00000| Untracked 
|  41|0x00000000c3f00000, 0x00000000c3f00000, 0x00000000c4000000|  0%| F|  |TAMS 0x00000000c3f00000, 0x00000000c3f00000| Untracked 
|  42|0x00000000c4000000, 0x00000000c4000000, 0x00000000c4100000|  0%| F|  |TAMS 0x00000000c4000000, 0x00000000c4000000| Untracked 
|  43|0x00000000c4100000, 0x00000000c4100000, 0x00000000c4200000|  0%| F|  |TAMS 0x00000000c4100000, 0x00000000c4100000| Untracked 
|  44|0x00000000c4200000, 0x00000000c4200000, 0x00000000c4300000|  0%| F|  |TAMS 0x00000000c4200000, 0x00000000c4200000| Untracked 
|  45|0x00000000c4300000, 0x00000000c4300000, 0x00000000c4400000|  0%| F|  |TAMS 0x00000000c4300000, 0x00000000c4300000| Untracked 
|  46|0x00000000c4400000, 0x00000000c4400000, 0x00000000c4500000|  0%| F|  |TAMS 0x00000000c4400000, 0x00000000c4400000| Untracked 
|  47|0x00000000c4500000, 0x00000000c4500000, 0x00000000c4600000|  0%| F|  |TAMS 0x00000000c4500000, 0x00000000c4500000| Untracked 
|  48|0x00000000c4600000, 0x00000000c4600000, 0x00000000c4700000|  0%| F|  |TAMS 0x00000000c4600000, 0x00000000c4600000| Untracked 
|  49|0x00000000c4700000, 0x00000000c4700000, 0x00000000c4800000|  0%| F|  |TAMS 0x00000000c4700000, 0x00000000c4700000| Untracked 
|  50|0x00000000c4800000, 0x00000000c4800000, 0x00000000c4900000|  0%| F|  |TAMS 0x00000000c4800000, 0x00000000c4800000| Untracked 
|  51|0x00000000c4900000, 0x00000000c4900000, 0x00000000c4a00000|  0%| F|  |TAMS 0x00000000c4900000, 0x00000000c4900000| Untracked 
|  52|0x00000000c4a00000, 0x00000000c4a00000, 0x00000000c4b00000|  0%| F|  |TAMS 0x00000000c4a00000, 0x00000000c4a00000| Untracked 
|  53|0x00000000c4b00000, 0x00000000c4b00000, 0x00000000c4c00000|  0%| F|  |TAMS 0x00000000c4b00000, 0x00000000c4b00000| Untracked 
|  54|0x00000000c4c00000, 0x00000000c4c00000, 0x00000000c4d00000|  0%| F|  |TAMS 0x00000000c4c00000, 0x00000000c4c00000| Untracked 
|  55|0x00000000c4d00000, 0x00000000c4d00000, 0x00000000c4e00000|  0%| F|  |TAMS 0x00000000c4d00000, 0x00000000c4d00000| Untracked 
|  56|0x00000000c4e00000, 0x00000000c4e00000, 0x00000000c4f00000|  0%| F|  |TAMS 0x00000000c4e00000, 0x00000000c4e00000| Untracked 
|  57|0x00000000c4f00000, 0x00000000c4f00000, 0x00000000c5000000|  0%| F|  |TAMS 0x00000000c4f00000, 0x00000000c4f00000| Untracked 
|  58|0x00000000c5000000, 0x00000000c5000000, 0x00000000c5100000|  0%| F|  |TAMS 0x00000000c5000000, 0x00000000c5000000| Untracked 
|  59|0x00000000c5100000, 0x00000000c5100000, 0x00000000c5200000|  0%| F|  |TAMS 0x00000000c5100000, 0x00000000c5100000| Untracked 
|  60|0x00000000c5200000, 0x00000000c52ed838, 0x00000000c5300000| 92%| S|CS|TAMS 0x00000000c5200000, 0x00000000c5200000| Complete 
|  61|0x00000000c5300000, 0x00000000c5400000, 0x00000000c5400000|100%| S|CS|TAMS 0x00000000c5300000, 0x00000000c5300000| Complete 
|  62|0x00000000c5400000, 0x00000000c5400000, 0x00000000c5500000|  0%| F|  |TAMS 0x00000000c5400000, 0x00000000c5400000| Untracked 
|  63|0x00000000c5500000, 0x00000000c5500000, 0x00000000c5600000|  0%| F|  |TAMS 0x00000000c5500000, 0x00000000c5500000| Untracked 

Card table byte_map: [0x000001cfd58e0000,0x000001cfd5ae0000] _byte_map_base: 0x000001cfd52d5000

Marking Bits (Prev, Next): (CMBitMap*) 0x000001cfbe212a08, (CMBitMap*) 0x000001cfbe212a48
 Prev Bits: [0x000001cfd5ce0000, 0x000001cfd6c88000)
 Next Bits: [0x000001cfd6c90000, 0x000001cfd7c38000)

Polling page: 0x000001cfbd9b0000

Metaspace:

Usage:
  Non-class:     10.47 MB capacity,    10.29 MB ( 98%) used,   156.39 KB (  1%) free+waste,    26.63 KB ( <1%) overhead. 
      Class:      1.38 MB capacity,     1.26 MB ( 91%) used,   110.37 KB (  8%) free+waste,    15.44 KB (  1%) overhead. 
       Both:     11.85 MB capacity,    11.55 MB ( 97%) used,   266.76 KB (  2%) free+waste,    42.06 KB ( <1%) overhead. 

Virtual space:
  Non-class space:       12.00 MB reserved,      10.50 MB ( 88%) committed 
      Class space:        1.00 GB reserved,       1.50 MB ( <1%) committed 
             Both:        1.01 GB reserved,      12.00 MB (  1%) committed 

Chunk freelists:
   Non-Class:  27.00 KB
       Class:  0 bytes
        Both:  27.00 KB

MaxMetaspaceSize: 17179869184.00 GB
CompressedClassSpaceSize: 1.00 GB

CodeHeap 'non-profiled nmethods': size=120000Kb used=756Kb max_used=756Kb free=119243Kb
 bounds [0x000001cfce1b0000, 0x000001cfce420000, 0x000001cfd56e0000]
CodeHeap 'profiled nmethods': size=120000Kb used=4762Kb max_used=4762Kb free=115237Kb
 bounds [0x000001cfc6c80000, 0x000001cfc7130000, 0x000001cfce1b0000]
CodeHeap 'non-nmethods': size=5760Kb used=1327Kb max_used=1342Kb free=4432Kb
 bounds [0x000001cfc66e0000, 0x000001cfc6950000, 0x000001cfc6c80000]
 total_blobs=3526 nmethods=2163 adapters=530
 compilation: enabled
              stopped_count=0, restarted_count=0
 full_count=0

Compilation events (20 events):
Event: 2.384 Thread 0x000001cfda1fe800 2215       3       jdk.internal.org.objectweb.asm.MethodWriter::visitMaxs (60 bytes)
Event: 2.384 Thread 0x000001cfda1fe800 nmethod 2215 0x000001cfc6cae790 code [0x000001cfc6cae960, 0x000001cfc6caec60]
Event: 2.384 Thread 0x000001cfda1fe800 2216       3       jdk.internal.org.objectweb.asm.MethodWriter::visitEnd (1 bytes)
Event: 2.385 Thread 0x000001cfda1fe800 nmethod 2216 0x000001cfc6d00d90 code [0x000001cfc6d00f20, 0x000001cfc6d01098]
Event: 2.385 Thread 0x000001cfda1fe800 2217       3       jdk.internal.org.objectweb.asm.MethodWriter::computeMethodInfoSize (704 bytes)
Event: 2.386 Thread 0x000001cfda1fe800 nmethod 2217 0x000001cfc7123410 code [0x000001cfc71237c0, 0x000001cfc7124b60]
Event: 2.386 Thread 0x000001cfda1fe800 2218       3       jdk.internal.org.objectweb.asm.MethodWriter::hasFrames (13 bytes)
Event: 2.386 Thread 0x000001cfda1fe800 nmethod 2218 0x000001cfc6ca4010 code [0x000001cfc6ca41c0, 0x000001cfc6ca4398]
Event: 2.386 Thread 0x000001cfda1fe800 2219       3       jdk.internal.org.objectweb.asm.MethodWriter::putMethodInfo (1431 bytes)
Event: 2.390 Thread 0x000001cfda1fe800 nmethod 2219 0x000001cfc7125310 code [0x000001cfc7125b00, 0x000001cfc7128870]
Event: 2.390 Thread 0x000001cfda1fe800 2220       3       jdk.internal.org.objectweb.asm.Handler::putExceptionTable (63 bytes)
Event: 2.391 Thread 0x000001cfda1fe800 nmethod 2220 0x000001cfc6ce1e90 code [0x000001cfc6ce20a0, 0x000001cfc6ce2570]
Event: 2.391 Thread 0x000001cfda1fe800 2221       3       java.lang.invoke.LambdaFormBuffer::changeName (149 bytes)
Event: 2.391 Thread 0x000001cfda1fe800 nmethod 2221 0x000001cfc6ccd710 code [0x000001cfc6ccd900, 0x000001cfc6ccded0]
Event: 2.391 Thread 0x000001cfda1fe800 2224 %     3       sun.awt.image.PNGImageDecoder::update_crc @ 3 (41 bytes)
Event: 2.391 Thread 0x000001cfda1fe800 nmethod 2224% 0x000001cfc6cb1010 code [0x000001cfc6cb11c0, 0x000001cfc6cb1478]
Event: 2.391 Thread 0x000001cfda1fe800 2225       3       sun.awt.image.PNGImageDecoder::update_crc (41 bytes)
Event: 2.392 Thread 0x000001cfda1fe800 nmethod 2225 0x000001cfc6c95290 code [0x000001cfc6c95440, 0x000001cfc6c95698]
Event: 2.392 Thread 0x000001cfdb37f800 2226 %     4       sun.awt.image.PNGImageDecoder::update_crc @ 3 (41 bytes)
Event: 2.401 Thread 0x000001cfdb37f800 nmethod 2226% 0x000001cfce26cd10 code [0x000001cfce26cea0, 0x000001cfce26d158]

GC Heap History (8 events):
Event: 0.893 GC heap before
{Heap before GC invocations=0 (full 0):
 garbage-first heap   total 65536K, used 14336K [0x00000000c1600000, 0x0000000100000000)
  region size 1024K, 14 young (14336K), 0 survivors (0K)
 Metaspace       used 6498K, capacity 6795K, committed 7040K, reserved 1056768K
  class space    used 704K, capacity 811K, committed 896K, reserved 1048576K
}
Event: 0.899 GC heap after
{Heap after GC invocations=1 (full 0):
 garbage-first heap   total 65536K, used 3312K [0x00000000c1600000, 0x0000000100000000)
  region size 1024K, 2 young (2048K), 2 survivors (2048K)
 Metaspace       used 6498K, capacity 6795K, committed 7040K, reserved 1056768K
  class space    used 704K, capacity 811K, committed 896K, reserved 1048576K
}
Event: 1.152 GC heap before
{Heap before GC invocations=1 (full 0):
 garbage-first heap   total 65536K, used 8432K [0x00000000c1600000, 0x0000000100000000)
  region size 1024K, 7 young (7168K), 2 survivors (2048K)
 Metaspace       used 9089K, capacity 9402K, committed 9728K, reserved 1058816K
  class space    used 1055K, capacity 1166K, committed 1280K, reserved 1048576K
}
Event: 1.159 GC heap after
{Heap after GC invocations=2 (full 0):
 garbage-first heap   total 65536K, used 4124K [0x00000000c1600000, 0x0000000100000000)
  region size 1024K, 1 young (1024K), 1 survivors (1024K)
 Metaspace       used 9089K, capacity 9402K, committed 9728K, reserved 1058816K
  class space    used 1055K, capacity 1166K, committed 1280K, reserved 1048576K
}
Event: 2.328 GC heap before
{Heap before GC invocations=2 (full 0):
 garbage-first heap   total 65536K, used 26652K [0x00000000c1600000, 0x0000000100000000)
  region size 1024K, 23 young (23552K), 1 survivors (1024K)
 Metaspace       used 11201K, capacity 11532K, committed 11648K, reserved 1058816K
  class space    used 1210K, capacity 1338K, committed 1408K, reserved 1048576K
}
Event: 2.331 GC heap after
{Heap after GC invocations=3 (full 0):
 garbage-first heap   total 65536K, used 4778K [0x00000000c1600000, 0x0000000100000000)
  region size 1024K, 2 young (2048K), 2 survivors (2048K)
 Metaspace       used 11201K, capacity 11532K, committed 11648K, reserved 1058816K
  class space    used 1210K, capacity 1338K, committed 1408K, reserved 1048576K
}
Event: 2.396 GC heap before
{Heap before GC invocations=3 (full 0):
 garbage-first heap   total 65536K, used 5802K [0x00000000c1600000, 0x0000000100000000)
  region size 1024K, 4 young (4096K), 2 survivors (2048K)
 Metaspace       used 11830K, capacity 12139K, committed 12288K, reserved 1060864K
  class space    used 1288K, capacity 1414K, committed 1536K, reserved 1048576K
}
Event: 2.400 GC heap after
{Heap after GC invocations=4 (full 0):
 garbage-first heap   total 65536K, used 5234K [0x00000000c1600000, 0x0000000100000000)
  region size 1024K, 2 young (2048K), 2 survivors (2048K)
 Metaspace       used 11830K, capacity 12139K, committed 12288K, reserved 1060864K
  class space    used 1288K, capacity 1414K, committed 1536K, reserved 1048576K
}

Deoptimization events (20 events):
Event: 2.394 Thread 0x000001cfdb039000 DEOPT PACKING pc=0x000001cfc6cb139f sp=0x0000004bc0bfee00
Event: 2.394 Thread 0x000001cfdb039000 DEOPT UNPACKING pc=0x000001cfc672964e sp=0x0000004bc0bfe2d0 mode 0
Event: 2.394 Thread 0x000001cfdb039000 DEOPT PACKING pc=0x000001cfc6cb139f sp=0x0000004bc0bfee00
Event: 2.394 Thread 0x000001cfdb039000 DEOPT UNPACKING pc=0x000001cfc672964e sp=0x0000004bc0bfe2d0 mode 0
Event: 2.394 Thread 0x000001cfdb039000 DEOPT PACKING pc=0x000001cfc6cb139f sp=0x0000004bc0bfee00
Event: 2.394 Thread 0x000001cfdb039000 DEOPT UNPACKING pc=0x000001cfc672964e sp=0x0000004bc0bfe2d0 mode 0
Event: 2.394 Thread 0x000001cfdb039000 DEOPT PACKING pc=0x000001cfc6cb139f sp=0x0000004bc0bfee00
Event: 2.394 Thread 0x000001cfdb039000 DEOPT UNPACKING pc=0x000001cfc672964e sp=0x0000004bc0bfe2d0 mode 0
Event: 2.394 Thread 0x000001cfdb039000 DEOPT PACKING pc=0x000001cfc6cb139f sp=0x0000004bc0bfee00
Event: 2.394 Thread 0x000001cfdb039000 DEOPT UNPACKING pc=0x000001cfc672964e sp=0x0000004bc0bfe2d0 mode 0
Event: 2.395 Thread 0x000001cfdb039000 DEOPT PACKING pc=0x000001cfc6cb139f sp=0x0000004bc0bfee00
Event: 2.395 Thread 0x000001cfdb039000 DEOPT UNPACKING pc=0x000001cfc672964e sp=0x0000004bc0bfe2d0 mode 0
Event: 2.395 Thread 0x000001cfdb039000 DEOPT PACKING pc=0x000001cfc6cb139f sp=0x0000004bc0bfee00
Event: 2.395 Thread 0x000001cfdb039000 DEOPT UNPACKING pc=0x000001cfc672964e sp=0x0000004bc0bfe2d0 mode 0
Event: 2.395 Thread 0x000001cfdb039000 DEOPT PACKING pc=0x000001cfc6cb139f sp=0x0000004bc0bfee00
Event: 2.395 Thread 0x000001cfdb039000 DEOPT UNPACKING pc=0x000001cfc672964e sp=0x0000004bc0bfe2d0 mode 0
Event: 2.395 Thread 0x000001cfdb039000 DEOPT PACKING pc=0x000001cfc6cb139f sp=0x0000004bc0bfee00
Event: 2.395 Thread 0x000001cfdb039000 DEOPT UNPACKING pc=0x000001cfc672964e sp=0x0000004bc0bfe2d0 mode 0
Event: 2.395 Thread 0x000001cfdb039000 DEOPT PACKING pc=0x000001cfc6cb139f sp=0x0000004bc0bfee00
Event: 2.395 Thread 0x000001cfdb039000 DEOPT UNPACKING pc=0x000001cfc672964e sp=0x0000004bc0bfe2d0 mode 0

Classes unloaded (0 events):
No events

Classes redefined (0 events):
No events

Internal exceptions (14 events):
Event: 0.369 Thread 0x000001cfbc14e000 Exception <a 'java/lang/ClassNotFoundException'{0x00000000c54ab6d0}: sun/awt/resources/spi/awtProvider> (0x00000000c54ab6d0) 
thrown [t:/workspace/open/src/hotspot/share/classfile/systemDictionary.cpp, line 232]
Event: 0.407 Thread 0x000001cfbc14e000 Exception <a 'java/io/FileNotFoundException'{0x00000000c5302d78}> (0x00000000c5302d78) 
thrown [t:/workspace/open/src/hotspot/share/prims/jni.cpp, line 598]
Event: 0.419 Thread 0x000001cfbc14e000 Exception <a 'java/io/FileNotFoundException'{0x00000000c5329358}> (0x00000000c5329358) 
thrown [t:/workspace/open/src/hotspot/share/prims/jni.cpp, line 598]
Event: 0.495 Thread 0x000001cfdafa6800 Exception <a 'java/lang/NoSuchMethodError'{0x00000000c5204bb0}: 'void java.lang.invoke.DirectMethodHandle$Holder.invokeSpecial(java.lang.Object, java.lang.Object)'> (0x00000000c5204bb0) 
thrown [t:/workspace/open/src/hotspot/share/interpreter/linkResolver.cpp, line 767]
Event: 0.556 Thread 0x000001cfdafb3800 Exception <a 'java/lang/NoSuchMethodError'{0x00000000c52faf08}: 'java.lang.Object java.lang.invoke.DirectMethodHandle$Holder.invokeStatic(java.lang.Object, int, java.lang.Object, java.lang.Object, java.lang.Object, java.lang.Object)'> (0x00000000c52faf08) 
thrown [t:/workspace/open/src/hotspot/share/interpreter/linkResolver.cpp, line 767]
Event: 0.557 Thread 0x000001cfdafb3800 Exception <a 'java/lang/NoSuchMethodError'{0x00000000c5101d20}: 'java.lang.Object java.lang.invoke.DirectMethodHandle$Holder.invokeStatic(java.lang.Object, int, java.lang.Object, java.lang.Object, java.lang.Object)'> (0x00000000c5101d20) 
thrown [t:/workspace/open/src/hotspot/share/interpreter/linkResolver.cpp, line 767]
Event: 0.557 Thread 0x000001cfdafb3800 Exception <a 'java/lang/NoSuchMethodError'{0x00000000c5105588}: 'java.lang.Object java.lang.invoke.DirectMethodHandle$Holder.invokeSpecial(java.lang.Object, java.lang.Object, int, java.lang.Object, java.lang.Object, java.lang.Object)'> (0x00000000c5105588) 
thrown [t:/workspace/open/src/hotspot/share/interpreter/linkResolver.cpp, line 767]
Event: 0.561 Thread 0x000001cfdafb3800 Exception <a 'java/lang/NoSuchMethodError'{0x00000000c511b8b0}: 'java.lang.Object java.lang.invoke.DirectMethodHandle$Holder.invokeStatic(java.lang.Object, int, java.lang.Object)'> (0x00000000c511b8b0) 
thrown [t:/workspace/open/src/hotspot/share/interpreter/linkResolver.cpp, line 767]
Event: 0.586 Thread 0x000001cfdafb3800 Exception <a 'java/lang/ClassNotFoundException'{0x00000000c51bf080}: com/sun/swing/internal/plaf/metal/resources/spi/metalProvider> (0x00000000c51bf080) 
thrown [t:/workspace/open/src/hotspot/share/classfile/systemDictionary.cpp, line 232]
Event: 0.588 Thread 0x000001cfdafb3800 Exception <a 'java/lang/ClassNotFoundException'{0x00000000c51c3128}: com/sun/swing/internal/plaf/basic/resources/spi/basicProvider> (0x00000000c51c3128) 
thrown [t:/workspace/open/src/hotspot/share/classfile/systemDictionary.cpp, line 232]
Event: 0.621 Thread 0x000001cfdafb3800 Exception <a 'java/net/UnknownHostException'{0x00000000c51fa668}> (0x00000000c51fa668) 
thrown [t:/workspace/open/src/hotspot/share/prims/jni.cpp, line 598]
Event: 0.858 Thread 0x000001cfdafb3800 Exception <a 'java/lang/NoSuchMethodError'{0x00000000c4a67f40}: 'int java.lang.invoke.DirectMethodHandle$Holder.invokeSpecialIFC(java.lang.Object, java.lang.Object, int)'> (0x00000000c4a67f40) 
thrown [t:/workspace/open/src/hotspot/share/interpreter/linkResolver.cpp, line 767]
Event: 2.379 Thread 0x000001cfdafb3800 Exception <a 'java/lang/NoSuchMethodError'{0x00000000c556f2b0}: 'void java.lang.invoke.DirectMethodHandle$Holder.invokeStaticInit(java.lang.Object)'> (0x00000000c556f2b0) 
thrown [t:/workspace/open/src/hotspot/share/interpreter/linkResolver.cpp, line 767]
Event: 2.387 Thread 0x000001cfdafb3800 Exception <a 'java/lang/NoSuchMethodError'{0x00000000c55f5340}: 'java.lang.Object java.lang.invoke.Invokers$Holder.linkToTargetMethod(java.lang.Object, int, java.lang.Object)'> (0x00000000c55f5340) 
thrown [t:/workspace/open/src/hotspot/share/interpreter/linkResolver.cpp, line 767]

Events (20 events):
Event: 2.383 loading class sun/awt/windows/WingDings
Event: 2.383 loading class sun/awt/windows/WingDings done
Event: 2.383 loading class sun/awt/windows/WingDings$Encoder
Event: 2.383 loading class sun/awt/windows/WingDings$Encoder done
Event: 2.383 loading class sun/awt/Symbol
Event: 2.384 loading class sun/awt/Symbol done
Event: 2.384 loading class sun/awt/Symbol$Encoder
Event: 2.384 loading class sun/awt/Symbol$Encoder done
Event: 2.384 Executing VM operation: RevokeBias
Event: 2.384 Executing VM operation: RevokeBias done
Event: 2.386 Executing VM operation: RevokeBias
Event: 2.386 Executing VM operation: RevokeBias done
Event: 2.387 Executing VM operation: RevokeBias
Event: 2.387 Executing VM operation: RevokeBias done
Event: 2.388 Executing VM operation: RevokeBias
Event: 2.388 Executing VM operation: RevokeBias done
Event: 2.395 Executing VM operation: RevokeBias
Event: 2.395 Executing VM operation: RevokeBias done
Event: 2.396 Executing VM operation: G1CollectForAllocation
Event: 2.400 Executing VM operation: G1CollectForAllocation done


Dynamic libraries:
0x00007ff6f2140000 - 0x00007ff6f214f000 	C:\Program Files\Java\jdk-13.0.2\bin\javaw.exe
0x00007ffbbcce0000 - 0x00007ffbbced0000 	C:\Windows\SYSTEM32\ntdll.dll
0x00007ffbbba00000 - 0x00007ffbbbab2000 	C:\Windows\System32\KERNEL32.DLL
0x00007ffbba1f0000 - 0x00007ffbba495000 	C:\Windows\System32\KERNELBASE.dll
0x00007ffbb9c90000 - 0x00007ffbb9d8a000 	C:\Windows\System32\ucrtbase.dll
0x00007ffba8870000 - 0x00007ffba8885000 	C:\Program Files\Java\jdk-13.0.2\bin\VCRUNTIME140.dll
0x00007ffba3cc0000 - 0x00007ffba3cd8000 	C:\Program Files\Java\jdk-13.0.2\bin\jli.dll
0x00007ffbbc450000 - 0x00007ffbbc4f3000 	C:\Windows\System32\ADVAPI32.dll
0x00007ffbbb6c0000 - 0x00007ffbbb75e000 	C:\Windows\System32\msvcrt.dll
0x00007ffbbbb60000 - 0x00007ffbbbbf7000 	C:\Windows\System32\sechost.dll
0x00007ffbbb3d0000 - 0x00007ffbbb4ef000 	C:\Windows\System32\RPCRT4.dll
0x00007ffbbc2b0000 - 0x00007ffbbc444000 	C:\Windows\System32\USER32.dll
0x00007ffbb9fa0000 - 0x00007ffbb9fc1000 	C:\Windows\System32\win32u.dll
0x00007ffbbbad0000 - 0x00007ffbbbaf6000 	C:\Windows\System32\GDI32.dll
0x00007ffbb9e00000 - 0x00007ffbb9f98000 	C:\Windows\System32\gdi32full.dll
0x00007ffbacbb0000 - 0x00007ffbace34000 	C:\Windows\WinSxS\amd64_microsoft.windows.common-controls_6595b64144ccf1df_6.0.18362.1316_none_9e7a364fe461dbd7\COMCTL32.dll
0x00007ffbb9fd0000 - 0x00007ffbba06e000 	C:\Windows\System32\msvcp_win.dll
0x00007ffbbbc00000 - 0x00007ffbbbf37000 	C:\Windows\System32\combase.dll
0x00007ffbb08d0000 - 0x00007ffbb08da000 	C:\Windows\SYSTEM32\VERSION.dll
0x00007ffbba4a0000 - 0x00007ffbba521000 	C:\Windows\System32\bcryptPrimitives.dll
0x00007ffbbad60000 - 0x00007ffbbad8e000 	C:\Windows\System32\IMM32.DLL
0x00007ffb982e0000 - 0x00007ffb9837b000 	C:\Program Files\Java\jdk-13.0.2\bin\msvcp140.dll
0x00007ffb8bb70000 - 0x00007ffb8c6cd000 	C:\Program Files\Java\jdk-13.0.2\bin\server\jvm.dll
0x00007ffbbb200000 - 0x00007ffbbb208000 	C:\Windows\System32\PSAPI.DLL
0x00007ffbb0a30000 - 0x00007ffbb0a39000 	C:\Windows\SYSTEM32\WSOCK32.dll
0x00007ffbb67f0000 - 0x00007ffbb6814000 	C:\Windows\SYSTEM32\WINMM.dll
0x000001cfbd940000 - 0x000001cfbd9af000 	C:\Windows\System32\ws2_32.DLL
0x00007ffbb67c0000 - 0x00007ffbb67ed000 	C:\Windows\SYSTEM32\WINMMBASE.dll
0x00007ffbb9d90000 - 0x00007ffbb9dda000 	C:\Windows\System32\cfgmgr32.dll
0x00007ffbb9be0000 - 0x00007ffbb9bf1000 	C:\Windows\System32\kernel.appcore.dll
0x00007ffbb06d0000 - 0x00007ffbb06e0000 	C:\Program Files\Java\jdk-13.0.2\bin\verify.dll
0x00007ffbaa0f0000 - 0x00007ffbaa2e4000 	C:\Windows\SYSTEM32\DBGHELP.DLL
0x00007ffbaa090000 - 0x00007ffbaa0ba000 	C:\Windows\SYSTEM32\dbgcore.DLL
0x00007ffb98d70000 - 0x00007ffb98d96000 	C:\Program Files\Java\jdk-13.0.2\bin\java.dll
0x00007ffba3bc0000 - 0x00007ffba3bd7000 	C:\Program Files\Java\jdk-13.0.2\bin\zip.dll
0x00007ffba9b60000 - 0x00007ffba9b6a000 	C:\Program Files\Java\jdk-13.0.2\bin\jimage.dll
0x00007ffbbc580000 - 0x00007ffbbcc68000 	C:\Windows\System32\SHELL32.dll
0x00007ffbbb320000 - 0x00007ffbbb3c7000 	C:\Windows\System32\shcore.dll
0x00007ffbba5e0000 - 0x00007ffbbad5b000 	C:\Windows\System32\windows.storage.dll
0x00007ffbb9c00000 - 0x00007ffbb9c23000 	C:\Windows\System32\profapi.dll
0x00007ffbb9b90000 - 0x00007ffbb9bda000 	C:\Windows\System32\powrprof.dll
0x00007ffbb9b60000 - 0x00007ffbb9b70000 	C:\Windows\System32\UMPDC.dll
0x00007ffbbb210000 - 0x00007ffbbb262000 	C:\Windows\System32\shlwapi.dll
0x00007ffbb9de0000 - 0x00007ffbb9df7000 	C:\Windows\System32\cryptsp.dll
0x00007ffb9cd20000 - 0x00007ffb9cd39000 	C:\Program Files\Java\jdk-13.0.2\bin\net.dll
0x00007ffbaf2c0000 - 0x00007ffbaf3b0000 	C:\Windows\SYSTEM32\WINHTTP.dll
0x00007ffbb93a0000 - 0x00007ffbb9407000 	C:\Windows\system32\mswsock.dll
0x00007ffb98d50000 - 0x00007ffb98d63000 	C:\Program Files\Java\jdk-13.0.2\bin\nio.dll
0x00007ffb98f20000 - 0x00007ffb990b9000 	C:\Program Files\Java\jdk-13.0.2\bin\awt.dll
0x00007ffbbb8b0000 - 0x00007ffbbb975000 	C:\Windows\System32\OLEAUT32.dll
0x00007ffbb7cd0000 - 0x00007ffbb7d5f000 	C:\Windows\SYSTEM32\apphelp.dll
0x00007ffbb7e90000 - 0x00007ffbb7f29000 	C:\Windows\system32\uxtheme.dll
0x00007ffbbb760000 - 0x00007ffbbb895000 	C:\Windows\System32\MSCTF.dll
0x00007ffbbb4f0000 - 0x00007ffbbb647000 	C:\Windows\System32\ole32.dll
0x00007ffbb7f80000 - 0x00007ffbb7fad000 	C:\Windows\system32\DWMAPI.DLL
0x00007ffb9e830000 - 0x00007ffb9e986000 	C:\Windows\system32\opengl32.dll
0x00007ffba8990000 - 0x00007ffba89bc000 	C:\Windows\SYSTEM32\GLU32.dll
0x00007ffbb87a0000 - 0x00007ffbb87c0000 	C:\Windows\SYSTEM32\dxcore.dll
0x00007ffbb90f0000 - 0x00007ffbb91bb000 	C:\Windows\SYSTEM32\DNSAPI.dll
0x00007ffbbb8a0000 - 0x00007ffbbb8a8000 	C:\Windows\System32\NSI.dll
0x00007ffbb90b0000 - 0x00007ffbb90ea000 	C:\Windows\SYSTEM32\IPHLPAPI.DLL
0x00007ffbaeb10000 - 0x00007ffbaeb1a000 	C:\Windows\System32\rasadhlp.dll
0x00007ffba8900000 - 0x00007ffba8982000 	C:\Program Files\Java\jdk-13.0.2\bin\freetype.dll
0x00007ffba12f0000 - 0x00007ffba1396000 	C:\Program Files\Java\jdk-13.0.2\bin\fontmanager.dll

dbghelp: loaded successfully - version: 4.0.5 - missing functions: none
symbol engine: initialized successfully - sym options: 0x614 - pdb path: .;C:\Program Files\Java\jdk-13.0.2\bin;C:\Windows\SYSTEM32;C:\Windows\WinSxS\amd64_microsoft.windows.common-controls_6595b64144ccf1df_6.0.18362.1316_none_9e7a364fe461dbd7;C:\Program Files\Java\jdk-13.0.2\bin\server

VM Arguments:
jvm_args: -Dfile.encoding=Cp1252 
java_command: Application.Home
java_class_path (initial): C:\Users\User\Desktop\Programmes\Java\Workspace\DriveOperations\target\classes;C:\Users\User\Desktop\Libraries\jcalendar-1.4.jar;C:\Users\User\Desktop\Libraries\jgoodies-common-1.8.0.jar;C:\Users\User\Desktop\Libraries\jgoodies-forms-1.8.0.jar;C:\Users\User\Desktop\Libraries\miglayout15-swing.jar;C:\Users\User\Downloads\javax.mail.jar;C:\Users\User\Downloads\activation-1.1.1.jar;C:\Users\User\Downloads\jcalendar-1.4.jar;C:\Users\User\Downloads\jfreechart-1.0.19\lib\jcommon-1.0.23.jar;C:\Users\User\Downloads\jfreechart-1.0.19\lib\jfreechart-1.0.19.jar;C:\Users\User\Downloads\commons-net-3.8.0\commons-net-3.8.0.jar;C:\Users\User\Documents\Libs\comm-2.0.jar;C:\Users\User\Documents\Libs\http-2.2.1.jar;C:\Users\User\Documents\Libs\mysql-connector-java-5.1.45.jar;C:\Users\User\.m2\repository\com\google\apis\google-api-services-drive\v3-rev105-1.23.0\google-api-services-drive-v3-rev105-1.23.0.jar;C:\Users\User\.m2\repository\com\google\api-client\google-api-client\1.23.0\google-api-client-1.23.0.jar;C:\Users\User\.m2\repository\com\google\oauth-client\google-oauth-client\1.23.0\google-oauth-client-1.23.0.jar;C:\Users\User\.m2\repository\com\google\http-client\google-http-client\1.23.0\google-http-client-1.23.0.jar;C:\Users\User\.m2\repository\org\apache\httpcomponents\httpclient\4.0.1\httpclient-4.0.1.jar;C:\Users\User\.m2\repository\org\apache\httpcomponents\httpcore\4.0.1\httpcore-4.0.1.jar;C:\Users\User\.m2\repository\commons-logging\commons-logging\1.1.1\commons-logging-1.1.1.jar;C:\Users\User\.m2\repository\commons-codec\commons-codec\1.3\commons-codec-1.3.jar;C:\Users\User\.m2\repository\com\google\code\findbugs\jsr305\1.3.9\jsr305-1.3.9.jar;C:\Users\User\.m2\repository\com\google\http-client\google-http-client-jackson2\1.23.0\google-http-client-jackson2-1.23.0.jar;C:\Users\User\.m2\repository\com\fasterxml\jackson\core\jackson-core\2.1.3\jackson-core-2.1.3.jar;C:\Users\User\.m2\repository\com\google\guava\guava-jdk5\17.0\guava-jdk5-17.0.
Launcher Type: SUN_STANDARD

[Global flags]
     intx CICompilerCount                          = 3                                         {product} {ergonomic}
     uint ConcGCThreads                            = 1                                         {product} {ergonomic}
     uint G1ConcRefinementThreads                  = 4                                         {product} {ergonomic}
   size_t G1HeapRegionSize                         = 1048576                                   {product} {ergonomic}
    uintx GCDrainStackTargetSize                   = 64                                        {product} {ergonomic}
   size_t InitialHeapSize                          = 67108864                                  {product} {ergonomic}
   size_t MarkStackSize                            = 4194304                                   {product} {ergonomic}
   size_t MaxHeapSize                              = 1050673152                                {product} {ergonomic}
   size_t MaxNewSize                               = 630194176                                 {product} {ergonomic}
   size_t MinHeapDeltaBytes                        = 1048576                                   {product} {ergonomic}
   size_t MinHeapSize                              = 8388608                                   {product} {ergonomic}
    uintx NonNMethodCodeHeapSize                   = 5832780                                {pd product} {ergonomic}
    uintx NonProfiledCodeHeapSize                  = 122912730                              {pd product} {ergonomic}
    uintx ProfiledCodeHeapSize                     = 122912730                              {pd product} {ergonomic}
    uintx ReservedCodeCacheSize                    = 251658240                              {pd product} {ergonomic}
     bool SegmentedCodeCache                       = true                                      {product} {ergonomic}
   size_t SoftMaxHeapSize                          = 1050673152                             {manageable} {ergonomic}
     bool UseCompressedClassPointers               = true                                 {lp64_product} {ergonomic}
     bool UseCompressedOops                        = true                                 {lp64_product} {ergonomic}
     bool UseG1GC                                  = true                                      {product} {ergonomic}
     bool UseLargePagesIndividualAllocation        = false                                  {pd product} {ergonomic}

Logging:
Log output configuration:
 #0: stdout all=warning uptime,level,tags
 #1: stderr all=off uptime,level,tags

Environment Variables:
JAVA_HOME=C:\Program Files (x86)\Java\jre1.8.0_241
PATH=C:\Program Files\Java\jdk-13.0.2\bin;C:\Program Files (x86)\Common Files\Oracle\Java\javapath;C:\Windows\system32;C:\Windows;C:\Windows\System32\Wbem;C:\Windows\System32\WindowsPowerShell\v1.0\;C:\Windows\System32\OpenSSH\;C:\Program Files (x86)\apache-maven-3.8.1\bin;C:\Program Files (x86)\gradle-7.1.1\bin;C:\Users\User\AppData\Local\Microsoft\WindowsApps;C:\Users\User\AppData\Local\Programs\Microsoft VS Code\bin;C:\Program Files (x86)\gradle-7.1.1\bin;
USERNAME=User
OS=Windows_NT
PROCESSOR_IDENTIFIER=Intel64 Family 6 Model 42 Stepping 7, GenuineIntel



---------------  S Y S T E M  ---------------

OS: Windows 10 , 64 bit Build 18362 (10.0.18362.1316)

CPU:total 4 (initial active 4) (2 cores per cpu, 2 threads per core) family 6 model 42 stepping 7, cmov, cx8, fxsr, mmx, sse, sse2, sse3, ssse3, sse4.1, sse4.2, popcnt, avx, aes, clmul, ht, tsc, tscinvbit

Memory: 4k page, system-wide physical 4006M (565M free)
TotalPageFile size 16293M (AvailPageFile size 63M)
current process WorkingSet (physical memory assigned to process): 98M, peak: 98M
current process commit charge ("private bytes"): 166M, peak: 278M

vm_info: Java HotSpot(TM) 64-Bit Server VM (13.0.2+8) for windows-amd64 JRE (13.0.2+8), built on Dec 11 2019 09:20:33 by "mach5one" with unknown MS VC++:1916

END.
