#
# There is insufficient memory for the Java Runtime Environment to continue.
# Native memory allocation (mmap) failed to map 161480704 bytes for Failed to commit area from 0x00000000c5600000 to 0x00000000cf000000 of length 161480704.
# Possible reasons:
#   The system is out of physical RAM or swap space
#   The process is running with CompressedOops enabled, and the Java Heap may be blocking the growth of the native heap
# Possible solutions:
#   Reduce memory load on the system
#   Increase physical memory or swap space
#   Check if swap backing store is full
#   Decrease Java heap size (-Xmx/-Xms)
#   Decrease number of Java threads
#   Decrease Java thread stack sizes (-Xss)
#   Set larger code cache with -XX:ReservedCodeCacheSize=
#   JVM is running with Unscaled Compressed Oops mode in which the Java heap is
#     placed in the first 4GB address space. The Java Heap base address is the
#     maximum limit for the native heap growth. Please use -XX:HeapBaseMinAddress
#     to set the Java Heap base and to place the Java Heap above 4GB virtual address.
# This output file may be truncated or incomplete.
#
#  Out of Memory Error (t:/workspace/open/src/hotspot/os/windows/os_windows.cpp:3301), pid=7404, tid=7636
#
# JRE version: Java(TM) SE Runtime Environment (13.0.2+8) (build 13.0.2+8)
# Java VM: Java HotSpot(TM) 64-Bit Server VM (13.0.2+8, mixed mode, sharing, tiered, compressed oops, g1 gc, windows-amd64)
# No core dump will be written. Minidumps are not enabled by default on client versions of Windows
#

---------------  S U M M A R Y ------------

Command Line: -Dfile.encoding=Cp1252 accounts.Login

Host: Intel(R) Core(TM) i5-2520M CPU @ 2.50GHz, 4 cores, 3G,  Windows 10 , 64 bit Build 18362 (10.0.18362.1500)
Time: Sat Jul  2 17:49:35 2022 Afrique de l?Est elapsed time: 8 seconds (0d 0h 0m 8s)

---------------  T H R E A D  ---------------

Current thread (0x00000231a1af6000):  JavaThread "Image Fetcher 0" daemon [_thread_in_vm, id=7636, stack(0x000000faba700000,0x000000faba800000)]

Stack: [0x000000faba700000,0x000000faba800000]
Native frames: (J=compiled Java code, j=interpreted, Vv=VM code, C=native code)
V  [jvm.dll+0x624f9a]
V  [jvm.dll+0x770cfa]
V  [jvm.dll+0x7724af]
V  [jvm.dll+0x772ab3]
V  [jvm.dll+0x24bf08]
V  [jvm.dll+0x6222aa]
V  [jvm.dll+0x6170b5]
V  [jvm.dll+0x30a88c]
V  [jvm.dll+0x30a6c2]
V  [jvm.dll+0x30fe36]
V  [jvm.dll+0x353f46]
V  [jvm.dll+0x353720]
V  [jvm.dll+0x2e5d5e]
V  [jvm.dll+0x2e16ff]
V  [jvm.dll+0x5be8b5]
V  [jvm.dll+0x5be33b]
V  [jvm.dll+0x1f48d5]
V  [jvm.dll+0x74b3a7]
V  [jvm.dll+0x3783ea]
C  0x000002318dfefd37

Java frames: (J=compiled Java code, j=interpreted, Vv=VM code)
j  java.awt.image.DataBufferInt.<init>(I)V+11 java.desktop@13.0.2
j  java.awt.image.Raster.createPackedRaster(III[ILjava/awt/Point;)Ljava/awt/image/WritableRaster;+69 java.desktop@13.0.2
j  java.awt.image.DirectColorModel.createCompatibleWritableRaster(II)Ljava/awt/image/WritableRaster;+83 java.desktop@13.0.2
j  sun.awt.image.ImageRepresentation.createBufferedImage()V+18 java.desktop@13.0.2
J 2589 c1 sun.awt.image.ImageRepresentation.setPixels(IIIILjava/awt/image/ColorModel;[III)V java.desktop@13.0.2 (527 bytes) @ 0x000002318ea9bd6c [0x000002318ea9b9e0+0x000000000000038c]
J 2588 c1 sun.awt.image.ImageDecoder.setPixels(IIIILjava/awt/image/ColorModel;[III)I java.desktop@13.0.2 (58 bytes) @ 0x000002318ea9a3c4 [0x000002318ea99e80+0x0000000000000544]
j  sun.awt.image.JPEGImageDecoder.sendPixels([II)Z+14 java.desktop@13.0.2
v  ~StubRoutines::call_stub
j  sun.awt.image.JPEGImageDecoder.readImage(Ljava/io/InputStream;[B)V+0 java.desktop@13.0.2
j  sun.awt.image.JPEGImageDecoder.produceImage()V+10 java.desktop@13.0.2
j  sun.awt.image.InputStreamImageSource.doFetch()V+51 java.desktop@13.0.2
j  sun.awt.image.ImageFetcher.fetchloop()V+31 java.desktop@13.0.2
j  sun.awt.image.ImageFetcher.run()V+5 java.desktop@13.0.2
v  ~StubRoutines::call_stub

---------------  P R O C E S S  ---------------

Threads class SMR info:
_java_thread_list=0x00000231a2b21220, length=20, elements={
0x00000231a1ac0800, 0x00000231a1ac4000, 0x00000231a1ae1800, 0x00000231a1ae4000,
0x00000231a1aed000, 0x00000231a1af4800, 0x00000231a1b03800, 0x00000231a254a000,
0x00000231a2551800, 0x00000231a294b000, 0x00000231a2983800, 0x00000231a2984800,
0x00000231a29a6000, 0x0000023185ad2800, 0x00000231a2ee3800, 0x00000231a2ce2000,
0x00000231a3b4e800, 0x00000231a1af7800, 0x00000231a1af5000, 0x00000231a1af6000
}

Java Threads: ( => current thread )
  0x00000231a1ac0800 JavaThread "Reference Handler" daemon [_thread_blocked, id=4452, stack(0x000000fab8d00000,0x000000fab8e00000)]
  0x00000231a1ac4000 JavaThread "Finalizer" daemon [_thread_blocked, id=12088, stack(0x000000fab8e00000,0x000000fab8f00000)]
  0x00000231a1ae1800 JavaThread "Signal Dispatcher" daemon [_thread_blocked, id=3052, stack(0x000000fab8f00000,0x000000fab9000000)]
  0x00000231a1ae4000 JavaThread "Attach Listener" daemon [_thread_blocked, id=9092, stack(0x000000fab9000000,0x000000fab9100000)]
  0x00000231a1aed000 JavaThread "C2 CompilerThread0" daemon [_thread_blocked, id=2388, stack(0x000000fab9100000,0x000000fab9200000)]
  0x00000231a1af4800 JavaThread "C1 CompilerThread0" daemon [_thread_blocked, id=7352, stack(0x000000fab9200000,0x000000fab9300000)]
  0x00000231a1b03800 JavaThread "Sweeper thread" daemon [_thread_blocked, id=10784, stack(0x000000fab9300000,0x000000fab9400000)]
  0x00000231a254a000 JavaThread "Service Thread" daemon [_thread_blocked, id=2912, stack(0x000000fab9400000,0x000000fab9500000)]
  0x00000231a2551800 JavaThread "Common-Cleaner" daemon [_thread_blocked, id=11524, stack(0x000000fab9600000,0x000000fab9700000)]
  0x00000231a294b000 JavaThread "Java2D Disposer" daemon [_thread_blocked, id=9260, stack(0x000000fab9700000,0x000000fab9800000)]
  0x00000231a2983800 JavaThread "AWT-Shutdown" [_thread_blocked, id=8280, stack(0x000000fab9800000,0x000000fab9900000)]
  0x00000231a2984800 JavaThread "AWT-Windows" daemon [_thread_in_native, id=10040, stack(0x000000fab9900000,0x000000fab9a00000)]
  0x00000231a29a6000 JavaThread "AWT-EventQueue-0" [_thread_blocked, id=4072, stack(0x000000fab9a00000,0x000000fab9b00000)]
  0x0000023185ad2800 JavaThread "DestroyJavaVM" [_thread_blocked, id=9812, stack(0x000000fab8600000,0x000000fab8700000)]
  0x00000231a2ee3800 JavaThread "Abandoned connection cleanup thread" daemon [_thread_blocked, id=3572, stack(0x000000fab9b00000,0x000000fab9c00000)]
  0x00000231a2ce2000 JavaThread "mysql-cj-abandoned-connection-cleanup" daemon [_thread_blocked, id=4524, stack(0x000000fab9c00000,0x000000fab9d00000)]
  0x00000231a3b4e800 JavaThread "TimerQueue" daemon [_thread_blocked, id=2368, stack(0x000000faba500000,0x000000faba600000)]
  0x00000231a1af7800 JavaThread "Image Animator 3" daemon [_thread_blocked, id=6540, stack(0x000000faba100000,0x000000faba200000)]
  0x00000231a1af5000 JavaThread "Thread-0" [_thread_blocked, id=7316, stack(0x000000faba600000,0x000000faba700000)]
=>0x00000231a1af6000 JavaThread "Image Fetcher 0" daemon [_thread_in_vm, id=7636, stack(0x000000faba700000,0x000000faba800000)]

Other Threads:
  0x00000231a1abf800 VMThread "VM Thread" [stack: 0x000000fab8c00000,0x000000fab8d00000] [id=10568] _threads_hazard_ptr=0x00000231a2b21220
  0x00000231a2550000 WatcherThread [stack: 0x000000fab9500000,0x000000fab9600000] [id=7900]
  0x0000023185b04800 GCTaskThread "GC Thread#0" [stack: 0x000000fab8700000,0x000000fab8800000] [id=5248]
  0x00000231a2fe2000 GCTaskThread "GC Thread#1" [stack: 0x000000fab9d00000,0x000000fab9e00000] [id=10544]
  0x00000231a2fe5800 GCTaskThread "GC Thread#2" [stack: 0x000000fab9e00000,0x000000fab9f00000] [id=12216]
  0x00000231a2fe2800 GCTaskThread "GC Thread#3" [stack: 0x000000fab9f00000,0x000000faba000000] [id=11748]
  0x0000023185b0e800 ConcurrentGCThread "G1 Main Marker" [stack: 0x000000fab8800000,0x000000fab8900000] [id=10916]
  0x0000023185b14000 ConcurrentGCThread "G1 Conc#0" [stack: 0x000000fab8900000,0x000000fab8a00000] [id=192]
  0x0000023185b67800 ConcurrentGCThread "G1 Refine#0" [stack: 0x000000fab8a00000,0x000000fab8b00000] [id=6180]
  0x00000231a2716000 ConcurrentGCThread "G1 Refine#1" [stack: 0x000000faba000000,0x000000faba100000] [id=11020]
  0x0000023185b69800 ConcurrentGCThread "G1 Young RemSet Sampling" [stack: 0x000000fab8b00000,0x000000fab8c00000] [id=4836]

Threads with active compile tasks:

VM state:not at safepoint (normal execution)

VM Mutex/Monitor currently owned by a thread:  ([mutex/lock_event])
[0x0000023183999a20] Heap_lock - owner thread: 0x00000231a1af6000

Heap address: 0x00000000c1600000, size: 1002 MB, Compressed Oops mode: 32-bit
Narrow klass base: 0x0000000800000000, Narrow klass shift: 3
Compressed class space size: 1073741824 Address: 0x0000000800b40000

Heap:
 garbage-first heap   total 223232K, used 14540K [0x00000000c1600000, 0x0000000100000000)
  region size 1024K, 3 young (3072K), 3 survivors (3072K)
 Metaspace       used 23341K, capacity 23818K, committed 24064K, reserved 1071104K
  class space    used 2579K, capacity 2767K, committed 2816K, reserved 1048576K
Heap Regions: E=young(eden), S=young(survivor), O=old, HS=humongous(starts), HC=humongous(continues), CS=collection set, F=free, A=archive, TAMS=top-at-mark-start (previous, next)
|   0|0x00000000c1600000, 0x00000000c1700000, 0x00000000c1700000|100%| O|  |TAMS 0x00000000c1700000, 0x00000000c1700000| Untracked 
|   1|0x00000000c1700000, 0x00000000c1800000, 0x00000000c1800000|100%| O|  |TAMS 0x00000000c1800000, 0x00000000c1800000| Untracked 
|   2|0x00000000c1800000, 0x00000000c1900000, 0x00000000c1900000|100%| O|  |TAMS 0x00000000c1900000, 0x00000000c1900000| Untracked 
|   3|0x00000000c1900000, 0x00000000c1a00000, 0x00000000c1a00000|100%| O|  |TAMS 0x00000000c1a00000, 0x00000000c1a00000| Untracked 
|   4|0x00000000c1a00000, 0x00000000c1b00000, 0x00000000c1b00000|100%| O|  |TAMS 0x00000000c1b00000, 0x00000000c1b00000| Untracked 
|   5|0x00000000c1b00000, 0x00000000c1c00000, 0x00000000c1c00000|100%| O|  |TAMS 0x00000000c1c00000, 0x00000000c1c00000| Untracked 
|   6|0x00000000c1c00000, 0x00000000c1d00000, 0x00000000c1d00000|100%| O|  |TAMS 0x00000000c1ce2c00, 0x00000000c1d00000| Untracked 
|   7|0x00000000c1d00000, 0x00000000c1e00000, 0x00000000c1e00000|100%|HS|  |TAMS 0x00000000c1e00000, 0x00000000c1e00000| Complete 
|   8|0x00000000c1e00000, 0x00000000c1f00000, 0x00000000c1f00000|100%| O|  |TAMS 0x00000000c1e00000, 0x00000000c1f00000| Untracked 
|   9|0x00000000c1f00000, 0x00000000c2000000, 0x00000000c2000000|100%| O|  |TAMS 0x00000000c1f00000, 0x00000000c2000000| Untracked 
|  10|0x00000000c2000000, 0x00000000c20e7200, 0x00000000c2100000| 90%| O|  |TAMS 0x00000000c2000000, 0x00000000c20e7200| Untracked 
|  11|0x00000000c2100000, 0x00000000c214be00, 0x00000000c2200000| 29%| O|  |TAMS 0x00000000c2100000, 0x00000000c2100000| Untracked 
|  12|0x00000000c2200000, 0x00000000c2200000, 0x00000000c2300000|  0%| F|  |TAMS 0x00000000c2200000, 0x00000000c2200000| Untracked 
|  13|0x00000000c2300000, 0x00000000c2300000, 0x00000000c2400000|  0%| F|  |TAMS 0x00000000c2300000, 0x00000000c2300000| Untracked 
|  14|0x00000000c2400000, 0x00000000c2400000, 0x00000000c2500000|  0%| F|  |TAMS 0x00000000c2400000, 0x00000000c2400000| Untracked 
|  15|0x00000000c2500000, 0x00000000c2500000, 0x00000000c2600000|  0%| F|  |TAMS 0x00000000c2500000, 0x00000000c2500000| Untracked 
|  16|0x00000000c2600000, 0x00000000c2600000, 0x00000000c2700000|  0%| F|  |TAMS 0x00000000c2600000, 0x00000000c2600000| Untracked 
|  17|0x00000000c2700000, 0x00000000c2700000, 0x00000000c2800000|  0%| F|  |TAMS 0x00000000c2700000, 0x00000000c2700000| Untracked 
|  18|0x00000000c2800000, 0x00000000c2800000, 0x00000000c2900000|  0%| F|  |TAMS 0x00000000c2800000, 0x00000000c2800000| Untracked 
|  19|0x00000000c2900000, 0x00000000c2900000, 0x00000000c2a00000|  0%| F|  |TAMS 0x00000000c2900000, 0x00000000c2900000| Untracked 
|  20|0x00000000c2a00000, 0x00000000c2a00000, 0x00000000c2b00000|  0%| F|  |TAMS 0x00000000c2a00000, 0x00000000c2a00000| Untracked 
|  21|0x00000000c2b00000, 0x00000000c2b00000, 0x00000000c2c00000|  0%| F|  |TAMS 0x00000000c2b00000, 0x00000000c2b00000| Untracked 
|  22|0x00000000c2c00000, 0x00000000c2c00000, 0x00000000c2d00000|  0%| F|  |TAMS 0x00000000c2c00000, 0x00000000c2c00000| Untracked 
|  23|0x00000000c2d00000, 0x00000000c2d00000, 0x00000000c2e00000|  0%| F|  |TAMS 0x00000000c2d00000, 0x00000000c2d00000| Untracked 
|  24|0x00000000c2e00000, 0x00000000c2e00000, 0x00000000c2f00000|  0%| F|  |TAMS 0x00000000c2e00000, 0x00000000c2e00000| Untracked 
|  25|0x00000000c2f00000, 0x00000000c2f00000, 0x00000000c3000000|  0%| F|  |TAMS 0x00000000c2f00000, 0x00000000c2f00000| Untracked 
|  26|0x00000000c3000000, 0x00000000c3000000, 0x00000000c3100000|  0%| F|  |TAMS 0x00000000c3000000, 0x00000000c3000000| Untracked 
|  27|0x00000000c3100000, 0x00000000c3100000, 0x00000000c3200000|  0%| F|  |TAMS 0x00000000c3100000, 0x00000000c3100000| Untracked 
|  28|0x00000000c3200000, 0x00000000c3200000, 0x00000000c3300000|  0%| F|  |TAMS 0x00000000c3200000, 0x00000000c3200000| Untracked 
|  29|0x00000000c3300000, 0x00000000c3300000, 0x00000000c3400000|  0%| F|  |TAMS 0x00000000c3300000, 0x00000000c3300000| Untracked 
|  30|0x00000000c3400000, 0x00000000c3500000, 0x00000000c3500000|100%| S|CS|TAMS 0x00000000c3400000, 0x00000000c3400000| Complete 
|  31|0x00000000c3500000, 0x00000000c3600000, 0x00000000c3600000|100%| S|CS|TAMS 0x00000000c3500000, 0x00000000c3500000| Complete 
|  32|0x00000000c3600000, 0x00000000c3700000, 0x00000000c3700000|100%| S|CS|TAMS 0x00000000c3600000, 0x00000000c3600000| Complete 
|  33|0x00000000c3700000, 0x00000000c3700000, 0x00000000c3800000|  0%| F|  |TAMS 0x00000000c3700000, 0x00000000c3700000| Untracked 
|  34|0x00000000c3800000, 0x00000000c3800000, 0x00000000c3900000|  0%| F|  |TAMS 0x00000000c3800000, 0x00000000c3800000| Untracked 
|  35|0x00000000c3900000, 0x00000000c3900000, 0x00000000c3a00000|  0%| F|  |TAMS 0x00000000c3900000, 0x00000000c3900000| Untracked 
|  36|0x00000000c3a00000, 0x00000000c3a00000, 0x00000000c3b00000|  0%| F|  |TAMS 0x00000000c3a00000, 0x00000000c3a00000| Untracked 
|  37|0x00000000c3b00000, 0x00000000c3b00000, 0x00000000c3c00000|  0%| F|  |TAMS 0x00000000c3b00000, 0x00000000c3b00000| Untracked 
|  38|0x00000000c3c00000, 0x00000000c3c00000, 0x00000000c3d00000|  0%| F|  |TAMS 0x00000000c3c00000, 0x00000000c3c00000| Untracked 
|  39|0x00000000c3d00000, 0x00000000c3d00000, 0x00000000c3e00000|  0%| F|  |TAMS 0x00000000c3d00000, 0x00000000c3d00000| Untracked 
|  40|0x00000000c3e00000, 0x00000000c3e00000, 0x00000000c3f00000|  0%| F|  |TAMS 0x00000000c3e00000, 0x00000000c3e00000| Untracked 
|  41|0x00000000c3f00000, 0x00000000c3f00000, 0x00000000c4000000|  0%| F|  |TAMS 0x00000000c3f00000, 0x00000000c3f00000| Untracked 
|  42|0x00000000c4000000, 0x00000000c4000000, 0x00000000c4100000|  0%| F|  |TAMS 0x00000000c4000000, 0x00000000c4000000| Untracked 
|  43|0x00000000c4100000, 0x00000000c4100000, 0x00000000c4200000|  0%| F|  |TAMS 0x00000000c4100000, 0x00000000c4100000| Untracked 
|  44|0x00000000c4200000, 0x00000000c4200000, 0x00000000c4300000|  0%| F|  |TAMS 0x00000000c4200000, 0x00000000c4200000| Untracked 
|  45|0x00000000c4300000, 0x00000000c4300000, 0x00000000c4400000|  0%| F|  |TAMS 0x00000000c4300000, 0x00000000c4300000| Untracked 
|  46|0x00000000c4400000, 0x00000000c4400000, 0x00000000c4500000|  0%| F|  |TAMS 0x00000000c4400000, 0x00000000c4400000| Untracked 
|  47|0x00000000c4500000, 0x00000000c4500000, 0x00000000c4600000|  0%| F|  |TAMS 0x00000000c4500000, 0x00000000c4500000| Untracked 
|  48|0x00000000c4600000, 0x00000000c4600000, 0x00000000c4700000|  0%| F|  |TAMS 0x00000000c4600000, 0x00000000c4600000| Untracked 
|  49|0x00000000c4700000, 0x00000000c4700000, 0x00000000c4800000|  0%| F|  |TAMS 0x00000000c4700000, 0x00000000c4700000| Untracked 
|  50|0x00000000c4800000, 0x00000000c4800000, 0x00000000c4900000|  0%| F|  |TAMS 0x00000000c4800000, 0x00000000c4800000| Untracked 
|  51|0x00000000c4900000, 0x00000000c4900000, 0x00000000c4a00000|  0%| F|  |TAMS 0x00000000c4900000, 0x00000000c4900000| Untracked 
|  52|0x00000000c4a00000, 0x00000000c4a00000, 0x00000000c4b00000|  0%| F|  |TAMS 0x00000000c4a00000, 0x00000000c4a00000| Untracked 
|  53|0x00000000c4b00000, 0x00000000c4b00000, 0x00000000c4c00000|  0%| F|  |TAMS 0x00000000c4b00000, 0x00000000c4b00000| Untracked 
|  54|0x00000000c4c00000, 0x00000000c4c00000, 0x00000000c4d00000|  0%| F|  |TAMS 0x00000000c4c00000, 0x00000000c4c00000| Untracked 
|  55|0x00000000c4d00000, 0x00000000c4d00000, 0x00000000c4e00000|  0%| F|  |TAMS 0x00000000c4d00000, 0x00000000c4d00000| Untracked 
|  56|0x00000000c4e00000, 0x00000000c4e00000, 0x00000000c4f00000|  0%| F|  |TAMS 0x00000000c4e00000, 0x00000000c4e00000| Untracked 
|  57|0x00000000c4f00000, 0x00000000c4f00000, 0x00000000c5000000|  0%| F|  |TAMS 0x00000000c4f00000, 0x00000000c4f00000| Untracked 
|  58|0x00000000c5000000, 0x00000000c5000000, 0x00000000c5100000|  0%| F|  |TAMS 0x00000000c5000000, 0x00000000c5000000| Untracked 
|  59|0x00000000c5100000, 0x00000000c5100000, 0x00000000c5200000|  0%| F|  |TAMS 0x00000000c5100000, 0x00000000c5100000| Untracked 
|  60|0x00000000c5200000, 0x00000000c5200000, 0x00000000c5300000|  0%| F|  |TAMS 0x00000000c5200000, 0x00000000c5200000| Untracked 
|  61|0x00000000c5300000, 0x00000000c5300000, 0x00000000c5400000|  0%| F|  |TAMS 0x00000000c5300000, 0x00000000c5300000| Untracked 
|  62|0x00000000c5400000, 0x00000000c5400000, 0x00000000c5500000|  0%| F|  |TAMS 0x00000000c5400000, 0x00000000c5400000| Untracked 
|  63|0x00000000c5500000, 0x00000000c5500000, 0x00000000c5600000|  0%| F|  |TAMS 0x00000000c5500000, 0x00000000c5500000| Untracked 

Card table byte_map: [0x000002319d1d0000,0x000002319d3d0000] _byte_map_base: 0x000002319cbc5000

Marking Bits (Prev, Next): (CMBitMap*) 0x0000023185b05388, (CMBitMap*) 0x0000023185b05348
 Prev Bits: [0x000002319e580000, 0x000002319f528000)
 Next Bits: [0x000002319d5d0000, 0x000002319e578000)

Polling page: 0x0000023183a80000

Metaspace:

Usage:
  Non-class:     20.56 MB capacity,    20.28 MB ( 99%) used,   237.14 KB (  1%) free+waste,    51.56 KB ( <1%) overhead. 
      Class:      2.70 MB capacity,     2.52 MB ( 93%) used,   161.12 KB (  6%) free+waste,    26.31 KB ( <1%) overhead. 
       Both:     23.26 MB capacity,    22.79 MB ( 98%) used,   398.26 KB (  2%) free+waste,    77.88 KB ( <1%) overhead. 

Virtual space:
  Non-class space:       22.00 MB reserved,      20.75 MB ( 94%) committed 
      Class space:        1.00 GB reserved,       2.75 MB ( <1%) committed 
             Both:        1.02 GB reserved,      23.50 MB (  2%) committed 

Chunk freelists:
   Non-Class:  5.00 KB
       Class:  17.00 KB
        Both:  22.00 KB

MaxMetaspaceSize: 17179869184.00 GB
CompressedClassSpaceSize: 1.00 GB

CodeHeap 'non-profiled nmethods': size=120000Kb used=973Kb max_used=973Kb free=119027Kb
 bounds [0x0000023195aa0000, 0x0000023195d10000, 0x000002319cfd0000]
CodeHeap 'profiled nmethods': size=120000Kb used=5514Kb max_used=5514Kb free=114485Kb
 bounds [0x000002318e570000, 0x000002318eae0000, 0x0000023195aa0000]
CodeHeap 'non-nmethods': size=5760Kb used=1438Kb max_used=1472Kb free=4322Kb
 bounds [0x000002318dfd0000, 0x000002318e240000, 0x000002318e570000]
 total_blobs=4252 nmethods=2610 adapters=667
 compilation: enabled
              stopped_count=0, restarted_count=0
 full_count=0

Compilation events (20 events):
Event: 8.665 Thread 0x00000231a1aed000 nmethod 2598% 0x0000023195b84b10 code [0x0000023195b84d80, 0x0000023195b87428]
Event: 8.665 Thread 0x00000231a1aed000 2597 % !   4       sun.awt.image.PNGImageDecoder::produceImage @ 960 (1917 bytes)
Event: 8.666 Thread 0x00000231a1af4800 2653       3       java.io.BufferedInputStream::getInIfOpen (21 bytes)
Event: 8.667 Thread 0x00000231a1af4800 nmethod 2653 0x000002318eaccd10 code [0x000002318eaccec0, 0x000002318eacd150]
Event: 8.668 Thread 0x00000231a1af4800 2654       3       javax.swing.RepaintManager::currentManager (5 bytes)
Event: 8.668 Thread 0x00000231a1af4800 nmethod 2654 0x000002318eacd210 code [0x000002318eacd3e0, 0x000002318eacd5e0]
Event: 8.669 Thread 0x00000231a1af4800 2655       3       java.io.BufferedInputStream::fill (203 bytes)
Event: 8.670 Thread 0x00000231a1af4800 nmethod 2655 0x000002318eacd690 code [0x000002318eacd920, 0x000002318eace750]
Event: 8.671 Thread 0x00000231a1af4800 2656       3       java.awt.Container::adjustDescendantsOnParent (16 bytes)
Event: 8.672 Thread 0x00000231a1af4800 nmethod 2656 0x000002318eaceb10 code [0x000002318eacecc0, 0x000002318eacf070]
Event: 8.685 Thread 0x00000231a1af4800 2657   !   3       java.nio.charset.Charset::defaultCharset (53 bytes)
Event: 8.687 Thread 0x00000231a1af4800 nmethod 2657 0x000002318eacf190 code [0x000002318eacf480, 0x000002318ead0630]
Event: 8.693 Thread 0x00000231a1af4800 2658       3       java.util.zip.InflaterInputStream::available (32 bytes)
Event: 8.693 Thread 0x00000231a1af4800 nmethod 2658 0x000002318ead0c10 code [0x000002318ead0de0, 0x000002318ead13d0]
Event: 8.694 Thread 0x00000231a1af4800 2659   !   3       java.util.Locale::getDefault (132 bytes)
Event: 8.694 Thread 0x00000231a1af4800 nmethod 2659 0x000002318ead1590 code [0x000002318ead17a0, 0x000002318ead20a0]
Event: 8.750 Thread 0x00000231a1af4800 2660       3       java.util.concurrent.ConcurrentHashMap::values (25 bytes)
Event: 8.751 Thread 0x00000231a1af4800 nmethod 2660 0x000002318ead2290 code [0x000002318ead2460, 0x000002318ead2858]
Event: 8.751 Thread 0x00000231a1af4800 2661       3       java.util.concurrent.ConcurrentHashMap$ValuesView::iterator (34 bytes)
Event: 8.751 Thread 0x00000231a1af4800 nmethod 2661 0x000002318ead2990 code [0x000002318ead2b60, 0x000002318ead2f80]

GC Heap History (10 events):
Event: 0.755 GC heap before
{Heap before GC invocations=0 (full 0):
 garbage-first heap   total 65536K, used 14336K [0x00000000c1600000, 0x0000000100000000)
  region size 1024K, 14 young (14336K), 0 survivors (0K)
 Metaspace       used 7676K, capacity 8017K, committed 8192K, reserved 1056768K
  class space    used 803K, capacity 959K, committed 1024K, reserved 1048576K
}
Event: 0.762 GC heap after
{Heap after GC invocations=1 (full 0):
 garbage-first heap   total 65536K, used 4801K [0x00000000c1600000, 0x0000000100000000)
  region size 1024K, 2 young (2048K), 2 survivors (2048K)
 Metaspace       used 7676K, capacity 8017K, committed 8192K, reserved 1056768K
  class space    used 803K, capacity 959K, committed 1024K, reserved 1048576K
}
Event: 1.068 GC heap before
{Heap before GC invocations=1 (full 0):
 garbage-first heap   total 65536K, used 9921K [0x00000000c1600000, 0x0000000100000000)
  region size 1024K, 7 young (7168K), 2 survivors (2048K)
 Metaspace       used 9964K, capacity 10304K, committed 10496K, reserved 1058816K
  class space    used 1040K, capacity 1188K, committed 1280K, reserved 1048576K
}
Event: 1.077 GC heap after
{Heap after GC invocations=2 (full 0):
 garbage-first heap   total 65536K, used 6958K [0x00000000c1600000, 0x0000000100000000)
  region size 1024K, 1 young (1024K), 1 survivors (1024K)
 Metaspace       used 9964K, capacity 10304K, committed 10496K, reserved 1058816K
  class space    used 1040K, capacity 1188K, committed 1280K, reserved 1048576K
}
Event: 2.469 GC heap before
{Heap before GC invocations=2 (full 0):
 garbage-first heap   total 65536K, used 26414K [0x00000000c1600000, 0x0000000100000000)
  region size 1024K, 20 young (20480K), 1 survivors (1024K)
 Metaspace       used 17694K, capacity 18143K, committed 18304K, reserved 1064960K
  class space    used 1895K, capacity 2070K, committed 2176K, reserved 1048576K
}
Event: 2.475 GC heap after
{Heap after GC invocations=3 (full 0):
 garbage-first heap   total 65536K, used 10123K [0x00000000c1600000, 0x0000000100000000)
  region size 1024K, 3 young (3072K), 3 survivors (3072K)
 Metaspace       used 17694K, capacity 18143K, committed 18304K, reserved 1064960K
  class space    used 1895K, capacity 2070K, committed 2176K, reserved 1048576K
}
Event: 2.831 GC heap before
{Heap before GC invocations=3 (full 0):
 garbage-first heap   total 65536K, used 16267K [0x00000000c1600000, 0x0000000100000000)
  region size 1024K, 9 young (9216K), 3 survivors (3072K)
 Metaspace       used 20684K, capacity 21171K, committed 21296K, reserved 1069056K
  class space    used 2238K, capacity 2419K, committed 2432K, reserved 1048576K
}
Event: 2.837 GC heap after
{Heap after GC invocations=4 (full 0):
 garbage-first heap   total 65536K, used 12188K [0x00000000c1600000, 0x0000000100000000)
  region size 1024K, 1 young (1024K), 1 survivors (1024K)
 Metaspace       used 20684K, capacity 21171K, committed 21296K, reserved 1069056K
  class space    used 2238K, capacity 2419K, committed 2432K, reserved 1048576K
}
Event: 8.752 GC heap before
{Heap before GC invocations=5 (full 0):
 garbage-first heap   total 45056K, used 20380K [0x00000000c1600000, 0x0000000100000000)
  region size 1024K, 11 young (11264K), 1 survivors (1024K)
 Metaspace       used 23341K, capacity 23818K, committed 24064K, reserved 1071104K
  class space    used 2579K, capacity 2767K, committed 2816K, reserved 1048576K
}
Event: 8.756 GC heap after
{Heap after GC invocations=6 (full 0):
 garbage-first heap   total 45056K, used 14540K [0x00000000c1600000, 0x0000000100000000)
  region size 1024K, 3 young (3072K), 3 survivors (3072K)
 Metaspace       used 23341K, capacity 23818K, committed 24064K, reserved 1071104K
  class space    used 2579K, capacity 2767K, committed 2816K, reserved 1048576K
}

Deoptimization events (20 events):
Event: 8.702 Thread 0x00000231a1af6000 DEOPT PACKING pc=0x000002318e9607e9 sp=0x000000faba7feab0
Event: 8.702 Thread 0x00000231a1af6000 DEOPT UNPACKING pc=0x000002318e01964e sp=0x000000faba7fdf28 mode 0
Event: 8.703 Thread 0x00000231a1af6000 DEOPT PACKING pc=0x000002318eaa5633 sp=0x000000faba7fed40
Event: 8.703 Thread 0x00000231a1af6000 DEOPT UNPACKING pc=0x000002318e01964e sp=0x000000faba7fe3a0 mode 0
Event: 8.703 Thread 0x00000231a1af6000 DEOPT PACKING pc=0x000002318e9607e9 sp=0x000000faba7febf0
Event: 8.703 Thread 0x00000231a1af6000 DEOPT UNPACKING pc=0x000002318e01964e sp=0x000000faba7fe068 mode 0
Event: 8.704 Thread 0x00000231a1af6000 DEOPT PACKING pc=0x000002318e9607e9 sp=0x000000faba7feab0
Event: 8.704 Thread 0x00000231a1af6000 DEOPT UNPACKING pc=0x000002318e01964e sp=0x000000faba7fdf28 mode 0
Event: 8.704 Thread 0x00000231a1af6000 DEOPT PACKING pc=0x000002318eaa5633 sp=0x000000faba7fed40
Event: 8.704 Thread 0x00000231a1af6000 DEOPT UNPACKING pc=0x000002318e01964e sp=0x000000faba7fe3a0 mode 0
Event: 8.704 Thread 0x00000231a1af6000 DEOPT PACKING pc=0x000002318e9607e9 sp=0x000000faba7feab0
Event: 8.704 Thread 0x00000231a1af6000 DEOPT UNPACKING pc=0x000002318e01964e sp=0x000000faba7fdf28 mode 0
Event: 8.705 Thread 0x00000231a1af6000 DEOPT PACKING pc=0x000002318eaa5633 sp=0x000000faba7fed40
Event: 8.705 Thread 0x00000231a1af6000 DEOPT UNPACKING pc=0x000002318e01964e sp=0x000000faba7fe3a0 mode 0
Event: 8.705 Thread 0x00000231a1af6000 DEOPT PACKING pc=0x000002318e9607e9 sp=0x000000faba7feab0
Event: 8.705 Thread 0x00000231a1af6000 DEOPT UNPACKING pc=0x000002318e01964e sp=0x000000faba7fdf28 mode 0
Event: 8.706 Thread 0x00000231a1af6000 DEOPT PACKING pc=0x000002318eaa5633 sp=0x000000faba7fed40
Event: 8.706 Thread 0x00000231a1af6000 DEOPT UNPACKING pc=0x000002318e01964e sp=0x000000faba7fe3a0 mode 0
Event: 8.706 Thread 0x00000231a1af6000 DEOPT PACKING pc=0x000002318e9607e9 sp=0x000000faba7feab0
Event: 8.706 Thread 0x00000231a1af6000 DEOPT UNPACKING pc=0x000002318e01964e sp=0x000000faba7fdf28 mode 0

Classes unloaded (0 events):
No events

Classes redefined (0 events):
No events

Internal exceptions (20 events):
Event: 0.403 Thread 0x00000231a29a6000 Exception <a 'java/lang/NoSuchMethodError'{0x00000000c50e0e60}: 'java.lang.Object java.lang.invoke.DirectMethodHandle$Holder.invokeStatic(java.lang.Object, int, java.lang.Object)'> (0x00000000c50e0e60) 
thrown [t:/workspace/open/src/hotspot/share/interpreter/linkResolver.cpp, line 767]
Event: 0.426 Thread 0x00000231a29a6000 Exception <a 'java/lang/ClassNotFoundException'{0x00000000c4f84558}: com/sun/swing/internal/plaf/metal/resources/spi/metalProvider> (0x00000000c4f84558) 
thrown [t:/workspace/open/src/hotspot/share/classfile/systemDictionary.cpp, line 232]
Event: 0.427 Thread 0x00000231a29a6000 Exception <a 'java/lang/ClassNotFoundException'{0x00000000c4f88600}: com/sun/swing/internal/plaf/basic/resources/spi/basicProvider> (0x00000000c4f88600) 
thrown [t:/workspace/open/src/hotspot/share/classfile/systemDictionary.cpp, line 232]
Event: 0.543 Thread 0x00000231a29a6000 Exception <a 'java/lang/NoSuchMethodError'{0x00000000c4d95758}: 'java.lang.Object java.lang.invoke.DirectMethodHandle$Holder.invokeStatic(java.lang.Object, int, int, int)'> (0x00000000c4d95758) 
thrown [t:/workspace/open/src/hotspot/share/interpreter/linkResolver.cpp, line 767]
Event: 1.200 Thread 0x00000231a29a6000 Exception <a 'java/lang/NoSuchMethodError'{0x00000000c51d6ea8}: 'java.lang.Object java.lang.invoke.DirectMethodHandle$Holder.invokeStaticInit(java.lang.Object, int, int, int, int)'> (0x00000000c51d6ea8) 
thrown [t:/workspace/open/src/hotspot/share/interpreter/linkResolver.cpp, line 767]
Event: 1.202 Thread 0x00000231a29a6000 Exception <a 'sun/nio/fs/WindowsException'{0x00000000c51dcbe8}> (0x00000000c51dcbe8) 
thrown [t:/workspace/open/src/hotspot/share/prims/jni.cpp, line 598]
Event: 1.204 Thread 0x00000231a29a6000 Exception <a 'java/lang/NoSuchMethodError'{0x00000000c51de7d0}: 'int java.lang.invoke.DirectMethodHandle$Holder.invokeSpecialIFC(java.lang.Object, java.lang.Object, int)'> (0x00000000c51de7d0) 
thrown [t:/workspace/open/src/hotspot/share/interpreter/linkResolver.cpp, line 767]
Event: 1.222 Thread 0x00000231a29a6000 Exception <a 'java/lang/NoSuchMethodError'{0x00000000c4f07578}: 'int java.lang.invoke.DirectMethodHandle$Holder.invokeStaticInit(java.lang.Object, java.lang.Object, java.lang.Object, java.lang.Object)'> (0x00000000c4f07578) 
thrown [t:/workspace/open/src/hotspot/share/interpreter/linkResolver.cpp, line 767]
Event: 1.224 Thread 0x00000231a29a6000 Exception <a 'java/lang/IncompatibleClassChangeError'{0x00000000c4f10028}: Found class java.lang.Object, but interface was expected> (0x00000000c4f10028) 
thrown [t:/workspace/open/src/hotspot/share/interpreter/linkResolver.cpp, line 833]
Event: 1.225 Thread 0x00000231a29a6000 Exception <a 'java/lang/NoSuchMethodError'{0x00000000c4f12de0}: 'void java.lang.invoke.DirectMethodHandle$Holder.invokeStaticInit(java.lang.Object, java.lang.Object)'> (0x00000000c4f12de0) 
thrown [t:/workspace/open/src/hotspot/share/interpreter/linkResolver.cpp, line 767]
Event: 1.226 Thread 0x00000231a29a6000 Exception <a 'java/lang/NoSuchMethodError'{0x00000000c4f18490}: 'int java.lang.invoke.DirectMethodHandle$Holder.invokeStaticInit(java.lang.Object, java.lang.Object)'> (0x00000000c4f18490) 
thrown [t:/workspace/open/src/hotspot/share/interpreter/linkResolver.cpp, line 767]
Event: 1.842 Thread 0x00000231a29a6000 Exception <a 'java/lang/NoSuchMethodError'{0x00000000c4d18788}: 'java.lang.Object java.lang.invoke.DirectMethodHandle$Holder.invokeStaticInit(java.lang.Object, java.lang.Object, int, int, int, int)'> (0x00000000c4d18788) 
thrown [t:/workspace/open/src/hotspot/share/interpreter/linkResolver.cpp, line 767]
Event: 2.040 Thread 0x00000231a29a6000 Exception <a 'java/lang/NullPointerException'{0x00000000c4cae888}> (0x00000000c4cae888) 
thrown [t:/workspace/open/src/hotspot/share/interpreter/linkResolver.cpp, line 1349]
Event: 2.041 Thread 0x00000231a29a6000 Exception <a 'java/lang/reflect/InvocationTargetException'{0x00000000c4cb24b8}> (0x00000000c4cb24b8) 
thrown [t:/workspace/open/src/hotspot/share/runtime/reflection.cpp, line 1188]
Event: 2.082 Thread 0x00000231a29a6000 Exception <a 'java/lang/NoSuchMethodError'{0x00000000c4bfce38}: 'java.lang.Object java.lang.invoke.DirectMethodHandle$Holder.invokeVirtual(java.lang.Object, java.lang.Object, java.lang.Object)'> (0x00000000c4bfce38) 
thrown [t:/workspace/open/src/hotspot/share/interpreter/linkResolver.cpp, line 767]
Event: 2.537 Thread 0x00000231a29a6000 Exception <a 'java/lang/NoSuchMethodError'{0x00000000c5441810}: 'java.lang.Object java.lang.invoke.DirectMethodHandle$Holder.invokeVirtual(java.lang.Object, java.lang.Object, java.lang.Object, java.lang.Object)'> (0x00000000c5441810) 
thrown [t:/workspace/open/src/hotspot/share/interpreter/linkResolver.cpp, line 767]
Event: 2.607 Thread 0x00000231a29a6000 Exception <a 'java/lang/NoSuchMethodError'{0x00000000c53419a8}: 'void java.lang.invoke.DirectMethodHandle$Holder.invokeStaticInit(java.lang.Object)'> (0x00000000c53419a8) 
thrown [t:/workspace/open/src/hotspot/share/interpreter/linkResolver.cpp, line 767]
Event: 2.616 Thread 0x00000231a29a6000 Exception <a 'java/lang/NoSuchMethodError'{0x00000000c5368958}: 'java.lang.Object java.lang.invoke.Invokers$Holder.linkToTargetMethod(java.lang.Object, int, java.lang.Object)'> (0x00000000c5368958) 
thrown [t:/workspace/open/src/hotspot/share/interpreter/linkResolver.cpp, line 767]
Event: 7.676 Thread 0x00000231a29a6000 Exception <a 'sun/nio/fs/WindowsException'{0x00000000c3e3f5b0}> (0x00000000c3e3f5b0) 
thrown [t:/workspace/open/src/hotspot/share/prims/jni.cpp, line 598]
Event: 7.825 Thread 0x00000231a1af7800 Exception <a 'java/lang/InterruptedException'{0x00000000c3e782c0}: sleep interrupted> (0x00000000c3e782c0) 
thrown [t:/workspace/open/src/hotspot/share/prims/jvm.cpp, line 2966]

Events (20 events):
Event: 8.707 Executing VM operation: RevokeBias
Event: 8.707 Executing VM operation: RevokeBias done
Event: 8.707 Executing VM operation: RevokeBias
Event: 8.707 Executing VM operation: RevokeBias done
Event: 8.709 loading class elements/RoundLabel
Event: 8.709 loading class elements/RoundLabel done
Event: 8.725 Executing VM operation: RevokeBias
Event: 8.726 Executing VM operation: RevokeBias done
Event: 8.733 loading class sun/awt/image/JPEGImageDecoder
Event: 8.733 loading class sun/awt/image/JPEGImageDecoder done
Event: 8.733 loading class sun/awt/image/JPEGImageDecoder$1
Event: 8.733 loading class sun/awt/image/JPEGImageDecoder$1 done
Event: 8.750 Loaded shared library C:\Program Files\Java\jdk-13.0.2\bin\javajpeg.dll
Event: 8.750 Executing VM operation: RevokeBias
Event: 8.751 Executing VM operation: RevokeBias done
Event: 8.752 Executing VM operation: RevokeBias
Event: 8.752 Executing VM operation: RevokeBias done
Event: 8.752 Executing VM operation: G1CollectForAllocation
Event: 8.756 Executing VM operation: G1CollectForAllocation done
Event: 8.788 Executing VM operation: HandshakeAllThreads


Dynamic libraries:
0x00007ff63a940000 - 0x00007ff63a94f000 	C:\Program Files\Java\jdk-13.0.2\bin\javaw.exe
0x00007ffbb7de0000 - 0x00007ffbb7fd0000 	C:\Windows\SYSTEM32\ntdll.dll
0x00007ffbb6920000 - 0x00007ffbb69d2000 	C:\Windows\System32\KERNEL32.DLL
0x00007ffbb5560000 - 0x00007ffbb5805000 	C:\Windows\System32\KERNELBASE.dll
0x00007ffbb5a20000 - 0x00007ffbb5b1a000 	C:\Windows\System32\ucrtbase.dll
0x00007ffbb14c0000 - 0x00007ffbb14d5000 	C:\Program Files\Java\jdk-13.0.2\bin\VCRUNTIME140.dll
0x00007ffbb04f0000 - 0x00007ffbb0508000 	C:\Program Files\Java\jdk-13.0.2\bin\jli.dll
0x00007ffbb73b0000 - 0x00007ffbb7453000 	C:\Windows\System32\ADVAPI32.dll
0x00007ffbb7810000 - 0x00007ffbb78ae000 	C:\Windows\System32\msvcrt.dll
0x00007ffbb7770000 - 0x00007ffbb7807000 	C:\Windows\System32\sechost.dll
0x00007ffbb6800000 - 0x00007ffbb691f000 	C:\Windows\System32\RPCRT4.dll
0x00007ffbb6fc0000 - 0x00007ffbb7154000 	C:\Windows\System32\USER32.dll
0x00007ffba65d0000 - 0x00007ffba6854000 	C:\Windows\WinSxS\amd64_microsoft.windows.common-controls_6595b64144ccf1df_6.0.18362.1556_none_9e7e372fe45e41d5\COMCTL32.dll
0x00007ffbb5b20000 - 0x00007ffbb5b41000 	C:\Windows\System32\win32u.dll
0x00007ffbb71d0000 - 0x00007ffbb71f6000 	C:\Windows\System32\GDI32.dll
0x00007ffbb69e0000 - 0x00007ffbb6d16000 	C:\Windows\System32\combase.dll
0x00007ffbb5b70000 - 0x00007ffbb5d08000 	C:\Windows\System32\gdi32full.dll
0x00007ffbb4d50000 - 0x00007ffbb4dd1000 	C:\Windows\System32\bcryptPrimitives.dll
0x00007ffbb5d10000 - 0x00007ffbb5dae000 	C:\Windows\System32\msvcp_win.dll
0x00007ffba9a20000 - 0x00007ffba9a2a000 	C:\Windows\SYSTEM32\VERSION.dll
0x00007ffbb78d0000 - 0x00007ffbb78fe000 	C:\Windows\System32\IMM32.DLL
0x00007ffb9cab0000 - 0x00007ffb9cb4b000 	C:\Program Files\Java\jdk-13.0.2\bin\msvcp140.dll
0x00007ffb85790000 - 0x00007ffb862ed000 	C:\Program Files\Java\jdk-13.0.2\bin\server\jvm.dll
0x00007ffbb67f0000 - 0x00007ffbb67f8000 	C:\Windows\System32\PSAPI.DLL
0x00007ffbb1570000 - 0x00007ffbb1579000 	C:\Windows\SYSTEM32\WSOCK32.dll
0x00007ffbb18f0000 - 0x00007ffbb1914000 	C:\Windows\SYSTEM32\WINMM.dll
0x00007ffbb7160000 - 0x00007ffbb71cf000 	C:\Windows\System32\WS2_32.dll
0x00007ffbb18c0000 - 0x00007ffbb18ed000 	C:\Windows\SYSTEM32\WINMMBASE.dll
0x00007ffbb5810000 - 0x00007ffbb585a000 	C:\Windows\System32\cfgmgr32.dll
0x00007ffbb4c90000 - 0x00007ffbb4ca1000 	C:\Windows\System32\kernel.appcore.dll
0x00007ffbafe30000 - 0x00007ffbafe40000 	C:\Program Files\Java\jdk-13.0.2\bin\verify.dll
0x00007ffba5f30000 - 0x00007ffba6124000 	C:\Windows\SYSTEM32\DBGHELP.DLL
0x00007ffba5f00000 - 0x00007ffba5f2a000 	C:\Windows\SYSTEM32\dbgcore.DLL
0x00007ffbae760000 - 0x00007ffbae786000 	C:\Program Files\Java\jdk-13.0.2\bin\java.dll
0x00007ffbad1d0000 - 0x00007ffbad1e7000 	C:\Program Files\Java\jdk-13.0.2\bin\zip.dll
0x00007ffbafd10000 - 0x00007ffbafd1a000 	C:\Program Files\Java\jdk-13.0.2\bin\jimage.dll
0x00007ffbb5e60000 - 0x00007ffbb6547000 	C:\Windows\System32\SHELL32.dll
0x00007ffbb6550000 - 0x00007ffbb65f8000 	C:\Windows\System32\shcore.dll
0x00007ffbb4de0000 - 0x00007ffbb555b000 	C:\Windows\System32\windows.storage.dll
0x00007ffbb4cb0000 - 0x00007ffbb4cce000 	C:\Windows\System32\profapi.dll
0x00007ffbb4cd0000 - 0x00007ffbb4d1a000 	C:\Windows\System32\powrprof.dll
0x00007ffbb4c60000 - 0x00007ffbb4c70000 	C:\Windows\System32\UMPDC.dll
0x00007ffbb6e00000 - 0x00007ffbb6e52000 	C:\Windows\System32\shlwapi.dll
0x00007ffbb5b50000 - 0x00007ffbb5b67000 	C:\Windows\System32\cryptsp.dll
0x00007ffba9aa0000 - 0x00007ffba9ab9000 	C:\Program Files\Java\jdk-13.0.2\bin\net.dll
0x00007ffbb03e0000 - 0x00007ffbb04da000 	C:\Windows\SYSTEM32\WINHTTP.dll
0x00007ffbb44a0000 - 0x00007ffbb4507000 	C:\Windows\system32\mswsock.dll
0x00007ffba9690000 - 0x00007ffba96a3000 	C:\Program Files\Java\jdk-13.0.2\bin\nio.dll
0x00007ffb89180000 - 0x00007ffb89319000 	C:\Program Files\Java\jdk-13.0.2\bin\awt.dll
0x00007ffbb7200000 - 0x00007ffbb72c5000 	C:\Windows\System32\OLEAUT32.dll
0x00007ffbb2dd0000 - 0x00007ffbb2e5f000 	C:\Windows\SYSTEM32\apphelp.dll
0x00007ffbb2f80000 - 0x00007ffbb3019000 	C:\Windows\system32\uxtheme.dll
0x00007ffbb6600000 - 0x00007ffbb6735000 	C:\Windows\System32\MSCTF.dll
0x00007ffbb6e60000 - 0x00007ffbb6fb7000 	C:\Windows\System32\ole32.dll
0x00007ffbb3070000 - 0x00007ffbb309d000 	C:\Windows\system32\DWMAPI.DLL
0x00007ffb89020000 - 0x00007ffb89176000 	C:\Windows\system32\opengl32.dll
0x00007ffba2f20000 - 0x00007ffba2f4c000 	C:\Windows\SYSTEM32\GLU32.dll
0x00007ffbb38a0000 - 0x00007ffbb38c0000 	C:\Windows\SYSTEM32\dxcore.dll
0x00007ffb8f1e0000 - 0x00007ffb8f262000 	C:\Program Files\Java\jdk-13.0.2\bin\freetype.dll
0x00007ffb8da80000 - 0x00007ffb8db26000 	C:\Program Files\Java\jdk-13.0.2\bin\fontmanager.dll
0x00007ffbb41f0000 - 0x00007ffbb42bb000 	C:\Windows\SYSTEM32\DNSAPI.dll
0x00007ffbb6d90000 - 0x00007ffbb6d98000 	C:\Windows\System32\NSI.dll
0x00007ffbb41b0000 - 0x00007ffbb41ea000 	C:\Windows\SYSTEM32\IPHLPAPI.DLL
0x00007ffbac330000 - 0x00007ffbac33a000 	C:\Windows\System32\rasadhlp.dll
0x00007ffbac250000 - 0x00007ffbac2c7000 	C:\Windows\System32\fwpuclnt.dll
0x00007ffbb4d20000 - 0x00007ffbb4d46000 	C:\Windows\System32\bcrypt.dll
0x00007ffbae7d0000 - 0x00007ffbae7de000 	C:\Program Files\Java\jdk-13.0.2\bin\sunmscapi.dll
0x00007ffbb5860000 - 0x00007ffbb59b1000 	C:\Windows\System32\CRYPT32.dll
0x00007ffbb4c70000 - 0x00007ffbb4c82000 	C:\Windows\System32\MSASN1.dll
0x00007ffbb4780000 - 0x00007ffbb47a6000 	C:\Windows\SYSTEM32\ncrypt.dll
0x00007ffbb4740000 - 0x00007ffbb477b000 	C:\Windows\SYSTEM32\NTASN1.dll
0x00007ffba2fa0000 - 0x00007ffba2fc5000 	C:\Program Files\Java\jdk-13.0.2\bin\sunec.dll
0x00007ffbb4020000 - 0x00007ffbb4053000 	C:\Windows\system32\rsaenh.dll
0x00007ffbb4b80000 - 0x00007ffbb4ba5000 	C:\Windows\SYSTEM32\USERENV.dll
0x00007ffbb4670000 - 0x00007ffbb467c000 	C:\Windows\SYSTEM32\CRYPTBASE.dll
0x00007ffbacf50000 - 0x00007ffbacf66000 	C:\Windows\SYSTEM32\dhcpcsvc6.DLL
0x00007ffbad120000 - 0x00007ffbad13c000 	C:\Windows\SYSTEM32\dhcpcsvc.DLL
0x00007ffbb6740000 - 0x00007ffbb67e2000 	C:\Windows\System32\clbcatq.dll
0x00007ffbada10000 - 0x00007ffbadbbf000 	C:\Windows\SYSTEM32\WindowsCodecs.dll
0x00007ffb99830000 - 0x00007ffb9986b000 	C:\Windows\system32\dataexchange.dll
0x00007ffbb1fb0000 - 0x00007ffbb220b000 	C:\Windows\system32\d3d11.dll
0x00007ffbb2670000 - 0x00007ffbb284d000 	C:\Windows\system32\dcomp.dll
0x00007ffbb3930000 - 0x00007ffbb3a1b000 	C:\Windows\system32\dxgi.dll
0x00007ffbb30a0000 - 0x00007ffbb32fa000 	C:\Windows\system32\twinapi.appcore.dll
0x00007ffbb34b0000 - 0x00007ffbb34d9000 	C:\Windows\system32\RMCLIENT.dll
0x00007ffba9270000 - 0x00007ffba930b000 	C:\Windows\System32\TextInputFramework.dll
0x00007ffbb2bc0000 - 0x00007ffbb2c94000 	C:\Windows\System32\CoreMessaging.dll
0x00007ffbaf620000 - 0x00007ffbaf94a000 	C:\Windows\System32\CoreUIComponents.dll
0x00007ffbb0a10000 - 0x00007ffbb0b62000 	C:\Windows\SYSTEM32\wintypes.dll
0x00007ffbb3ca0000 - 0x00007ffbb3cd1000 	C:\Windows\SYSTEM32\ntmarta.dll
0x00007ffba7d40000 - 0x00007ffba7fe7000 	C:\Windows\System32\iertutil.dll
0x00007ffba7270000 - 0x00007ffba7276000 	C:\Users\User\AppData\Local\Temp\flatlaf.temp\flatlaf-windows-x86_64-4195017781905000.dll
0x00007ffbb1510000 - 0x00007ffbb1517000 	C:\Program Files\Java\jdk-13.0.2\bin\jawt.dll
0x00007ffb9e3f0000 - 0x00007ffb9e41d000 	C:\Program Files\Java\jdk-13.0.2\bin\javajpeg.dll

dbghelp: loaded successfully - version: 4.0.5 - missing functions: none
symbol engine: initialized successfully - sym options: 0x614 - pdb path: .;C:\Program Files\Java\jdk-13.0.2\bin;C:\Windows\SYSTEM32;C:\Windows\WinSxS\amd64_microsoft.windows.common-controls_6595b64144ccf1df_6.0.18362.1556_none_9e7e372fe45e41d5;C:\Program Files\Java\jdk-13.0.2\bin\server;C:\Users\User\AppData\Local\Temp\flatlaf.temp

VM Arguments:
jvm_args: -Dfile.encoding=Cp1252 
java_command: accounts.Login
java_class_path (initial): C:\Users\User\git\bakame\DriveOperations\target\classes;C:\Users\User\Desktop\Libraries\jgoodies-common-1.8.0.jar;C:\Users\User\Desktop\Libraries\jgoodies-forms-1.8.0.jar;C:\Users\User\Desktop\Libraries\miglayout15-swing.jar;C:\Users\User\Downloads\javax.mail.jar;C:\Users\User\Downloads\activation-1.1.1.jar;C:\Users\User\Downloads\jcalendar-1.4.jar;C:\Users\User\Downloads\jfreechart-1.0.19\lib\jcommon-1.0.23.jar;C:\Users\User\Downloads\jfreechart-1.0.19\lib\jfreechart-1.0.19.jar;C:\Users\User\Downloads\commons-net-3.8.0\commons-net-3.8.0.jar;C:\Users\User\Documents\Libs\comm-2.0.jar;C:\Users\User\Documents\Libs\http-2.2.1.jar;C:\Users\User\Downloads\JTattoo-1.6.13.jar;C:\Users\User\Desktop\Libs\jmespath-java-1.11.470.jar;C:\Users\User\Desktop\Libs\aws-java-sdk-core-1.12.65.jar;C:\Users\User\Desktop\Libs\aws-java-sdk-kms-1.12.65.jar;C:\Users\User\Desktop\Libs\aws-java-sdk-s3-1.12.65.jar;C:\Users\User\Desktop\Libs\commons-codec-1.15.jar;C:\Users\User\Desktop\Libs\commons-logging-1.1.3.jar;C:\Users\User\Desktop\Libs\httpclient-4.5.13.jar;C:\Users\User\Desktop\Libs\ion-java-1.0.2.jar;C:\Users\User\Desktop\Libs\jackson-annotations-2.12.3.jar;C:\Users\User\Desktop\Libs\jackson-core-2.12.3.jar;C:\Users\User\Desktop\Libs\jackson-databind-2.12.3.jar;C:\Users\User\Desktop\Libs\jackson-dataformat-cbor-2.12.3.jar;C:\Users\User\Desktop\Libs\jmespath-java-1.12.65.jar;C:\Users\User\Desktop\Libs\joda-time-2.8.1.jar;C:\Users\User\Desktop\Libs\mysql-connector-java-5.1.45.jar;C:\Users\User\.m2\repository\com\amazonaws\aws-java-sdk-s3\1.12.65\aws-java-sdk-s3-1.12.65.jar;C:\Users\User\.m2\repository\com\amazonaws\aws-java-sdk-kms\1.12.65\aws-java-sdk-kms-1.12.65.jar;C:\Users\User\.m2\repository\com\amazonaws\aws-java-sdk-core\1.12.65\aws-java-sdk-core-1.12.65.jar;C:\Users\User\.m2\repository\commons-logging\commons-logging\1.1.3\commons-logging-1.1.3.jar;C:\Users\User\.m2\repository\commons-codec\commons-codec\1.15\commons-codec-1.15.jar;C:\Users\User\.m2\re
Launcher Type: SUN_STANDARD

[Global flags]
     intx CICompilerCount                          = 3                                         {product} {ergonomic}
     uint ConcGCThreads                            = 1                                         {product} {ergonomic}
     uint G1ConcRefinementThreads                  = 4                                         {product} {ergonomic}
   size_t G1HeapRegionSize                         = 1048576                                   {product} {ergonomic}
    uintx GCDrainStackTargetSize                   = 64                                        {product} {ergonomic}
   size_t InitialHeapSize                          = 67108864                                  {product} {ergonomic}
   size_t MarkStackSize                            = 4194304                                   {product} {ergonomic}
   size_t MaxHeapSize                              = 1050673152                                {product} {ergonomic}
   size_t MaxNewSize                               = 630194176                                 {product} {ergonomic}
   size_t MinHeapDeltaBytes                        = 1048576                                   {product} {ergonomic}
   size_t MinHeapSize                              = 8388608                                   {product} {ergonomic}
    uintx NonNMethodCodeHeapSize                   = 5832780                                {pd product} {ergonomic}
    uintx NonProfiledCodeHeapSize                  = 122912730                              {pd product} {ergonomic}
    uintx ProfiledCodeHeapSize                     = 122912730                              {pd product} {ergonomic}
    uintx ReservedCodeCacheSize                    = 251658240                              {pd product} {ergonomic}
     bool SegmentedCodeCache                       = true                                      {product} {ergonomic}
   size_t SoftMaxHeapSize                          = 1050673152                             {manageable} {ergonomic}
     bool UseCompressedClassPointers               = true                                 {lp64_product} {ergonomic}
     bool UseCompressedOops                        = true                                 {lp64_product} {ergonomic}
     bool UseG1GC                                  = true                                      {product} {ergonomic}
     bool UseLargePagesIndividualAllocation        = false                                  {pd product} {ergonomic}

Logging:
Log output configuration:
 #0: stdout all=warning uptime,level,tags
 #1: stderr all=off uptime,level,tags

Environment Variables:
JAVA_HOME=C:\Program Files (x86)\Java\jre1.8.0_241
PATH=C:\Program Files\Java\jdk-13.0.2\bin;C:\Program Files (x86)\Common Files\Oracle\Java\javapath;C:\Windows\system32;C:\Windows;C:\Windows\System32\Wbem;C:\Windows\System32\WindowsPowerShell\v1.0\;C:\Windows\System32\OpenSSH\;C:\Program Files (x86)\apache-maven-3.8.1\bin;C:\Program Files (x86)\gradle-7.1.1\bin;C:\Users\User\Documents\Setup logiciels\mongosh-1.1.2-win32-x64\bin;C:\Program Files\Git\cmd;C:\Program Files\MySQL\MySQL Shell 8.0\bin\;C:\Users\User\AppData\Local\Microsoft\WindowsApps;C:\Users\User\AppData\Local\Programs\Microsoft VS Code\bin;C:\Program Files (x86)\gradle-7.1.1\bin;C:\Users\User\Downloads\platform-tools;C:\Users\User\Documents\Setup logiciels\mongosh-1.1.2-win32-x64\bin;C:\Users\User\AppData\Local\GitHubDesktop\bin;C:\Program Files\JetBrains\IntelliJ IDEA 2022.1.1\bin;
USERNAME=User
OS=Windows_NT
PROCESSOR_IDENTIFIER=Intel64 Family 6 Model 42 Stepping 7, GenuineIntel



---------------  S Y S T E M  ---------------

OS: Windows 10 , 64 bit Build 18362 (10.0.18362.1500)

CPU:total 4 (initial active 4) (2 cores per cpu, 2 threads per core) family 6 model 42 stepping 7, cmov, cx8, fxsr, mmx, sse, sse2, sse3, ssse3, sse4.1, sse4.2, popcnt, avx, aes, clmul, ht, tsc, tscinvbit

Memory: 4k page, system-wide physical 4006M (315M free)
TotalPageFile size 16294M (AvailPageFile size 54M)
current process WorkingSet (physical memory assigned to process): 118M, peak: 119M
current process commit charge ("private bytes"): 186M, peak: 341M

vm_info: Java HotSpot(TM) 64-Bit Server VM (13.0.2+8) for windows-amd64 JRE (13.0.2+8), built on Dec 11 2019 09:20:33 by "mach5one" with unknown MS VC++:1916

END.
