#
# There is insufficient memory for the Java Runtime Environment to continue.
# Native memory allocation (malloc) failed to allocate 32744 bytes for ChunkPool::allocate
# Possible reasons:
#   The system is out of physical RAM or swap space
#   The process is running with CompressedOops enabled, and the Java Heap may be blocking the growth of the native heap
# Possible solutions:
#   Reduce memory load on the system
#   Increase physical memory or swap space
#   Check if swap backing store is full
#   Decrease Java heap size (-Xmx/-Xms)
#   Decrease number of Java threads
#   Decrease Java thread stack sizes (-Xss)
#   Set larger code cache with -XX:ReservedCodeCacheSize=
#   JVM is running with Unscaled Compressed Oops mode in which the Java heap is
#     placed in the first 4GB address space. The Java Heap base address is the
#     maximum limit for the native heap growth. Please use -XX:HeapBaseMinAddress
#     to set the Java Heap base and to place the Java Heap above 4GB virtual address.
# This output file may be truncated or incomplete.
#
#  Out of Memory Error (t:/workspace/open/src/hotspot/share/memory/arena.cpp:80), pid=5880, tid=1064
#
# JRE version: Java(TM) SE Runtime Environment (13.0.2+8) (build 13.0.2+8)
# Java VM: Java HotSpot(TM) 64-Bit Server VM (13.0.2+8, mixed mode, tiered, compressed oops, g1 gc, windows-amd64)
# No core dump will be written. Minidumps are not enabled by default on client versions of Windows
#

---------------  S U M M A R Y ------------

Command Line: -Dfile.encoding=Cp1252 app.App

Host: Intel(R) Core(TM) i5-2520M CPU @ 2.50GHz, 4 cores, 3G,  Windows 10 , 64 bit Build 18362 (10.0.18362.1500)
Time: Sat Jul  9 18:27:42 2022 Afrique de l?Est elapsed time: 0 seconds (0d 0h 0m 0s)

---------------  T H R E A D  ---------------

Current thread (0x000002294ae22800):  JavaThread "main" [_thread_in_vm, id=1064, stack(0x0000004ae9800000,0x0000004ae9900000)]

Stack: [0x0000004ae9800000,0x0000004ae9900000]
Native frames: (J=compiled Java code, j=interpreted, Vv=VM code, C=native code)
V  [jvm.dll+0x624f9a]
V  [jvm.dll+0x770cfa]
V  [jvm.dll+0x7724af]
V  [jvm.dll+0x772ab3]
V  [jvm.dll+0x24bf08]
V  [jvm.dll+0xc2076]
V  [jvm.dll+0xc23cc]
V  [jvm.dll+0x1d59f3]
V  [jvm.dll+0x1d4d70]
V  [jvm.dll+0x6fbe40]
V  [jvm.dll+0x6fd37f]
V  [jvm.dll+0x6fd88d]
V  [jvm.dll+0x6fd6d3]
V  [jvm.dll+0x245b08]
V  [jvm.dll+0x245d62]
V  [jvm.dll+0x5248a3]
V  [jvm.dll+0x526a94]
V  [jvm.dll+0x379cbe]
V  [jvm.dll+0x3796f2]
C  0x000002295333ca14

Java frames: (J=compiled Java code, j=interpreted, Vv=VM code)
j  java.lang.invoke.MethodHandle.<clinit>()V+16 java.base
v  ~StubRoutines::call_stub

---------------  P R O C E S S  ---------------

Threads class SMR info:
_java_thread_list=0x0000022966e853a0, length=8, elements={
0x000002294ae22800, 0x0000022966e6f800, 0x0000022966e7d000, 0x0000022967bd2800,
0x0000022967bd3000, 0x0000022966ea5800, 0x0000022966eaa800, 0x0000022966eab800
}

Java Threads: ( => current thread )
=>0x000002294ae22800 JavaThread "main" [_thread_in_vm, id=1064, stack(0x0000004ae9800000,0x0000004ae9900000)]
  0x0000022966e6f800 JavaThread "Reference Handler" daemon [_thread_blocked, id=11952, stack(0x0000004ae9f00000,0x0000004aea000000)]
  0x0000022966e7d000 JavaThread "Finalizer" daemon [_thread_blocked, id=7432, stack(0x0000004aea000000,0x0000004aea100000)]
  0x0000022967bd2800 JavaThread "Signal Dispatcher" daemon [_thread_blocked, id=4356, stack(0x0000004aea100000,0x0000004aea200000)]
  0x0000022967bd3000 JavaThread "Attach Listener" daemon [_thread_blocked, id=10720, stack(0x0000004aea200000,0x0000004aea300000)]
  0x0000022966ea5800 JavaThread "C2 CompilerThread0" daemon [_thread_blocked, id=8492, stack(0x0000004aea300000,0x0000004aea400000)]
  0x0000022966eaa800 JavaThread "C1 CompilerThread0" daemon [_thread_blocked, id=9428, stack(0x0000004aea400000,0x0000004aea500000)]
  0x0000022966eab800 JavaThread "Sweeper thread" daemon [_thread_blocked, id=6996, stack(0x0000004aea500000,0x0000004aea600000)]

Other Threads:
  0x0000022966e20800 VMThread "VM Thread" [stack: 0x0000004ae9e00000,0x0000004ae9f00000] [id=11528]
  0x000002294ae52000 GCTaskThread "GC Thread#0" [stack: 0x0000004ae9900000,0x0000004ae9a00000] [id=7940]
  0x000002294ae5d000 ConcurrentGCThread "G1 Main Marker" [stack: 0x0000004ae9a00000,0x0000004ae9b00000] [id=9164]
  0x000002294ae5e800 ConcurrentGCThread "G1 Conc#0" [stack: 0x0000004ae9b00000,0x0000004ae9c00000] [id=11988]
  0x000002294aeb2000 ConcurrentGCThread "G1 Refine#0" [stack: 0x0000004ae9c00000,0x0000004ae9d00000] [id=6508]
  0x000002294aeb6000 ConcurrentGCThread "G1 Young RemSet Sampling" [stack: 0x0000004ae9d00000,0x0000004ae9e00000] [id=10612]

Threads with active compile tasks:

VM state:not at safepoint (normal execution)

VM Mutex/Monitor currently owned by a thread: None

Heap address: 0x00000000c1600000, size: 1002 MB, Compressed Oops mode: 32-bit
Narrow klass base: 0x0000000000000000, Narrow klass shift: 3
Compressed class space size: 1073741824 Address: 0x0000000100000000

Heap:
 garbage-first heap   total 65536K, used 0K [0x00000000c1600000, 0x0000000100000000)
  region size 1024K, 1 young (1024K), 0 survivors (0K)
 Metaspace       used 2295K, capacity 2504K, committed 2688K, reserved 1060864K
  class space    used 187K, capacity 384K, committed 384K, reserved 1048576K
Heap Regions: E=young(eden), S=young(survivor), O=old, HS=humongous(starts), HC=humongous(continues), CS=collection set, F=free, A=archive, TAMS=top-at-mark-start (previous, next)
|   0|0x00000000c1600000, 0x00000000c1600000, 0x00000000c1700000|  0%| F|  |TAMS 0x00000000c1600000, 0x00000000c1600000| Untracked 
|   1|0x00000000c1700000, 0x00000000c1700000, 0x00000000c1800000|  0%| F|  |TAMS 0x00000000c1700000, 0x00000000c1700000| Untracked 
|   2|0x00000000c1800000, 0x00000000c1800000, 0x00000000c1900000|  0%| F|  |TAMS 0x00000000c1800000, 0x00000000c1800000| Untracked 
|   3|0x00000000c1900000, 0x00000000c1900000, 0x00000000c1a00000|  0%| F|  |TAMS 0x00000000c1900000, 0x00000000c1900000| Untracked 
|   4|0x00000000c1a00000, 0x00000000c1a00000, 0x00000000c1b00000|  0%| F|  |TAMS 0x00000000c1a00000, 0x00000000c1a00000| Untracked 
|   5|0x00000000c1b00000, 0x00000000c1b00000, 0x00000000c1c00000|  0%| F|  |TAMS 0x00000000c1b00000, 0x00000000c1b00000| Untracked 
|   6|0x00000000c1c00000, 0x00000000c1c00000, 0x00000000c1d00000|  0%| F|  |TAMS 0x00000000c1c00000, 0x00000000c1c00000| Untracked 
|   7|0x00000000c1d00000, 0x00000000c1d00000, 0x00000000c1e00000|  0%| F|  |TAMS 0x00000000c1d00000, 0x00000000c1d00000| Untracked 
|   8|0x00000000c1e00000, 0x00000000c1e00000, 0x00000000c1f00000|  0%| F|  |TAMS 0x00000000c1e00000, 0x00000000c1e00000| Untracked 
|   9|0x00000000c1f00000, 0x00000000c1f00000, 0x00000000c2000000|  0%| F|  |TAMS 0x00000000c1f00000, 0x00000000c1f00000| Untracked 
|  10|0x00000000c2000000, 0x00000000c2000000, 0x00000000c2100000|  0%| F|  |TAMS 0x00000000c2000000, 0x00000000c2000000| Untracked 
|  11|0x00000000c2100000, 0x00000000c2100000, 0x00000000c2200000|  0%| F|  |TAMS 0x00000000c2100000, 0x00000000c2100000| Untracked 
|  12|0x00000000c2200000, 0x00000000c2200000, 0x00000000c2300000|  0%| F|  |TAMS 0x00000000c2200000, 0x00000000c2200000| Untracked 
|  13|0x00000000c2300000, 0x00000000c2300000, 0x00000000c2400000|  0%| F|  |TAMS 0x00000000c2300000, 0x00000000c2300000| Untracked 
|  14|0x00000000c2400000, 0x00000000c2400000, 0x00000000c2500000|  0%| F|  |TAMS 0x00000000c2400000, 0x00000000c2400000| Untracked 
|  15|0x00000000c2500000, 0x00000000c2500000, 0x00000000c2600000|  0%| F|  |TAMS 0x00000000c2500000, 0x00000000c2500000| Untracked 
|  16|0x00000000c2600000, 0x00000000c2600000, 0x00000000c2700000|  0%| F|  |TAMS 0x00000000c2600000, 0x00000000c2600000| Untracked 
|  17|0x00000000c2700000, 0x00000000c2700000, 0x00000000c2800000|  0%| F|  |TAMS 0x00000000c2700000, 0x00000000c2700000| Untracked 
|  18|0x00000000c2800000, 0x00000000c2800000, 0x00000000c2900000|  0%| F|  |TAMS 0x00000000c2800000, 0x00000000c2800000| Untracked 
|  19|0x00000000c2900000, 0x00000000c2900000, 0x00000000c2a00000|  0%| F|  |TAMS 0x00000000c2900000, 0x00000000c2900000| Untracked 
|  20|0x00000000c2a00000, 0x00000000c2a00000, 0x00000000c2b00000|  0%| F|  |TAMS 0x00000000c2a00000, 0x00000000c2a00000| Untracked 
|  21|0x00000000c2b00000, 0x00000000c2b00000, 0x00000000c2c00000|  0%| F|  |TAMS 0x00000000c2b00000, 0x00000000c2b00000| Untracked 
|  22|0x00000000c2c00000, 0x00000000c2c00000, 0x00000000c2d00000|  0%| F|  |TAMS 0x00000000c2c00000, 0x00000000c2c00000| Untracked 
|  23|0x00000000c2d00000, 0x00000000c2d00000, 0x00000000c2e00000|  0%| F|  |TAMS 0x00000000c2d00000, 0x00000000c2d00000| Untracked 
|  24|0x00000000c2e00000, 0x00000000c2e00000, 0x00000000c2f00000|  0%| F|  |TAMS 0x00000000c2e00000, 0x00000000c2e00000| Untracked 
|  25|0x00000000c2f00000, 0x00000000c2f00000, 0x00000000c3000000|  0%| F|  |TAMS 0x00000000c2f00000, 0x00000000c2f00000| Untracked 
|  26|0x00000000c3000000, 0x00000000c3000000, 0x00000000c3100000|  0%| F|  |TAMS 0x00000000c3000000, 0x00000000c3000000| Untracked 
|  27|0x00000000c3100000, 0x00000000c3100000, 0x00000000c3200000|  0%| F|  |TAMS 0x00000000c3100000, 0x00000000c3100000| Untracked 
|  28|0x00000000c3200000, 0x00000000c3200000, 0x00000000c3300000|  0%| F|  |TAMS 0x00000000c3200000, 0x00000000c3200000| Untracked 
|  29|0x00000000c3300000, 0x00000000c3300000, 0x00000000c3400000|  0%| F|  |TAMS 0x00000000c3300000, 0x00000000c3300000| Untracked 
|  30|0x00000000c3400000, 0x00000000c3400000, 0x00000000c3500000|  0%| F|  |TAMS 0x00000000c3400000, 0x00000000c3400000| Untracked 
|  31|0x00000000c3500000, 0x00000000c3500000, 0x00000000c3600000|  0%| F|  |TAMS 0x00000000c3500000, 0x00000000c3500000| Untracked 
|  32|0x00000000c3600000, 0x00000000c3600000, 0x00000000c3700000|  0%| F|  |TAMS 0x00000000c3600000, 0x00000000c3600000| Untracked 
|  33|0x00000000c3700000, 0x00000000c3700000, 0x00000000c3800000|  0%| F|  |TAMS 0x00000000c3700000, 0x00000000c3700000| Untracked 
|  34|0x00000000c3800000, 0x00000000c3800000, 0x00000000c3900000|  0%| F|  |TAMS 0x00000000c3800000, 0x00000000c3800000| Untracked 
|  35|0x00000000c3900000, 0x00000000c3900000, 0x00000000c3a00000|  0%| F|  |TAMS 0x00000000c3900000, 0x00000000c3900000| Untracked 
|  36|0x00000000c3a00000, 0x00000000c3a00000, 0x00000000c3b00000|  0%| F|  |TAMS 0x00000000c3a00000, 0x00000000c3a00000| Untracked 
|  37|0x00000000c3b00000, 0x00000000c3b00000, 0x00000000c3c00000|  0%| F|  |TAMS 0x00000000c3b00000, 0x00000000c3b00000| Untracked 
|  38|0x00000000c3c00000, 0x00000000c3c00000, 0x00000000c3d00000|  0%| F|  |TAMS 0x00000000c3c00000, 0x00000000c3c00000| Untracked 
|  39|0x00000000c3d00000, 0x00000000c3d00000, 0x00000000c3e00000|  0%| F|  |TAMS 0x00000000c3d00000, 0x00000000c3d00000| Untracked 
|  40|0x00000000c3e00000, 0x00000000c3e00000, 0x00000000c3f00000|  0%| F|  |TAMS 0x00000000c3e00000, 0x00000000c3e00000| Untracked 
|  41|0x00000000c3f00000, 0x00000000c3f00000, 0x00000000c4000000|  0%| F|  |TAMS 0x00000000c3f00000, 0x00000000c3f00000| Untracked 
|  42|0x00000000c4000000, 0x00000000c4000000, 0x00000000c4100000|  0%| F|  |TAMS 0x00000000c4000000, 0x00000000c4000000| Untracked 
|  43|0x00000000c4100000, 0x00000000c4100000, 0x00000000c4200000|  0%| F|  |TAMS 0x00000000c4100000, 0x00000000c4100000| Untracked 
|  44|0x00000000c4200000, 0x00000000c4200000, 0x00000000c4300000|  0%| F|  |TAMS 0x00000000c4200000, 0x00000000c4200000| Untracked 
|  45|0x00000000c4300000, 0x00000000c4300000, 0x00000000c4400000|  0%| F|  |TAMS 0x00000000c4300000, 0x00000000c4300000| Untracked 
|  46|0x00000000c4400000, 0x00000000c4400000, 0x00000000c4500000|  0%| F|  |TAMS 0x00000000c4400000, 0x00000000c4400000| Untracked 
|  47|0x00000000c4500000, 0x00000000c4500000, 0x00000000c4600000|  0%| F|  |TAMS 0x00000000c4500000, 0x00000000c4500000| Untracked 
|  48|0x00000000c4600000, 0x00000000c4600000, 0x00000000c4700000|  0%| F|  |TAMS 0x00000000c4600000, 0x00000000c4600000| Untracked 
|  49|0x00000000c4700000, 0x00000000c4700000, 0x00000000c4800000|  0%| F|  |TAMS 0x00000000c4700000, 0x00000000c4700000| Untracked 
|  50|0x00000000c4800000, 0x00000000c4800000, 0x00000000c4900000|  0%| F|  |TAMS 0x00000000c4800000, 0x00000000c4800000| Untracked 
|  51|0x00000000c4900000, 0x00000000c4900000, 0x00000000c4a00000|  0%| F|  |TAMS 0x00000000c4900000, 0x00000000c4900000| Untracked 
|  52|0x00000000c4a00000, 0x00000000c4a00000, 0x00000000c4b00000|  0%| F|  |TAMS 0x00000000c4a00000, 0x00000000c4a00000| Untracked 
|  53|0x00000000c4b00000, 0x00000000c4b00000, 0x00000000c4c00000|  0%| F|  |TAMS 0x00000000c4b00000, 0x00000000c4b00000| Untracked 
|  54|0x00000000c4c00000, 0x00000000c4c00000, 0x00000000c4d00000|  0%| F|  |TAMS 0x00000000c4c00000, 0x00000000c4c00000| Untracked 
|  55|0x00000000c4d00000, 0x00000000c4d00000, 0x00000000c4e00000|  0%| F|  |TAMS 0x00000000c4d00000, 0x00000000c4d00000| Untracked 
|  56|0x00000000c4e00000, 0x00000000c4e00000, 0x00000000c4f00000|  0%| F|  |TAMS 0x00000000c4e00000, 0x00000000c4e00000| Untracked 
|  57|0x00000000c4f00000, 0x00000000c4f00000, 0x00000000c5000000|  0%| F|  |TAMS 0x00000000c4f00000, 0x00000000c4f00000| Untracked 
|  58|0x00000000c5000000, 0x00000000c5000000, 0x00000000c5100000|  0%| F|  |TAMS 0x00000000c5000000, 0x00000000c5000000| Untracked 
|  59|0x00000000c5100000, 0x00000000c5100000, 0x00000000c5200000|  0%| F|  |TAMS 0x00000000c5100000, 0x00000000c5100000| Untracked 
|  60|0x00000000c5200000, 0x00000000c5200000, 0x00000000c5300000|  0%| F|  |TAMS 0x00000000c5200000, 0x00000000c5200000| Untracked 
|  61|0x00000000c5300000, 0x00000000c5300000, 0x00000000c5400000|  0%| F|  |TAMS 0x00000000c5300000, 0x00000000c5300000| Untracked 
|  62|0x00000000c5400000, 0x00000000c5400000, 0x00000000c5500000|  0%| F|  |TAMS 0x00000000c5400000, 0x00000000c5400000| Untracked 
|  63|0x00000000c5500000, 0x00000000c5547af0, 0x00000000c5600000| 28%| E|  |TAMS 0x00000000c5500000, 0x00000000c5500000| Complete 

Card table byte_map: [0x0000022962520000,0x0000022962720000] _byte_map_base: 0x0000022961f15000

Marking Bits (Prev, Next): (CMBitMap*) 0x000002294ae52ae8, (CMBitMap*) 0x000002294ae52b28
 Prev Bits: [0x0000022962920000, 0x00000229638c8000)
 Next Bits: [0x00000229638d0000, 0x0000022964878000)

Polling page: 0x0000022948fc0000

Metaspace:

Usage:
  Non-class:      2.07 MB capacity,     2.06 MB (>99%) used,     9.59 KB ( <1%) free+waste,     2.19 KB ( <1%) overhead. 
      Class:    384.00 KB capacity,   187.38 KB ( 49%) used,   196.56 KB ( 51%) free+waste,    64 bytes ( <1%) overhead. 
       Both:      2.45 MB capacity,     2.24 MB ( 92%) used,   206.15 KB (  8%) free+waste,     2.25 KB ( <1%) overhead. 

Virtual space:
  Non-class space:       12.00 MB reserved,       2.25 MB ( 19%) committed 
      Class space:        1.00 GB reserved,     384.00 KB ( <1%) committed 
             Both:        1.01 GB reserved,       2.63 MB ( <1%) committed 

Chunk freelists:
   Non-Class:  56.00 KB
       Class:  0 bytes
        Both:  56.00 KB

MaxMetaspaceSize: 17179869184.00 GB
CompressedClassSpaceSize: 1.00 GB

CodeHeap 'non-profiled nmethods': size=120000Kb used=0Kb max_used=0Kb free=120000Kb
 bounds [0x000002295adf0000, 0x000002295b060000, 0x0000022962320000]
CodeHeap 'profiled nmethods': size=120000Kb used=0Kb max_used=0Kb free=120000Kb
 bounds [0x00000229538c0000, 0x0000022953b30000, 0x000002295adf0000]
CodeHeap 'non-nmethods': size=5760Kb used=1015Kb max_used=1028Kb free=4744Kb
 bounds [0x0000022953320000, 0x0000022953590000, 0x00000229538c0000]
 total_blobs=521 nmethods=0 adapters=133
 compilation: enabled
              stopped_count=0, restarted_count=0
 full_count=0

Compilation events (0 events):
No events

GC Heap History (0 events):
No events

Deoptimization events (0 events):
No events

Classes unloaded (0 events):
No events

Classes redefined (0 events):
No events

Internal exceptions (0 events):
No events

Events (20 events):
Event: 0.489 loading class java/util/Collections$EmptySet
Event: 0.489 loading class java/util/Collections$EmptySet done
Event: 0.489 loading class java/util/Collections$EmptyList
Event: 0.489 loading class java/util/RandomAccess
Event: 0.489 loading class java/util/RandomAccess done
Event: 0.489 loading class java/util/AbstractList
Event: 0.489 loading class java/util/List
Event: 0.489 loading class java/util/List done
Event: 0.489 loading class java/util/AbstractList done
Event: 0.489 loading class java/util/Collections$EmptyList done
Event: 0.489 loading class java/util/Collections$EmptyMap
Event: 0.490 loading class java/util/Collections$EmptyMap done
Event: 0.490 loading class java/lang/IllegalArgumentException
Event: 0.490 loading class java/lang/IllegalArgumentException done
Event: 0.490 Thread 0x0000022967bd2800 Thread added: 0x0000022967bd2800
Event: 0.490 Thread 0x0000022967bd3000 Thread added: 0x0000022967bd3000
Event: 0.490 Thread 0x0000022966ea5800 Thread added: 0x0000022966ea5800
Event: 0.490 Thread 0x0000022966eaa800 Thread added: 0x0000022966eaa800
Event: 0.490 Thread 0x0000022966eab800 Thread added: 0x0000022966eab800
Event: 0.491 loading class java/lang/invoke/MethodHandleStatics


Dynamic libraries:
0x00007ff7e2ff0000 - 0x00007ff7e2fff000 	C:\Program Files\Java\jdk-13.0.2\bin\javaw.exe
0x00007ffd870a0000 - 0x00007ffd87290000 	C:\Windows\SYSTEM32\ntdll.dll
0x00007ffd851f0000 - 0x00007ffd852a2000 	C:\Windows\System32\KERNEL32.DLL
0x00007ffd84de0000 - 0x00007ffd85085000 	C:\Windows\System32\KERNELBASE.dll
0x00007ffd844f0000 - 0x00007ffd845ea000 	C:\Windows\System32\ucrtbase.dll
0x00007ffd80760000 - 0x00007ffd80775000 	C:\Program Files\Java\jdk-13.0.2\bin\VCRUNTIME140.dll
0x00007ffd76800000 - 0x00007ffd76818000 	C:\Program Files\Java\jdk-13.0.2\bin\jli.dll
0x00007ffd85500000 - 0x00007ffd855a3000 	C:\Windows\System32\ADVAPI32.dll
0x00007ffd869b0000 - 0x00007ffd86a4e000 	C:\Windows\System32\msvcrt.dll
0x00007ffd86910000 - 0x00007ffd869a7000 	C:\Windows\System32\sechost.dll
0x00007ffd85380000 - 0x00007ffd8549f000 	C:\Windows\System32\RPCRT4.dll
0x00007ffd86da0000 - 0x00007ffd86f34000 	C:\Windows\System32\USER32.dll
0x00007ffd84360000 - 0x00007ffd84381000 	C:\Windows\System32\win32u.dll
0x00007ffd72420000 - 0x00007ffd726a4000 	C:\Windows\WinSxS\amd64_microsoft.windows.common-controls_6595b64144ccf1df_6.0.18362.1556_none_9e7e372fe45e41d5\COMCTL32.dll
0x00007ffd85f60000 - 0x00007ffd85f86000 	C:\Windows\System32\GDI32.dll
0x00007ffd86a60000 - 0x00007ffd86d96000 	C:\Windows\System32\combase.dll
0x00007ffd841c0000 - 0x00007ffd84358000 	C:\Windows\System32\gdi32full.dll
0x00007ffd84120000 - 0x00007ffd841be000 	C:\Windows\System32\msvcp_win.dll
0x00007ffd83fe0000 - 0x00007ffd84061000 	C:\Windows\System32\bcryptPrimitives.dll
0x00007ffd73b50000 - 0x00007ffd73b5a000 	C:\Windows\SYSTEM32\VERSION.dll
0x00007ffd86f40000 - 0x00007ffd86f6e000 	C:\Windows\System32\IMM32.DLL
0x00007ffd64b50000 - 0x00007ffd64beb000 	C:\Program Files\Java\jdk-13.0.2\bin\msvcp140.dll
0x00007ffd528c0000 - 0x00007ffd5341d000 	C:\Program Files\Java\jdk-13.0.2\bin\server\jvm.dll
0x00007ffd85680000 - 0x00007ffd85688000 	C:\Windows\System32\PSAPI.DLL
0x00007ffd75950000 - 0x00007ffd75959000 	C:\Windows\SYSTEM32\WSOCK32.dll
0x00007ffd819e0000 - 0x00007ffd81a04000 	C:\Windows\SYSTEM32\WINMM.dll
0x00007ffd85710000 - 0x00007ffd8577f000 	C:\Windows\System32\WS2_32.dll
0x00007ffd819b0000 - 0x00007ffd819dd000 	C:\Windows\SYSTEM32\winmmbase.dll
0x00007ffd84d90000 - 0x00007ffd84dda000 	C:\Windows\System32\cfgmgr32.dll
0x00007ffd83f30000 - 0x00007ffd83f41000 	C:\Windows\System32\kernel.appcore.dll
0x00007ffd7d270000 - 0x00007ffd7d280000 	C:\Program Files\Java\jdk-13.0.2\bin\verify.dll
0x00007ffd72e10000 - 0x00007ffd73004000 	C:\Windows\SYSTEM32\DBGHELP.DLL
0x00007ffd72db0000 - 0x00007ffd72dda000 	C:\Windows\SYSTEM32\dbgcore.DLL
0x00007ffd755b0000 - 0x00007ffd755d6000 	C:\Program Files\Java\jdk-13.0.2\bin\java.dll
0x00007ffd75590000 - 0x00007ffd755a7000 	C:\Program Files\Java\jdk-13.0.2\bin\zip.dll
0x00007ffd78bf0000 - 0x00007ffd78bfa000 	C:\Program Files\Java\jdk-13.0.2\bin\jimage.dll
0x00007ffd860d0000 - 0x00007ffd867b7000 	C:\Windows\System32\SHELL32.dll
0x00007ffd86f70000 - 0x00007ffd87018000 	C:\Windows\System32\shcore.dll
0x00007ffd84610000 - 0x00007ffd84d8b000 	C:\Windows\System32\windows.storage.dll
0x00007ffd83f50000 - 0x00007ffd83f6e000 	C:\Windows\System32\profapi.dll
0x00007ffd83f90000 - 0x00007ffd83fda000 	C:\Windows\System32\powrprof.dll
0x00007ffd83f20000 - 0x00007ffd83f30000 	C:\Windows\System32\UMPDC.dll
0x00007ffd85bf0000 - 0x00007ffd85c42000 	C:\Windows\System32\shlwapi.dll
0x00007ffd845f0000 - 0x00007ffd84607000 	C:\Windows\System32\cryptsp.dll

dbghelp: loaded successfully - version: 4.0.5 - missing functions: none
symbol engine: initialized successfully - sym options: 0x614 - pdb path: .;C:\Program Files\Java\jdk-13.0.2\bin;C:\Windows\SYSTEM32;C:\Windows\WinSxS\amd64_microsoft.windows.common-controls_6595b64144ccf1df_6.0.18362.1556_none_9e7e372fe45e41d5;C:\Program Files\Java\jdk-13.0.2\bin\server

VM Arguments:
jvm_args: -Dfile.encoding=Cp1252 
java_command: app.App
java_class_path (initial): C:\Users\User\git\bakame\DriveOperations\target\classes;C:\Users\User\Desktop\Libraries\jgoodies-common-1.8.0.jar;C:\Users\User\Desktop\Libraries\jgoodies-forms-1.8.0.jar;C:\Users\User\Desktop\Libraries\miglayout15-swing.jar;C:\Users\User\Downloads\javax.mail.jar;C:\Users\User\Downloads\activation-1.1.1.jar;C:\Users\User\Downloads\jcalendar-1.4.jar;C:\Users\User\Downloads\jfreechart-1.0.19\lib\jcommon-1.0.23.jar;C:\Users\User\Downloads\jfreechart-1.0.19\lib\jfreechart-1.0.19.jar;C:\Users\User\Downloads\commons-net-3.8.0\commons-net-3.8.0.jar;C:\Users\User\Documents\Libs\comm-2.0.jar;C:\Users\User\Documents\Libs\http-2.2.1.jar;C:\Users\User\Downloads\JTattoo-1.6.13.jar;C:\Users\User\Desktop\Libs\jmespath-java-1.11.470.jar;C:\Users\User\Desktop\Libs\aws-java-sdk-core-1.12.65.jar;C:\Users\User\Desktop\Libs\aws-java-sdk-kms-1.12.65.jar;C:\Users\User\Desktop\Libs\aws-java-sdk-s3-1.12.65.jar;C:\Users\User\Desktop\Libs\commons-codec-1.15.jar;C:\Users\User\Desktop\Libs\commons-logging-1.1.3.jar;C:\Users\User\Desktop\Libs\httpclient-4.5.13.jar;C:\Users\User\Desktop\Libs\ion-java-1.0.2.jar;C:\Users\User\Desktop\Libs\jackson-annotations-2.12.3.jar;C:\Users\User\Desktop\Libs\jackson-core-2.12.3.jar;C:\Users\User\Desktop\Libs\jackson-databind-2.12.3.jar;C:\Users\User\Desktop\Libs\jackson-dataformat-cbor-2.12.3.jar;C:\Users\User\Desktop\Libs\jmespath-java-1.12.65.jar;C:\Users\User\Desktop\Libs\joda-time-2.8.1.jar;C:\Users\User\Desktop\Libs\mysql-connector-java-5.1.45.jar;C:\Users\User\.m2\repository\com\amazonaws\aws-java-sdk-s3\1.12.65\aws-java-sdk-s3-1.12.65.jar;C:\Users\User\.m2\repository\com\amazonaws\aws-java-sdk-kms\1.12.65\aws-java-sdk-kms-1.12.65.jar;C:\Users\User\.m2\repository\com\amazonaws\aws-java-sdk-core\1.12.65\aws-java-sdk-core-1.12.65.jar;C:\Users\User\.m2\repository\commons-logging\commons-logging\1.1.3\commons-logging-1.1.3.jar;C:\Users\User\.m2\repository\commons-codec\commons-codec\1.15\commons-codec-1.15.jar;C:\Users\User\.m2\re
Launcher Type: SUN_STANDARD

[Global flags]
     intx CICompilerCount                          = 3                                         {product} {ergonomic}
     uint ConcGCThreads                            = 1                                         {product} {ergonomic}
     uint G1ConcRefinementThreads                  = 4                                         {product} {ergonomic}
   size_t G1HeapRegionSize                         = 1048576                                   {product} {ergonomic}
    uintx GCDrainStackTargetSize                   = 64                                        {product} {ergonomic}
   size_t InitialHeapSize                          = 67108864                                  {product} {ergonomic}
   size_t MarkStackSize                            = 4194304                                   {product} {ergonomic}
   size_t MaxHeapSize                              = 1050673152                                {product} {ergonomic}
   size_t MaxNewSize                               = 630194176                                 {product} {ergonomic}
   size_t MinHeapDeltaBytes                        = 1048576                                   {product} {ergonomic}
   size_t MinHeapSize                              = 8388608                                   {product} {ergonomic}
    uintx NonNMethodCodeHeapSize                   = 5832780                                {pd product} {ergonomic}
    uintx NonProfiledCodeHeapSize                  = 122912730                              {pd product} {ergonomic}
    uintx ProfiledCodeHeapSize                     = 122912730                              {pd product} {ergonomic}
    uintx ReservedCodeCacheSize                    = 251658240                              {pd product} {ergonomic}
     bool SegmentedCodeCache                       = true                                      {product} {ergonomic}
   size_t SoftMaxHeapSize                          = 1050673152                             {manageable} {ergonomic}
     bool UseCompressedClassPointers               = true                                 {lp64_product} {ergonomic}
     bool UseCompressedOops                        = true                                 {lp64_product} {ergonomic}
     bool UseG1GC                                  = true                                      {product} {ergonomic}
     bool UseLargePagesIndividualAllocation        = false                                  {pd product} {ergonomic}

Logging:
Log output configuration:
 #0: stdout all=warning uptime,level,tags
 #1: stderr all=off uptime,level,tags

Environment Variables:
JAVA_HOME=C:\Program Files (x86)\Java\jre1.8.0_241
PATH=C:\Program Files\Java\jdk-13.0.2\bin;C:\Program Files (x86)\Common Files\Oracle\Java\javapath;C:\Windows\system32;C:\Windows;C:\Windows\System32\Wbem;C:\Windows\System32\WindowsPowerShell\v1.0\;C:\Windows\System32\OpenSSH\;C:\Program Files (x86)\apache-maven-3.8.1\bin;C:\Program Files (x86)\gradle-7.1.1\bin;C:\Users\User\Documents\Setup logiciels\mongosh-1.1.2-win32-x64\bin;C:\Program Files\Git\cmd;C:\Program Files\MySQL\MySQL Shell 8.0\bin\;C:\Users\User\AppData\Local\Microsoft\WindowsApps;C:\Users\User\AppData\Local\Programs\Microsoft VS Code\bin;C:\Program Files (x86)\gradle-7.1.1\bin;C:\Users\User\Downloads\platform-tools;C:\Users\User\Documents\Setup logiciels\mongosh-1.1.2-win32-x64\bin;C:\Users\User\AppData\Local\GitHubDesktop\bin;C:\Program Files\JetBrains\IntelliJ IDEA 2022.1.1\bin;
USERNAME=User
OS=Windows_NT
PROCESSOR_IDENTIFIER=Intel64 Family 6 Model 42 Stepping 7, GenuineIntel



---------------  S Y S T E M  ---------------

OS: Windows 10 , 64 bit Build 18362 (10.0.18362.1500)

CPU:total 4 (initial active 4) (2 cores per cpu, 2 threads per core) family 6 model 42 stepping 7, cmov, cx8, fxsr, mmx, sse, sse2, sse3, ssse3, sse4.1, sse4.2, popcnt, avx, aes, clmul, ht, tsc, tscinvbit

Memory: 4k page, system-wide physical 4006M (303M free)
TotalPageFile size 16294M (AvailPageFile size 2M)
current process WorkingSet (physical memory assigned to process): 20M, peak: 20M
current process commit charge ("private bytes"): 124M, peak: 129M

vm_info: Java HotSpot(TM) 64-Bit Server VM (13.0.2+8) for windows-amd64 JRE (13.0.2+8), built on Dec 11 2019 09:20:33 by "mach5one" with unknown MS VC++:1916

END.
