#
# There is insufficient memory for the Java Runtime Environment to continue.
# Native memory allocation (malloc) failed to allocate 2420224 bytes for Chunk::new
# Possible reasons:
#   The system is out of physical RAM or swap space
#   The process is running with CompressedOops enabled, and the Java Heap may be blocking the growth of the native heap
# Possible solutions:
#   Reduce memory load on the system
#   Increase physical memory or swap space
#   Check if swap backing store is full
#   Decrease Java heap size (-Xmx/-Xms)
#   Decrease number of Java threads
#   Decrease Java thread stack sizes (-Xss)
#   Set larger code cache with -XX:ReservedCodeCacheSize=
#   JVM is running with Unscaled Compressed Oops mode in which the Java heap is
#     placed in the first 4GB address space. The Java Heap base address is the
#     maximum limit for the native heap growth. Please use -XX:HeapBaseMinAddress
#     to set the Java Heap base and to place the Java Heap above 4GB virtual address.
# This output file may be truncated or incomplete.
#
#  Out of Memory Error (t:/workspace/open/src/hotspot/share/memory/arena.cpp:196), pid=14860, tid=16920
#
# JRE version: Java(TM) SE Runtime Environment (13.0.2+8) (build 13.0.2+8)
# Java VM: Java HotSpot(TM) 64-Bit Server VM (13.0.2+8, mixed mode, sharing, tiered, compressed oops, g1 gc, windows-amd64)
# No core dump will be written. Minidumps are not enabled by default on client versions of Windows
#

---------------  S U M M A R Y ------------

Command Line: -Dfile.encoding=Cp1252 Application.Home

Host: Intel(R) Core(TM) i5-2520M CPU @ 2.50GHz, 4 cores, 3G,  Windows 10 , 64 bit Build 18362 (10.0.18362.1500)
Time: Mon Oct  4 16:02:29 2021 South Africa Standard Time elapsed time: 10 seconds (0d 0h 0m 10s)

---------------  T H R E A D  ---------------

Current thread (0x000001f1c1b53000):  JavaThread "C2 CompilerThread0" daemon [_thread_in_native, id=16920, stack(0x000000c69d000000,0x000000c69d100000)]


Current CompileTask:
C2:  10162 2058       4       javax.swing.text.html.BlockView::getAttributes (26 bytes)

Stack: [0x000000c69d000000,0x000000c69d100000]
Native frames: (J=compiled Java code, j=interpreted, Vv=VM code, C=native code)
V  [jvm.dll+0x624f9a]
V  [jvm.dll+0x770cfa]
V  [jvm.dll+0x7724af]
V  [jvm.dll+0x772ab3]
V  [jvm.dll+0x24bf08]
V  [jvm.dll+0xc1e47]
V  [jvm.dll+0xc23cc]
V  [jvm.dll+0x35c0c5]
V  [jvm.dll+0x19f2f0]
V  [jvm.dll+0x205d36]
V  [jvm.dll+0x204e3f]
V  [jvm.dll+0x189c2c]
V  [jvm.dll+0x213e6d]
V  [jvm.dll+0x2120bb]
V  [jvm.dll+0x736bb6]
V  [jvm.dll+0x72fcaa]
V  [jvm.dll+0x623ea6]
C  [ucrtbase.dll+0x210b2]
C  [KERNEL32.DLL+0x17c24]
C  [ntdll.dll+0x6d721]


---------------  P R O C E S S  ---------------

Threads class SMR info:
_java_thread_list=0x000001f1c3e66d00, length=27, elements={
0x000001f1a3cbe800, 0x000001f1c1b2e000, 0x000001f1c1b48800, 0x000001f1c1b49800,
0x000001f1c1b53000, 0x000001f1c1b58800, 0x000001f1c1b62000, 0x000001f1c25c1800,
0x000001f1c25b5000, 0x000001f1c29a2000, 0x000001f1c29a5000, 0x000001f1c2908800,
0x000001f1c2969800, 0x000001f1a3bf2800, 0x000001f1c2a4b800, 0x000001f1c2565800,
0x000001f1c2ba7800, 0x000001f1c2dc4000, 0x000001f1c2b24800, 0x000001f1c2b1f800,
0x000001f1c2dfb800, 0x000001f1c2e09800, 0x000001f1c2e0d000, 0x000001f1c2e0d800,
0x000001f1c2e08000, 0x000001f1c2e0e800, 0x000001f1c2e09000
}

Java Threads: ( => current thread )
  0x000001f1a3cbe800 JavaThread "Reference Handler" daemon [_thread_blocked, id=8752, stack(0x000000c69cc00000,0x000000c69cd00000)]
  0x000001f1c1b2e000 JavaThread "Finalizer" daemon [_thread_blocked, id=10988, stack(0x000000c69cd00000,0x000000c69ce00000)]
  0x000001f1c1b48800 JavaThread "Signal Dispatcher" daemon [_thread_blocked, id=6196, stack(0x000000c69ce00000,0x000000c69cf00000)]
  0x000001f1c1b49800 JavaThread "Attach Listener" daemon [_thread_blocked, id=5596, stack(0x000000c69cf00000,0x000000c69d000000)]
=>0x000001f1c1b53000 JavaThread "C2 CompilerThread0" daemon [_thread_in_native, id=16920, stack(0x000000c69d000000,0x000000c69d100000)]
  0x000001f1c1b58800 JavaThread "C1 CompilerThread0" daemon [_thread_blocked, id=6928, stack(0x000000c69d100000,0x000000c69d200000)]
  0x000001f1c1b62000 JavaThread "Sweeper thread" daemon [_thread_blocked, id=9084, stack(0x000000c69d200000,0x000000c69d300000)]
  0x000001f1c25c1800 JavaThread "Service Thread" daemon [_thread_blocked, id=17036, stack(0x000000c69d300000,0x000000c69d400000)]
  0x000001f1c25b5000 JavaThread "Common-Cleaner" daemon [_thread_blocked, id=13416, stack(0x000000c69d500000,0x000000c69d600000)]
  0x000001f1c29a2000 JavaThread "Java2D Disposer" daemon [_thread_blocked, id=11348, stack(0x000000c69d600000,0x000000c69d700000)]
  0x000001f1c29a5000 JavaThread "AWT-Shutdown" [_thread_blocked, id=5288, stack(0x000000c69d700000,0x000000c69d800000)]
  0x000001f1c2908800 JavaThread "AWT-Windows" daemon [_thread_in_native, id=15060, stack(0x000000c69d800000,0x000000c69d900000)]
  0x000001f1c2969800 JavaThread "AWT-EventQueue-0" [_thread_blocked, id=17000, stack(0x000000c69d900000,0x000000c69da00000)]
  0x000001f1a3bf2800 JavaThread "DestroyJavaVM" [_thread_blocked, id=9832, stack(0x000000c69c500000,0x000000c69c600000)]
  0x000001f1c2a4b800 JavaThread "Image Fetcher 0" daemon [_thread_blocked, id=11564, stack(0x000000c69da00000,0x000000c69db00000)]
  0x000001f1c2565800 JavaThread "TimerQueue" daemon [_thread_blocked, id=2468, stack(0x000000c69db00000,0x000000c69dc00000)]
  0x000001f1c2ba7800 JavaThread "SwingWorker-pool-1-thread-1" daemon [_thread_blocked, id=17256, stack(0x000000c69dc00000,0x000000c69dd00000)]
  0x000001f1c2dc4000 JavaThread "SwingWorker-pool-1-thread-2" daemon [_thread_blocked, id=10392, stack(0x000000c69dd00000,0x000000c69de00000)]
  0x000001f1c2b24800 JavaThread "C2 CompilerThread1" daemon [_thread_blocked, id=9428, stack(0x000000c69e300000,0x000000c69e400000)]
  0x000001f1c2b1f800 JavaThread "SwingWorker-pool-1-thread-3" daemon [_thread_blocked, id=7264, stack(0x000000c69e400000,0x000000c69e500000)]
  0x000001f1c2dfb800 JavaThread "SwingWorker-pool-1-thread-4" daemon [_thread_blocked, id=11104, stack(0x000000c69e500000,0x000000c69e600000)]
  0x000001f1c2e09800 JavaThread "SwingWorker-pool-1-thread-5" daemon [_thread_blocked, id=17340, stack(0x000000c69e600000,0x000000c69e700000)]
  0x000001f1c2e0d000 JavaThread "SwingWorker-pool-1-thread-6" daemon [_thread_blocked, id=13428, stack(0x000000c69e700000,0x000000c69e800000)]
  0x000001f1c2e0d800 JavaThread "SwingWorker-pool-1-thread-7" daemon [_thread_blocked, id=1468, stack(0x000000c69e800000,0x000000c69e900000)]
  0x000001f1c2e08000 JavaThread "SwingWorker-pool-1-thread-8" daemon [_thread_blocked, id=13200, stack(0x000000c69e900000,0x000000c69ea00000)]
  0x000001f1c2e0e800 JavaThread "SwingWorker-pool-1-thread-9" daemon [_thread_blocked, id=13640, stack(0x000000c69ea00000,0x000000c69eb00000)]
  0x000001f1c2e09000 JavaThread "SwingWorker-pool-1-thread-10" daemon [_thread_blocked, id=11924, stack(0x000000c69eb00000,0x000000c69ec00000)]

Other Threads:
  0x000001f1c1b2a000 VMThread "VM Thread" [stack: 0x000000c69cb00000,0x000000c69cc00000] [id=9520]
  0x000001f1c25b2800 WatcherThread [stack: 0x000000c69d400000,0x000000c69d500000] [id=16928]
  0x000001f1a3c23800 GCTaskThread "GC Thread#0" [stack: 0x000000c69c600000,0x000000c69c700000] [id=11216]
  0x000001f1c2dc7800 GCTaskThread "GC Thread#1" [stack: 0x000000c69de00000,0x000000c69df00000] [id=16848]
  0x000001f1c2dc8000 GCTaskThread "GC Thread#2" [stack: 0x000000c69df00000,0x000000c69e000000] [id=16852]
  0x000001f1c2dcb800 GCTaskThread "GC Thread#3" [stack: 0x000000c69e000000,0x000000c69e100000] [id=16844]
  0x000001f1a3c2d800 ConcurrentGCThread "G1 Main Marker" [stack: 0x000000c69c700000,0x000000c69c800000] [id=2464]
  0x000001f1a3c2e800 ConcurrentGCThread "G1 Conc#0" [stack: 0x000000c69c800000,0x000000c69c900000] [id=3592]
  0x000001f1a3c87000 ConcurrentGCThread "G1 Refine#0" [stack: 0x000000c69c900000,0x000000c69ca00000] [id=13692]
  0x000001f1c26d3800 ConcurrentGCThread "G1 Refine#1" [stack: 0x000000c69e100000,0x000000c69e200000] [id=16820]
  0x000001f1c1b97800 ConcurrentGCThread "G1 Refine#2" [stack: 0x000000c69e200000,0x000000c69e300000] [id=7252]
  0x000001f1a3c88000 ConcurrentGCThread "G1 Young RemSet Sampling" [stack: 0x000000c69ca00000,0x000000c69cb00000] [id=10072]

Threads with active compile tasks:
C2 CompilerThread0    10377 2058       4       javax.swing.text.html.BlockView::getAttributes (26 bytes)

VM state:at safepoint (normal execution)

VM Mutex/Monitor currently owned by a thread:  ([mutex/lock_event])
[0x000001f1a3ae7290] Threads_lock - owner thread: 0x000001f1c1b2a000
[0x000001f1a3ae6ea0] Heap_lock - owner thread: 0x000001f1a3c2d800

Heap address: 0x00000000c1600000, size: 1002 MB, Compressed Oops mode: 32-bit
Narrow klass base: 0x0000000800000000, Narrow klass shift: 3
Compressed class space size: 1073741824 Address: 0x0000000800b40000

Heap:
 garbage-first heap   total 206848K, used 121225K [0x00000000c1600000, 0x0000000100000000)
  region size 1024K, 3 young (3072K), 2 survivors (2048K)
 Metaspace       used 12247K, capacity 12535K, committed 12800K, reserved 1060864K
  class space    used 1382K, capacity 1521K, committed 1536K, reserved 1048576K
Heap Regions: E=young(eden), S=young(survivor), O=old, HS=humongous(starts), HC=humongous(continues), CS=collection set, F=free, A=archive, TAMS=top-at-mark-start (previous, next)
|   0|0x00000000c1600000, 0x00000000c1700000, 0x00000000c1700000|100%| O|  |TAMS 0x00000000c1700000, 0x00000000c1600000| Updating 
|   1|0x00000000c1700000, 0x00000000c1800000, 0x00000000c1800000|100%| O|  |TAMS 0x00000000c1800000, 0x00000000c1700000| Updating 
|   2|0x00000000c1800000, 0x00000000c1900000, 0x00000000c1900000|100%| O|  |TAMS 0x00000000c1900000, 0x00000000c1800000| Updating 
|   3|0x00000000c1900000, 0x00000000c1a00000, 0x00000000c1a00000|100%| O|  |TAMS 0x00000000c1a00000, 0x00000000c1900000| Updating 
|   4|0x00000000c1a00000, 0x00000000c1b00000, 0x00000000c1b00000|100%| O|  |TAMS 0x00000000c1b00000, 0x00000000c1a00000| Updating 
|   5|0x00000000c1b00000, 0x00000000c1b17a00, 0x00000000c1c00000|  9%| O|  |TAMS 0x00000000c1b17a00, 0x00000000c1b00000| Updating 
|   6|0x00000000c1c00000, 0x00000000c1c00000, 0x00000000c1d00000|  0%| F|  |TAMS 0x00000000c1c00000, 0x00000000c1c00000| Untracked 
|   7|0x00000000c1d00000, 0x00000000c1d00000, 0x00000000c1e00000|  0%| F|  |TAMS 0x00000000c1d00000, 0x00000000c1d00000| Untracked 
|   8|0x00000000c1e00000, 0x00000000c1e00000, 0x00000000c1f00000|  0%| F|  |TAMS 0x00000000c1e00000, 0x00000000c1e00000| Untracked 
|   9|0x00000000c1f00000, 0x00000000c1f00000, 0x00000000c2000000|  0%| F|  |TAMS 0x00000000c1f00000, 0x00000000c1f00000| Untracked 
|  10|0x00000000c2000000, 0x00000000c2000000, 0x00000000c2100000|  0%| F|  |TAMS 0x00000000c2000000, 0x00000000c2000000| Untracked 
|  11|0x00000000c2100000, 0x00000000c2100000, 0x00000000c2200000|  0%| F|  |TAMS 0x00000000c2100000, 0x00000000c2100000| Untracked 
|  12|0x00000000c2200000, 0x00000000c2200000, 0x00000000c2300000|  0%| F|  |TAMS 0x00000000c2200000, 0x00000000c2200000| Untracked 
|  13|0x00000000c2300000, 0x00000000c2300000, 0x00000000c2400000|  0%| F|  |TAMS 0x00000000c2300000, 0x00000000c2300000| Untracked 
|  14|0x00000000c2400000, 0x00000000c2400000, 0x00000000c2500000|  0%| F|  |TAMS 0x00000000c2400000, 0x00000000c2400000| Untracked 
|  15|0x00000000c2500000, 0x00000000c2500000, 0x00000000c2600000|  0%| F|  |TAMS 0x00000000c2500000, 0x00000000c2500000| Untracked 
|  16|0x00000000c2600000, 0x00000000c2600000, 0x00000000c2700000|  0%| F|  |TAMS 0x00000000c2600000, 0x00000000c2600000| Untracked 
|  17|0x00000000c2700000, 0x00000000c2700000, 0x00000000c2800000|  0%| F|  |TAMS 0x00000000c2700000, 0x00000000c2700000| Untracked 
|  18|0x00000000c2800000, 0x00000000c2800000, 0x00000000c2900000|  0%| F|  |TAMS 0x00000000c2800000, 0x00000000c2800000| Untracked 
|  19|0x00000000c2900000, 0x00000000c2900000, 0x00000000c2a00000|  0%| F|  |TAMS 0x00000000c2900000, 0x00000000c2900000| Untracked 
|  20|0x00000000c2a00000, 0x00000000c2a00000, 0x00000000c2b00000|  0%| F|  |TAMS 0x00000000c2a00000, 0x00000000c2a00000| Untracked 
|  21|0x00000000c2b00000, 0x00000000c2b00000, 0x00000000c2c00000|  0%| F|  |TAMS 0x00000000c2b00000, 0x00000000c2b00000| Untracked 
|  22|0x00000000c2c00000, 0x00000000c2c00000, 0x00000000c2d00000|  0%| F|  |TAMS 0x00000000c2c00000, 0x00000000c2c00000| Untracked 
|  23|0x00000000c2d00000, 0x00000000c2d00000, 0x00000000c2e00000|  0%| F|  |TAMS 0x00000000c2d00000, 0x00000000c2d00000| Untracked 
|  24|0x00000000c2e00000, 0x00000000c2e00000, 0x00000000c2f00000|  0%| F|  |TAMS 0x00000000c2e00000, 0x00000000c2e00000| Untracked 
|  25|0x00000000c2f00000, 0x00000000c2f00000, 0x00000000c3000000|  0%| F|  |TAMS 0x00000000c2f00000, 0x00000000c2f00000| Untracked 
|  26|0x00000000c3000000, 0x00000000c3000000, 0x00000000c3100000|  0%| F|  |TAMS 0x00000000c3000000, 0x00000000c3000000| Untracked 
|  27|0x00000000c3100000, 0x00000000c3100000, 0x00000000c3200000|  0%| F|  |TAMS 0x00000000c3100000, 0x00000000c3100000| Untracked 
|  28|0x00000000c3200000, 0x00000000c3200000, 0x00000000c3300000|  0%| F|  |TAMS 0x00000000c3200000, 0x00000000c3200000| Untracked 
|  29|0x00000000c3300000, 0x00000000c3300000, 0x00000000c3400000|  0%| F|  |TAMS 0x00000000c3300000, 0x00000000c3300000| Untracked 
|  30|0x00000000c3400000, 0x00000000c3400000, 0x00000000c3500000|  0%| F|  |TAMS 0x00000000c3400000, 0x00000000c3400000| Untracked 
|  31|0x00000000c3500000, 0x00000000c3500000, 0x00000000c3600000|  0%| F|  |TAMS 0x00000000c3500000, 0x00000000c3500000| Untracked 
|  32|0x00000000c3600000, 0x00000000c3600000, 0x00000000c3700000|  0%| F|  |TAMS 0x00000000c3600000, 0x00000000c3600000| Untracked 
|  33|0x00000000c3700000, 0x00000000c3700000, 0x00000000c3800000|  0%| F|  |TAMS 0x00000000c3700000, 0x00000000c3700000| Untracked 
|  34|0x00000000c3800000, 0x00000000c3800000, 0x00000000c3900000|  0%| F|  |TAMS 0x00000000c3800000, 0x00000000c3800000| Untracked 
|  35|0x00000000c3900000, 0x00000000c3900000, 0x00000000c3a00000|  0%| F|  |TAMS 0x00000000c3900000, 0x00000000c3900000| Untracked 
|  36|0x00000000c3a00000, 0x00000000c3a00000, 0x00000000c3b00000|  0%| F|  |TAMS 0x00000000c3a00000, 0x00000000c3a00000| Untracked 
|  37|0x00000000c3b00000, 0x00000000c3b00000, 0x00000000c3c00000|  0%| F|  |TAMS 0x00000000c3b00000, 0x00000000c3b00000| Untracked 
|  38|0x00000000c3c00000, 0x00000000c3c00000, 0x00000000c3d00000|  0%| F|  |TAMS 0x00000000c3c00000, 0x00000000c3c00000| Untracked 
|  39|0x00000000c3d00000, 0x00000000c3d00000, 0x00000000c3e00000|  0%| F|  |TAMS 0x00000000c3d00000, 0x00000000c3d00000| Untracked 
|  40|0x00000000c3e00000, 0x00000000c3e00000, 0x00000000c3f00000|  0%| F|  |TAMS 0x00000000c3e00000, 0x00000000c3e00000| Untracked 
|  41|0x00000000c3f00000, 0x00000000c3f00000, 0x00000000c4000000|  0%| F|  |TAMS 0x00000000c3f00000, 0x00000000c3f00000| Untracked 
|  42|0x00000000c4000000, 0x00000000c4000000, 0x00000000c4100000|  0%| F|  |TAMS 0x00000000c4000000, 0x00000000c4000000| Untracked 
|  43|0x00000000c4100000, 0x00000000c4100000, 0x00000000c4200000|  0%| F|  |TAMS 0x00000000c4100000, 0x00000000c4100000| Untracked 
|  44|0x00000000c4200000, 0x00000000c4200000, 0x00000000c4300000|  0%| F|  |TAMS 0x00000000c4200000, 0x00000000c4200000| Untracked 
|  45|0x00000000c4300000, 0x00000000c4300000, 0x00000000c4400000|  0%| F|  |TAMS 0x00000000c4300000, 0x00000000c4300000| Untracked 
|  46|0x00000000c4400000, 0x00000000c4400000, 0x00000000c4500000|  0%| F|  |TAMS 0x00000000c4400000, 0x00000000c4400000| Untracked 
|  47|0x00000000c4500000, 0x00000000c4500000, 0x00000000c4600000|  0%| F|  |TAMS 0x00000000c4500000, 0x00000000c4500000| Untracked 
|  48|0x00000000c4600000, 0x00000000c4600000, 0x00000000c4700000|  0%| F|  |TAMS 0x00000000c4600000, 0x00000000c4600000| Untracked 
|  49|0x00000000c4700000, 0x00000000c4700000, 0x00000000c4800000|  0%| F|  |TAMS 0x00000000c4700000, 0x00000000c4700000| Untracked 
|  50|0x00000000c4800000, 0x00000000c4800000, 0x00000000c4900000|  0%| F|  |TAMS 0x00000000c4800000, 0x00000000c4800000| Untracked 
|  51|0x00000000c4900000, 0x00000000c4900000, 0x00000000c4a00000|  0%| F|  |TAMS 0x00000000c4900000, 0x00000000c4900000| Untracked 
|  52|0x00000000c4a00000, 0x00000000c4a00000, 0x00000000c4b00000|  0%| F|  |TAMS 0x00000000c4a00000, 0x00000000c4a00000| Untracked 
|  53|0x00000000c4b00000, 0x00000000c4b00000, 0x00000000c4c00000|  0%| F|  |TAMS 0x00000000c4b00000, 0x00000000c4b00000| Untracked 
|  54|0x00000000c4c00000, 0x00000000c4c00000, 0x00000000c4d00000|  0%| F|  |TAMS 0x00000000c4c00000, 0x00000000c4c00000| Untracked 
|  55|0x00000000c4d00000, 0x00000000c4d00000, 0x00000000c4e00000|  0%| F|  |TAMS 0x00000000c4d00000, 0x00000000c4d00000| Untracked 
|  56|0x00000000c4e00000, 0x00000000c4e00000, 0x00000000c4f00000|  0%| F|  |TAMS 0x00000000c4e00000, 0x00000000c4e00000| Untracked 
|  57|0x00000000c4f00000, 0x00000000c4f00000, 0x00000000c5000000|  0%| F|  |TAMS 0x00000000c4f00000, 0x00000000c4f00000| Untracked 
|  58|0x00000000c5000000, 0x00000000c5000000, 0x00000000c5100000|  0%| F|  |TAMS 0x00000000c5000000, 0x00000000c5000000| Untracked 
|  59|0x00000000c5100000, 0x00000000c514adc0, 0x00000000c5200000| 29%| S|CS|TAMS 0x00000000c5100000, 0x00000000c5100000| Complete 
|  60|0x00000000c5200000, 0x00000000c5300000, 0x00000000c5300000|100%| S|CS|TAMS 0x00000000c5200000, 0x00000000c5200000| Complete 
|  61|0x00000000c5300000, 0x00000000c5300000, 0x00000000c5400000|  0%| F|  |TAMS 0x00000000c5300000, 0x00000000c5300000| Untracked 
|  62|0x00000000c5400000, 0x00000000c5400000, 0x00000000c5500000|  0%| F|  |TAMS 0x00000000c5400000, 0x00000000c5400000| Untracked 
|  63|0x00000000c5500000, 0x00000000c557ae28, 0x00000000c5600000| 48%| E|  |TAMS 0x00000000c5500000, 0x00000000c5500000| Complete 
|  64|0x00000000c5600000, 0x00000000c5700000, 0x00000000c5700000|100%|HS|  |TAMS 0x00000000c5600000, 0x00000000c5600000| Complete 
|  65|0x00000000c5700000, 0x00000000c5800000, 0x00000000c5800000|100%|HC|  |TAMS 0x00000000c5700000, 0x00000000c5700000| Complete 
|  66|0x00000000c5800000, 0x00000000c5900000, 0x00000000c5900000|100%|HC|  |TAMS 0x00000000c5800000, 0x00000000c5800000| Complete 
|  67|0x00000000c5900000, 0x00000000c5a00000, 0x00000000c5a00000|100%|HC|  |TAMS 0x00000000c5900000, 0x00000000c5900000| Complete 
|  68|0x00000000c5a00000, 0x00000000c5b00000, 0x00000000c5b00000|100%|HC|  |TAMS 0x00000000c5a00000, 0x00000000c5a00000| Complete 
|  69|0x00000000c5b00000, 0x00000000c5c00000, 0x00000000c5c00000|100%|HC|  |TAMS 0x00000000c5b00000, 0x00000000c5b00000| Complete 
|  70|0x00000000c5c00000, 0x00000000c5d00000, 0x00000000c5d00000|100%|HC|  |TAMS 0x00000000c5c00000, 0x00000000c5c00000| Complete 
|  71|0x00000000c5d00000, 0x00000000c5e00000, 0x00000000c5e00000|100%|HC|  |TAMS 0x00000000c5d00000, 0x00000000c5d00000| Complete 
|  72|0x00000000c5e00000, 0x00000000c5f00000, 0x00000000c5f00000|100%|HC|  |TAMS 0x00000000c5e00000, 0x00000000c5e00000| Complete 
|  73|0x00000000c5f00000, 0x00000000c6000000, 0x00000000c6000000|100%|HC|  |TAMS 0x00000000c5f00000, 0x00000000c5f00000| Complete 
|  74|0x00000000c6000000, 0x00000000c6100000, 0x00000000c6100000|100%|HC|  |TAMS 0x00000000c6000000, 0x00000000c6000000| Complete 
|  75|0x00000000c6100000, 0x00000000c6200000, 0x00000000c6200000|100%|HC|  |TAMS 0x00000000c6100000, 0x00000000c6100000| Complete 
|  76|0x00000000c6200000, 0x00000000c6300000, 0x00000000c6300000|100%|HC|  |TAMS 0x00000000c6200000, 0x00000000c6200000| Complete 
|  77|0x00000000c6300000, 0x00000000c6400000, 0x00000000c6400000|100%|HC|  |TAMS 0x00000000c6300000, 0x00000000c6300000| Complete 
|  78|0x00000000c6400000, 0x00000000c6500000, 0x00000000c6500000|100%|HC|  |TAMS 0x00000000c6400000, 0x00000000c6400000| Complete 
|  79|0x00000000c6500000, 0x00000000c6600000, 0x00000000c6600000|100%|HC|  |TAMS 0x00000000c6500000, 0x00000000c6500000| Complete 
|  80|0x00000000c6600000, 0x00000000c6700000, 0x00000000c6700000|100%|HC|  |TAMS 0x00000000c6600000, 0x00000000c6600000| Complete 
|  81|0x00000000c6700000, 0x00000000c6800000, 0x00000000c6800000|100%|HC|  |TAMS 0x00000000c6700000, 0x00000000c6700000| Complete 
|  82|0x00000000c6800000, 0x00000000c6900000, 0x00000000c6900000|100%|HC|  |TAMS 0x00000000c6800000, 0x00000000c6800000| Complete 
|  83|0x00000000c6900000, 0x00000000c6a00000, 0x00000000c6a00000|100%|HC|  |TAMS 0x00000000c6900000, 0x00000000c6900000| Complete 
|  84|0x00000000c6a00000, 0x00000000c6b00000, 0x00000000c6b00000|100%|HC|  |TAMS 0x00000000c6a00000, 0x00000000c6a00000| Complete 
|  85|0x00000000c6b00000, 0x00000000c6c00000, 0x00000000c6c00000|100%|HC|  |TAMS 0x00000000c6b00000, 0x00000000c6b00000| Complete 
|  86|0x00000000c6c00000, 0x00000000c6d00000, 0x00000000c6d00000|100%|HC|  |TAMS 0x00000000c6c00000, 0x00000000c6c00000| Complete 
|  87|0x00000000c6d00000, 0x00000000c6e00000, 0x00000000c6e00000|100%|HC|  |TAMS 0x00000000c6d00000, 0x00000000c6d00000| Complete 
|  88|0x00000000c6e00000, 0x00000000c6f00000, 0x00000000c6f00000|100%|HC|  |TAMS 0x00000000c6e00000, 0x00000000c6e00000| Complete 
|  89|0x00000000c6f00000, 0x00000000c7000000, 0x00000000c7000000|100%|HC|  |TAMS 0x00000000c6f00000, 0x00000000c6f00000| Complete 
|  90|0x00000000c7000000, 0x00000000c7100000, 0x00000000c7100000|100%|HC|  |TAMS 0x00000000c7000000, 0x00000000c7000000| Complete 
|  91|0x00000000c7100000, 0x00000000c7200000, 0x00000000c7200000|100%|HC|  |TAMS 0x00000000c7100000, 0x00000000c7100000| Complete 
|  92|0x00000000c7200000, 0x00000000c7300000, 0x00000000c7300000|100%|HC|  |TAMS 0x00000000c7200000, 0x00000000c7200000| Complete 
|  93|0x00000000c7300000, 0x00000000c7400000, 0x00000000c7400000|100%|HC|  |TAMS 0x00000000c7300000, 0x00000000c7300000| Complete 
|  94|0x00000000c7400000, 0x00000000c7500000, 0x00000000c7500000|100%|HC|  |TAMS 0x00000000c7400000, 0x00000000c7400000| Complete 
|  95|0x00000000c7500000, 0x00000000c7600000, 0x00000000c7600000|100%|HC|  |TAMS 0x00000000c7500000, 0x00000000c7500000| Complete 
|  96|0x00000000c7600000, 0x00000000c7700000, 0x00000000c7700000|100%|HC|  |TAMS 0x00000000c7600000, 0x00000000c7600000| Complete 
|  97|0x00000000c7700000, 0x00000000c7800000, 0x00000000c7800000|100%|HC|  |TAMS 0x00000000c7700000, 0x00000000c7700000| Complete 
|  98|0x00000000c7800000, 0x00000000c7900000, 0x00000000c7900000|100%|HC|  |TAMS 0x00000000c7800000, 0x00000000c7800000| Complete 
|  99|0x00000000c7900000, 0x00000000c7a00000, 0x00000000c7a00000|100%|HC|  |TAMS 0x00000000c7900000, 0x00000000c7900000| Complete 
| 100|0x00000000c7a00000, 0x00000000c7b00000, 0x00000000c7b00000|100%|HC|  |TAMS 0x00000000c7a00000, 0x00000000c7a00000| Complete 
| 101|0x00000000c7b00000, 0x00000000c7c00000, 0x00000000c7c00000|100%|HC|  |TAMS 0x00000000c7b00000, 0x00000000c7b00000| Complete 
| 102|0x00000000c7c00000, 0x00000000c7d00000, 0x00000000c7d00000|100%|HC|  |TAMS 0x00000000c7c00000, 0x00000000c7c00000| Complete 
| 103|0x00000000c7d00000, 0x00000000c7e00000, 0x00000000c7e00000|100%|HC|  |TAMS 0x00000000c7d00000, 0x00000000c7d00000| Complete 
| 104|0x00000000c7e00000, 0x00000000c7f00000, 0x00000000c7f00000|100%|HC|  |TAMS 0x00000000c7e00000, 0x00000000c7e00000| Complete 
| 105|0x00000000c7f00000, 0x00000000c8000000, 0x00000000c8000000|100%|HC|  |TAMS 0x00000000c7f00000, 0x00000000c7f00000| Complete 
| 106|0x00000000c8000000, 0x00000000c8100000, 0x00000000c8100000|100%|HC|  |TAMS 0x00000000c8000000, 0x00000000c8000000| Complete 
| 107|0x00000000c8100000, 0x00000000c8200000, 0x00000000c8200000|100%|HC|  |TAMS 0x00000000c8100000, 0x00000000c8100000| Complete 
| 108|0x00000000c8200000, 0x00000000c8300000, 0x00000000c8300000|100%|HC|  |TAMS 0x00000000c8200000, 0x00000000c8200000| Complete 
| 109|0x00000000c8300000, 0x00000000c8400000, 0x00000000c8400000|100%|HC|  |TAMS 0x00000000c8300000, 0x00000000c8300000| Complete 
| 110|0x00000000c8400000, 0x00000000c8500000, 0x00000000c8500000|100%|HC|  |TAMS 0x00000000c8400000, 0x00000000c8400000| Complete 
| 111|0x00000000c8500000, 0x00000000c8600000, 0x00000000c8600000|100%|HC|  |TAMS 0x00000000c8500000, 0x00000000c8500000| Complete 
| 112|0x00000000c8600000, 0x00000000c8700000, 0x00000000c8700000|100%|HC|  |TAMS 0x00000000c8600000, 0x00000000c8600000| Complete 
| 113|0x00000000c8700000, 0x00000000c8800000, 0x00000000c8800000|100%|HC|  |TAMS 0x00000000c8700000, 0x00000000c8700000| Complete 
| 114|0x00000000c8800000, 0x00000000c8900000, 0x00000000c8900000|100%|HC|  |TAMS 0x00000000c8800000, 0x00000000c8800000| Complete 
| 115|0x00000000c8900000, 0x00000000c8a00000, 0x00000000c8a00000|100%|HC|  |TAMS 0x00000000c8900000, 0x00000000c8900000| Complete 
| 116|0x00000000c8a00000, 0x00000000c8b00000, 0x00000000c8b00000|100%|HC|  |TAMS 0x00000000c8a00000, 0x00000000c8a00000| Complete 
| 117|0x00000000c8b00000, 0x00000000c8c00000, 0x00000000c8c00000|100%|HC|  |TAMS 0x00000000c8b00000, 0x00000000c8b00000| Complete 
| 118|0x00000000c8c00000, 0x00000000c8d00000, 0x00000000c8d00000|100%|HC|  |TAMS 0x00000000c8c00000, 0x00000000c8c00000| Complete 
| 119|0x00000000c8d00000, 0x00000000c8e00000, 0x00000000c8e00000|100%|HC|  |TAMS 0x00000000c8d00000, 0x00000000c8d00000| Complete 
| 120|0x00000000c8e00000, 0x00000000c8f00000, 0x00000000c8f00000|100%|HC|  |TAMS 0x00000000c8e00000, 0x00000000c8e00000| Complete 
| 121|0x00000000c8f00000, 0x00000000c9000000, 0x00000000c9000000|100%|HC|  |TAMS 0x00000000c8f00000, 0x00000000c8f00000| Complete 
| 122|0x00000000c9000000, 0x00000000c9100000, 0x00000000c9100000|100%|HC|  |TAMS 0x00000000c9000000, 0x00000000c9000000| Complete 
| 123|0x00000000c9100000, 0x00000000c9200000, 0x00000000c9200000|100%|HC|  |TAMS 0x00000000c9100000, 0x00000000c9100000| Complete 
| 124|0x00000000c9200000, 0x00000000c9300000, 0x00000000c9300000|100%|HC|  |TAMS 0x00000000c9200000, 0x00000000c9200000| Complete 
| 125|0x00000000c9300000, 0x00000000c9400000, 0x00000000c9400000|100%|HC|  |TAMS 0x00000000c9300000, 0x00000000c9300000| Complete 
| 126|0x00000000c9400000, 0x00000000c9500000, 0x00000000c9500000|100%|HC|  |TAMS 0x00000000c9400000, 0x00000000c9400000| Complete 
| 127|0x00000000c9500000, 0x00000000c9600000, 0x00000000c9600000|100%|HC|  |TAMS 0x00000000c9500000, 0x00000000c9500000| Complete 
| 128|0x00000000c9600000, 0x00000000c9700000, 0x00000000c9700000|100%|HC|  |TAMS 0x00000000c9600000, 0x00000000c9600000| Complete 
| 129|0x00000000c9700000, 0x00000000c9800000, 0x00000000c9800000|100%|HC|  |TAMS 0x00000000c9700000, 0x00000000c9700000| Complete 
| 130|0x00000000c9800000, 0x00000000c9900000, 0x00000000c9900000|100%|HC|  |TAMS 0x00000000c9800000, 0x00000000c9800000| Complete 
| 131|0x00000000c9900000, 0x00000000c9a00000, 0x00000000c9a00000|100%|HC|  |TAMS 0x00000000c9900000, 0x00000000c9900000| Complete 
| 132|0x00000000c9a00000, 0x00000000c9b00000, 0x00000000c9b00000|100%|HC|  |TAMS 0x00000000c9a00000, 0x00000000c9a00000| Complete 
| 133|0x00000000c9b00000, 0x00000000c9c00000, 0x00000000c9c00000|100%|HC|  |TAMS 0x00000000c9b00000, 0x00000000c9b00000| Complete 
| 134|0x00000000c9c00000, 0x00000000c9d00000, 0x00000000c9d00000|100%|HC|  |TAMS 0x00000000c9c00000, 0x00000000c9c00000| Complete 
| 135|0x00000000c9d00000, 0x00000000c9e00000, 0x00000000c9e00000|100%|HC|  |TAMS 0x00000000c9d00000, 0x00000000c9d00000| Complete 
| 136|0x00000000c9e00000, 0x00000000c9f00000, 0x00000000c9f00000|100%|HC|  |TAMS 0x00000000c9e00000, 0x00000000c9e00000| Complete 
| 137|0x00000000c9f00000, 0x00000000ca000000, 0x00000000ca000000|100%|HC|  |TAMS 0x00000000c9f00000, 0x00000000c9f00000| Complete 
| 138|0x00000000ca000000, 0x00000000ca100000, 0x00000000ca100000|100%|HC|  |TAMS 0x00000000ca000000, 0x00000000ca000000| Complete 
| 139|0x00000000ca100000, 0x00000000ca200000, 0x00000000ca200000|100%|HC|  |TAMS 0x00000000ca100000, 0x00000000ca100000| Complete 
| 140|0x00000000ca200000, 0x00000000ca300000, 0x00000000ca300000|100%|HC|  |TAMS 0x00000000ca200000, 0x00000000ca200000| Complete 
| 141|0x00000000ca300000, 0x00000000ca400000, 0x00000000ca400000|100%|HC|  |TAMS 0x00000000ca300000, 0x00000000ca300000| Complete 
| 142|0x00000000ca400000, 0x00000000ca500000, 0x00000000ca500000|100%|HC|  |TAMS 0x00000000ca400000, 0x00000000ca400000| Complete 
| 143|0x00000000ca500000, 0x00000000ca600000, 0x00000000ca600000|100%|HC|  |TAMS 0x00000000ca500000, 0x00000000ca500000| Complete 
| 144|0x00000000ca600000, 0x00000000ca700000, 0x00000000ca700000|100%|HC|  |TAMS 0x00000000ca600000, 0x00000000ca600000| Complete 
| 145|0x00000000ca700000, 0x00000000ca800000, 0x00000000ca800000|100%|HC|  |TAMS 0x00000000ca700000, 0x00000000ca700000| Complete 
| 146|0x00000000ca800000, 0x00000000ca900000, 0x00000000ca900000|100%|HC|  |TAMS 0x00000000ca800000, 0x00000000ca800000| Complete 
| 147|0x00000000ca900000, 0x00000000caa00000, 0x00000000caa00000|100%|HC|  |TAMS 0x00000000ca900000, 0x00000000ca900000| Complete 
| 148|0x00000000caa00000, 0x00000000cab00000, 0x00000000cab00000|100%|HC|  |TAMS 0x00000000caa00000, 0x00000000caa00000| Complete 
| 149|0x00000000cab00000, 0x00000000cac00000, 0x00000000cac00000|100%|HC|  |TAMS 0x00000000cab00000, 0x00000000cab00000| Complete 
| 150|0x00000000cac00000, 0x00000000cad00000, 0x00000000cad00000|100%|HC|  |TAMS 0x00000000cac00000, 0x00000000cac00000| Complete 
| 151|0x00000000cad00000, 0x00000000cae00000, 0x00000000cae00000|100%|HC|  |TAMS 0x00000000cad00000, 0x00000000cad00000| Complete 
| 152|0x00000000cae00000, 0x00000000caf00000, 0x00000000caf00000|100%|HC|  |TAMS 0x00000000cae00000, 0x00000000cae00000| Complete 
| 153|0x00000000caf00000, 0x00000000cb000000, 0x00000000cb000000|100%|HC|  |TAMS 0x00000000caf00000, 0x00000000caf00000| Complete 
| 154|0x00000000cb000000, 0x00000000cb100000, 0x00000000cb100000|100%|HC|  |TAMS 0x00000000cb000000, 0x00000000cb000000| Complete 
| 155|0x00000000cb100000, 0x00000000cb200000, 0x00000000cb200000|100%|HC|  |TAMS 0x00000000cb100000, 0x00000000cb100000| Complete 
| 156|0x00000000cb200000, 0x00000000cb300000, 0x00000000cb300000|100%|HC|  |TAMS 0x00000000cb200000, 0x00000000cb200000| Complete 
| 157|0x00000000cb300000, 0x00000000cb400000, 0x00000000cb400000|100%|HC|  |TAMS 0x00000000cb300000, 0x00000000cb300000| Complete 
| 158|0x00000000cb400000, 0x00000000cb500000, 0x00000000cb500000|100%|HC|  |TAMS 0x00000000cb400000, 0x00000000cb400000| Complete 
| 159|0x00000000cb500000, 0x00000000cb600000, 0x00000000cb600000|100%|HC|  |TAMS 0x00000000cb500000, 0x00000000cb500000| Complete 
| 160|0x00000000cb600000, 0x00000000cb700000, 0x00000000cb700000|100%|HC|  |TAMS 0x00000000cb600000, 0x00000000cb600000| Complete 
| 161|0x00000000cb700000, 0x00000000cb800000, 0x00000000cb800000|100%|HC|  |TAMS 0x00000000cb700000, 0x00000000cb700000| Complete 
| 162|0x00000000cb800000, 0x00000000cb900000, 0x00000000cb900000|100%|HC|  |TAMS 0x00000000cb800000, 0x00000000cb800000| Complete 
| 163|0x00000000cb900000, 0x00000000cba00000, 0x00000000cba00000|100%|HC|  |TAMS 0x00000000cb900000, 0x00000000cb900000| Complete 
| 164|0x00000000cba00000, 0x00000000cbb00000, 0x00000000cbb00000|100%|HC|  |TAMS 0x00000000cba00000, 0x00000000cba00000| Complete 
| 165|0x00000000cbb00000, 0x00000000cbc00000, 0x00000000cbc00000|100%|HC|  |TAMS 0x00000000cbb00000, 0x00000000cbb00000| Complete 
| 166|0x00000000cbc00000, 0x00000000cbd00000, 0x00000000cbd00000|100%|HC|  |TAMS 0x00000000cbc00000, 0x00000000cbc00000| Complete 
| 167|0x00000000cbd00000, 0x00000000cbe00000, 0x00000000cbe00000|100%|HC|  |TAMS 0x00000000cbd00000, 0x00000000cbd00000| Complete 
| 168|0x00000000cbe00000, 0x00000000cbf00000, 0x00000000cbf00000|100%|HC|  |TAMS 0x00000000cbe00000, 0x00000000cbe00000| Complete 
| 169|0x00000000cbf00000, 0x00000000cc000000, 0x00000000cc000000|100%|HC|  |TAMS 0x00000000cbf00000, 0x00000000cbf00000| Complete 
| 170|0x00000000cc000000, 0x00000000cc100000, 0x00000000cc100000|100%|HC|  |TAMS 0x00000000cc000000, 0x00000000cc000000| Complete 
| 171|0x00000000cc100000, 0x00000000cc200000, 0x00000000cc200000|100%|HC|  |TAMS 0x00000000cc100000, 0x00000000cc100000| Complete 
| 172|0x00000000cc200000, 0x00000000cc300000, 0x00000000cc300000|100%|HC|  |TAMS 0x00000000cc200000, 0x00000000cc200000| Complete 
| 173|0x00000000cc300000, 0x00000000cc400000, 0x00000000cc400000|100%|HC|  |TAMS 0x00000000cc300000, 0x00000000cc300000| Complete 
| 174|0x00000000cc400000, 0x00000000cc500000, 0x00000000cc500000|100%|HC|  |TAMS 0x00000000cc400000, 0x00000000cc400000| Complete 
| 175|0x00000000cc500000, 0x00000000cc600000, 0x00000000cc600000|100%|HC|  |TAMS 0x00000000cc500000, 0x00000000cc500000| Complete 

Card table byte_map: [0x000001f1bd200000,0x000001f1bd400000] _byte_map_base: 0x000001f1bcbf5000

Marking Bits (Prev, Next): (CMBitMap*) 0x000001f1a3c24468, (CMBitMap*) 0x000001f1a3c24428
 Prev Bits: [0x000001f1be5b0000, 0x000001f1bf558000)
 Next Bits: [0x000001f1bd600000, 0x000001f1be5a8000)

Polling page: 0x000001f1a3a90000

Metaspace:

Usage:
  Non-class:     10.76 MB capacity,    10.61 MB ( 99%) used,   123.41 KB (  1%) free+waste,    25.56 KB ( <1%) overhead. 
      Class:      1.49 MB capacity,     1.35 MB ( 91%) used,   123.92 KB (  8%) free+waste,    14.69 KB ( <1%) overhead. 
       Both:     12.24 MB capacity,    11.96 MB ( 98%) used,   247.34 KB (  2%) free+waste,    40.25 KB ( <1%) overhead. 

Virtual space:
  Non-class space:       12.00 MB reserved,      11.00 MB ( 92%) committed 
      Class space:        1.00 GB reserved,       1.50 MB ( <1%) committed 
             Both:        1.01 GB reserved,      12.50 MB (  1%) committed 

Chunk freelists:
   Non-Class:  0 bytes
       Class:  15.00 KB
        Both:  15.00 KB

MaxMetaspaceSize: 17179869184.00 GB
CompressedClassSpaceSize: 1.00 GB

CodeHeap 'non-profiled nmethods': size=120000Kb used=943Kb max_used=943Kb free=119056Kb
 bounds [0x000001f1b5370000, 0x000001f1b55e0000, 0x000001f1bc8a0000]
CodeHeap 'profiled nmethods': size=120000Kb used=5591Kb max_used=5591Kb free=114408Kb
 bounds [0x000001f1ade40000, 0x000001f1ae3c0000, 0x000001f1b5370000]
CodeHeap 'non-nmethods': size=5760Kb used=1306Kb max_used=1346Kb free=4453Kb
 bounds [0x000001f1ad8a0000, 0x000001f1adb10000, 0x000001f1ade40000]
 total_blobs=3692 nmethods=2251 adapters=502
 compilation: enabled
              stopped_count=0, restarted_count=0
 full_count=0

Compilation events (20 events):
Event: 9.927 Thread 0x000001f1c1b58800 2294       3       java.lang.invoke.LambdaFormBuffer::changeName (149 bytes)
Event: 9.927 Thread 0x000001f1c2b24800 2209       4       javax.swing.text.View::getMaximumSpan (19 bytes)
Event: 9.927 Thread 0x000001f1c1b58800 nmethod 2294 0x000001f1ae3b4590 code [0x000001f1ae3b4780, 0x000001f1ae3b4d50]
Event: 9.928 Thread 0x000001f1c2b24800 nmethod 2209 0x000001f1b5458210 code [0x000001f1b54583a0, 0x000001f1b5458468]
Event: 9.928 Thread 0x000001f1c2b24800 2208       4       javax.swing.text.StyleContext$SmallAttributeSet::getAttributeNames (16 bytes)
Event: 9.929 Thread 0x000001f1c2b24800 nmethod 2208 0x000001f1b5458b90 code [0x000001f1b5458d20, 0x000001f1b5458e18]
Event: 9.929 Thread 0x000001f1c2b24800 2205       4       java.lang.Math::max (46 bytes)
Event: 9.930 Thread 0x000001f1c2b24800 nmethod 2205 0x000001f1b5458f10 code [0x000001f1b54590c0, 0x000001f1b5459198]
Event: 9.930 Thread 0x000001f1c2b24800 2229       4       javax.swing.text.GlyphPainter1::getSpan (49 bytes)
Event: 9.956 Thread 0x000001f1c2b24800 nmethod 2229 0x000001f1b5459210 code [0x000001f1b5459440, 0x000001f1b545a390]
Event: 9.957 Thread 0x000001f1c2b24800 2202       4       javax.swing.JComponent::repaint (19 bytes)
Event: 9.958 Thread 0x000001f1c1b58800 2297 %     3       sun.awt.image.PNGImageDecoder::update_crc @ 3 (41 bytes)
Event: 9.958 Thread 0x000001f1c1b58800 nmethod 2297% 0x000001f1ae3b4f10 code [0x000001f1ae3b50c0, 0x000001f1ae3b5378]
Event: 9.958 Thread 0x000001f1c1b58800 2298       3       sun.awt.image.PNGImageDecoder::update_crc (41 bytes)
Event: 9.959 Thread 0x000001f1c1b58800 nmethod 2298 0x000001f1ae3b5510 code [0x000001f1ae3b56c0, 0x000001f1ae3b5918]
Event: 9.963 Thread 0x000001f1c2b24800 nmethod 2202 0x000001f1b545ae90 code [0x000001f1b545b060, 0x000001f1b545b448]
Event: 9.963 Thread 0x000001f1c2b24800 2299 %     4       sun.awt.image.PNGImageDecoder::update_crc @ 3 (41 bytes)
Event: 9.969 Thread 0x000001f1c1b58800 2300       3       jdk.internal.ref.CleanerImpl$PhantomCleanableRef::performCleanup (10 bytes)
Event: 9.969 Thread 0x000001f1c2b24800 nmethod 2299% 0x000001f1b545b990 code [0x000001f1b545bb20, 0x000001f1b545bdd8]
Event: 9.970 Thread 0x000001f1c1b58800 nmethod 2300 0x000001f1ae3b5a90 code [0x000001f1ae3b5c40, 0x000001f1ae3b5e90]

GC Heap History (10 events):
Event: 7.886 GC heap before
{Heap before GC invocations=0 (full 0):
 garbage-first heap   total 65536K, used 14336K [0x00000000c1600000, 0x0000000100000000)
  region size 1024K, 14 young (14336K), 0 survivors (0K)
 Metaspace       used 10494K, capacity 10725K, committed 10880K, reserved 1058816K
  class space    used 1251K, capacity 1344K, committed 1408K, reserved 1048576K
}
Event: 7.910 GC heap after
{Heap after GC invocations=1 (full 0):
 garbage-first heap   total 65536K, used 5080K [0x00000000c1600000, 0x0000000100000000)
  region size 1024K, 2 young (2048K), 2 survivors (2048K)
 Metaspace       used 10494K, capacity 10725K, committed 10880K, reserved 1058816K
  class space    used 1251K, capacity 1344K, committed 1408K, reserved 1048576K
}
Event: 8.068 GC heap before
{Heap before GC invocations=1 (full 0):
 garbage-first heap   total 65536K, used 6104K [0x00000000c1600000, 0x0000000100000000)
  region size 1024K, 4 young (4096K), 2 survivors (2048K)
 Metaspace       used 10674K, capacity 10885K, committed 11136K, reserved 1058816K
  class space    used 1258K, capacity 1376K, committed 1408K, reserved 1048576K
}
Event: 8.082 GC heap after
{Heap after GC invocations=2 (full 0):
 garbage-first heap   total 65536K, used 5521K [0x00000000c1600000, 0x0000000100000000)
  region size 1024K, 1 young (1024K), 1 survivors (1024K)
 Metaspace       used 10674K, capacity 10885K, committed 11136K, reserved 1058816K
  class space    used 1258K, capacity 1376K, committed 1408K, reserved 1048576K
}
Event: 8.628 GC heap before
{Heap before GC invocations=2 (full 0):
 garbage-first heap   total 65536K, used 19857K [0x00000000c1600000, 0x0000000100000000)
  region size 1024K, 15 young (15360K), 1 survivors (1024K)
 Metaspace       used 11085K, capacity 11341K, committed 11392K, reserved 1058816K
  class space    used 1273K, capacity 1377K, committed 1408K, reserved 1048576K
}
Event: 8.630 GC heap after
{Heap after GC invocations=3 (full 0):
 garbage-first heap   total 65536K, used 5698K [0x00000000c1600000, 0x0000000100000000)
  region size 1024K, 1 young (1024K), 1 survivors (1024K)
 Metaspace       used 11085K, capacity 11341K, committed 11392K, reserved 1058816K
  class space    used 1273K, capacity 1377K, committed 1408K, reserved 1048576K
}
Event: 9.555 GC heap before
{Heap before GC invocations=3 (full 0):
 garbage-first heap   total 65536K, used 30274K [0x00000000c1600000, 0x0000000100000000)
  region size 1024K, 25 young (25600K), 1 survivors (1024K)
 Metaspace       used 11651K, capacity 11926K, committed 12032K, reserved 1060864K
  class space    used 1306K, capacity 1444K, committed 1536K, reserved 1048576K
}
Event: 9.557 GC heap after
{Heap after GC invocations=4 (full 0):
 garbage-first heap   total 65536K, used 6057K [0x00000000c1600000, 0x0000000100000000)
  region size 1024K, 1 young (1024K), 1 survivors (1024K)
 Metaspace       used 11651K, capacity 11926K, committed 12032K, reserved 1060864K
  class space    used 1306K, capacity 1444K, committed 1536K, reserved 1048576K
}
Event: 9.965 GC heap before
{Heap before GC invocations=4 (full 0):
 garbage-first heap   total 65536K, used 8105K [0x00000000c1600000, 0x0000000100000000)
  region size 1024K, 4 young (4096K), 1 survivors (1024K)
 Metaspace       used 12246K, capacity 12535K, committed 12800K, reserved 1060864K
  class space    used 1382K, capacity 1521K, committed 1536K, reserved 1048576K
}
Event: 9.969 GC heap after
{Heap after GC invocations=5 (full 0):
 garbage-first heap   total 65536K, used 6537K [0x00000000c1600000, 0x0000000100000000)
  region size 1024K, 2 young (2048K), 2 survivors (2048K)
 Metaspace       used 12246K, capacity 12535K, committed 12800K, reserved 1060864K
  class space    used 1382K, capacity 1521K, committed 1536K, reserved 1048576K
}

Deoptimization events (20 events):
Event: 9.963 Thread 0x000001f1c2a4b800 DEOPT PACKING pc=0x000001f1ae3b529f sp=0x000000c69daff220
Event: 9.963 Thread 0x000001f1c2a4b800 DEOPT UNPACKING pc=0x000001f1ad8e964e sp=0x000000c69dafe6f0 mode 0
Event: 9.963 Thread 0x000001f1c2a4b800 DEOPT PACKING pc=0x000001f1ae3b529f sp=0x000000c69daff220
Event: 9.963 Thread 0x000001f1c2a4b800 DEOPT UNPACKING pc=0x000001f1ad8e964e sp=0x000000c69dafe6f0 mode 0
Event: 9.963 Thread 0x000001f1c2a4b800 DEOPT PACKING pc=0x000001f1ae3b529f sp=0x000000c69daff220
Event: 9.963 Thread 0x000001f1c2a4b800 DEOPT UNPACKING pc=0x000001f1ad8e964e sp=0x000000c69dafe6f0 mode 0
Event: 9.963 Thread 0x000001f1c2a4b800 DEOPT PACKING pc=0x000001f1ae3b529f sp=0x000000c69daff220
Event: 9.963 Thread 0x000001f1c2a4b800 DEOPT UNPACKING pc=0x000001f1ad8e964e sp=0x000000c69dafe6f0 mode 0
Event: 9.963 Thread 0x000001f1c2a4b800 DEOPT PACKING pc=0x000001f1ae3b529f sp=0x000000c69daff220
Event: 9.963 Thread 0x000001f1c2a4b800 DEOPT UNPACKING pc=0x000001f1ad8e964e sp=0x000000c69dafe6f0 mode 0
Event: 9.964 Thread 0x000001f1c2a4b800 DEOPT PACKING pc=0x000001f1ae3b529f sp=0x000000c69daff220
Event: 9.964 Thread 0x000001f1c2a4b800 DEOPT UNPACKING pc=0x000001f1ad8e964e sp=0x000000c69dafe6f0 mode 0
Event: 9.964 Thread 0x000001f1c2a4b800 DEOPT PACKING pc=0x000001f1ae3b529f sp=0x000000c69daff220
Event: 9.964 Thread 0x000001f1c2a4b800 DEOPT UNPACKING pc=0x000001f1ad8e964e sp=0x000000c69dafe6f0 mode 0
Event: 9.964 Thread 0x000001f1c2a4b800 DEOPT PACKING pc=0x000001f1ae3b529f sp=0x000000c69daff220
Event: 9.964 Thread 0x000001f1c2a4b800 DEOPT UNPACKING pc=0x000001f1ad8e964e sp=0x000000c69dafe6f0 mode 0
Event: 9.964 Thread 0x000001f1c2a4b800 DEOPT PACKING pc=0x000001f1ae3b529f sp=0x000000c69daff220
Event: 9.964 Thread 0x000001f1c2a4b800 DEOPT UNPACKING pc=0x000001f1ad8e964e sp=0x000000c69dafe6f0 mode 0
Event: 9.965 Thread 0x000001f1c2a4b800 DEOPT PACKING pc=0x000001f1ae2876e5 sp=0x000000c69daff3f0
Event: 9.965 Thread 0x000001f1c2a4b800 DEOPT UNPACKING pc=0x000001f1ad8e964e sp=0x000000c69dafe980 mode 0

Classes unloaded (0 events):
No events

Classes redefined (0 events):
No events

Internal exceptions (14 events):
Event: 0.475 Thread 0x000001f1a3bf2800 Exception <a 'java/lang/ClassNotFoundException'{0x00000000c530b328}: sun/awt/resources/spi/awtProvider> (0x00000000c530b328) 
thrown [t:/workspace/open/src/hotspot/share/classfile/systemDictionary.cpp, line 232]
Event: 0.712 Thread 0x000001f1a3bf2800 Exception <a 'java/io/FileNotFoundException'{0x00000000c5362480}> (0x00000000c5362480) 
thrown [t:/workspace/open/src/hotspot/share/prims/jni.cpp, line 598]
Event: 0.745 Thread 0x000001f1a3bf2800 Exception <a 'java/io/FileNotFoundException'{0x00000000c5388a60}> (0x00000000c5388a60) 
thrown [t:/workspace/open/src/hotspot/share/prims/jni.cpp, line 598]
Event: 1.779 Thread 0x000001f1c2908800 Exception <a 'java/lang/NoSuchMethodError'{0x00000000c514d1f0}: 'void java.lang.invoke.DirectMethodHandle$Holder.invokeSpecial(java.lang.Object, java.lang.Object)'> (0x00000000c514d1f0) 
thrown [t:/workspace/open/src/hotspot/share/interpreter/linkResolver.cpp, line 767]
Event: 3.585 Thread 0x000001f1c2969800 Exception <a 'java/lang/NoSuchMethodError'{0x00000000c504a9b8}: 'java.lang.Object java.lang.invoke.DirectMethodHandle$Holder.invokeStatic(java.lang.Object, int, java.lang.Object, java.lang.Object, java.lang.Object, java.lang.Object)'> (0x00000000c504a9b8) 
thrown [t:/workspace/open/src/hotspot/share/interpreter/linkResolver.cpp, line 767]
Event: 3.589 Thread 0x000001f1c2969800 Exception <a 'java/lang/NoSuchMethodError'{0x00000000c5051318}: 'java.lang.Object java.lang.invoke.DirectMethodHandle$Holder.invokeStatic(java.lang.Object, int, java.lang.Object, java.lang.Object, java.lang.Object)'> (0x00000000c5051318) 
thrown [t:/workspace/open/src/hotspot/share/interpreter/linkResolver.cpp, line 767]
Event: 3.591 Thread 0x000001f1c2969800 Exception <a 'java/lang/NoSuchMethodError'{0x00000000c5054b80}: 'java.lang.Object java.lang.invoke.DirectMethodHandle$Holder.invokeSpecial(java.lang.Object, java.lang.Object, int, java.lang.Object, java.lang.Object, java.lang.Object)'> (0x00000000c5054b80) 
thrown [t:/workspace/open/src/hotspot/share/interpreter/linkResolver.cpp, line 767]
Event: 3.621 Thread 0x000001f1c2969800 Exception <a 'java/lang/NoSuchMethodError'{0x00000000c506aea8}: 'java.lang.Object java.lang.invoke.DirectMethodHandle$Holder.invokeStatic(java.lang.Object, int, java.lang.Object)'> (0x00000000c506aea8) 
thrown [t:/workspace/open/src/hotspot/share/interpreter/linkResolver.cpp, line 767]
Event: 3.824 Thread 0x000001f1c2969800 Exception <a 'java/lang/ClassNotFoundException'{0x00000000c4f0e560}: com/sun/swing/internal/plaf/metal/resources/spi/metalProvider> (0x00000000c4f0e560) 
thrown [t:/workspace/open/src/hotspot/share/classfile/systemDictionary.cpp, line 232]
Event: 3.830 Thread 0x000001f1c2969800 Exception <a 'java/lang/ClassNotFoundException'{0x00000000c4f12608}: com/sun/swing/internal/plaf/basic/resources/spi/basicProvider> (0x00000000c4f12608) 
thrown [t:/workspace/open/src/hotspot/share/classfile/systemDictionary.cpp, line 232]
Event: 4.416 Thread 0x000001f1c2969800 Exception <a 'java/net/UnknownHostException'{0x00000000c4f496f0}> (0x00000000c4f496f0) 
thrown [t:/workspace/open/src/hotspot/share/prims/jni.cpp, line 598]
Event: 8.887 Thread 0x000001f1c2969800 Exception <a 'java/io/FileNotFoundException'{0x00000000c4ed6128}> (0x00000000c4ed6128) 
thrown [t:/workspace/open/src/hotspot/share/prims/jni.cpp, line 598]
Event: 9.856 Thread 0x000001f1c2969800 Exception <a 'java/lang/NoSuchMethodError'{0x00000000c54c1cf8}: 'void java.lang.invoke.DirectMethodHandle$Holder.invokeStaticInit(java.lang.Object)'> (0x00000000c54c1cf8) 
thrown [t:/workspace/open/src/hotspot/share/interpreter/linkResolver.cpp, line 767]
Event: 9.929 Thread 0x000001f1c2969800 Exception <a 'java/lang/NoSuchMethodError'{0x00000000c54e8f50}: 'java.lang.Object java.lang.invoke.Invokers$Holder.linkToTargetMethod(java.lang.Object, int, java.lang.Object)'> (0x00000000c54e8f50) 
thrown [t:/workspace/open/src/hotspot/share/interpreter/linkResolver.cpp, line 767]

Events (20 events):
Event: 9.919 loading class sun/awt/windows/WingDings done
Event: 9.919 loading class sun/awt/windows/WingDings$Encoder
Event: 9.919 loading class sun/awt/windows/WingDings$Encoder done
Event: 9.920 loading class sun/awt/Symbol
Event: 9.920 loading class sun/awt/Symbol done
Event: 9.920 loading class sun/awt/Symbol$Encoder
Event: 9.920 loading class sun/awt/Symbol$Encoder done
Event: 9.921 Executing VM operation: RevokeBias
Event: 9.921 Executing VM operation: RevokeBias done
Event: 9.923 Executing VM operation: RevokeBias
Event: 9.923 Executing VM operation: RevokeBias done
Event: 9.929 Executing VM operation: RevokeBias
Event: 9.929 Executing VM operation: RevokeBias done
Event: 9.931 Executing VM operation: RevokeBias
Event: 9.931 Executing VM operation: RevokeBias done
Event: 9.964 Executing VM operation: RevokeBias
Event: 9.964 Executing VM operation: RevokeBias done
Event: 9.965 Executing VM operation: G1CollectForAllocation
Event: 9.969 Executing VM operation: G1CollectForAllocation done
Event: 9.979 Executing VM operation: G1Concurrent


Dynamic libraries:
0x00007ff6f0cb0000 - 0x00007ff6f0cbf000 	C:\Program Files\Java\jdk-13.0.2\bin\javaw.exe
0x00007ff916940000 - 0x00007ff916b30000 	C:\Windows\SYSTEM32\ntdll.dll
0x00007ff915b50000 - 0x00007ff915c02000 	C:\Windows\System32\KERNEL32.DLL
0x00007ff9143b0000 - 0x00007ff914655000 	C:\Windows\System32\KERNELBASE.dll
0x00007ff914660000 - 0x00007ff91475a000 	C:\Windows\System32\ucrtbase.dll
0x00007ff90d650000 - 0x00007ff90d668000 	C:\Program Files\Java\jdk-13.0.2\bin\jli.dll
0x00007ff908bc0000 - 0x00007ff908bd5000 	C:\Program Files\Java\jdk-13.0.2\bin\VCRUNTIME140.dll
0x00007ff916480000 - 0x00007ff916523000 	C:\Windows\System32\ADVAPI32.dll
0x00007ff915c10000 - 0x00007ff915cae000 	C:\Windows\System32\msvcrt.dll
0x00007ff916690000 - 0x00007ff916727000 	C:\Windows\System32\sechost.dll
0x00007ff9149f0000 - 0x00007ff914b0f000 	C:\Windows\System32\RPCRT4.dll
0x00007ff916730000 - 0x00007ff9168c4000 	C:\Windows\System32\USER32.dll
0x00007ff9142c0000 - 0x00007ff9142e1000 	C:\Windows\System32\win32u.dll
0x00007ff907fd0000 - 0x00007ff908254000 	C:\Windows\WinSxS\amd64_microsoft.windows.common-controls_6595b64144ccf1df_6.0.18362.1556_none_9e7e372fe45e41d5\COMCTL32.dll
0x00007ff915280000 - 0x00007ff9152a6000 	C:\Windows\System32\GDI32.dll
0x00007ff914b20000 - 0x00007ff914e56000 	C:\Windows\System32\combase.dll
0x00007ff913900000 - 0x00007ff913a98000 	C:\Windows\System32\gdi32full.dll
0x00007ff913aa0000 - 0x00007ff913b3e000 	C:\Windows\System32\msvcp_win.dll
0x00007ff9142f0000 - 0x00007ff914371000 	C:\Windows\System32\bcryptPrimitives.dll
0x00007ff9086b0000 - 0x00007ff9086ba000 	C:\Windows\SYSTEM32\VERSION.dll
0x00007ff9149c0000 - 0x00007ff9149ee000 	C:\Windows\System32\IMM32.DLL
0x00007ff901c50000 - 0x00007ff901ceb000 	C:\Program Files\Java\jdk-13.0.2\bin\msvcp140.dll
0x00007ff8e0720000 - 0x00007ff8e127d000 	C:\Program Files\Java\jdk-13.0.2\bin\server\jvm.dll
0x00007ff914f90000 - 0x00007ff914f98000 	C:\Windows\System32\PSAPI.DLL
0x00007ff90fa90000 - 0x00007ff90fa99000 	C:\Windows\SYSTEM32\WSOCK32.dll
0x00007ff910450000 - 0x00007ff910474000 	C:\Windows\SYSTEM32\WINMM.dll
0x00007ff915ec0000 - 0x00007ff915f2f000 	C:\Windows\System32\WS2_32.dll
0x00007ff910420000 - 0x00007ff91044d000 	C:\Windows\SYSTEM32\winmmbase.dll
0x00007ff9148c0000 - 0x00007ff91490a000 	C:\Windows\System32\cfgmgr32.dll
0x00007ff913860000 - 0x00007ff913871000 	C:\Windows\System32\kernel.appcore.dll
0x00007ff90c3e0000 - 0x00007ff90c3f0000 	C:\Program Files\Java\jdk-13.0.2\bin\verify.dll
0x00007ff906550000 - 0x00007ff906744000 	C:\Windows\SYSTEM32\DBGHELP.DLL
0x00007ff906520000 - 0x00007ff90654a000 	C:\Windows\SYSTEM32\dbgcore.DLL
0x00007ff908b70000 - 0x00007ff908b96000 	C:\Program Files\Java\jdk-13.0.2\bin\java.dll
0x00007ff906ef0000 - 0x00007ff906f07000 	C:\Program Files\Java\jdk-13.0.2\bin\zip.dll
0x00007ff908bf0000 - 0x00007ff908bfa000 	C:\Program Files\Java\jdk-13.0.2\bin\jimage.dll
0x00007ff915310000 - 0x00007ff9159f7000 	C:\Windows\System32\SHELL32.dll
0x00007ff914ee0000 - 0x00007ff914f88000 	C:\Windows\System32\shcore.dll
0x00007ff913b40000 - 0x00007ff9142bb000 	C:\Windows\System32\windows.storage.dll
0x00007ff913820000 - 0x00007ff91383e000 	C:\Windows\System32\profapi.dll
0x00007ff9137d0000 - 0x00007ff91381a000 	C:\Windows\System32\powrprof.dll
0x00007ff9137c0000 - 0x00007ff9137d0000 	C:\Windows\System32\UMPDC.dll
0x00007ff915070000 - 0x00007ff9150c2000 	C:\Windows\System32\shlwapi.dll
0x00007ff9138e0000 - 0x00007ff9138f7000 	C:\Windows\System32\cryptsp.dll
0x00007ff901c30000 - 0x00007ff901c49000 	C:\Program Files\Java\jdk-13.0.2\bin\net.dll
0x00007ff90a120000 - 0x00007ff90a21a000 	C:\Windows\SYSTEM32\WINHTTP.dll
0x00007ff913000000 - 0x00007ff913067000 	C:\Windows\system32\mswsock.dll
0x00007ff901c10000 - 0x00007ff901c23000 	C:\Program Files\Java\jdk-13.0.2\bin\nio.dll
0x00007ff8eade0000 - 0x00007ff8eaf79000 	C:\Program Files\Java\jdk-13.0.2\bin\awt.dll
0x00007ff915a00000 - 0x00007ff915ac5000 	C:\Windows\System32\OLEAUT32.dll
0x00007ff911930000 - 0x00007ff9119bf000 	C:\Windows\SYSTEM32\apphelp.dll
0x00007ff911ae0000 - 0x00007ff911b79000 	C:\Windows\system32\uxtheme.dll
0x00007ff9150d0000 - 0x00007ff915205000 	C:\Windows\System32\MSCTF.dll
0x00007ff916530000 - 0x00007ff916687000 	C:\Windows\System32\ole32.dll
0x00007ff911bd0000 - 0x00007ff911bfd000 	C:\Windows\system32\DWMAPI.DLL
0x00007ff8e86c0000 - 0x00007ff8e8816000 	C:\Windows\system32\opengl32.dll
0x00007ff8efb70000 - 0x00007ff8efb9c000 	C:\Windows\SYSTEM32\GLU32.dll
0x00007ff912430000 - 0x00007ff912450000 	C:\Windows\SYSTEM32\dxcore.dll
0x00007ff912d50000 - 0x00007ff912e1b000 	C:\Windows\SYSTEM32\DNSAPI.dll
0x00007ff914b10000 - 0x00007ff914b18000 	C:\Windows\System32\NSI.dll
0x00007ff912d10000 - 0x00007ff912d4a000 	C:\Windows\SYSTEM32\IPHLPAPI.DLL
0x00007ff909ac0000 - 0x00007ff909aca000 	C:\Windows\System32\rasadhlp.dll
0x00007ff8eb4d0000 - 0x00007ff8eb552000 	C:\Program Files\Java\jdk-13.0.2\bin\freetype.dll
0x00007ff8ea3d0000 - 0x00007ff8ea476000 	C:\Program Files\Java\jdk-13.0.2\bin\fontmanager.dll

dbghelp: loaded successfully - version: 4.0.5 - missing functions: none
symbol engine: initialized successfully - sym options: 0x614 - pdb path: .;C:\Program Files\Java\jdk-13.0.2\bin;C:\Windows\SYSTEM32;C:\Windows\WinSxS\amd64_microsoft.windows.common-controls_6595b64144ccf1df_6.0.18362.1556_none_9e7e372fe45e41d5;C:\Program Files\Java\jdk-13.0.2\bin\server

VM Arguments:
jvm_args: -Dfile.encoding=Cp1252 
java_command: Application.Home
java_class_path (initial): C:\Users\User\Desktop\Programmes\Java\Workspace\DriveOperations\target\classes;C:\Users\User\Desktop\Libraries\jgoodies-common-1.8.0.jar;C:\Users\User\Desktop\Libraries\jgoodies-forms-1.8.0.jar;C:\Users\User\Desktop\Libraries\miglayout15-swing.jar;C:\Users\User\Downloads\javax.mail.jar;C:\Users\User\Downloads\activation-1.1.1.jar;C:\Users\User\Downloads\jcalendar-1.4.jar;C:\Users\User\Downloads\jfreechart-1.0.19\lib\jcommon-1.0.23.jar;C:\Users\User\Downloads\jfreechart-1.0.19\lib\jfreechart-1.0.19.jar;C:\Users\User\Downloads\commons-net-3.8.0\commons-net-3.8.0.jar;C:\Users\User\Documents\Libs\comm-2.0.jar;C:\Users\User\Documents\Libs\http-2.2.1.jar;C:\Users\User\Documents\Libs\mysql-connector-java-5.1.45.jar;C:\Users\User\Downloads\JTattoo-1.6.13.jar;C:\Users\User\Desktop\Libs\jmespath-java-1.11.470.jar;C:\Users\User\Desktop\Libs\aws-java-sdk-core-1.12.65.jar;C:\Users\User\Desktop\Libs\aws-java-sdk-kms-1.12.65.jar;C:\Users\User\Desktop\Libs\aws-java-sdk-s3-1.12.65.jar;C:\Users\User\Desktop\Libs\commons-codec-1.15.jar;C:\Users\User\Desktop\Libs\commons-logging-1.1.3.jar;C:\Users\User\Desktop\Libs\httpclient-4.5.13.jar;C:\Users\User\Desktop\Libs\ion-java-1.0.2.jar;C:\Users\User\Desktop\Libs\jackson-annotations-2.12.3.jar;C:\Users\User\Desktop\Libs\jackson-core-2.12.3.jar;C:\Users\User\Desktop\Libs\jackson-databind-2.12.3.jar;C:\Users\User\Desktop\Libs\jackson-dataformat-cbor-2.12.3.jar;C:\Users\User\Desktop\Libs\jmespath-java-1.12.65.jar;C:\Users\User\Desktop\Libs\joda-time-2.8.1.jar;C:\Users\User\.m2\repository\com\amazonaws\aws-java-sdk-s3\1.12.65\aws-java-sdk-s3-1.12.65.jar;C:\Users\User\.m2\repository\com\amazonaws\aws-java-sdk-kms\1.12.65\aws-java-sdk-kms-1.12.65.jar;C:\Users\User\.m2\repository\com\amazonaws\aws-java-sdk-core\1.12.65\aws-java-sdk-core-1.12.65.jar;C:\Users\User\.m2\repository\commons-logging\commons-logging\1.1.3\commons-logging-1.1.3.jar;C:\Users\User\.m2\repository\commons-codec\commons-codec\1.15\commons-codec-1.15
Launcher Type: SUN_STANDARD

[Global flags]
     intx CICompilerCount                          = 3                                         {product} {ergonomic}
     uint ConcGCThreads                            = 1                                         {product} {ergonomic}
     uint G1ConcRefinementThreads                  = 4                                         {product} {ergonomic}
   size_t G1HeapRegionSize                         = 1048576                                   {product} {ergonomic}
    uintx GCDrainStackTargetSize                   = 64                                        {product} {ergonomic}
   size_t InitialHeapSize                          = 67108864                                  {product} {ergonomic}
   size_t MarkStackSize                            = 4194304                                   {product} {ergonomic}
   size_t MaxHeapSize                              = 1050673152                                {product} {ergonomic}
   size_t MaxNewSize                               = 630194176                                 {product} {ergonomic}
   size_t MinHeapDeltaBytes                        = 1048576                                   {product} {ergonomic}
   size_t MinHeapSize                              = 8388608                                   {product} {ergonomic}
    uintx NonNMethodCodeHeapSize                   = 5832780                                {pd product} {ergonomic}
    uintx NonProfiledCodeHeapSize                  = 122912730                              {pd product} {ergonomic}
    uintx ProfiledCodeHeapSize                     = 122912730                              {pd product} {ergonomic}
    uintx ReservedCodeCacheSize                    = 251658240                              {pd product} {ergonomic}
     bool SegmentedCodeCache                       = true                                      {product} {ergonomic}
   size_t SoftMaxHeapSize                          = 1050673152                             {manageable} {ergonomic}
     bool UseCompressedClassPointers               = true                                 {lp64_product} {ergonomic}
     bool UseCompressedOops                        = true                                 {lp64_product} {ergonomic}
     bool UseG1GC                                  = true                                      {product} {ergonomic}
     bool UseLargePagesIndividualAllocation        = false                                  {pd product} {ergonomic}

Logging:
Log output configuration:
 #0: stdout all=warning uptime,level,tags
 #1: stderr all=off uptime,level,tags

Environment Variables:
JAVA_HOME=C:\Program Files (x86)\Java\jre1.8.0_241
PATH=C:\Program Files\Java\jdk-13.0.2\bin;C:\Program Files (x86)\Common Files\Oracle\Java\javapath;C:\Windows\system32;C:\Windows;C:\Windows\System32\Wbem;C:\Windows\System32\WindowsPowerShell\v1.0\;C:\Windows\System32\OpenSSH\;C:\Program Files (x86)\apache-maven-3.8.1\bin;C:\Program Files (x86)\gradle-7.1.1\bin;C:\Users\User\AppData\Local\Microsoft\WindowsApps;C:\Users\User\AppData\Local\Programs\Microsoft VS Code\bin;C:\Program Files (x86)\gradle-7.1.1\bin;C:\Users\User\Downloads\platform-tools;
USERNAME=User
OS=Windows_NT
PROCESSOR_IDENTIFIER=Intel64 Family 6 Model 42 Stepping 7, GenuineIntel



---------------  S Y S T E M  ---------------

OS: Windows 10 , 64 bit Build 18362 (10.0.18362.1500)

CPU:total 4 (initial active 4) (2 cores per cpu, 2 threads per core) family 6 model 42 stepping 7, cmov, cx8, fxsr, mmx, sse, sse2, sse3, ssse3, sse4.1, sse4.2, popcnt, avx, aes, clmul, ht, tsc, tscinvbit

Memory: 4k page, system-wide physical 4006M (355M free)
TotalPageFile size 16294M (AvailPageFile size 7M)
current process WorkingSet (physical memory assigned to process): 238M, peak: 241M
current process commit charge ("private bytes"): 312M, peak: 340M

vm_info: Java HotSpot(TM) 64-Bit Server VM (13.0.2+8) for windows-amd64 JRE (13.0.2+8), built on Dec 11 2019 09:20:33 by "mach5one" with unknown MS VC++:1916

END.
