#
# There is insufficient memory for the Java Runtime Environment to continue.
# Native memory allocation (mmap) failed to map 58720256 bytes for Failed to commit area from 0x00000000cab00000 to 0x00000000ce300000 of length 58720256.
# Possible reasons:
#   The system is out of physical RAM or swap space
#   The process is running with CompressedOops enabled, and the Java Heap may be blocking the growth of the native heap
# Possible solutions:
#   Reduce memory load on the system
#   Increase physical memory or swap space
#   Check if swap backing store is full
#   Decrease Java heap size (-Xmx/-Xms)
#   Decrease number of Java threads
#   Decrease Java thread stack sizes (-Xss)
#   Set larger code cache with -XX:ReservedCodeCacheSize=
#   JVM is running with Unscaled Compressed Oops mode in which the Java heap is
#     placed in the first 4GB address space. The Java Heap base address is the
#     maximum limit for the native heap growth. Please use -XX:HeapBaseMinAddress
#     to set the Java Heap base and to place the Java Heap above 4GB virtual address.
# This output file may be truncated or incomplete.
#
#  Out of Memory Error (t:/workspace/open/src/hotspot/os/windows/os_windows.cpp:3301), pid=6032, tid=6308
#
# JRE version: Java(TM) SE Runtime Environment (13.0.2+8) (build 13.0.2+8)
# Java VM: Java HotSpot(TM) 64-Bit Server VM (13.0.2+8, mixed mode, sharing, tiered, compressed oops, g1 gc, windows-amd64)
# No core dump will be written. Minidumps are not enabled by default on client versions of Windows
#

---------------  S U M M A R Y ------------

Command Line: -Dfile.encoding=Cp1252 Application.Home

Host: Intel(R) Core(TM) i5-2520M CPU @ 2.50GHz, 4 cores, 3G,  Windows 10 , 64 bit Build 18362 (10.0.18362.1500)
Time: Mon Oct  4 12:41:48 2021 South Africa Standard Time elapsed time: 2 seconds (0d 0h 0m 2s)

---------------  T H R E A D  ---------------

Current thread (0x0000017afbf3c800):  VMThread "VM Thread" [stack: 0x0000005183800000,0x0000005183900000] [id=6308]

Stack: [0x0000005183800000,0x0000005183900000]
[error occurred during error reporting (printing stack bounds), id 0xc0000005, EXCEPTION_ACCESS_VIOLATION (0xc0000005) at pc=0x0000017ae84510ad]

Native frames: (J=compiled Java code, j=interpreted, Vv=VM code, C=native code)
V  [jvm.dll+0x624f9a]
V  [jvm.dll+0x770cfa]
V  [jvm.dll+0x7724af]
V  [jvm.dll+0x772a15]
V  [jvm.dll+0x7729cb]
V  [jvm.dll+0x6244df]
C  [ntdll.dll+0x790b6]
C  [ntdll.dll+0x6a926]
C  [ntdll.dll+0xa0c6e]
C  0x0000017ae84510ad

VM_Operation (0x00000051834ff7f0): G1Concurrent, mode: safepoint, requested by thread 0x0000017adff8d800


---------------  P R O C E S S  ---------------

Threads class SMR info:
_java_thread_list=0x0000017afce694e0, length=27, elements={
0x0000017afbf3f800, 0x0000017afbf42800, 0x0000017afbf5a800, 0x0000017afbf5e800,
0x0000017afbf68800, 0x0000017afbf76800, 0x0000017afbf83000, 0x0000017afc9b1800,
0x0000017afc9b5000, 0x0000017afcc64000, 0x0000017afcced000, 0x0000017afccee000,
0x0000017afcd92800, 0x0000017adff53800, 0x0000017afce34800, 0x0000017afce61000,
0x0000017afcfc1800, 0x0000017afd1df000, 0x0000017afbf73000, 0x0000017afceac000,
0x0000017afd2f9800, 0x0000017afbf75800, 0x0000017afbf77000, 0x0000017afbf78000,
0x0000017afbf79000, 0x0000017afbf79800, 0x0000017afbf74000
}

Java Threads: ( => current thread )
  0x0000017afbf3f800 JavaThread "Reference Handler" daemon [_thread_blocked, id=11908, stack(0x0000005183900000,0x0000005183a00000)]
  0x0000017afbf42800 JavaThread "Finalizer" daemon [_thread_blocked, id=11640, stack(0x0000005183a00000,0x0000005183b00000)]
  0x0000017afbf5a800 JavaThread "Signal Dispatcher" daemon [_thread_blocked, id=13212, stack(0x0000005183b00000,0x0000005183c00000)]
  0x0000017afbf5e800 JavaThread "Attach Listener" daemon [_thread_blocked, id=3212, stack(0x0000005183c00000,0x0000005183d00000)]
  0x0000017afbf68800 JavaThread "C2 CompilerThread0" daemon [_thread_in_native, id=14524, stack(0x0000005183d00000,0x0000005183e00000)]
  0x0000017afbf76800 JavaThread "C1 CompilerThread0" daemon [_thread_blocked, id=15256, stack(0x0000005183e00000,0x0000005183f00000)]
  0x0000017afbf83000 JavaThread "Sweeper thread" daemon [_thread_blocked, id=9596, stack(0x0000005183f00000,0x0000005184000000)]
  0x0000017afc9b1800 JavaThread "Service Thread" daemon [_thread_blocked, id=13904, stack(0x0000005184000000,0x0000005184100000)]
  0x0000017afc9b5000 JavaThread "Common-Cleaner" daemon [_thread_blocked, id=5744, stack(0x0000005184200000,0x0000005184300000)]
  0x0000017afcc64000 JavaThread "Java2D Disposer" daemon [_thread_blocked, id=9268, stack(0x0000005184300000,0x0000005184400000)]
  0x0000017afcced000 JavaThread "AWT-Shutdown" [_thread_blocked, id=14612, stack(0x0000005184400000,0x0000005184500000)]
  0x0000017afccee000 JavaThread "AWT-Windows" daemon [_thread_in_native, id=8908, stack(0x0000005184500000,0x0000005184600000)]
  0x0000017afcd92800 JavaThread "AWT-EventQueue-0" [_thread_blocked, id=10872, stack(0x0000005184600000,0x0000005184700000)]
  0x0000017adff53800 JavaThread "DestroyJavaVM" [_thread_blocked, id=11756, stack(0x0000005183200000,0x0000005183300000)]
  0x0000017afce34800 JavaThread "Image Fetcher 0" daemon [_thread_blocked, id=4280, stack(0x0000005184700000,0x0000005184800000)]
  0x0000017afce61000 JavaThread "TimerQueue" daemon [_thread_blocked, id=6556, stack(0x0000005184800000,0x0000005184900000)]
  0x0000017afcfc1800 JavaThread "SwingWorker-pool-1-thread-1" daemon [_thread_blocked, id=8540, stack(0x0000005184900000,0x0000005184a00000)]
  0x0000017afd1df000 JavaThread "SwingWorker-pool-1-thread-2" daemon [_thread_blocked, id=3108, stack(0x0000005184a00000,0x0000005184b00000)]
  0x0000017afbf73000 JavaThread "C2 CompilerThread1" daemon [_thread_in_native, id=14388, stack(0x0000005185000000,0x0000005185100000)]
  0x0000017afceac000 JavaThread "SwingWorker-pool-1-thread-3" daemon [_thread_blocked, id=10168, stack(0x0000005185100000,0x0000005185200000)]
  0x0000017afd2f9800 JavaThread "SwingWorker-pool-1-thread-4" daemon [_thread_blocked, id=8832, stack(0x0000005185200000,0x0000005185300000)]
  0x0000017afbf75800 JavaThread "SwingWorker-pool-1-thread-5" daemon [_thread_blocked, id=13552, stack(0x0000005185300000,0x0000005185400000)]
  0x0000017afbf77000 JavaThread "SwingWorker-pool-1-thread-6" daemon [_thread_blocked, id=14192, stack(0x0000005185400000,0x0000005185500000)]
  0x0000017afbf78000 JavaThread "SwingWorker-pool-1-thread-7" daemon [_thread_blocked, id=11380, stack(0x0000005185500000,0x0000005185600000)]
  0x0000017afbf79000 JavaThread "SwingWorker-pool-1-thread-8" daemon [_thread_blocked, id=7680, stack(0x0000005185600000,0x0000005185700000)]
  0x0000017afbf79800 JavaThread "SwingWorker-pool-1-thread-9" daemon [_thread_blocked, id=6816, stack(0x0000005185700000,0x0000005185800000)]
  0x0000017afbf74000 JavaThread "SwingWorker-pool-1-thread-10" daemon [_thread_blocked, id=8460, stack(0x0000005185800000,0x0000005185900000)]

Other Threads:
=>0x0000017afbf3c800 VMThread "VM Thread" [stack: 0x0000005183800000,0x0000005183900000] [id=6308]
  0x0000017afc9b4000 WatcherThread [stack: 0x0000005184100000,0x0000005184200000] [id=9932]
  0x0000017adff83800 GCTaskThread "GC Thread#0" [stack: 0x0000005183300000,0x0000005183400000] [id=5192]
  0x0000017afd1cb800 GCTaskThread "GC Thread#1" [stack: 0x0000005184b00000,0x0000005184c00000] [id=14176]
  0x0000017afd1cc800 GCTaskThread "GC Thread#2" [stack: 0x0000005184c00000,0x0000005184d00000] [id=15008]
  0x0000017afd1cd800 GCTaskThread "GC Thread#3" [stack: 0x0000005184d00000,0x0000005184e00000] [id=648]
  0x0000017adff8d800 ConcurrentGCThread "G1 Main Marker" [stack: 0x0000005183400000,0x0000005183500000] [id=3288]
  0x0000017adff8f000 ConcurrentGCThread "G1 Conc#0" [stack: 0x0000005183500000,0x0000005183600000] [id=8396]
  0x0000017adffe7000 ConcurrentGCThread "G1 Refine#0" [stack: 0x0000005183600000,0x0000005183700000] [id=5492]
  0x0000017afcc5b000 ConcurrentGCThread "G1 Refine#1" [stack: 0x0000005184e00000,0x0000005184f00000] [id=8068]
  0x0000017afcfb4800 ConcurrentGCThread "G1 Refine#2" [stack: 0x0000005184f00000,0x0000005185000000] [id=13452]
  0x0000017adffea800 ConcurrentGCThread "G1 Young RemSet Sampling" [stack: 0x0000005183700000,0x0000005183800000] [id=8616]

Threads with active compile tasks:
C2 CompilerThread0     2608 2268   !   4       sun.awt.image.PNGImageDecoder::produceImage (1917 bytes)
C2 CompilerThread1     2608 2029       4       javax.swing.text.html.BlockView::getAttributes (26 bytes)

VM state:at safepoint (normal execution)

VM Mutex/Monitor currently owned by a thread:  ([mutex/lock_event])
[0x0000017adff50c10] Threads_lock - owner thread: 0x0000017afbf3c800
[0x0000017adff4ff20] Heap_lock - owner thread: 0x0000017adff8d800

Heap address: 0x00000000c1600000, size: 1002 MB, Compressed Oops mode: 32-bit
Narrow klass base: 0x0000000800000000, Narrow klass shift: 3
Compressed class space size: 1073741824 Address: 0x0000000800b40000

Heap:
 garbage-first heap   total 209920K, used 122154K [0x00000000c1600000, 0x0000000100000000)
  region size 1024K, 4 young (4096K), 1 survivors (1024K)
 Metaspace       used 12213K, capacity 12527K, committed 12544K, reserved 1060864K
  class space    used 1382K, capacity 1521K, committed 1536K, reserved 1048576K
Heap Regions: E=young(eden), S=young(survivor), O=old, HS=humongous(starts), HC=humongous(continues), CS=collection set, F=free, A=archive, TAMS=top-at-mark-start (previous, next)
|   0|0x00000000c1600000, 0x00000000c1700000, 0x00000000c1700000|100%| O|  |TAMS 0x00000000c1700000, 0x00000000c1600000| Updating 
|   1|0x00000000c1700000, 0x00000000c1800000, 0x00000000c1800000|100%| O|  |TAMS 0x00000000c1800000, 0x00000000c1700000| Updating 
|   2|0x00000000c1800000, 0x00000000c1900000, 0x00000000c1900000|100%| O|  |TAMS 0x00000000c1900000, 0x00000000c1800000| Updating 
|   3|0x00000000c1900000, 0x00000000c1a00000, 0x00000000c1a00000|100%| O|  |TAMS 0x00000000c1a00000, 0x00000000c1900000| Updating 
|   4|0x00000000c1a00000, 0x00000000c1af8800, 0x00000000c1b00000| 97%| O|  |TAMS 0x00000000c1af8800, 0x00000000c1a00000| Updating 
|   5|0x00000000c1b00000, 0x00000000c1c00000, 0x00000000c1c00000|100%| O|  |TAMS 0x00000000c1b00000, 0x00000000c1b00000| Untracked 
|   6|0x00000000c1c00000, 0x00000000c1c3e600, 0x00000000c1d00000| 24%| O|  |TAMS 0x00000000c1c00000, 0x00000000c1c00000| Updating 
|   7|0x00000000c1d00000, 0x00000000c1d00000, 0x00000000c1e00000|  0%| F|  |TAMS 0x00000000c1d00000, 0x00000000c1d00000| Untracked 
|   8|0x00000000c1e00000, 0x00000000c1e00000, 0x00000000c1f00000|  0%| F|  |TAMS 0x00000000c1e00000, 0x00000000c1e00000| Untracked 
|   9|0x00000000c1f00000, 0x00000000c1f00000, 0x00000000c2000000|  0%| F|  |TAMS 0x00000000c1f00000, 0x00000000c1f00000| Untracked 
|  10|0x00000000c2000000, 0x00000000c2000000, 0x00000000c2100000|  0%| F|  |TAMS 0x00000000c2000000, 0x00000000c2000000| Untracked 
|  11|0x00000000c2100000, 0x00000000c2100000, 0x00000000c2200000|  0%| F|  |TAMS 0x00000000c2100000, 0x00000000c2100000| Untracked 
|  12|0x00000000c2200000, 0x00000000c2200000, 0x00000000c2300000|  0%| F|  |TAMS 0x00000000c2200000, 0x00000000c2200000| Untracked 
|  13|0x00000000c2300000, 0x00000000c2300000, 0x00000000c2400000|  0%| F|  |TAMS 0x00000000c2300000, 0x00000000c2300000| Untracked 
|  14|0x00000000c2400000, 0x00000000c2400000, 0x00000000c2500000|  0%| F|  |TAMS 0x00000000c2400000, 0x00000000c2400000| Untracked 
|  15|0x00000000c2500000, 0x00000000c2500000, 0x00000000c2600000|  0%| F|  |TAMS 0x00000000c2500000, 0x00000000c2500000| Untracked 
|  16|0x00000000c2600000, 0x00000000c2600000, 0x00000000c2700000|  0%| F|  |TAMS 0x00000000c2600000, 0x00000000c2600000| Untracked 
|  17|0x00000000c2700000, 0x00000000c2700000, 0x00000000c2800000|  0%| F|  |TAMS 0x00000000c2700000, 0x00000000c2700000| Untracked 
|  18|0x00000000c2800000, 0x00000000c2800000, 0x00000000c2900000|  0%| F|  |TAMS 0x00000000c2800000, 0x00000000c2800000| Untracked 
|  19|0x00000000c2900000, 0x00000000c2913d20, 0x00000000c2a00000|  7%| S|CS|TAMS 0x00000000c2900000, 0x00000000c2900000| Complete 
|  20|0x00000000c2a00000, 0x00000000c2a00000, 0x00000000c2b00000|  0%| F|  |TAMS 0x00000000c2a00000, 0x00000000c2a00000| Untracked 
|  21|0x00000000c2b00000, 0x00000000c2b00000, 0x00000000c2c00000|  0%| F|  |TAMS 0x00000000c2b00000, 0x00000000c2b00000| Untracked 
|  22|0x00000000c2c00000, 0x00000000c2c00000, 0x00000000c2d00000|  0%| F|  |TAMS 0x00000000c2c00000, 0x00000000c2c00000| Untracked 
|  23|0x00000000c2d00000, 0x00000000c2d3f540, 0x00000000c2e00000| 24%| E|  |TAMS 0x00000000c2d00000, 0x00000000c2d00000| Complete 
|  24|0x00000000c2e00000, 0x00000000c2e00000, 0x00000000c2f00000|  0%| F|  |TAMS 0x00000000c2e00000, 0x00000000c2e00000| Untracked 
|  25|0x00000000c2f00000, 0x00000000c2f00000, 0x00000000c3000000|  0%| F|  |TAMS 0x00000000c2f00000, 0x00000000c2f00000| Untracked 
|  26|0x00000000c3000000, 0x00000000c3000000, 0x00000000c3100000|  0%| F|  |TAMS 0x00000000c3000000, 0x00000000c3000000| Untracked 
|  27|0x00000000c3100000, 0x00000000c3100000, 0x00000000c3200000|  0%| F|  |TAMS 0x00000000c3100000, 0x00000000c3100000| Untracked 
|  28|0x00000000c3200000, 0x00000000c3200000, 0x00000000c3300000|  0%| F|  |TAMS 0x00000000c3200000, 0x00000000c3200000| Untracked 
|  29|0x00000000c3300000, 0x00000000c3300000, 0x00000000c3400000|  0%| F|  |TAMS 0x00000000c3300000, 0x00000000c3300000| Untracked 
|  30|0x00000000c3400000, 0x00000000c3400000, 0x00000000c3500000|  0%| F|  |TAMS 0x00000000c3400000, 0x00000000c3400000| Untracked 
|  31|0x00000000c3500000, 0x00000000c3500000, 0x00000000c3600000|  0%| F|  |TAMS 0x00000000c3500000, 0x00000000c3500000| Untracked 
|  32|0x00000000c3600000, 0x00000000c3600000, 0x00000000c3700000|  0%| F|  |TAMS 0x00000000c3600000, 0x00000000c3600000| Untracked 
|  33|0x00000000c3700000, 0x00000000c3700000, 0x00000000c3800000|  0%| F|  |TAMS 0x00000000c3700000, 0x00000000c3700000| Untracked 
|  34|0x00000000c3800000, 0x00000000c3800000, 0x00000000c3900000|  0%| F|  |TAMS 0x00000000c3800000, 0x00000000c3800000| Untracked 
|  35|0x00000000c3900000, 0x00000000c39fd500, 0x00000000c3a00000| 98%| E|  |TAMS 0x00000000c3900000, 0x00000000c3900000| Complete 
|  36|0x00000000c3a00000, 0x00000000c3b00000, 0x00000000c3b00000|100%| E|CS|TAMS 0x00000000c3a00000, 0x00000000c3a00000| Complete 
|  37|0x00000000c3b00000, 0x00000000c3c00000, 0x00000000c3c00000|100%|HS|  |TAMS 0x00000000c3c00000, 0x00000000c3b00000| Complete 
|  38|0x00000000c3c00000, 0x00000000c3d00000, 0x00000000c3d00000|100%|HC|  |TAMS 0x00000000c3d00000, 0x00000000c3c00000| Complete 
|  39|0x00000000c3d00000, 0x00000000c3e00000, 0x00000000c3e00000|100%|HC|  |TAMS 0x00000000c3e00000, 0x00000000c3d00000| Complete 
|  40|0x00000000c3e00000, 0x00000000c3f00000, 0x00000000c3f00000|100%|HC|  |TAMS 0x00000000c3f00000, 0x00000000c3e00000| Complete 
|  41|0x00000000c3f00000, 0x00000000c4000000, 0x00000000c4000000|100%|HC|  |TAMS 0x00000000c4000000, 0x00000000c3f00000| Complete 
|  42|0x00000000c4000000, 0x00000000c4100000, 0x00000000c4100000|100%|HC|  |TAMS 0x00000000c4100000, 0x00000000c4000000| Complete 
|  43|0x00000000c4100000, 0x00000000c4200000, 0x00000000c4200000|100%|HC|  |TAMS 0x00000000c4200000, 0x00000000c4100000| Complete 
|  44|0x00000000c4200000, 0x00000000c4300000, 0x00000000c4300000|100%|HC|  |TAMS 0x00000000c4300000, 0x00000000c4200000| Complete 
|  45|0x00000000c4300000, 0x00000000c4400000, 0x00000000c4400000|100%|HC|  |TAMS 0x00000000c4400000, 0x00000000c4300000| Complete 
|  46|0x00000000c4400000, 0x00000000c4500000, 0x00000000c4500000|100%|HC|  |TAMS 0x00000000c4500000, 0x00000000c4400000| Complete 
|  47|0x00000000c4500000, 0x00000000c4600000, 0x00000000c4600000|100%|HC|  |TAMS 0x00000000c4600000, 0x00000000c4500000| Complete 
|  48|0x00000000c4600000, 0x00000000c4700000, 0x00000000c4700000|100%|HC|  |TAMS 0x00000000c4700000, 0x00000000c4600000| Complete 
|  49|0x00000000c4700000, 0x00000000c4800000, 0x00000000c4800000|100%|HC|  |TAMS 0x00000000c4800000, 0x00000000c4700000| Complete 
|  50|0x00000000c4800000, 0x00000000c4900000, 0x00000000c4900000|100%|HC|  |TAMS 0x00000000c4900000, 0x00000000c4800000| Complete 
|  51|0x00000000c4900000, 0x00000000c4a00000, 0x00000000c4a00000|100%|HC|  |TAMS 0x00000000c4a00000, 0x00000000c4900000| Complete 
|  52|0x00000000c4a00000, 0x00000000c4b00000, 0x00000000c4b00000|100%|HC|  |TAMS 0x00000000c4b00000, 0x00000000c4a00000| Complete 
|  53|0x00000000c4b00000, 0x00000000c4c00000, 0x00000000c4c00000|100%|HC|  |TAMS 0x00000000c4c00000, 0x00000000c4b00000| Complete 
|  54|0x00000000c4c00000, 0x00000000c4d00000, 0x00000000c4d00000|100%|HC|  |TAMS 0x00000000c4d00000, 0x00000000c4c00000| Complete 
|  55|0x00000000c4d00000, 0x00000000c4e00000, 0x00000000c4e00000|100%|HC|  |TAMS 0x00000000c4e00000, 0x00000000c4d00000| Complete 
|  56|0x00000000c4e00000, 0x00000000c4f00000, 0x00000000c4f00000|100%|HC|  |TAMS 0x00000000c4f00000, 0x00000000c4e00000| Complete 
|  57|0x00000000c4f00000, 0x00000000c5000000, 0x00000000c5000000|100%|HC|  |TAMS 0x00000000c5000000, 0x00000000c4f00000| Complete 
|  58|0x00000000c5000000, 0x00000000c5100000, 0x00000000c5100000|100%|HC|  |TAMS 0x00000000c5100000, 0x00000000c5000000| Complete 
|  59|0x00000000c5100000, 0x00000000c5200000, 0x00000000c5200000|100%|HC|  |TAMS 0x00000000c5200000, 0x00000000c5100000| Complete 
|  60|0x00000000c5200000, 0x00000000c5300000, 0x00000000c5300000|100%|HC|  |TAMS 0x00000000c5300000, 0x00000000c5200000| Complete 
|  61|0x00000000c5300000, 0x00000000c5400000, 0x00000000c5400000|100%|HC|  |TAMS 0x00000000c5400000, 0x00000000c5300000| Complete 
|  62|0x00000000c5400000, 0x00000000c5500000, 0x00000000c5500000|100%|HC|  |TAMS 0x00000000c5500000, 0x00000000c5400000| Complete 
|  63|0x00000000c5500000, 0x00000000c5600000, 0x00000000c5600000|100%|HC|  |TAMS 0x00000000c5600000, 0x00000000c5500000| Complete 
|  64|0x00000000c5600000, 0x00000000c5700000, 0x00000000c5700000|100%|HC|  |TAMS 0x00000000c5700000, 0x00000000c5600000| Complete 
|  65|0x00000000c5700000, 0x00000000c5800000, 0x00000000c5800000|100%|HC|  |TAMS 0x00000000c5800000, 0x00000000c5700000| Complete 
|  66|0x00000000c5800000, 0x00000000c5900000, 0x00000000c5900000|100%|HC|  |TAMS 0x00000000c5900000, 0x00000000c5800000| Complete 
|  67|0x00000000c5900000, 0x00000000c5a00000, 0x00000000c5a00000|100%|HC|  |TAMS 0x00000000c5a00000, 0x00000000c5900000| Complete 
|  68|0x00000000c5a00000, 0x00000000c5b00000, 0x00000000c5b00000|100%|HC|  |TAMS 0x00000000c5b00000, 0x00000000c5a00000| Complete 
|  69|0x00000000c5b00000, 0x00000000c5c00000, 0x00000000c5c00000|100%|HC|  |TAMS 0x00000000c5c00000, 0x00000000c5b00000| Complete 
|  70|0x00000000c5c00000, 0x00000000c5d00000, 0x00000000c5d00000|100%|HC|  |TAMS 0x00000000c5d00000, 0x00000000c5c00000| Complete 
|  71|0x00000000c5d00000, 0x00000000c5e00000, 0x00000000c5e00000|100%|HC|  |TAMS 0x00000000c5e00000, 0x00000000c5d00000| Complete 
|  72|0x00000000c5e00000, 0x00000000c5f00000, 0x00000000c5f00000|100%|HC|  |TAMS 0x00000000c5f00000, 0x00000000c5e00000| Complete 
|  73|0x00000000c5f00000, 0x00000000c6000000, 0x00000000c6000000|100%|HC|  |TAMS 0x00000000c6000000, 0x00000000c5f00000| Complete 
|  74|0x00000000c6000000, 0x00000000c6100000, 0x00000000c6100000|100%|HC|  |TAMS 0x00000000c6100000, 0x00000000c6000000| Complete 
|  75|0x00000000c6100000, 0x00000000c6200000, 0x00000000c6200000|100%|HC|  |TAMS 0x00000000c6200000, 0x00000000c6100000| Complete 
|  76|0x00000000c6200000, 0x00000000c6300000, 0x00000000c6300000|100%|HC|  |TAMS 0x00000000c6300000, 0x00000000c6200000| Complete 
|  77|0x00000000c6300000, 0x00000000c6400000, 0x00000000c6400000|100%|HC|  |TAMS 0x00000000c6400000, 0x00000000c6300000| Complete 
|  78|0x00000000c6400000, 0x00000000c6500000, 0x00000000c6500000|100%|HC|  |TAMS 0x00000000c6500000, 0x00000000c6400000| Complete 
|  79|0x00000000c6500000, 0x00000000c6600000, 0x00000000c6600000|100%|HC|  |TAMS 0x00000000c6600000, 0x00000000c6500000| Complete 
|  80|0x00000000c6600000, 0x00000000c6700000, 0x00000000c6700000|100%|HC|  |TAMS 0x00000000c6700000, 0x00000000c6600000| Complete 
|  81|0x00000000c6700000, 0x00000000c6800000, 0x00000000c6800000|100%|HC|  |TAMS 0x00000000c6800000, 0x00000000c6700000| Complete 
|  82|0x00000000c6800000, 0x00000000c6900000, 0x00000000c6900000|100%|HC|  |TAMS 0x00000000c6900000, 0x00000000c6800000| Complete 
|  83|0x00000000c6900000, 0x00000000c6a00000, 0x00000000c6a00000|100%|HC|  |TAMS 0x00000000c6a00000, 0x00000000c6900000| Complete 
|  84|0x00000000c6a00000, 0x00000000c6b00000, 0x00000000c6b00000|100%|HC|  |TAMS 0x00000000c6b00000, 0x00000000c6a00000| Complete 
|  85|0x00000000c6b00000, 0x00000000c6c00000, 0x00000000c6c00000|100%|HC|  |TAMS 0x00000000c6c00000, 0x00000000c6b00000| Complete 
|  86|0x00000000c6c00000, 0x00000000c6d00000, 0x00000000c6d00000|100%|HC|  |TAMS 0x00000000c6d00000, 0x00000000c6c00000| Complete 
|  87|0x00000000c6d00000, 0x00000000c6e00000, 0x00000000c6e00000|100%|HC|  |TAMS 0x00000000c6e00000, 0x00000000c6d00000| Complete 
|  88|0x00000000c6e00000, 0x00000000c6f00000, 0x00000000c6f00000|100%|HC|  |TAMS 0x00000000c6f00000, 0x00000000c6e00000| Complete 
|  89|0x00000000c6f00000, 0x00000000c7000000, 0x00000000c7000000|100%|HC|  |TAMS 0x00000000c7000000, 0x00000000c6f00000| Complete 
|  90|0x00000000c7000000, 0x00000000c7100000, 0x00000000c7100000|100%|HC|  |TAMS 0x00000000c7100000, 0x00000000c7000000| Complete 
|  91|0x00000000c7100000, 0x00000000c7200000, 0x00000000c7200000|100%|HC|  |TAMS 0x00000000c7200000, 0x00000000c7100000| Complete 
|  92|0x00000000c7200000, 0x00000000c7300000, 0x00000000c7300000|100%|HC|  |TAMS 0x00000000c7300000, 0x00000000c7200000| Complete 
|  93|0x00000000c7300000, 0x00000000c7400000, 0x00000000c7400000|100%|HC|  |TAMS 0x00000000c7400000, 0x00000000c7300000| Complete 
|  94|0x00000000c7400000, 0x00000000c7500000, 0x00000000c7500000|100%|HC|  |TAMS 0x00000000c7500000, 0x00000000c7400000| Complete 
|  95|0x00000000c7500000, 0x00000000c7600000, 0x00000000c7600000|100%|HC|  |TAMS 0x00000000c7600000, 0x00000000c7500000| Complete 
|  96|0x00000000c7600000, 0x00000000c7700000, 0x00000000c7700000|100%|HC|  |TAMS 0x00000000c7700000, 0x00000000c7600000| Complete 
|  97|0x00000000c7700000, 0x00000000c7800000, 0x00000000c7800000|100%|HC|  |TAMS 0x00000000c7800000, 0x00000000c7700000| Complete 
|  98|0x00000000c7800000, 0x00000000c7900000, 0x00000000c7900000|100%|HC|  |TAMS 0x00000000c7900000, 0x00000000c7800000| Complete 
|  99|0x00000000c7900000, 0x00000000c7a00000, 0x00000000c7a00000|100%|HC|  |TAMS 0x00000000c7a00000, 0x00000000c7900000| Complete 
| 100|0x00000000c7a00000, 0x00000000c7b00000, 0x00000000c7b00000|100%|HC|  |TAMS 0x00000000c7b00000, 0x00000000c7a00000| Complete 
| 101|0x00000000c7b00000, 0x00000000c7c00000, 0x00000000c7c00000|100%|HC|  |TAMS 0x00000000c7c00000, 0x00000000c7b00000| Complete 
| 102|0x00000000c7c00000, 0x00000000c7d00000, 0x00000000c7d00000|100%|HC|  |TAMS 0x00000000c7d00000, 0x00000000c7c00000| Complete 
| 103|0x00000000c7d00000, 0x00000000c7e00000, 0x00000000c7e00000|100%|HC|  |TAMS 0x00000000c7e00000, 0x00000000c7d00000| Complete 
| 104|0x00000000c7e00000, 0x00000000c7f00000, 0x00000000c7f00000|100%|HC|  |TAMS 0x00000000c7f00000, 0x00000000c7e00000| Complete 
| 105|0x00000000c7f00000, 0x00000000c8000000, 0x00000000c8000000|100%|HC|  |TAMS 0x00000000c8000000, 0x00000000c7f00000| Complete 
| 106|0x00000000c8000000, 0x00000000c8100000, 0x00000000c8100000|100%|HC|  |TAMS 0x00000000c8100000, 0x00000000c8000000| Complete 
| 107|0x00000000c8100000, 0x00000000c8200000, 0x00000000c8200000|100%|HC|  |TAMS 0x00000000c8200000, 0x00000000c8100000| Complete 
| 108|0x00000000c8200000, 0x00000000c8300000, 0x00000000c8300000|100%|HC|  |TAMS 0x00000000c8300000, 0x00000000c8200000| Complete 
| 109|0x00000000c8300000, 0x00000000c8400000, 0x00000000c8400000|100%|HC|  |TAMS 0x00000000c8400000, 0x00000000c8300000| Complete 
| 110|0x00000000c8400000, 0x00000000c8500000, 0x00000000c8500000|100%|HC|  |TAMS 0x00000000c8500000, 0x00000000c8400000| Complete 
| 111|0x00000000c8500000, 0x00000000c8600000, 0x00000000c8600000|100%|HC|  |TAMS 0x00000000c8600000, 0x00000000c8500000| Complete 
| 112|0x00000000c8600000, 0x00000000c8700000, 0x00000000c8700000|100%|HC|  |TAMS 0x00000000c8700000, 0x00000000c8600000| Complete 
| 113|0x00000000c8700000, 0x00000000c8800000, 0x00000000c8800000|100%|HC|  |TAMS 0x00000000c8800000, 0x00000000c8700000| Complete 
| 114|0x00000000c8800000, 0x00000000c8900000, 0x00000000c8900000|100%|HC|  |TAMS 0x00000000c8900000, 0x00000000c8800000| Complete 
| 115|0x00000000c8900000, 0x00000000c8a00000, 0x00000000c8a00000|100%|HC|  |TAMS 0x00000000c8a00000, 0x00000000c8900000| Complete 
| 116|0x00000000c8a00000, 0x00000000c8b00000, 0x00000000c8b00000|100%|HC|  |TAMS 0x00000000c8b00000, 0x00000000c8a00000| Complete 
| 117|0x00000000c8b00000, 0x00000000c8c00000, 0x00000000c8c00000|100%|HC|  |TAMS 0x00000000c8c00000, 0x00000000c8b00000| Complete 
| 118|0x00000000c8c00000, 0x00000000c8d00000, 0x00000000c8d00000|100%|HC|  |TAMS 0x00000000c8d00000, 0x00000000c8c00000| Complete 
| 119|0x00000000c8d00000, 0x00000000c8e00000, 0x00000000c8e00000|100%|HC|  |TAMS 0x00000000c8e00000, 0x00000000c8d00000| Complete 
| 120|0x00000000c8e00000, 0x00000000c8f00000, 0x00000000c8f00000|100%|HC|  |TAMS 0x00000000c8f00000, 0x00000000c8e00000| Complete 
| 121|0x00000000c8f00000, 0x00000000c9000000, 0x00000000c9000000|100%|HC|  |TAMS 0x00000000c9000000, 0x00000000c8f00000| Complete 
| 122|0x00000000c9000000, 0x00000000c9100000, 0x00000000c9100000|100%|HC|  |TAMS 0x00000000c9100000, 0x00000000c9000000| Complete 
| 123|0x00000000c9100000, 0x00000000c9200000, 0x00000000c9200000|100%|HC|  |TAMS 0x00000000c9200000, 0x00000000c9100000| Complete 
| 124|0x00000000c9200000, 0x00000000c9300000, 0x00000000c9300000|100%|HC|  |TAMS 0x00000000c9300000, 0x00000000c9200000| Complete 
| 125|0x00000000c9300000, 0x00000000c9400000, 0x00000000c9400000|100%|HC|  |TAMS 0x00000000c9400000, 0x00000000c9300000| Complete 
| 126|0x00000000c9400000, 0x00000000c9500000, 0x00000000c9500000|100%|HC|  |TAMS 0x00000000c9500000, 0x00000000c9400000| Complete 
| 127|0x00000000c9500000, 0x00000000c9600000, 0x00000000c9600000|100%|HC|  |TAMS 0x00000000c9600000, 0x00000000c9500000| Complete 
| 128|0x00000000c9600000, 0x00000000c9700000, 0x00000000c9700000|100%|HC|  |TAMS 0x00000000c9700000, 0x00000000c9600000| Complete 
| 129|0x00000000c9700000, 0x00000000c9800000, 0x00000000c9800000|100%|HC|  |TAMS 0x00000000c9800000, 0x00000000c9700000| Complete 
| 130|0x00000000c9800000, 0x00000000c9900000, 0x00000000c9900000|100%|HC|  |TAMS 0x00000000c9900000, 0x00000000c9800000| Complete 
| 131|0x00000000c9900000, 0x00000000c9a00000, 0x00000000c9a00000|100%|HC|  |TAMS 0x00000000c9a00000, 0x00000000c9900000| Complete 
| 132|0x00000000c9a00000, 0x00000000c9b00000, 0x00000000c9b00000|100%|HC|  |TAMS 0x00000000c9b00000, 0x00000000c9a00000| Complete 
| 133|0x00000000c9b00000, 0x00000000c9c00000, 0x00000000c9c00000|100%|HC|  |TAMS 0x00000000c9c00000, 0x00000000c9b00000| Complete 
| 134|0x00000000c9c00000, 0x00000000c9d00000, 0x00000000c9d00000|100%|HC|  |TAMS 0x00000000c9d00000, 0x00000000c9c00000| Complete 
| 135|0x00000000c9d00000, 0x00000000c9e00000, 0x00000000c9e00000|100%|HC|  |TAMS 0x00000000c9e00000, 0x00000000c9d00000| Complete 
| 136|0x00000000c9e00000, 0x00000000c9f00000, 0x00000000c9f00000|100%|HC|  |TAMS 0x00000000c9f00000, 0x00000000c9e00000| Complete 
| 137|0x00000000c9f00000, 0x00000000ca000000, 0x00000000ca000000|100%|HC|  |TAMS 0x00000000ca000000, 0x00000000c9f00000| Complete 
| 138|0x00000000ca000000, 0x00000000ca100000, 0x00000000ca100000|100%|HC|  |TAMS 0x00000000ca100000, 0x00000000ca000000| Complete 
| 139|0x00000000ca100000, 0x00000000ca200000, 0x00000000ca200000|100%|HC|  |TAMS 0x00000000ca200000, 0x00000000ca100000| Complete 
| 140|0x00000000ca200000, 0x00000000ca300000, 0x00000000ca300000|100%|HC|  |TAMS 0x00000000ca300000, 0x00000000ca200000| Complete 
| 141|0x00000000ca300000, 0x00000000ca400000, 0x00000000ca400000|100%|HC|  |TAMS 0x00000000ca400000, 0x00000000ca300000| Complete 
| 142|0x00000000ca400000, 0x00000000ca500000, 0x00000000ca500000|100%|HC|  |TAMS 0x00000000ca500000, 0x00000000ca400000| Complete 
| 143|0x00000000ca500000, 0x00000000ca600000, 0x00000000ca600000|100%|HC|  |TAMS 0x00000000ca600000, 0x00000000ca500000| Complete 
| 144|0x00000000ca600000, 0x00000000ca700000, 0x00000000ca700000|100%|HC|  |TAMS 0x00000000ca700000, 0x00000000ca600000| Complete 
| 145|0x00000000ca700000, 0x00000000ca800000, 0x00000000ca800000|100%|HC|  |TAMS 0x00000000ca800000, 0x00000000ca700000| Complete 
| 146|0x00000000ca800000, 0x00000000ca900000, 0x00000000ca900000|100%|HC|  |TAMS 0x00000000ca900000, 0x00000000ca800000| Complete 
| 147|0x00000000ca900000, 0x00000000caa00000, 0x00000000caa00000|100%|HC|  |TAMS 0x00000000caa00000, 0x00000000ca900000| Complete 
| 148|0x00000000caa00000, 0x00000000cab00000, 0x00000000cab00000|100%|HC|  |TAMS 0x00000000cab00000, 0x00000000caa00000| Complete 

Card table byte_map: [0x0000017af7650000,0x0000017af7850000] _byte_map_base: 0x0000017af7045000

Marking Bits (Prev, Next): (CMBitMap*) 0x0000017adff84658, (CMBitMap*) 0x0000017adff84698
 Prev Bits: [0x0000017af7a50000, 0x0000017af89f8000)
 Next Bits: [0x0000017af8a00000, 0x0000017af99a8000)

Polling page: 0x0000017addc80000

Metaspace:

Usage:
  Non-class:     10.75 MB capacity,    10.58 MB ( 98%) used,   149.18 KB (  1%) free+waste,    25.44 KB ( <1%) overhead. 
      Class:      1.49 MB capacity,     1.35 MB ( 91%) used,   123.92 KB (  8%) free+waste,    14.69 KB ( <1%) overhead. 
       Both:     12.23 MB capacity,    11.93 MB ( 97%) used,   273.10 KB (  2%) free+waste,    40.13 KB ( <1%) overhead. 

Virtual space:
  Non-class space:       12.00 MB reserved,      10.75 MB ( 90%) committed 
      Class space:        1.00 GB reserved,       1.50 MB ( <1%) committed 
             Both:        1.01 GB reserved,      12.25 MB (  1%) committed 

Chunk freelists:
   Non-Class:  2.00 KB
       Class:  15.00 KB
        Both:  17.00 KB

MaxMetaspaceSize: 17179869184.00 GB
CompressedClassSpaceSize: 1.00 GB

CodeHeap 'non-profiled nmethods': size=120000Kb used=901Kb max_used=901Kb free=119099Kb
 bounds [0x0000017aeff20000, 0x0000017af0190000, 0x0000017af7450000]
CodeHeap 'profiled nmethods': size=120000Kb used=5624Kb max_used=5624Kb free=114375Kb
 bounds [0x0000017ae89f0000, 0x0000017ae8f80000, 0x0000017aeff20000]
CodeHeap 'non-nmethods': size=5760Kb used=1306Kb max_used=1337Kb free=4453Kb
 bounds [0x0000017ae8450000, 0x0000017ae86c0000, 0x0000017ae89f0000]
 total_blobs=3609 nmethods=2217 adapters=502
 compilation: enabled
              stopped_count=0, restarted_count=0
 full_count=0

Compilation events (20 events):
Event: 2.322 Thread 0x0000017afbf68800 nmethod 2228 0x0000017aefffb610 code [0x0000017aefffb7a0, 0x0000017aefffb918]
Event: 2.322 Thread 0x0000017afbf68800 2250 %     4       sun.awt.image.PNGImageDecoder::update_crc @ 3 (41 bytes)
Event: 2.327 Thread 0x0000017afbf68800 nmethod 2250% 0x0000017aefffba90 code [0x0000017aefffbc20, 0x0000017aefffbeb8]
Event: 2.328 Thread 0x0000017afbf76800 2260   !   3       java.util.zip.Inflater::inflate (418 bytes)
Event: 2.330 Thread 0x0000017afbf76800 nmethod 2260 0x0000017ae8f6b910 code [0x0000017ae8f6bbe0, 0x0000017ae8f6cf50]
Event: 2.333 Thread 0x0000017afbf68800 2262 % !   4       sun.awt.image.PNGImageDecoder::produceImage @ 960 (1917 bytes)
Event: 2.334 Thread 0x0000017afbf76800 2263       3       java.util.zip.InflaterInputStream::ensureOpen (18 bytes)
Event: 2.334 Thread 0x0000017afbf76800 nmethod 2263 0x0000017ae89f5610 code [0x0000017ae89f57c0, 0x0000017ae89f5a50]
Event: 2.353 Thread 0x0000017afbf76800 2264   !   3       java.util.zip.InflaterInputStream::read (138 bytes)
Event: 2.354 Thread 0x0000017afbf76800 nmethod 2264 0x0000017ae8f6d910 code [0x0000017ae8f6dbc0, 0x0000017ae8f6eac0]
Event: 2.398 Thread 0x0000017afbf76800 2265   !   3       java.util.zip.Inflater::finished (19 bytes)
Event: 2.398 Thread 0x0000017afbf76800 nmethod 2265 0x0000017ae89f2d90 code [0x0000017ae89f2f40, 0x0000017ae89f3278]
Event: 2.400 Thread 0x0000017afbf76800 2266       3       java.io.BufferedInputStream::fill (203 bytes)
Event: 2.402 Thread 0x0000017afbf76800 nmethod 2266 0x0000017ae8f6f010 code [0x0000017ae8f6f2a0, 0x0000017ae8f700d0]
Event: 2.410 Thread 0x0000017afbf76800 2267       3       java.util.zip.InflaterInputStream::available (32 bytes)
Event: 2.411 Thread 0x0000017afbf76800 nmethod 2267 0x0000017ae8a31990 code [0x0000017ae8a31b60, 0x0000017ae8a32150]
Event: 2.412 Thread 0x0000017afbf68800 nmethod 2262% 0x0000017aefffc490 code [0x0000017aefffc7c0, 0x0000017aeffff880]
Event: 2.412 Thread 0x0000017afbf68800 2268   !   4       sun.awt.image.PNGImageDecoder::produceImage (1917 bytes)
Event: 2.413 Thread 0x0000017afbf76800 2269       3       java.io.BufferedInputStream::getInIfOpen (21 bytes)
Event: 2.413 Thread 0x0000017afbf76800 nmethod 2269 0x0000017ae8a23d90 code [0x0000017ae8a23f40, 0x0000017ae8a241d0]

GC Heap History (12 events):
Event: 0.904 GC heap before
{Heap before GC invocations=0 (full 0):
 garbage-first heap   total 65536K, used 14336K [0x00000000c1600000, 0x0000000100000000)
  region size 1024K, 14 young (14336K), 0 survivors (0K)
 Metaspace       used 10488K, capacity 10717K, committed 10880K, reserved 1058816K
  class space    used 1251K, capacity 1344K, committed 1408K, reserved 1048576K
}
Event: 0.912 GC heap after
{Heap after GC invocations=1 (full 0):
 garbage-first heap   total 65536K, used 4972K [0x00000000c1600000, 0x0000000100000000)
  region size 1024K, 2 young (2048K), 2 survivors (2048K)
 Metaspace       used 10488K, capacity 10717K, committed 10880K, reserved 1058816K
  class space    used 1251K, capacity 1344K, committed 1408K, reserved 1048576K
}
Event: 0.944 GC heap before
{Heap before GC invocations=1 (full 0):
 garbage-first heap   total 65536K, used 5996K [0x00000000c1600000, 0x0000000100000000)
  region size 1024K, 3 young (3072K), 2 survivors (2048K)
 Metaspace       used 10558K, capacity 10845K, committed 11136K, reserved 1058816K
  class space    used 1252K, capacity 1344K, committed 1408K, reserved 1048576K
}
Event: 0.948 GC heap after
{Heap after GC invocations=2 (full 0):
 garbage-first heap   total 65536K, used 5292K [0x00000000c1600000, 0x0000000100000000)
  region size 1024K, 1 young (1024K), 1 survivors (1024K)
 Metaspace       used 10558K, capacity 10845K, committed 11136K, reserved 1058816K
  class space    used 1252K, capacity 1344K, committed 1408K, reserved 1048576K
}
Event: 1.406 GC heap before
{Heap before GC invocations=2 (full 0):
 garbage-first heap   total 65536K, used 20652K [0x00000000c1600000, 0x0000000100000000)
  region size 1024K, 17 young (17408K), 1 survivors (1024K)
 Metaspace       used 11089K, capacity 11333K, committed 11392K, reserved 1058816K
  class space    used 1273K, capacity 1377K, committed 1408K, reserved 1048576K
}
Event: 1.408 GC heap after
{Heap after GC invocations=3 (full 0):
 garbage-first heap   total 65536K, used 5636K [0x00000000c1600000, 0x0000000100000000)
  region size 1024K, 1 young (1024K), 1 survivors (1024K)
 Metaspace       used 11089K, capacity 11333K, committed 11392K, reserved 1058816K
  class space    used 1273K, capacity 1377K, committed 1408K, reserved 1048576K
}
Event: 2.173 GC heap before
{Heap before GC invocations=3 (full 0):
 garbage-first heap   total 65536K, used 30212K [0x00000000c1600000, 0x0000000100000000)
  region size 1024K, 27 young (27648K), 1 survivors (1024K)
 Metaspace       used 12213K, capacity 12527K, committed 12544K, reserved 1060864K
  class space    used 1382K, capacity 1521K, committed 1536K, reserved 1048576K
}
Event: 2.176 GC heap after
{Heap after GC invocations=4 (full 0):
 garbage-first heap   total 65536K, used 6396K [0x00000000c1600000, 0x0000000100000000)
  region size 1024K, 2 young (2048K), 2 survivors (2048K)
 Metaspace       used 12213K, capacity 12527K, committed 12544K, reserved 1060864K
  class space    used 1382K, capacity 1521K, committed 1536K, reserved 1048576K
}
Event: 2.483 GC heap before
{Heap before GC invocations=5 (full 0):
 garbage-first heap   total 139264K, used 137468K [0x00000000c1600000, 0x0000000100000000)
  region size 1024K, 19 young (19456K), 2 survivors (2048K)
 Metaspace       used 12213K, capacity 12527K, committed 12544K, reserved 1060864K
  class space    used 1382K, capacity 1521K, committed 1536K, reserved 1048576K
}
Event: 2.486 GC heap after
{Heap after GC invocations=6 (full 0):
 garbage-first heap   total 141312K, used 121296K [0x00000000c1600000, 0x0000000100000000)
  region size 1024K, 2 young (2048K), 2 survivors (2048K)
 Metaspace       used 12213K, capacity 12527K, committed 12544K, reserved 1060864K
  class space    used 1382K, capacity 1521K, committed 1536K, reserved 1048576K
}
Event: 2.506 GC heap before
{Heap before GC invocations=6 (full 0):
 garbage-first heap   total 141312K, used 124368K [0x00000000c1600000, 0x0000000100000000)
  region size 1024K, 6 young (6144K), 2 survivors (2048K)
 Metaspace       used 12213K, capacity 12527K, committed 12544K, reserved 1060864K
  class space    used 1382K, capacity 1521K, committed 1536K, reserved 1048576K
}
Event: 2.509 GC heap after
{Heap after GC invocations=7 (full 0):
 garbage-first heap   total 141312K, used 121130K [0x00000000c1600000, 0x0000000100000000)
  region size 1024K, 1 young (1024K), 1 survivors (1024K)
 Metaspace       used 12213K, capacity 12527K, committed 12544K, reserved 1060864K
  class space    used 1382K, capacity 1521K, committed 1536K, reserved 1048576K
}

Deoptimization events (20 events):
Event: 2.407 Thread 0x0000017afce34800 DEOPT PACKING pc=0x0000017ae8b17c00 sp=0x00000051847fed80
Event: 2.407 Thread 0x0000017afce34800 DEOPT UNPACKING pc=0x0000017ae849964e sp=0x00000051847fe3f0 mode 0
Event: 2.407 Thread 0x0000017afce34800 DEOPT PACKING pc=0x0000017ae8b17c00 sp=0x00000051847fed80
Event: 2.407 Thread 0x0000017afce34800 DEOPT UNPACKING pc=0x0000017ae849964e sp=0x00000051847fe3f0 mode 0
Event: 2.408 Thread 0x0000017afce34800 DEOPT PACKING pc=0x0000017ae8b17c00 sp=0x00000051847fed80
Event: 2.408 Thread 0x0000017afce34800 DEOPT UNPACKING pc=0x0000017ae849964e sp=0x00000051847fe3f0 mode 0
Event: 2.408 Thread 0x0000017afce34800 DEOPT PACKING pc=0x0000017ae8b17c00 sp=0x00000051847fed80
Event: 2.408 Thread 0x0000017afce34800 DEOPT UNPACKING pc=0x0000017ae849964e sp=0x00000051847fe3f0 mode 0
Event: 2.409 Thread 0x0000017afce34800 DEOPT PACKING pc=0x0000017ae8b17c00 sp=0x00000051847fed80
Event: 2.409 Thread 0x0000017afce34800 DEOPT UNPACKING pc=0x0000017ae849964e sp=0x00000051847fe3f0 mode 0
Event: 2.409 Thread 0x0000017afce34800 DEOPT PACKING pc=0x0000017ae8b17c00 sp=0x00000051847fed80
Event: 2.409 Thread 0x0000017afce34800 DEOPT UNPACKING pc=0x0000017ae849964e sp=0x00000051847fe3f0 mode 0
Event: 2.410 Thread 0x0000017afce34800 DEOPT PACKING pc=0x0000017ae8b17c00 sp=0x00000051847fed80
Event: 2.410 Thread 0x0000017afce34800 DEOPT UNPACKING pc=0x0000017ae849964e sp=0x00000051847fe3f0 mode 0
Event: 2.411 Thread 0x0000017afce34800 DEOPT PACKING pc=0x0000017ae8b17c00 sp=0x00000051847fed80
Event: 2.411 Thread 0x0000017afce34800 DEOPT UNPACKING pc=0x0000017ae849964e sp=0x00000051847fe3f0 mode 0
Event: 2.411 Thread 0x0000017afce34800 DEOPT PACKING pc=0x0000017ae8b17c00 sp=0x00000051847fed80
Event: 2.411 Thread 0x0000017afce34800 DEOPT UNPACKING pc=0x0000017ae849964e sp=0x00000051847fe3f0 mode 0
Event: 2.412 Thread 0x0000017afce34800 DEOPT PACKING pc=0x0000017ae8b17c00 sp=0x00000051847fed80
Event: 2.412 Thread 0x0000017afce34800 DEOPT UNPACKING pc=0x0000017ae849964e sp=0x00000051847fe3f0 mode 0

Classes unloaded (0 events):
No events

Classes redefined (0 events):
No events

Internal exceptions (14 events):
Event: 0.149 Thread 0x0000017adff53800 Exception <a 'java/lang/ClassNotFoundException'{0x00000000c530b2e8}: sun/awt/resources/spi/awtProvider> (0x00000000c530b2e8) 
thrown [t:/workspace/open/src/hotspot/share/classfile/systemDictionary.cpp, line 232]
Event: 0.183 Thread 0x0000017adff53800 Exception <a 'java/io/FileNotFoundException'{0x00000000c5362480}> (0x00000000c5362480) 
thrown [t:/workspace/open/src/hotspot/share/prims/jni.cpp, line 598]
Event: 0.191 Thread 0x0000017adff53800 Exception <a 'java/io/FileNotFoundException'{0x00000000c5388a60}> (0x00000000c5388a60) 
thrown [t:/workspace/open/src/hotspot/share/prims/jni.cpp, line 598]
Event: 0.269 Thread 0x0000017afccee000 Exception <a 'java/lang/NoSuchMethodError'{0x00000000c514d1f8}: 'void java.lang.invoke.DirectMethodHandle$Holder.invokeSpecial(java.lang.Object, java.lang.Object)'> (0x00000000c514d1f8) 
thrown [t:/workspace/open/src/hotspot/share/interpreter/linkResolver.cpp, line 767]
Event: 0.333 Thread 0x0000017afcd92800 Exception <a 'java/lang/NoSuchMethodError'{0x00000000c504a928}: 'java.lang.Object java.lang.invoke.DirectMethodHandle$Holder.invokeStatic(java.lang.Object, int, java.lang.Object, java.lang.Object, java.lang.Object, java.lang.Object)'> (0x00000000c504a928) 
thrown [t:/workspace/open/src/hotspot/share/interpreter/linkResolver.cpp, line 767]
Event: 0.333 Thread 0x0000017afcd92800 Exception <a 'java/lang/NoSuchMethodError'{0x00000000c5051288}: 'java.lang.Object java.lang.invoke.DirectMethodHandle$Holder.invokeStatic(java.lang.Object, int, java.lang.Object, java.lang.Object, java.lang.Object)'> (0x00000000c5051288) 
thrown [t:/workspace/open/src/hotspot/share/interpreter/linkResolver.cpp, line 767]
Event: 0.334 Thread 0x0000017afcd92800 Exception <a 'java/lang/NoSuchMethodError'{0x00000000c5054af0}: 'java.lang.Object java.lang.invoke.DirectMethodHandle$Holder.invokeSpecial(java.lang.Object, java.lang.Object, int, java.lang.Object, java.lang.Object, java.lang.Object)'> (0x00000000c5054af0) 
thrown [t:/workspace/open/src/hotspot/share/interpreter/linkResolver.cpp, line 767]
Event: 0.337 Thread 0x0000017afcd92800 Exception <a 'java/lang/NoSuchMethodError'{0x00000000c506ae18}: 'java.lang.Object java.lang.invoke.DirectMethodHandle$Holder.invokeStatic(java.lang.Object, int, java.lang.Object)'> (0x00000000c506ae18) 
thrown [t:/workspace/open/src/hotspot/share/interpreter/linkResolver.cpp, line 767]
Event: 0.362 Thread 0x0000017afcd92800 Exception <a 'java/lang/ClassNotFoundException'{0x00000000c4f0e378}: com/sun/swing/internal/plaf/metal/resources/spi/metalProvider> (0x00000000c4f0e378) 
thrown [t:/workspace/open/src/hotspot/share/classfile/systemDictionary.cpp, line 232]
Event: 0.364 Thread 0x0000017afcd92800 Exception <a 'java/lang/ClassNotFoundException'{0x00000000c4f12420}: com/sun/swing/internal/plaf/basic/resources/spi/basicProvider> (0x00000000c4f12420) 
thrown [t:/workspace/open/src/hotspot/share/classfile/systemDictionary.cpp, line 232]
Event: 0.399 Thread 0x0000017afcd92800 Exception <a 'java/net/UnknownHostException'{0x00000000c4f494f0}> (0x00000000c4f494f0) 
thrown [t:/workspace/open/src/hotspot/share/prims/jni.cpp, line 598]
Event: 1.524 Thread 0x0000017afcd92800 Exception <a 'java/io/FileNotFoundException'{0x00000000c4e50740}> (0x00000000c4e50740) 
thrown [t:/workspace/open/src/hotspot/share/prims/jni.cpp, line 598]
Event: 2.135 Thread 0x0000017afcd92800 Exception <a 'java/lang/NoSuchMethodError'{0x00000000c3b18c50}: 'void java.lang.invoke.DirectMethodHandle$Holder.invokeStaticInit(java.lang.Object)'> (0x00000000c3b18c50) 
thrown [t:/workspace/open/src/hotspot/share/interpreter/linkResolver.cpp, line 767]
Event: 2.149 Thread 0x0000017afcd92800 Exception <a 'java/lang/NoSuchMethodError'{0x00000000c3b3fea8}: 'java.lang.Object java.lang.invoke.Invokers$Holder.linkToTargetMethod(java.lang.Object, int, java.lang.Object)'> (0x00000000c3b3fea8) 
thrown [t:/workspace/open/src/hotspot/share/interpreter/linkResolver.cpp, line 767]

Events (20 events):
Event: 2.225 Executing VM operation: RevokeBias
Event: 2.225 Executing VM operation: RevokeBias done
Event: 2.225 Executing VM operation: BulkRevokeBias
Event: 2.225 Executing VM operation: BulkRevokeBias done
Event: 2.262 Executing VM operation: HandshakeAllThreads
Event: 2.328 Executing VM operation: HandshakeAllThreads done
Event: 2.329 Thread 0x0000017afbf83000 flushing nmethod 0x0000017ae89f2d90
Event: 2.329 Thread 0x0000017afbf83000 flushing nmethod 0x0000017ae89f5610
Event: 2.329 Thread 0x0000017afbf83000 flushing nmethod 0x0000017ae89f7710
Event: 2.329 Thread 0x0000017afbf83000 flushing nmethod 0x0000017ae89f7b10
Event: 2.329 Thread 0x0000017afbf83000 flushing nmethod 0x0000017ae8a05b90
Event: 2.329 Thread 0x0000017afbf83000 flushing nmethod 0x0000017ae8a23a90
Event: 2.329 Thread 0x0000017afbf83000 flushing nmethod 0x0000017ae8a29790
Event: 2.329 Thread 0x0000017afbf83000 flushing nmethod 0x0000017ae8a31010
Event: 2.329 Thread 0x0000017afbf83000 flushing nmethod 0x0000017ae8a4be10
Event: 2.483 Executing VM operation: G1CollectForAllocation
Event: 2.486 Executing VM operation: G1CollectForAllocation done
Event: 2.506 Executing VM operation: G1CollectForAllocation
Event: 2.509 Executing VM operation: G1CollectForAllocation done
Event: 2.522 Executing VM operation: G1Concurrent


Dynamic libraries:
0x00007ff6f0cb0000 - 0x00007ff6f0cbf000 	C:\Program Files\Java\jdk-13.0.2\bin\javaw.exe
0x00007ff916940000 - 0x00007ff916b30000 	C:\Windows\SYSTEM32\ntdll.dll
0x00007ff915b50000 - 0x00007ff915c02000 	C:\Windows\System32\KERNEL32.DLL
0x00007ff9143b0000 - 0x00007ff914655000 	C:\Windows\System32\KERNELBASE.dll
0x00007ff914660000 - 0x00007ff91475a000 	C:\Windows\System32\ucrtbase.dll
0x00007ff908b80000 - 0x00007ff908b98000 	C:\Program Files\Java\jdk-13.0.2\bin\jli.dll
0x00007ff906ef0000 - 0x00007ff906f05000 	C:\Program Files\Java\jdk-13.0.2\bin\VCRUNTIME140.dll
0x00007ff916480000 - 0x00007ff916523000 	C:\Windows\System32\ADVAPI32.dll
0x00007ff915c10000 - 0x00007ff915cae000 	C:\Windows\System32\msvcrt.dll
0x00007ff916690000 - 0x00007ff916727000 	C:\Windows\System32\sechost.dll
0x00007ff9149f0000 - 0x00007ff914b0f000 	C:\Windows\System32\RPCRT4.dll
0x00007ff916730000 - 0x00007ff9168c4000 	C:\Windows\System32\USER32.dll
0x00007ff907fd0000 - 0x00007ff908254000 	C:\Windows\WinSxS\amd64_microsoft.windows.common-controls_6595b64144ccf1df_6.0.18362.1556_none_9e7e372fe45e41d5\COMCTL32.dll
0x00007ff9142c0000 - 0x00007ff9142e1000 	C:\Windows\System32\win32u.dll
0x00007ff914b20000 - 0x00007ff914e56000 	C:\Windows\System32\combase.dll
0x00007ff915280000 - 0x00007ff9152a6000 	C:\Windows\System32\GDI32.dll
0x00007ff913900000 - 0x00007ff913a98000 	C:\Windows\System32\gdi32full.dll
0x00007ff9142f0000 - 0x00007ff914371000 	C:\Windows\System32\bcryptPrimitives.dll
0x00007ff913aa0000 - 0x00007ff913b3e000 	C:\Windows\System32\msvcp_win.dll
0x00007ff9086b0000 - 0x00007ff9086ba000 	C:\Windows\SYSTEM32\VERSION.dll
0x00007ff9149c0000 - 0x00007ff9149ee000 	C:\Windows\System32\IMM32.DLL
0x00007ff901de0000 - 0x00007ff901e7b000 	C:\Program Files\Java\jdk-13.0.2\bin\msvcp140.dll
0x00007ff8e0720000 - 0x00007ff8e127d000 	C:\Program Files\Java\jdk-13.0.2\bin\server\jvm.dll
0x00007ff914f90000 - 0x00007ff914f98000 	C:\Windows\System32\PSAPI.DLL
0x00007ff910450000 - 0x00007ff910474000 	C:\Windows\SYSTEM32\WINMM.dll
0x00007ff90d6c0000 - 0x00007ff90d6c9000 	C:\Windows\SYSTEM32\WSOCK32.dll
0x00007ff915ec0000 - 0x00007ff915f2f000 	C:\Windows\System32\WS2_32.dll
0x00007ff910420000 - 0x00007ff91044d000 	C:\Windows\SYSTEM32\WINMMBASE.dll
0x00007ff9148c0000 - 0x00007ff91490a000 	C:\Windows\System32\cfgmgr32.dll
0x00007ff913860000 - 0x00007ff913871000 	C:\Windows\System32\kernel.appcore.dll
0x00007ff908bf0000 - 0x00007ff908c00000 	C:\Program Files\Java\jdk-13.0.2\bin\verify.dll
0x00007ff906550000 - 0x00007ff906744000 	C:\Windows\SYSTEM32\DBGHELP.DLL
0x00007ff906520000 - 0x00007ff90654a000 	C:\Windows\SYSTEM32\dbgcore.DLL
0x00007ff901db0000 - 0x00007ff901dd6000 	C:\Program Files\Java\jdk-13.0.2\bin\java.dll
0x00007ff901cd0000 - 0x00007ff901ce7000 	C:\Program Files\Java\jdk-13.0.2\bin\zip.dll
0x00007ff908b70000 - 0x00007ff908b7a000 	C:\Program Files\Java\jdk-13.0.2\bin\jimage.dll
0x00007ff915310000 - 0x00007ff9159f7000 	C:\Windows\System32\SHELL32.dll
0x00007ff914ee0000 - 0x00007ff914f88000 	C:\Windows\System32\shcore.dll
0x00007ff913b40000 - 0x00007ff9142bb000 	C:\Windows\System32\windows.storage.dll
0x00007ff913820000 - 0x00007ff91383e000 	C:\Windows\System32\profapi.dll
0x00007ff9137d0000 - 0x00007ff91381a000 	C:\Windows\System32\powrprof.dll
0x00007ff9137c0000 - 0x00007ff9137d0000 	C:\Windows\System32\UMPDC.dll
0x00007ff915070000 - 0x00007ff9150c2000 	C:\Windows\System32\shlwapi.dll
0x00007ff9138e0000 - 0x00007ff9138f7000 	C:\Windows\System32\cryptsp.dll
0x00007ff901cb0000 - 0x00007ff901cc9000 	C:\Program Files\Java\jdk-13.0.2\bin\net.dll
0x00007ff90a120000 - 0x00007ff90a21a000 	C:\Windows\SYSTEM32\WINHTTP.dll
0x00007ff913000000 - 0x00007ff913067000 	C:\Windows\system32\mswsock.dll
0x00007ff901c90000 - 0x00007ff901ca3000 	C:\Program Files\Java\jdk-13.0.2\bin\nio.dll
0x00007ff8e84b0000 - 0x00007ff8e8649000 	C:\Program Files\Java\jdk-13.0.2\bin\awt.dll
0x00007ff915a00000 - 0x00007ff915ac5000 	C:\Windows\System32\OLEAUT32.dll
0x00007ff911930000 - 0x00007ff9119bf000 	C:\Windows\SYSTEM32\apphelp.dll
0x00007ff911ae0000 - 0x00007ff911b79000 	C:\Windows\system32\uxtheme.dll
0x00007ff9150d0000 - 0x00007ff915205000 	C:\Windows\System32\MSCTF.dll
0x00007ff916530000 - 0x00007ff916687000 	C:\Windows\System32\ole32.dll
0x00007ff911bd0000 - 0x00007ff911bfd000 	C:\Windows\system32\DWMAPI.DLL
0x00007ff8e86c0000 - 0x00007ff8e8816000 	C:\Windows\system32\opengl32.dll
0x00007ff8f64f0000 - 0x00007ff8f651c000 	C:\Windows\SYSTEM32\GLU32.dll
0x00007ff912430000 - 0x00007ff912450000 	C:\Windows\SYSTEM32\dxcore.dll
0x00007ff912d50000 - 0x00007ff912e1b000 	C:\Windows\SYSTEM32\DNSAPI.dll
0x00007ff914b10000 - 0x00007ff914b18000 	C:\Windows\System32\NSI.dll
0x00007ff912d10000 - 0x00007ff912d4a000 	C:\Windows\SYSTEM32\IPHLPAPI.DLL
0x00007ff909ac0000 - 0x00007ff909aca000 	C:\Windows\System32\rasadhlp.dll
0x00007ff8ea3f0000 - 0x00007ff8ea472000 	C:\Program Files\Java\jdk-13.0.2\bin\freetype.dll
0x00007ff8e92b0000 - 0x00007ff8e9356000 	C:\Program Files\Java\jdk-13.0.2\bin\fontmanager.dll

dbghelp: loaded successfully - version: 4.0.5 - missing functions: none
symbol engine: initialized successfully - sym options: 0x614 - pdb path: .;C:\Program Files\Java\jdk-13.0.2\bin;C:\Windows\SYSTEM32;C:\Windows\WinSxS\amd64_microsoft.windows.common-controls_6595b64144ccf1df_6.0.18362.1556_none_9e7e372fe45e41d5;C:\Program Files\Java\jdk-13.0.2\bin\server

VM Arguments:
jvm_args: -Dfile.encoding=Cp1252 
java_command: Application.Home
java_class_path (initial): C:\Users\User\Desktop\Programmes\Java\Workspace\DriveOperations\target\classes;C:\Users\User\Desktop\Libraries\jgoodies-common-1.8.0.jar;C:\Users\User\Desktop\Libraries\jgoodies-forms-1.8.0.jar;C:\Users\User\Desktop\Libraries\miglayout15-swing.jar;C:\Users\User\Downloads\javax.mail.jar;C:\Users\User\Downloads\activation-1.1.1.jar;C:\Users\User\Downloads\jcalendar-1.4.jar;C:\Users\User\Downloads\jfreechart-1.0.19\lib\jcommon-1.0.23.jar;C:\Users\User\Downloads\jfreechart-1.0.19\lib\jfreechart-1.0.19.jar;C:\Users\User\Downloads\commons-net-3.8.0\commons-net-3.8.0.jar;C:\Users\User\Documents\Libs\comm-2.0.jar;C:\Users\User\Documents\Libs\http-2.2.1.jar;C:\Users\User\Documents\Libs\mysql-connector-java-5.1.45.jar;C:\Users\User\Downloads\JTattoo-1.6.13.jar;C:\Users\User\Desktop\Libs\jmespath-java-1.11.470.jar;C:\Users\User\Desktop\Libs\aws-java-sdk-core-1.12.65.jar;C:\Users\User\Desktop\Libs\aws-java-sdk-kms-1.12.65.jar;C:\Users\User\Desktop\Libs\aws-java-sdk-s3-1.12.65.jar;C:\Users\User\Desktop\Libs\commons-codec-1.15.jar;C:\Users\User\Desktop\Libs\commons-logging-1.1.3.jar;C:\Users\User\Desktop\Libs\httpclient-4.5.13.jar;C:\Users\User\Desktop\Libs\ion-java-1.0.2.jar;C:\Users\User\Desktop\Libs\jackson-annotations-2.12.3.jar;C:\Users\User\Desktop\Libs\jackson-core-2.12.3.jar;C:\Users\User\Desktop\Libs\jackson-databind-2.12.3.jar;C:\Users\User\Desktop\Libs\jackson-dataformat-cbor-2.12.3.jar;C:\Users\User\Desktop\Libs\jmespath-java-1.12.65.jar;C:\Users\User\Desktop\Libs\joda-time-2.8.1.jar;C:\Users\User\.m2\repository\com\amazonaws\aws-java-sdk-s3\1.12.65\aws-java-sdk-s3-1.12.65.jar;C:\Users\User\.m2\repository\com\amazonaws\aws-java-sdk-kms\1.12.65\aws-java-sdk-kms-1.12.65.jar;C:\Users\User\.m2\repository\com\amazonaws\aws-java-sdk-core\1.12.65\aws-java-sdk-core-1.12.65.jar;C:\Users\User\.m2\repository\commons-logging\commons-logging\1.1.3\commons-logging-1.1.3.jar;C:\Users\User\.m2\repository\commons-codec\commons-codec\1.15\commons-codec-1.15
Launcher Type: SUN_STANDARD

[Global flags]
     intx CICompilerCount                          = 3                                         {product} {ergonomic}
     uint ConcGCThreads                            = 1                                         {product} {ergonomic}
     uint G1ConcRefinementThreads                  = 4                                         {product} {ergonomic}
   size_t G1HeapRegionSize                         = 1048576                                   {product} {ergonomic}
    uintx GCDrainStackTargetSize                   = 64                                        {product} {ergonomic}
   size_t InitialHeapSize                          = 67108864                                  {product} {ergonomic}
   size_t MarkStackSize                            = 4194304                                   {product} {ergonomic}
   size_t MaxHeapSize                              = 1050673152                                {product} {ergonomic}
   size_t MaxNewSize                               = 630194176                                 {product} {ergonomic}
   size_t MinHeapDeltaBytes                        = 1048576                                   {product} {ergonomic}
   size_t MinHeapSize                              = 8388608                                   {product} {ergonomic}
    uintx NonNMethodCodeHeapSize                   = 5832780                                {pd product} {ergonomic}
    uintx NonProfiledCodeHeapSize                  = 122912730                              {pd product} {ergonomic}
    uintx ProfiledCodeHeapSize                     = 122912730                              {pd product} {ergonomic}
    uintx ReservedCodeCacheSize                    = 251658240                              {pd product} {ergonomic}
     bool SegmentedCodeCache                       = true                                      {product} {ergonomic}
   size_t SoftMaxHeapSize                          = 1050673152                             {manageable} {ergonomic}
     bool UseCompressedClassPointers               = true                                 {lp64_product} {ergonomic}
     bool UseCompressedOops                        = true                                 {lp64_product} {ergonomic}
     bool UseG1GC                                  = true                                      {product} {ergonomic}
     bool UseLargePagesIndividualAllocation        = false                                  {pd product} {ergonomic}

Logging:
Log output configuration:
 #0: stdout all=warning uptime,level,tags
 #1: stderr all=off uptime,level,tags

Environment Variables:
JAVA_HOME=C:\Program Files (x86)\Java\jre1.8.0_241
PATH=C:\Program Files\Java\jdk-13.0.2\bin;C:\Program Files (x86)\Common Files\Oracle\Java\javapath;C:\Windows\system32;C:\Windows;C:\Windows\System32\Wbem;C:\Windows\System32\WindowsPowerShell\v1.0\;C:\Windows\System32\OpenSSH\;C:\Program Files (x86)\apache-maven-3.8.1\bin;C:\Program Files (x86)\gradle-7.1.1\bin;C:\Users\User\AppData\Local\Microsoft\WindowsApps;C:\Users\User\AppData\Local\Programs\Microsoft VS Code\bin;C:\Program Files (x86)\gradle-7.1.1\bin;C:\Users\User\Downloads\platform-tools;
USERNAME=User
OS=Windows_NT
PROCESSOR_IDENTIFIER=Intel64 Family 6 Model 42 Stepping 7, GenuineIntel



---------------  S Y S T E M  ---------------

OS: Windows 10 , 64 bit Build 18362 (10.0.18362.1500)

CPU:total 4 (initial active 4) (2 cores per cpu, 2 threads per core) family 6 model 42 stepping 7, cmov, cx8, fxsr, mmx, sse, sse2, sse3, ssse3, sse4.1, sse4.2, popcnt, avx, aes, clmul, ht, tsc, tscinvbit

Memory: 4k page, system-wide physical 4006M (352M free)
TotalPageFile size 16294M (AvailPageFile size 9M)
current process WorkingSet (physical memory assigned to process): 244M, peak: 244M
current process commit charge ("private bytes"): 293M, peak: 347M

vm_info: Java HotSpot(TM) 64-Bit Server VM (13.0.2+8) for windows-amd64 JRE (13.0.2+8), built on Dec 11 2019 09:20:33 by "mach5one" with unknown MS VC++:1916

END.
