#
# There is insufficient memory for the Java Runtime Environment to continue.
# Native memory allocation (mmap) failed to map 117440512 bytes for Failed to commit area from 0x00000000c4500000 to 0x00000000cb500000 of length 117440512.
# Possible reasons:
#   The system is out of physical RAM or swap space
#   The process is running with CompressedOops enabled, and the Java Heap may be blocking the growth of the native heap
# Possible solutions:
#   Reduce memory load on the system
#   Increase physical memory or swap space
#   Check if swap backing store is full
#   Decrease Java heap size (-Xmx/-Xms)
#   Decrease number of Java threads
#   Decrease Java thread stack sizes (-Xss)
#   Set larger code cache with -XX:ReservedCodeCacheSize=
#   JVM is running with Unscaled Compressed Oops mode in which the Java heap is
#     placed in the first 4GB address space. The Java Heap base address is the
#     maximum limit for the native heap growth. Please use -XX:HeapBaseMinAddress
#     to set the Java Heap base and to place the Java Heap above 4GB virtual address.
# This output file may be truncated or incomplete.
#
#  Out of Memory Error (t:/workspace/open/src/hotspot/os/windows/os_windows.cpp:3301), pid=15820, tid=15996
#
# JRE version: Java(TM) SE Runtime Environment (13.0.2+8) (build 13.0.2+8)
# Java VM: Java HotSpot(TM) 64-Bit Server VM (13.0.2+8, mixed mode, sharing, tiered, compressed oops, g1 gc, windows-amd64)
# No core dump will be written. Minidumps are not enabled by default on client versions of Windows
#

---------------  S U M M A R Y ------------

Command Line: -Dfile.encoding=Cp1252 Application.Home

Host: Intel(R) Core(TM) i5-2520M CPU @ 2.50GHz, 4 cores, 3G,  Windows 10 , 64 bit Build 18362 (10.0.18362.1500)
Time: Tue Mar 19 23:18:53 2019 South Africa Standard Time elapsed time: 3 seconds (0d 0h 0m 3s)

---------------  T H R E A D  ---------------

Current thread (0x0000021682550800):  JavaThread "Image Fetcher 0" daemon [_thread_in_vm, id=15996, stack(0x000000c286100000,0x000000c286200000)]

Stack: [0x000000c286100000,0x000000c286200000]
Native frames: (J=compiled Java code, j=interpreted, Vv=VM code, C=native code)
V  [jvm.dll+0x624f9a]
V  [jvm.dll+0x770cfa]
V  [jvm.dll+0x7724af]
V  [jvm.dll+0x772ab3]
V  [jvm.dll+0x24bf08]
V  [jvm.dll+0x6222aa]
V  [jvm.dll+0x6170b5]
V  [jvm.dll+0x30a88c]
V  [jvm.dll+0x30a6c2]
V  [jvm.dll+0x30fe36]
V  [jvm.dll+0x353f46]
V  [jvm.dll+0x353720]
V  [jvm.dll+0x2e5d5e]
V  [jvm.dll+0x2e16ff]
V  [jvm.dll+0x5be8b5]
V  [jvm.dll+0x5be33b]
V  [jvm.dll+0x1f48d5]
V  [jvm.dll+0x74b3a7]
V  [jvm.dll+0x3783ea]
C  0x00000216ed88fd37

Java frames: (J=compiled Java code, j=interpreted, Vv=VM code)
j  java.awt.image.DataBufferInt.<init>(I)V+11 java.desktop@13.0.2
j  java.awt.image.Raster.createPackedRaster(III[ILjava/awt/Point;)Ljava/awt/image/WritableRaster;+69 java.desktop@13.0.2
j  java.awt.image.DirectColorModel.createCompatibleWritableRaster(II)Ljava/awt/image/WritableRaster;+83 java.desktop@13.0.2
j  sun.awt.image.ImageRepresentation.createBufferedImage()V+18 java.desktop@13.0.2
J 680 c1 sun.awt.image.ImageRepresentation.setPixels(IIIILjava/awt/image/ColorModel;[III)V java.desktop@13.0.2 (527 bytes) @ 0x00000216edf0966c [0x00000216edf092e0+0x000000000000038c]
J 679 c1 sun.awt.image.ImageDecoder.setPixels(IIIILjava/awt/image/ColorModel;[III)I java.desktop@13.0.2 (58 bytes) @ 0x00000216ede362fc [0x00000216ede35e00+0x00000000000004fc]
J 678 c1 sun.awt.image.PNGImageDecoder.sendPixels(IIII[III)Z java.desktop@13.0.2 (44 bytes) @ 0x00000216edf08c84 [0x00000216edf08b40+0x0000000000000144]
J 735% c1 sun.awt.image.PNGImageDecoder.produceImage()V java.desktop@13.0.2 (1917 bytes) @ 0x00000216edf2f9ac [0x00000216edf2bfe0+0x00000000000039cc]
j  sun.awt.image.InputStreamImageSource.doFetch()V+51 java.desktop@13.0.2
j  sun.awt.image.ImageFetcher.fetchloop()V+31 java.desktop@13.0.2
j  sun.awt.image.ImageFetcher.run()V+5 java.desktop@13.0.2
v  ~StubRoutines::call_stub

---------------  P R O C E S S  ---------------

Threads class SMR info:
_java_thread_list=0x00000216843396c0, length=27, elements={
0x00000216ff35c000, 0x00000216ff361000, 0x00000216ff37c800, 0x00000216ff37f000,
0x00000216ff380000, 0x00000216ff3ec000, 0x00000216ff3f9000, 0x00000216820a8000,
0x00000216820ad000, 0x00000216823f2800, 0x00000216823f5800, 0x00000216823f6800,
0x00000216824c6000, 0x00000216e5371800, 0x0000021682550800, 0x000002168257e000,
0x00000216826ee000, 0x000002168268e000, 0x00000216828db800, 0x0000021683704000,
0x00000216828c9800, 0x0000021683d78800, 0x0000021683d73800, 0x0000021683d79800,
0x0000021683d76000, 0x0000021683d7a000, 0x0000021683d75000
}

Java Threads: ( => current thread )
  0x00000216ff35c000 JavaThread "Reference Handler" daemon [_thread_blocked, id=15892, stack(0x000000c285200000,0x000000c285300000)]
  0x00000216ff361000 JavaThread "Finalizer" daemon [_thread_blocked, id=15896, stack(0x000000c285300000,0x000000c285400000)]
  0x00000216ff37c800 JavaThread "Signal Dispatcher" daemon [_thread_blocked, id=15900, stack(0x000000c285400000,0x000000c285500000)]
  0x00000216ff37f000 JavaThread "Attach Listener" daemon [_thread_blocked, id=15904, stack(0x000000c285500000,0x000000c285600000)]
  0x00000216ff380000 JavaThread "C2 CompilerThread0" daemon [_thread_blocked, id=15908, stack(0x000000c285600000,0x000000c285700000)]
  0x00000216ff3ec000 JavaThread "C1 CompilerThread0" daemon [_thread_blocked, id=15912, stack(0x000000c285700000,0x000000c285800000)]
  0x00000216ff3f9000 JavaThread "Sweeper thread" daemon [_thread_blocked, id=15916, stack(0x000000c285800000,0x000000c285900000)]
  0x00000216820a8000 JavaThread "Service Thread" daemon [_thread_blocked, id=15920, stack(0x000000c285900000,0x000000c285a00000)]
  0x00000216820ad000 JavaThread "Common-Cleaner" daemon [_thread_blocked, id=15928, stack(0x000000c285b00000,0x000000c285c00000)]
  0x00000216823f2800 JavaThread "Java2D Disposer" daemon [_thread_blocked, id=15976, stack(0x000000c285c00000,0x000000c285d00000)]
  0x00000216823f5800 JavaThread "AWT-Shutdown" [_thread_blocked, id=15980, stack(0x000000c285d00000,0x000000c285e00000)]
  0x00000216823f6800 JavaThread "AWT-Windows" daemon [_thread_in_native, id=15984, stack(0x000000c285e00000,0x000000c285f00000)]
  0x00000216824c6000 JavaThread "AWT-EventQueue-0" [_thread_blocked, id=15988, stack(0x000000c285f00000,0x000000c286000000)]
  0x00000216e5371800 JavaThread "DestroyJavaVM" [_thread_blocked, id=15860, stack(0x000000c284b00000,0x000000c284c00000)]
=>0x0000021682550800 JavaThread "Image Fetcher 0" daemon [_thread_in_vm, id=15996, stack(0x000000c286100000,0x000000c286200000)]
  0x000002168257e000 JavaThread "TimerQueue" daemon [_thread_blocked, id=16000, stack(0x000000c286200000,0x000000c286300000)]
  0x00000216826ee000 JavaThread "SwingWorker-pool-1-thread-1" daemon [_thread_blocked, id=16008, stack(0x000000c286300000,0x000000c286400000)]
  0x000002168268e000 JavaThread "C2 CompilerThread1" daemon [_thread_blocked, id=16012, stack(0x000000c286400000,0x000000c286500000)]
  0x00000216828db800 JavaThread "SwingWorker-pool-1-thread-2" daemon [_thread_blocked, id=16036, stack(0x000000c286a00000,0x000000c286b00000)]
  0x0000021683704000 JavaThread "SwingWorker-pool-1-thread-3" daemon [_thread_blocked, id=16040, stack(0x000000c286b00000,0x000000c286c00000)]
  0x00000216828c9800 JavaThread "SwingWorker-pool-1-thread-4" daemon [_thread_blocked, id=16044, stack(0x000000c286c00000,0x000000c286d00000)]
  0x0000021683d78800 JavaThread "SwingWorker-pool-1-thread-5" daemon [_thread_blocked, id=16048, stack(0x000000c286d00000,0x000000c286e00000)]
  0x0000021683d73800 JavaThread "SwingWorker-pool-1-thread-6" daemon [_thread_blocked, id=16052, stack(0x000000c286e00000,0x000000c286f00000)]
  0x0000021683d79800 JavaThread "SwingWorker-pool-1-thread-7" daemon [_thread_blocked, id=16056, stack(0x000000c286f00000,0x000000c287000000)]
  0x0000021683d76000 JavaThread "SwingWorker-pool-1-thread-8" daemon [_thread_blocked, id=16060, stack(0x000000c287000000,0x000000c287100000)]
  0x0000021683d7a000 JavaThread "SwingWorker-pool-1-thread-9" daemon [_thread_blocked, id=16064, stack(0x000000c287100000,0x000000c287200000)]
  0x0000021683d75000 JavaThread "SwingWorker-pool-1-thread-10" daemon [_thread_blocked, id=16068, stack(0x000000c287200000,0x000000c287300000)]

Other Threads:
  0x00000216ff35b000 VMThread "VM Thread" [stack: 0x000000c285100000,0x000000c285200000] [id=15888] _threads_hazard_ptr=0x00000216843396c0
  0x00000216820ac800 WatcherThread [stack: 0x000000c285a00000,0x000000c285b00000] [id=15924]
  0x00000216e53a2800 GCTaskThread "GC Thread#0" [stack: 0x000000c284c00000,0x000000c284d00000] [id=15868]
  0x00000216828a8000 GCTaskThread "GC Thread#1" [stack: 0x000000c286500000,0x000000c286600000] [id=16016]
  0x00000216828a8800 GCTaskThread "GC Thread#2" [stack: 0x000000c286600000,0x000000c286700000] [id=16020]
  0x0000021682927000 GCTaskThread "GC Thread#3" [stack: 0x000000c286700000,0x000000c286800000] [id=16024]
  0x00000216e53ac800 ConcurrentGCThread "G1 Main Marker" [stack: 0x000000c284d00000,0x000000c284e00000] [id=15872]
  0x00000216e53af800 ConcurrentGCThread "G1 Conc#0" [stack: 0x000000c284e00000,0x000000c284f00000] [id=15876]
  0x00000216e5404000 ConcurrentGCThread "G1 Refine#0" [stack: 0x000000c284f00000,0x000000c285000000] [id=15880]
  0x00000216821a1800 ConcurrentGCThread "G1 Refine#1" [stack: 0x000000c286800000,0x000000c286900000] [id=16028]
  0x00000216828a3000 ConcurrentGCThread "G1 Refine#2" [stack: 0x000000c286900000,0x000000c286a00000] [id=16032]
  0x00000216e5406000 ConcurrentGCThread "G1 Young RemSet Sampling" [stack: 0x000000c285000000,0x000000c285100000] [id=15884]

Threads with active compile tasks:
C2 CompilerThread0     3488 2214       4       javax.swing.text.ParagraphView::findEdgeSpan (119 bytes)
C2 CompilerThread1     3488 2207  s    4       java.awt.Toolkit::getDefaultToolkit (53 bytes)

VM state:synchronizing (normal execution)

VM Mutex/Monitor currently owned by a thread:  ([mutex/lock_event])
[0x00000216e536d480] Threads_lock - owner thread: 0x00000216ff35b000
[0x00000216e536ba10] Heap_lock - owner thread: 0x0000021682550800

Heap address: 0x00000000c1600000, size: 1002 MB, Compressed Oops mode: 32-bit
Narrow klass base: 0x0000000800000000, Narrow klass shift: 3
Compressed class space size: 1073741824 Address: 0x0000000800b40000

Heap:
 garbage-first heap   total 142336K, used 6674K [0x00000000c1600000, 0x0000000100000000)
  region size 1024K, 3 young (3072K), 2 survivors (2048K)
 Metaspace       used 12213K, capacity 12522K, committed 12544K, reserved 1060864K
  class space    used 1382K, capacity 1521K, committed 1536K, reserved 1048576K
Heap Regions: E=young(eden), S=young(survivor), O=old, HS=humongous(starts), HC=humongous(continues), CS=collection set, F=free, A=archive, TAMS=top-at-mark-start (previous, next)
|   0|0x00000000c1600000, 0x00000000c1700000, 0x00000000c1700000|100%| O|  |TAMS 0x00000000c1700000, 0x00000000c1600000| Updating 
|   1|0x00000000c1700000, 0x00000000c1800000, 0x00000000c1800000|100%| O|  |TAMS 0x00000000c1800000, 0x00000000c1700000| Updating 
|   2|0x00000000c1800000, 0x00000000c1900000, 0x00000000c1900000|100%| O|  |TAMS 0x00000000c1900000, 0x00000000c1800000| Updating 
|   3|0x00000000c1900000, 0x00000000c1a00000, 0x00000000c1a00000|100%| O|  |TAMS 0x00000000c1a00000, 0x00000000c1900000| Updating 
|   4|0x00000000c1a00000, 0x00000000c1b00000, 0x00000000c1b00000|100%| O|  |TAMS 0x00000000c1b00000, 0x00000000c1a00000| Updating 
|   5|0x00000000c1b00000, 0x00000000c1b18e00, 0x00000000c1c00000|  9%| O|  |TAMS 0x00000000c1b18e00, 0x00000000c1b00000| Updating 
|   6|0x00000000c1c00000, 0x00000000c1c00000, 0x00000000c1d00000|  0%| F|  |TAMS 0x00000000c1c00000, 0x00000000c1c00000| Untracked 
|   7|0x00000000c1d00000, 0x00000000c1d00000, 0x00000000c1e00000|  0%| F|  |TAMS 0x00000000c1d00000, 0x00000000c1d00000| Untracked 
|   8|0x00000000c1e00000, 0x00000000c1e00000, 0x00000000c1f00000|  0%| F|  |TAMS 0x00000000c1e00000, 0x00000000c1e00000| Untracked 
|   9|0x00000000c1f00000, 0x00000000c1f00000, 0x00000000c2000000|  0%| F|  |TAMS 0x00000000c1f00000, 0x00000000c1f00000| Untracked 
|  10|0x00000000c2000000, 0x00000000c2000000, 0x00000000c2100000|  0%| F|  |TAMS 0x00000000c2000000, 0x00000000c2000000| Untracked 
|  11|0x00000000c2100000, 0x00000000c2100000, 0x00000000c2200000|  0%| F|  |TAMS 0x00000000c2100000, 0x00000000c2100000| Untracked 
|  12|0x00000000c2200000, 0x00000000c2200000, 0x00000000c2300000|  0%| F|  |TAMS 0x00000000c2200000, 0x00000000c2200000| Untracked 
|  13|0x00000000c2300000, 0x00000000c2300000, 0x00000000c2400000|  0%| F|  |TAMS 0x00000000c2300000, 0x00000000c2300000| Untracked 
|  14|0x00000000c2400000, 0x00000000c2400000, 0x00000000c2500000|  0%| F|  |TAMS 0x00000000c2400000, 0x00000000c2400000| Untracked 
|  15|0x00000000c2500000, 0x00000000c2500000, 0x00000000c2600000|  0%| F|  |TAMS 0x00000000c2500000, 0x00000000c2500000| Untracked 
|  16|0x00000000c2600000, 0x00000000c2600000, 0x00000000c2700000|  0%| F|  |TAMS 0x00000000c2600000, 0x00000000c2600000| Untracked 
|  17|0x00000000c2700000, 0x00000000c2700000, 0x00000000c2800000|  0%| F|  |TAMS 0x00000000c2700000, 0x00000000c2700000| Untracked 
|  18|0x00000000c2800000, 0x00000000c2800000, 0x00000000c2900000|  0%| F|  |TAMS 0x00000000c2800000, 0x00000000c2800000| Untracked 
|  19|0x00000000c2900000, 0x00000000c2900000, 0x00000000c2a00000|  0%| F|  |TAMS 0x00000000c2900000, 0x00000000c2900000| Untracked 
|  20|0x00000000c2a00000, 0x00000000c2a00000, 0x00000000c2b00000|  0%| F|  |TAMS 0x00000000c2a00000, 0x00000000c2a00000| Untracked 
|  21|0x00000000c2b00000, 0x00000000c2b00000, 0x00000000c2c00000|  0%| F|  |TAMS 0x00000000c2b00000, 0x00000000c2b00000| Untracked 
|  22|0x00000000c2c00000, 0x00000000c2c00000, 0x00000000c2d00000|  0%| F|  |TAMS 0x00000000c2c00000, 0x00000000c2c00000| Untracked 
|  23|0x00000000c2d00000, 0x00000000c2d00000, 0x00000000c2e00000|  0%| F|  |TAMS 0x00000000c2d00000, 0x00000000c2d00000| Untracked 
|  24|0x00000000c2e00000, 0x00000000c2e80000, 0x00000000c2f00000| 50%| E|  |TAMS 0x00000000c2e00000, 0x00000000c2e00000| Complete 
|  45|0x00000000c4300000, 0x00000000c436bb28, 0x00000000c4400000| 42%| S|CS|TAMS 0x00000000c4300000, 0x00000000c4300000| Complete 
|  46|0x00000000c4400000, 0x00000000c4500000, 0x00000000c4500000|100%| S|CS|TAMS 0x00000000c4400000, 0x00000000c4400000| Complete 

Card table byte_map: [0x00000216fca70000,0x00000216fcc70000] _byte_map_base: 0x00000216fc465000

Marking Bits (Prev, Next): (CMBitMap*) 0x00000216e53a3888, (CMBitMap*) 0x00000216e53a3848
 Prev Bits: [0x00000216fde20000, 0x00000216fedc8000)
 Next Bits: [0x00000216fce70000, 0x00000216fde18000)

Polling page: 0x00000216e3200000

Metaspace:

Usage:
  Non-class:     10.74 MB capacity,    10.58 MB ( 98%) used,   144.24 KB (  1%) free+waste,    25.31 KB ( <1%) overhead. 
      Class:      1.49 MB capacity,     1.35 MB ( 91%) used,   123.92 KB (  8%) free+waste,    14.69 KB ( <1%) overhead. 
       Both:     12.23 MB capacity,    11.93 MB ( 98%) used,   268.16 KB (  2%) free+waste,    40.00 KB ( <1%) overhead. 

Virtual space:
  Non-class space:       12.00 MB reserved,      10.75 MB ( 90%) committed 
      Class space:        1.00 GB reserved,       1.50 MB ( <1%) committed 
             Both:        1.01 GB reserved,      12.25 MB (  1%) committed 

Chunk freelists:
   Non-Class:  7.00 KB
       Class:  15.00 KB
        Both:  22.00 KB

MaxMetaspaceSize: 17179869184.00 GB
CompressedClassSpaceSize: 1.00 GB

CodeHeap 'non-profiled nmethods': size=120000Kb used=925Kb max_used=925Kb free=119074Kb
 bounds [0x00000216f5340000, 0x00000216f55b0000, 0x00000216fc870000]
CodeHeap 'profiled nmethods': size=120000Kb used=5533Kb max_used=5533Kb free=114466Kb
 bounds [0x00000216ede10000, 0x00000216ee380000, 0x00000216f5340000]
CodeHeap 'non-nmethods': size=5760Kb used=1306Kb max_used=1357Kb free=4454Kb
 bounds [0x00000216ed870000, 0x00000216edae0000, 0x00000216ede10000]
 total_blobs=3635 nmethods=2218 adapters=502
 compilation: enabled
              stopped_count=0, restarted_count=0
 full_count=0

Compilation events (20 events):
Event: 3.200 Thread 0x00000216ff3ec000 2265       3       java.lang.invoke.BoundMethodHandle::bindArgumentL (11 bytes)
Event: 3.200 Thread 0x00000216ff3ec000 nmethod 2265 0x00000216ee374410 code [0x00000216ee374600, 0x00000216ee374b80]
Event: 3.200 Thread 0x00000216ff3ec000 2266       3       java.lang.invoke.LambdaFormEditor::bindArgumentL (59 bytes)
Event: 3.201 Thread 0x00000216ff3ec000 nmethod 2266 0x00000216ee374d90 code [0x00000216ee374f60, 0x00000216ee375290]
Event: 3.201 Thread 0x00000216ff3ec000 2267       3       java.util.Arrays::fill (28 bytes)
Event: 3.202 Thread 0x00000216ff3ec000 nmethod 2267 0x00000216ee375410 code [0x00000216ee3755e0, 0x00000216ee3759f0]
Event: 3.203 Thread 0x00000216ff3ec000 2268       3       java.lang.invoke.LambdaForm$Name::internArguments (59 bytes)
Event: 3.204 Thread 0x00000216ff3ec000 nmethod 2268 0x00000216ee375b90 code [0x00000216ee375d80, 0x00000216ee376530]
Event: 3.205 Thread 0x00000216ff3ec000 2269       3       java.lang.invoke.LambdaFormBuffer::changeName (149 bytes)
Event: 3.205 Thread 0x00000216ff3ec000 nmethod 2269 0x00000216ee376710 code [0x00000216ee376900, 0x00000216ee376ed0]
Event: 3.210 Thread 0x00000216ff3ec000 2272 %     3       sun.awt.image.PNGImageDecoder::update_crc @ 3 (41 bytes)
Event: 3.210 Thread 0x00000216ff3ec000 nmethod 2272% 0x00000216ee377090 code [0x00000216ee377240, 0x00000216ee3774f8]
Event: 3.210 Thread 0x00000216ff3ec000 2273       3       sun.awt.image.PNGImageDecoder::update_crc (41 bytes)
Event: 3.210 Thread 0x00000216ff3ec000 nmethod 2273 0x00000216ee377690 code [0x00000216ee377840, 0x00000216ee377a98]
Event: 3.229 Thread 0x000002168268e000 nmethod 2250 0x00000216f5424f90 code [0x00000216f54251a0, 0x00000216f5426290]
Event: 3.229 Thread 0x000002168268e000 2274 %     4       sun.awt.image.PNGImageDecoder::update_crc @ 3 (41 bytes)
Event: 3.235 Thread 0x000002168268e000 nmethod 2274% 0x00000216f5426910 code [0x00000216f5426aa0, 0x00000216f5426d38]
Event: 3.235 Thread 0x000002168268e000 2210   !   4       java.awt.EventQueue::isDispatchThreadImpl (99 bytes)
Event: 3.248 Thread 0x000002168268e000 nmethod 2210 0x00000216f5426e90 code [0x00000216f5427040, 0x00000216f5427408]
Event: 3.248 Thread 0x000002168268e000 2207  s    4       java.awt.Toolkit::getDefaultToolkit (53 bytes)

GC Heap History (8 events):
Event: 1.737 GC heap before
{Heap before GC invocations=0 (full 0):
 garbage-first heap   total 65536K, used 14336K [0x00000000c1600000, 0x0000000100000000)
  region size 1024K, 14 young (14336K), 0 survivors (0K)
 Metaspace       used 10451K, capacity 10649K, committed 10880K, reserved 1058816K
  class space    used 1246K, capacity 1344K, committed 1408K, reserved 1048576K
}
Event: 1.747 GC heap after
{Heap after GC invocations=1 (full 0):
 garbage-first heap   total 65536K, used 5047K [0x00000000c1600000, 0x0000000100000000)
  region size 1024K, 2 young (2048K), 2 survivors (2048K)
 Metaspace       used 10451K, capacity 10649K, committed 10880K, reserved 1058816K
  class space    used 1246K, capacity 1344K, committed 1408K, reserved 1048576K
}
Event: 1.895 GC heap before
{Heap before GC invocations=1 (full 0):
 garbage-first heap   total 65536K, used 8119K [0x00000000c1600000, 0x0000000100000000)
  region size 1024K, 5 young (5120K), 2 survivors (2048K)
 Metaspace       used 10653K, capacity 10905K, committed 11136K, reserved 1058816K
  class space    used 1252K, capacity 1344K, committed 1408K, reserved 1048576K
}
Event: 1.900 GC heap after
{Heap after GC invocations=2 (full 0):
 garbage-first heap   total 65536K, used 5555K [0x00000000c1600000, 0x0000000100000000)
  region size 1024K, 1 young (1024K), 1 survivors (1024K)
 Metaspace       used 10653K, capacity 10905K, committed 11136K, reserved 1058816K
  class space    used 1252K, capacity 1344K, committed 1408K, reserved 1048576K
}
Event: 2.441 GC heap before
{Heap before GC invocations=2 (full 0):
 garbage-first heap   total 65536K, used 23987K [0x00000000c1600000, 0x0000000100000000)
  region size 1024K, 19 young (19456K), 1 survivors (1024K)
 Metaspace       used 11244K, capacity 11456K, committed 11648K, reserved 1058816K
  class space    used 1282K, capacity 1377K, committed 1408K, reserved 1048576K
}
Event: 2.443 GC heap after
{Heap after GC invocations=3 (full 0):
 garbage-first heap   total 65536K, used 5781K [0x00000000c1600000, 0x0000000100000000)
  region size 1024K, 1 young (1024K), 1 survivors (1024K)
 Metaspace       used 11244K, capacity 11456K, committed 11648K, reserved 1058816K
  class space    used 1282K, capacity 1377K, committed 1408K, reserved 1048576K
}
Event: 3.216 GC heap before
{Heap before GC invocations=3 (full 0):
 garbage-first heap   total 65536K, used 22165K [0x00000000c1600000, 0x0000000100000000)
  region size 1024K, 18 young (18432K), 1 survivors (1024K)
 Metaspace       used 12213K, capacity 12522K, committed 12544K, reserved 1060864K
  class space    used 1382K, capacity 1521K, committed 1536K, reserved 1048576K
}
Event: 3.219 GC heap after
{Heap after GC invocations=4 (full 0):
 garbage-first heap   total 65536K, used 6674K [0x00000000c1600000, 0x0000000100000000)
  region size 1024K, 2 young (2048K), 2 survivors (2048K)
 Metaspace       used 12213K, capacity 12522K, committed 12544K, reserved 1060864K
  class space    used 1382K, capacity 1521K, committed 1536K, reserved 1048576K
}

Deoptimization events (20 events):
Event: 3.214 Thread 0x0000021682550800 DEOPT PACKING pc=0x00000216ee37741f sp=0x000000c2861fea70
Event: 3.214 Thread 0x0000021682550800 DEOPT UNPACKING pc=0x00000216ed8b964e sp=0x000000c2861fdf40 mode 0
Event: 3.214 Thread 0x0000021682550800 DEOPT PACKING pc=0x00000216ee37741f sp=0x000000c2861fea70
Event: 3.214 Thread 0x0000021682550800 DEOPT UNPACKING pc=0x00000216ed8b964e sp=0x000000c2861fdf40 mode 0
Event: 3.214 Thread 0x0000021682550800 DEOPT PACKING pc=0x00000216ee37741f sp=0x000000c2861fea70
Event: 3.214 Thread 0x0000021682550800 DEOPT UNPACKING pc=0x00000216ed8b964e sp=0x000000c2861fdf40 mode 0
Event: 3.214 Thread 0x0000021682550800 DEOPT PACKING pc=0x00000216ee37741f sp=0x000000c2861fea70
Event: 3.214 Thread 0x0000021682550800 DEOPT UNPACKING pc=0x00000216ed8b964e sp=0x000000c2861fdf40 mode 0
Event: 3.214 Thread 0x0000021682550800 DEOPT PACKING pc=0x00000216ee37741f sp=0x000000c2861fea70
Event: 3.214 Thread 0x0000021682550800 DEOPT UNPACKING pc=0x00000216ed8b964e sp=0x000000c2861fdf40 mode 0
Event: 3.215 Thread 0x0000021682550800 DEOPT PACKING pc=0x00000216ee37741f sp=0x000000c2861fea70
Event: 3.215 Thread 0x0000021682550800 DEOPT UNPACKING pc=0x00000216ed8b964e sp=0x000000c2861fdf40 mode 0
Event: 3.215 Thread 0x0000021682550800 DEOPT PACKING pc=0x00000216ee37741f sp=0x000000c2861fea70
Event: 3.215 Thread 0x0000021682550800 DEOPT UNPACKING pc=0x00000216ed8b964e sp=0x000000c2861fdf40 mode 0
Event: 3.215 Thread 0x0000021682550800 DEOPT PACKING pc=0x00000216ee37741f sp=0x000000c2861fea70
Event: 3.215 Thread 0x0000021682550800 DEOPT UNPACKING pc=0x00000216ed8b964e sp=0x000000c2861fdf40 mode 0
Event: 3.215 Thread 0x0000021682550800 DEOPT PACKING pc=0x00000216ee37741f sp=0x000000c2861fea70
Event: 3.215 Thread 0x0000021682550800 DEOPT UNPACKING pc=0x00000216ed8b964e sp=0x000000c2861fdf40 mode 0
Event: 3.216 Thread 0x0000021682550800 DEOPT PACKING pc=0x00000216ee01d1e5 sp=0x000000c2861fec40
Event: 3.216 Thread 0x0000021682550800 DEOPT UNPACKING pc=0x00000216ed8b964e sp=0x000000c2861fe1d0 mode 0

Classes unloaded (0 events):
No events

Classes redefined (0 events):
No events

Internal exceptions (14 events):
Event: 0.618 Thread 0x00000216e5371800 Exception <a 'java/lang/ClassNotFoundException'{0x00000000c530b840}: sun/awt/resources/spi/awtProvider> (0x00000000c530b840) 
thrown [t:/workspace/open/src/hotspot/share/classfile/systemDictionary.cpp, line 232]
Event: 0.668 Thread 0x00000216e5371800 Exception <a 'java/io/FileNotFoundException'{0x00000000c5362948}> (0x00000000c5362948) 
thrown [t:/workspace/open/src/hotspot/share/prims/jni.cpp, line 598]
Event: 0.678 Thread 0x00000216e5371800 Exception <a 'java/io/FileNotFoundException'{0x00000000c5388f28}> (0x00000000c5388f28) 
thrown [t:/workspace/open/src/hotspot/share/prims/jni.cpp, line 598]
Event: 0.773 Thread 0x00000216823f6800 Exception <a 'java/lang/NoSuchMethodError'{0x00000000c514d1f8}: 'void java.lang.invoke.DirectMethodHandle$Holder.invokeSpecial(java.lang.Object, java.lang.Object)'> (0x00000000c514d1f8) 
thrown [t:/workspace/open/src/hotspot/share/interpreter/linkResolver.cpp, line 767]
Event: 0.851 Thread 0x00000216824c6000 Exception <a 'java/lang/NoSuchMethodError'{0x00000000c504a868}: 'java.lang.Object java.lang.invoke.DirectMethodHandle$Holder.invokeStatic(java.lang.Object, int, java.lang.Object, java.lang.Object, java.lang.Object, java.lang.Object)'> (0x00000000c504a868) 
thrown [t:/workspace/open/src/hotspot/share/interpreter/linkResolver.cpp, line 767]
Event: 0.852 Thread 0x00000216824c6000 Exception <a 'java/lang/NoSuchMethodError'{0x00000000c50511c8}: 'java.lang.Object java.lang.invoke.DirectMethodHandle$Holder.invokeStatic(java.lang.Object, int, java.lang.Object, java.lang.Object, java.lang.Object)'> (0x00000000c50511c8) 
thrown [t:/workspace/open/src/hotspot/share/interpreter/linkResolver.cpp, line 767]
Event: 0.852 Thread 0x00000216824c6000 Exception <a 'java/lang/NoSuchMethodError'{0x00000000c5054a30}: 'java.lang.Object java.lang.invoke.DirectMethodHandle$Holder.invokeSpecial(java.lang.Object, java.lang.Object, int, java.lang.Object, java.lang.Object, java.lang.Object)'> (0x00000000c5054a30) 
thrown [t:/workspace/open/src/hotspot/share/interpreter/linkResolver.cpp, line 767]
Event: 0.857 Thread 0x00000216824c6000 Exception <a 'java/lang/NoSuchMethodError'{0x00000000c506ad58}: 'java.lang.Object java.lang.invoke.DirectMethodHandle$Holder.invokeStatic(java.lang.Object, int, java.lang.Object)'> (0x00000000c506ad58) 
thrown [t:/workspace/open/src/hotspot/share/interpreter/linkResolver.cpp, line 767]
Event: 0.885 Thread 0x00000216824c6000 Exception <a 'java/lang/ClassNotFoundException'{0x00000000c4f0e378}: com/sun/swing/internal/plaf/metal/resources/spi/metalProvider> (0x00000000c4f0e378) 
thrown [t:/workspace/open/src/hotspot/share/classfile/systemDictionary.cpp, line 232]
Event: 0.887 Thread 0x00000216824c6000 Exception <a 'java/lang/ClassNotFoundException'{0x00000000c4f12420}: com/sun/swing/internal/plaf/basic/resources/spi/basicProvider> (0x00000000c4f12420) 
thrown [t:/workspace/open/src/hotspot/share/classfile/systemDictionary.cpp, line 232]
Event: 0.929 Thread 0x00000216824c6000 Exception <a 'java/net/UnknownHostException'{0x00000000c4f494f0}> (0x00000000c4f494f0) 
thrown [t:/workspace/open/src/hotspot/share/prims/jni.cpp, line 598]
Event: 2.450 Thread 0x00000216824c6000 Exception <a 'java/io/FileNotFoundException'{0x00000000c55319b0}> (0x00000000c55319b0) 
thrown [t:/workspace/open/src/hotspot/share/prims/jni.cpp, line 598]
Event: 3.191 Thread 0x00000216824c6000 Exception <a 'java/lang/NoSuchMethodError'{0x00000000c4568ef0}: 'void java.lang.invoke.DirectMethodHandle$Holder.invokeStaticInit(java.lang.Object)'> (0x00000000c4568ef0) 
thrown [t:/workspace/open/src/hotspot/share/interpreter/linkResolver.cpp, line 767]
Event: 3.206 Thread 0x00000216824c6000 Exception <a 'java/lang/NoSuchMethodError'{0x00000000c4590148}: 'java.lang.Object java.lang.invoke.Invokers$Holder.linkToTargetMethod(java.lang.Object, int, java.lang.Object)'> (0x00000000c4590148) 
thrown [t:/workspace/open/src/hotspot/share/interpreter/linkResolver.cpp, line 767]

Events (20 events):
Event: 3.198 loading class sun/awt/Symbol done
Event: 3.199 loading class sun/awt/Symbol$Encoder
Event: 3.199 loading class sun/awt/Symbol$Encoder done
Event: 3.199 Executing VM operation: RevokeBias
Event: 3.199 Executing VM operation: RevokeBias done
Event: 3.200 Executing VM operation: RevokeBias
Event: 3.200 Executing VM operation: RevokeBias done
Event: 3.205 Executing VM operation: RevokeBias
Event: 3.205 Executing VM operation: RevokeBias done
Event: 3.207 Executing VM operation: RevokeBias
Event: 3.207 Executing VM operation: RevokeBias done
Event: 3.215 Executing VM operation: RevokeBias
Event: 3.215 Executing VM operation: RevokeBias done
Event: 3.216 Executing VM operation: G1CollectForAllocation
Event: 3.220 Executing VM operation: G1CollectForAllocation done
Event: 3.236 Executing VM operation: G1Concurrent
Event: 3.240 Executing VM operation: G1Concurrent done
Event: 3.240 Executing VM operation: RevokeBias
Event: 3.248 Executing VM operation: RevokeBias done
Event: 3.248 Executing VM operation: RevokeBias


Dynamic libraries:
0x00007ff600440000 - 0x00007ff60044f000 	C:\Program Files\Java\jdk-13.0.2\bin\javaw.exe
0x00007ffebe800000 - 0x00007ffebe9f0000 	C:\Windows\SYSTEM32\ntdll.dll
0x00007ffebd880000 - 0x00007ffebd932000 	C:\Windows\System32\KERNEL32.DLL
0x00007ffebc350000 - 0x00007ffebc5f5000 	C:\Windows\System32\KERNELBASE.dll
0x00007ffebc250000 - 0x00007ffebc34a000 	C:\Windows\System32\ucrtbase.dll
0x00007ffead4f0000 - 0x00007ffead508000 	C:\Program Files\Java\jdk-13.0.2\bin\jli.dll
0x00007ffebdeb0000 - 0x00007ffebdf53000 	C:\Windows\System32\ADVAPI32.dll
0x00007ffebd010000 - 0x00007ffebd0ae000 	C:\Windows\System32\msvcrt.dll
0x00007ffebd3e0000 - 0x00007ffebd477000 	C:\Windows\System32\sechost.dll
0x00007ffebd4e0000 - 0x00007ffebd5ff000 	C:\Windows\System32\RPCRT4.dll
0x00007ffebe3f0000 - 0x00007ffebe584000 	C:\Windows\System32\USER32.dll
0x00007ffebc010000 - 0x00007ffebc031000 	C:\Windows\System32\win32u.dll
0x00007ffebd940000 - 0x00007ffebd966000 	C:\Windows\System32\GDI32.dll
0x00007ffebc600000 - 0x00007ffebc798000 	C:\Windows\System32\gdi32full.dll
0x00007ffebbf70000 - 0x00007ffebc00e000 	C:\Windows\System32\msvcp_win.dll
0x00007ffeacb60000 - 0x00007ffeacde4000 	C:\Windows\WinSxS\amd64_microsoft.windows.common-controls_6595b64144ccf1df_6.0.18362.1556_none_9e7e372fe45e41d5\COMCTL32.dll
0x00007ffebd970000 - 0x00007ffebdca6000 	C:\Windows\System32\combase.dll
0x00007ffebc7a0000 - 0x00007ffebc821000 	C:\Windows\System32\bcryptPrimitives.dll
0x00007ffeace20000 - 0x00007ffeace2a000 	C:\Windows\SYSTEM32\VERSION.dll
0x00007ffea5e60000 - 0x00007ffea5e75000 	C:\Program Files\Java\jdk-13.0.2\bin\VCRUNTIME140.dll
0x00007ffebc880000 - 0x00007ffebc8ae000 	C:\Windows\System32\IMM32.DLL
0x00007ffea5dc0000 - 0x00007ffea5e5b000 	C:\Program Files\Java\jdk-13.0.2\bin\msvcp140.dll
0x00007ffe8d5b0000 - 0x00007ffe8e10d000 	C:\Program Files\Java\jdk-13.0.2\bin\server\jvm.dll
0x00007ffebe720000 - 0x00007ffebe728000 	C:\Windows\System32\PSAPI.DLL
0x00007ffead4e0000 - 0x00007ffead4e9000 	C:\Windows\SYSTEM32\WSOCK32.dll
0x00007ffeb8f90000 - 0x00007ffeb8fb4000 	C:\Windows\SYSTEM32\WINMM.dll
0x00007ffebcfa0000 - 0x00007ffebd00f000 	C:\Windows\System32\WS2_32.dll
0x00007ffeb8f60000 - 0x00007ffeb8f8d000 	C:\Windows\SYSTEM32\winmmbase.dll
0x00007ffebc830000 - 0x00007ffebc87a000 	C:\Windows\System32\cfgmgr32.dll
0x00007ffebb6e0000 - 0x00007ffebb6f1000 	C:\Windows\System32\kernel.appcore.dll
0x00007ffead260000 - 0x00007ffead270000 	C:\Program Files\Java\jdk-13.0.2\bin\verify.dll
0x00007ffeac3d0000 - 0x00007ffeac5c4000 	C:\Windows\SYSTEM32\DBGHELP.DLL
0x00007ffeac3a0000 - 0x00007ffeac3ca000 	C:\Windows\SYSTEM32\dbgcore.DLL
0x00007ffea51e0000 - 0x00007ffea5206000 	C:\Program Files\Java\jdk-13.0.2\bin\java.dll
0x00007ffea5da0000 - 0x00007ffea5db7000 	C:\Program Files\Java\jdk-13.0.2\bin\zip.dll
0x00007ffead240000 - 0x00007ffead24a000 	C:\Program Files\Java\jdk-13.0.2\bin\jimage.dll
0x00007ffebc8b0000 - 0x00007ffebcf97000 	C:\Windows\System32\SHELL32.dll
0x00007ffebe590000 - 0x00007ffebe638000 	C:\Windows\System32\shcore.dll
0x00007ffebb7f0000 - 0x00007ffebbf6b000 	C:\Windows\System32\windows.storage.dll
0x00007ffebb700000 - 0x00007ffebb71e000 	C:\Windows\System32\profapi.dll
0x00007ffebb690000 - 0x00007ffebb6da000 	C:\Windows\System32\powrprof.dll
0x00007ffebb680000 - 0x00007ffebb690000 	C:\Windows\System32\UMPDC.dll
0x00007ffebd480000 - 0x00007ffebd4d2000 	C:\Windows\System32\shlwapi.dll
0x00007ffebc070000 - 0x00007ffebc087000 	C:\Windows\System32\cryptsp.dll
0x00007ffea44d0000 - 0x00007ffea44e9000 	C:\Program Files\Java\jdk-13.0.2\bin\net.dll
0x00007ffeb1b00000 - 0x00007ffeb1bfa000 	C:\Windows\SYSTEM32\WINHTTP.dll
0x00007ffebaec0000 - 0x00007ffebaf27000 	C:\Windows\system32\mswsock.dll
0x00007ffea44b0000 - 0x00007ffea44c3000 	C:\Program Files\Java\jdk-13.0.2\bin\nio.dll
0x00007ffeb6960000 - 0x00007ffeb6af9000 	C:\Program Files\Java\jdk-13.0.2\bin\awt.dll
0x00007ffebd7b0000 - 0x00007ffebd875000 	C:\Windows\System32\OLEAUT32.dll
0x00007ffeb97f0000 - 0x00007ffeb987f000 	C:\Windows\SYSTEM32\apphelp.dll
0x00007ffeb99a0000 - 0x00007ffeb9a39000 	C:\Windows\system32\uxtheme.dll
0x00007ffebd670000 - 0x00007ffebd7a5000 	C:\Windows\System32\MSCTF.dll
0x00007ffebd0b0000 - 0x00007ffebd207000 	C:\Windows\System32\ole32.dll
0x00007ffeb9cf0000 - 0x00007ffeb9d1d000 	C:\Windows\system32\DWMAPI.DLL
0x00007ffe9e560000 - 0x00007ffe9e6b6000 	C:\Windows\system32\opengl32.dll
0x00007ffeb6930000 - 0x00007ffeb695c000 	C:\Windows\SYSTEM32\GLU32.dll
0x00007ffeba360000 - 0x00007ffeba380000 	C:\Windows\SYSTEM32\dxcore.dll
0x00007ffebac60000 - 0x00007ffebad2b000 	C:\Windows\SYSTEM32\DNSAPI.dll
0x00007ffebe3d0000 - 0x00007ffebe3d8000 	C:\Windows\System32\NSI.dll
0x00007ffebabd0000 - 0x00007ffebac0a000 	C:\Windows\SYSTEM32\IPHLPAPI.DLL
0x00007ffeb14f0000 - 0x00007ffeb14fa000 	C:\Windows\System32\rasadhlp.dll
0x00007ffea00c0000 - 0x00007ffea0142000 	C:\Program Files\Java\jdk-13.0.2\bin\freetype.dll
0x00007ffe9e4b0000 - 0x00007ffe9e556000 	C:\Program Files\Java\jdk-13.0.2\bin\fontmanager.dll

dbghelp: loaded successfully - version: 4.0.5 - missing functions: none
symbol engine: initialized successfully - sym options: 0x614 - pdb path: .;C:\Program Files\Java\jdk-13.0.2\bin;C:\Windows\SYSTEM32;C:\Windows\WinSxS\amd64_microsoft.windows.common-controls_6595b64144ccf1df_6.0.18362.1556_none_9e7e372fe45e41d5;C:\Program Files\Java\jdk-13.0.2\bin\server

VM Arguments:
jvm_args: -Dfile.encoding=Cp1252 
java_command: Application.Home
java_class_path (initial): C:\Users\User\Desktop\Programmes\Java\Workspace\DriveOperations\target\classes;C:\Users\User\Desktop\Libraries\jgoodies-common-1.8.0.jar;C:\Users\User\Desktop\Libraries\jgoodies-forms-1.8.0.jar;C:\Users\User\Desktop\Libraries\miglayout15-swing.jar;C:\Users\User\Downloads\javax.mail.jar;C:\Users\User\Downloads\activation-1.1.1.jar;C:\Users\User\Downloads\jcalendar-1.4.jar;C:\Users\User\Downloads\jfreechart-1.0.19\lib\jcommon-1.0.23.jar;C:\Users\User\Downloads\jfreechart-1.0.19\lib\jfreechart-1.0.19.jar;C:\Users\User\Downloads\commons-net-3.8.0\commons-net-3.8.0.jar;C:\Users\User\Documents\Libs\comm-2.0.jar;C:\Users\User\Documents\Libs\http-2.2.1.jar;C:\Users\User\Documents\Libs\mysql-connector-java-5.1.45.jar;C:\Users\User\Downloads\JTattoo-1.6.13.jar;C:\Users\User\Desktop\Libs\jmespath-java-1.11.470.jar;C:\Users\User\Desktop\Libs\aws-java-sdk-core-1.12.65.jar;C:\Users\User\Desktop\Libs\aws-java-sdk-kms-1.12.65.jar;C:\Users\User\Desktop\Libs\aws-java-sdk-s3-1.12.65.jar;C:\Users\User\Desktop\Libs\commons-codec-1.15.jar;C:\Users\User\Desktop\Libs\commons-logging-1.1.3.jar;C:\Users\User\Desktop\Libs\httpclient-4.5.13.jar;C:\Users\User\Desktop\Libs\ion-java-1.0.2.jar;C:\Users\User\Desktop\Libs\jackson-annotations-2.12.3.jar;C:\Users\User\Desktop\Libs\jackson-core-2.12.3.jar;C:\Users\User\Desktop\Libs\jackson-databind-2.12.3.jar;C:\Users\User\Desktop\Libs\jackson-dataformat-cbor-2.12.3.jar;C:\Users\User\Desktop\Libs\jmespath-java-1.12.65.jar;C:\Users\User\Desktop\Libs\joda-time-2.8.1.jar;C:\Users\User\.m2\repository\com\amazonaws\aws-java-sdk-s3\1.12.65\aws-java-sdk-s3-1.12.65.jar;C:\Users\User\.m2\repository\com\amazonaws\aws-java-sdk-kms\1.12.65\aws-java-sdk-kms-1.12.65.jar;C:\Users\User\.m2\repository\com\amazonaws\aws-java-sdk-core\1.12.65\aws-java-sdk-core-1.12.65.jar;C:\Users\User\.m2\repository\commons-logging\commons-logging\1.1.3\commons-logging-1.1.3.jar;C:\Users\User\.m2\repository\commons-codec\commons-codec\1.15\commons-codec-1.15
Launcher Type: SUN_STANDARD

[Global flags]
     intx CICompilerCount                          = 3                                         {product} {ergonomic}
     uint ConcGCThreads                            = 1                                         {product} {ergonomic}
     uint G1ConcRefinementThreads                  = 4                                         {product} {ergonomic}
   size_t G1HeapRegionSize                         = 1048576                                   {product} {ergonomic}
    uintx GCDrainStackTargetSize                   = 64                                        {product} {ergonomic}
   size_t InitialHeapSize                          = 67108864                                  {product} {ergonomic}
   size_t MarkStackSize                            = 4194304                                   {product} {ergonomic}
   size_t MaxHeapSize                              = 1050673152                                {product} {ergonomic}
   size_t MaxNewSize                               = 630194176                                 {product} {ergonomic}
   size_t MinHeapDeltaBytes                        = 1048576                                   {product} {ergonomic}
   size_t MinHeapSize                              = 8388608                                   {product} {ergonomic}
    uintx NonNMethodCodeHeapSize                   = 5832780                                {pd product} {ergonomic}
    uintx NonProfiledCodeHeapSize                  = 122912730                              {pd product} {ergonomic}
    uintx ProfiledCodeHeapSize                     = 122912730                              {pd product} {ergonomic}
    uintx ReservedCodeCacheSize                    = 251658240                              {pd product} {ergonomic}
     bool SegmentedCodeCache                       = true                                      {product} {ergonomic}
   size_t SoftMaxHeapSize                          = 1050673152                             {manageable} {ergonomic}
     bool UseCompressedClassPointers               = true                                 {lp64_product} {ergonomic}
     bool UseCompressedOops                        = true                                 {lp64_product} {ergonomic}
     bool UseG1GC                                  = true                                      {product} {ergonomic}
     bool UseLargePagesIndividualAllocation        = false                                  {pd product} {ergonomic}

Logging:
Log output configuration:
 #0: stdout all=warning uptime,level,tags
 #1: stderr all=off uptime,level,tags

Environment Variables:
JAVA_HOME=C:\Program Files (x86)\Java\jre1.8.0_241
PATH=C:\Program Files\Java\jdk-13.0.2\bin;C:\Program Files (x86)\Common Files\Oracle\Java\javapath;C:\Windows\system32;C:\Windows;C:\Windows\System32\Wbem;C:\Windows\System32\WindowsPowerShell\v1.0\;C:\Windows\System32\OpenSSH\;C:\Program Files (x86)\apache-maven-3.8.1\bin;C:\Program Files (x86)\gradle-7.1.1\bin;C:\Users\User\AppData\Local\Microsoft\WindowsApps;C:\Users\User\AppData\Local\Programs\Microsoft VS Code\bin;C:\Program Files (x86)\gradle-7.1.1\bin;C:\Users\User\Downloads\platform-tools;
USERNAME=User
OS=Windows_NT
PROCESSOR_IDENTIFIER=Intel64 Family 6 Model 42 Stepping 7, GenuineIntel



---------------  S Y S T E M  ---------------

OS: Windows 10 , 64 bit Build 18362 (10.0.18362.1500)

CPU:total 4 (initial active 4) (2 cores per cpu, 2 threads per core) family 6 model 42 stepping 7, cmov, cx8, fxsr, mmx, sse, sse2, sse3, ssse3, sse4.1, sse4.2, popcnt, avx, aes, clmul, ht, tsc, tscinvbit

Memory: 4k page, system-wide physical 4006M (731M free)
TotalPageFile size 16294M (AvailPageFile size 93M)
current process WorkingSet (physical memory assigned to process): 97M, peak: 115M
current process commit charge ("private bytes"): 149M, peak: 262M

vm_info: Java HotSpot(TM) 64-Bit Server VM (13.0.2+8) for windows-amd64 JRE (13.0.2+8), built on Dec 11 2019 09:20:33 by "mach5one" with unknown MS VC++:1916

END.
