#
# There is insufficient memory for the Java Runtime Environment to continue.
# Native memory allocation (mmap) failed to map 117440512 bytes for Failed to commit area from 0x00000000c5600000 to 0x00000000cc600000 of length 117440512.
# Possible reasons:
#   The system is out of physical RAM or swap space
#   The process is running with CompressedOops enabled, and the Java Heap may be blocking the growth of the native heap
# Possible solutions:
#   Reduce memory load on the system
#   Increase physical memory or swap space
#   Check if swap backing store is full
#   Decrease Java heap size (-Xmx/-Xms)
#   Decrease number of Java threads
#   Decrease Java thread stack sizes (-Xss)
#   Set larger code cache with -XX:ReservedCodeCacheSize=
#   JVM is running with Unscaled Compressed Oops mode in which the Java heap is
#     placed in the first 4GB address space. The Java Heap base address is the
#     maximum limit for the native heap growth. Please use -XX:HeapBaseMinAddress
#     to set the Java Heap base and to place the Java Heap above 4GB virtual address.
# This output file may be truncated or incomplete.
#
#  Out of Memory Error (t:/workspace/open/src/hotspot/os/windows/os_windows.cpp:3301), pid=14852, tid=2732
#
# JRE version: Java(TM) SE Runtime Environment (13.0.2+8) (build 13.0.2+8)
# Java VM: Java HotSpot(TM) 64-Bit Server VM (13.0.2+8, mixed mode, sharing, tiered, compressed oops, g1 gc, windows-amd64)
# No core dump will be written. Minidumps are not enabled by default on client versions of Windows
#

---------------  S U M M A R Y ------------

Command Line: -Dfile.encoding=Cp1252 Application.Home

Host: Intel(R) Core(TM) i5-2520M CPU @ 2.50GHz, 4 cores, 3G,  Windows 10 , 64 bit Build 18362 (10.0.18362.1500)
Time: Wed Mar 20 10:14:07 2019 South Africa Standard Time elapsed time: 2 seconds (0d 0h 0m 2s)

---------------  T H R E A D  ---------------

Current thread (0x0000021577a04000):  JavaThread "Image Fetcher 0" daemon [_thread_in_vm, id=2732, stack(0x000000573ca00000,0x000000573cb00000)]

Stack: [0x000000573ca00000,0x000000573cb00000]
Native frames: (J=compiled Java code, j=interpreted, Vv=VM code, C=native code)
V  [jvm.dll+0x624f9a]
V  [jvm.dll+0x770cfa]
V  [jvm.dll+0x7724af]
V  [jvm.dll+0x772ab3]
V  [jvm.dll+0x24bf08]
V  [jvm.dll+0x6222aa]
V  [jvm.dll+0x6170b5]
V  [jvm.dll+0x30a88c]
V  [jvm.dll+0x30a6c2]
V  [jvm.dll+0x30fe36]
V  [jvm.dll+0x353f46]
V  [jvm.dll+0x353720]
V  [jvm.dll+0x2e5d5e]
V  [jvm.dll+0x2e16ff]
V  [jvm.dll+0x5be8b5]
V  [jvm.dll+0x5be33b]
V  [jvm.dll+0x1f48d5]
V  [jvm.dll+0x74b3a7]
V  [jvm.dll+0x3783ea]
C  0x000002150001fd37

Java frames: (J=compiled Java code, j=interpreted, Vv=VM code)
j  java.awt.image.DataBufferInt.<init>(I)V+11 java.desktop@13.0.2
j  java.awt.image.Raster.createPackedRaster(III[ILjava/awt/Point;)Ljava/awt/image/WritableRaster;+69 java.desktop@13.0.2
j  java.awt.image.DirectColorModel.createCompatibleWritableRaster(II)Ljava/awt/image/WritableRaster;+83 java.desktop@13.0.2
j  sun.awt.image.ImageRepresentation.createBufferedImage()V+18 java.desktop@13.0.2
J 670 c1 sun.awt.image.ImageRepresentation.setPixels(IIIILjava/awt/image/ColorModel;[III)V java.desktop@13.0.2 (527 bytes) @ 0x00000215006a8eec [0x00000215006a8b60+0x000000000000038c]
J 674 c1 sun.awt.image.ImageDecoder.setPixels(IIIILjava/awt/image/ColorModel;[III)I java.desktop@13.0.2 (58 bytes) @ 0x00000215006a5b6c [0x00000215006a5680+0x00000000000004ec]
J 631 c1 sun.awt.image.PNGImageDecoder.sendPixels(IIII[III)Z java.desktop@13.0.2 (44 bytes) @ 0x0000021500694504 [0x00000215006943c0+0x0000000000000144]
J 734% c1 sun.awt.image.PNGImageDecoder.produceImage()V java.desktop@13.0.2 (1917 bytes) @ 0x00000215006d09ac [0x00000215006ccfe0+0x00000000000039cc]
j  sun.awt.image.InputStreamImageSource.doFetch()V+51 java.desktop@13.0.2
j  sun.awt.image.ImageFetcher.fetchloop()V+31 java.desktop@13.0.2
j  sun.awt.image.ImageFetcher.run()V+5 java.desktop@13.0.2
v  ~StubRoutines::call_stub

---------------  P R O C E S S  ---------------

Threads class SMR info:
_java_thread_list=0x0000021577d80e50, length=27, elements={
0x0000021576ace000, 0x0000021576ad1000, 0x0000021576aeb800, 0x0000021576aef800,
0x0000021576af0800, 0x0000021576af5000, 0x0000021576b0f800, 0x0000021577532000,
0x000002157753b000, 0x0000021577917800, 0x000002157791b000, 0x0000021577921000,
0x0000021577935800, 0x0000021567b42800, 0x0000021577a04000, 0x0000021577a18000,
0x0000021577b4a000, 0x0000021577d4c800, 0x0000021577d2b800, 0x0000021577e1a000,
0x0000021577def800, 0x0000021577f44800, 0x0000021577f4b000, 0x0000021577f4a000,
0x0000021577f47800, 0x0000021577f48800, 0x0000021577f46800
}

Java Threads: ( => current thread )
  0x0000021576ace000 JavaThread "Reference Handler" daemon [_thread_blocked, id=12876, stack(0x000000573bc00000,0x000000573bd00000)]
  0x0000021576ad1000 JavaThread "Finalizer" daemon [_thread_blocked, id=14896, stack(0x000000573bd00000,0x000000573be00000)]
  0x0000021576aeb800 JavaThread "Signal Dispatcher" daemon [_thread_blocked, id=11980, stack(0x000000573be00000,0x000000573bf00000)]
  0x0000021576aef800 JavaThread "Attach Listener" daemon [_thread_blocked, id=3104, stack(0x000000573bf00000,0x000000573c000000)]
  0x0000021576af0800 JavaThread "C2 CompilerThread0" daemon [_thread_blocked, id=12492, stack(0x000000573c000000,0x000000573c100000)]
  0x0000021576af5000 JavaThread "C1 CompilerThread0" daemon [_thread_blocked, id=10872, stack(0x000000573c100000,0x000000573c200000)]
  0x0000021576b0f800 JavaThread "Sweeper thread" daemon [_thread_blocked, id=14364, stack(0x000000573c200000,0x000000573c300000)]
  0x0000021577532000 JavaThread "Service Thread" daemon [_thread_blocked, id=5320, stack(0x000000573c300000,0x000000573c400000)]
  0x000002157753b000 JavaThread "Common-Cleaner" daemon [_thread_blocked, id=11564, stack(0x000000573c500000,0x000000573c600000)]
  0x0000021577917800 JavaThread "Java2D Disposer" daemon [_thread_blocked, id=11712, stack(0x000000573c600000,0x000000573c700000)]
  0x000002157791b000 JavaThread "AWT-Shutdown" [_thread_blocked, id=13952, stack(0x000000573c700000,0x000000573c800000)]
  0x0000021577921000 JavaThread "AWT-Windows" daemon [_thread_in_native, id=4776, stack(0x000000573c800000,0x000000573c900000)]
  0x0000021577935800 JavaThread "AWT-EventQueue-0" [_thread_blocked, id=8488, stack(0x000000573c900000,0x000000573ca00000)]
  0x0000021567b42800 JavaThread "DestroyJavaVM" [_thread_blocked, id=15136, stack(0x000000573b500000,0x000000573b600000)]
=>0x0000021577a04000 JavaThread "Image Fetcher 0" daemon [_thread_in_vm, id=2732, stack(0x000000573ca00000,0x000000573cb00000)]
  0x0000021577a18000 JavaThread "TimerQueue" daemon [_thread_blocked, id=13432, stack(0x000000573cb00000,0x000000573cc00000)]
  0x0000021577b4a000 JavaThread "SwingWorker-pool-1-thread-1" daemon [_thread_blocked, id=15364, stack(0x000000573cc00000,0x000000573cd00000)]
  0x0000021577d4c800 JavaThread "C2 CompilerThread1" daemon [_thread_blocked, id=7388, stack(0x000000573cd00000,0x000000573ce00000)]
  0x0000021577d2b800 JavaThread "SwingWorker-pool-1-thread-2" daemon [_thread_blocked, id=12800, stack(0x000000573ce00000,0x000000573cf00000)]
  0x0000021577e1a000 JavaThread "SwingWorker-pool-1-thread-3" daemon [_thread_blocked, id=13648, stack(0x000000573d400000,0x000000573d500000)]
  0x0000021577def800 JavaThread "SwingWorker-pool-1-thread-4" daemon [_thread_blocked, id=12580, stack(0x000000573d500000,0x000000573d600000)]
  0x0000021577f44800 JavaThread "SwingWorker-pool-1-thread-5" daemon [_thread_blocked, id=8056, stack(0x000000573d600000,0x000000573d700000)]
  0x0000021577f4b000 JavaThread "SwingWorker-pool-1-thread-6" daemon [_thread_blocked, id=6688, stack(0x000000573d700000,0x000000573d800000)]
  0x0000021577f4a000 JavaThread "SwingWorker-pool-1-thread-7" daemon [_thread_blocked, id=15612, stack(0x000000573d800000,0x000000573d900000)]
  0x0000021577f47800 JavaThread "SwingWorker-pool-1-thread-8" daemon [_thread_blocked, id=13696, stack(0x000000573d900000,0x000000573da00000)]
  0x0000021577f48800 JavaThread "SwingWorker-pool-1-thread-9" daemon [_thread_blocked, id=13780, stack(0x000000573da00000,0x000000573db00000)]
  0x0000021577f46800 JavaThread "SwingWorker-pool-1-thread-10" daemon [_thread_blocked, id=16240, stack(0x000000573db00000,0x000000573dc00000)]

Other Threads:
  0x0000021576aca800 VMThread "VM Thread" [stack: 0x000000573bb00000,0x000000573bc00000] [id=16184] _threads_hazard_ptr=0x0000021577d80e50
  0x0000021577539800 WatcherThread [stack: 0x000000573c400000,0x000000573c500000] [id=14656]
  0x0000021567b73800 GCTaskThread "GC Thread#0" [stack: 0x000000573b600000,0x000000573b700000] [id=14316]
  0x0000021577d1b000 GCTaskThread "GC Thread#1" [stack: 0x000000573cf00000,0x000000573d000000] [id=10012]
  0x0000021577d1b800 GCTaskThread "GC Thread#2" [stack: 0x000000573d000000,0x000000573d100000] [id=15380]
  0x0000021577d1c800 GCTaskThread "GC Thread#3" [stack: 0x000000573d100000,0x000000573d200000] [id=3384]
  0x0000021567b7d000 ConcurrentGCThread "G1 Main Marker" [stack: 0x000000573b700000,0x000000573b800000] [id=11100]
  0x0000021567b7e800 ConcurrentGCThread "G1 Conc#0" [stack: 0x000000573b800000,0x000000573b900000] [id=9604]
  0x0000021567bd7000 ConcurrentGCThread "G1 Refine#0" [stack: 0x000000573b900000,0x000000573ba00000] [id=14052]
  0x0000021577663000 ConcurrentGCThread "G1 Refine#1" [stack: 0x000000573d200000,0x000000573d300000] [id=4872]
  0x0000021577d26800 ConcurrentGCThread "G1 Refine#2" [stack: 0x000000573d300000,0x000000573d400000] [id=15440]
  0x0000021567bd9000 ConcurrentGCThread "G1 Young RemSet Sampling" [stack: 0x000000573ba00000,0x000000573bb00000] [id=11580]

Threads with active compile tasks:
C2 CompilerThread0     2995 1983       4       javax.swing.text.html.BlockView::getAttributes (26 bytes)
C2 CompilerThread1     2995 2243       4       javax.swing.text.ParagraphView::findEdgeSpan (119 bytes)

VM state:synchronizing (normal execution)

VM Mutex/Monitor currently owned by a thread:  ([mutex/lock_event])
[0x0000021567b3ee50] Threads_lock - owner thread: 0x0000021576aca800
[0x0000021567b3dbc0] Heap_lock - owner thread: 0x0000021577a04000

Heap address: 0x00000000c1600000, size: 1002 MB, Compressed Oops mode: 32-bit
Narrow klass base: 0x0000000800000000, Narrow klass shift: 3
Compressed class space size: 1073741824 Address: 0x0000000800b40000

Heap:
 garbage-first heap   total 180224K, used 6452K [0x00000000c1600000, 0x0000000100000000)
  region size 1024K, 3 young (3072K), 2 survivors (2048K)
 Metaspace       used 12262K, capacity 12591K, committed 12800K, reserved 1060864K
  class space    used 1379K, capacity 1521K, committed 1536K, reserved 1048576K
Heap Regions: E=young(eden), S=young(survivor), O=old, HS=humongous(starts), HC=humongous(continues), CS=collection set, F=free, A=archive, TAMS=top-at-mark-start (previous, next)
|   0|0x00000000c1600000, 0x00000000c1700000, 0x00000000c1700000|100%| O|  |TAMS 0x00000000c1600000, 0x00000000c1700000| Untracked 
|   1|0x00000000c1700000, 0x00000000c1800000, 0x00000000c1800000|100%| O|  |TAMS 0x00000000c1700000, 0x00000000c1800000| Untracked 
|   2|0x00000000c1800000, 0x00000000c1900000, 0x00000000c1900000|100%| O|  |TAMS 0x00000000c1800000, 0x00000000c1900000| Untracked 
|   3|0x00000000c1900000, 0x00000000c1a00000, 0x00000000c1a00000|100%| O|  |TAMS 0x00000000c1900000, 0x00000000c1a00000| Untracked 
|   4|0x00000000c1a00000, 0x00000000c1b00000, 0x00000000c1b00000|100%| O|  |TAMS 0x00000000c1a00000, 0x00000000c1b00000| Untracked 
|   5|0x00000000c1b00000, 0x00000000c1b00000, 0x00000000c1c00000|  0%| F|  |TAMS 0x00000000c1b00000, 0x00000000c1b00000| Untracked 
|   6|0x00000000c1c00000, 0x00000000c1c00000, 0x00000000c1d00000|  0%| F|  |TAMS 0x00000000c1c00000, 0x00000000c1c00000| Untracked 
|   7|0x00000000c1d00000, 0x00000000c1d00000, 0x00000000c1e00000|  0%| F|  |TAMS 0x00000000c1d00000, 0x00000000c1d00000| Untracked 
|   8|0x00000000c1e00000, 0x00000000c1e00000, 0x00000000c1f00000|  0%| F|  |TAMS 0x00000000c1e00000, 0x00000000c1e00000| Untracked 
|   9|0x00000000c1f00000, 0x00000000c1f00000, 0x00000000c2000000|  0%| F|  |TAMS 0x00000000c1f00000, 0x00000000c1f00000| Untracked 
|  10|0x00000000c2000000, 0x00000000c2000000, 0x00000000c2100000|  0%| F|  |TAMS 0x00000000c2000000, 0x00000000c2000000| Untracked 
|  11|0x00000000c2100000, 0x00000000c2100000, 0x00000000c2200000|  0%| F|  |TAMS 0x00000000c2100000, 0x00000000c2100000| Untracked 
|  12|0x00000000c2200000, 0x00000000c2200000, 0x00000000c2300000|  0%| F|  |TAMS 0x00000000c2200000, 0x00000000c2200000| Untracked 
|  13|0x00000000c2300000, 0x00000000c2300000, 0x00000000c2400000|  0%| F|  |TAMS 0x00000000c2300000, 0x00000000c2300000| Untracked 
|  14|0x00000000c2400000, 0x00000000c2400000, 0x00000000c2500000|  0%| F|  |TAMS 0x00000000c2400000, 0x00000000c2400000| Untracked 
|  15|0x00000000c2500000, 0x00000000c2500000, 0x00000000c2600000|  0%| F|  |TAMS 0x00000000c2500000, 0x00000000c2500000| Untracked 
|  16|0x00000000c2600000, 0x00000000c2600000, 0x00000000c2700000|  0%| F|  |TAMS 0x00000000c2600000, 0x00000000c2600000| Untracked 
|  17|0x00000000c2700000, 0x00000000c2700000, 0x00000000c2800000|  0%| F|  |TAMS 0x00000000c2700000, 0x00000000c2700000| Untracked 
|  18|0x00000000c2800000, 0x00000000c2800000, 0x00000000c2900000|  0%| F|  |TAMS 0x00000000c2800000, 0x00000000c2800000| Untracked 
|  19|0x00000000c2900000, 0x00000000c2900000, 0x00000000c2a00000|  0%| F|  |TAMS 0x00000000c2900000, 0x00000000c2900000| Untracked 
|  20|0x00000000c2a00000, 0x00000000c2a00000, 0x00000000c2b00000|  0%| F|  |TAMS 0x00000000c2a00000, 0x00000000c2a00000| Untracked 
|  21|0x00000000c2b00000, 0x00000000c2b00000, 0x00000000c2c00000|  0%| F|  |TAMS 0x00000000c2b00000, 0x00000000c2b00000| Untracked 
|  22|0x00000000c2c00000, 0x00000000c2c00000, 0x00000000c2d00000|  0%| F|  |TAMS 0x00000000c2c00000, 0x00000000c2c00000| Untracked 
|  23|0x00000000c2d00000, 0x00000000c2d00000, 0x00000000c2e00000|  0%| F|  |TAMS 0x00000000c2d00000, 0x00000000c2d00000| Untracked 
|  24|0x00000000c2e00000, 0x00000000c2e00000, 0x00000000c2f00000|  0%| F|  |TAMS 0x00000000c2e00000, 0x00000000c2e00000| Untracked 
|  25|0x00000000c2f00000, 0x00000000c2f00000, 0x00000000c3000000|  0%| F|  |TAMS 0x00000000c2f00000, 0x00000000c2f00000| Untracked 
|  26|0x00000000c3000000, 0x00000000c3000000, 0x00000000c3100000|  0%| F|  |TAMS 0x00000000c3000000, 0x00000000c3000000| Untracked 
|  27|0x00000000c3100000, 0x00000000c3100000, 0x00000000c3200000|  0%| F|  |TAMS 0x00000000c3100000, 0x00000000c3100000| Untracked 
|  28|0x00000000c3200000, 0x00000000c3200000, 0x00000000c3300000|  0%| F|  |TAMS 0x00000000c3200000, 0x00000000c3200000| Untracked 
|  29|0x00000000c3300000, 0x00000000c3300000, 0x00000000c3400000|  0%| F|  |TAMS 0x00000000c3300000, 0x00000000c3300000| Untracked 
|  30|0x00000000c3400000, 0x00000000c3400000, 0x00000000c3500000|  0%| F|  |TAMS 0x00000000c3400000, 0x00000000c3400000| Untracked 
|  31|0x00000000c3500000, 0x00000000c3500000, 0x00000000c3600000|  0%| F|  |TAMS 0x00000000c3500000, 0x00000000c3500000| Untracked 
|  32|0x00000000c3600000, 0x00000000c3600000, 0x00000000c3700000|  0%| F|  |TAMS 0x00000000c3600000, 0x00000000c3600000| Untracked 
|  33|0x00000000c3700000, 0x00000000c3700000, 0x00000000c3800000|  0%| F|  |TAMS 0x00000000c3700000, 0x00000000c3700000| Untracked 
|  34|0x00000000c3800000, 0x00000000c3800000, 0x00000000c3900000|  0%| F|  |TAMS 0x00000000c3800000, 0x00000000c3800000| Untracked 
|  35|0x00000000c3900000, 0x00000000c3900000, 0x00000000c3a00000|  0%| F|  |TAMS 0x00000000c3900000, 0x00000000c3900000| Untracked 
|  36|0x00000000c3a00000, 0x00000000c3a4d1c8, 0x00000000c3b00000| 30%| S|CS|TAMS 0x00000000c3a00000, 0x00000000c3a00000| Complete 
|  37|0x00000000c3b00000, 0x00000000c3c00000, 0x00000000c3c00000|100%| S|CS|TAMS 0x00000000c3b00000, 0x00000000c3b00000| Complete 
|  38|0x00000000c3c00000, 0x00000000c3c00000, 0x00000000c3d00000|  0%| F|  |TAMS 0x00000000c3c00000, 0x00000000c3c00000| Untracked 
|  39|0x00000000c3d00000, 0x00000000c3d00000, 0x00000000c3e00000|  0%| F|  |TAMS 0x00000000c3d00000, 0x00000000c3d00000| Untracked 
|  40|0x00000000c3e00000, 0x00000000c3e00000, 0x00000000c3f00000|  0%| F|  |TAMS 0x00000000c3e00000, 0x00000000c3e00000| Untracked 
|  41|0x00000000c3f00000, 0x00000000c3f00000, 0x00000000c4000000|  0%| F|  |TAMS 0x00000000c3f00000, 0x00000000c3f00000| Untracked 
|  42|0x00000000c4000000, 0x00000000c4000000, 0x00000000c4100000|  0%| F|  |TAMS 0x00000000c4000000, 0x00000000c4000000| Untracked 
|  43|0x00000000c4100000, 0x00000000c4100000, 0x00000000c4200000|  0%| F|  |TAMS 0x00000000c4100000, 0x00000000c4100000| Untracked 
|  44|0x00000000c4200000, 0x00000000c4200000, 0x00000000c4300000|  0%| F|  |TAMS 0x00000000c4200000, 0x00000000c4200000| Untracked 
|  45|0x00000000c4300000, 0x00000000c4300000, 0x00000000c4400000|  0%| F|  |TAMS 0x00000000c4300000, 0x00000000c4300000| Untracked 
|  46|0x00000000c4400000, 0x00000000c4400000, 0x00000000c4500000|  0%| F|  |TAMS 0x00000000c4400000, 0x00000000c4400000| Untracked 
|  47|0x00000000c4500000, 0x00000000c4500000, 0x00000000c4600000|  0%| F|  |TAMS 0x00000000c4500000, 0x00000000c4500000| Untracked 
|  48|0x00000000c4600000, 0x00000000c4600000, 0x00000000c4700000|  0%| F|  |TAMS 0x00000000c4600000, 0x00000000c4600000| Untracked 
|  49|0x00000000c4700000, 0x00000000c4700000, 0x00000000c4800000|  0%| F|  |TAMS 0x00000000c4700000, 0x00000000c4700000| Untracked 
|  50|0x00000000c4800000, 0x00000000c4800000, 0x00000000c4900000|  0%| F|  |TAMS 0x00000000c4800000, 0x00000000c4800000| Untracked 
|  51|0x00000000c4900000, 0x00000000c4900000, 0x00000000c4a00000|  0%| F|  |TAMS 0x00000000c4900000, 0x00000000c4900000| Untracked 
|  52|0x00000000c4a00000, 0x00000000c4a00000, 0x00000000c4b00000|  0%| F|  |TAMS 0x00000000c4a00000, 0x00000000c4a00000| Untracked 
|  53|0x00000000c4b00000, 0x00000000c4b00000, 0x00000000c4c00000|  0%| F|  |TAMS 0x00000000c4b00000, 0x00000000c4b00000| Untracked 
|  54|0x00000000c4c00000, 0x00000000c4c00000, 0x00000000c4d00000|  0%| F|  |TAMS 0x00000000c4c00000, 0x00000000c4c00000| Untracked 
|  55|0x00000000c4d00000, 0x00000000c4d00000, 0x00000000c4e00000|  0%| F|  |TAMS 0x00000000c4d00000, 0x00000000c4d00000| Untracked 
|  56|0x00000000c4e00000, 0x00000000c4e00000, 0x00000000c4f00000|  0%| F|  |TAMS 0x00000000c4e00000, 0x00000000c4e00000| Untracked 
|  57|0x00000000c4f00000, 0x00000000c4f00000, 0x00000000c5000000|  0%| F|  |TAMS 0x00000000c4f00000, 0x00000000c4f00000| Untracked 
|  58|0x00000000c5000000, 0x00000000c5000000, 0x00000000c5100000|  0%| F|  |TAMS 0x00000000c5000000, 0x00000000c5000000| Untracked 
|  59|0x00000000c5100000, 0x00000000c5100000, 0x00000000c5200000|  0%| F|  |TAMS 0x00000000c5100000, 0x00000000c5100000| Untracked 
|  60|0x00000000c5200000, 0x00000000c5200000, 0x00000000c5300000|  0%| F|  |TAMS 0x00000000c5200000, 0x00000000c5200000| Untracked 
|  61|0x00000000c5300000, 0x00000000c5300000, 0x00000000c5400000|  0%| F|  |TAMS 0x00000000c5300000, 0x00000000c5300000| Untracked 
|  62|0x00000000c5400000, 0x00000000c5400000, 0x00000000c5500000|  0%| F|  |TAMS 0x00000000c5400000, 0x00000000c5400000| Untracked 
|  63|0x00000000c5500000, 0x00000000c5580000, 0x00000000c5600000| 50%| E|  |TAMS 0x00000000c5500000, 0x00000000c5500000| Complete 

Card table byte_map: [0x00000215721d0000,0x00000215723d0000] _byte_map_base: 0x0000021571bc5000

Marking Bits (Prev, Next): (CMBitMap*) 0x0000021567b74398, (CMBitMap*) 0x0000021567b743d8
 Prev Bits: [0x00000215725d0000, 0x0000021573578000)
 Next Bits: [0x0000021573580000, 0x0000021574528000)

Polling page: 0x0000021567c10000

Metaspace:

Usage:
  Non-class:     10.81 MB capacity,    10.63 MB ( 98%) used,   161.63 KB (  1%) free+waste,    25.50 KB ( <1%) overhead. 
      Class:      1.49 MB capacity,     1.35 MB ( 91%) used,   126.61 KB (  8%) free+waste,    14.69 KB ( <1%) overhead. 
       Both:     12.30 MB capacity,    11.98 MB ( 97%) used,   288.23 KB (  2%) free+waste,    40.19 KB ( <1%) overhead. 

Virtual space:
  Non-class space:       12.00 MB reserved,      11.00 MB ( 92%) committed 
      Class space:        1.00 GB reserved,       1.50 MB ( <1%) committed 
             Both:        1.01 GB reserved,      12.50 MB (  1%) committed 

Chunk freelists:
   Non-Class:  2.00 KB
       Class:  15.00 KB
        Both:  17.00 KB

MaxMetaspaceSize: 17179869184.00 GB
CompressedClassSpaceSize: 1.00 GB

CodeHeap 'non-profiled nmethods': size=120000Kb used=839Kb max_used=839Kb free=119161Kb
 bounds [0x0000021507ad0000, 0x0000021507d40000, 0x000002150f000000]
CodeHeap 'profiled nmethods': size=120000Kb used=5570Kb max_used=5570Kb free=114429Kb
 bounds [0x00000215005a0000, 0x0000021500b20000, 0x0000021507ad0000]
CodeHeap 'non-nmethods': size=5760Kb used=1308Kb max_used=1319Kb free=4451Kb
 bounds [0x0000021500000000, 0x0000021500270000, 0x00000215005a0000]
 total_blobs=3599 nmethods=2257 adapters=502
 compilation: enabled
              stopped_count=0, restarted_count=0
 full_count=0

Compilation events (20 events):
Event: 2.553 Thread 0x0000021576af5000 2312       2       java.lang.invoke.ClassSpecializer$SpeciesData::transformHelper (56 bytes)
Event: 2.554 Thread 0x0000021576af5000 nmethod 2312 0x0000021500b0c510 code [0x0000021500b0c700, 0x0000021500b0cb40]
Event: 2.557 Thread 0x0000021576af5000 2313       2       java.lang.invoke.BoundMethodHandle::bindArgumentL (11 bytes)
Event: 2.557 Thread 0x0000021576af5000 nmethod 2313 0x0000021500b0cd90 code [0x0000021500b0cf40, 0x0000021500b0d200]
Event: 2.558 Thread 0x0000021576af5000 2316       2       java.lang.invoke.LambdaForm::lastUseIndex (76 bytes)
Event: 2.558 Thread 0x0000021576af5000 nmethod 2316 0x0000021500b0d390 code [0x0000021500b0d540, 0x0000021500b0d810]
Event: 2.558 Thread 0x0000021576af5000 2315       2       java.lang.invoke.InvokerBytecodeGenerator::storeInsnOpcode (87 bytes)
Event: 2.559 Thread 0x0000021576af5000 nmethod 2315 0x0000021500b0d990 code [0x0000021500b0dba0, 0x0000021500b0e0e0]
Event: 2.559 Thread 0x0000021576af5000 2314       2       java.lang.invoke.LambdaFormEditor::bindArgumentL (59 bytes)
Event: 2.560 Thread 0x0000021576af5000 nmethod 2314 0x0000021500b0e310 code [0x0000021500b0e4e0, 0x0000021500b0e710]
Event: 2.560 Thread 0x0000021576af5000 2317       2       java.lang.invoke.LambdaForm$Name::internArguments (59 bytes)
Event: 2.561 Thread 0x0000021576af5000 nmethod 2317 0x0000021500b0e810 code [0x0000021500b0e9e0, 0x0000021500b0edb0]
Event: 2.563 Thread 0x0000021576af5000 2320       2       java.util.HashMap::putVal (300 bytes)
Event: 2.565 Thread 0x0000021576af5000 nmethod 2320 0x0000021500b0ef10 code [0x0000021500b0f160, 0x0000021500b0f9a0]
Event: 2.566 Thread 0x0000021576af5000 2321 %     3       sun.awt.image.PNGImageDecoder::update_crc @ 3 (41 bytes)
Event: 2.567 Thread 0x0000021576af5000 nmethod 2321% 0x0000021500b0fe10 code [0x0000021500b0ffc0, 0x0000021500b10278]
Event: 2.567 Thread 0x0000021576af5000 2322       3       sun.awt.image.PNGImageDecoder::update_crc (41 bytes)
Event: 2.567 Thread 0x0000021576af5000 nmethod 2322 0x0000021500b10410 code [0x0000021500b105c0, 0x0000021500b10818]
Event: 2.580 Thread 0x0000021576af5000 2324   !   2       java.io.FileCleanable::performCleanup (27 bytes)
Event: 2.580 Thread 0x0000021576af5000 nmethod 2324 0x0000021500b10990 code [0x0000021500b10b40, 0x0000021500b10d80]

GC Heap History (8 events):
Event: 1.251 GC heap before
{Heap before GC invocations=0 (full 0):
 garbage-first heap   total 65536K, used 14336K [0x00000000c1600000, 0x0000000100000000)
  region size 1024K, 14 young (14336K), 0 survivors (0K)
 Metaspace       used 10489K, capacity 10749K, committed 10880K, reserved 1058816K
  class space    used 1251K, capacity 1376K, committed 1408K, reserved 1048576K
}
Event: 1.259 GC heap after
{Heap after GC invocations=1 (full 0):
 garbage-first heap   total 65536K, used 5038K [0x00000000c1600000, 0x0000000100000000)
  region size 1024K, 2 young (2048K), 2 survivors (2048K)
 Metaspace       used 10489K, capacity 10749K, committed 10880K, reserved 1058816K
  class space    used 1251K, capacity 1376K, committed 1408K, reserved 1048576K
}
Event: 1.388 GC heap before
{Heap before GC invocations=1 (full 0):
 garbage-first heap   total 65536K, used 8110K [0x00000000c1600000, 0x0000000100000000)
  region size 1024K, 5 young (5120K), 2 survivors (2048K)
 Metaspace       used 10825K, capacity 11069K, committed 11136K, reserved 1058816K
  class space    used 1270K, capacity 1376K, committed 1408K, reserved 1048576K
}
Event: 1.393 GC heap after
{Heap after GC invocations=2 (full 0):
 garbage-first heap   total 65536K, used 5383K [0x00000000c1600000, 0x0000000100000000)
  region size 1024K, 1 young (1024K), 1 survivors (1024K)
 Metaspace       used 10825K, capacity 11069K, committed 11136K, reserved 1058816K
  class space    used 1270K, capacity 1376K, committed 1408K, reserved 1048576K
}
Event: 1.879 GC heap before
{Heap before GC invocations=2 (full 0):
 garbage-first heap   total 65536K, used 23815K [0x00000000c1600000, 0x0000000100000000)
  region size 1024K, 19 young (19456K), 1 survivors (1024K)
 Metaspace       used 11209K, capacity 11460K, committed 11648K, reserved 1058816K
  class space    used 1272K, capacity 1377K, committed 1408K, reserved 1048576K
}
Event: 1.881 GC heap after
{Heap after GC invocations=3 (full 0):
 garbage-first heap   total 65536K, used 5781K [0x00000000c1600000, 0x0000000100000000)
  region size 1024K, 1 young (1024K), 1 survivors (1024K)
 Metaspace       used 11209K, capacity 11460K, committed 11648K, reserved 1058816K
  class space    used 1272K, capacity 1377K, committed 1408K, reserved 1048576K
}
Event: 2.572 GC heap before
{Heap before GC invocations=3 (full 0):
 garbage-first heap   total 65536K, used 30357K [0x00000000c1600000, 0x0000000100000000)
  region size 1024K, 26 young (26624K), 1 survivors (1024K)
 Metaspace       used 12261K, capacity 12591K, committed 12800K, reserved 1060864K
  class space    used 1379K, capacity 1521K, committed 1536K, reserved 1048576K
}
Event: 2.577 GC heap after
{Heap after GC invocations=4 (full 0):
 garbage-first heap   total 65536K, used 6452K [0x00000000c1600000, 0x0000000100000000)
  region size 1024K, 2 young (2048K), 2 survivors (2048K)
 Metaspace       used 12261K, capacity 12591K, committed 12800K, reserved 1060864K
  class space    used 1379K, capacity 1521K, committed 1536K, reserved 1048576K
}

Deoptimization events (20 events):
Event: 2.570 Thread 0x0000021577a04000 DEOPT PACKING pc=0x0000021500b1019f sp=0x000000573cafea40
Event: 2.570 Thread 0x0000021577a04000 DEOPT UNPACKING pc=0x000002150004964e sp=0x000000573cafdf10 mode 0
Event: 2.570 Thread 0x0000021577a04000 DEOPT PACKING pc=0x0000021500b1019f sp=0x000000573cafea40
Event: 2.570 Thread 0x0000021577a04000 DEOPT UNPACKING pc=0x000002150004964e sp=0x000000573cafdf10 mode 0
Event: 2.570 Thread 0x0000021577a04000 DEOPT PACKING pc=0x0000021500b1019f sp=0x000000573cafea40
Event: 2.570 Thread 0x0000021577a04000 DEOPT UNPACKING pc=0x000002150004964e sp=0x000000573cafdf10 mode 0
Event: 2.571 Thread 0x0000021577a04000 DEOPT PACKING pc=0x0000021500b1019f sp=0x000000573cafea40
Event: 2.571 Thread 0x0000021577a04000 DEOPT UNPACKING pc=0x000002150004964e sp=0x000000573cafdf10 mode 0
Event: 2.571 Thread 0x0000021577a04000 DEOPT PACKING pc=0x0000021500b1019f sp=0x000000573cafea40
Event: 2.571 Thread 0x0000021577a04000 DEOPT UNPACKING pc=0x000002150004964e sp=0x000000573cafdf10 mode 0
Event: 2.571 Thread 0x0000021577a04000 DEOPT PACKING pc=0x0000021500b1019f sp=0x000000573cafea40
Event: 2.571 Thread 0x0000021577a04000 DEOPT UNPACKING pc=0x000002150004964e sp=0x000000573cafdf10 mode 0
Event: 2.571 Thread 0x0000021577a04000 DEOPT PACKING pc=0x0000021500b1019f sp=0x000000573cafea40
Event: 2.571 Thread 0x0000021577a04000 DEOPT UNPACKING pc=0x000002150004964e sp=0x000000573cafdf10 mode 0
Event: 2.571 Thread 0x0000021577a04000 DEOPT PACKING pc=0x0000021500b1019f sp=0x000000573cafea40
Event: 2.571 Thread 0x0000021577a04000 DEOPT UNPACKING pc=0x000002150004964e sp=0x000000573cafdf10 mode 0
Event: 2.571 Thread 0x0000021577a04000 DEOPT PACKING pc=0x0000021500b1019f sp=0x000000573cafea40
Event: 2.571 Thread 0x0000021577a04000 DEOPT UNPACKING pc=0x000002150004964e sp=0x000000573cafdf10 mode 0
Event: 2.572 Thread 0x0000021577a04000 DEOPT PACKING pc=0x00000215007b8ce5 sp=0x000000573cafec10
Event: 2.572 Thread 0x0000021577a04000 DEOPT UNPACKING pc=0x000002150004964e sp=0x000000573cafe1a0 mode 0

Classes unloaded (0 events):
No events

Classes redefined (0 events):
No events

Internal exceptions (13 events):
Event: 0.328 Thread 0x0000021567b42800 Exception <a 'java/lang/ClassNotFoundException'{0x00000000c530b730}: sun/awt/resources/spi/awtProvider> (0x00000000c530b730) 
thrown [t:/workspace/open/src/hotspot/share/classfile/systemDictionary.cpp, line 232]
Event: 0.364 Thread 0x0000021567b42800 Exception <a 'java/io/FileNotFoundException'{0x00000000c5362820}> (0x00000000c5362820) 
thrown [t:/workspace/open/src/hotspot/share/prims/jni.cpp, line 598]
Event: 0.372 Thread 0x0000021567b42800 Exception <a 'java/io/FileNotFoundException'{0x00000000c5388e00}> (0x00000000c5388e00) 
thrown [t:/workspace/open/src/hotspot/share/prims/jni.cpp, line 598]
Event: 0.460 Thread 0x0000021577921000 Exception <a 'java/lang/NoSuchMethodError'{0x00000000c514d1f8}: 'void java.lang.invoke.DirectMethodHandle$Holder.invokeSpecial(java.lang.Object, java.lang.Object)'> (0x00000000c514d1f8) 
thrown [t:/workspace/open/src/hotspot/share/interpreter/linkResolver.cpp, line 767]
Event: 0.528 Thread 0x0000021577935800 Exception <a 'java/lang/NoSuchMethodError'{0x00000000c504aa88}: 'java.lang.Object java.lang.invoke.DirectMethodHandle$Holder.invokeStatic(java.lang.Object, int, java.lang.Object, java.lang.Object, java.lang.Object, java.lang.Object)'> (0x00000000c504aa88) 
thrown [t:/workspace/open/src/hotspot/share/interpreter/linkResolver.cpp, line 767]
Event: 0.529 Thread 0x0000021577935800 Exception <a 'java/lang/NoSuchMethodError'{0x00000000c50513e8}: 'java.lang.Object java.lang.invoke.DirectMethodHandle$Holder.invokeStatic(java.lang.Object, int, java.lang.Object, java.lang.Object, java.lang.Object)'> (0x00000000c50513e8) 
thrown [t:/workspace/open/src/hotspot/share/interpreter/linkResolver.cpp, line 767]
Event: 0.529 Thread 0x0000021577935800 Exception <a 'java/lang/NoSuchMethodError'{0x00000000c5054c50}: 'java.lang.Object java.lang.invoke.DirectMethodHandle$Holder.invokeSpecial(java.lang.Object, java.lang.Object, int, java.lang.Object, java.lang.Object, java.lang.Object)'> (0x00000000c5054c50) 
thrown [t:/workspace/open/src/hotspot/share/interpreter/linkResolver.cpp, line 767]
Event: 0.533 Thread 0x0000021577935800 Exception <a 'java/lang/NoSuchMethodError'{0x00000000c506af78}: 'java.lang.Object java.lang.invoke.DirectMethodHandle$Holder.invokeStatic(java.lang.Object, int, java.lang.Object)'> (0x00000000c506af78) 
thrown [t:/workspace/open/src/hotspot/share/interpreter/linkResolver.cpp, line 767]
Event: 0.560 Thread 0x0000021577935800 Exception <a 'java/lang/ClassNotFoundException'{0x00000000c4f0e560}: com/sun/swing/internal/plaf/metal/resources/spi/metalProvider> (0x00000000c4f0e560) 
thrown [t:/workspace/open/src/hotspot/share/classfile/systemDictionary.cpp, line 232]
Event: 0.562 Thread 0x0000021577935800 Exception <a 'java/lang/ClassNotFoundException'{0x00000000c4f12608}: com/sun/swing/internal/plaf/basic/resources/spi/basicProvider> (0x00000000c4f12608) 
thrown [t:/workspace/open/src/hotspot/share/classfile/systemDictionary.cpp, line 232]
Event: 0.755 Thread 0x0000021577935800 Exception <a 'java/net/UnknownHostException'{0x00000000c4f496f0}> (0x00000000c4f496f0) 
thrown [t:/workspace/open/src/hotspot/share/prims/jni.cpp, line 598]
Event: 2.548 Thread 0x0000021577935800 Exception <a 'java/lang/NoSuchMethodError'{0x00000000c3dd52b8}: 'void java.lang.invoke.DirectMethodHandle$Holder.invokeStaticInit(java.lang.Object)'> (0x00000000c3dd52b8) 
thrown [t:/workspace/open/src/hotspot/share/interpreter/linkResolver.cpp, line 767]
Event: 2.562 Thread 0x0000021577935800 Exception <a 'java/lang/NoSuchMethodError'{0x00000000c3dfc510}: 'java.lang.Object java.lang.invoke.Invokers$Holder.linkToTargetMethod(java.lang.Object, int, java.lang.Object)'> (0x00000000c3dfc510) 
thrown [t:/workspace/open/src/hotspot/share/interpreter/linkResolver.cpp, line 767]

Events (20 events):
Event: 2.556 loading class sun/awt/Symbol done
Event: 2.556 loading class sun/awt/Symbol$Encoder
Event: 2.556 loading class sun/awt/Symbol$Encoder done
Event: 2.556 Executing VM operation: RevokeBias
Event: 2.556 Executing VM operation: RevokeBias done
Event: 2.558 Executing VM operation: RevokeBias
Event: 2.558 Executing VM operation: RevokeBias done
Event: 2.562 Executing VM operation: RevokeBias
Event: 2.562 Executing VM operation: RevokeBias done
Event: 2.564 Executing VM operation: RevokeBias
Event: 2.564 Executing VM operation: RevokeBias done
Event: 2.571 Executing VM operation: RevokeBias
Event: 2.571 Executing VM operation: RevokeBias done
Event: 2.572 Executing VM operation: G1CollectForAllocation
Event: 2.577 Executing VM operation: G1CollectForAllocation done
Event: 2.581 Loaded shared library C:\Program Files\Java\jdk-13.0.2\bin\java.dll
Event: 2.582 Loaded shared library C:\Program Files\Java\jdk-13.0.2\bin\java.dll
Event: 2.584 Loaded shared library C:\Program Files\Java\jdk-13.0.2\bin\java.dll
Event: 2.585 Loaded shared library C:\Program Files\Java\jdk-13.0.2\bin\java.dll
Event: 2.586 Executing VM operation: RevokeBias


Dynamic libraries:
0x00007ff691540000 - 0x00007ff69154f000 	C:\Program Files\Java\jdk-13.0.2\bin\javaw.exe
0x00007ffebe800000 - 0x00007ffebe9f0000 	C:\Windows\SYSTEM32\ntdll.dll
0x00007ffebd880000 - 0x00007ffebd932000 	C:\Windows\System32\KERNEL32.DLL
0x00007ffebc350000 - 0x00007ffebc5f5000 	C:\Windows\System32\KERNELBASE.dll
0x00007ffebc250000 - 0x00007ffebc34a000 	C:\Windows\System32\ucrtbase.dll
0x00007ffeb6ab0000 - 0x00007ffeb6ac8000 	C:\Program Files\Java\jdk-13.0.2\bin\jli.dll
0x00007ffeb6ad0000 - 0x00007ffeb6ae5000 	C:\Program Files\Java\jdk-13.0.2\bin\VCRUNTIME140.dll
0x00007ffebdeb0000 - 0x00007ffebdf53000 	C:\Windows\System32\ADVAPI32.dll
0x00007ffebd010000 - 0x00007ffebd0ae000 	C:\Windows\System32\msvcrt.dll
0x00007ffebd3e0000 - 0x00007ffebd477000 	C:\Windows\System32\sechost.dll
0x00007ffebd4e0000 - 0x00007ffebd5ff000 	C:\Windows\System32\RPCRT4.dll
0x00007ffebe3f0000 - 0x00007ffebe584000 	C:\Windows\System32\USER32.dll
0x00007ffebc010000 - 0x00007ffebc031000 	C:\Windows\System32\win32u.dll
0x00007ffeacb60000 - 0x00007ffeacde4000 	C:\Windows\WinSxS\amd64_microsoft.windows.common-controls_6595b64144ccf1df_6.0.18362.1556_none_9e7e372fe45e41d5\COMCTL32.dll
0x00007ffebd940000 - 0x00007ffebd966000 	C:\Windows\System32\GDI32.dll
0x00007ffebd970000 - 0x00007ffebdca6000 	C:\Windows\System32\combase.dll
0x00007ffebc600000 - 0x00007ffebc798000 	C:\Windows\System32\gdi32full.dll
0x00007ffebc7a0000 - 0x00007ffebc821000 	C:\Windows\System32\bcryptPrimitives.dll
0x00007ffebbf70000 - 0x00007ffebc00e000 	C:\Windows\System32\msvcp_win.dll
0x00007ffeace20000 - 0x00007ffeace2a000 	C:\Windows\SYSTEM32\VERSION.dll
0x00007ffebc880000 - 0x00007ffebc8ae000 	C:\Windows\System32\IMM32.DLL
0x00007ffe9e310000 - 0x00007ffe9e3ab000 	C:\Program Files\Java\jdk-13.0.2\bin\msvcp140.dll
0x00007ffe8d5b0000 - 0x00007ffe8e10d000 	C:\Program Files\Java\jdk-13.0.2\bin\server\jvm.dll
0x00007ffebe720000 - 0x00007ffebe728000 	C:\Windows\System32\PSAPI.DLL
0x00007ffeb8f90000 - 0x00007ffeb8fb4000 	C:\Windows\SYSTEM32\WINMM.dll
0x00007ffeb6aa0000 - 0x00007ffeb6aa9000 	C:\Windows\SYSTEM32\WSOCK32.dll
0x00007ffebcfa0000 - 0x00007ffebd00f000 	C:\Windows\System32\WS2_32.dll
0x00007ffeb8f60000 - 0x00007ffeb8f8d000 	C:\Windows\SYSTEM32\WINMMBASE.dll
0x00007ffebc830000 - 0x00007ffebc87a000 	C:\Windows\System32\cfgmgr32.dll
0x00007ffebb6e0000 - 0x00007ffebb6f1000 	C:\Windows\System32\kernel.appcore.dll
0x00007ffeb6a90000 - 0x00007ffeb6aa0000 	C:\Program Files\Java\jdk-13.0.2\bin\verify.dll
0x00007ffeac3d0000 - 0x00007ffeac5c4000 	C:\Windows\SYSTEM32\DBGHELP.DLL
0x00007ffeac3a0000 - 0x00007ffeac3ca000 	C:\Windows\SYSTEM32\dbgcore.DLL
0x00007ffeae2f0000 - 0x00007ffeae316000 	C:\Program Files\Java\jdk-13.0.2\bin\java.dll
0x00007ffeb5430000 - 0x00007ffeb5447000 	C:\Program Files\Java\jdk-13.0.2\bin\zip.dll
0x00007ffeb6a40000 - 0x00007ffeb6a4a000 	C:\Program Files\Java\jdk-13.0.2\bin\jimage.dll
0x00007ffebc8b0000 - 0x00007ffebcf97000 	C:\Windows\System32\SHELL32.dll
0x00007ffebe590000 - 0x00007ffebe638000 	C:\Windows\System32\shcore.dll
0x00007ffebb7f0000 - 0x00007ffebbf6b000 	C:\Windows\System32\windows.storage.dll
0x00007ffebb700000 - 0x00007ffebb71e000 	C:\Windows\System32\profapi.dll
0x00007ffebb690000 - 0x00007ffebb6da000 	C:\Windows\System32\powrprof.dll
0x00007ffebb680000 - 0x00007ffebb690000 	C:\Windows\System32\UMPDC.dll
0x00007ffebd480000 - 0x00007ffebd4d2000 	C:\Windows\System32\shlwapi.dll
0x00007ffebc070000 - 0x00007ffebc087000 	C:\Windows\System32\cryptsp.dll
0x00007ffead4e0000 - 0x00007ffead4f9000 	C:\Program Files\Java\jdk-13.0.2\bin\net.dll
0x00007ffeb1b00000 - 0x00007ffeb1bfa000 	C:\Windows\SYSTEM32\WINHTTP.dll
0x00007ffebaec0000 - 0x00007ffebaf27000 	C:\Windows\system32\mswsock.dll
0x00007ffead2d0000 - 0x00007ffead2e3000 	C:\Program Files\Java\jdk-13.0.2\bin\nio.dll
0x00007ffe96b70000 - 0x00007ffe96d09000 	C:\Program Files\Java\jdk-13.0.2\bin\awt.dll
0x00007ffebd7b0000 - 0x00007ffebd875000 	C:\Windows\System32\OLEAUT32.dll
0x00007ffeb97f0000 - 0x00007ffeb987f000 	C:\Windows\SYSTEM32\apphelp.dll
0x00007ffeb99a0000 - 0x00007ffeb9a39000 	C:\Windows\system32\uxtheme.dll
0x00007ffebd670000 - 0x00007ffebd7a5000 	C:\Windows\System32\MSCTF.dll
0x00007ffebd0b0000 - 0x00007ffebd207000 	C:\Windows\System32\ole32.dll
0x00007ffeb9cf0000 - 0x00007ffeb9d1d000 	C:\Windows\system32\DWMAPI.DLL
0x00007ffe96a10000 - 0x00007ffe96b66000 	C:\Windows\system32\opengl32.dll
0x00007ffead5d0000 - 0x00007ffead5fc000 	C:\Windows\SYSTEM32\GLU32.dll
0x00007ffeba360000 - 0x00007ffeba380000 	C:\Windows\SYSTEM32\dxcore.dll
0x00007ffebac60000 - 0x00007ffebad2b000 	C:\Windows\SYSTEM32\DNSAPI.dll
0x00007ffebe3d0000 - 0x00007ffebe3d8000 	C:\Windows\System32\NSI.dll
0x00007ffebabd0000 - 0x00007ffebac0a000 	C:\Windows\SYSTEM32\IPHLPAPI.DLL
0x00007ffeb14f0000 - 0x00007ffeb14fa000 	C:\Windows\System32\rasadhlp.dll
0x00007ffe979f0000 - 0x00007ffe97a72000 	C:\Program Files\Java\jdk-13.0.2\bin\freetype.dll
0x00007ffe96e30000 - 0x00007ffe96ed6000 	C:\Program Files\Java\jdk-13.0.2\bin\fontmanager.dll

dbghelp: loaded successfully - version: 4.0.5 - missing functions: none
symbol engine: initialized successfully - sym options: 0x614 - pdb path: .;C:\Program Files\Java\jdk-13.0.2\bin;C:\Windows\SYSTEM32;C:\Windows\WinSxS\amd64_microsoft.windows.common-controls_6595b64144ccf1df_6.0.18362.1556_none_9e7e372fe45e41d5;C:\Program Files\Java\jdk-13.0.2\bin\server

VM Arguments:
jvm_args: -Dfile.encoding=Cp1252 
java_command: Application.Home
java_class_path (initial): C:\Users\User\Desktop\Programmes\Java\Workspace\DriveOperations\target\classes;C:\Users\User\Desktop\Libraries\jgoodies-common-1.8.0.jar;C:\Users\User\Desktop\Libraries\jgoodies-forms-1.8.0.jar;C:\Users\User\Desktop\Libraries\miglayout15-swing.jar;C:\Users\User\Downloads\javax.mail.jar;C:\Users\User\Downloads\activation-1.1.1.jar;C:\Users\User\Downloads\jcalendar-1.4.jar;C:\Users\User\Downloads\jfreechart-1.0.19\lib\jcommon-1.0.23.jar;C:\Users\User\Downloads\jfreechart-1.0.19\lib\jfreechart-1.0.19.jar;C:\Users\User\Downloads\commons-net-3.8.0\commons-net-3.8.0.jar;C:\Users\User\Documents\Libs\comm-2.0.jar;C:\Users\User\Documents\Libs\http-2.2.1.jar;C:\Users\User\Documents\Libs\mysql-connector-java-5.1.45.jar;C:\Users\User\Downloads\JTattoo-1.6.13.jar;C:\Users\User\Desktop\Libs\jmespath-java-1.11.470.jar;C:\Users\User\Desktop\Libs\aws-java-sdk-core-1.12.65.jar;C:\Users\User\Desktop\Libs\aws-java-sdk-kms-1.12.65.jar;C:\Users\User\Desktop\Libs\aws-java-sdk-s3-1.12.65.jar;C:\Users\User\Desktop\Libs\commons-codec-1.15.jar;C:\Users\User\Desktop\Libs\commons-logging-1.1.3.jar;C:\Users\User\Desktop\Libs\httpclient-4.5.13.jar;C:\Users\User\Desktop\Libs\ion-java-1.0.2.jar;C:\Users\User\Desktop\Libs\jackson-annotations-2.12.3.jar;C:\Users\User\Desktop\Libs\jackson-core-2.12.3.jar;C:\Users\User\Desktop\Libs\jackson-databind-2.12.3.jar;C:\Users\User\Desktop\Libs\jackson-dataformat-cbor-2.12.3.jar;C:\Users\User\Desktop\Libs\jmespath-java-1.12.65.jar;C:\Users\User\Desktop\Libs\joda-time-2.8.1.jar;C:\Users\User\.m2\repository\com\amazonaws\aws-java-sdk-s3\1.12.65\aws-java-sdk-s3-1.12.65.jar;C:\Users\User\.m2\repository\com\amazonaws\aws-java-sdk-kms\1.12.65\aws-java-sdk-kms-1.12.65.jar;C:\Users\User\.m2\repository\com\amazonaws\aws-java-sdk-core\1.12.65\aws-java-sdk-core-1.12.65.jar;C:\Users\User\.m2\repository\commons-logging\commons-logging\1.1.3\commons-logging-1.1.3.jar;C:\Users\User\.m2\repository\commons-codec\commons-codec\1.15\commons-codec-1.15
Launcher Type: SUN_STANDARD

[Global flags]
     intx CICompilerCount                          = 3                                         {product} {ergonomic}
     uint ConcGCThreads                            = 1                                         {product} {ergonomic}
     uint G1ConcRefinementThreads                  = 4                                         {product} {ergonomic}
   size_t G1HeapRegionSize                         = 1048576                                   {product} {ergonomic}
    uintx GCDrainStackTargetSize                   = 64                                        {product} {ergonomic}
   size_t InitialHeapSize                          = 67108864                                  {product} {ergonomic}
   size_t MarkStackSize                            = 4194304                                   {product} {ergonomic}
   size_t MaxHeapSize                              = 1050673152                                {product} {ergonomic}
   size_t MaxNewSize                               = 630194176                                 {product} {ergonomic}
   size_t MinHeapDeltaBytes                        = 1048576                                   {product} {ergonomic}
   size_t MinHeapSize                              = 8388608                                   {product} {ergonomic}
    uintx NonNMethodCodeHeapSize                   = 5832780                                {pd product} {ergonomic}
    uintx NonProfiledCodeHeapSize                  = 122912730                              {pd product} {ergonomic}
    uintx ProfiledCodeHeapSize                     = 122912730                              {pd product} {ergonomic}
    uintx ReservedCodeCacheSize                    = 251658240                              {pd product} {ergonomic}
     bool SegmentedCodeCache                       = true                                      {product} {ergonomic}
   size_t SoftMaxHeapSize                          = 1050673152                             {manageable} {ergonomic}
     bool UseCompressedClassPointers               = true                                 {lp64_product} {ergonomic}
     bool UseCompressedOops                        = true                                 {lp64_product} {ergonomic}
     bool UseG1GC                                  = true                                      {product} {ergonomic}
     bool UseLargePagesIndividualAllocation        = false                                  {pd product} {ergonomic}

Logging:
Log output configuration:
 #0: stdout all=warning uptime,level,tags
 #1: stderr all=off uptime,level,tags

Environment Variables:
JAVA_HOME=C:\Program Files (x86)\Java\jre1.8.0_241
PATH=C:\Program Files\Java\jdk-13.0.2\bin;C:\Program Files (x86)\Common Files\Oracle\Java\javapath;C:\Windows\system32;C:\Windows;C:\Windows\System32\Wbem;C:\Windows\System32\WindowsPowerShell\v1.0\;C:\Windows\System32\OpenSSH\;C:\Program Files (x86)\apache-maven-3.8.1\bin;C:\Program Files (x86)\gradle-7.1.1\bin;C:\Users\User\AppData\Local\Microsoft\WindowsApps;C:\Users\User\AppData\Local\Programs\Microsoft VS Code\bin;C:\Program Files (x86)\gradle-7.1.1\bin;C:\Users\User\Downloads\platform-tools;
USERNAME=User
OS=Windows_NT
PROCESSOR_IDENTIFIER=Intel64 Family 6 Model 42 Stepping 7, GenuineIntel



---------------  S Y S T E M  ---------------

OS: Windows 10 , 64 bit Build 18362 (10.0.18362.1500)

CPU:total 4 (initial active 4) (2 cores per cpu, 2 threads per core) family 6 model 42 stepping 7, cmov, cx8, fxsr, mmx, sse, sse2, sse3, ssse3, sse4.1, sse4.2, popcnt, avx, aes, clmul, ht, tsc, tscinvbit

Memory: 4k page, system-wide physical 4006M (510M free)
TotalPageFile size 16261M (AvailPageFile size 69M)
current process WorkingSet (physical memory assigned to process): 136M, peak: 142M
current process commit charge ("private bytes"): 205M, peak: 313M

vm_info: Java HotSpot(TM) 64-Bit Server VM (13.0.2+8) for windows-amd64 JRE (13.0.2+8), built on Dec 11 2019 09:20:33 by "mach5one" with unknown MS VC++:1916

END.
