#
# There is insufficient memory for the Java Runtime Environment to continue.
# Native memory allocation (mmap) failed to map 182452224 bytes for Failed to commit area from 0x00000000c5600000 to 0x00000000d0400000 of length 182452224.
# Possible reasons:
#   The system is out of physical RAM or swap space
#   The process is running with CompressedOops enabled, and the Java Heap may be blocking the growth of the native heap
# Possible solutions:
#   Reduce memory load on the system
#   Increase physical memory or swap space
#   Check if swap backing store is full
#   Decrease Java heap size (-Xmx/-Xms)
#   Decrease number of Java threads
#   Decrease Java thread stack sizes (-Xss)
#   Set larger code cache with -XX:ReservedCodeCacheSize=
#   JVM is running with Unscaled Compressed Oops mode in which the Java heap is
#     placed in the first 4GB address space. The Java Heap base address is the
#     maximum limit for the native heap growth. Please use -XX:HeapBaseMinAddress
#     to set the Java Heap base and to place the Java Heap above 4GB virtual address.
# This output file may be truncated or incomplete.
#
#  Out of Memory Error (t:/workspace/open/src/hotspot/os/windows/os_windows.cpp:3301), pid=10816, tid=5960
#
# JRE version: Java(TM) SE Runtime Environment (13.0.2+8) (build 13.0.2+8)
# Java VM: Java HotSpot(TM) 64-Bit Server VM (13.0.2+8, mixed mode, sharing, tiered, compressed oops, g1 gc, windows-amd64)
# No core dump will be written. Minidumps are not enabled by default on client versions of Windows
#

---------------  S U M M A R Y ------------

Command Line: -Dfile.encoding=Cp1252 Application.Home

Host: Intel(R) Core(TM) i5-2520M CPU @ 2.50GHz, 4 cores, 3G,  Windows 10 , 64 bit Build 18362 (10.0.18362.1500)
Time: Sat Jul  9 23:11:09 2022 Afrique de l?Est elapsed time: 3 seconds (0d 0h 0m 3s)

---------------  T H R E A D  ---------------

Current thread (0x0000021dc9720800):  JavaThread "Image Fetcher 1" daemon [_thread_in_vm, id=5960, stack(0x000000f488b00000,0x000000f488c00000)]

Stack: [0x000000f488b00000,0x000000f488c00000]
Native frames: (J=compiled Java code, j=interpreted, Vv=VM code, C=native code)
V  [jvm.dll+0x624f9a]
V  [jvm.dll+0x770cfa]
V  [jvm.dll+0x7724af]
V  [jvm.dll+0x772ab3]
V  [jvm.dll+0x24bf08]
V  [jvm.dll+0x6222aa]
V  [jvm.dll+0x6170b5]
V  [jvm.dll+0x30a88c]
V  [jvm.dll+0x30a6c2]
V  [jvm.dll+0x30fe36]
V  [jvm.dll+0x353f46]
V  [jvm.dll+0x353720]
V  [jvm.dll+0x2e5d5e]
V  [jvm.dll+0x2e16ff]
V  [jvm.dll+0x5be8b5]
V  [jvm.dll+0x5be33b]
V  [jvm.dll+0x1f48d5]
V  [jvm.dll+0x74b3a7]
V  [jvm.dll+0x3783ea]
C  0x0000021db387fd37

Java frames: (J=compiled Java code, j=interpreted, Vv=VM code)
j  java.awt.image.DataBufferInt.<init>(I)V+11 java.desktop@13.0.2
j  java.awt.image.Raster.createPackedRaster(III[ILjava/awt/Point;)Ljava/awt/image/WritableRaster;+69 java.desktop@13.0.2
j  java.awt.image.DirectColorModel.createCompatibleWritableRaster(II)Ljava/awt/image/WritableRaster;+83 java.desktop@13.0.2
j  sun.awt.image.ImageRepresentation.createBufferedImage()V+18 java.desktop@13.0.2
J 1794 c1 sun.awt.image.ImageRepresentation.setPixels(IIIILjava/awt/image/ColorModel;[III)V java.desktop@13.0.2 (527 bytes) @ 0x0000021db419a56c [0x0000021db419a1e0+0x000000000000038c]
J 1789 c1 sun.awt.image.ImageDecoder.setPixels(IIIILjava/awt/image/ColorModel;[III)I java.desktop@13.0.2 (58 bytes) @ 0x0000021db4197bc4 [0x0000021db4197680+0x0000000000000544]
j  sun.awt.image.JPEGImageDecoder.sendPixels([II)Z+14 java.desktop@13.0.2
v  ~StubRoutines::call_stub
j  sun.awt.image.JPEGImageDecoder.readImage(Ljava/io/InputStream;[B)V+0 java.desktop@13.0.2
j  sun.awt.image.JPEGImageDecoder.produceImage()V+10 java.desktop@13.0.2
j  sun.awt.image.InputStreamImageSource.doFetch()V+51 java.desktop@13.0.2
j  sun.awt.image.ImageFetcher.fetchloop()V+31 java.desktop@13.0.2
j  sun.awt.image.ImageFetcher.run()V+5 java.desktop@13.0.2
v  ~StubRoutines::call_stub

---------------  P R O C E S S  ---------------

Threads class SMR info:
_java_thread_list=0x0000021dc96a04f0, length=20, elements={
0x0000021dc7aee800, 0x0000021dc7af4000, 0x0000021dc7b0d800, 0x0000021dc7b10000,
0x0000021dc7b11000, 0x0000021dc7b1f000, 0x0000021dc7b14800, 0x0000021dc85b3000,
0x0000021dc85ba000, 0x0000021dc88a4800, 0x0000021dc89c3000, 0x0000021dc89c7000,
0x0000021dc88a9800, 0x0000021da9b95800, 0x0000021dc89e6000, 0x0000021dc89f9000,
0x0000021dc95f8000, 0x0000021dc9720000, 0x0000021dc9720800, 0x0000021dc98e7800
}

Java Threads: ( => current thread )
  0x0000021dc7aee800 JavaThread "Reference Handler" daemon [_thread_blocked, id=2404, stack(0x000000f487600000,0x000000f487700000)]
  0x0000021dc7af4000 JavaThread "Finalizer" daemon [_thread_blocked, id=8092, stack(0x000000f487700000,0x000000f487800000)]
  0x0000021dc7b0d800 JavaThread "Signal Dispatcher" daemon [_thread_blocked, id=10040, stack(0x000000f487800000,0x000000f487900000)]
  0x0000021dc7b10000 JavaThread "Attach Listener" daemon [_thread_blocked, id=9684, stack(0x000000f487900000,0x000000f487a00000)]
  0x0000021dc7b11000 JavaThread "C2 CompilerThread0" daemon [_thread_blocked, id=6736, stack(0x000000f487a00000,0x000000f487b00000)]
  0x0000021dc7b1f000 JavaThread "C1 CompilerThread0" daemon [_thread_blocked, id=7136, stack(0x000000f487b00000,0x000000f487c00000)]
  0x0000021dc7b14800 JavaThread "Sweeper thread" daemon [_thread_blocked, id=9636, stack(0x000000f487c00000,0x000000f487d00000)]
  0x0000021dc85b3000 JavaThread "Service Thread" daemon [_thread_blocked, id=8884, stack(0x000000f487d00000,0x000000f487e00000)]
  0x0000021dc85ba000 JavaThread "Common-Cleaner" daemon [_thread_blocked, id=12488, stack(0x000000f487f00000,0x000000f488000000)]
  0x0000021dc88a4800 JavaThread "Java2D Disposer" daemon [_thread_blocked, id=12820, stack(0x000000f488000000,0x000000f488100000)]
  0x0000021dc89c3000 JavaThread "AWT-Shutdown" [_thread_blocked, id=11684, stack(0x000000f488100000,0x000000f488200000)]
  0x0000021dc89c7000 JavaThread "AWT-Windows" daemon [_thread_in_native, id=4076, stack(0x000000f488200000,0x000000f488300000)]
  0x0000021dc88a9800 JavaThread "AWT-EventQueue-0" [_thread_blocked, id=860, stack(0x000000f488300000,0x000000f488400000)]
  0x0000021da9b95800 JavaThread "DestroyJavaVM" [_thread_blocked, id=13304, stack(0x000000f486f00000,0x000000f487000000)]
  0x0000021dc89e6000 JavaThread "Abandoned connection cleanup thread" daemon [_thread_blocked, id=12240, stack(0x000000f488400000,0x000000f488500000)]
  0x0000021dc89f9000 JavaThread "mysql-cj-abandoned-connection-cleanup" daemon [_thread_blocked, id=9532, stack(0x000000f488500000,0x000000f488600000)]
  0x0000021dc95f8000 JavaThread "Image Fetcher 0" daemon [_thread_blocked, id=2288, stack(0x000000f488600000,0x000000f488700000)]
  0x0000021dc9720000 JavaThread "TimerQueue" daemon [_thread_blocked, id=5412, stack(0x000000f488a00000,0x000000f488b00000)]
=>0x0000021dc9720800 JavaThread "Image Fetcher 1" daemon [_thread_in_vm, id=5960, stack(0x000000f488b00000,0x000000f488c00000)]
  0x0000021dc98e7800 JavaThread "C2 CompilerThread1" daemon [_thread_blocked, id=12228, stack(0x000000f488c00000,0x000000f488d00000)]

Other Threads:
  0x0000021dc7aed800 VMThread "VM Thread" [stack: 0x000000f487500000,0x000000f487600000] [id=2596]
  0x0000021dc85b8800 WatcherThread [stack: 0x000000f487e00000,0x000000f487f00000] [id=1688]
  0x0000021da9bc5000 GCTaskThread "GC Thread#0" [stack: 0x000000f487000000,0x000000f487100000] [id=9832]
  0x0000021dc8bb7800 GCTaskThread "GC Thread#1" [stack: 0x000000f488700000,0x000000f488800000] [id=780]
  0x0000021dc8f66800 GCTaskThread "GC Thread#2" [stack: 0x000000f488800000,0x000000f488900000] [id=11464]
  0x0000021dc8f67000 GCTaskThread "GC Thread#3" [stack: 0x000000f488900000,0x000000f488a00000] [id=5132]
  0x0000021da9bce800 ConcurrentGCThread "G1 Main Marker" [stack: 0x000000f487100000,0x000000f487200000] [id=8200]
  0x0000021da9bd1000 ConcurrentGCThread "G1 Conc#0" [stack: 0x000000f487200000,0x000000f487300000] [id=12944]
  0x0000021da9c24000 ConcurrentGCThread "G1 Refine#0" [stack: 0x000000f487300000,0x000000f487400000] [id=13296]
  0x0000021da9c26000 ConcurrentGCThread "G1 Young RemSet Sampling" [stack: 0x000000f487400000,0x000000f487500000] [id=12596]

Threads with active compile tasks:

VM state:not at safepoint (normal execution)

VM Mutex/Monitor currently owned by a thread:  ([mutex/lock_event])
[0x0000021da9b92150] Heap_lock - owner thread: 0x0000021dc9720800

Heap address: 0x00000000c1600000, size: 1002 MB, Compressed Oops mode: 32-bit
Narrow klass base: 0x0000000800000000, Narrow klass shift: 3
Compressed class space size: 1073741824 Address: 0x0000000800b40000

Heap:
 garbage-first heap   total 243712K, used 11967K [0x00000000c1600000, 0x0000000100000000)
  region size 1024K, 3 young (3072K), 3 survivors (3072K)
 Metaspace       used 19074K, capacity 19446K, committed 19584K, reserved 1067008K
  class space    used 2188K, capacity 2342K, committed 2432K, reserved 1048576K
Heap Regions: E=young(eden), S=young(survivor), O=old, HS=humongous(starts), HC=humongous(continues), CS=collection set, F=free, A=archive, TAMS=top-at-mark-start (previous, next)
|   0|0x00000000c1600000, 0x00000000c1700000, 0x00000000c1700000|100%| O|  |TAMS 0x00000000c1600000, 0x00000000c1700000| Untracked 
|   1|0x00000000c1700000, 0x00000000c1800000, 0x00000000c1800000|100%| O|  |TAMS 0x00000000c1700000, 0x00000000c1800000| Untracked 
|   2|0x00000000c1800000, 0x00000000c1900000, 0x00000000c1900000|100%| O|  |TAMS 0x00000000c1800000, 0x00000000c1900000| Untracked 
|   3|0x00000000c1900000, 0x00000000c1a00000, 0x00000000c1a00000|100%| O|  |TAMS 0x00000000c1900000, 0x00000000c1a00000| Untracked 
|   4|0x00000000c1a00000, 0x00000000c1b00000, 0x00000000c1b00000|100%| O|  |TAMS 0x00000000c1a00000, 0x00000000c1b00000| Untracked 
|   5|0x00000000c1b00000, 0x00000000c1c00000, 0x00000000c1c00000|100%| O|  |TAMS 0x00000000c1b00000, 0x00000000c1bb3200| Untracked 
|   6|0x00000000c1c00000, 0x00000000c1d00000, 0x00000000c1d00000|100%| O|  |TAMS 0x00000000c1c00000, 0x00000000c1c00000| Untracked 
|   7|0x00000000c1d00000, 0x00000000c1e00000, 0x00000000c1e00000|100%| O|  |TAMS 0x00000000c1d00000, 0x00000000c1d00000| Untracked 
|   8|0x00000000c1e00000, 0x00000000c1eafe00, 0x00000000c1f00000| 68%| O|  |TAMS 0x00000000c1e00000, 0x00000000c1e00000| Untracked 
|   9|0x00000000c1f00000, 0x00000000c1f00000, 0x00000000c2000000|  0%| F|  |TAMS 0x00000000c1f00000, 0x00000000c1f00000| Untracked 
|  10|0x00000000c2000000, 0x00000000c2000000, 0x00000000c2100000|  0%| F|  |TAMS 0x00000000c2000000, 0x00000000c2000000| Untracked 
|  11|0x00000000c2100000, 0x00000000c2100000, 0x00000000c2200000|  0%| F|  |TAMS 0x00000000c2100000, 0x00000000c2100000| Untracked 
|  12|0x00000000c2200000, 0x00000000c2200000, 0x00000000c2300000|  0%| F|  |TAMS 0x00000000c2200000, 0x00000000c2200000| Untracked 
|  13|0x00000000c2300000, 0x00000000c2300000, 0x00000000c2400000|  0%| F|  |TAMS 0x00000000c2300000, 0x00000000c2300000| Untracked 
|  14|0x00000000c2400000, 0x00000000c2400000, 0x00000000c2500000|  0%| F|  |TAMS 0x00000000c2400000, 0x00000000c2400000| Untracked 
|  15|0x00000000c2500000, 0x00000000c2500000, 0x00000000c2600000|  0%| F|  |TAMS 0x00000000c2500000, 0x00000000c2500000| Untracked 
|  16|0x00000000c2600000, 0x00000000c2600000, 0x00000000c2700000|  0%| F|  |TAMS 0x00000000c2600000, 0x00000000c2600000| Untracked 
|  17|0x00000000c2700000, 0x00000000c2700000, 0x00000000c2800000|  0%| F|  |TAMS 0x00000000c2700000, 0x00000000c2700000| Untracked 
|  18|0x00000000c2800000, 0x00000000c2800000, 0x00000000c2900000|  0%| F|  |TAMS 0x00000000c2800000, 0x00000000c2800000| Untracked 
|  19|0x00000000c2900000, 0x00000000c2900000, 0x00000000c2a00000|  0%| F|  |TAMS 0x00000000c2900000, 0x00000000c2900000| Untracked 
|  20|0x00000000c2a00000, 0x00000000c2a00000, 0x00000000c2b00000|  0%| F|  |TAMS 0x00000000c2a00000, 0x00000000c2a00000| Untracked 
|  21|0x00000000c2b00000, 0x00000000c2b00000, 0x00000000c2c00000|  0%| F|  |TAMS 0x00000000c2b00000, 0x00000000c2b00000| Untracked 
|  22|0x00000000c2c00000, 0x00000000c2c00000, 0x00000000c2d00000|  0%| F|  |TAMS 0x00000000c2c00000, 0x00000000c2c00000| Untracked 
|  23|0x00000000c2d00000, 0x00000000c2d00000, 0x00000000c2e00000|  0%| F|  |TAMS 0x00000000c2d00000, 0x00000000c2d00000| Untracked 
|  24|0x00000000c2e00000, 0x00000000c2e00000, 0x00000000c2f00000|  0%| F|  |TAMS 0x00000000c2e00000, 0x00000000c2e00000| Untracked 
|  25|0x00000000c2f00000, 0x00000000c2f00000, 0x00000000c3000000|  0%| F|  |TAMS 0x00000000c2f00000, 0x00000000c2f00000| Untracked 
|  26|0x00000000c3000000, 0x00000000c3000000, 0x00000000c3100000|  0%| F|  |TAMS 0x00000000c3000000, 0x00000000c3000000| Untracked 
|  27|0x00000000c3100000, 0x00000000c3100000, 0x00000000c3200000|  0%| F|  |TAMS 0x00000000c3100000, 0x00000000c3100000| Untracked 
|  28|0x00000000c3200000, 0x00000000c3200000, 0x00000000c3300000|  0%| F|  |TAMS 0x00000000c3200000, 0x00000000c3200000| Untracked 
|  29|0x00000000c3300000, 0x00000000c3300000, 0x00000000c3400000|  0%| F|  |TAMS 0x00000000c3300000, 0x00000000c3300000| Untracked 
|  30|0x00000000c3400000, 0x00000000c3400000, 0x00000000c3500000|  0%| F|  |TAMS 0x00000000c3400000, 0x00000000c3400000| Untracked 
|  31|0x00000000c3500000, 0x00000000c3500000, 0x00000000c3600000|  0%| F|  |TAMS 0x00000000c3500000, 0x00000000c3500000| Untracked 
|  32|0x00000000c3600000, 0x00000000c3600000, 0x00000000c3700000|  0%| F|  |TAMS 0x00000000c3600000, 0x00000000c3600000| Untracked 
|  33|0x00000000c3700000, 0x00000000c3700000, 0x00000000c3800000|  0%| F|  |TAMS 0x00000000c3700000, 0x00000000c3700000| Untracked 
|  34|0x00000000c3800000, 0x00000000c3800000, 0x00000000c3900000|  0%| F|  |TAMS 0x00000000c3800000, 0x00000000c3800000| Untracked 
|  35|0x00000000c3900000, 0x00000000c3900000, 0x00000000c3a00000|  0%| F|  |TAMS 0x00000000c3900000, 0x00000000c3900000| Untracked 
|  36|0x00000000c3a00000, 0x00000000c3a00000, 0x00000000c3b00000|  0%| F|  |TAMS 0x00000000c3a00000, 0x00000000c3a00000| Untracked 
|  37|0x00000000c3b00000, 0x00000000c3b00000, 0x00000000c3c00000|  0%| F|  |TAMS 0x00000000c3b00000, 0x00000000c3b00000| Untracked 
|  38|0x00000000c3c00000, 0x00000000c3c00000, 0x00000000c3d00000|  0%| F|  |TAMS 0x00000000c3c00000, 0x00000000c3c00000| Untracked 
|  39|0x00000000c3d00000, 0x00000000c3d00000, 0x00000000c3e00000|  0%| F|  |TAMS 0x00000000c3d00000, 0x00000000c3d00000| Untracked 
|  40|0x00000000c3e00000, 0x00000000c3e00000, 0x00000000c3f00000|  0%| F|  |TAMS 0x00000000c3e00000, 0x00000000c3e00000| Untracked 
|  41|0x00000000c3f00000, 0x00000000c4000000, 0x00000000c4000000|100%| S|CS|TAMS 0x00000000c3f00000, 0x00000000c3f00000| Complete 
|  42|0x00000000c4000000, 0x00000000c4100000, 0x00000000c4100000|100%| S|CS|TAMS 0x00000000c4000000, 0x00000000c4000000| Complete 
|  43|0x00000000c4100000, 0x00000000c4200000, 0x00000000c4200000|100%| S|CS|TAMS 0x00000000c4100000, 0x00000000c4100000| Complete 
|  44|0x00000000c4200000, 0x00000000c4200000, 0x00000000c4300000|  0%| F|  |TAMS 0x00000000c4200000, 0x00000000c4200000| Untracked 
|  45|0x00000000c4300000, 0x00000000c4300000, 0x00000000c4400000|  0%| F|  |TAMS 0x00000000c4300000, 0x00000000c4300000| Untracked 
|  46|0x00000000c4400000, 0x00000000c4400000, 0x00000000c4500000|  0%| F|  |TAMS 0x00000000c4400000, 0x00000000c4400000| Untracked 
|  47|0x00000000c4500000, 0x00000000c4500000, 0x00000000c4600000|  0%| F|  |TAMS 0x00000000c4500000, 0x00000000c4500000| Untracked 
|  48|0x00000000c4600000, 0x00000000c4600000, 0x00000000c4700000|  0%| F|  |TAMS 0x00000000c4600000, 0x00000000c4600000| Untracked 
|  49|0x00000000c4700000, 0x00000000c4700000, 0x00000000c4800000|  0%| F|  |TAMS 0x00000000c4700000, 0x00000000c4700000| Untracked 
|  50|0x00000000c4800000, 0x00000000c4800000, 0x00000000c4900000|  0%| F|  |TAMS 0x00000000c4800000, 0x00000000c4800000| Untracked 
|  51|0x00000000c4900000, 0x00000000c4900000, 0x00000000c4a00000|  0%| F|  |TAMS 0x00000000c4900000, 0x00000000c4900000| Untracked 
|  52|0x00000000c4a00000, 0x00000000c4a00000, 0x00000000c4b00000|  0%| F|  |TAMS 0x00000000c4a00000, 0x00000000c4a00000| Untracked 
|  53|0x00000000c4b00000, 0x00000000c4b00000, 0x00000000c4c00000|  0%| F|  |TAMS 0x00000000c4b00000, 0x00000000c4b00000| Untracked 
|  54|0x00000000c4c00000, 0x00000000c4c00000, 0x00000000c4d00000|  0%| F|  |TAMS 0x00000000c4c00000, 0x00000000c4c00000| Untracked 
|  55|0x00000000c4d00000, 0x00000000c4d00000, 0x00000000c4e00000|  0%| F|  |TAMS 0x00000000c4d00000, 0x00000000c4d00000| Untracked 
|  56|0x00000000c4e00000, 0x00000000c4e00000, 0x00000000c4f00000|  0%| F|  |TAMS 0x00000000c4e00000, 0x00000000c4e00000| Untracked 
|  57|0x00000000c4f00000, 0x00000000c4f00000, 0x00000000c5000000|  0%| F|  |TAMS 0x00000000c4f00000, 0x00000000c4f00000| Untracked 
|  58|0x00000000c5000000, 0x00000000c5000000, 0x00000000c5100000|  0%| F|  |TAMS 0x00000000c5000000, 0x00000000c5000000| Untracked 
|  59|0x00000000c5100000, 0x00000000c5100000, 0x00000000c5200000|  0%| F|  |TAMS 0x00000000c5100000, 0x00000000c5100000| Untracked 
|  60|0x00000000c5200000, 0x00000000c5200000, 0x00000000c5300000|  0%| F|  |TAMS 0x00000000c5200000, 0x00000000c5200000| Untracked 
|  61|0x00000000c5300000, 0x00000000c5300000, 0x00000000c5400000|  0%| F|  |TAMS 0x00000000c5300000, 0x00000000c5300000| Untracked 
|  62|0x00000000c5400000, 0x00000000c5400000, 0x00000000c5500000|  0%| F|  |TAMS 0x00000000c5400000, 0x00000000c5400000| Untracked 
|  63|0x00000000c5500000, 0x00000000c5500000, 0x00000000c5600000|  0%| F|  |TAMS 0x00000000c5500000, 0x00000000c5500000| Untracked 

Card table byte_map: [0x0000021dc31d0000,0x0000021dc33d0000] _byte_map_base: 0x0000021dc2bc5000

Marking Bits (Prev, Next): (CMBitMap*) 0x0000021da9bc5e18, (CMBitMap*) 0x0000021da9bc5e58
 Prev Bits: [0x0000021dc35d0000, 0x0000021dc4578000)
 Next Bits: [0x0000021dc4580000, 0x0000021dc5528000)

Polling page: 0x0000021da9c60000

Metaspace:

Usage:
  Non-class:     16.70 MB capacity,    16.49 MB ( 99%) used,   178.95 KB (  1%) free+waste,    39.06 KB ( <1%) overhead. 
      Class:      2.29 MB capacity,     2.14 MB ( 93%) used,   132.63 KB (  6%) free+waste,    21.00 KB ( <1%) overhead. 
       Both:     18.99 MB capacity,    18.63 MB ( 98%) used,   311.59 KB (  2%) free+waste,    60.06 KB ( <1%) overhead. 

Virtual space:
  Non-class space:       18.00 MB reserved,      16.75 MB ( 93%) committed 
      Class space:        1.00 GB reserved,       2.38 MB ( <1%) committed 
             Both:        1.02 GB reserved,      19.13 MB (  2%) committed 

Chunk freelists:
   Non-Class:  48.00 KB
       Class:  26.00 KB
        Both:  74.00 KB

MaxMetaspaceSize: 17179869184.00 GB
CompressedClassSpaceSize: 1.00 GB

CodeHeap 'non-profiled nmethods': size=120000Kb used=647Kb max_used=692Kb free=119352Kb
 bounds [0x0000021dbb330000, 0x0000021dbb5a0000, 0x0000021dc2860000]
CodeHeap 'profiled nmethods': size=120000Kb used=3453Kb max_used=3878Kb free=116546Kb
 bounds [0x0000021db3e00000, 0x0000021db41d0000, 0x0000021dbb330000]
CodeHeap 'non-nmethods': size=5760Kb used=1334Kb max_used=1375Kb free=4425Kb
 bounds [0x0000021db3860000, 0x0000021db3ad0000, 0x0000021db3e00000]
 total_blobs=3269 nmethods=1686 adapters=536
 compilation: enabled
              stopped_count=0, restarted_count=0
 full_count=0

Compilation events (20 events):
Event: 3.000 Thread 0x0000021dc7b1f000 1917       3       jdk.internal.reflect.ClassFileAssembler::setStack (25 bytes)
Event: 3.000 Thread 0x0000021dc7b1f000 nmethod 1917 0x0000021db3e12010 code [0x0000021db3e121c0, 0x0000021db3e12378]
Event: 3.001 Thread 0x0000021dc7b1f000 1916       3       java.util.stream.AbstractPipeline::<init> (55 bytes)
Event: 3.001 Thread 0x0000021dc7b1f000 nmethod 1916 0x0000021db3e26010 code [0x0000021db3e261c0, 0x0000021db3e26518]
Event: 3.001 Thread 0x0000021dc7b1f000 1918       3       jdk.internal.reflect.ReflectionFactory::newConstructorAccessor (154 bytes)
Event: 3.003 Thread 0x0000021dc7b1f000 nmethod 1918 0x0000021db3e2c510 code [0x0000021db3e2c8e0, 0x0000021db3e2e520]
Event: 3.006 Thread 0x0000021dc98e7800 nmethod 1835 0x0000021dbb3dd310 code [0x0000021dbb3dd560, 0x0000021dbb3df138]
Event: 3.006 Thread 0x0000021dc98e7800 1906 %     4       sun.awt.image.PNGImageDecoder::filterRow @ 249 (460 bytes)
Event: 3.020 Thread 0x0000021dc7b11000 

Event: 3.020 Thread 0x0000021dc7b11000 1902   !   4       sun.awt.image.ImageDecoder::nextConsumer (69 bytes)
Event: 3.020 Thread 0x0000021dc98e7800 nmethod 1906% 0x0000021dbb366010 code [0x0000021dbb3661a0, 0x0000021dbb3666d8]
Event: 3.020 Thread 0x0000021dc98e7800 1878       4       java.lang.Character::toUpperCaseEx (30 bytes)
Event: 3.022 Thread 0x0000021dc98e7800 nmethod 1878 0x0000021dbb36fb90 code [0x0000021dbb36fd20, 0x0000021dbb36fe38]
Event: 3.022 Thread 0x0000021dc98e7800 1912       4       java.awt.Component::getTreeLock (4 bytes)
Event: 3.022 Thread 0x0000021dc98e7800 nmethod 1912 0x0000021dbb34b390 code [0x0000021dbb34b520, 0x0000021dbb34b598]
Event: 3.022 Thread 0x0000021dc98e7800 1914       4       java.util.WeakHashMap::indexFor (6 bytes)
Event: 3.022 Thread 0x0000021dc98e7800 nmethod 1914 0x0000021dbb34d290 code [0x0000021dbb34d400, 0x0000021dbb34d458]
Event: 3.022 Thread 0x0000021dc98e7800 1900       4       java.lang.ThreadLocal::getMap (5 bytes)
Event: 3.023 Thread 0x0000021dc98e7800 nmethod 1900 0x0000021dbb3b5210 code [0x0000021dbb3b53a0, 0x0000021dbb3b5438]
Event: 3.023 Thread 0x0000021dc7b11000 nmethod 1902 0x0000021dbb378d90 code [0x0000021dbb378f20, 0x0000021dbb3792b8]

GC Heap History (6 events):
Event: 0.969 GC heap before
{Heap before GC invocations=0 (full 0):
 garbage-first heap   total 65536K, used 13312K [0x00000000c1600000, 0x0000000100000000)
  region size 1024K, 14 young (14336K), 0 survivors (0K)
 Metaspace       used 6279K, capacity 7143K, committed 7424K, reserved 1056768K
  class space    used 590K, capacity 684K, committed 768K, reserved 1048576K
}
Event: 0.977 GC heap after
{Heap after GC invocations=1 (full 0):
 garbage-first heap   total 65536K, used 5547K [0x00000000c1600000, 0x0000000100000000)
  region size 1024K, 2 young (2048K), 2 survivors (2048K)
 Metaspace       used 6279K, capacity 7143K, committed 7424K, reserved 1056768K
  class space    used 590K, capacity 684K, committed 768K, reserved 1048576K
}
Event: 1.899 GC heap before
{Heap before GC invocations=1 (full 0):
 garbage-first heap   total 65536K, used 14763K [0x00000000c1600000, 0x0000000100000000)
  region size 1024K, 11 young (11264K), 2 survivors (2048K)
 Metaspace       used 11580K, capacity 11836K, committed 12160K, reserved 1060864K
  class space    used 1215K, capacity 1313K, committed 1408K, reserved 1048576K
}
Event: 1.905 GC heap after
{Heap after GC invocations=2 (full 0):
 garbage-first heap   total 65536K, used 7884K [0x00000000c1600000, 0x0000000100000000)
  region size 1024K, 2 young (2048K), 2 survivors (2048K)
 Metaspace       used 11580K, capacity 11836K, committed 12160K, reserved 1060864K
  class space    used 1215K, capacity 1313K, committed 1408K, reserved 1048576K
}
Event: 3.008 GC heap before
{Heap before GC invocations=2 (full 0):
 garbage-first heap   total 65536K, used 24268K [0x00000000c1600000, 0x0000000100000000)
  region size 1024K, 20 young (20480K), 2 survivors (2048K)
 Metaspace       used 19074K, capacity 19446K, committed 19584K, reserved 1067008K
  class space    used 2188K, capacity 2342K, committed 2432K, reserved 1048576K
}
Event: 3.019 GC heap after
{Heap after GC invocations=3 (full 0):
 garbage-first heap   total 65536K, used 11967K [0x00000000c1600000, 0x0000000100000000)
  region size 1024K, 3 young (3072K), 3 survivors (3072K)
 Metaspace       used 19074K, capacity 19446K, committed 19584K, reserved 1067008K
  class space    used 2188K, capacity 2342K, committed 2432K, reserved 1048576K
}

Deoptimization events (20 events):
Event: 2.982 Thread 0x0000021dc95f8000 DEOPT PACKING pc=0x0000021db41940e9 sp=0x000000f4886fead0
Event: 2.982 Thread 0x0000021dc95f8000 DEOPT UNPACKING pc=0x0000021db38a964e sp=0x000000f4886fdf48 mode 0
Event: 2.982 Thread 0x0000021dc95f8000 DEOPT PACKING pc=0x0000021db41940e9 sp=0x000000f4886fead0
Event: 2.983 Thread 0x0000021dc95f8000 DEOPT UNPACKING pc=0x0000021db38a964e sp=0x000000f4886fdf48 mode 0
Event: 2.983 Thread 0x0000021dc95f8000 DEOPT PACKING pc=0x0000021db3f11f0d sp=0x000000f4886fece0
Event: 2.983 Thread 0x0000021dc95f8000 DEOPT UNPACKING pc=0x0000021db38a964e sp=0x000000f4886fe150 mode 0
Event: 2.983 Thread 0x0000021dc95f8000 DEOPT PACKING pc=0x0000021db41ac433 sp=0x000000f4886fed60
Event: 2.983 Thread 0x0000021dc95f8000 DEOPT UNPACKING pc=0x0000021db38a964e sp=0x000000f4886fe3c0 mode 0
Event: 2.986 Thread 0x0000021dc9720800 DEOPT PACKING pc=0x0000021db3f11f0d sp=0x000000f488bfec50
Event: 2.986 Thread 0x0000021dc9720800 DEOPT UNPACKING pc=0x0000021db38a964e sp=0x000000f488bfe0c0 mode 0
Event: 2.987 Thread 0x0000021dc9720800 DEOPT PACKING pc=0x0000021db41ac433 sp=0x000000f488bfecd0
Event: 2.987 Thread 0x0000021dc9720800 DEOPT UNPACKING pc=0x0000021db38a964e sp=0x000000f488bfe330 mode 0
Event: 2.987 Thread 0x0000021dc9720800 DEOPT PACKING pc=0x0000021db3f11f0d sp=0x000000f488bfedb0
Event: 2.987 Thread 0x0000021dc9720800 DEOPT UNPACKING pc=0x0000021db38a964e sp=0x000000f488bfe250 mode 0
Event: 2.990 Thread 0x0000021dc95f8000 DEOPT PACKING pc=0x0000021db41940e9 sp=0x000000f4886fead0
Event: 2.990 Thread 0x0000021dc95f8000 DEOPT UNPACKING pc=0x0000021db38a964e sp=0x000000f4886fdf48 mode 0
Event: 2.991 Thread 0x0000021dc95f8000 DEOPT PACKING pc=0x0000021db41940e9 sp=0x000000f4886fead0
Event: 2.991 Thread 0x0000021dc95f8000 DEOPT UNPACKING pc=0x0000021db38a964e sp=0x000000f4886fdf48 mode 0
Event: 2.991 Thread 0x0000021dc95f8000 DEOPT PACKING pc=0x0000021db41ac433 sp=0x000000f4886fed60
Event: 2.991 Thread 0x0000021dc95f8000 DEOPT UNPACKING pc=0x0000021db38a964e sp=0x000000f4886fe3c0 mode 0

Classes unloaded (0 events):
No events

Classes redefined (0 events):
No events

Internal exceptions (20 events):
Event: 1.211 Thread 0x0000021dc88a9800 Exception <a 'sun/nio/fs/WindowsException'{0x00000000c502daf8}> (0x00000000c502daf8) 
thrown [t:/workspace/open/src/hotspot/share/prims/jni.cpp, line 598]
Event: 1.213 Thread 0x0000021dc88a9800 Exception <a 'java/lang/NoSuchMethodError'{0x00000000c502f988}: 'int java.lang.invoke.DirectMethodHandle$Holder.invokeSpecialIFC(java.lang.Object, java.lang.Object, int)'> (0x00000000c502f988) 
thrown [t:/workspace/open/src/hotspot/share/interpreter/linkResolver.cpp, line 767]
Event: 1.230 Thread 0x0000021dc88a9800 Exception <a 'java/lang/NoSuchMethodError'{0x00000000c5058c60}: 'int java.lang.invoke.DirectMethodHandle$Holder.invokeStaticInit(java.lang.Object, java.lang.Object, java.lang.Object, java.lang.Object)'> (0x00000000c5058c60) 
thrown [t:/workspace/open/src/hotspot/share/interpreter/linkResolver.cpp, line 767]
Event: 1.232 Thread 0x0000021dc88a9800 Exception <a 'java/lang/IncompatibleClassChangeError'{0x00000000c5061758}: Found class java.lang.Object, but interface was expected> (0x00000000c5061758) 
thrown [t:/workspace/open/src/hotspot/share/interpreter/linkResolver.cpp, line 833]
Event: 1.233 Thread 0x0000021dc88a9800 Exception <a 'java/lang/NoSuchMethodError'{0x00000000c5064ba8}: 'void java.lang.invoke.DirectMethodHandle$Holder.invokeStaticInit(java.lang.Object, java.lang.Object)'> (0x00000000c5064ba8) 
thrown [t:/workspace/open/src/hotspot/share/interpreter/linkResolver.cpp, line 767]
Event: 1.235 Thread 0x0000021dc88a9800 Exception <a 'java/lang/NoSuchMethodError'{0x00000000c506a488}: 'int java.lang.invoke.DirectMethodHandle$Holder.invokeStaticInit(java.lang.Object, java.lang.Object)'> (0x00000000c506a488) 
thrown [t:/workspace/open/src/hotspot/share/interpreter/linkResolver.cpp, line 767]
Event: 1.718 Thread 0x0000021dc88a9800 Exception <a 'java/lang/NoSuchMethodError'{0x00000000c4e678c0}: 'java.lang.Object java.lang.invoke.DirectMethodHandle$Holder.invokeStaticInit(java.lang.Object, java.lang.Object, int, int, int, int)'> (0x00000000c4e678c0) 
thrown [t:/workspace/open/src/hotspot/share/interpreter/linkResolver.cpp, line 767]
Event: 1.897 Thread 0x0000021dc88a9800 Exception <a 'java/lang/NullPointerException'{0x00000000c4def368}> (0x00000000c4def368) 
thrown [t:/workspace/open/src/hotspot/share/interpreter/linkResolver.cpp, line 1349]
Event: 1.898 Thread 0x0000021dc88a9800 Exception <a 'java/lang/reflect/InvocationTargetException'{0x00000000c4df2f98}> (0x00000000c4df2f98) 
thrown [t:/workspace/open/src/hotspot/share/runtime/reflection.cpp, line 1188]
Event: 1.953 Thread 0x0000021dc88a9800 Exception <a 'java/lang/NoSuchMethodError'{0x00000000c546d4a0}: 'java.lang.Object java.lang.invoke.DirectMethodHandle$Holder.invokeVirtual(java.lang.Object, java.lang.Object, java.lang.Object)'> (0x00000000c546d4a0) 
thrown [t:/workspace/open/src/hotspot/share/interpreter/linkResolver.cpp, line 767]
Event: 2.529 Thread 0x0000021dc88a9800 Exception <a 'java/lang/NoSuchMethodError'{0x00000000c48022b0}: 'java.lang.Object java.lang.invoke.DirectMethodHandle$Holder.invokeStatic(java.lang.Object, int, java.lang.Object, java.lang.Object, java.lang.Object, java.lang.Object)'> (0x00000000c48022b0) 
thrown [t:/workspace/open/src/hotspot/share/interpreter/linkResolver.cpp, line 767]
Event: 2.530 Thread 0x0000021dc88a9800 Exception <a 'java/lang/NoSuchMethodError'{0x00000000c4808c18}: 'java.lang.Object java.lang.invoke.DirectMethodHandle$Holder.invokeStatic(java.lang.Object, int, java.lang.Object, java.lang.Object, java.lang.Object)'> (0x00000000c4808c18) 
thrown [t:/workspace/open/src/hotspot/share/interpreter/linkResolver.cpp, line 767]
Event: 2.530 Thread 0x0000021dc88a9800 Exception <a 'java/lang/NoSuchMethodError'{0x00000000c480c480}: 'java.lang.Object java.lang.invoke.DirectMethodHandle$Holder.invokeSpecial(java.lang.Object, java.lang.Object, int, java.lang.Object, java.lang.Object, java.lang.Object)'> (0x00000000c480c480) 
thrown [t:/workspace/open/src/hotspot/share/interpreter/linkResolver.cpp, line 767]
Event: 2.536 Thread 0x0000021dc88a9800 Exception <a 'java/lang/NoSuchMethodError'{0x00000000c48227c0}: 'java.lang.Object java.lang.invoke.DirectMethodHandle$Holder.invokeStatic(java.lang.Object, int, java.lang.Object)'> (0x00000000c48227c0) 
thrown [t:/workspace/open/src/hotspot/share/interpreter/linkResolver.cpp, line 767]
Event: 2.569 Thread 0x0000021dc88a9800 Exception <a 'java/lang/ClassNotFoundException'{0x00000000c48c88d0}: com/sun/swing/internal/plaf/metal/resources/spi/metalProvider> (0x00000000c48c88d0) 
thrown [t:/workspace/open/src/hotspot/share/classfile/systemDictionary.cpp, line 232]
Event: 2.571 Thread 0x0000021dc88a9800 Exception <a 'java/lang/ClassNotFoundException'{0x00000000c48cc978}: com/sun/swing/internal/plaf/basic/resources/spi/basicProvider> (0x00000000c48cc978) 
thrown [t:/workspace/open/src/hotspot/share/classfile/systemDictionary.cpp, line 232]
Event: 2.580 Thread 0x0000021dc88a9800 Implicit null exception at 0x0000021dbb3b5085 to 0x0000021dbb3b5276
Event: 2.580 Thread 0x0000021dc88a9800 Implicit null exception at 0x0000021dbb381268 to 0x0000021dbb3812fa
Event: 2.584 Thread 0x0000021dc88a9800 Implicit null exception at 0x0000021dbb37382f to 0x0000021dbb3738ad
Event: 2.594 Thread 0x0000021dc88a9800 Exception <a 'java/net/UnknownHostException'{0x00000000c48ea1c0}> (0x00000000c48ea1c0) 
thrown [t:/workspace/open/src/hotspot/share/prims/jni.cpp, line 598]

Events (20 events):
Event: 2.998 loading class elements/RoundLabel done
Event: 3.000 loading class java/awt/Composite
Event: 3.000 loading class java/awt/Composite done
Event: 3.001 Executing VM operation: RevokeBias
Event: 3.001 Executing VM operation: RevokeBias done
Event: 3.001 loading class sun/awt/image/JPEGImageDecoder
Event: 3.001 loading class sun/awt/image/JPEGImageDecoder done
Event: 3.001 loading class sun/awt/image/JPEGImageDecoder$1
Event: 3.002 loading class sun/awt/image/JPEGImageDecoder$1 done
Event: 3.002 Executing VM operation: HandshakeAllThreads
Event: 3.003 Loaded shared library C:\Program Files\Java\jdk-13.0.2\bin\javajpeg.dll
Event: 3.003 Executing VM operation: HandshakeAllThreads done
Event: 3.004 Thread 0x0000021dc7b14800 flushing nmethod 0x0000021db3e3b790
Event: 3.004 Executing VM operation: RevokeBias
Event: 3.005 Executing VM operation: RevokeBias done
Event: 3.007 Thread 0x0000021dc7b14800 flushing nmethod 0x0000021db4190790
Event: 3.007 Executing VM operation: RevokeBias
Event: 3.007 Executing VM operation: RevokeBias done
Event: 3.008 Executing VM operation: G1CollectForAllocation
Event: 3.019 Executing VM operation: G1CollectForAllocation done


Dynamic libraries:
0x00007ff7e2ff0000 - 0x00007ff7e2fff000 	C:\Program Files\Java\jdk-13.0.2\bin\javaw.exe
0x00007ffd870a0000 - 0x00007ffd87290000 	C:\Windows\SYSTEM32\ntdll.dll
0x00007ffd851f0000 - 0x00007ffd852a2000 	C:\Windows\System32\KERNEL32.DLL
0x00007ffd84de0000 - 0x00007ffd85085000 	C:\Windows\System32\KERNELBASE.dll
0x00007ffd844f0000 - 0x00007ffd845ea000 	C:\Windows\System32\ucrtbase.dll
0x00007ffd80760000 - 0x00007ffd80775000 	C:\Program Files\Java\jdk-13.0.2\bin\VCRUNTIME140.dll
0x00007ffd7faf0000 - 0x00007ffd7fb08000 	C:\Program Files\Java\jdk-13.0.2\bin\jli.dll
0x00007ffd85500000 - 0x00007ffd855a3000 	C:\Windows\System32\ADVAPI32.dll
0x00007ffd869b0000 - 0x00007ffd86a4e000 	C:\Windows\System32\msvcrt.dll
0x00007ffd86910000 - 0x00007ffd869a7000 	C:\Windows\System32\sechost.dll
0x00007ffd85380000 - 0x00007ffd8549f000 	C:\Windows\System32\RPCRT4.dll
0x00007ffd86da0000 - 0x00007ffd86f34000 	C:\Windows\System32\USER32.dll
0x00007ffd84360000 - 0x00007ffd84381000 	C:\Windows\System32\win32u.dll
0x00007ffd72420000 - 0x00007ffd726a4000 	C:\Windows\WinSxS\amd64_microsoft.windows.common-controls_6595b64144ccf1df_6.0.18362.1556_none_9e7e372fe45e41d5\COMCTL32.dll
0x00007ffd85f60000 - 0x00007ffd85f86000 	C:\Windows\System32\GDI32.dll
0x00007ffd86a60000 - 0x00007ffd86d96000 	C:\Windows\System32\combase.dll
0x00007ffd841c0000 - 0x00007ffd84358000 	C:\Windows\System32\gdi32full.dll
0x00007ffd84120000 - 0x00007ffd841be000 	C:\Windows\System32\msvcp_win.dll
0x00007ffd83fe0000 - 0x00007ffd84061000 	C:\Windows\System32\bcryptPrimitives.dll
0x00007ffd73b50000 - 0x00007ffd73b5a000 	C:\Windows\SYSTEM32\VERSION.dll
0x00007ffd86f40000 - 0x00007ffd86f6e000 	C:\Windows\System32\IMM32.DLL
0x00007ffd64b50000 - 0x00007ffd64beb000 	C:\Program Files\Java\jdk-13.0.2\bin\msvcp140.dll
0x00007ffd528c0000 - 0x00007ffd5341d000 	C:\Program Files\Java\jdk-13.0.2\bin\server\jvm.dll
0x00007ffd85680000 - 0x00007ffd85688000 	C:\Windows\System32\PSAPI.DLL
0x00007ffd75950000 - 0x00007ffd75959000 	C:\Windows\SYSTEM32\WSOCK32.dll
0x00007ffd819e0000 - 0x00007ffd81a04000 	C:\Windows\SYSTEM32\WINMM.dll
0x00007ffd85710000 - 0x00007ffd8577f000 	C:\Windows\System32\WS2_32.dll
0x00007ffd819b0000 - 0x00007ffd819dd000 	C:\Windows\SYSTEM32\winmmbase.dll
0x00007ffd84d90000 - 0x00007ffd84dda000 	C:\Windows\System32\cfgmgr32.dll
0x00007ffd83f30000 - 0x00007ffd83f41000 	C:\Windows\System32\kernel.appcore.dll
0x00007ffd80840000 - 0x00007ffd80850000 	C:\Program Files\Java\jdk-13.0.2\bin\verify.dll
0x00007ffd72e10000 - 0x00007ffd73004000 	C:\Windows\SYSTEM32\DBGHELP.DLL
0x00007ffd72db0000 - 0x00007ffd72dda000 	C:\Windows\SYSTEM32\dbgcore.DLL
0x00007ffd7db50000 - 0x00007ffd7db76000 	C:\Program Files\Java\jdk-13.0.2\bin\java.dll
0x00007ffd7f020000 - 0x00007ffd7f037000 	C:\Program Files\Java\jdk-13.0.2\bin\zip.dll
0x00007ffd7fae0000 - 0x00007ffd7faea000 	C:\Program Files\Java\jdk-13.0.2\bin\jimage.dll
0x00007ffd860d0000 - 0x00007ffd867b7000 	C:\Windows\System32\SHELL32.dll
0x00007ffd86f70000 - 0x00007ffd87018000 	C:\Windows\System32\shcore.dll
0x00007ffd84610000 - 0x00007ffd84d8b000 	C:\Windows\System32\windows.storage.dll
0x00007ffd83f50000 - 0x00007ffd83f6e000 	C:\Windows\System32\profapi.dll
0x00007ffd83f90000 - 0x00007ffd83fda000 	C:\Windows\System32\powrprof.dll
0x00007ffd83f20000 - 0x00007ffd83f30000 	C:\Windows\System32\UMPDC.dll
0x00007ffd85bf0000 - 0x00007ffd85c42000 	C:\Windows\System32\shlwapi.dll
0x00007ffd845f0000 - 0x00007ffd84607000 	C:\Windows\System32\cryptsp.dll
0x00007ffd7e8e0000 - 0x00007ffd7e8f9000 	C:\Program Files\Java\jdk-13.0.2\bin\net.dll
0x00007ffd7a360000 - 0x00007ffd7a45a000 	C:\Windows\SYSTEM32\WINHTTP.dll
0x00007ffd83760000 - 0x00007ffd837c7000 	C:\Windows\system32\mswsock.dll
0x00007ffd7e770000 - 0x00007ffd7e783000 	C:\Program Files\Java\jdk-13.0.2\bin\nio.dll
0x00007ffd5f010000 - 0x00007ffd5f1a9000 	C:\Program Files\Java\jdk-13.0.2\bin\awt.dll
0x00007ffd867c0000 - 0x00007ffd86885000 	C:\Windows\System32\OLEAUT32.dll
0x00007ffd82060000 - 0x00007ffd820ef000 	C:\Windows\SYSTEM32\apphelp.dll
0x00007ffd82240000 - 0x00007ffd822d9000 	C:\Windows\system32\uxtheme.dll
0x00007ffd85f90000 - 0x00007ffd860c5000 	C:\Windows\System32\MSCTF.dll
0x00007ffd85c50000 - 0x00007ffd85da7000 	C:\Windows\System32\ole32.dll
0x00007ffd834b0000 - 0x00007ffd8357b000 	C:\Windows\SYSTEM32\DNSAPI.dll
0x00007ffd87020000 - 0x00007ffd87028000 	C:\Windows\System32\NSI.dll
0x00007ffd83470000 - 0x00007ffd834aa000 	C:\Windows\SYSTEM32\IPHLPAPI.DLL
0x00007ffd7aa00000 - 0x00007ffd7aa0a000 	C:\Windows\System32\rasadhlp.dll
0x00007ffd7ae60000 - 0x00007ffd7aed7000 	C:\Windows\System32\fwpuclnt.dll
0x00007ffd85090000 - 0x00007ffd850b6000 	C:\Windows\System32\bcrypt.dll
0x00007ffd7fad0000 - 0x00007ffd7fade000 	C:\Program Files\Java\jdk-13.0.2\bin\sunmscapi.dll
0x00007ffd84390000 - 0x00007ffd844e1000 	C:\Windows\System32\CRYPT32.dll
0x00007ffd83f70000 - 0x00007ffd83f82000 	C:\Windows\System32\MSASN1.dll
0x00007ffd83a40000 - 0x00007ffd83a66000 	C:\Windows\SYSTEM32\ncrypt.dll
0x00007ffd83a00000 - 0x00007ffd83a3b000 	C:\Windows\SYSTEM32\NTASN1.dll
0x00007ffd755b0000 - 0x00007ffd755d5000 	C:\Program Files\Java\jdk-13.0.2\bin\sunec.dll
0x00007ffd832e0000 - 0x00007ffd83313000 	C:\Windows\system32\rsaenh.dll
0x00007ffd83e10000 - 0x00007ffd83e35000 	C:\Windows\SYSTEM32\USERENV.dll
0x00007ffd83930000 - 0x00007ffd8393c000 	C:\Windows\SYSTEM32\CRYPTBASE.dll
0x00007ffd7af40000 - 0x00007ffd7af56000 	C:\Windows\SYSTEM32\dhcpcsvc6.DLL
0x00007ffd7b040000 - 0x00007ffd7b05c000 	C:\Windows\SYSTEM32\dhcpcsvc.DLL
0x00007ffd82590000 - 0x00007ffd825bd000 	C:\Windows\system32\DWMAPI.DLL
0x00007ffd55870000 - 0x00007ffd559c6000 	C:\Windows\system32\opengl32.dll
0x00007ffd5e840000 - 0x00007ffd5e86c000 	C:\Windows\SYSTEM32\GLU32.dll
0x00007ffd82c30000 - 0x00007ffd82c50000 	C:\Windows\SYSTEM32\dxcore.dll
0x00007ffd74750000 - 0x00007ffd7477d000 	C:\Program Files\Java\jdk-13.0.2\bin\javajpeg.dll

dbghelp: loaded successfully - version: 4.0.5 - missing functions: none
symbol engine: initialized successfully - sym options: 0x614 - pdb path: .;C:\Program Files\Java\jdk-13.0.2\bin;C:\Windows\SYSTEM32;C:\Windows\WinSxS\amd64_microsoft.windows.common-controls_6595b64144ccf1df_6.0.18362.1556_none_9e7e372fe45e41d5;C:\Program Files\Java\jdk-13.0.2\bin\server

VM Arguments:
jvm_args: -Dfile.encoding=Cp1252 
java_command: Application.Home
java_class_path (initial): C:\Users\User\git\bakame\DriveOperations\target\classes;C:\Users\User\Desktop\Libraries\jgoodies-common-1.8.0.jar;C:\Users\User\Desktop\Libraries\jgoodies-forms-1.8.0.jar;C:\Users\User\Desktop\Libraries\miglayout15-swing.jar;C:\Users\User\Downloads\javax.mail.jar;C:\Users\User\Downloads\activation-1.1.1.jar;C:\Users\User\Downloads\jcalendar-1.4.jar;C:\Users\User\Downloads\jfreechart-1.0.19\lib\jcommon-1.0.23.jar;C:\Users\User\Downloads\jfreechart-1.0.19\lib\jfreechart-1.0.19.jar;C:\Users\User\Downloads\commons-net-3.8.0\commons-net-3.8.0.jar;C:\Users\User\Documents\Libs\comm-2.0.jar;C:\Users\User\Documents\Libs\http-2.2.1.jar;C:\Users\User\Downloads\JTattoo-1.6.13.jar;C:\Users\User\Desktop\Libs\jmespath-java-1.11.470.jar;C:\Users\User\Desktop\Libs\aws-java-sdk-core-1.12.65.jar;C:\Users\User\Desktop\Libs\aws-java-sdk-kms-1.12.65.jar;C:\Users\User\Desktop\Libs\aws-java-sdk-s3-1.12.65.jar;C:\Users\User\Desktop\Libs\commons-codec-1.15.jar;C:\Users\User\Desktop\Libs\commons-logging-1.1.3.jar;C:\Users\User\Desktop\Libs\httpclient-4.5.13.jar;C:\Users\User\Desktop\Libs\ion-java-1.0.2.jar;C:\Users\User\Desktop\Libs\jackson-annotations-2.12.3.jar;C:\Users\User\Desktop\Libs\jackson-core-2.12.3.jar;C:\Users\User\Desktop\Libs\jackson-databind-2.12.3.jar;C:\Users\User\Desktop\Libs\jackson-dataformat-cbor-2.12.3.jar;C:\Users\User\Desktop\Libs\jmespath-java-1.12.65.jar;C:\Users\User\Desktop\Libs\joda-time-2.8.1.jar;C:\Users\User\Desktop\Libs\mysql-connector-java-5.1.45.jar;C:\Users\User\.m2\repository\com\amazonaws\aws-java-sdk-s3\1.12.65\aws-java-sdk-s3-1.12.65.jar;C:\Users\User\.m2\repository\com\amazonaws\aws-java-sdk-kms\1.12.65\aws-java-sdk-kms-1.12.65.jar;C:\Users\User\.m2\repository\com\amazonaws\aws-java-sdk-core\1.12.65\aws-java-sdk-core-1.12.65.jar;C:\Users\User\.m2\repository\commons-logging\commons-logging\1.1.3\commons-logging-1.1.3.jar;C:\Users\User\.m2\repository\commons-codec\commons-codec\1.15\commons-codec-1.15.jar;C:\Users\User\.m2\re
Launcher Type: SUN_STANDARD

[Global flags]
     intx CICompilerCount                          = 3                                         {product} {ergonomic}
     uint ConcGCThreads                            = 1                                         {product} {ergonomic}
     uint G1ConcRefinementThreads                  = 4                                         {product} {ergonomic}
   size_t G1HeapRegionSize                         = 1048576                                   {product} {ergonomic}
    uintx GCDrainStackTargetSize                   = 64                                        {product} {ergonomic}
   size_t InitialHeapSize                          = 67108864                                  {product} {ergonomic}
   size_t MarkStackSize                            = 4194304                                   {product} {ergonomic}
   size_t MaxHeapSize                              = 1050673152                                {product} {ergonomic}
   size_t MaxNewSize                               = 630194176                                 {product} {ergonomic}
   size_t MinHeapDeltaBytes                        = 1048576                                   {product} {ergonomic}
   size_t MinHeapSize                              = 8388608                                   {product} {ergonomic}
    uintx NonNMethodCodeHeapSize                   = 5832780                                {pd product} {ergonomic}
    uintx NonProfiledCodeHeapSize                  = 122912730                              {pd product} {ergonomic}
    uintx ProfiledCodeHeapSize                     = 122912730                              {pd product} {ergonomic}
    uintx ReservedCodeCacheSize                    = 251658240                              {pd product} {ergonomic}
     bool SegmentedCodeCache                       = true                                      {product} {ergonomic}
   size_t SoftMaxHeapSize                          = 1050673152                             {manageable} {ergonomic}
     bool UseCompressedClassPointers               = true                                 {lp64_product} {ergonomic}
     bool UseCompressedOops                        = true                                 {lp64_product} {ergonomic}
     bool UseG1GC                                  = true                                      {product} {ergonomic}
     bool UseLargePagesIndividualAllocation        = false                                  {pd product} {ergonomic}

Logging:
Log output configuration:
 #0: stdout all=warning uptime,level,tags
 #1: stderr all=off uptime,level,tags

Environment Variables:
JAVA_HOME=C:\Program Files (x86)\Java\jre1.8.0_241
PATH=C:\Program Files\Java\jdk-13.0.2\bin;C:\Program Files (x86)\Common Files\Oracle\Java\javapath;C:\Windows\system32;C:\Windows;C:\Windows\System32\Wbem;C:\Windows\System32\WindowsPowerShell\v1.0\;C:\Windows\System32\OpenSSH\;C:\Program Files (x86)\apache-maven-3.8.1\bin;C:\Program Files (x86)\gradle-7.1.1\bin;C:\Users\User\Documents\Setup logiciels\mongosh-1.1.2-win32-x64\bin;C:\Program Files\Git\cmd;C:\Program Files\MySQL\MySQL Shell 8.0\bin\;C:\Users\User\AppData\Local\Microsoft\WindowsApps;C:\Users\User\AppData\Local\Programs\Microsoft VS Code\bin;C:\Program Files (x86)\gradle-7.1.1\bin;C:\Users\User\Downloads\platform-tools;C:\Users\User\Documents\Setup logiciels\mongosh-1.1.2-win32-x64\bin;C:\Users\User\AppData\Local\GitHubDesktop\bin;C:\Program Files\JetBrains\IntelliJ IDEA 2022.1.1\bin;
USERNAME=User
OS=Windows_NT
PROCESSOR_IDENTIFIER=Intel64 Family 6 Model 42 Stepping 7, GenuineIntel



---------------  S Y S T E M  ---------------

OS: Windows 10 , 64 bit Build 18362 (10.0.18362.1500)

CPU:total 4 (initial active 4) (2 cores per cpu, 2 threads per core) family 6 model 42 stepping 7, cmov, cx8, fxsr, mmx, sse, sse2, sse3, ssse3, sse4.1, sse4.2, popcnt, avx, aes, clmul, ht, tsc, tscinvbit

Memory: 4k page, system-wide physical 4006M (398M free)
TotalPageFile size 16294M (AvailPageFile size 53M)
current process WorkingSet (physical memory assigned to process): 114M, peak: 115M
current process commit charge ("private bytes"): 179M, peak: 353M

vm_info: Java HotSpot(TM) 64-Bit Server VM (13.0.2+8) for windows-amd64 JRE (13.0.2+8), built on Dec 11 2019 09:20:33 by "mach5one" with unknown MS VC++:1916

END.
