#
# There is insufficient memory for the Java Runtime Environment to continue.
# Native memory allocation (malloc) failed to allocate 1286096 bytes for Chunk::new
# Possible reasons:
#   The system is out of physical RAM or swap space
#   The process is running with CompressedOops enabled, and the Java Heap may be blocking the growth of the native heap
# Possible solutions:
#   Reduce memory load on the system
#   Increase physical memory or swap space
#   Check if swap backing store is full
#   Decrease Java heap size (-Xmx/-Xms)
#   Decrease number of Java threads
#   Decrease Java thread stack sizes (-Xss)
#   Set larger code cache with -XX:ReservedCodeCacheSize=
#   JVM is running with Unscaled Compressed Oops mode in which the Java heap is
#     placed in the first 4GB address space. The Java Heap base address is the
#     maximum limit for the native heap growth. Please use -XX:HeapBaseMinAddress
#     to set the Java Heap base and to place the Java Heap above 4GB virtual address.
# This output file may be truncated or incomplete.
#
#  Out of Memory Error (t:/workspace/open/src/hotspot/share/memory/arena.cpp:196), pid=8936, tid=5312
#
# JRE version: Java(TM) SE Runtime Environment (13.0.2+8) (build 13.0.2+8)
# Java VM: Java HotSpot(TM) 64-Bit Server VM (13.0.2+8, mixed mode, sharing, tiered, compressed oops, g1 gc, windows-amd64)
# No core dump will be written. Minidumps are not enabled by default on client versions of Windows
#

---------------  S U M M A R Y ------------

Command Line: -Dfile.encoding=Cp1252 Application.Home

Host: Intel(R) Core(TM) i5-2520M CPU @ 2.50GHz, 4 cores, 3G,  Windows 10 , 64 bit Build 18362 (10.0.18362.1500)
Time: Wed Jun  1 16:44:58 2022 Afrique de l?Est elapsed time: 3 seconds (0d 0h 0m 3s)

---------------  T H R E A D  ---------------

Current thread (0x000001f22b31e800):  JavaThread "C2 CompilerThread0" daemon [_thread_in_native, id=5312, stack(0x0000007c63000000,0x0000007c63100000)]


Current CompileTask:
C2:   3862 1779   !   4       sun.awt.image.PNGImageDecoder::produceImage (1917 bytes)

Stack: [0x0000007c63000000,0x0000007c63100000]
Native frames: (J=compiled Java code, j=interpreted, Vv=VM code, C=native code)
V  [jvm.dll+0x624f9a]
V  [jvm.dll+0x770cfa]
V  [jvm.dll+0x7724af]
V  [jvm.dll+0x772ab3]
V  [jvm.dll+0x24bf08]
V  [jvm.dll+0xc1e47]
V  [jvm.dll+0xc23cc]
V  [jvm.dll+0x35c068]
V  [jvm.dll+0x327803]
V  [jvm.dll+0x326bda]
V  [jvm.dll+0x205c27]
V  [jvm.dll+0x204e3f]
V  [jvm.dll+0x189c2c]
V  [jvm.dll+0x213e6d]
V  [jvm.dll+0x2120bb]
V  [jvm.dll+0x736bb6]
V  [jvm.dll+0x72fcaa]
V  [jvm.dll+0x623ea6]
C  [ucrtbase.dll+0x210b2]
C  [KERNEL32.DLL+0x17c24]
C  [ntdll.dll+0x6d721]


---------------  P R O C E S S  ---------------

Threads class SMR info:
_java_thread_list=0x000001f22c5e2a00, length=22, elements={
0x000001f22b2f1800, 0x000001f22b2f7000, 0x000001f22b312800, 0x000001f22b314800,
0x000001f22b31e800, 0x000001f22b323000, 0x000001f22b32d000, 0x000001f22bd5f800,
0x000001f22bd8c800, 0x000001f22c1c2000, 0x000001f22c1c5000, 0x000001f22c1c6000,
0x000001f22c1cf000, 0x000001f20d374800, 0x000001f22bd82800, 0x000001f22c21a000,
0x000001f22d0a9800, 0x000001f22d1bf800, 0x000001f22d01f800, 0x000001f22d34b000,
0x000001f22c7d6000, 0x000001f22c7d3800
}

Java Threads: ( => current thread )
  0x000001f22b2f1800 JavaThread "Reference Handler" daemon [_thread_blocked, id=1180, stack(0x0000007c62c00000,0x0000007c62d00000)]
  0x000001f22b2f7000 JavaThread "Finalizer" daemon [_thread_blocked, id=2020, stack(0x0000007c62d00000,0x0000007c62e00000)]
  0x000001f22b312800 JavaThread "Signal Dispatcher" daemon [_thread_blocked, id=11852, stack(0x0000007c62e00000,0x0000007c62f00000)]
  0x000001f22b314800 JavaThread "Attach Listener" daemon [_thread_blocked, id=14196, stack(0x0000007c62f00000,0x0000007c63000000)]
=>0x000001f22b31e800 JavaThread "C2 CompilerThread0" daemon [_thread_in_native, id=5312, stack(0x0000007c63000000,0x0000007c63100000)]
  0x000001f22b323000 JavaThread "C1 CompilerThread0" daemon [_thread_blocked, id=7612, stack(0x0000007c63100000,0x0000007c63200000)]
  0x000001f22b32d000 JavaThread "Sweeper thread" daemon [_thread_blocked, id=8180, stack(0x0000007c63200000,0x0000007c63300000)]
  0x000001f22bd5f800 JavaThread "Service Thread" daemon [_thread_blocked, id=9568, stack(0x0000007c63300000,0x0000007c63400000)]
  0x000001f22bd8c800 JavaThread "Common-Cleaner" daemon [_thread_blocked, id=11468, stack(0x0000007c63500000,0x0000007c63600000)]
  0x000001f22c1c2000 JavaThread "Java2D Disposer" daemon [_thread_blocked, id=11104, stack(0x0000007c63600000,0x0000007c63700000)]
  0x000001f22c1c5000 JavaThread "AWT-Shutdown" [_thread_blocked, id=15172, stack(0x0000007c63700000,0x0000007c63800000)]
  0x000001f22c1c6000 JavaThread "AWT-Windows" daemon [_thread_in_native, id=7396, stack(0x0000007c63800000,0x0000007c63900000)]
  0x000001f22c1cf000 JavaThread "AWT-EventQueue-0" [_thread_blocked, id=15016, stack(0x0000007c63900000,0x0000007c63a00000)]
  0x000001f20d374800 JavaThread "DestroyJavaVM" [_thread_blocked, id=10336, stack(0x0000007c62500000,0x0000007c62600000)]
  0x000001f22bd82800 JavaThread "Abandoned connection cleanup thread" daemon [_thread_blocked, id=13256, stack(0x0000007c63a00000,0x0000007c63b00000)]
  0x000001f22c21a000 JavaThread "mysql-cj-abandoned-connection-cleanup" daemon [_thread_blocked, id=7680, stack(0x0000007c63b00000,0x0000007c63c00000)]
  0x000001f22d0a9800 JavaThread "Image Fetcher 0" daemon [_thread_blocked, id=14720, stack(0x0000007c63c00000,0x0000007c63d00000)]
  0x000001f22d1bf800 JavaThread "TimerQueue" daemon [_thread_blocked, id=12100, stack(0x0000007c64100000,0x0000007c64200000)]
  0x000001f22d01f800 JavaThread "Image Fetcher 1" daemon [_thread_in_vm, id=10540, stack(0x0000007c64200000,0x0000007c64300000)]
  0x000001f22d34b000 JavaThread "SwingWorker-pool-1-thread-1" daemon [_thread_blocked, id=14352, stack(0x0000007c64300000,0x0000007c64400000)]
  0x000001f22c7d6000 JavaThread "SwingWorker-pool-1-thread-2" daemon [_thread_blocked, id=10100, stack(0x0000007c64400000,0x0000007c64500000)]
  0x000001f22c7d3800 JavaThread "SwingWorker-pool-1-thread-3" daemon [_thread_blocked, id=13092, stack(0x0000007c64500000,0x0000007c64600000)]

Other Threads:
  0x000001f22b2ef800 VMThread "VM Thread" [stack: 0x0000007c62b00000,0x0000007c62c00000] [id=9880]
  0x000001f22bd85000 WatcherThread [stack: 0x0000007c63400000,0x0000007c63500000] [id=8240]
  0x000001f20d3a4800 GCTaskThread "GC Thread#0" [stack: 0x0000007c62600000,0x0000007c62700000] [id=9284]
  0x000001f22c782800 GCTaskThread "GC Thread#1" [stack: 0x0000007c63d00000,0x0000007c63e00000] [id=14796]
  0x000001f22c77e800 GCTaskThread "GC Thread#2" [stack: 0x0000007c63e00000,0x0000007c63f00000] [id=5348]
  0x000001f22c783800 GCTaskThread "GC Thread#3" [stack: 0x0000007c63f00000,0x0000007c64000000] [id=11768]
  0x000001f20d3ae000 ConcurrentGCThread "G1 Main Marker" [stack: 0x0000007c62700000,0x0000007c62800000] [id=3516]
  0x000001f20d3b4000 ConcurrentGCThread "G1 Conc#0" [stack: 0x0000007c62800000,0x0000007c62900000] [id=13512]
  0x000001f20d409800 ConcurrentGCThread "G1 Refine#0" [stack: 0x0000007c62900000,0x0000007c62a00000] [id=10428]
  0x000001f22c5df800 ConcurrentGCThread "G1 Refine#1" [stack: 0x0000007c64000000,0x0000007c64100000] [id=10108]
  0x000001f20d40c000 ConcurrentGCThread "G1 Young RemSet Sampling" [stack: 0x0000007c62a00000,0x0000007c62b00000] [id=8000]

Threads with active compile tasks:
C2 CompilerThread0     4103 1779   !   4       sun.awt.image.PNGImageDecoder::produceImage (1917 bytes)

VM state:not at safepoint (normal execution)

VM Mutex/Monitor currently owned by a thread:  ([mutex/lock_event])
[0x000001f20d371400] Heap_lock - owner thread: 0x000001f22d01f800

Heap address: 0x00000000c1600000, size: 1002 MB, Compressed Oops mode: 32-bit
Narrow klass base: 0x0000000800000000, Narrow klass shift: 3
Compressed class space size: 1073741824 Address: 0x0000000800b40000

Heap:
 garbage-first heap   total 180224K, used 12605K [0x00000000c1600000, 0x0000000100000000)
  region size 1024K, 2 young (2048K), 2 survivors (2048K)
 Metaspace       used 20079K, capacity 20404K, committed 20736K, reserved 1067008K
  class space    used 2296K, capacity 2443K, committed 2560K, reserved 1048576K
Heap Regions: E=young(eden), S=young(survivor), O=old, HS=humongous(starts), HC=humongous(continues), CS=collection set, F=free, A=archive, TAMS=top-at-mark-start (previous, next)
|   0|0x00000000c1600000, 0x00000000c1700000, 0x00000000c1700000|100%| O|  |TAMS 0x00000000c1600000, 0x00000000c1700000| Untracked 
|   1|0x00000000c1700000, 0x00000000c1800000, 0x00000000c1800000|100%| O|  |TAMS 0x00000000c1700000, 0x00000000c1800000| Untracked 
|   2|0x00000000c1800000, 0x00000000c1900000, 0x00000000c1900000|100%| O|  |TAMS 0x00000000c1800000, 0x00000000c1900000| Untracked 
|   3|0x00000000c1900000, 0x00000000c1a00000, 0x00000000c1a00000|100%| O|  |TAMS 0x00000000c1900000, 0x00000000c1a00000| Untracked 
|   4|0x00000000c1a00000, 0x00000000c1b00000, 0x00000000c1b00000|100%| O|  |TAMS 0x00000000c1a00000, 0x00000000c1b00000| Untracked 
|   5|0x00000000c1b00000, 0x00000000c1c00000, 0x00000000c1c00000|100%| O|  |TAMS 0x00000000c1b00000, 0x00000000c1c00000| Untracked 
|   6|0x00000000c1c00000, 0x00000000c1d00000, 0x00000000c1d00000|100%| O|  |TAMS 0x00000000c1c00000, 0x00000000c1d00000| Untracked 
|   7|0x00000000c1d00000, 0x00000000c1e00000, 0x00000000c1e00000|100%| O|  |TAMS 0x00000000c1d00000, 0x00000000c1e00000| Untracked 
|   8|0x00000000c1e00000, 0x00000000c1f00000, 0x00000000c1f00000|100%| O|  |TAMS 0x00000000c1e00000, 0x00000000c1e26000| Untracked 
|   9|0x00000000c1f00000, 0x00000000c2000000, 0x00000000c2000000|100%| O|  |TAMS 0x00000000c1f00000, 0x00000000c1f00000| Untracked 
|  10|0x00000000c2000000, 0x00000000c20f5c00, 0x00000000c2100000| 95%| O|  |TAMS 0x00000000c2000000, 0x00000000c2000000| Untracked 
|  11|0x00000000c2100000, 0x00000000c2100000, 0x00000000c2200000|  0%| F|  |TAMS 0x00000000c2100000, 0x00000000c2100000| Untracked 
|  12|0x00000000c2200000, 0x00000000c2200000, 0x00000000c2300000|  0%| F|  |TAMS 0x00000000c2200000, 0x00000000c2200000| Untracked 
|  13|0x00000000c2300000, 0x00000000c2300000, 0x00000000c2400000|  0%| F|  |TAMS 0x00000000c2300000, 0x00000000c2300000| Untracked 
|  14|0x00000000c2400000, 0x00000000c2400000, 0x00000000c2500000|  0%| F|  |TAMS 0x00000000c2400000, 0x00000000c2400000| Untracked 
|  15|0x00000000c2500000, 0x00000000c2500000, 0x00000000c2600000|  0%| F|  |TAMS 0x00000000c2500000, 0x00000000c2500000| Untracked 
|  16|0x00000000c2600000, 0x00000000c2600000, 0x00000000c2700000|  0%| F|  |TAMS 0x00000000c2600000, 0x00000000c2600000| Untracked 
|  17|0x00000000c2700000, 0x00000000c2700000, 0x00000000c2800000|  0%| F|  |TAMS 0x00000000c2700000, 0x00000000c2700000| Untracked 
|  18|0x00000000c2800000, 0x00000000c2800000, 0x00000000c2900000|  0%| F|  |TAMS 0x00000000c2800000, 0x00000000c2800000| Untracked 
|  19|0x00000000c2900000, 0x00000000c2900000, 0x00000000c2a00000|  0%| F|  |TAMS 0x00000000c2900000, 0x00000000c2900000| Untracked 
|  20|0x00000000c2a00000, 0x00000000c2a00000, 0x00000000c2b00000|  0%| F|  |TAMS 0x00000000c2a00000, 0x00000000c2a00000| Untracked 
|  21|0x00000000c2b00000, 0x00000000c2b00000, 0x00000000c2c00000|  0%| F|  |TAMS 0x00000000c2b00000, 0x00000000c2b00000| Untracked 
|  22|0x00000000c2c00000, 0x00000000c2c00000, 0x00000000c2d00000|  0%| F|  |TAMS 0x00000000c2c00000, 0x00000000c2c00000| Untracked 
|  23|0x00000000c2d00000, 0x00000000c2d00000, 0x00000000c2e00000|  0%| F|  |TAMS 0x00000000c2d00000, 0x00000000c2d00000| Untracked 
|  24|0x00000000c2e00000, 0x00000000c2e00000, 0x00000000c2f00000|  0%| F|  |TAMS 0x00000000c2e00000, 0x00000000c2e00000| Untracked 
|  25|0x00000000c2f00000, 0x00000000c2f00000, 0x00000000c3000000|  0%| F|  |TAMS 0x00000000c2f00000, 0x00000000c2f00000| Untracked 
|  26|0x00000000c3000000, 0x00000000c3000000, 0x00000000c3100000|  0%| F|  |TAMS 0x00000000c3000000, 0x00000000c3000000| Untracked 
|  27|0x00000000c3100000, 0x00000000c3100000, 0x00000000c3200000|  0%| F|  |TAMS 0x00000000c3100000, 0x00000000c3100000| Untracked 
|  28|0x00000000c3200000, 0x00000000c3200000, 0x00000000c3300000|  0%| F|  |TAMS 0x00000000c3200000, 0x00000000c3200000| Untracked 
|  29|0x00000000c3300000, 0x00000000c3300000, 0x00000000c3400000|  0%| F|  |TAMS 0x00000000c3300000, 0x00000000c3300000| Untracked 
|  30|0x00000000c3400000, 0x00000000c3400000, 0x00000000c3500000|  0%| F|  |TAMS 0x00000000c3400000, 0x00000000c3400000| Untracked 
|  31|0x00000000c3500000, 0x00000000c3500000, 0x00000000c3600000|  0%| F|  |TAMS 0x00000000c3500000, 0x00000000c3500000| Untracked 
|  32|0x00000000c3600000, 0x00000000c3600000, 0x00000000c3700000|  0%| F|  |TAMS 0x00000000c3600000, 0x00000000c3600000| Untracked 
|  33|0x00000000c3700000, 0x00000000c3700000, 0x00000000c3800000|  0%| F|  |TAMS 0x00000000c3700000, 0x00000000c3700000| Untracked 
|  34|0x00000000c3800000, 0x00000000c3800000, 0x00000000c3900000|  0%| F|  |TAMS 0x00000000c3800000, 0x00000000c3800000| Untracked 
|  35|0x00000000c3900000, 0x00000000c3900000, 0x00000000c3a00000|  0%| F|  |TAMS 0x00000000c3900000, 0x00000000c3900000| Untracked 
|  36|0x00000000c3a00000, 0x00000000c3a00000, 0x00000000c3b00000|  0%| F|  |TAMS 0x00000000c3a00000, 0x00000000c3a00000| Untracked 
|  37|0x00000000c3b00000, 0x00000000c3b00000, 0x00000000c3c00000|  0%| F|  |TAMS 0x00000000c3b00000, 0x00000000c3b00000| Untracked 
|  38|0x00000000c3c00000, 0x00000000c3c00000, 0x00000000c3d00000|  0%| F|  |TAMS 0x00000000c3c00000, 0x00000000c3c00000| Untracked 
|  39|0x00000000c3d00000, 0x00000000c3d00000, 0x00000000c3e00000|  0%| F|  |TAMS 0x00000000c3d00000, 0x00000000c3d00000| Untracked 
|  40|0x00000000c3e00000, 0x00000000c3e00000, 0x00000000c3f00000|  0%| F|  |TAMS 0x00000000c3e00000, 0x00000000c3e00000| Untracked 
|  41|0x00000000c3f00000, 0x00000000c3f00000, 0x00000000c4000000|  0%| F|  |TAMS 0x00000000c3f00000, 0x00000000c3f00000| Untracked 
|  42|0x00000000c4000000, 0x00000000c4000000, 0x00000000c4100000|  0%| F|  |TAMS 0x00000000c4000000, 0x00000000c4000000| Untracked 
|  43|0x00000000c4100000, 0x00000000c4100000, 0x00000000c4200000|  0%| F|  |TAMS 0x00000000c4100000, 0x00000000c4100000| Untracked 
|  44|0x00000000c4200000, 0x00000000c4200000, 0x00000000c4300000|  0%| F|  |TAMS 0x00000000c4200000, 0x00000000c4200000| Untracked 
|  45|0x00000000c4300000, 0x00000000c4300000, 0x00000000c4400000|  0%| F|  |TAMS 0x00000000c4300000, 0x00000000c4300000| Untracked 
|  46|0x00000000c4400000, 0x00000000c4400000, 0x00000000c4500000|  0%| F|  |TAMS 0x00000000c4400000, 0x00000000c4400000| Untracked 
|  47|0x00000000c4500000, 0x00000000c4500000, 0x00000000c4600000|  0%| F|  |TAMS 0x00000000c4500000, 0x00000000c4500000| Untracked 
|  48|0x00000000c4600000, 0x00000000c4600000, 0x00000000c4700000|  0%| F|  |TAMS 0x00000000c4600000, 0x00000000c4600000| Untracked 
|  49|0x00000000c4700000, 0x00000000c4700000, 0x00000000c4800000|  0%| F|  |TAMS 0x00000000c4700000, 0x00000000c4700000| Untracked 
|  50|0x00000000c4800000, 0x00000000c4800000, 0x00000000c4900000|  0%| F|  |TAMS 0x00000000c4800000, 0x00000000c4800000| Untracked 
|  51|0x00000000c4900000, 0x00000000c4900000, 0x00000000c4a00000|  0%| F|  |TAMS 0x00000000c4900000, 0x00000000c4900000| Untracked 
|  52|0x00000000c4a00000, 0x00000000c4a00000, 0x00000000c4b00000|  0%| F|  |TAMS 0x00000000c4a00000, 0x00000000c4a00000| Untracked 
|  53|0x00000000c4b00000, 0x00000000c4b00000, 0x00000000c4c00000|  0%| F|  |TAMS 0x00000000c4b00000, 0x00000000c4b00000| Untracked 
|  54|0x00000000c4c00000, 0x00000000c4c00000, 0x00000000c4d00000|  0%| F|  |TAMS 0x00000000c4c00000, 0x00000000c4c00000| Untracked 
|  55|0x00000000c4d00000, 0x00000000c4d00000, 0x00000000c4e00000|  0%| F|  |TAMS 0x00000000c4d00000, 0x00000000c4d00000| Untracked 
|  56|0x00000000c4e00000, 0x00000000c4e00000, 0x00000000c4f00000|  0%| F|  |TAMS 0x00000000c4e00000, 0x00000000c4e00000| Untracked 
|  57|0x00000000c4f00000, 0x00000000c4f00000, 0x00000000c5000000|  0%| F|  |TAMS 0x00000000c4f00000, 0x00000000c4f00000| Untracked 
|  58|0x00000000c5000000, 0x00000000c5059a88, 0x00000000c5100000| 35%| S|CS|TAMS 0x00000000c5000000, 0x00000000c5000000| Complete 
|  59|0x00000000c5100000, 0x00000000c5200000, 0x00000000c5200000|100%| S|CS|TAMS 0x00000000c5100000, 0x00000000c5100000| Complete 
|  60|0x00000000c5200000, 0x00000000c5200000, 0x00000000c5300000|  0%| F|  |TAMS 0x00000000c5200000, 0x00000000c5200000| Untracked 
|  61|0x00000000c5300000, 0x00000000c5300000, 0x00000000c5400000|  0%| F|  |TAMS 0x00000000c5300000, 0x00000000c5300000| Untracked 
|  62|0x00000000c5400000, 0x00000000c5400000, 0x00000000c5500000|  0%| F|  |TAMS 0x00000000c5400000, 0x00000000c5400000| Untracked 
|  63|0x00000000c5500000, 0x00000000c5500000, 0x00000000c5600000|  0%| F|  |TAMS 0x00000000c5500000, 0x00000000c5500000| Untracked 

Card table byte_map: [0x000001f2269d0000,0x000001f226bd0000] _byte_map_base: 0x000001f2263c5000

Marking Bits (Prev, Next): (CMBitMap*) 0x000001f20d3a5538, (CMBitMap*) 0x000001f20d3a5578
 Prev Bits: [0x000001f226dd0000, 0x000001f227d78000)
 Next Bits: [0x000001f227d80000, 0x000001f228d28000)

Polling page: 0x000001f20d440000

Metaspace:

Usage:
  Non-class:     17.54 MB capacity,    17.37 MB (>99%) used,   138.18 KB ( <1%) free+waste,    40.69 KB ( <1%) overhead. 
      Class:      2.39 MB capacity,     2.24 MB ( 94%) used,   124.54 KB (  5%) free+waste,    21.50 KB ( <1%) overhead. 
       Both:     19.93 MB capacity,    19.61 MB ( 98%) used,   262.72 KB (  1%) free+waste,    62.19 KB ( <1%) overhead. 

Virtual space:
  Non-class space:       18.00 MB reserved,      17.75 MB ( 99%) committed 
      Class space:        1.00 GB reserved,       2.50 MB ( <1%) committed 
             Both:        1.02 GB reserved,      20.25 MB (  2%) committed 

Chunk freelists:
   Non-Class:  23.00 KB
       Class:  21.00 KB
        Both:  44.00 KB

MaxMetaspaceSize: 17179869184.00 GB
CompressedClassSpaceSize: 1.00 GB

CodeHeap 'non-profiled nmethods': size=120000Kb used=640Kb max_used=655Kb free=119359Kb
 bounds [0x000001f21eb40000, 0x000001f21edb0000, 0x000001f226070000]
CodeHeap 'profiled nmethods': size=120000Kb used=3512Kb max_used=3780Kb free=116487Kb
 bounds [0x000001f217610000, 0x000001f2179d0000, 0x000001f21eb40000]
CodeHeap 'non-nmethods': size=5760Kb used=1360Kb max_used=1360Kb free=4399Kb
 bounds [0x000001f217070000, 0x000001f2172e0000, 0x000001f217610000]
 total_blobs=3261 nmethods=1701 adapters=568
 compilation: enabled
              stopped_count=0, restarted_count=0
 full_count=0

Compilation events (20 events):
Event: 3.664 Thread 0x000001f22b323000 1838   !   3       javax.swing.JComponent::getClientProperty (56 bytes)
Event: 3.664 Thread 0x000001f22b323000 nmethod 1838 0x000001f2178efb10 code [0x000001f2178efce0, 0x000001f2178f0170]
Event: 3.666 Thread 0x000001f22b323000 1839       1       java.util.EventObject::getSource (5 bytes)
Event: 3.666 Thread 0x000001f22b323000 nmethod 1839 0x000001f21eba2790 code [0x000001f21eba2920, 0x000001f21eba2a58]
Event: 3.666 Thread 0x000001f22b323000 1840       3       java.awt.Component::checkTreeLock (21 bytes)
Event: 3.666 Thread 0x000001f22b323000 nmethod 1840 0x000001f21785ea90 code [0x000001f21785ec60, 0x000001f21785ef80]
Event: 3.673 Thread 0x000001f22b323000 1842       3       java.util.Locale::hashCode (41 bytes)
Event: 3.673 Thread 0x000001f22b323000 nmethod 1842 0x000001f2177a9f10 code [0x000001f2177aa0e0, 0x000001f2177aa360]
Event: 3.674 Thread 0x000001f22b323000 1843       3       javax.swing.JComponent::getFlag (20 bytes)
Event: 3.674 Thread 0x000001f22b323000 nmethod 1843 0x000001f2177a9910 code [0x000001f2177a9ac0, 0x000001f2177a9cb8]
Event: 3.674 Thread 0x000001f22b323000 1844       1       java.awt.Component::isEnabledImpl (5 bytes)
Event: 3.674 Thread 0x000001f22b323000 nmethod 1844 0x000001f21eb84410 code [0x000001f21eb845a0, 0x000001f21eb846d8]
Event: 3.676 Thread 0x000001f22b323000 1845       1       javax.swing.AbstractButton::getText (5 bytes)
Event: 3.676 Thread 0x000001f22b323000 nmethod 1845 0x000001f21eb84090 code [0x000001f21eb84220, 0x000001f21eb84358]
Event: 3.676 Thread 0x000001f22b323000 1846       3       javax.swing.JComponent::firePropertyChange (8 bytes)
Event: 3.677 Thread 0x000001f22b323000 nmethod 1846 0x000001f2176b2210 code [0x000001f2176b2400, 0x000001f2176b29d0]
Event: 3.677 Thread 0x000001f22b323000 1847       3       java.awt.Component::firePropertyChange (26 bytes)
Event: 3.677 Thread 0x000001f22b323000 nmethod 1847 0x000001f21778b710 code [0x000001f21778b8e0, 0x000001f21778be50]
Event: 3.678 Thread 0x000001f22b323000 1848       3       java.awt.Color::equals (27 bytes)
Event: 3.678 Thread 0x000001f22b323000 nmethod 1848 0x000001f217872910 code [0x000001f217872ac0, 0x000001f217873038]

GC Heap History (6 events):
Event: 0.708 GC heap before
{Heap before GC invocations=0 (full 0):
 garbage-first heap   total 65536K, used 13312K [0x00000000c1600000, 0x0000000100000000)
  region size 1024K, 14 young (14336K), 0 survivors (0K)
 Metaspace       used 6164K, capacity 7079K, committed 7168K, reserved 1056768K
  class space    used 573K, capacity 684K, committed 768K, reserved 1048576K
}
Event: 0.715 GC heap after
{Heap after GC invocations=1 (full 0):
 garbage-first heap   total 65536K, used 5689K [0x00000000c1600000, 0x0000000100000000)
  region size 1024K, 2 young (2048K), 2 survivors (2048K)
 Metaspace       used 6164K, capacity 7079K, committed 7168K, reserved 1056768K
  class space    used 573K, capacity 684K, committed 768K, reserved 1048576K
}
Event: 0.999 GC heap before
{Heap before GC invocations=1 (full 0):
 garbage-first heap   total 65536K, used 11833K [0x00000000c1600000, 0x0000000100000000)
  region size 1024K, 8 young (8192K), 2 survivors (2048K)
 Metaspace       used 8637K, capacity 8894K, committed 9216K, reserved 1056768K
  class space    used 844K, capacity 945K, committed 1024K, reserved 1048576K
}
Event: 1.004 GC heap after
{Heap after GC invocations=2 (full 0):
 garbage-first heap   total 65536K, used 7130K [0x00000000c1600000, 0x0000000100000000)
  region size 1024K, 1 young (1024K), 1 survivors (1024K)
 Metaspace       used 8637K, capacity 8894K, committed 9216K, reserved 1056768K
  class space    used 844K, capacity 945K, committed 1024K, reserved 1048576K
}
Event: 3.520 GC heap before
{Heap before GC invocations=2 (full 0):
 garbage-first heap   total 65536K, used 25562K [0x00000000c1600000, 0x0000000100000000)
  region size 1024K, 20 young (20480K), 1 survivors (1024K)
 Metaspace       used 17087K, capacity 17449K, committed 17664K, reserved 1064960K
  class space    used 1842K, capacity 2012K, committed 2048K, reserved 1048576K
}
Event: 3.528 GC heap after
{Heap after GC invocations=3 (full 0):
 garbage-first heap   total 65536K, used 11416K [0x00000000c1600000, 0x0000000100000000)
  region size 1024K, 3 young (3072K), 3 survivors (3072K)
 Metaspace       used 17087K, capacity 17449K, committed 17664K, reserved 1064960K
  class space    used 1842K, capacity 2012K, committed 2048K, reserved 1048576K
}

Deoptimization events (20 events):
Event: 3.607 Thread 0x000001f22d01f800 DEOPT UNPACKING pc=0x000001f2170b964e sp=0x0000007c642fe038 mode 0
Event: 3.607 Thread 0x000001f22d01f800 DEOPT PACKING pc=0x000001f217992769 sp=0x0000007c642febc0
Event: 3.607 Thread 0x000001f22d01f800 DEOPT UNPACKING pc=0x000001f2170b964e sp=0x0000007c642fe038 mode 0
Event: 3.612 Thread 0x000001f22d0a9800 DEOPT PACKING pc=0x000001f2179b59d8 sp=0x0000007c63cfeb00
Event: 3.612 Thread 0x000001f22d0a9800 DEOPT UNPACKING pc=0x000001f2170b964e sp=0x0000007c63cfe090 mode 0
Event: 3.618 Thread 0x000001f22d0a9800 DEOPT PACKING pc=0x000001f217992769 sp=0x0000007c63cfe870
Event: 3.618 Thread 0x000001f22d0a9800 DEOPT UNPACKING pc=0x000001f2170b964e sp=0x0000007c63cfdce8 mode 0
Event: 3.622 Thread 0x000001f22d01f800 DEOPT PACKING pc=0x000001f2179b59d8 sp=0x0000007c642fee50
Event: 3.622 Thread 0x000001f22d01f800 DEOPT UNPACKING pc=0x000001f2170b964e sp=0x0000007c642fe3e0 mode 0
Event: 3.655 Thread 0x000001f22d01f800 DEOPT PACKING pc=0x000001f21786d0c4 sp=0x0000007c642fecb0
Event: 3.655 Thread 0x000001f22d01f800 DEOPT UNPACKING pc=0x000001f2170b964e sp=0x0000007c642fe150 mode 0
Event: 3.656 Thread 0x000001f22d01f800 DEOPT PACKING pc=0x000001f2179b59d8 sp=0x0000007c642fee50
Event: 3.656 Thread 0x000001f22d01f800 DEOPT UNPACKING pc=0x000001f2170b964e sp=0x0000007c642fe3e0 mode 0
Event: 3.658 Thread 0x000001f22d0a9800 DEOPT PACKING pc=0x000001f21786d0c4 sp=0x0000007c63cfe960
Event: 3.658 Thread 0x000001f22d0a9800 DEOPT UNPACKING pc=0x000001f2170b964e sp=0x0000007c63cfde00 mode 0
Event: 3.659 Thread 0x000001f22d0a9800 DEOPT PACKING pc=0x000001f217992769 sp=0x0000007c63cfe870
Event: 3.659 Thread 0x000001f22d0a9800 DEOPT UNPACKING pc=0x000001f2170b964e sp=0x0000007c63cfdce8 mode 0
Event: 3.660 Thread 0x000001f22d0a9800 DEOPT PACKING pc=0x000001f2179b59d8 sp=0x0000007c63cfeb00
Event: 3.660 Thread 0x000001f22d0a9800 DEOPT UNPACKING pc=0x000001f2170b964e sp=0x0000007c63cfe090 mode 0
Event: 3.679 Thread 0x000001f22d01f800 DEOPT PACKING pc=0x000001f2179b59d8 sp=0x0000007c642fee50

Classes unloaded (0 events):
No events

Classes redefined (0 events):
No events

Internal exceptions (20 events):
Event: 0.911 Thread 0x000001f22c1cf000 Exception <a 'sun/nio/fs/WindowsException'{0x00000000c5017800}> (0x00000000c5017800) 
thrown [t:/workspace/open/src/hotspot/share/prims/jni.cpp, line 598]
Event: 0.914 Thread 0x000001f22c1cf000 Exception <a 'java/lang/NoSuchMethodError'{0x00000000c5019690}: 'int java.lang.invoke.DirectMethodHandle$Holder.invokeSpecialIFC(java.lang.Object, java.lang.Object, int)'> (0x00000000c5019690) 
thrown [t:/workspace/open/src/hotspot/share/interpreter/linkResolver.cpp, line 767]
Event: 0.936 Thread 0x000001f22c1cf000 Exception <a 'java/lang/NoSuchMethodError'{0x00000000c50429e8}: 'int java.lang.invoke.DirectMethodHandle$Holder.invokeStaticInit(java.lang.Object, java.lang.Object, java.lang.Object, java.lang.Object)'> (0x00000000c50429e8) 
thrown [t:/workspace/open/src/hotspot/share/interpreter/linkResolver.cpp, line 767]
Event: 0.938 Thread 0x000001f22c1cf000 Exception <a 'java/lang/IncompatibleClassChangeError'{0x00000000c504b4e0}: Found class java.lang.Object, but interface was expected> (0x00000000c504b4e0) 
thrown [t:/workspace/open/src/hotspot/share/interpreter/linkResolver.cpp, line 833]
Event: 0.941 Thread 0x000001f22c1cf000 Exception <a 'java/lang/NoSuchMethodError'{0x00000000c504e6e0}: 'void java.lang.invoke.DirectMethodHandle$Holder.invokeStaticInit(java.lang.Object, java.lang.Object)'> (0x00000000c504e6e0) 
thrown [t:/workspace/open/src/hotspot/share/interpreter/linkResolver.cpp, line 767]
Event: 0.943 Thread 0x000001f22c1cf000 Exception <a 'java/lang/NoSuchMethodError'{0x00000000c5054120}: 'int java.lang.invoke.DirectMethodHandle$Holder.invokeStaticInit(java.lang.Object, java.lang.Object)'> (0x00000000c5054120) 
thrown [t:/workspace/open/src/hotspot/share/interpreter/linkResolver.cpp, line 767]
Event: 1.590 Thread 0x000001f22c1cf000 Exception <a 'java/lang/NoSuchMethodError'{0x00000000c54571d8}: 'java.lang.Object java.lang.invoke.DirectMethodHandle$Holder.invokeStaticInit(java.lang.Object, java.lang.Object, int, int, int, int)'> (0x00000000c54571d8) 
thrown [t:/workspace/open/src/hotspot/share/interpreter/linkResolver.cpp, line 767]
Event: 1.904 Thread 0x000001f22c1cf000 Exception <a 'java/lang/NullPointerException'{0x00000000c5213fe0}> (0x00000000c5213fe0) 
thrown [t:/workspace/open/src/hotspot/share/interpreter/linkResolver.cpp, line 1349]
Event: 1.905 Thread 0x000001f22c1cf000 Exception <a 'java/lang/reflect/InvocationTargetException'{0x00000000c5217c10}> (0x00000000c5217c10) 
thrown [t:/workspace/open/src/hotspot/share/runtime/reflection.cpp, line 1188]
Event: 1.963 Thread 0x000001f22c1cf000 Exception <a 'java/lang/NoSuchMethodError'{0x00000000c516de78}: 'java.lang.Object java.lang.invoke.DirectMethodHandle$Holder.invokeVirtual(java.lang.Object, java.lang.Object, java.lang.Object)'> (0x00000000c516de78) 
thrown [t:/workspace/open/src/hotspot/share/interpreter/linkResolver.cpp, line 767]
Event: 3.043 Thread 0x000001f22c1cf000 Exception <a 'java/lang/NoSuchMethodError'{0x00000000c4600938}: 'java.lang.Object java.lang.invoke.DirectMethodHandle$Holder.invokeStatic(java.lang.Object, int, java.lang.Object, java.lang.Object, java.lang.Object, java.lang.Object)'> (0x00000000c4600938) 
thrown [t:/workspace/open/src/hotspot/share/interpreter/linkResolver.cpp, line 767]
Event: 3.044 Thread 0x000001f22c1cf000 Exception <a 'java/lang/NoSuchMethodError'{0x00000000c46072a0}: 'java.lang.Object java.lang.invoke.DirectMethodHandle$Holder.invokeStatic(java.lang.Object, int, java.lang.Object, java.lang.Object, java.lang.Object)'> (0x00000000c46072a0) 
thrown [t:/workspace/open/src/hotspot/share/interpreter/linkResolver.cpp, line 767]
Event: 3.045 Thread 0x000001f22c1cf000 Exception <a 'java/lang/NoSuchMethodError'{0x00000000c460ab08}: 'java.lang.Object java.lang.invoke.DirectMethodHandle$Holder.invokeSpecial(java.lang.Object, java.lang.Object, int, java.lang.Object, java.lang.Object, java.lang.Object)'> (0x00000000c460ab08) 
thrown [t:/workspace/open/src/hotspot/share/interpreter/linkResolver.cpp, line 767]
Event: 3.049 Thread 0x000001f22c1cf000 Exception <a 'java/lang/NoSuchMethodError'{0x00000000c4620e48}: 'java.lang.Object java.lang.invoke.DirectMethodHandle$Holder.invokeStatic(java.lang.Object, int, java.lang.Object)'> (0x00000000c4620e48) 
thrown [t:/workspace/open/src/hotspot/share/interpreter/linkResolver.cpp, line 767]
Event: 3.079 Thread 0x000001f22c1cf000 Exception <a 'java/lang/ClassNotFoundException'{0x00000000c46c6ff8}: com/sun/swing/internal/plaf/metal/resources/spi/metalProvider> (0x00000000c46c6ff8) 
thrown [t:/workspace/open/src/hotspot/share/classfile/systemDictionary.cpp, line 232]
Event: 3.080 Thread 0x000001f22c1cf000 Exception <a 'java/lang/ClassNotFoundException'{0x00000000c46cb0a0}: com/sun/swing/internal/plaf/basic/resources/spi/basicProvider> (0x00000000c46cb0a0) 
thrown [t:/workspace/open/src/hotspot/share/classfile/systemDictionary.cpp, line 232]
Event: 3.087 Thread 0x000001f22c1cf000 Implicit null exception at 0x000001f21ebada05 to 0x000001f21ebadbee
Event: 3.087 Thread 0x000001f22c1cf000 Implicit null exception at 0x000001f21ebb7daf to 0x000001f21ebb7e2d
Event: 3.098 Thread 0x000001f22c1cf000 Exception <a 'java/net/UnknownHostException'{0x00000000c46e8880}> (0x00000000c46e8880) 
thrown [t:/workspace/open/src/hotspot/share/prims/jni.cpp, line 598]
Event: 3.117 Thread 0x000001f22c1cf000 Implicit null exception at 0x000001f21ebd850e to 0x000001f21ebd90f2

Events (20 events):
Event: 3.667 loading class sideInformation/MainInfo
Event: 3.667 loading class sideInformation/MainInfo done
Event: 3.668 loading class app/WrapLayout
Event: 3.668 loading class app/WrapLayout done
Event: 3.669 loading class Application/Home$6
Event: 3.669 loading class Application/Home$6 done
Event: 3.670 loading class Application/Home$7
Event: 3.670 loading class Application/Home$7 done
Event: 3.671 loading class Class/CustomVerticalScrollBarUI$1
Event: 3.671 loading class Class/CustomVerticalScrollBarUI$1 done
Event: 3.672 loading class Class/CustomVerticalScrollBarUI$2
Event: 3.672 loading class Class/CustomVerticalScrollBarUI$2 done
Event: 3.675 loading class javax/swing/event/ChangeEvent
Event: 3.675 loading class javax/swing/event/ChangeEvent done
Event: 3.678 Executing VM operation: RevokeBias
Event: 3.678 Executing VM operation: RevokeBias done
Event: 3.679 Executing VM operation: RevokeBias
Event: 3.679 Executing VM operation: RevokeBias done
Event: 3.679 Executing VM operation: RevokeBias
Event: 3.679 Executing VM operation: RevokeBias done


Dynamic libraries:
0x00007ff7873a0000 - 0x00007ff7873af000 	C:\Program Files\Java\jdk-13.0.2\bin\javaw.exe
0x00007ffab7180000 - 0x00007ffab7370000 	C:\Windows\SYSTEM32\ntdll.dll
0x00007ffab5750000 - 0x00007ffab5802000 	C:\Windows\System32\KERNEL32.DLL
0x00007ffab4260000 - 0x00007ffab4505000 	C:\Windows\System32\KERNELBASE.dll
0x00007ffab45a0000 - 0x00007ffab469a000 	C:\Windows\System32\ucrtbase.dll
0x00007ffa9d180000 - 0x00007ffa9d195000 	C:\Program Files\Java\jdk-13.0.2\bin\VCRUNTIME140.dll
0x00007ffa9cc10000 - 0x00007ffa9cc28000 	C:\Program Files\Java\jdk-13.0.2\bin\jli.dll
0x00007ffab6080000 - 0x00007ffab6123000 	C:\Windows\System32\ADVAPI32.dll
0x00007ffab69e0000 - 0x00007ffab6a7e000 	C:\Windows\System32\msvcrt.dll
0x00007ffab6a80000 - 0x00007ffab6b17000 	C:\Windows\System32\sechost.dll
0x00007ffab6de0000 - 0x00007ffab6eff000 	C:\Windows\System32\RPCRT4.dll
0x00007ffab66a0000 - 0x00007ffab6834000 	C:\Windows\System32\USER32.dll
0x00007ffab4fc0000 - 0x00007ffab4fe1000 	C:\Windows\System32\win32u.dll
0x00007ffaa5f70000 - 0x00007ffaa61f4000 	C:\Windows\WinSxS\amd64_microsoft.windows.common-controls_6595b64144ccf1df_6.0.18362.1556_none_9e7e372fe45e41d5\COMCTL32.dll
0x00007ffab6c00000 - 0x00007ffab6c26000 	C:\Windows\System32\GDI32.dll
0x00007ffab6360000 - 0x00007ffab6696000 	C:\Windows\System32\combase.dll
0x00007ffab4e20000 - 0x00007ffab4fb8000 	C:\Windows\System32\gdi32full.dll
0x00007ffab4170000 - 0x00007ffab420e000 	C:\Windows\System32\msvcp_win.dll
0x00007ffab4510000 - 0x00007ffab4591000 	C:\Windows\System32\bcryptPrimitives.dll
0x00007ffaa6230000 - 0x00007ffaa623a000 	C:\Windows\SYSTEM32\VERSION.dll
0x00007ffab5810000 - 0x00007ffab583e000 	C:\Windows\System32\IMM32.DLL
0x00007ffa98200000 - 0x00007ffa9829b000 	C:\Program Files\Java\jdk-13.0.2\bin\msvcp140.dll
0x00007ffa71a20000 - 0x00007ffa7257d000 	C:\Program Files\Java\jdk-13.0.2\bin\server\jvm.dll
0x00007ffab5200000 - 0x00007ffab5208000 	C:\Windows\System32\PSAPI.DLL
0x00007ffab02f0000 - 0x00007ffab02f9000 	C:\Windows\SYSTEM32\WSOCK32.dll
0x00007ffab1890000 - 0x00007ffab18b4000 	C:\Windows\SYSTEM32\WINMM.dll
0x00007ffab6d70000 - 0x00007ffab6ddf000 	C:\Windows\System32\WS2_32.dll
0x00007ffab1400000 - 0x00007ffab142d000 	C:\Windows\SYSTEM32\WINMMBASE.dll
0x00007ffab40c0000 - 0x00007ffab410a000 	C:\Windows\System32\cfgmgr32.dll
0x00007ffab4010000 - 0x00007ffab4021000 	C:\Windows\System32\kernel.appcore.dll
0x00007ffaa0490000 - 0x00007ffaa04a0000 	C:\Program Files\Java\jdk-13.0.2\bin\verify.dll
0x00007ffaa56e0000 - 0x00007ffaa58d4000 	C:\Windows\SYSTEM32\DBGHELP.DLL
0x00007ffaa56b0000 - 0x00007ffaa56da000 	C:\Windows\SYSTEM32\dbgcore.DLL
0x00007ffa9a0e0000 - 0x00007ffa9a106000 	C:\Program Files\Java\jdk-13.0.2\bin\java.dll
0x00007ffa9a0c0000 - 0x00007ffa9a0d7000 	C:\Program Files\Java\jdk-13.0.2\bin\zip.dll
0x00007ffa9d270000 - 0x00007ffa9d27a000 	C:\Program Files\Java\jdk-13.0.2\bin\jimage.dll
0x00007ffab5910000 - 0x00007ffab5ff7000 	C:\Windows\System32\SHELL32.dll
0x00007ffab7060000 - 0x00007ffab7108000 	C:\Windows\System32\shcore.dll
0x00007ffab46a0000 - 0x00007ffab4e1b000 	C:\Windows\System32\windows.storage.dll
0x00007ffab40a0000 - 0x00007ffab40be000 	C:\Windows\System32\profapi.dll
0x00007ffab4050000 - 0x00007ffab409a000 	C:\Windows\System32\powrprof.dll
0x00007ffab4000000 - 0x00007ffab4010000 	C:\Windows\System32\UMPDC.dll
0x00007ffab6b20000 - 0x00007ffab6b72000 	C:\Windows\System32\shlwapi.dll
0x00007ffab4240000 - 0x00007ffab4257000 	C:\Windows\System32\cryptsp.dll
0x00007ffa98c50000 - 0x00007ffa98c69000 	C:\Program Files\Java\jdk-13.0.2\bin\net.dll
0x00007ffaaa2e0000 - 0x00007ffaaa3da000 	C:\Windows\SYSTEM32\WINHTTP.dll
0x00007ffab3840000 - 0x00007ffab38a7000 	C:\Windows\system32\mswsock.dll
0x00007ffa98460000 - 0x00007ffa98473000 	C:\Program Files\Java\jdk-13.0.2\bin\nio.dll
0x00007ffa96e90000 - 0x00007ffa97029000 	C:\Program Files\Java\jdk-13.0.2\bin\awt.dll
0x00007ffab5840000 - 0x00007ffab5905000 	C:\Windows\System32\OLEAUT32.dll
0x00007ffab2170000 - 0x00007ffab21ff000 	C:\Windows\SYSTEM32\apphelp.dll
0x00007ffab2320000 - 0x00007ffab23b9000 	C:\Windows\system32\uxtheme.dll
0x00007ffab6c30000 - 0x00007ffab6d65000 	C:\Windows\System32\MSCTF.dll
0x00007ffab6f00000 - 0x00007ffab7057000 	C:\Windows\System32\ole32.dll
0x00007ffab3590000 - 0x00007ffab365b000 	C:\Windows\SYSTEM32\DNSAPI.dll
0x00007ffab62f0000 - 0x00007ffab62f8000 	C:\Windows\System32\NSI.dll
0x00007ffab3550000 - 0x00007ffab358a000 	C:\Windows\SYSTEM32\IPHLPAPI.DLL
0x00007ffaaaeb0000 - 0x00007ffaaaeba000 	C:\Windows\System32\rasadhlp.dll
0x00007ffaaafd0000 - 0x00007ffaab047000 	C:\Windows\System32\fwpuclnt.dll
0x00007ffab4210000 - 0x00007ffab4236000 	C:\Windows\System32\bcrypt.dll
0x00007ffab0950000 - 0x00007ffab095e000 	C:\Program Files\Java\jdk-13.0.2\bin\sunmscapi.dll
0x00007ffab4ff0000 - 0x00007ffab5141000 	C:\Windows\System32\CRYPT32.dll
0x00007ffab4030000 - 0x00007ffab4042000 	C:\Windows\System32\MSASN1.dll
0x00007ffab3b20000 - 0x00007ffab3b46000 	C:\Windows\SYSTEM32\ncrypt.dll
0x00007ffab3ae0000 - 0x00007ffab3b1b000 	C:\Windows\SYSTEM32\NTASN1.dll
0x00007ffa986f0000 - 0x00007ffa98715000 	C:\Program Files\Java\jdk-13.0.2\bin\sunec.dll
0x00007ffab33c0000 - 0x00007ffab33f3000 	C:\Windows\system32\rsaenh.dll
0x00007ffab3f20000 - 0x00007ffab3f45000 	C:\Windows\SYSTEM32\USERENV.dll
0x00007ffab3a10000 - 0x00007ffab3a1c000 	C:\Windows\SYSTEM32\CRYPTBASE.dll
0x00007ffaab0b0000 - 0x00007ffaab0c6000 	C:\Windows\SYSTEM32\dhcpcsvc6.DLL
0x00007ffaab1c0000 - 0x00007ffaab1dc000 	C:\Windows\SYSTEM32\dhcpcsvc.DLL
0x00007ffab2670000 - 0x00007ffab269d000 	C:\Windows\system32\DWMAPI.DLL
0x00007ffa96240000 - 0x00007ffa96396000 	C:\Windows\system32\opengl32.dll
0x00007ffa98620000 - 0x00007ffa9864c000 	C:\Windows\SYSTEM32\GLU32.dll
0x00007ffab2c40000 - 0x00007ffab2c60000 	C:\Windows\SYSTEM32\dxcore.dll
0x00007ffa96e00000 - 0x00007ffa96e82000 	C:\Program Files\Java\jdk-13.0.2\bin\freetype.dll
0x00007ffa96190000 - 0x00007ffa96236000 	C:\Program Files\Java\jdk-13.0.2\bin\fontmanager.dll

dbghelp: loaded successfully - version: 4.0.5 - missing functions: none
symbol engine: initialized successfully - sym options: 0x614 - pdb path: .;C:\Program Files\Java\jdk-13.0.2\bin;C:\Windows\SYSTEM32;C:\Windows\WinSxS\amd64_microsoft.windows.common-controls_6595b64144ccf1df_6.0.18362.1556_none_9e7e372fe45e41d5;C:\Program Files\Java\jdk-13.0.2\bin\server

VM Arguments:
jvm_args: -Dfile.encoding=Cp1252 
java_command: Application.Home
java_class_path (initial): C:\Users\User\git\bakame\DriveOperations\target\classes;C:\Users\User\Desktop\Libraries\jgoodies-common-1.8.0.jar;C:\Users\User\Desktop\Libraries\jgoodies-forms-1.8.0.jar;C:\Users\User\Desktop\Libraries\miglayout15-swing.jar;C:\Users\User\Downloads\javax.mail.jar;C:\Users\User\Downloads\activation-1.1.1.jar;C:\Users\User\Downloads\jcalendar-1.4.jar;C:\Users\User\Downloads\jfreechart-1.0.19\lib\jcommon-1.0.23.jar;C:\Users\User\Downloads\jfreechart-1.0.19\lib\jfreechart-1.0.19.jar;C:\Users\User\Downloads\commons-net-3.8.0\commons-net-3.8.0.jar;C:\Users\User\Documents\Libs\comm-2.0.jar;C:\Users\User\Documents\Libs\http-2.2.1.jar;C:\Users\User\Downloads\JTattoo-1.6.13.jar;C:\Users\User\Desktop\Libs\jmespath-java-1.11.470.jar;C:\Users\User\Desktop\Libs\aws-java-sdk-core-1.12.65.jar;C:\Users\User\Desktop\Libs\aws-java-sdk-kms-1.12.65.jar;C:\Users\User\Desktop\Libs\aws-java-sdk-s3-1.12.65.jar;C:\Users\User\Desktop\Libs\commons-codec-1.15.jar;C:\Users\User\Desktop\Libs\commons-logging-1.1.3.jar;C:\Users\User\Desktop\Libs\httpclient-4.5.13.jar;C:\Users\User\Desktop\Libs\ion-java-1.0.2.jar;C:\Users\User\Desktop\Libs\jackson-annotations-2.12.3.jar;C:\Users\User\Desktop\Libs\jackson-core-2.12.3.jar;C:\Users\User\Desktop\Libs\jackson-databind-2.12.3.jar;C:\Users\User\Desktop\Libs\jackson-dataformat-cbor-2.12.3.jar;C:\Users\User\Desktop\Libs\jmespath-java-1.12.65.jar;C:\Users\User\Desktop\Libs\joda-time-2.8.1.jar;C:\Users\User\Desktop\Libs\mysql-connector-java-5.1.45.jar;C:\Users\User\.m2\repository\com\amazonaws\aws-java-sdk-s3\1.12.65\aws-java-sdk-s3-1.12.65.jar;C:\Users\User\.m2\repository\com\amazonaws\aws-java-sdk-kms\1.12.65\aws-java-sdk-kms-1.12.65.jar;C:\Users\User\.m2\repository\com\amazonaws\aws-java-sdk-core\1.12.65\aws-java-sdk-core-1.12.65.jar;C:\Users\User\.m2\repository\commons-logging\commons-logging\1.1.3\commons-logging-1.1.3.jar;C:\Users\User\.m2\repository\commons-codec\commons-codec\1.15\commons-codec-1.15.jar;C:\Users\User\.m2\re
Launcher Type: SUN_STANDARD

[Global flags]
     intx CICompilerCount                          = 3                                         {product} {ergonomic}
     uint ConcGCThreads                            = 1                                         {product} {ergonomic}
     uint G1ConcRefinementThreads                  = 4                                         {product} {ergonomic}
   size_t G1HeapRegionSize                         = 1048576                                   {product} {ergonomic}
    uintx GCDrainStackTargetSize                   = 64                                        {product} {ergonomic}
   size_t InitialHeapSize                          = 67108864                                  {product} {ergonomic}
   size_t MarkStackSize                            = 4194304                                   {product} {ergonomic}
   size_t MaxHeapSize                              = 1050673152                                {product} {ergonomic}
   size_t MaxNewSize                               = 630194176                                 {product} {ergonomic}
   size_t MinHeapDeltaBytes                        = 1048576                                   {product} {ergonomic}
   size_t MinHeapSize                              = 8388608                                   {product} {ergonomic}
    uintx NonNMethodCodeHeapSize                   = 5832780                                {pd product} {ergonomic}
    uintx NonProfiledCodeHeapSize                  = 122912730                              {pd product} {ergonomic}
    uintx ProfiledCodeHeapSize                     = 122912730                              {pd product} {ergonomic}
    uintx ReservedCodeCacheSize                    = 251658240                              {pd product} {ergonomic}
     bool SegmentedCodeCache                       = true                                      {product} {ergonomic}
   size_t SoftMaxHeapSize                          = 1050673152                             {manageable} {ergonomic}
     bool UseCompressedClassPointers               = true                                 {lp64_product} {ergonomic}
     bool UseCompressedOops                        = true                                 {lp64_product} {ergonomic}
     bool UseG1GC                                  = true                                      {product} {ergonomic}
     bool UseLargePagesIndividualAllocation        = false                                  {pd product} {ergonomic}

Logging:
Log output configuration:
 #0: stdout all=warning uptime,level,tags
 #1: stderr all=off uptime,level,tags

Environment Variables:
JAVA_HOME=C:\Program Files (x86)\Java\jre1.8.0_241
PATH=C:\Program Files\Java\jdk-13.0.2\bin;C:\Program Files (x86)\Common Files\Oracle\Java\javapath;C:\Windows\system32;C:\Windows;C:\Windows\System32\Wbem;C:\Windows\System32\WindowsPowerShell\v1.0\;C:\Windows\System32\OpenSSH\;C:\Program Files (x86)\apache-maven-3.8.1\bin;C:\Program Files (x86)\gradle-7.1.1\bin;C:\Users\User\Documents\Setup logiciels\mongosh-1.1.2-win32-x64\bin;C:\Program Files\Git\cmd;C:\Program Files\MySQL\MySQL Shell 8.0\bin\;C:\Users\User\AppData\Local\Microsoft\WindowsApps;C:\Users\User\AppData\Local\Programs\Microsoft VS Code\bin;C:\Program Files (x86)\gradle-7.1.1\bin;C:\Users\User\Downloads\platform-tools;C:\Users\User\Documents\Setup logiciels\mongosh-1.1.2-win32-x64\bin;C:\Users\User\AppData\Local\GitHubDesktop\bin;C:\Program Files\JetBrains\IntelliJ IDEA 2022.1.1\bin;
USERNAME=User
OS=Windows_NT
PROCESSOR_IDENTIFIER=Intel64 Family 6 Model 42 Stepping 7, GenuineIntel



---------------  S Y S T E M  ---------------

OS: Windows 10 , 64 bit Build 18362 (10.0.18362.1500)

CPU:total 4 (initial active 4) (2 cores per cpu, 2 threads per core) family 6 model 42 stepping 7, cmov, cx8, fxsr, mmx, sse, sse2, sse3, ssse3, sse4.1, sse4.2, popcnt, avx, aes, clmul, ht, tsc, tscinvbit

Memory: 4k page, system-wide physical 4006M (362M free)
TotalPageFile size 16294M (AvailPageFile size 2M)
current process WorkingSet (physical memory assigned to process): 113M, peak: 113M
current process commit charge ("private bytes"): 176M, peak: 288M

vm_info: Java HotSpot(TM) 64-Bit Server VM (13.0.2+8) for windows-amd64 JRE (13.0.2+8), built on Dec 11 2019 09:20:33 by "mach5one" with unknown MS VC++:1916

END.
