#
# There is insufficient memory for the Java Runtime Environment to continue.
# Native memory allocation (malloc) failed to allocate 32784 bytes for Chunk::new
# Possible reasons:
#   The system is out of physical RAM or swap space
#   The process is running with CompressedOops enabled, and the Java Heap may be blocking the growth of the native heap
# Possible solutions:
#   Reduce memory load on the system
#   Increase physical memory or swap space
#   Check if swap backing store is full
#   Decrease Java heap size (-Xmx/-Xms)
#   Decrease number of Java threads
#   Decrease Java thread stack sizes (-Xss)
#   Set larger code cache with -XX:ReservedCodeCacheSize=
#   JVM is running with Unscaled Compressed Oops mode in which the Java heap is
#     placed in the first 4GB address space. The Java Heap base address is the
#     maximum limit for the native heap growth. Please use -XX:HeapBaseMinAddress
#     to set the Java Heap base and to place the Java Heap above 4GB virtual address.
# This output file may be truncated or incomplete.
#
#  Out of Memory Error (t:/workspace/open/src/hotspot/share/memory/arena.cpp:196), pid=9504, tid=1240
#
# JRE version: Java(TM) SE Runtime Environment (13.0.2+8) (build 13.0.2+8)
# Java VM: Java HotSpot(TM) 64-Bit Server VM (13.0.2+8, mixed mode, sharing, tiered, compressed oops, g1 gc, windows-amd64)
# No core dump will be written. Minidumps are not enabled by default on client versions of Windows
#

---------------  S U M M A R Y ------------

Command Line: -Dfile.encoding=Cp1252 Application.Home

Host: Intel(R) Core(TM) i5-2520M CPU @ 2.50GHz, 4 cores, 3G,  Windows 10 , 64 bit Build 18362 (10.0.18362.1500)
Time: Mon Apr 18 16:59:02 2022 Afrique de l?Est elapsed time: 5328 seconds (0d 1h 28m 48s)

---------------  T H R E A D  ---------------

Current thread (0x000001e9c1f17000):  JavaThread "C2 CompilerThread0" daemon [_thread_in_native, id=1240, stack(0x00000071d7400000,0x00000071d7500000)]


Current CompileTask:
C2:5329080 4438       4       java.net.URLStreamHandler::parseURL (1201 bytes)

Stack: [0x00000071d7400000,0x00000071d7500000]
Native frames: (J=compiled Java code, j=interpreted, Vv=VM code, C=native code)
V  [jvm.dll+0x624f9a]
V  [jvm.dll+0x770cfa]
V  [jvm.dll+0x7724af]
V  [jvm.dll+0x772ab3]
V  [jvm.dll+0x24bf08]
V  [jvm.dll+0xc1e47]
V  [jvm.dll+0xc23cc]
V  [jvm.dll+0xc1f2d]
V  [jvm.dll+0x60763f]
V  [jvm.dll+0x53390e]
V  [jvm.dll+0x533563]
V  [jvm.dll+0x532fe3]
V  [jvm.dll+0x5358d2]
V  [jvm.dll+0x535169]
V  [jvm.dll+0x5347be]
V  [jvm.dll+0x534785]
V  [jvm.dll+0x5347d1]
V  [jvm.dll+0x5347d1]
V  [jvm.dll+0x5347d1]
V  [jvm.dll+0x544935]
V  [jvm.dll+0x20de66]
V  [jvm.dll+0x2075b4]
V  [jvm.dll+0x204d1d]
V  [jvm.dll+0x189c2c]
V  [jvm.dll+0x213e6d]
V  [jvm.dll+0x2120bb]
V  [jvm.dll+0x736bb6]
V  [jvm.dll+0x72fcaa]
V  [jvm.dll+0x623ea6]
C  [ucrtbase.dll+0x210b2]
C  [KERNEL32.DLL+0x17c24]
C  [ntdll.dll+0x6d721]


---------------  P R O C E S S  ---------------

Threads class SMR info:
_java_thread_list=0x000001e9c457ebe0, length=26, elements={
0x000001e9a5fcd800, 0x000001e9c1ef2000, 0x000001e9c1f09000, 0x000001e9c1f0b800,
0x000001e9c1f17000, 0x000001e9c1f28800, 0x000001e9c1f51800, 0x000001e9c297b000,
0x000001e9c2982800, 0x000001e9c2c91800, 0x000001e9c2c95800, 0x000001e9c2c97000,
0x000001e9c2dd0000, 0x000001e9a5f02000, 0x000001e9c297e000, 0x000001e9c2e08000,
0x000001e9c3b04800, 0x000001e9c39ec000, 0x000001e9c3bda000, 0x000001e9c3bd8000,
0x000001e9c3bdb800, 0x000001e9c3bde800, 0x000001e9c3bdc000, 0x000001e9c3bdd000,
0x000001e9c3bde000, 0x000001e9c3bd9000
}

Java Threads: ( => current thread )
  0x000001e9a5fcd800 JavaThread "Reference Handler" daemon [_thread_blocked, id=10828, stack(0x00000071d7000000,0x00000071d7100000)]
  0x000001e9c1ef2000 JavaThread "Finalizer" daemon [_thread_blocked, id=1112, stack(0x00000071d7100000,0x00000071d7200000)]
  0x000001e9c1f09000 JavaThread "Signal Dispatcher" daemon [_thread_blocked, id=8756, stack(0x00000071d7200000,0x00000071d7300000)]
  0x000001e9c1f0b800 JavaThread "Attach Listener" daemon [_thread_blocked, id=2820, stack(0x00000071d7300000,0x00000071d7400000)]
=>0x000001e9c1f17000 JavaThread "C2 CompilerThread0" daemon [_thread_in_native, id=1240, stack(0x00000071d7400000,0x00000071d7500000)]
  0x000001e9c1f28800 JavaThread "C1 CompilerThread0" daemon [_thread_blocked, id=1720, stack(0x00000071d7500000,0x00000071d7600000)]
  0x000001e9c1f51800 JavaThread "Sweeper thread" daemon [_thread_blocked, id=12708, stack(0x00000071d7600000,0x00000071d7700000)]
  0x000001e9c297b000 JavaThread "Service Thread" daemon [_thread_blocked, id=13200, stack(0x00000071d7700000,0x00000071d7800000)]
  0x000001e9c2982800 JavaThread "Common-Cleaner" daemon [_thread_blocked, id=11612, stack(0x00000071d7900000,0x00000071d7a00000)]
  0x000001e9c2c91800 JavaThread "Java2D Disposer" daemon [_thread_blocked, id=3160, stack(0x00000071d7a00000,0x00000071d7b00000)]
  0x000001e9c2c95800 JavaThread "AWT-Shutdown" [_thread_blocked, id=2548, stack(0x00000071d7b00000,0x00000071d7c00000)]
  0x000001e9c2c97000 JavaThread "AWT-Windows" daemon [_thread_in_native, id=13192, stack(0x00000071d7c00000,0x00000071d7d00000)]
  0x000001e9c2dd0000 JavaThread "AWT-EventQueue-0" [_thread_blocked, id=12252, stack(0x00000071d7d00000,0x00000071d7e00000)]
  0x000001e9a5f02000 JavaThread "DestroyJavaVM" [_thread_blocked, id=9236, stack(0x00000071d6900000,0x00000071d6a00000)]
  0x000001e9c297e000 JavaThread "Abandoned connection cleanup thread" daemon [_thread_blocked, id=12768, stack(0x00000071d7e00000,0x00000071d7f00000)]
  0x000001e9c2e08000 JavaThread "mysql-cj-abandoned-connection-cleanup" daemon [_thread_blocked, id=6120, stack(0x00000071d7f00000,0x00000071d8000000)]
  0x000001e9c3b04800 JavaThread "TimerQueue" daemon [_thread_blocked, id=12476, stack(0x00000071d8500000,0x00000071d8600000)]
  0x000001e9c39ec000 JavaThread "SwingWorker-pool-1-thread-1" daemon [_thread_blocked, id=10460, stack(0x00000071d8800000,0x00000071d8900000)]
  0x000001e9c3bda000 JavaThread "SwingWorker-pool-1-thread-2" daemon [_thread_blocked, id=13268, stack(0x00000071d8900000,0x00000071d8a00000)]
  0x000001e9c3bd8000 JavaThread "SwingWorker-pool-1-thread-3" daemon [_thread_blocked, id=10340, stack(0x00000071d8a00000,0x00000071d8b00000)]
  0x000001e9c3bdb800 JavaThread "SwingWorker-pool-1-thread-4" daemon [_thread_blocked, id=9984, stack(0x00000071d8700000,0x00000071d8800000)]
  0x000001e9c3bde800 JavaThread "SwingWorker-pool-1-thread-5" daemon [_thread_blocked, id=3104, stack(0x00000071d8b00000,0x00000071d8c00000)]
  0x000001e9c3bdc000 JavaThread "SwingWorker-pool-1-thread-6" daemon [_thread_blocked, id=11248, stack(0x00000071d8600000,0x00000071d8700000)]
  0x000001e9c3bdd000 JavaThread "SwingWorker-pool-1-thread-7" daemon [_thread_blocked, id=1144, stack(0x00000071d8d00000,0x00000071d8e00000)]
  0x000001e9c3bde000 JavaThread "SwingWorker-pool-1-thread-8" daemon [_thread_blocked, id=10384, stack(0x00000071d8e00000,0x00000071d8f00000)]
  0x000001e9c3bd9000 JavaThread "SwingWorker-pool-1-thread-9" daemon [_thread_blocked, id=7724, stack(0x00000071d8f00000,0x00000071d9000000)]

Other Threads:
  0x000001e9c1eec800 VMThread "VM Thread" [stack: 0x00000071d6f00000,0x00000071d7000000] [id=7452]
  0x000001e9c2980800 WatcherThread [stack: 0x00000071d7800000,0x00000071d7900000] [id=10208]
  0x000001e9a5f34000 GCTaskThread "GC Thread#0" [stack: 0x00000071d6a00000,0x00000071d6b00000] [id=4872]
  0x000001e9c329d000 GCTaskThread "GC Thread#1" [stack: 0x00000071d8000000,0x00000071d8100000] [id=9724]
  0x000001e9c329e800 GCTaskThread "GC Thread#2" [stack: 0x00000071d8100000,0x00000071d8200000] [id=1132]
  0x000001e9c3299000 GCTaskThread "GC Thread#3" [stack: 0x00000071d8200000,0x00000071d8300000] [id=10084]
  0x000001e9a5f3e000 ConcurrentGCThread "G1 Main Marker" [stack: 0x00000071d6b00000,0x00000071d6c00000] [id=11112]
  0x000001e9a5f43000 ConcurrentGCThread "G1 Conc#0" [stack: 0x00000071d6c00000,0x00000071d6d00000] [id=9388]
  0x000001e9a5f96800 ConcurrentGCThread "G1 Refine#0" [stack: 0x00000071d6d00000,0x00000071d6e00000] [id=11680]
  0x000001e9c32c9800 ConcurrentGCThread "G1 Refine#1" [stack: 0x00000071d8300000,0x00000071d8400000] [id=7772]
  0x000001e9a5f9a800 ConcurrentGCThread "G1 Young RemSet Sampling" [stack: 0x00000071d6e00000,0x00000071d6f00000] [id=9612]

Threads with active compile tasks:
C2 CompilerThread0  5332082 4438       4       java.net.URLStreamHandler::parseURL (1201 bytes)

VM state:not at safepoint (normal execution)

VM Mutex/Monitor currently owned by a thread: None

Heap address: 0x00000000c1600000, size: 1002 MB, Compressed Oops mode: 32-bit
Narrow klass base: 0x0000000800000000, Narrow klass shift: 3
Compressed class space size: 1073741824 Address: 0x0000000800b40000

Heap:
 garbage-first heap   total 230400K, used 182656K [0x00000000c1600000, 0x0000000100000000)
  region size 1024K, 50 young (51200K), 1 survivors (1024K)
 Metaspace       used 25236K, capacity 25700K, committed 25984K, reserved 1073152K
  class space    used 2714K, capacity 2882K, committed 2944K, reserved 1048576K
Heap Regions: E=young(eden), S=young(survivor), O=old, HS=humongous(starts), HC=humongous(continues), CS=collection set, F=free, A=archive, TAMS=top-at-mark-start (previous, next)
|   0|0x00000000c1600000, 0x00000000c16fb3d8, 0x00000000c1700000| 98%| O|  |TAMS 0x00000000c16fb3d8, 0x00000000c1600000| Untracked 
|   1|0x00000000c1700000, 0x00000000c17fec98, 0x00000000c1800000| 99%| O|  |TAMS 0x00000000c17fec98, 0x00000000c1700000| Untracked 
|   2|0x00000000c1800000, 0x00000000c18ff928, 0x00000000c1900000| 99%| O|  |TAMS 0x00000000c18ff928, 0x00000000c1800000| Untracked 
|   3|0x00000000c1900000, 0x00000000c19ecdd0, 0x00000000c1a00000| 92%| O|  |TAMS 0x00000000c19ecdd0, 0x00000000c1900000| Untracked 
|   4|0x00000000c1a00000, 0x00000000c1b00000, 0x00000000c1b00000|100%| O|  |TAMS 0x00000000c1b00000, 0x00000000c1a00000| Untracked 
|   5|0x00000000c1b00000, 0x00000000c1bffff0, 0x00000000c1c00000| 99%| O|  |TAMS 0x00000000c1bffff0, 0x00000000c1b00000| Untracked 
|   6|0x00000000c1c00000, 0x00000000c1cf9158, 0x00000000c1d00000| 97%| O|  |TAMS 0x00000000c1cf9158, 0x00000000c1c00000| Untracked 
|   7|0x00000000c1d00000, 0x00000000c1dd5da0, 0x00000000c1e00000| 83%| O|  |TAMS 0x00000000c1dd5da0, 0x00000000c1d00000| Untracked 
|   8|0x00000000c1e00000, 0x00000000c1ebf768, 0x00000000c1f00000| 74%| O|  |TAMS 0x00000000c1ebf768, 0x00000000c1e00000| Untracked 
|   9|0x00000000c1f00000, 0x00000000c1f8a6c0, 0x00000000c2000000| 54%| O|  |TAMS 0x00000000c1f8a6c0, 0x00000000c1f00000| Untracked 
|  10|0x00000000c2000000, 0x00000000c20e9a98, 0x00000000c2100000| 91%| O|  |TAMS 0x00000000c20e9a98, 0x00000000c2000000| Untracked 
|  11|0x00000000c2100000, 0x00000000c21ff960, 0x00000000c2200000| 99%| O|  |TAMS 0x00000000c21ff960, 0x00000000c2100000| Untracked 
|  12|0x00000000c2200000, 0x00000000c221aad8, 0x00000000c2300000| 10%| O|  |TAMS 0x00000000c221aad8, 0x00000000c2200000| Untracked 
|  13|0x00000000c2300000, 0x00000000c2400000, 0x00000000c2400000|100%|HS|  |TAMS 0x00000000c2400000, 0x00000000c2300000| Complete 
|  14|0x00000000c2400000, 0x00000000c2500000, 0x00000000c2500000|100%|HC|  |TAMS 0x00000000c2500000, 0x00000000c2400000| Complete 
|  15|0x00000000c2500000, 0x00000000c2600000, 0x00000000c2600000|100%|HC|  |TAMS 0x00000000c2600000, 0x00000000c2500000| Complete 
|  16|0x00000000c2600000, 0x00000000c2700000, 0x00000000c2700000|100%|HC|  |TAMS 0x00000000c2700000, 0x00000000c2600000| Complete 
|  17|0x00000000c2700000, 0x00000000c2800000, 0x00000000c2800000|100%|HS|  |TAMS 0x00000000c2700000, 0x00000000c2700000| Complete 
|  18|0x00000000c2800000, 0x00000000c2900000, 0x00000000c2900000|100%|HC|  |TAMS 0x00000000c2800000, 0x00000000c2800000| Complete 
|  19|0x00000000c2900000, 0x00000000c2a00000, 0x00000000c2a00000|100%|HC|  |TAMS 0x00000000c2900000, 0x00000000c2900000| Complete 
|  20|0x00000000c2a00000, 0x00000000c2b00000, 0x00000000c2b00000|100%|HC|  |TAMS 0x00000000c2a00000, 0x00000000c2a00000| Complete 
|  21|0x00000000c2b00000, 0x00000000c2b00000, 0x00000000c2c00000|  0%| F|  |TAMS 0x00000000c2b00000, 0x00000000c2b00000| Untracked 
|  22|0x00000000c2c00000, 0x00000000c2c00000, 0x00000000c2d00000|  0%| F|  |TAMS 0x00000000c2c00000, 0x00000000c2c00000| Untracked 
|  23|0x00000000c2d00000, 0x00000000c2d00000, 0x00000000c2e00000|  0%| F|  |TAMS 0x00000000c2d00000, 0x00000000c2d00000| Untracked 
|  24|0x00000000c2e00000, 0x00000000c2e00000, 0x00000000c2f00000|  0%| F|  |TAMS 0x00000000c2e00000, 0x00000000c2e00000| Untracked 
|  25|0x00000000c2f00000, 0x00000000c2f00000, 0x00000000c3000000|  0%| F|  |TAMS 0x00000000c2f00000, 0x00000000c2f00000| Untracked 
|  26|0x00000000c3000000, 0x00000000c3000000, 0x00000000c3100000|  0%| F|  |TAMS 0x00000000c3000000, 0x00000000c3000000| Untracked 
|  27|0x00000000c3100000, 0x00000000c3100000, 0x00000000c3200000|  0%| F|  |TAMS 0x00000000c3100000, 0x00000000c3100000| Untracked 
|  28|0x00000000c3200000, 0x00000000c3200000, 0x00000000c3300000|  0%| F|  |TAMS 0x00000000c3200000, 0x00000000c3200000| Untracked 
|  29|0x00000000c3300000, 0x00000000c3300000, 0x00000000c3400000|  0%| F|  |TAMS 0x00000000c3300000, 0x00000000c3300000| Untracked 
|  30|0x00000000c3400000, 0x00000000c3400000, 0x00000000c3500000|  0%| F|  |TAMS 0x00000000c3400000, 0x00000000c3400000| Untracked 
|  31|0x00000000c3500000, 0x00000000c3500000, 0x00000000c3600000|  0%| F|  |TAMS 0x00000000c3500000, 0x00000000c3500000| Untracked 
|  32|0x00000000c3600000, 0x00000000c3600000, 0x00000000c3700000|  0%| F|  |TAMS 0x00000000c3600000, 0x00000000c3600000| Untracked 
|  33|0x00000000c3700000, 0x00000000c3700000, 0x00000000c3800000|  0%| F|  |TAMS 0x00000000c3700000, 0x00000000c3700000| Untracked 
|  34|0x00000000c3800000, 0x00000000c3800000, 0x00000000c3900000|  0%| F|  |TAMS 0x00000000c3800000, 0x00000000c3800000| Untracked 
|  35|0x00000000c3900000, 0x00000000c3900000, 0x00000000c3a00000|  0%| F|  |TAMS 0x00000000c3900000, 0x00000000c3900000| Untracked 
|  36|0x00000000c3a00000, 0x00000000c3a00000, 0x00000000c3b00000|  0%| F|  |TAMS 0x00000000c3a00000, 0x00000000c3a00000| Untracked 
|  37|0x00000000c3b00000, 0x00000000c3b00000, 0x00000000c3c00000|  0%| F|  |TAMS 0x00000000c3b00000, 0x00000000c3b00000| Untracked 
|  38|0x00000000c3c00000, 0x00000000c3c00000, 0x00000000c3d00000|  0%| F|  |TAMS 0x00000000c3c00000, 0x00000000c3c00000| Untracked 
|  39|0x00000000c3d00000, 0x00000000c3d00000, 0x00000000c3e00000|  0%| F|  |TAMS 0x00000000c3d00000, 0x00000000c3d00000| Untracked 
|  40|0x00000000c3e00000, 0x00000000c3e00000, 0x00000000c3f00000|  0%| F|  |TAMS 0x00000000c3e00000, 0x00000000c3e00000| Untracked 
|  41|0x00000000c3f00000, 0x00000000c3f00000, 0x00000000c4000000|  0%| F|  |TAMS 0x00000000c3f00000, 0x00000000c3f00000| Untracked 
|  42|0x00000000c4000000, 0x00000000c4000000, 0x00000000c4100000|  0%| F|  |TAMS 0x00000000c4000000, 0x00000000c4000000| Untracked 
|  43|0x00000000c4100000, 0x00000000c4100000, 0x00000000c4200000|  0%| F|  |TAMS 0x00000000c4100000, 0x00000000c4100000| Untracked 
|  44|0x00000000c4200000, 0x00000000c4200000, 0x00000000c4300000|  0%| F|  |TAMS 0x00000000c4200000, 0x00000000c4200000| Untracked 
|  45|0x00000000c4300000, 0x00000000c4300000, 0x00000000c4400000|  0%| F|  |TAMS 0x00000000c4300000, 0x00000000c4300000| Untracked 
|  46|0x00000000c4400000, 0x00000000c4400000, 0x00000000c4500000|  0%| F|  |TAMS 0x00000000c4400000, 0x00000000c4400000| Untracked 
|  47|0x00000000c4500000, 0x00000000c4500000, 0x00000000c4600000|  0%| F|  |TAMS 0x00000000c4500000, 0x00000000c4500000| Untracked 
|  48|0x00000000c4600000, 0x00000000c4600000, 0x00000000c4700000|  0%| F|  |TAMS 0x00000000c4600000, 0x00000000c4600000| Untracked 
|  49|0x00000000c4700000, 0x00000000c4700000, 0x00000000c4800000|  0%| F|  |TAMS 0x00000000c4700000, 0x00000000c4700000| Untracked 
|  50|0x00000000c4800000, 0x00000000c4800000, 0x00000000c4900000|  0%| F|  |TAMS 0x00000000c4800000, 0x00000000c4800000| Untracked 
|  51|0x00000000c4900000, 0x00000000c4900000, 0x00000000c4a00000|  0%| F|  |TAMS 0x00000000c4900000, 0x00000000c4900000| Untracked 
|  52|0x00000000c4a00000, 0x00000000c4a00000, 0x00000000c4b00000|  0%| F|  |TAMS 0x00000000c4a00000, 0x00000000c4a00000| Untracked 
|  53|0x00000000c4b00000, 0x00000000c4b00000, 0x00000000c4c00000|  0%| F|  |TAMS 0x00000000c4b00000, 0x00000000c4b00000| Untracked 
|  54|0x00000000c4c00000, 0x00000000c4c00000, 0x00000000c4d00000|  0%| F|  |TAMS 0x00000000c4c00000, 0x00000000c4c00000| Untracked 
|  55|0x00000000c4d00000, 0x00000000c4d00000, 0x00000000c4e00000|  0%| F|  |TAMS 0x00000000c4d00000, 0x00000000c4d00000| Untracked 
|  56|0x00000000c4e00000, 0x00000000c4e00000, 0x00000000c4f00000|  0%| F|  |TAMS 0x00000000c4e00000, 0x00000000c4e00000| Untracked 
|  57|0x00000000c4f00000, 0x00000000c4f00000, 0x00000000c5000000|  0%| F|  |TAMS 0x00000000c4f00000, 0x00000000c4f00000| Untracked 
|  58|0x00000000c5000000, 0x00000000c5000000, 0x00000000c5100000|  0%| F|  |TAMS 0x00000000c5000000, 0x00000000c5000000| Untracked 
|  59|0x00000000c5100000, 0x00000000c5100000, 0x00000000c5200000|  0%| F|  |TAMS 0x00000000c5100000, 0x00000000c5100000| Untracked 
|  60|0x00000000c5200000, 0x00000000c5200000, 0x00000000c5300000|  0%| F|  |TAMS 0x00000000c5200000, 0x00000000c5200000| Untracked 
|  61|0x00000000c5300000, 0x00000000c5300000, 0x00000000c5400000|  0%| F|  |TAMS 0x00000000c5300000, 0x00000000c5300000| Untracked 
|  62|0x00000000c5400000, 0x00000000c5400000, 0x00000000c5500000|  0%| F|  |TAMS 0x00000000c5400000, 0x00000000c5400000| Untracked 
|  63|0x00000000c5500000, 0x00000000c5600000, 0x00000000c5600000|100%| E|  |TAMS 0x00000000c5500000, 0x00000000c5500000| Complete 
|  64|0x00000000c5600000, 0x00000000c5700000, 0x00000000c5700000|100%|HS|  |TAMS 0x00000000c5700000, 0x00000000c5600000| Complete 
|  65|0x00000000c5700000, 0x00000000c5800000, 0x00000000c5800000|100%|HC|  |TAMS 0x00000000c5800000, 0x00000000c5700000| Complete 
|  66|0x00000000c5800000, 0x00000000c5900000, 0x00000000c5900000|100%|HC|  |TAMS 0x00000000c5900000, 0x00000000c5800000| Complete 
|  67|0x00000000c5900000, 0x00000000c5a00000, 0x00000000c5a00000|100%|HC|  |TAMS 0x00000000c5a00000, 0x00000000c5900000| Complete 
|  68|0x00000000c5a00000, 0x00000000c5b00000, 0x00000000c5b00000|100%|HC|  |TAMS 0x00000000c5b00000, 0x00000000c5a00000| Complete 
|  69|0x00000000c5b00000, 0x00000000c5c00000, 0x00000000c5c00000|100%|HC|  |TAMS 0x00000000c5c00000, 0x00000000c5b00000| Complete 
|  70|0x00000000c5c00000, 0x00000000c5d00000, 0x00000000c5d00000|100%|HC|  |TAMS 0x00000000c5d00000, 0x00000000c5c00000| Complete 
|  71|0x00000000c5d00000, 0x00000000c5e00000, 0x00000000c5e00000|100%|HC|  |TAMS 0x00000000c5e00000, 0x00000000c5d00000| Complete 
|  72|0x00000000c5e00000, 0x00000000c5f00000, 0x00000000c5f00000|100%|HC|  |TAMS 0x00000000c5f00000, 0x00000000c5e00000| Complete 
|  73|0x00000000c5f00000, 0x00000000c6000000, 0x00000000c6000000|100%|HC|  |TAMS 0x00000000c6000000, 0x00000000c5f00000| Complete 
|  74|0x00000000c6000000, 0x00000000c6100000, 0x00000000c6100000|100%|HC|  |TAMS 0x00000000c6100000, 0x00000000c6000000| Complete 
|  75|0x00000000c6100000, 0x00000000c6200000, 0x00000000c6200000|100%|HC|  |TAMS 0x00000000c6200000, 0x00000000c6100000| Complete 
|  76|0x00000000c6200000, 0x00000000c6300000, 0x00000000c6300000|100%|HC|  |TAMS 0x00000000c6300000, 0x00000000c6200000| Complete 
|  77|0x00000000c6300000, 0x00000000c6400000, 0x00000000c6400000|100%|HC|  |TAMS 0x00000000c6400000, 0x00000000c6300000| Complete 
|  78|0x00000000c6400000, 0x00000000c6500000, 0x00000000c6500000|100%|HC|  |TAMS 0x00000000c6500000, 0x00000000c6400000| Complete 
|  79|0x00000000c6500000, 0x00000000c6600000, 0x00000000c6600000|100%|HC|  |TAMS 0x00000000c6600000, 0x00000000c6500000| Complete 
|  80|0x00000000c6600000, 0x00000000c6700000, 0x00000000c6700000|100%|HC|  |TAMS 0x00000000c6700000, 0x00000000c6600000| Complete 
|  81|0x00000000c6700000, 0x00000000c6800000, 0x00000000c6800000|100%|HC|  |TAMS 0x00000000c6800000, 0x00000000c6700000| Complete 
|  82|0x00000000c6800000, 0x00000000c6900000, 0x00000000c6900000|100%|HC|  |TAMS 0x00000000c6900000, 0x00000000c6800000| Complete 
|  83|0x00000000c6900000, 0x00000000c6a00000, 0x00000000c6a00000|100%|HC|  |TAMS 0x00000000c6a00000, 0x00000000c6900000| Complete 
|  84|0x00000000c6a00000, 0x00000000c6b00000, 0x00000000c6b00000|100%|HC|  |TAMS 0x00000000c6b00000, 0x00000000c6a00000| Complete 
|  85|0x00000000c6b00000, 0x00000000c6c00000, 0x00000000c6c00000|100%|HC|  |TAMS 0x00000000c6c00000, 0x00000000c6b00000| Complete 
|  86|0x00000000c6c00000, 0x00000000c6d00000, 0x00000000c6d00000|100%|HC|  |TAMS 0x00000000c6d00000, 0x00000000c6c00000| Complete 
|  87|0x00000000c6d00000, 0x00000000c6e00000, 0x00000000c6e00000|100%|HC|  |TAMS 0x00000000c6e00000, 0x00000000c6d00000| Complete 
|  88|0x00000000c6e00000, 0x00000000c6f00000, 0x00000000c6f00000|100%|HC|  |TAMS 0x00000000c6f00000, 0x00000000c6e00000| Complete 
|  89|0x00000000c6f00000, 0x00000000c7000000, 0x00000000c7000000|100%|HC|  |TAMS 0x00000000c7000000, 0x00000000c6f00000| Complete 
|  90|0x00000000c7000000, 0x00000000c7100000, 0x00000000c7100000|100%|HC|  |TAMS 0x00000000c7100000, 0x00000000c7000000| Complete 
|  91|0x00000000c7100000, 0x00000000c7200000, 0x00000000c7200000|100%|HC|  |TAMS 0x00000000c7200000, 0x00000000c7100000| Complete 
|  92|0x00000000c7200000, 0x00000000c7300000, 0x00000000c7300000|100%|HC|  |TAMS 0x00000000c7300000, 0x00000000c7200000| Complete 
|  93|0x00000000c7300000, 0x00000000c7400000, 0x00000000c7400000|100%|HC|  |TAMS 0x00000000c7400000, 0x00000000c7300000| Complete 
|  94|0x00000000c7400000, 0x00000000c7500000, 0x00000000c7500000|100%|HC|  |TAMS 0x00000000c7500000, 0x00000000c7400000| Complete 
|  95|0x00000000c7500000, 0x00000000c7600000, 0x00000000c7600000|100%|HC|  |TAMS 0x00000000c7600000, 0x00000000c7500000| Complete 
|  96|0x00000000c7600000, 0x00000000c7700000, 0x00000000c7700000|100%|HC|  |TAMS 0x00000000c7700000, 0x00000000c7600000| Complete 
|  97|0x00000000c7700000, 0x00000000c7800000, 0x00000000c7800000|100%|HC|  |TAMS 0x00000000c7800000, 0x00000000c7700000| Complete 
|  98|0x00000000c7800000, 0x00000000c7900000, 0x00000000c7900000|100%|HC|  |TAMS 0x00000000c7900000, 0x00000000c7800000| Complete 
|  99|0x00000000c7900000, 0x00000000c7a00000, 0x00000000c7a00000|100%|HC|  |TAMS 0x00000000c7a00000, 0x00000000c7900000| Complete 
| 100|0x00000000c7a00000, 0x00000000c7b00000, 0x00000000c7b00000|100%|HC|  |TAMS 0x00000000c7b00000, 0x00000000c7a00000| Complete 
| 101|0x00000000c7b00000, 0x00000000c7c00000, 0x00000000c7c00000|100%|HC|  |TAMS 0x00000000c7c00000, 0x00000000c7b00000| Complete 
| 102|0x00000000c7c00000, 0x00000000c7d00000, 0x00000000c7d00000|100%|HC|  |TAMS 0x00000000c7d00000, 0x00000000c7c00000| Complete 
| 103|0x00000000c7d00000, 0x00000000c7e00000, 0x00000000c7e00000|100%|HC|  |TAMS 0x00000000c7e00000, 0x00000000c7d00000| Complete 
| 104|0x00000000c7e00000, 0x00000000c7f00000, 0x00000000c7f00000|100%|HC|  |TAMS 0x00000000c7f00000, 0x00000000c7e00000| Complete 
| 105|0x00000000c7f00000, 0x00000000c8000000, 0x00000000c8000000|100%|HC|  |TAMS 0x00000000c8000000, 0x00000000c7f00000| Complete 
| 106|0x00000000c8000000, 0x00000000c8100000, 0x00000000c8100000|100%|HC|  |TAMS 0x00000000c8100000, 0x00000000c8000000| Complete 
| 107|0x00000000c8100000, 0x00000000c8200000, 0x00000000c8200000|100%|HC|  |TAMS 0x00000000c8200000, 0x00000000c8100000| Complete 
| 108|0x00000000c8200000, 0x00000000c8300000, 0x00000000c8300000|100%|HC|  |TAMS 0x00000000c8300000, 0x00000000c8200000| Complete 
| 109|0x00000000c8300000, 0x00000000c8400000, 0x00000000c8400000|100%|HC|  |TAMS 0x00000000c8400000, 0x00000000c8300000| Complete 
| 110|0x00000000c8400000, 0x00000000c8500000, 0x00000000c8500000|100%|HC|  |TAMS 0x00000000c8500000, 0x00000000c8400000| Complete 
| 111|0x00000000c8500000, 0x00000000c8600000, 0x00000000c8600000|100%|HC|  |TAMS 0x00000000c8600000, 0x00000000c8500000| Complete 
| 112|0x00000000c8600000, 0x00000000c8700000, 0x00000000c8700000|100%|HC|  |TAMS 0x00000000c8700000, 0x00000000c8600000| Complete 
| 113|0x00000000c8700000, 0x00000000c8800000, 0x00000000c8800000|100%|HC|  |TAMS 0x00000000c8800000, 0x00000000c8700000| Complete 
| 114|0x00000000c8800000, 0x00000000c8900000, 0x00000000c8900000|100%|HC|  |TAMS 0x00000000c8900000, 0x00000000c8800000| Complete 
| 115|0x00000000c8900000, 0x00000000c8a00000, 0x00000000c8a00000|100%|HC|  |TAMS 0x00000000c8a00000, 0x00000000c8900000| Complete 
| 116|0x00000000c8a00000, 0x00000000c8b00000, 0x00000000c8b00000|100%|HC|  |TAMS 0x00000000c8b00000, 0x00000000c8a00000| Complete 
| 117|0x00000000c8b00000, 0x00000000c8c00000, 0x00000000c8c00000|100%|HC|  |TAMS 0x00000000c8c00000, 0x00000000c8b00000| Complete 
| 118|0x00000000c8c00000, 0x00000000c8d00000, 0x00000000c8d00000|100%|HC|  |TAMS 0x00000000c8d00000, 0x00000000c8c00000| Complete 
| 119|0x00000000c8d00000, 0x00000000c8e00000, 0x00000000c8e00000|100%|HC|  |TAMS 0x00000000c8e00000, 0x00000000c8d00000| Complete 
| 120|0x00000000c8e00000, 0x00000000c8f00000, 0x00000000c8f00000|100%|HC|  |TAMS 0x00000000c8f00000, 0x00000000c8e00000| Complete 
| 121|0x00000000c8f00000, 0x00000000c9000000, 0x00000000c9000000|100%|HC|  |TAMS 0x00000000c9000000, 0x00000000c8f00000| Complete 
| 122|0x00000000c9000000, 0x00000000c9100000, 0x00000000c9100000|100%|HC|  |TAMS 0x00000000c9100000, 0x00000000c9000000| Complete 
| 123|0x00000000c9100000, 0x00000000c9200000, 0x00000000c9200000|100%|HC|  |TAMS 0x00000000c9200000, 0x00000000c9100000| Complete 
| 124|0x00000000c9200000, 0x00000000c9300000, 0x00000000c9300000|100%|HC|  |TAMS 0x00000000c9300000, 0x00000000c9200000| Complete 
| 125|0x00000000c9300000, 0x00000000c9400000, 0x00000000c9400000|100%|HC|  |TAMS 0x00000000c9400000, 0x00000000c9300000| Complete 
| 126|0x00000000c9400000, 0x00000000c9500000, 0x00000000c9500000|100%|HC|  |TAMS 0x00000000c9500000, 0x00000000c9400000| Complete 
| 127|0x00000000c9500000, 0x00000000c9600000, 0x00000000c9600000|100%|HC|  |TAMS 0x00000000c9600000, 0x00000000c9500000| Complete 
| 128|0x00000000c9600000, 0x00000000c9700000, 0x00000000c9700000|100%|HC|  |TAMS 0x00000000c9700000, 0x00000000c9600000| Complete 
| 129|0x00000000c9700000, 0x00000000c9800000, 0x00000000c9800000|100%|HC|  |TAMS 0x00000000c9800000, 0x00000000c9700000| Complete 
| 130|0x00000000c9800000, 0x00000000c9900000, 0x00000000c9900000|100%|HC|  |TAMS 0x00000000c9900000, 0x00000000c9800000| Complete 
| 131|0x00000000c9900000, 0x00000000c9a00000, 0x00000000c9a00000|100%|HC|  |TAMS 0x00000000c9a00000, 0x00000000c9900000| Complete 
| 132|0x00000000c9a00000, 0x00000000c9b00000, 0x00000000c9b00000|100%|HC|  |TAMS 0x00000000c9b00000, 0x00000000c9a00000| Complete 
| 133|0x00000000c9b00000, 0x00000000c9c00000, 0x00000000c9c00000|100%|HC|  |TAMS 0x00000000c9c00000, 0x00000000c9b00000| Complete 
| 134|0x00000000c9c00000, 0x00000000c9d00000, 0x00000000c9d00000|100%|HC|  |TAMS 0x00000000c9d00000, 0x00000000c9c00000| Complete 
| 135|0x00000000c9d00000, 0x00000000c9e00000, 0x00000000c9e00000|100%|HC|  |TAMS 0x00000000c9e00000, 0x00000000c9d00000| Complete 
| 136|0x00000000c9e00000, 0x00000000c9f00000, 0x00000000c9f00000|100%|HC|  |TAMS 0x00000000c9f00000, 0x00000000c9e00000| Complete 
| 137|0x00000000c9f00000, 0x00000000ca000000, 0x00000000ca000000|100%|HC|  |TAMS 0x00000000ca000000, 0x00000000c9f00000| Complete 
| 138|0x00000000ca000000, 0x00000000ca100000, 0x00000000ca100000|100%|HC|  |TAMS 0x00000000ca100000, 0x00000000ca000000| Complete 
| 139|0x00000000ca100000, 0x00000000ca200000, 0x00000000ca200000|100%|HC|  |TAMS 0x00000000ca200000, 0x00000000ca100000| Complete 
| 140|0x00000000ca200000, 0x00000000ca300000, 0x00000000ca300000|100%|HC|  |TAMS 0x00000000ca300000, 0x00000000ca200000| Complete 
| 141|0x00000000ca300000, 0x00000000ca400000, 0x00000000ca400000|100%|HC|  |TAMS 0x00000000ca400000, 0x00000000ca300000| Complete 
| 142|0x00000000ca400000, 0x00000000ca500000, 0x00000000ca500000|100%|HC|  |TAMS 0x00000000ca500000, 0x00000000ca400000| Complete 
| 143|0x00000000ca500000, 0x00000000ca600000, 0x00000000ca600000|100%|HC|  |TAMS 0x00000000ca600000, 0x00000000ca500000| Complete 
| 144|0x00000000ca600000, 0x00000000ca700000, 0x00000000ca700000|100%|HC|  |TAMS 0x00000000ca700000, 0x00000000ca600000| Complete 
| 145|0x00000000ca700000, 0x00000000ca800000, 0x00000000ca800000|100%|HC|  |TAMS 0x00000000ca800000, 0x00000000ca700000| Complete 
| 146|0x00000000ca800000, 0x00000000ca900000, 0x00000000ca900000|100%|HC|  |TAMS 0x00000000ca900000, 0x00000000ca800000| Complete 
| 147|0x00000000ca900000, 0x00000000caa00000, 0x00000000caa00000|100%|HC|  |TAMS 0x00000000caa00000, 0x00000000ca900000| Complete 
| 148|0x00000000caa00000, 0x00000000cab00000, 0x00000000cab00000|100%|HC|  |TAMS 0x00000000cab00000, 0x00000000caa00000| Complete 
| 149|0x00000000cab00000, 0x00000000cac00000, 0x00000000cac00000|100%|HC|  |TAMS 0x00000000cac00000, 0x00000000cab00000| Complete 
| 150|0x00000000cac00000, 0x00000000cad00000, 0x00000000cad00000|100%|HC|  |TAMS 0x00000000cad00000, 0x00000000cac00000| Complete 
| 151|0x00000000cad00000, 0x00000000cae00000, 0x00000000cae00000|100%|HC|  |TAMS 0x00000000cae00000, 0x00000000cad00000| Complete 
| 152|0x00000000cae00000, 0x00000000caf00000, 0x00000000caf00000|100%|HC|  |TAMS 0x00000000caf00000, 0x00000000cae00000| Complete 
| 153|0x00000000caf00000, 0x00000000cb000000, 0x00000000cb000000|100%|HC|  |TAMS 0x00000000cb000000, 0x00000000caf00000| Complete 
| 154|0x00000000cb000000, 0x00000000cb100000, 0x00000000cb100000|100%|HC|  |TAMS 0x00000000cb100000, 0x00000000cb000000| Complete 
| 155|0x00000000cb100000, 0x00000000cb200000, 0x00000000cb200000|100%|HC|  |TAMS 0x00000000cb200000, 0x00000000cb100000| Complete 
| 156|0x00000000cb200000, 0x00000000cb300000, 0x00000000cb300000|100%|HC|  |TAMS 0x00000000cb300000, 0x00000000cb200000| Complete 
| 157|0x00000000cb300000, 0x00000000cb400000, 0x00000000cb400000|100%|HC|  |TAMS 0x00000000cb400000, 0x00000000cb300000| Complete 
| 158|0x00000000cb400000, 0x00000000cb500000, 0x00000000cb500000|100%|HC|  |TAMS 0x00000000cb500000, 0x00000000cb400000| Complete 
| 159|0x00000000cb500000, 0x00000000cb600000, 0x00000000cb600000|100%|HC|  |TAMS 0x00000000cb600000, 0x00000000cb500000| Complete 
| 160|0x00000000cb600000, 0x00000000cb700000, 0x00000000cb700000|100%|HC|  |TAMS 0x00000000cb700000, 0x00000000cb600000| Complete 
| 161|0x00000000cb700000, 0x00000000cb800000, 0x00000000cb800000|100%|HC|  |TAMS 0x00000000cb800000, 0x00000000cb700000| Complete 
| 162|0x00000000cb800000, 0x00000000cb900000, 0x00000000cb900000|100%|HC|  |TAMS 0x00000000cb900000, 0x00000000cb800000| Complete 
| 163|0x00000000cb900000, 0x00000000cba00000, 0x00000000cba00000|100%|HC|  |TAMS 0x00000000cba00000, 0x00000000cb900000| Complete 
| 164|0x00000000cba00000, 0x00000000cbb00000, 0x00000000cbb00000|100%|HC|  |TAMS 0x00000000cbb00000, 0x00000000cba00000| Complete 
| 165|0x00000000cbb00000, 0x00000000cbc00000, 0x00000000cbc00000|100%|HC|  |TAMS 0x00000000cbc00000, 0x00000000cbb00000| Complete 
| 166|0x00000000cbc00000, 0x00000000cbd00000, 0x00000000cbd00000|100%|HC|  |TAMS 0x00000000cbd00000, 0x00000000cbc00000| Complete 
| 167|0x00000000cbd00000, 0x00000000cbe00000, 0x00000000cbe00000|100%|HC|  |TAMS 0x00000000cbe00000, 0x00000000cbd00000| Complete 
| 168|0x00000000cbe00000, 0x00000000cbf00000, 0x00000000cbf00000|100%|HC|  |TAMS 0x00000000cbf00000, 0x00000000cbe00000| Complete 
| 169|0x00000000cbf00000, 0x00000000cc000000, 0x00000000cc000000|100%|HC|  |TAMS 0x00000000cc000000, 0x00000000cbf00000| Complete 
| 170|0x00000000cc000000, 0x00000000cc100000, 0x00000000cc100000|100%|HC|  |TAMS 0x00000000cc100000, 0x00000000cc000000| Complete 
| 171|0x00000000cc100000, 0x00000000cc200000, 0x00000000cc200000|100%|HC|  |TAMS 0x00000000cc200000, 0x00000000cc100000| Complete 
| 172|0x00000000cc200000, 0x00000000cc300000, 0x00000000cc300000|100%|HC|  |TAMS 0x00000000cc300000, 0x00000000cc200000| Complete 
| 173|0x00000000cc300000, 0x00000000cc400000, 0x00000000cc400000|100%|HC|  |TAMS 0x00000000cc400000, 0x00000000cc300000| Complete 
| 174|0x00000000cc400000, 0x00000000cc500000, 0x00000000cc500000|100%|HC|  |TAMS 0x00000000cc500000, 0x00000000cc400000| Complete 
| 175|0x00000000cc500000, 0x00000000cc600000, 0x00000000cc600000|100%|HC|  |TAMS 0x00000000cc600000, 0x00000000cc500000| Complete 
| 176|0x00000000cc600000, 0x00000000cc700000, 0x00000000cc700000|100%| E|CS|TAMS 0x00000000cc600000, 0x00000000cc600000| Complete 
| 177|0x00000000cc700000, 0x00000000cc800000, 0x00000000cc800000|100%| E|CS|TAMS 0x00000000cc700000, 0x00000000cc700000| Complete 
| 178|0x00000000cc800000, 0x00000000cc900000, 0x00000000cc900000|100%| E|CS|TAMS 0x00000000cc800000, 0x00000000cc800000| Complete 
| 179|0x00000000cc900000, 0x00000000cca00000, 0x00000000cca00000|100%| E|CS|TAMS 0x00000000cc900000, 0x00000000cc900000| Complete 
| 180|0x00000000cca00000, 0x00000000ccb00000, 0x00000000ccb00000|100%| E|CS|TAMS 0x00000000cca00000, 0x00000000cca00000| Complete 
| 181|0x00000000ccb00000, 0x00000000ccc00000, 0x00000000ccc00000|100%| E|CS|TAMS 0x00000000ccb00000, 0x00000000ccb00000| Complete 
| 182|0x00000000ccc00000, 0x00000000ccd00000, 0x00000000ccd00000|100%| E|CS|TAMS 0x00000000ccc00000, 0x00000000ccc00000| Complete 
| 183|0x00000000ccd00000, 0x00000000cce00000, 0x00000000cce00000|100%| E|CS|TAMS 0x00000000ccd00000, 0x00000000ccd00000| Complete 
| 184|0x00000000cce00000, 0x00000000ccf00000, 0x00000000ccf00000|100%| E|CS|TAMS 0x00000000cce00000, 0x00000000cce00000| Complete 
| 185|0x00000000ccf00000, 0x00000000cd000000, 0x00000000cd000000|100%| E|CS|TAMS 0x00000000ccf00000, 0x00000000ccf00000| Complete 
| 186|0x00000000cd000000, 0x00000000cd100000, 0x00000000cd100000|100%| E|CS|TAMS 0x00000000cd000000, 0x00000000cd000000| Complete 
| 187|0x00000000cd100000, 0x00000000cd200000, 0x00000000cd200000|100%| E|CS|TAMS 0x00000000cd100000, 0x00000000cd100000| Complete 
| 188|0x00000000cd200000, 0x00000000cd300000, 0x00000000cd300000|100%| E|CS|TAMS 0x00000000cd200000, 0x00000000cd200000| Complete 
| 189|0x00000000cd300000, 0x00000000cd400000, 0x00000000cd400000|100%| E|CS|TAMS 0x00000000cd300000, 0x00000000cd300000| Complete 
| 190|0x00000000cd400000, 0x00000000cd500000, 0x00000000cd500000|100%| E|CS|TAMS 0x00000000cd400000, 0x00000000cd400000| Complete 
| 191|0x00000000cd500000, 0x00000000cd600000, 0x00000000cd600000|100%| E|CS|TAMS 0x00000000cd500000, 0x00000000cd500000| Complete 
| 192|0x00000000cd600000, 0x00000000cd700000, 0x00000000cd700000|100%| E|CS|TAMS 0x00000000cd600000, 0x00000000cd600000| Complete 
| 193|0x00000000cd700000, 0x00000000cd800000, 0x00000000cd800000|100%| E|CS|TAMS 0x00000000cd700000, 0x00000000cd700000| Complete 
| 194|0x00000000cd800000, 0x00000000cd900000, 0x00000000cd900000|100%| E|CS|TAMS 0x00000000cd800000, 0x00000000cd800000| Complete 
| 195|0x00000000cd900000, 0x00000000cda00000, 0x00000000cda00000|100%| E|CS|TAMS 0x00000000cd900000, 0x00000000cd900000| Complete 
| 196|0x00000000cda00000, 0x00000000cdb00000, 0x00000000cdb00000|100%| E|CS|TAMS 0x00000000cda00000, 0x00000000cda00000| Complete 
| 197|0x00000000cdb00000, 0x00000000cdc00000, 0x00000000cdc00000|100%| E|CS|TAMS 0x00000000cdb00000, 0x00000000cdb00000| Complete 
| 198|0x00000000cdc00000, 0x00000000cdd00000, 0x00000000cdd00000|100%| E|CS|TAMS 0x00000000cdc00000, 0x00000000cdc00000| Complete 
| 199|0x00000000cdd00000, 0x00000000cde00000, 0x00000000cde00000|100%| E|CS|TAMS 0x00000000cdd00000, 0x00000000cdd00000| Complete 
| 200|0x00000000cde00000, 0x00000000cdf00000, 0x00000000cdf00000|100%| E|  |TAMS 0x00000000cde00000, 0x00000000cde00000| Complete 
| 201|0x00000000cdf00000, 0x00000000ce000000, 0x00000000ce000000|100%| E|CS|TAMS 0x00000000cdf00000, 0x00000000cdf00000| Complete 
| 202|0x00000000ce000000, 0x00000000ce100000, 0x00000000ce100000|100%| E|CS|TAMS 0x00000000ce000000, 0x00000000ce000000| Complete 
| 203|0x00000000ce100000, 0x00000000ce200000, 0x00000000ce200000|100%| E|CS|TAMS 0x00000000ce100000, 0x00000000ce100000| Complete 
| 204|0x00000000ce200000, 0x00000000ce300000, 0x00000000ce300000|100%| E|CS|TAMS 0x00000000ce200000, 0x00000000ce200000| Complete 
| 205|0x00000000ce300000, 0x00000000ce400000, 0x00000000ce400000|100%| E|CS|TAMS 0x00000000ce300000, 0x00000000ce300000| Complete 
| 206|0x00000000ce400000, 0x00000000ce500000, 0x00000000ce500000|100%| E|CS|TAMS 0x00000000ce400000, 0x00000000ce400000| Complete 
| 207|0x00000000ce500000, 0x00000000ce600000, 0x00000000ce600000|100%| E|CS|TAMS 0x00000000ce500000, 0x00000000ce500000| Complete 
| 208|0x00000000ce600000, 0x00000000ce700000, 0x00000000ce700000|100%| E|CS|TAMS 0x00000000ce600000, 0x00000000ce600000| Complete 
| 209|0x00000000ce700000, 0x00000000ce800000, 0x00000000ce800000|100%| E|CS|TAMS 0x00000000ce700000, 0x00000000ce700000| Complete 
| 210|0x00000000ce800000, 0x00000000ce900000, 0x00000000ce900000|100%| E|CS|TAMS 0x00000000ce800000, 0x00000000ce800000| Complete 
| 211|0x00000000ce900000, 0x00000000cea00000, 0x00000000cea00000|100%| E|CS|TAMS 0x00000000ce900000, 0x00000000ce900000| Complete 
| 212|0x00000000cea00000, 0x00000000ceb00000, 0x00000000ceb00000|100%| E|CS|TAMS 0x00000000cea00000, 0x00000000cea00000| Complete 
| 213|0x00000000ceb00000, 0x00000000cec00000, 0x00000000cec00000|100%| E|CS|TAMS 0x00000000ceb00000, 0x00000000ceb00000| Complete 
| 214|0x00000000cec00000, 0x00000000ced00000, 0x00000000ced00000|100%| E|CS|TAMS 0x00000000cec00000, 0x00000000cec00000| Complete 
| 215|0x00000000ced00000, 0x00000000cee00000, 0x00000000cee00000|100%| E|CS|TAMS 0x00000000ced00000, 0x00000000ced00000| Complete 
| 216|0x00000000cee00000, 0x00000000cef00000, 0x00000000cef00000|100%| E|CS|TAMS 0x00000000cee00000, 0x00000000cee00000| Complete 
| 217|0x00000000cef00000, 0x00000000cef5cf20, 0x00000000cf000000| 36%| S|CS|TAMS 0x00000000cef00000, 0x00000000cef00000| Complete 
| 218|0x00000000cf000000, 0x00000000cf100000, 0x00000000cf100000|100%| E|CS|TAMS 0x00000000cf000000, 0x00000000cf000000| Complete 
| 219|0x00000000cf100000, 0x00000000cf200000, 0x00000000cf200000|100%| E|CS|TAMS 0x00000000cf100000, 0x00000000cf100000| Complete 
| 220|0x00000000cf200000, 0x00000000cf300000, 0x00000000cf300000|100%| E|CS|TAMS 0x00000000cf200000, 0x00000000cf200000| Complete 
| 221|0x00000000cf300000, 0x00000000cf400000, 0x00000000cf400000|100%| E|CS|TAMS 0x00000000cf300000, 0x00000000cf300000| Complete 
| 222|0x00000000cf400000, 0x00000000cf500000, 0x00000000cf500000|100%| E|CS|TAMS 0x00000000cf400000, 0x00000000cf400000| Complete 
| 223|0x00000000cf500000, 0x00000000cf600000, 0x00000000cf600000|100%| E|CS|TAMS 0x00000000cf500000, 0x00000000cf500000| Complete 
| 224|0x00000000cf600000, 0x00000000cf700000, 0x00000000cf700000|100%| E|CS|TAMS 0x00000000cf600000, 0x00000000cf600000| Complete 

Card table byte_map: [0x000001e9bd600000,0x000001e9bd800000] _byte_map_base: 0x000001e9bcff5000

Marking Bits (Prev, Next): (CMBitMap*) 0x000001e9a5f34a48, (CMBitMap*) 0x000001e9a5f34a88
 Prev Bits: [0x000001e9bda00000, 0x000001e9be9a8000)
 Next Bits: [0x000001e9be9b0000, 0x000001e9bf958000)

Polling page: 0x000001e9a3e90000

Metaspace:

Usage:
  Non-class:     22.28 MB capacity,    21.99 MB ( 99%) used,   247.77 KB (  1%) free+waste,    48.38 KB ( <1%) overhead. 
      Class:      2.81 MB capacity,     2.65 MB ( 94%) used,   143.45 KB (  5%) free+waste,    23.75 KB ( <1%) overhead. 
       Both:     25.10 MB capacity,    24.65 MB ( 98%) used,   391.21 KB (  2%) free+waste,    72.13 KB ( <1%) overhead. 

Virtual space:
  Non-class space:       24.00 MB reserved,      22.50 MB ( 94%) committed 
      Class space:        1.00 GB reserved,       2.88 MB ( <1%) committed 
             Both:        1.02 GB reserved,      25.38 MB (  2%) committed 

Chunk freelists:
   Non-Class:  30.00 KB
       Class:  0 bytes
        Both:  30.00 KB

MaxMetaspaceSize: 17179869184.00 GB
CompressedClassSpaceSize: 1.00 GB

CodeHeap 'non-profiled nmethods': size=120000Kb used=1795Kb max_used=1797Kb free=118204Kb
 bounds [0x000001e9b5ed0000, 0x000001e9b6140000, 0x000001e9bd400000]
CodeHeap 'profiled nmethods': size=120000Kb used=9474Kb max_used=9474Kb free=110526Kb
 bounds [0x000001e9ae9a0000, 0x000001e9af300000, 0x000001e9b5ed0000]
CodeHeap 'non-nmethods': size=5760Kb used=1409Kb max_used=1440Kb free=4350Kb
 bounds [0x000001e9ae400000, 0x000001e9ae670000, 0x000001e9ae9a0000]
 total_blobs=6454 nmethods=3953 adapters=631
 compilation: enabled
              stopped_count=0, restarted_count=0
 full_count=0

Compilation events (20 events):
Event: 1275.831 Thread 0x000001e9c1f28800 nmethod 4424 0x000001e9aeda6f10 code [0x000001e9aeda71c0, 0x000001e9aeda8180]
Event: 1395.828 Thread 0x000001e9c1f17000 4425       4       java.lang.String::indexOf (64 bytes)
Event: 1395.833 Thread 0x000001e9c1f17000 nmethod 4425 0x000001e9b5f8c690 code [0x000001e9b5f8c820, 0x000001e9b5f8cbb8]
Event: 1975.976 Thread 0x000001e9c1f17000 4426       4       java.util.concurrent.ConcurrentHashMap::get (162 bytes)
Event: 1976.038 Thread 0x000001e9c1f17000 nmethod 4426 0x000001e9b5f8bf90 code [0x000001e9b5f8c120, 0x000001e9b5f8c3d8]
Event: 4442.305 Thread 0x000001e9c1f17000 4429       4       jdk.internal.module.Resources::toPackageName (39 bytes)
Event: 4442.674 Thread 0x000001e9c1f17000 nmethod 4429 0x000001e9b5f8ba10 code [0x000001e9b5f8bba0, 0x000001e9b5f8bdb8]
Event: 4462.459 Thread 0x000001e9c1f17000 4431   !   4       jdk.internal.loader.BuiltinClassLoader::findResource (154 bytes)
Event: 4465.980 Thread 0x000001e9c1f17000 nmethod 4431 0x000001e9b5f84c90 code [0x000001e9b5f85040, 0x000001e9b5f89530]
Event: 4692.753 Thread 0x000001e9c1f17000 4432       4       sun.net.util.IPAddressUtil::scan (92 bytes)
Event: 4692.851 Thread 0x000001e9c1f17000 nmethod 4432 0x000001e9b5f84510 code [0x000001e9b5f846c0, 0x000001e9b5f84998]
Event: 4777.791 Thread 0x000001e9c1f17000 4433       4       java.lang.ref.ReferenceQueue::reallyPoll (65 bytes)
Event: 4778.558 Thread 0x000001e9c1f17000 nmethod 4433 0x000001e9b5f83f90 code [0x000001e9b5f84120, 0x000001e9b5f84468]
Event: 4812.805 Thread 0x000001e9c1f17000 4434       4       sun.net.util.IPAddressUtil::checkHostString (53 bytes)
Event: 4812.856 Thread 0x000001e9c1f17000 nmethod 4434 0x000001e9b5f83890 code [0x000001e9b5f83a40, 0x000001e9b5f83c98]
Event: 4819.034 Thread 0x000001e9c1f17000 4435   !   4       java.net.URL::<init> (543 bytes)
Event: 4822.540 Thread 0x000001e9c1f17000 nmethod 4435 0x000001e9b5f7fe10 code [0x000001e9b5f800a0, 0x000001e9b5f82540]
Event: 4823.091 Thread 0x000001e9c1f17000 4437   !   4       java.net.URL::set (114 bytes)
Event: 4823.183 Thread 0x000001e9c1f17000 nmethod 4437 0x000001e9b5f7f310 code [0x000001e9b5f7f4a0, 0x000001e9b5f7fd38]
Event: 5326.045 Thread 0x000001e9c1f17000 4438       4       java.net.URLStreamHandler::parseURL (1201 bytes)

GC Heap History (20 events):
Event: 0.800 GC heap before
{Heap before GC invocations=0 (full 0):
 garbage-first heap   total 65536K, used 13312K [0x00000000c1600000, 0x0000000100000000)
  region size 1024K, 14 young (14336K), 0 survivors (0K)
 Metaspace       used 6712K, capacity 7312K, committed 7424K, reserved 1056768K
  class space    used 645K, capacity 723K, committed 768K, reserved 1048576K
}
Event: 0.807 GC heap after
{Heap after GC invocations=1 (full 0):
 garbage-first heap   total 65536K, used 5598K [0x00000000c1600000, 0x0000000100000000)
  region size 1024K, 2 young (2048K), 2 survivors (2048K)
 Metaspace       used 6712K, capacity 7312K, committed 7424K, reserved 1056768K
  class space    used 645K, capacity 723K, committed 768K, reserved 1048576K
}
Event: 1.016 GC heap before
{Heap before GC invocations=1 (full 0):
 garbage-first heap   total 65536K, used 9694K [0x00000000c1600000, 0x0000000100000000)
  region size 1024K, 7 young (7168K), 2 survivors (2048K)
 Metaspace       used 8536K, capacity 8830K, committed 8960K, reserved 1056768K
  class space    used 835K, capacity 945K, committed 1024K, reserved 1048576K
}
Event: 1.023 GC heap after
{Heap after GC invocations=2 (full 0):
 garbage-first heap   total 65536K, used 6871K [0x00000000c1600000, 0x0000000100000000)
  region size 1024K, 1 young (1024K), 1 survivors (1024K)
 Metaspace       used 8536K, capacity 8830K, committed 8960K, reserved 1056768K
  class space    used 835K, capacity 945K, committed 1024K, reserved 1048576K
}
Event: 2.490 GC heap before
{Heap before GC invocations=2 (full 0):
 garbage-first heap   total 65536K, used 24279K [0x00000000c1600000, 0x0000000100000000)
  region size 1024K, 19 young (19456K), 1 survivors (1024K)
 Metaspace       used 17090K, capacity 17449K, committed 17664K, reserved 1064960K
  class space    used 1842K, capacity 2012K, committed 2048K, reserved 1048576K
}
Event: 2.495 GC heap after
{Heap after GC invocations=3 (full 0):
 garbage-first heap   total 65536K, used 10664K [0x00000000c1600000, 0x0000000100000000)
  region size 1024K, 3 young (3072K), 3 survivors (3072K)
 Metaspace       used 17090K, capacity 17449K, committed 17664K, reserved 1064960K
  class space    used 1842K, capacity 2012K, committed 2048K, reserved 1048576K
}
Event: 2.752 GC heap before
{Heap before GC invocations=3 (full 0):
 garbage-first heap   total 65536K, used 14760K [0x00000000c1600000, 0x0000000100000000)
  region size 1024K, 8 young (8192K), 3 survivors (3072K)
 Metaspace       used 20064K, capacity 20404K, committed 20736K, reserved 1067008K
  class space    used 2296K, capacity 2443K, committed 2560K, reserved 1048576K
}
Event: 2.757 GC heap after
{Heap after GC invocations=4 (full 0):
 garbage-first heap   total 65536K, used 12737K [0x00000000c1600000, 0x0000000100000000)
  region size 1024K, 2 young (2048K), 2 survivors (2048K)
 Metaspace       used 20064K, capacity 20404K, committed 20736K, reserved 1067008K
  class space    used 2296K, capacity 2443K, committed 2560K, reserved 1048576K
}
Event: 3.179 GC heap before
{Heap before GC invocations=5 (full 0):
 garbage-first heap   total 215040K, used 144833K [0x00000000c1600000, 0x0000000100000000)
  region size 1024K, 20 young (20480K), 2 survivors (2048K)
 Metaspace       used 20066K, capacity 20404K, committed 20736K, reserved 1067008K
  class space    used 2296K, capacity 2443K, committed 2560K, reserved 1048576K
}
Event: 3.181 GC heap after
{Heap after GC invocations=6 (full 0):
 garbage-first heap   total 215040K, used 127558K [0x00000000c1600000, 0x0000000100000000)
  region size 1024K, 1 young (1024K), 1 survivors (1024K)
 Metaspace       used 20066K, capacity 20404K, committed 20736K, reserved 1067008K
  class space    used 2296K, capacity 2443K, committed 2560K, reserved 1048576K
}
Event: 3.305 GC heap before
{Heap before GC invocations=6 (full 0):
 garbage-first heap   total 215040K, used 153158K [0x00000000c1600000, 0x0000000100000000)
  region size 1024K, 27 young (27648K), 1 survivors (1024K)
 Metaspace       used 20066K, capacity 20404K, committed 20736K, reserved 1067008K
  class space    used 2296K, capacity 2443K, committed 2560K, reserved 1048576K
}
Event: 3.306 GC heap after
{Heap after GC invocations=7 (full 0):
 garbage-first heap   total 215040K, used 127478K [0x00000000c1600000, 0x0000000100000000)
  region size 1024K, 1 young (1024K), 1 survivors (1024K)
 Metaspace       used 20066K, capacity 20404K, committed 20736K, reserved 1067008K
  class space    used 2296K, capacity 2443K, committed 2560K, reserved 1048576K
}
Event: 3.571 GC heap before
{Heap before GC invocations=8 (full 0):
 garbage-first heap   total 219136K, used 176630K [0x00000000c1600000, 0x0000000100000000)
  region size 1024K, 49 young (50176K), 1 survivors (1024K)
 Metaspace       used 20066K, capacity 20404K, committed 20736K, reserved 1067008K
  class space    used 2296K, capacity 2443K, committed 2560K, reserved 1048576K
}
Event: 3.572 GC heap after
{Heap after GC invocations=9 (full 0):
 garbage-first heap   total 219136K, used 127446K [0x00000000c1600000, 0x0000000100000000)
  region size 1024K, 1 young (1024K), 1 survivors (1024K)
 Metaspace       used 20066K, capacity 20404K, committed 20736K, reserved 1067008K
  class space    used 2296K, capacity 2443K, committed 2560K, reserved 1048576K
}
Event: 4.647 GC heap before
{Heap before GC invocations=9 (full 0):
 garbage-first heap   total 219136K, used 153046K [0x00000000c1600000, 0x0000000100000000)
  region size 1024K, 27 young (27648K), 1 survivors (1024K)
 Metaspace       used 20654K, capacity 21049K, committed 21248K, reserved 1069056K
  class space    used 2348K, capacity 2507K, committed 2560K, reserved 1048576K
}
Event: 4.676 GC heap after
{Heap after GC invocations=10 (full 1):
 garbage-first heap   total 219136K, used 125964K [0x00000000c1600000, 0x0000000100000000)
  region size 1024K, 0 young (0K), 0 survivors (0K)
 Metaspace       used 20654K, capacity 21049K, committed 21248K, reserved 1069056K
  class space    used 2348K, capacity 2507K, committed 2560K, reserved 1048576K
}
Event: 4.729 GC heap before
{Heap before GC invocations=10 (full 1):
 garbage-first heap   total 219136K, used 125964K [0x00000000c1600000, 0x0000000100000000)
  region size 1024K, 1 young (1024K), 0 survivors (0K)
 Metaspace       used 20844K, capacity 21209K, committed 21248K, reserved 1069056K
  class space    used 2373K, capacity 2539K, committed 2560K, reserved 1048576K
}
Event: 4.732 GC heap after
{Heap after GC invocations=11 (full 1):
 garbage-first heap   total 219136K, used 125989K [0x00000000c1600000, 0x0000000100000000)
  region size 1024K, 1 young (1024K), 1 survivors (1024K)
 Metaspace       used 20844K, capacity 21209K, committed 21248K, reserved 1069056K
  class space    used 2373K, capacity 2539K, committed 2560K, reserved 1048576K
}
Event: 5.008 GC heap before
{Heap before GC invocations=12 (full 1):
 garbage-first heap   total 224256K, used 131109K [0x00000000c1600000, 0x0000000100000000)
  region size 1024K, 3 young (3072K), 1 survivors (1024K)
 Metaspace       used 21499K, capacity 21853K, committed 22144K, reserved 1069056K
  class space    used 2449K, capacity 2603K, committed 2688K, reserved 1048576K
}
Event: 5.012 GC heap after
{Heap after GC invocations=13 (full 1):
 garbage-first heap   total 224256K, used 130432K [0x00000000c1600000, 0x0000000100000000)
  region size 1024K, 1 young (1024K), 1 survivors (1024K)
 Metaspace       used 21499K, capacity 21853K, committed 22144K, reserved 1069056K
  class space    used 2449K, capacity 2603K, committed 2688K, reserved 1048576K
}

Deoptimization events (20 events):
Event: 16.671 Thread 0x000001e9c2dd0000 Uncommon trap: trap_request=0xffffff45 fr.pc=0x000001e9b5fc8f70 relative=0x0000000000002530
Event: 16.671 Thread 0x000001e9c2dd0000 Uncommon trap: reason=unstable_if action=reinterpret pc=0x000001e9b5fc8f70 method=sun.font.FontDesignMetrics$MetricsKey.equals(Ljava/lang/Object;)Z @ 23 c2
Event: 16.671 Thread 0x000001e9c2dd0000 DEOPT PACKING pc=0x000001e9b5fc8f70 sp=0x00000071d7dfc950
Event: 16.671 Thread 0x000001e9c2dd0000 DEOPT UNPACKING pc=0x000001e9ae44912f sp=0x00000071d7dfc800 mode 2
Event: 16.672 Thread 0x000001e9c2dd0000 Uncommon trap: trap_request=0xffffffde fr.pc=0x000001e9b5f2688c relative=0x0000000000000e6c
Event: 16.672 Thread 0x000001e9c2dd0000 Uncommon trap: reason=class_check action=maybe_recompile pc=0x000001e9b5f2688c method=java.util.concurrent.ConcurrentHashMap.putVal(Ljava/lang/Object;Ljava/lang/Object;Z)Ljava/lang/Object; @ 242 c2
Event: 16.672 Thread 0x000001e9c2dd0000 DEOPT PACKING pc=0x000001e9b5f2688c sp=0x00000071d7dfc830
Event: 16.672 Thread 0x000001e9c2dd0000 DEOPT UNPACKING pc=0x000001e9ae44912f sp=0x00000071d7dfc7a0 mode 2
Event: 16.672 Thread 0x000001e9c2dd0000 Uncommon trap: trap_request=0xffffff45 fr.pc=0x000001e9b5fcb94c relative=0x000000000000028c
Event: 16.672 Thread 0x000001e9c2dd0000 Uncommon trap: reason=unstable_if action=reinterpret pc=0x000001e9b5fcb94c method=sun.font.FontDesignMetrics$MetricsKey.equals(Ljava/lang/Object;)Z @ 23 c2
Event: 16.672 Thread 0x000001e9c2dd0000 DEOPT PACKING pc=0x000001e9b5fcb94c sp=0x00000071d7dfc780
Event: 16.672 Thread 0x000001e9c2dd0000 DEOPT UNPACKING pc=0x000001e9ae44912f sp=0x00000071d7dfc730 mode 2
Event: 16.675 Thread 0x000001e9c2dd0000 Uncommon trap: trap_request=0xffffff45 fr.pc=0x000001e9b5f1aea4 relative=0x0000000000000264
Event: 16.675 Thread 0x000001e9c2dd0000 Uncommon trap: reason=unstable_if action=reinterpret pc=0x000001e9b5f1aea4 method=java.util.concurrent.ConcurrentHashMap.get(Ljava/lang/Object;)Ljava/lang/Object; @ 76 c2
Event: 16.675 Thread 0x000001e9c2dd0000 DEOPT PACKING pc=0x000001e9b5f1aea4 sp=0x00000071d7dfc8e0
Event: 16.675 Thread 0x000001e9c2dd0000 DEOPT UNPACKING pc=0x000001e9ae44912f sp=0x00000071d7dfc858 mode 2
Event: 20.057 Thread 0x000001e9c2dd0000 Uncommon trap: trap_request=0xffffff45 fr.pc=0x000001e9b6045fd4 relative=0x0000000000002534
Event: 20.057 Thread 0x000001e9c2dd0000 Uncommon trap: reason=unstable_if action=reinterpret pc=0x000001e9b6045fd4 method=javax.swing.RepaintManager.addDirtyRegion0(Ljava/awt/Container;IIII)V @ 108 c2
Event: 20.057 Thread 0x000001e9c2dd0000 DEOPT PACKING pc=0x000001e9b6045fd4 sp=0x00000071d7dfd460
Event: 20.057 Thread 0x000001e9c2dd0000 DEOPT UNPACKING pc=0x000001e9ae44912f sp=0x00000071d7dfd450 mode 2

Classes unloaded (0 events):
No events

Classes redefined (0 events):
No events

Internal exceptions (20 events):
Event: 2.260 Thread 0x000001e9c2dd0000 Exception <a 'java/lang/NoSuchMethodError'{0x00000000c46597c8}: 'java.lang.Object java.lang.invoke.DirectMethodHandle$Holder.invokeStatic(java.lang.Object, int, java.lang.Object, java.lang.Object, java.lang.Object)'> (0x00000000c46597c8) 
thrown [t:/workspace/open/src/hotspot/share/interpreter/linkResolver.cpp, line 767]
Event: 2.260 Thread 0x000001e9c2dd0000 Exception <a 'java/lang/NoSuchMethodError'{0x00000000c465d030}: 'java.lang.Object java.lang.invoke.DirectMethodHandle$Holder.invokeSpecial(java.lang.Object, java.lang.Object, int, java.lang.Object, java.lang.Object, java.lang.Object)'> (0x00000000c465d030) 
thrown [t:/workspace/open/src/hotspot/share/interpreter/linkResolver.cpp, line 767]
Event: 2.264 Thread 0x000001e9c2dd0000 Exception <a 'java/lang/NoSuchMethodError'{0x00000000c4673370}: 'java.lang.Object java.lang.invoke.DirectMethodHandle$Holder.invokeStatic(java.lang.Object, int, java.lang.Object)'> (0x00000000c4673370) 
thrown [t:/workspace/open/src/hotspot/share/interpreter/linkResolver.cpp, line 767]
Event: 2.298 Thread 0x000001e9c2dd0000 Exception <a 'java/lang/ClassNotFoundException'{0x00000000c4519870}: com/sun/swing/internal/plaf/metal/resources/spi/metalProvider> (0x00000000c4519870) 
thrown [t:/workspace/open/src/hotspot/share/classfile/systemDictionary.cpp, line 232]
Event: 2.299 Thread 0x000001e9c2dd0000 Exception <a 'java/lang/ClassNotFoundException'{0x00000000c451d918}: com/sun/swing/internal/plaf/basic/resources/spi/basicProvider> (0x00000000c451d918) 
thrown [t:/workspace/open/src/hotspot/share/classfile/systemDictionary.cpp, line 232]
Event: 2.305 Thread 0x000001e9c2dd0000 Implicit null exception at 0x000001e9b5f4f905 to 0x000001e9b5f4faee
Event: 2.306 Thread 0x000001e9c2dd0000 Implicit null exception at 0x000001e9b5f1f968 to 0x000001e9b5f1f9fa
Event: 2.309 Thread 0x000001e9c2dd0000 Implicit null exception at 0x000001e9b5f247af to 0x000001e9b5f2482d
Event: 2.316 Thread 0x000001e9c2dd0000 Exception <a 'java/net/UnknownHostException'{0x00000000c453b268}> (0x00000000c453b268) 
thrown [t:/workspace/open/src/hotspot/share/prims/jni.cpp, line 598]
Event: 2.683 Thread 0x000001e9c3bd8000 Exception <a 'java/lang/NullPointerException'{0x00000000c52f93b0}> (0x00000000c52f93b0) 
thrown [t:/workspace/open/src/hotspot/share/interpreter/linkResolver.cpp, line 1349]
Event: 2.705 Thread 0x000001e9c2dd0000 Exception <a 'java/lang/NoSuchMethodError'{0x00000000c511c0a0}: 'void java.lang.invoke.DirectMethodHandle$Holder.invokeStaticInit(java.lang.Object)'> (0x00000000c511c0a0) 
thrown [t:/workspace/open/src/hotspot/share/interpreter/linkResolver.cpp, line 767]
Event: 2.744 Thread 0x000001e9c2dd0000 Exception <a 'java/lang/NoSuchMethodError'{0x00000000c5173f60}: 'java.lang.Object java.lang.invoke.Invokers$Holder.linkToTargetMethod(java.lang.Object, int, java.lang.Object)'> (0x00000000c5173f60) 
thrown [t:/workspace/open/src/hotspot/share/interpreter/linkResolver.cpp, line 767]
Event: 4.530 Thread 0x000001e9c39ec000 Implicit null exception at 0x000001e9b5f14604 to 0x000001e9b5f14b8e
Event: 5.349 Thread 0x000001e9c39ec000 Implicit null exception at 0x000001e9b5f12684 to 0x000001e9b5f12bde
Event: 7.782 Thread 0x000001e9c3cfe800 Exception <a 'java/lang/InterruptedException'{0x00000000ce577bb0}: sleep interrupted> (0x00000000ce577bb0) 
thrown [t:/workspace/open/src/hotspot/share/prims/jvm.cpp, line 2966]
Event: 7.871 Thread 0x000001e9c3dbc000 Exception <a 'java/lang/InterruptedException'{0x00000000ce416840}: sleep interrupted> (0x00000000ce416840) 
thrown [t:/workspace/open/src/hotspot/share/prims/jvm.cpp, line 2966]
Event: 7.972 Thread 0x000001e9c3dbc000 Exception <a 'java/lang/InterruptedException'{0x00000000ce42a5c8}: sleep interrupted> (0x00000000ce42a5c8) 
thrown [t:/workspace/open/src/hotspot/share/prims/jvm.cpp, line 2966]
Event: 13.771 Thread 0x000001e9c3bdc000 Exception <a 'java/lang/NullPointerException'{0x00000000cd9e81d8}> (0x00000000cd9e81d8) 
thrown [t:/workspace/open/src/hotspot/share/interpreter/linkResolver.cpp, line 1349]
Event: 14.141 Thread 0x000001e9c3cfe800 Exception <a 'java/lang/InterruptedException'{0x00000000cd711168}: sleep interrupted> (0x00000000cd711168) 
thrown [t:/workspace/open/src/hotspot/share/prims/jvm.cpp, line 2966]
Event: 15.030 Thread 0x000001e9c3bde000 Exception <a 'java/lang/NullPointerException'{0x00000000cc87a968}> (0x00000000cc87a968) 
thrown [t:/workspace/open/src/hotspot/share/interpreter/linkResolver.cpp, line 1349]

Events (20 events):
Event: 16.661 Executing VM operation: RevokeBias
Event: 16.662 Executing VM operation: RevokeBias done
Event: 16.679 Executing VM operation: RevokeBias
Event: 16.679 Executing VM operation: RevokeBias done
Event: 16.679 Executing VM operation: RevokeBias
Event: 16.679 Executing VM operation: RevokeBias done
Event: 16.680 Executing VM operation: RevokeBias
Event: 16.680 Executing VM operation: RevokeBias done
Event: 17.910 Executing VM operation: RevokeBias
Event: 17.910 Executing VM operation: RevokeBias done
Event: 17.915 Executing VM operation: BulkRevokeBias
Event: 17.915 Executing VM operation: BulkRevokeBias done
Event: 22.905 Executing VM operation: RevokeBias
Event: 22.905 Executing VM operation: RevokeBias done
Event: 22.905 Thread 0x000001e9c445e000 Thread exited: 0x000001e9c445e000
Event: 22.910 Thread 0x000001e9c3cfe800 Thread exited: 0x000001e9c3cfe800
Event: 35.361 Executing VM operation: RevokeBias
Event: 35.361 Executing VM operation: RevokeBias done
Event: 35.361 loading class sun/awt/SunToolkit$1
Event: 35.362 loading class sun/awt/SunToolkit$1 done


Dynamic libraries:
0x00007ff620460000 - 0x00007ff62046f000 	C:\Program Files\Java\jdk-13.0.2\bin\javaw.exe
0x00007ffeeda40000 - 0x00007ffeedc30000 	C:\Windows\SYSTEM32\ntdll.dll
0x00007ffeec180000 - 0x00007ffeec232000 	C:\Windows\System32\KERNEL32.DLL
0x00007ffeeb090000 - 0x00007ffeeb335000 	C:\Windows\System32\KERNELBASE.dll
0x00007ffeeaa60000 - 0x00007ffeeab5a000 	C:\Windows\System32\ucrtbase.dll
0x00007ffecdad0000 - 0x00007ffecdae5000 	C:\Program Files\Java\jdk-13.0.2\bin\VCRUNTIME140.dll
0x00007ffecd4f0000 - 0x00007ffecd508000 	C:\Program Files\Java\jdk-13.0.2\bin\jli.dll
0x00007ffeebac0000 - 0x00007ffeebb63000 	C:\Windows\System32\ADVAPI32.dll
0x00007ffeeca00000 - 0x00007ffeeca9e000 	C:\Windows\System32\msvcrt.dll
0x00007ffeed4a0000 - 0x00007ffeed537000 	C:\Windows\System32\sechost.dll
0x00007ffeece00000 - 0x00007ffeecf1f000 	C:\Windows\System32\RPCRT4.dll
0x00007ffeecc60000 - 0x00007ffeecdf4000 	C:\Windows\System32\USER32.dll
0x00007ffeeab60000 - 0x00007ffeeab81000 	C:\Windows\System32\win32u.dll
0x00007ffedc2d0000 - 0x00007ffedc554000 	C:\Windows\WinSxS\amd64_microsoft.windows.common-controls_6595b64144ccf1df_6.0.18362.1556_none_9e7e372fe45e41d5\COMCTL32.dll
0x00007ffeec0d0000 - 0x00007ffeec0f6000 	C:\Windows\System32\GDI32.dll
0x00007ffeebd60000 - 0x00007ffeec096000 	C:\Windows\System32\combase.dll
0x00007ffeeae00000 - 0x00007ffeeaf98000 	C:\Windows\System32\gdi32full.dll
0x00007ffeead60000 - 0x00007ffeeadfe000 	C:\Windows\System32\msvcp_win.dll
0x00007ffeeb000000 - 0x00007ffeeb081000 	C:\Windows\System32\bcryptPrimitives.dll
0x00007ffee1380000 - 0x00007ffee138a000 	C:\Windows\SYSTEM32\VERSION.dll
0x00007ffeec0a0000 - 0x00007ffeec0ce000 	C:\Windows\System32\IMM32.DLL
0x00007ffec2e60000 - 0x00007ffec2efb000 	C:\Program Files\Java\jdk-13.0.2\bin\msvcp140.dll
0x00007ffea5560000 - 0x00007ffea60bd000 	C:\Program Files\Java\jdk-13.0.2\bin\server\jvm.dll
0x00007ffeec9e0000 - 0x00007ffeec9e8000 	C:\Windows\System32\PSAPI.DLL
0x00007ffee0c60000 - 0x00007ffee0c69000 	C:\Windows\SYSTEM32\WSOCK32.dll
0x00007ffee89c0000 - 0x00007ffee89e4000 	C:\Windows\SYSTEM32\WINMM.dll
0x00007ffeecff0000 - 0x00007ffeed05f000 	C:\Windows\System32\WS2_32.dll
0x00007ffee8990000 - 0x00007ffee89bd000 	C:\Windows\SYSTEM32\winmmbase.dll
0x00007ffeeabb0000 - 0x00007ffeeabfa000 	C:\Windows\System32\cfgmgr32.dll
0x00007ffeea8d0000 - 0x00007ffeea8e1000 	C:\Windows\System32\kernel.appcore.dll
0x00007ffee0c10000 - 0x00007ffee0c20000 	C:\Program Files\Java\jdk-13.0.2\bin\verify.dll
0x00007ffedbb40000 - 0x00007ffedbd34000 	C:\Windows\SYSTEM32\DBGHELP.DLL
0x00007ffedba00000 - 0x00007ffedba2a000 	C:\Windows\SYSTEM32\dbgcore.DLL
0x00007ffecce70000 - 0x00007ffecce96000 	C:\Program Files\Java\jdk-13.0.2\bin\java.dll
0x00007ffecd460000 - 0x00007ffecd477000 	C:\Program Files\Java\jdk-13.0.2\bin\zip.dll
0x00007ffed8a90000 - 0x00007ffed8a9a000 	C:\Program Files\Java\jdk-13.0.2\bin\jimage.dll
0x00007ffeec240000 - 0x00007ffeec927000 	C:\Windows\System32\SHELL32.dll
0x00007ffeebbf0000 - 0x00007ffeebc98000 	C:\Windows\System32\shcore.dll
0x00007ffeeb340000 - 0x00007ffeebabb000 	C:\Windows\System32\windows.storage.dll
0x00007ffeea940000 - 0x00007ffeea95e000 	C:\Windows\System32\profapi.dll
0x00007ffeea8f0000 - 0x00007ffeea93a000 	C:\Windows\System32\powrprof.dll
0x00007ffeea8c0000 - 0x00007ffeea8d0000 	C:\Windows\System32\UMPDC.dll
0x00007ffeebca0000 - 0x00007ffeebcf2000 	C:\Windows\System32\shlwapi.dll
0x00007ffeeab90000 - 0x00007ffeeaba7000 	C:\Windows\System32\cryptsp.dll
0x00007ffeccce0000 - 0x00007ffecccf9000 	C:\Program Files\Java\jdk-13.0.2\bin\net.dll
0x00007ffee09e0000 - 0x00007ffee0ada000 	C:\Windows\SYSTEM32\WINHTTP.dll
0x00007ffeea0a0000 - 0x00007ffeea107000 	C:\Windows\system32\mswsock.dll
0x00007ffecccc0000 - 0x00007ffecccd3000 	C:\Program Files\Java\jdk-13.0.2\bin\nio.dll
0x00007ffebf330000 - 0x00007ffebf4c9000 	C:\Program Files\Java\jdk-13.0.2\bin\awt.dll
0x00007ffeecf20000 - 0x00007ffeecfe5000 	C:\Windows\System32\OLEAUT32.dll
0x00007ffee8900000 - 0x00007ffee898f000 	C:\Windows\SYSTEM32\apphelp.dll
0x00007ffee8be0000 - 0x00007ffee8c79000 	C:\Windows\system32\uxtheme.dll
0x00007ffeed360000 - 0x00007ffeed495000 	C:\Windows\System32\MSCTF.dll
0x00007ffeecaa0000 - 0x00007ffeecbf7000 	C:\Windows\System32\ole32.dll
0x00007ffee9df0000 - 0x00007ffee9ebb000 	C:\Windows\SYSTEM32\DNSAPI.dll
0x00007ffeec9f0000 - 0x00007ffeec9f8000 	C:\Windows\System32\NSI.dll
0x00007ffee9db0000 - 0x00007ffee9dea000 	C:\Windows\SYSTEM32\IPHLPAPI.DLL
0x00007ffee03f0000 - 0x00007ffee03fa000 	C:\Windows\System32\rasadhlp.dll
0x00007ffee18a0000 - 0x00007ffee1917000 	C:\Windows\System32\fwpuclnt.dll
0x00007ffeea980000 - 0x00007ffeea9a6000 	C:\Windows\System32\bcrypt.dll
0x00007ffed3440000 - 0x00007ffed344e000 	C:\Program Files\Java\jdk-13.0.2\bin\sunmscapi.dll
0x00007ffeeac00000 - 0x00007ffeead51000 	C:\Windows\System32\CRYPT32.dll
0x00007ffeea960000 - 0x00007ffeea972000 	C:\Windows\System32\MSASN1.dll
0x00007ffeea3e0000 - 0x00007ffeea406000 	C:\Windows\SYSTEM32\ncrypt.dll
0x00007ffeea3a0000 - 0x00007ffeea3db000 	C:\Windows\SYSTEM32\NTASN1.dll
0x00007ffecc410000 - 0x00007ffecc435000 	C:\Program Files\Java\jdk-13.0.2\bin\sunec.dll
0x00007ffee9c20000 - 0x00007ffee9c53000 	C:\Windows\system32\rsaenh.dll
0x00007ffeea7b0000 - 0x00007ffeea7d5000 	C:\Windows\SYSTEM32\USERENV.dll
0x00007ffeea270000 - 0x00007ffeea27c000 	C:\Windows\SYSTEM32\CRYPTBASE.dll
0x00007ffee1980000 - 0x00007ffee1996000 	C:\Windows\SYSTEM32\dhcpcsvc6.DLL
0x00007ffee1a50000 - 0x00007ffee1a6c000 	C:\Windows\SYSTEM32\dhcpcsvc.DLL
0x00007ffee8cd0000 - 0x00007ffee8cfd000 	C:\Windows\system32\DWMAPI.DLL
0x00007ffeb5bf0000 - 0x00007ffeb5d46000 	C:\Windows\system32\opengl32.dll
0x00007ffed2580000 - 0x00007ffed25ac000 	C:\Windows\SYSTEM32\GLU32.dll
0x00007ffee9500000 - 0x00007ffee9520000 	C:\Windows\SYSTEM32\dxcore.dll
0x00007ffecbe20000 - 0x00007ffecbea2000 	C:\Program Files\Java\jdk-13.0.2\bin\freetype.dll
0x00007ffebef20000 - 0x00007ffebefc6000 	C:\Program Files\Java\jdk-13.0.2\bin\fontmanager.dll
0x00007ffedf0a0000 - 0x00007ffedf13b000 	C:\Windows\System32\TextInputFramework.dll
0x00007ffee55f0000 - 0x00007ffee591a000 	C:\Windows\System32\CoreUIComponents.dll
0x00007ffee8530000 - 0x00007ffee8604000 	C:\Windows\System32\CoreMessaging.dll
0x00007ffee9900000 - 0x00007ffee9931000 	C:\Windows\SYSTEM32\ntmarta.dll
0x00007ffee6670000 - 0x00007ffee67c2000 	C:\Windows\SYSTEM32\wintypes.dll
0x00007ffeddaa0000 - 0x00007ffeddd47000 	C:\Windows\System32\iertutil.dll
0x00007ffeec930000 - 0x00007ffeec9d2000 	C:\Windows\System32\clbcatq.dll
0x00007ffee53d0000 - 0x00007ffee557f000 	C:\Windows\SYSTEM32\WindowsCodecs.dll
0x00007ffee8a80000 - 0x00007ffee8abb000 	C:\Windows\system32\dataexchange.dll
0x00007ffee78f0000 - 0x00007ffee7b4b000 	C:\Windows\system32\d3d11.dll
0x00007ffee7fb0000 - 0x00007ffee818d000 	C:\Windows\system32\dcomp.dll
0x00007ffee9590000 - 0x00007ffee967b000 	C:\Windows\system32\dxgi.dll
0x00007ffee8d00000 - 0x00007ffee8f5a000 	C:\Windows\system32\twinapi.appcore.dll
0x00007ffee91f0000 - 0x00007ffee9219000 	C:\Windows\system32\RMCLIENT.dll

dbghelp: loaded successfully - version: 4.0.5 - missing functions: none
symbol engine: initialized successfully - sym options: 0x614 - pdb path: .;C:\Program Files\Java\jdk-13.0.2\bin;C:\Windows\SYSTEM32;C:\Windows\WinSxS\amd64_microsoft.windows.common-controls_6595b64144ccf1df_6.0.18362.1556_none_9e7e372fe45e41d5;C:\Program Files\Java\jdk-13.0.2\bin\server

VM Arguments:
jvm_args: -Dfile.encoding=Cp1252 
java_command: Application.Home
java_class_path (initial): C:\Users\User\git\bakame\DriveOperations\target\classes;C:\Users\User\Desktop\Libraries\jgoodies-common-1.8.0.jar;C:\Users\User\Desktop\Libraries\jgoodies-forms-1.8.0.jar;C:\Users\User\Desktop\Libraries\miglayout15-swing.jar;C:\Users\User\Downloads\javax.mail.jar;C:\Users\User\Downloads\activation-1.1.1.jar;C:\Users\User\Downloads\jcalendar-1.4.jar;C:\Users\User\Downloads\jfreechart-1.0.19\lib\jcommon-1.0.23.jar;C:\Users\User\Downloads\jfreechart-1.0.19\lib\jfreechart-1.0.19.jar;C:\Users\User\Downloads\commons-net-3.8.0\commons-net-3.8.0.jar;C:\Users\User\Documents\Libs\comm-2.0.jar;C:\Users\User\Documents\Libs\http-2.2.1.jar;C:\Users\User\Downloads\JTattoo-1.6.13.jar;C:\Users\User\Desktop\Libs\jmespath-java-1.11.470.jar;C:\Users\User\Desktop\Libs\aws-java-sdk-core-1.12.65.jar;C:\Users\User\Desktop\Libs\aws-java-sdk-kms-1.12.65.jar;C:\Users\User\Desktop\Libs\aws-java-sdk-s3-1.12.65.jar;C:\Users\User\Desktop\Libs\commons-codec-1.15.jar;C:\Users\User\Desktop\Libs\commons-logging-1.1.3.jar;C:\Users\User\Desktop\Libs\httpclient-4.5.13.jar;C:\Users\User\Desktop\Libs\ion-java-1.0.2.jar;C:\Users\User\Desktop\Libs\jackson-annotations-2.12.3.jar;C:\Users\User\Desktop\Libs\jackson-core-2.12.3.jar;C:\Users\User\Desktop\Libs\jackson-databind-2.12.3.jar;C:\Users\User\Desktop\Libs\jackson-dataformat-cbor-2.12.3.jar;C:\Users\User\Desktop\Libs\jmespath-java-1.12.65.jar;C:\Users\User\Desktop\Libs\joda-time-2.8.1.jar;C:\Users\User\Desktop\Libs\mysql-connector-java-5.1.45.jar;C:\Users\User\.m2\repository\com\amazonaws\aws-java-sdk-s3\1.12.65\aws-java-sdk-s3-1.12.65.jar;C:\Users\User\.m2\repository\com\amazonaws\aws-java-sdk-kms\1.12.65\aws-java-sdk-kms-1.12.65.jar;C:\Users\User\.m2\repository\com\amazonaws\aws-java-sdk-core\1.12.65\aws-java-sdk-core-1.12.65.jar;C:\Users\User\.m2\repository\commons-logging\commons-logging\1.1.3\commons-logging-1.1.3.jar;C:\Users\User\.m2\repository\commons-codec\commons-codec\1.15\commons-codec-1.15.jar;C:\Users\User\.m2\re
Launcher Type: SUN_STANDARD

[Global flags]
     intx CICompilerCount                          = 3                                         {product} {ergonomic}
     uint ConcGCThreads                            = 1                                         {product} {ergonomic}
     uint G1ConcRefinementThreads                  = 4                                         {product} {ergonomic}
   size_t G1HeapRegionSize                         = 1048576                                   {product} {ergonomic}
    uintx GCDrainStackTargetSize                   = 64                                        {product} {ergonomic}
   size_t InitialHeapSize                          = 67108864                                  {product} {ergonomic}
   size_t MarkStackSize                            = 4194304                                   {product} {ergonomic}
   size_t MaxHeapSize                              = 1050673152                                {product} {ergonomic}
   size_t MaxNewSize                               = 630194176                                 {product} {ergonomic}
   size_t MinHeapDeltaBytes                        = 1048576                                   {product} {ergonomic}
   size_t MinHeapSize                              = 8388608                                   {product} {ergonomic}
    uintx NonNMethodCodeHeapSize                   = 5832780                                {pd product} {ergonomic}
    uintx NonProfiledCodeHeapSize                  = 122912730                              {pd product} {ergonomic}
    uintx ProfiledCodeHeapSize                     = 122912730                              {pd product} {ergonomic}
    uintx ReservedCodeCacheSize                    = 251658240                              {pd product} {ergonomic}
     bool SegmentedCodeCache                       = true                                      {product} {ergonomic}
   size_t SoftMaxHeapSize                          = 1050673152                             {manageable} {ergonomic}
     bool UseCompressedClassPointers               = true                                 {lp64_product} {ergonomic}
     bool UseCompressedOops                        = true                                 {lp64_product} {ergonomic}
     bool UseG1GC                                  = true                                      {product} {ergonomic}
     bool UseLargePagesIndividualAllocation        = false                                  {pd product} {ergonomic}

Logging:
Log output configuration:
 #0: stdout all=warning uptime,level,tags
 #1: stderr all=off uptime,level,tags

Environment Variables:
JAVA_HOME=C:\Program Files (x86)\Java\jre1.8.0_241
PATH=C:\Program Files\Java\jdk-13.0.2\bin;C:\Program Files (x86)\Common Files\Oracle\Java\javapath;C:\Windows\system32;C:\Windows;C:\Windows\System32\Wbem;C:\Windows\System32\WindowsPowerShell\v1.0\;C:\Windows\System32\OpenSSH\;C:\Program Files (x86)\apache-maven-3.8.1\bin;C:\Program Files (x86)\gradle-7.1.1\bin;C:\Users\User\Documents\Setup logiciels\mongosh-1.1.2-win32-x64\bin;C:\Program Files\MySQL\MySQL Shell 8.0\bin\;C:\Users\User\AppData\Local\Microsoft\WindowsApps;C:\Users\User\AppData\Local\Programs\Microsoft VS Code\bin;C:\Program Files (x86)\gradle-7.1.1\bin;C:\Users\User\Downloads\platform-tools;C:\Users\User\Documents\Setup logiciels\mongosh-1.1.2-win32-x64\bin;C:\Users\User\AppData\Local\GitHubDesktop\bin
USERNAME=User
OS=Windows_NT
PROCESSOR_IDENTIFIER=Intel64 Family 6 Model 42 Stepping 7, GenuineIntel



---------------  S Y S T E M  ---------------

OS: Windows 10 , 64 bit Build 18362 (10.0.18362.1500)

CPU:total 4 (initial active 4) (2 cores per cpu, 2 threads per core) family 6 model 42 stepping 7, cmov, cx8, fxsr, mmx, sse, sse2, sse3, ssse3, sse4.1, sse4.2, popcnt, avx, aes, clmul, ht, tsc, tscinvbit

Memory: 4k page, system-wide physical 4006M (774M free)
TotalPageFile size 16294M (AvailPageFile size 0M)
current process WorkingSet (physical memory assigned to process): 14M, peak: 310M
current process commit charge ("private bytes"): 360M, peak: 368M

vm_info: Java HotSpot(TM) 64-Bit Server VM (13.0.2+8) for windows-amd64 JRE (13.0.2+8), built on Dec 11 2019 09:20:33 by "mach5one" with unknown MS VC++:1916

END.
