#
# There is insufficient memory for the Java Runtime Environment to continue.
# Native memory allocation (mmap) failed to map 117440512 bytes for Failed to commit area from 0x00000000c5600000 to 0x00000000cc600000 of length 117440512.
# Possible reasons:
#   The system is out of physical RAM or swap space
#   The process is running with CompressedOops enabled, and the Java Heap may be blocking the growth of the native heap
# Possible solutions:
#   Reduce memory load on the system
#   Increase physical memory or swap space
#   Check if swap backing store is full
#   Decrease Java heap size (-Xmx/-Xms)
#   Decrease number of Java threads
#   Decrease Java thread stack sizes (-Xss)
#   Set larger code cache with -XX:ReservedCodeCacheSize=
#   JVM is running with Unscaled Compressed Oops mode in which the Java heap is
#     placed in the first 4GB address space. The Java Heap base address is the
#     maximum limit for the native heap growth. Please use -XX:HeapBaseMinAddress
#     to set the Java Heap base and to place the Java Heap above 4GB virtual address.
# This output file may be truncated or incomplete.
#
#  Out of Memory Error (t:/workspace/open/src/hotspot/os/windows/os_windows.cpp:3301), pid=14092, tid=2564
#
# JRE version: Java(TM) SE Runtime Environment (13.0.2+8) (build 13.0.2+8)
# Java VM: Java HotSpot(TM) 64-Bit Server VM (13.0.2+8, mixed mode, sharing, tiered, compressed oops, g1 gc, windows-amd64)
# No core dump will be written. Minidumps are not enabled by default on client versions of Windows
#

---------------  S U M M A R Y ------------

Command Line: -Dfile.encoding=Cp1252 Application.Home

Host: Intel(R) Core(TM) i5-2520M CPU @ 2.50GHz, 4 cores, 3G,  Windows 10 , 64 bit Build 18362 (10.0.18362.1500)
Time: Mon Oct  4 10:59:11 2021 South Africa Standard Time elapsed time: 3 seconds (0d 0h 0m 3s)

---------------  T H R E A D  ---------------

Current thread (0x00000175d67d2000):  JavaThread "Image Fetcher 0" daemon [_thread_in_vm, id=2564, stack(0x00000013fb900000,0x00000013fba00000)]

Stack: [0x00000013fb900000,0x00000013fba00000]
Native frames: (J=compiled Java code, j=interpreted, Vv=VM code, C=native code)
V  [jvm.dll+0x624f9a]
V  [jvm.dll+0x770cfa]
V  [jvm.dll+0x7724af]
V  [jvm.dll+0x772ab3]
V  [jvm.dll+0x24bf08]
V  [jvm.dll+0x6222aa]
V  [jvm.dll+0x6170b5]
V  [jvm.dll+0x30a88c]
V  [jvm.dll+0x30a6c2]
V  [jvm.dll+0x30fe36]
V  [jvm.dll+0x353f46]
V  [jvm.dll+0x353720]
V  [jvm.dll+0x2e5d5e]
V  [jvm.dll+0x2e16ff]
V  [jvm.dll+0x5be8b5]
V  [jvm.dll+0x5be33b]
V  [jvm.dll+0x1f48d5]
V  [jvm.dll+0x74b3a7]
V  [jvm.dll+0x3783ea]
C  0x00000175c1dcfd37

Java frames: (J=compiled Java code, j=interpreted, Vv=VM code)
j  java.awt.image.DataBufferInt.<init>(I)V+11 java.desktop@13.0.2
j  java.awt.image.Raster.createPackedRaster(III[ILjava/awt/Point;)Ljava/awt/image/WritableRaster;+69 java.desktop@13.0.2
j  java.awt.image.DirectColorModel.createCompatibleWritableRaster(II)Ljava/awt/image/WritableRaster;+83 java.desktop@13.0.2
j  sun.awt.image.ImageRepresentation.createBufferedImage()V+18 java.desktop@13.0.2
J 675 c1 sun.awt.image.ImageRepresentation.setPixels(IIIILjava/awt/image/ColorModel;[III)V java.desktop@13.0.2 (527 bytes) @ 0x00000175c2450aec [0x00000175c2450760+0x000000000000038c]
J 677 c1 sun.awt.image.ImageDecoder.setPixels(IIIILjava/awt/image/ColorModel;[III)I java.desktop@13.0.2 (58 bytes) @ 0x00000175c244ec6c [0x00000175c244e780+0x00000000000004ec]
J 635 c1 sun.awt.image.PNGImageDecoder.sendPixels(IIII[III)Z java.desktop@13.0.2 (44 bytes) @ 0x00000175c2448204 [0x00000175c24480c0+0x0000000000000144]
J 731% c1 sun.awt.image.PNGImageDecoder.produceImage()V java.desktop@13.0.2 (1917 bytes) @ 0x00000175c2477d2c [0x00000175c2474360+0x00000000000039cc]
j  sun.awt.image.InputStreamImageSource.doFetch()V+51 java.desktop@13.0.2
j  sun.awt.image.ImageFetcher.fetchloop()V+31 java.desktop@13.0.2
j  sun.awt.image.ImageFetcher.run()V+5 java.desktop@13.0.2
v  ~StubRoutines::call_stub

---------------  P R O C E S S  ---------------

Threads class SMR info:
_java_thread_list=0x00000175d68a4ec0, length=26, elements={
0x00000175d58d4000, 0x00000175d58d7000, 0x00000175d58ef800, 0x00000175d58f1000,
0x00000175d58f2000, 0x00000175d58fb800, 0x00000175d590c000, 0x00000175d6341800,
0x00000175d6345000, 0x00000175d671c000, 0x00000175d671d000, 0x00000175d664b000,
0x00000175d6738000, 0x00000175b98b1000, 0x00000175d67d2000, 0x00000175d6811800,
0x00000175d693c000, 0x00000175d6b5c000, 0x00000175d683c800, 0x00000175d68a8000,
0x00000175d6912800, 0x00000175d6911800, 0x00000175d6913000, 0x00000175d6910000,
0x00000175d690e000, 0x00000175d690d800
}

Java Threads: ( => current thread )
  0x00000175d58d4000 JavaThread "Reference Handler" daemon [_thread_blocked, id=11500, stack(0x00000013fab00000,0x00000013fac00000)]
  0x00000175d58d7000 JavaThread "Finalizer" daemon [_thread_blocked, id=9936, stack(0x00000013fac00000,0x00000013fad00000)]
  0x00000175d58ef800 JavaThread "Signal Dispatcher" daemon [_thread_blocked, id=11656, stack(0x00000013fad00000,0x00000013fae00000)]
  0x00000175d58f1000 JavaThread "Attach Listener" daemon [_thread_blocked, id=6604, stack(0x00000013fae00000,0x00000013faf00000)]
  0x00000175d58f2000 JavaThread "C2 CompilerThread0" daemon [_thread_blocked, id=10400, stack(0x00000013faf00000,0x00000013fb000000)]
  0x00000175d58fb800 JavaThread "C1 CompilerThread0" daemon [_thread_blocked, id=15016, stack(0x00000013fb000000,0x00000013fb100000)]
  0x00000175d590c000 JavaThread "Sweeper thread" daemon [_thread_blocked, id=13916, stack(0x00000013fb100000,0x00000013fb200000)]
  0x00000175d6341800 JavaThread "Service Thread" daemon [_thread_blocked, id=15304, stack(0x00000013fb200000,0x00000013fb300000)]
  0x00000175d6345000 JavaThread "Common-Cleaner" daemon [_thread_blocked, id=8720, stack(0x00000013fb400000,0x00000013fb500000)]
  0x00000175d671c000 JavaThread "Java2D Disposer" daemon [_thread_blocked, id=3248, stack(0x00000013fb500000,0x00000013fb600000)]
  0x00000175d671d000 JavaThread "AWT-Shutdown" [_thread_blocked, id=11080, stack(0x00000013fb600000,0x00000013fb700000)]
  0x00000175d664b000 JavaThread "AWT-Windows" daemon [_thread_in_native, id=10316, stack(0x00000013fb700000,0x00000013fb800000)]
  0x00000175d6738000 JavaThread "AWT-EventQueue-0" [_thread_blocked, id=3320, stack(0x00000013fb800000,0x00000013fb900000)]
  0x00000175b98b1000 JavaThread "DestroyJavaVM" [_thread_blocked, id=14708, stack(0x00000013fa400000,0x00000013fa500000)]
=>0x00000175d67d2000 JavaThread "Image Fetcher 0" daemon [_thread_in_vm, id=2564, stack(0x00000013fb900000,0x00000013fba00000)]
  0x00000175d6811800 JavaThread "TimerQueue" daemon [_thread_blocked, id=10040, stack(0x00000013fba00000,0x00000013fbb00000)]
  0x00000175d693c000 JavaThread "SwingWorker-pool-1-thread-1" daemon [_thread_blocked, id=11916, stack(0x00000013fbb00000,0x00000013fbc00000)]
  0x00000175d6b5c000 JavaThread "SwingWorker-pool-1-thread-2" daemon [_thread_blocked, id=6024, stack(0x00000013fbc00000,0x00000013fbd00000)]
  0x00000175d683c800 JavaThread "SwingWorker-pool-1-thread-3" daemon [_thread_blocked, id=9876, stack(0x00000013fc200000,0x00000013fc300000)]
  0x00000175d68a8000 JavaThread "SwingWorker-pool-1-thread-4" daemon [_thread_blocked, id=2392, stack(0x00000013fc300000,0x00000013fc400000)]
  0x00000175d6912800 JavaThread "SwingWorker-pool-1-thread-5" daemon [_thread_blocked, id=9964, stack(0x00000013fc400000,0x00000013fc500000)]
  0x00000175d6911800 JavaThread "SwingWorker-pool-1-thread-6" daemon [_thread_blocked, id=9652, stack(0x00000013fc500000,0x00000013fc600000)]
  0x00000175d6913000 JavaThread "SwingWorker-pool-1-thread-7" daemon [_thread_blocked, id=12388, stack(0x00000013fc600000,0x00000013fc700000)]
  0x00000175d6910000 JavaThread "SwingWorker-pool-1-thread-8" daemon [_thread_blocked, id=8624, stack(0x00000013fc700000,0x00000013fc800000)]
  0x00000175d690e000 JavaThread "SwingWorker-pool-1-thread-9" daemon [_thread_blocked, id=2104, stack(0x00000013fc800000,0x00000013fc900000)]
  0x00000175d690d800 JavaThread "SwingWorker-pool-1-thread-10" daemon [_thread_blocked, id=8128, stack(0x00000013fc900000,0x00000013fca00000)]

Other Threads:
  0x00000175d58d1800 VMThread "VM Thread" [stack: 0x00000013faa00000,0x00000013fab00000] [id=11092]
  0x00000175d6344000 WatcherThread [stack: 0x00000013fb300000,0x00000013fb400000] [id=7340]
  0x00000175b98e1800 GCTaskThread "GC Thread#0" [stack: 0x00000013fa500000,0x00000013fa600000] [id=12640]
  0x00000175d6b5d000 GCTaskThread "GC Thread#1" [stack: 0x00000013fbd00000,0x00000013fbe00000] [id=5596]
  0x00000175d6b5d800 GCTaskThread "GC Thread#2" [stack: 0x00000013fbe00000,0x00000013fbf00000] [id=10120]
  0x00000175d6b5e000 GCTaskThread "GC Thread#3" [stack: 0x00000013fbf00000,0x00000013fc000000] [id=14012]
  0x00000175b98eb000 ConcurrentGCThread "G1 Main Marker" [stack: 0x00000013fa600000,0x00000013fa700000] [id=15144]
  0x00000175b98ed000 ConcurrentGCThread "G1 Conc#0" [stack: 0x00000013fa700000,0x00000013fa800000] [id=7576]
  0x00000175b9976800 ConcurrentGCThread "G1 Refine#0" [stack: 0x00000013fa800000,0x00000013fa900000] [id=14372]
  0x00000175d6463000 ConcurrentGCThread "G1 Refine#1" [stack: 0x00000013fc000000,0x00000013fc100000] [id=13536]
  0x00000175d6b32800 ConcurrentGCThread "G1 Refine#2" [stack: 0x00000013fc100000,0x00000013fc200000] [id=14476]
  0x00000175b997c800 ConcurrentGCThread "G1 Young RemSet Sampling" [stack: 0x00000013fa900000,0x00000013faa00000] [id=9388]

Threads with active compile tasks:

VM state:not at safepoint (normal execution)

VM Mutex/Monitor currently owned by a thread:  ([mutex/lock_event])
[0x00000175b98ac690] Heap_lock - owner thread: 0x00000175d67d2000

Heap address: 0x00000000c1600000, size: 1002 MB, Compressed Oops mode: 32-bit
Narrow klass base: 0x0000000800000000, Narrow klass shift: 3
Compressed class space size: 1073741824 Address: 0x0000000800b40000

Heap:
 garbage-first heap   total 180224K, used 6407K [0x00000000c1600000, 0x0000000100000000)
  region size 1024K, 2 young (2048K), 2 survivors (2048K)
 Metaspace       used 12219K, capacity 12530K, committed 12800K, reserved 1060864K
  class space    used 1382K, capacity 1521K, committed 1536K, reserved 1048576K
Heap Regions: E=young(eden), S=young(survivor), O=old, HS=humongous(starts), HC=humongous(continues), CS=collection set, F=free, A=archive, TAMS=top-at-mark-start (previous, next)
|   0|0x00000000c1600000, 0x00000000c1700000, 0x00000000c1700000|100%| O|  |TAMS 0x00000000c1600000, 0x00000000c1700000| Untracked 
|   1|0x00000000c1700000, 0x00000000c1800000, 0x00000000c1800000|100%| O|  |TAMS 0x00000000c1700000, 0x00000000c1800000| Untracked 
|   2|0x00000000c1800000, 0x00000000c1900000, 0x00000000c1900000|100%| O|  |TAMS 0x00000000c1800000, 0x00000000c1900000| Untracked 
|   3|0x00000000c1900000, 0x00000000c1a00000, 0x00000000c1a00000|100%| O|  |TAMS 0x00000000c1900000, 0x00000000c1a00000| Untracked 
|   4|0x00000000c1a00000, 0x00000000c1af5000, 0x00000000c1b00000| 95%| O|  |TAMS 0x00000000c1a00000, 0x00000000c1af5000| Untracked 
|   5|0x00000000c1b00000, 0x00000000c1b00000, 0x00000000c1c00000|  0%| F|  |TAMS 0x00000000c1b00000, 0x00000000c1b00000| Untracked 
|   6|0x00000000c1c00000, 0x00000000c1c00000, 0x00000000c1d00000|  0%| F|  |TAMS 0x00000000c1c00000, 0x00000000c1c00000| Untracked 
|   7|0x00000000c1d00000, 0x00000000c1d00000, 0x00000000c1e00000|  0%| F|  |TAMS 0x00000000c1d00000, 0x00000000c1d00000| Untracked 
|   8|0x00000000c1e00000, 0x00000000c1e00000, 0x00000000c1f00000|  0%| F|  |TAMS 0x00000000c1e00000, 0x00000000c1e00000| Untracked 
|   9|0x00000000c1f00000, 0x00000000c1f00000, 0x00000000c2000000|  0%| F|  |TAMS 0x00000000c1f00000, 0x00000000c1f00000| Untracked 
|  10|0x00000000c2000000, 0x00000000c2000000, 0x00000000c2100000|  0%| F|  |TAMS 0x00000000c2000000, 0x00000000c2000000| Untracked 
|  11|0x00000000c2100000, 0x00000000c2100000, 0x00000000c2200000|  0%| F|  |TAMS 0x00000000c2100000, 0x00000000c2100000| Untracked 
|  12|0x00000000c2200000, 0x00000000c2200000, 0x00000000c2300000|  0%| F|  |TAMS 0x00000000c2200000, 0x00000000c2200000| Untracked 
|  13|0x00000000c2300000, 0x00000000c2300000, 0x00000000c2400000|  0%| F|  |TAMS 0x00000000c2300000, 0x00000000c2300000| Untracked 
|  14|0x00000000c2400000, 0x00000000c2400000, 0x00000000c2500000|  0%| F|  |TAMS 0x00000000c2400000, 0x00000000c2400000| Untracked 
|  15|0x00000000c2500000, 0x00000000c2500000, 0x00000000c2600000|  0%| F|  |TAMS 0x00000000c2500000, 0x00000000c2500000| Untracked 
|  16|0x00000000c2600000, 0x00000000c2600000, 0x00000000c2700000|  0%| F|  |TAMS 0x00000000c2600000, 0x00000000c2600000| Untracked 
|  17|0x00000000c2700000, 0x00000000c2700000, 0x00000000c2800000|  0%| F|  |TAMS 0x00000000c2700000, 0x00000000c2700000| Untracked 
|  18|0x00000000c2800000, 0x00000000c2800000, 0x00000000c2900000|  0%| F|  |TAMS 0x00000000c2800000, 0x00000000c2800000| Untracked 
|  19|0x00000000c2900000, 0x00000000c2900000, 0x00000000c2a00000|  0%| F|  |TAMS 0x00000000c2900000, 0x00000000c2900000| Untracked 
|  20|0x00000000c2a00000, 0x00000000c2a00000, 0x00000000c2b00000|  0%| F|  |TAMS 0x00000000c2a00000, 0x00000000c2a00000| Untracked 
|  21|0x00000000c2b00000, 0x00000000c2b00000, 0x00000000c2c00000|  0%| F|  |TAMS 0x00000000c2b00000, 0x00000000c2b00000| Untracked 
|  22|0x00000000c2c00000, 0x00000000c2c00000, 0x00000000c2d00000|  0%| F|  |TAMS 0x00000000c2c00000, 0x00000000c2c00000| Untracked 
|  23|0x00000000c2d00000, 0x00000000c2d00000, 0x00000000c2e00000|  0%| F|  |TAMS 0x00000000c2d00000, 0x00000000c2d00000| Untracked 
|  24|0x00000000c2e00000, 0x00000000c2e00000, 0x00000000c2f00000|  0%| F|  |TAMS 0x00000000c2e00000, 0x00000000c2e00000| Untracked 
|  25|0x00000000c2f00000, 0x00000000c2f00000, 0x00000000c3000000|  0%| F|  |TAMS 0x00000000c2f00000, 0x00000000c2f00000| Untracked 
|  26|0x00000000c3000000, 0x00000000c3000000, 0x00000000c3100000|  0%| F|  |TAMS 0x00000000c3000000, 0x00000000c3000000| Untracked 
|  27|0x00000000c3100000, 0x00000000c3100000, 0x00000000c3200000|  0%| F|  |TAMS 0x00000000c3100000, 0x00000000c3100000| Untracked 
|  28|0x00000000c3200000, 0x00000000c3200000, 0x00000000c3300000|  0%| F|  |TAMS 0x00000000c3200000, 0x00000000c3200000| Untracked 
|  29|0x00000000c3300000, 0x00000000c3300000, 0x00000000c3400000|  0%| F|  |TAMS 0x00000000c3300000, 0x00000000c3300000| Untracked 
|  30|0x00000000c3400000, 0x00000000c3400000, 0x00000000c3500000|  0%| F|  |TAMS 0x00000000c3400000, 0x00000000c3400000| Untracked 
|  31|0x00000000c3500000, 0x00000000c3500000, 0x00000000c3600000|  0%| F|  |TAMS 0x00000000c3500000, 0x00000000c3500000| Untracked 
|  32|0x00000000c3600000, 0x00000000c3600000, 0x00000000c3700000|  0%| F|  |TAMS 0x00000000c3600000, 0x00000000c3600000| Untracked 
|  33|0x00000000c3700000, 0x00000000c3700000, 0x00000000c3800000|  0%| F|  |TAMS 0x00000000c3700000, 0x00000000c3700000| Untracked 
|  34|0x00000000c3800000, 0x00000000c3800000, 0x00000000c3900000|  0%| F|  |TAMS 0x00000000c3800000, 0x00000000c3800000| Untracked 
|  35|0x00000000c3900000, 0x00000000c3900000, 0x00000000c3a00000|  0%| F|  |TAMS 0x00000000c3900000, 0x00000000c3900000| Untracked 
|  36|0x00000000c3a00000, 0x00000000c3a00000, 0x00000000c3b00000|  0%| F|  |TAMS 0x00000000c3a00000, 0x00000000c3a00000| Untracked 
|  37|0x00000000c3b00000, 0x00000000c3b00000, 0x00000000c3c00000|  0%| F|  |TAMS 0x00000000c3b00000, 0x00000000c3b00000| Untracked 
|  38|0x00000000c3c00000, 0x00000000c3c00000, 0x00000000c3d00000|  0%| F|  |TAMS 0x00000000c3c00000, 0x00000000c3c00000| Untracked 
|  39|0x00000000c3d00000, 0x00000000c3d00000, 0x00000000c3e00000|  0%| F|  |TAMS 0x00000000c3d00000, 0x00000000c3d00000| Untracked 
|  40|0x00000000c3e00000, 0x00000000c3e00000, 0x00000000c3f00000|  0%| F|  |TAMS 0x00000000c3e00000, 0x00000000c3e00000| Untracked 
|  41|0x00000000c3f00000, 0x00000000c3f00000, 0x00000000c4000000|  0%| F|  |TAMS 0x00000000c3f00000, 0x00000000c3f00000| Untracked 
|  42|0x00000000c4000000, 0x00000000c4000000, 0x00000000c4100000|  0%| F|  |TAMS 0x00000000c4000000, 0x00000000c4000000| Untracked 
|  43|0x00000000c4100000, 0x00000000c4100000, 0x00000000c4200000|  0%| F|  |TAMS 0x00000000c4100000, 0x00000000c4100000| Untracked 
|  44|0x00000000c4200000, 0x00000000c4200000, 0x00000000c4300000|  0%| F|  |TAMS 0x00000000c4200000, 0x00000000c4200000| Untracked 
|  45|0x00000000c4300000, 0x00000000c4300000, 0x00000000c4400000|  0%| F|  |TAMS 0x00000000c4300000, 0x00000000c4300000| Untracked 
|  46|0x00000000c4400000, 0x00000000c4400000, 0x00000000c4500000|  0%| F|  |TAMS 0x00000000c4400000, 0x00000000c4400000| Untracked 
|  47|0x00000000c4500000, 0x00000000c4500000, 0x00000000c4600000|  0%| F|  |TAMS 0x00000000c4500000, 0x00000000c4500000| Untracked 
|  48|0x00000000c4600000, 0x00000000c464cc98, 0x00000000c4700000| 29%| S|CS|TAMS 0x00000000c4600000, 0x00000000c4600000| Complete 
|  49|0x00000000c4700000, 0x00000000c4800000, 0x00000000c4800000|100%| S|CS|TAMS 0x00000000c4700000, 0x00000000c4700000| Complete 
|  50|0x00000000c4800000, 0x00000000c4800000, 0x00000000c4900000|  0%| F|  |TAMS 0x00000000c4800000, 0x00000000c4800000| Untracked 
|  51|0x00000000c4900000, 0x00000000c4900000, 0x00000000c4a00000|  0%| F|  |TAMS 0x00000000c4900000, 0x00000000c4900000| Untracked 
|  52|0x00000000c4a00000, 0x00000000c4a00000, 0x00000000c4b00000|  0%| F|  |TAMS 0x00000000c4a00000, 0x00000000c4a00000| Untracked 
|  53|0x00000000c4b00000, 0x00000000c4b00000, 0x00000000c4c00000|  0%| F|  |TAMS 0x00000000c4b00000, 0x00000000c4b00000| Untracked 
|  54|0x00000000c4c00000, 0x00000000c4c00000, 0x00000000c4d00000|  0%| F|  |TAMS 0x00000000c4c00000, 0x00000000c4c00000| Untracked 
|  55|0x00000000c4d00000, 0x00000000c4d00000, 0x00000000c4e00000|  0%| F|  |TAMS 0x00000000c4d00000, 0x00000000c4d00000| Untracked 
|  56|0x00000000c4e00000, 0x00000000c4e00000, 0x00000000c4f00000|  0%| F|  |TAMS 0x00000000c4e00000, 0x00000000c4e00000| Untracked 
|  57|0x00000000c4f00000, 0x00000000c4f00000, 0x00000000c5000000|  0%| F|  |TAMS 0x00000000c4f00000, 0x00000000c4f00000| Untracked 
|  58|0x00000000c5000000, 0x00000000c5000000, 0x00000000c5100000|  0%| F|  |TAMS 0x00000000c5000000, 0x00000000c5000000| Untracked 
|  59|0x00000000c5100000, 0x00000000c5100000, 0x00000000c5200000|  0%| F|  |TAMS 0x00000000c5100000, 0x00000000c5100000| Untracked 
|  60|0x00000000c5200000, 0x00000000c5200000, 0x00000000c5300000|  0%| F|  |TAMS 0x00000000c5200000, 0x00000000c5200000| Untracked 
|  61|0x00000000c5300000, 0x00000000c5300000, 0x00000000c5400000|  0%| F|  |TAMS 0x00000000c5300000, 0x00000000c5300000| Untracked 
|  62|0x00000000c5400000, 0x00000000c5400000, 0x00000000c5500000|  0%| F|  |TAMS 0x00000000c5400000, 0x00000000c5400000| Untracked 
|  63|0x00000000c5500000, 0x00000000c5500000, 0x00000000c5600000|  0%| F|  |TAMS 0x00000000c5500000, 0x00000000c5500000| Untracked 

Card table byte_map: [0x00000175d0fb0000,0x00000175d11b0000] _byte_map_base: 0x00000175d09a5000

Marking Bits (Prev, Next): (CMBitMap*) 0x00000175b98e28d8, (CMBitMap*) 0x00000175b98e2918
 Prev Bits: [0x00000175d13b0000, 0x00000175d2358000)
 Next Bits: [0x00000175d2360000, 0x00000175d3308000)

Polling page: 0x00000175b7740000

Metaspace:

Usage:
  Non-class:     10.75 MB capacity,    10.58 MB ( 98%) used,   146.09 KB (  1%) free+waste,    25.44 KB ( <1%) overhead. 
      Class:      1.49 MB capacity,     1.35 MB ( 91%) used,   123.92 KB (  8%) free+waste,    14.69 KB ( <1%) overhead. 
       Both:     12.24 MB capacity,    11.93 MB ( 98%) used,   270.02 KB (  2%) free+waste,    40.13 KB ( <1%) overhead. 

Virtual space:
  Non-class space:       12.00 MB reserved,      11.00 MB ( 92%) committed 
      Class space:        1.00 GB reserved,       1.50 MB ( <1%) committed 
             Both:        1.01 GB reserved,      12.50 MB (  1%) committed 

Chunk freelists:
   Non-Class:  0 bytes
       Class:  15.00 KB
        Both:  15.00 KB

MaxMetaspaceSize: 17179869184.00 GB
CompressedClassSpaceSize: 1.00 GB

CodeHeap 'non-profiled nmethods': size=120000Kb used=820Kb max_used=820Kb free=119179Kb
 bounds [0x00000175c9880000, 0x00000175c9af0000, 0x00000175d0db0000]
CodeHeap 'profiled nmethods': size=120000Kb used=5544Kb max_used=5544Kb free=114455Kb
 bounds [0x00000175c2350000, 0x00000175c28c0000, 0x00000175c9880000]
CodeHeap 'non-nmethods': size=5760Kb used=1308Kb max_used=1337Kb free=4451Kb
 bounds [0x00000175c1db0000, 0x00000175c2020000, 0x00000175c2350000]
 total_blobs=3495 nmethods=2166 adapters=502
 compilation: enabled
              stopped_count=0, restarted_count=0
 full_count=0

Compilation events (20 events):
Event: 3.442 Thread 0x00000175d58fb800 nmethod 2203 0x00000175c28b7490 code [0x00000175c28b7660, 0x00000175c28b7970]
Event: 3.442 Thread 0x00000175d58fb800 2204       3       java.util.Arrays::fill (28 bytes)
Event: 3.442 Thread 0x00000175d58fb800 nmethod 2204 0x00000175c28b7a90 code [0x00000175c28b7c60, 0x00000175c28b8070]
Event: 3.443 Thread 0x00000175d58fb800 2205       3       java.lang.invoke.LambdaForm$Name::internArguments (59 bytes)
Event: 3.443 Thread 0x00000175d58fb800 nmethod 2205 0x00000175c28b8210 code [0x00000175c28b8400, 0x00000175c28b8bb0]
Event: 3.444 Thread 0x00000175d58fb800 2206       3       java.lang.invoke.LambdaFormBuffer::changeName (149 bytes)
Event: 3.444 Thread 0x00000175d58fb800 nmethod 2206 0x00000175c28b8d90 code [0x00000175c28b8f80, 0x00000175c28b9550]
Event: 3.448 Thread 0x00000175d58f2000 nmethod 2170 0x00000175c994a610 code [0x00000175c994a840, 0x00000175c994b790]
Event: 3.448 Thread 0x00000175d58f2000 2078       4       javax.swing.text.SimpleAttributeSet::getAttributeCount (8 bytes)
Event: 3.449 Thread 0x00000175d58f2000 nmethod 2078 0x00000175c994c290 code [0x00000175c994c420, 0x00000175c994c4b8]
Event: 3.449 Thread 0x00000175d58f2000 2076       4       java.lang.Integer::numberOfLeadingZeros (79 bytes)
Event: 3.449 Thread 0x00000175d58f2000 nmethod 2076 0x00000175c994c590 code [0x00000175c994c700, 0x00000175c994c798]
Event: 3.449 Thread 0x00000175d58f2000 2107       4       java.util.Arrays$ArrayList::size (6 bytes)
Event: 3.450 Thread 0x00000175d58f2000 nmethod 2107 0x00000175c994c890 code [0x00000175c994ca20, 0x00000175c994cab8]
Event: 3.467 Thread 0x00000175d58fb800 2209 %     3       sun.awt.image.PNGImageDecoder::update_crc @ 3 (41 bytes)
Event: 3.467 Thread 0x00000175d58fb800 nmethod 2209% 0x00000175c28b9710 code [0x00000175c28b98c0, 0x00000175c28b9b78]
Event: 3.467 Thread 0x00000175d58fb800 2210       3       sun.awt.image.PNGImageDecoder::update_crc (41 bytes)
Event: 3.467 Thread 0x00000175d58fb800 nmethod 2210 0x00000175c28b9d10 code [0x00000175c28b9ec0, 0x00000175c28ba118]
Event: 3.468 Thread 0x00000175d58f2000 2211 %     4       sun.awt.image.PNGImageDecoder::update_crc @ 3 (41 bytes)
Event: 3.475 Thread 0x00000175d58f2000 nmethod 2211% 0x00000175c994cb90 code [0x00000175c994cd20, 0x00000175c994cfd8]

GC Heap History (8 events):
Event: 1.674 GC heap before
{Heap before GC invocations=0 (full 0):
 garbage-first heap   total 65536K, used 14336K [0x00000000c1600000, 0x0000000100000000)
  region size 1024K, 14 young (14336K), 0 survivors (0K)
 Metaspace       used 10480K, capacity 10721K, committed 10880K, reserved 1058816K
  class space    used 1251K, capacity 1344K, committed 1408K, reserved 1048576K
}
Event: 1.689 GC heap after
{Heap after GC invocations=1 (full 0):
 garbage-first heap   total 65536K, used 4943K [0x00000000c1600000, 0x0000000100000000)
  region size 1024K, 2 young (2048K), 2 survivors (2048K)
 Metaspace       used 10480K, capacity 10721K, committed 10880K, reserved 1058816K
  class space    used 1251K, capacity 1344K, committed 1408K, reserved 1048576K
}
Event: 1.912 GC heap before
{Heap before GC invocations=1 (full 0):
 garbage-first heap   total 65536K, used 6991K [0x00000000c1600000, 0x0000000100000000)
  region size 1024K, 5 young (5120K), 2 survivors (2048K)
 Metaspace       used 10819K, capacity 11073K, committed 11136K, reserved 1058816K
  class space    used 1271K, capacity 1376K, committed 1408K, reserved 1048576K
}
Event: 1.916 GC heap after
{Heap after GC invocations=2 (full 0):
 garbage-first heap   total 65536K, used 5385K [0x00000000c1600000, 0x0000000100000000)
  region size 1024K, 1 young (1024K), 1 survivors (1024K)
 Metaspace       used 10819K, capacity 11073K, committed 11136K, reserved 1058816K
  class space    used 1271K, capacity 1376K, committed 1408K, reserved 1048576K
}
Event: 2.839 GC heap before
{Heap before GC invocations=2 (full 0):
 garbage-first heap   total 65536K, used 23817K [0x00000000c1600000, 0x0000000100000000)
  region size 1024K, 19 young (19456K), 1 survivors (1024K)
 Metaspace       used 11486K, capacity 11784K, committed 12032K, reserved 1060864K
  class space    used 1304K, capacity 1441K, committed 1536K, reserved 1048576K
}
Event: 2.841 GC heap after
{Heap after GC invocations=3 (full 0):
 garbage-first heap   total 65536K, used 5689K [0x00000000c1600000, 0x0000000100000000)
  region size 1024K, 1 young (1024K), 1 survivors (1024K)
 Metaspace       used 11486K, capacity 11784K, committed 12032K, reserved 1060864K
  class space    used 1304K, capacity 1441K, committed 1536K, reserved 1048576K
}
Event: 3.472 GC heap before
{Heap before GC invocations=3 (full 0):
 garbage-first heap   total 65536K, used 19001K [0x00000000c1600000, 0x0000000100000000)
  region size 1024K, 15 young (15360K), 1 survivors (1024K)
 Metaspace       used 12219K, capacity 12530K, committed 12800K, reserved 1060864K
  class space    used 1382K, capacity 1521K, committed 1536K, reserved 1048576K
}
Event: 3.475 GC heap after
{Heap after GC invocations=4 (full 0):
 garbage-first heap   total 65536K, used 6407K [0x00000000c1600000, 0x0000000100000000)
  region size 1024K, 2 young (2048K), 2 survivors (2048K)
 Metaspace       used 12219K, capacity 12530K, committed 12800K, reserved 1060864K
  class space    used 1382K, capacity 1521K, committed 1536K, reserved 1048576K
}

Deoptimization events (20 events):
Event: 3.470 Thread 0x00000175d67d2000 DEOPT PACKING pc=0x00000175c28b9a9f sp=0x00000013fb9febc0
Event: 3.470 Thread 0x00000175d67d2000 DEOPT UNPACKING pc=0x00000175c1df964e sp=0x00000013fb9fe090 mode 0
Event: 3.470 Thread 0x00000175d67d2000 DEOPT PACKING pc=0x00000175c28b9a9f sp=0x00000013fb9febc0
Event: 3.470 Thread 0x00000175d67d2000 DEOPT UNPACKING pc=0x00000175c1df964e sp=0x00000013fb9fe090 mode 0
Event: 3.470 Thread 0x00000175d67d2000 DEOPT PACKING pc=0x00000175c28b9a9f sp=0x00000013fb9febc0
Event: 3.470 Thread 0x00000175d67d2000 DEOPT UNPACKING pc=0x00000175c1df964e sp=0x00000013fb9fe090 mode 0
Event: 3.471 Thread 0x00000175d67d2000 DEOPT PACKING pc=0x00000175c28b9a9f sp=0x00000013fb9febc0
Event: 3.471 Thread 0x00000175d67d2000 DEOPT UNPACKING pc=0x00000175c1df964e sp=0x00000013fb9fe090 mode 0
Event: 3.471 Thread 0x00000175d67d2000 DEOPT PACKING pc=0x00000175c28b9a9f sp=0x00000013fb9febc0
Event: 3.471 Thread 0x00000175d67d2000 DEOPT UNPACKING pc=0x00000175c1df964e sp=0x00000013fb9fe090 mode 0
Event: 3.471 Thread 0x00000175d67d2000 DEOPT PACKING pc=0x00000175c28b9a9f sp=0x00000013fb9febc0
Event: 3.471 Thread 0x00000175d67d2000 DEOPT UNPACKING pc=0x00000175c1df964e sp=0x00000013fb9fe090 mode 0
Event: 3.471 Thread 0x00000175d67d2000 DEOPT PACKING pc=0x00000175c28b9a9f sp=0x00000013fb9febc0
Event: 3.471 Thread 0x00000175d67d2000 DEOPT UNPACKING pc=0x00000175c1df964e sp=0x00000013fb9fe090 mode 0
Event: 3.471 Thread 0x00000175d67d2000 DEOPT PACKING pc=0x00000175c28b9a9f sp=0x00000013fb9febc0
Event: 3.471 Thread 0x00000175d67d2000 DEOPT UNPACKING pc=0x00000175c1df964e sp=0x00000013fb9fe090 mode 0
Event: 3.471 Thread 0x00000175d67d2000 DEOPT PACKING pc=0x00000175c28b9a9f sp=0x00000013fb9febc0
Event: 3.471 Thread 0x00000175d67d2000 DEOPT UNPACKING pc=0x00000175c1df964e sp=0x00000013fb9fe090 mode 0
Event: 3.472 Thread 0x00000175d67d2000 DEOPT PACKING pc=0x00000175c2571865 sp=0x00000013fb9fed90
Event: 3.472 Thread 0x00000175d67d2000 DEOPT UNPACKING pc=0x00000175c1df964e sp=0x00000013fb9fe320 mode 0

Classes unloaded (0 events):
No events

Classes redefined (0 events):
No events

Internal exceptions (14 events):
Event: 0.158 Thread 0x00000175b98b1000 Exception <a 'java/lang/ClassNotFoundException'{0x00000000c530b328}: sun/awt/resources/spi/awtProvider> (0x00000000c530b328) 
thrown [t:/workspace/open/src/hotspot/share/classfile/systemDictionary.cpp, line 232]
Event: 0.189 Thread 0x00000175b98b1000 Exception <a 'java/io/FileNotFoundException'{0x00000000c5362480}> (0x00000000c5362480) 
thrown [t:/workspace/open/src/hotspot/share/prims/jni.cpp, line 598]
Event: 0.198 Thread 0x00000175b98b1000 Exception <a 'java/io/FileNotFoundException'{0x00000000c5388a60}> (0x00000000c5388a60) 
thrown [t:/workspace/open/src/hotspot/share/prims/jni.cpp, line 598]
Event: 0.278 Thread 0x00000175d664b000 Exception <a 'java/lang/NoSuchMethodError'{0x00000000c514d1f8}: 'void java.lang.invoke.DirectMethodHandle$Holder.invokeSpecial(java.lang.Object, java.lang.Object)'> (0x00000000c514d1f8) 
thrown [t:/workspace/open/src/hotspot/share/interpreter/linkResolver.cpp, line 767]
Event: 0.344 Thread 0x00000175d6738000 Exception <a 'java/lang/NoSuchMethodError'{0x00000000c504a928}: 'java.lang.Object java.lang.invoke.DirectMethodHandle$Holder.invokeStatic(java.lang.Object, int, java.lang.Object, java.lang.Object, java.lang.Object, java.lang.Object)'> (0x00000000c504a928) 
thrown [t:/workspace/open/src/hotspot/share/interpreter/linkResolver.cpp, line 767]
Event: 0.345 Thread 0x00000175d6738000 Exception <a 'java/lang/NoSuchMethodError'{0x00000000c5051288}: 'java.lang.Object java.lang.invoke.DirectMethodHandle$Holder.invokeStatic(java.lang.Object, int, java.lang.Object, java.lang.Object, java.lang.Object)'> (0x00000000c5051288) 
thrown [t:/workspace/open/src/hotspot/share/interpreter/linkResolver.cpp, line 767]
Event: 0.346 Thread 0x00000175d6738000 Exception <a 'java/lang/NoSuchMethodError'{0x00000000c5054af0}: 'java.lang.Object java.lang.invoke.DirectMethodHandle$Holder.invokeSpecial(java.lang.Object, java.lang.Object, int, java.lang.Object, java.lang.Object, java.lang.Object)'> (0x00000000c5054af0) 
thrown [t:/workspace/open/src/hotspot/share/interpreter/linkResolver.cpp, line 767]
Event: 0.349 Thread 0x00000175d6738000 Exception <a 'java/lang/NoSuchMethodError'{0x00000000c506ae18}: 'java.lang.Object java.lang.invoke.DirectMethodHandle$Holder.invokeStatic(java.lang.Object, int, java.lang.Object)'> (0x00000000c506ae18) 
thrown [t:/workspace/open/src/hotspot/share/interpreter/linkResolver.cpp, line 767]
Event: 0.375 Thread 0x00000175d6738000 Exception <a 'java/lang/ClassNotFoundException'{0x00000000c4f0e378}: com/sun/swing/internal/plaf/metal/resources/spi/metalProvider> (0x00000000c4f0e378) 
thrown [t:/workspace/open/src/hotspot/share/classfile/systemDictionary.cpp, line 232]
Event: 0.377 Thread 0x00000175d6738000 Exception <a 'java/lang/ClassNotFoundException'{0x00000000c4f12420}: com/sun/swing/internal/plaf/basic/resources/spi/basicProvider> (0x00000000c4f12420) 
thrown [t:/workspace/open/src/hotspot/share/classfile/systemDictionary.cpp, line 232]
Event: 0.570 Thread 0x00000175d6738000 Exception <a 'java/net/UnknownHostException'{0x00000000c4f494f0}> (0x00000000c4f494f0) 
thrown [t:/workspace/open/src/hotspot/share/prims/jni.cpp, line 598]
Event: 2.630 Thread 0x00000175d6738000 Exception <a 'java/io/FileNotFoundException'{0x00000000c44c36d0}> (0x00000000c44c36d0) 
thrown [t:/workspace/open/src/hotspot/share/prims/jni.cpp, line 598]
Event: 3.421 Thread 0x00000175d6738000 Exception <a 'java/lang/NoSuchMethodError'{0x00000000c49ddab0}: 'void java.lang.invoke.DirectMethodHandle$Holder.invokeStaticInit(java.lang.Object)'> (0x00000000c49ddab0) 
thrown [t:/workspace/open/src/hotspot/share/interpreter/linkResolver.cpp, line 767]
Event: 3.444 Thread 0x00000175d6738000 Exception <a 'java/lang/NoSuchMethodError'{0x00000000c48051c8}: 'java.lang.Object java.lang.invoke.Invokers$Holder.linkToTargetMethod(java.lang.Object, int, java.lang.Object)'> (0x00000000c48051c8) 
thrown [t:/workspace/open/src/hotspot/share/interpreter/linkResolver.cpp, line 767]

Events (20 events):
Event: 3.431 loading class sun/awt/windows/WingDings
Event: 3.439 loading class sun/awt/windows/WingDings done
Event: 3.439 loading class sun/awt/windows/WingDings$Encoder
Event: 3.440 loading class sun/awt/windows/WingDings$Encoder done
Event: 3.440 loading class sun/awt/Symbol
Event: 3.440 loading class sun/awt/Symbol done
Event: 3.440 loading class sun/awt/Symbol$Encoder
Event: 3.440 loading class sun/awt/Symbol$Encoder done
Event: 3.440 Executing VM operation: RevokeBias
Event: 3.440 Executing VM operation: RevokeBias done
Event: 3.441 Executing VM operation: RevokeBias
Event: 3.441 Executing VM operation: RevokeBias done
Event: 3.444 Executing VM operation: RevokeBias
Event: 3.444 Executing VM operation: RevokeBias done
Event: 3.446 Executing VM operation: RevokeBias
Event: 3.446 Executing VM operation: RevokeBias done
Event: 3.472 Executing VM operation: RevokeBias
Event: 3.472 Executing VM operation: RevokeBias done
Event: 3.472 Executing VM operation: G1CollectForAllocation
Event: 3.475 Executing VM operation: G1CollectForAllocation done


Dynamic libraries:
0x00007ff6f0cb0000 - 0x00007ff6f0cbf000 	C:\Program Files\Java\jdk-13.0.2\bin\javaw.exe
0x00007ff916940000 - 0x00007ff916b30000 	C:\Windows\SYSTEM32\ntdll.dll
0x00007ff915b50000 - 0x00007ff915c02000 	C:\Windows\System32\KERNEL32.DLL
0x00007ff9143b0000 - 0x00007ff914655000 	C:\Windows\System32\KERNELBASE.dll
0x00007ff914660000 - 0x00007ff91475a000 	C:\Windows\System32\ucrtbase.dll
0x00007ff90c3e0000 - 0x00007ff90c3f8000 	C:\Program Files\Java\jdk-13.0.2\bin\jli.dll
0x00007ff906ef0000 - 0x00007ff906f05000 	C:\Program Files\Java\jdk-13.0.2\bin\VCRUNTIME140.dll
0x00007ff916480000 - 0x00007ff916523000 	C:\Windows\System32\ADVAPI32.dll
0x00007ff915c10000 - 0x00007ff915cae000 	C:\Windows\System32\msvcrt.dll
0x00007ff916690000 - 0x00007ff916727000 	C:\Windows\System32\sechost.dll
0x00007ff9149f0000 - 0x00007ff914b0f000 	C:\Windows\System32\RPCRT4.dll
0x00007ff916730000 - 0x00007ff9168c4000 	C:\Windows\System32\USER32.dll
0x00007ff907fd0000 - 0x00007ff908254000 	C:\Windows\WinSxS\amd64_microsoft.windows.common-controls_6595b64144ccf1df_6.0.18362.1556_none_9e7e372fe45e41d5\COMCTL32.dll
0x00007ff9142c0000 - 0x00007ff9142e1000 	C:\Windows\System32\win32u.dll
0x00007ff914b20000 - 0x00007ff914e56000 	C:\Windows\System32\combase.dll
0x00007ff915280000 - 0x00007ff9152a6000 	C:\Windows\System32\GDI32.dll
0x00007ff913900000 - 0x00007ff913a98000 	C:\Windows\System32\gdi32full.dll
0x00007ff9142f0000 - 0x00007ff914371000 	C:\Windows\System32\bcryptPrimitives.dll
0x00007ff913aa0000 - 0x00007ff913b3e000 	C:\Windows\System32\msvcp_win.dll
0x00007ff9086b0000 - 0x00007ff9086ba000 	C:\Windows\SYSTEM32\VERSION.dll
0x00007ff9149c0000 - 0x00007ff9149ee000 	C:\Windows\System32\IMM32.DLL
0x00007ff8f6060000 - 0x00007ff8f60fb000 	C:\Program Files\Java\jdk-13.0.2\bin\msvcp140.dll
0x00007ff8da730000 - 0x00007ff8db28d000 	C:\Program Files\Java\jdk-13.0.2\bin\server\jvm.dll
0x00007ff914f90000 - 0x00007ff914f98000 	C:\Windows\System32\PSAPI.DLL
0x00007ff910450000 - 0x00007ff910474000 	C:\Windows\SYSTEM32\WINMM.dll
0x00007ff90cad0000 - 0x00007ff90cad9000 	C:\Windows\SYSTEM32\WSOCK32.dll
0x00007ff915ec0000 - 0x00007ff915f2f000 	C:\Windows\System32\WS2_32.dll
0x00007ff910420000 - 0x00007ff91044d000 	C:\Windows\SYSTEM32\WINMMBASE.dll
0x00007ff9148c0000 - 0x00007ff91490a000 	C:\Windows\System32\cfgmgr32.dll
0x00007ff913860000 - 0x00007ff913871000 	C:\Windows\System32\kernel.appcore.dll
0x00007ff908bf0000 - 0x00007ff908c00000 	C:\Program Files\Java\jdk-13.0.2\bin\verify.dll
0x00007ff906550000 - 0x00007ff906744000 	C:\Windows\SYSTEM32\DBGHELP.DLL
0x00007ff906520000 - 0x00007ff90654a000 	C:\Windows\SYSTEM32\dbgcore.DLL
0x00007ff9017d0000 - 0x00007ff9017f6000 	C:\Program Files\Java\jdk-13.0.2\bin\java.dll
0x00007ff8fd340000 - 0x00007ff8fd357000 	C:\Program Files\Java\jdk-13.0.2\bin\zip.dll
0x00007ff8fd330000 - 0x00007ff8fd33a000 	C:\Program Files\Java\jdk-13.0.2\bin\jimage.dll
0x00007ff915310000 - 0x00007ff9159f7000 	C:\Windows\System32\SHELL32.dll
0x00007ff914ee0000 - 0x00007ff914f88000 	C:\Windows\System32\shcore.dll
0x00007ff913b40000 - 0x00007ff9142bb000 	C:\Windows\System32\windows.storage.dll
0x00007ff913820000 - 0x00007ff91383e000 	C:\Windows\System32\profapi.dll
0x00007ff9137d0000 - 0x00007ff91381a000 	C:\Windows\System32\powrprof.dll
0x00007ff9137c0000 - 0x00007ff9137d0000 	C:\Windows\System32\UMPDC.dll
0x00007ff915070000 - 0x00007ff9150c2000 	C:\Windows\System32\shlwapi.dll
0x00007ff9138e0000 - 0x00007ff9138f7000 	C:\Windows\System32\cryptsp.dll
0x00007ff8fb480000 - 0x00007ff8fb499000 	C:\Program Files\Java\jdk-13.0.2\bin\net.dll
0x00007ff90a120000 - 0x00007ff90a21a000 	C:\Windows\SYSTEM32\WINHTTP.dll
0x00007ff913000000 - 0x00007ff913067000 	C:\Windows\system32\mswsock.dll
0x00007ff8f9f20000 - 0x00007ff8f9f33000 	C:\Program Files\Java\jdk-13.0.2\bin\nio.dll
0x00007ff8e5b40000 - 0x00007ff8e5cd9000 	C:\Program Files\Java\jdk-13.0.2\bin\awt.dll
0x00007ff915a00000 - 0x00007ff915ac5000 	C:\Windows\System32\OLEAUT32.dll
0x00007ff911930000 - 0x00007ff9119bf000 	C:\Windows\SYSTEM32\apphelp.dll
0x00007ff911ae0000 - 0x00007ff911b79000 	C:\Windows\system32\uxtheme.dll
0x00007ff9150d0000 - 0x00007ff915205000 	C:\Windows\System32\MSCTF.dll
0x00007ff916530000 - 0x00007ff916687000 	C:\Windows\System32\ole32.dll
0x00007ff911bd0000 - 0x00007ff911bfd000 	C:\Windows\system32\DWMAPI.DLL
0x00007ff8e4cb0000 - 0x00007ff8e4e06000 	C:\Windows\system32\opengl32.dll
0x00007ff8f8050000 - 0x00007ff8f807c000 	C:\Windows\SYSTEM32\GLU32.dll
0x00007ff912430000 - 0x00007ff912450000 	C:\Windows\SYSTEM32\dxcore.dll
0x00007ff912d50000 - 0x00007ff912e1b000 	C:\Windows\SYSTEM32\DNSAPI.dll
0x00007ff914b10000 - 0x00007ff914b18000 	C:\Windows\System32\NSI.dll
0x00007ff912d10000 - 0x00007ff912d4a000 	C:\Windows\SYSTEM32\IPHLPAPI.DLL
0x00007ff909ac0000 - 0x00007ff909aca000 	C:\Windows\System32\rasadhlp.dll
0x00007ff8e81c0000 - 0x00007ff8e8242000 	C:\Program Files\Java\jdk-13.0.2\bin\freetype.dll
0x00007ff8e5a90000 - 0x00007ff8e5b36000 	C:\Program Files\Java\jdk-13.0.2\bin\fontmanager.dll

dbghelp: loaded successfully - version: 4.0.5 - missing functions: none
symbol engine: initialized successfully - sym options: 0x614 - pdb path: .;C:\Program Files\Java\jdk-13.0.2\bin;C:\Windows\SYSTEM32;C:\Windows\WinSxS\amd64_microsoft.windows.common-controls_6595b64144ccf1df_6.0.18362.1556_none_9e7e372fe45e41d5;C:\Program Files\Java\jdk-13.0.2\bin\server

VM Arguments:
jvm_args: -Dfile.encoding=Cp1252 
java_command: Application.Home
java_class_path (initial): C:\Users\User\Desktop\Programmes\Java\Workspace\DriveOperations\target\classes;C:\Users\User\Desktop\Libraries\jgoodies-common-1.8.0.jar;C:\Users\User\Desktop\Libraries\jgoodies-forms-1.8.0.jar;C:\Users\User\Desktop\Libraries\miglayout15-swing.jar;C:\Users\User\Downloads\javax.mail.jar;C:\Users\User\Downloads\activation-1.1.1.jar;C:\Users\User\Downloads\jcalendar-1.4.jar;C:\Users\User\Downloads\jfreechart-1.0.19\lib\jcommon-1.0.23.jar;C:\Users\User\Downloads\jfreechart-1.0.19\lib\jfreechart-1.0.19.jar;C:\Users\User\Downloads\commons-net-3.8.0\commons-net-3.8.0.jar;C:\Users\User\Documents\Libs\comm-2.0.jar;C:\Users\User\Documents\Libs\http-2.2.1.jar;C:\Users\User\Documents\Libs\mysql-connector-java-5.1.45.jar;C:\Users\User\Downloads\JTattoo-1.6.13.jar;C:\Users\User\Desktop\Libs\jmespath-java-1.11.470.jar;C:\Users\User\Desktop\Libs\aws-java-sdk-core-1.12.65.jar;C:\Users\User\Desktop\Libs\aws-java-sdk-kms-1.12.65.jar;C:\Users\User\Desktop\Libs\aws-java-sdk-s3-1.12.65.jar;C:\Users\User\Desktop\Libs\commons-codec-1.15.jar;C:\Users\User\Desktop\Libs\commons-logging-1.1.3.jar;C:\Users\User\Desktop\Libs\httpclient-4.5.13.jar;C:\Users\User\Desktop\Libs\ion-java-1.0.2.jar;C:\Users\User\Desktop\Libs\jackson-annotations-2.12.3.jar;C:\Users\User\Desktop\Libs\jackson-core-2.12.3.jar;C:\Users\User\Desktop\Libs\jackson-databind-2.12.3.jar;C:\Users\User\Desktop\Libs\jackson-dataformat-cbor-2.12.3.jar;C:\Users\User\Desktop\Libs\jmespath-java-1.12.65.jar;C:\Users\User\Desktop\Libs\joda-time-2.8.1.jar;C:\Users\User\.m2\repository\com\amazonaws\aws-java-sdk-s3\1.12.65\aws-java-sdk-s3-1.12.65.jar;C:\Users\User\.m2\repository\com\amazonaws\aws-java-sdk-kms\1.12.65\aws-java-sdk-kms-1.12.65.jar;C:\Users\User\.m2\repository\com\amazonaws\aws-java-sdk-core\1.12.65\aws-java-sdk-core-1.12.65.jar;C:\Users\User\.m2\repository\commons-logging\commons-logging\1.1.3\commons-logging-1.1.3.jar;C:\Users\User\.m2\repository\commons-codec\commons-codec\1.15\commons-codec-1.15
Launcher Type: SUN_STANDARD

[Global flags]
     intx CICompilerCount                          = 3                                         {product} {ergonomic}
     uint ConcGCThreads                            = 1                                         {product} {ergonomic}
     uint G1ConcRefinementThreads                  = 4                                         {product} {ergonomic}
   size_t G1HeapRegionSize                         = 1048576                                   {product} {ergonomic}
    uintx GCDrainStackTargetSize                   = 64                                        {product} {ergonomic}
   size_t InitialHeapSize                          = 67108864                                  {product} {ergonomic}
   size_t MarkStackSize                            = 4194304                                   {product} {ergonomic}
   size_t MaxHeapSize                              = 1050673152                                {product} {ergonomic}
   size_t MaxNewSize                               = 630194176                                 {product} {ergonomic}
   size_t MinHeapDeltaBytes                        = 1048576                                   {product} {ergonomic}
   size_t MinHeapSize                              = 8388608                                   {product} {ergonomic}
    uintx NonNMethodCodeHeapSize                   = 5832780                                {pd product} {ergonomic}
    uintx NonProfiledCodeHeapSize                  = 122912730                              {pd product} {ergonomic}
    uintx ProfiledCodeHeapSize                     = 122912730                              {pd product} {ergonomic}
    uintx ReservedCodeCacheSize                    = 251658240                              {pd product} {ergonomic}
     bool SegmentedCodeCache                       = true                                      {product} {ergonomic}
   size_t SoftMaxHeapSize                          = 1050673152                             {manageable} {ergonomic}
     bool UseCompressedClassPointers               = true                                 {lp64_product} {ergonomic}
     bool UseCompressedOops                        = true                                 {lp64_product} {ergonomic}
     bool UseG1GC                                  = true                                      {product} {ergonomic}
     bool UseLargePagesIndividualAllocation        = false                                  {pd product} {ergonomic}

Logging:
Log output configuration:
 #0: stdout all=warning uptime,level,tags
 #1: stderr all=off uptime,level,tags

Environment Variables:
JAVA_HOME=C:\Program Files (x86)\Java\jre1.8.0_241
PATH=C:\Program Files\Java\jdk-13.0.2\bin;C:\Program Files (x86)\Common Files\Oracle\Java\javapath;C:\Windows\system32;C:\Windows;C:\Windows\System32\Wbem;C:\Windows\System32\WindowsPowerShell\v1.0\;C:\Windows\System32\OpenSSH\;C:\Program Files (x86)\apache-maven-3.8.1\bin;C:\Program Files (x86)\gradle-7.1.1\bin;C:\Users\User\AppData\Local\Microsoft\WindowsApps;C:\Users\User\AppData\Local\Programs\Microsoft VS Code\bin;C:\Program Files (x86)\gradle-7.1.1\bin;C:\Users\User\Downloads\platform-tools;
USERNAME=User
OS=Windows_NT
PROCESSOR_IDENTIFIER=Intel64 Family 6 Model 42 Stepping 7, GenuineIntel



---------------  S Y S T E M  ---------------

OS: Windows 10 , 64 bit Build 18362 (10.0.18362.1500)

CPU:total 4 (initial active 4) (2 cores per cpu, 2 threads per core) family 6 model 42 stepping 7, cmov, cx8, fxsr, mmx, sse, sse2, sse3, ssse3, sse4.1, sse4.2, popcnt, avx, aes, clmul, ht, tsc, tscinvbit

Memory: 4k page, system-wide physical 4006M (312M free)
TotalPageFile size 16294M (AvailPageFile size 44M)
current process WorkingSet (physical memory assigned to process): 111M, peak: 114M
current process commit charge ("private bytes"): 184M, peak: 296M

vm_info: Java HotSpot(TM) 64-Bit Server VM (13.0.2+8) for windows-amd64 JRE (13.0.2+8), built on Dec 11 2019 09:20:33 by "mach5one" with unknown MS VC++:1916

END.
