#
# There is insufficient memory for the Java Runtime Environment to continue.
# Native memory allocation (mmap) failed to map 117440512 bytes for Failed to commit area from 0x00000000c5600000 to 0x00000000cc600000 of length 117440512.
# Possible reasons:
#   The system is out of physical RAM or swap space
#   The process is running with CompressedOops enabled, and the Java Heap may be blocking the growth of the native heap
# Possible solutions:
#   Reduce memory load on the system
#   Increase physical memory or swap space
#   Check if swap backing store is full
#   Decrease Java heap size (-Xmx/-Xms)
#   Decrease number of Java threads
#   Decrease Java thread stack sizes (-Xss)
#   Set larger code cache with -XX:ReservedCodeCacheSize=
#   JVM is running with Unscaled Compressed Oops mode in which the Java heap is
#     placed in the first 4GB address space. The Java Heap base address is the
#     maximum limit for the native heap growth. Please use -XX:HeapBaseMinAddress
#     to set the Java Heap base and to place the Java Heap above 4GB virtual address.
# This output file may be truncated or incomplete.
#
#  Out of Memory Error (t:/workspace/open/src/hotspot/os/windows/os_windows.cpp:3301), pid=14428, tid=11012
#
# JRE version: Java(TM) SE Runtime Environment (13.0.2+8) (build 13.0.2+8)
# Java VM: Java HotSpot(TM) 64-Bit Server VM (13.0.2+8, mixed mode, sharing, tiered, compressed oops, g1 gc, windows-amd64)
# No core dump will be written. Minidumps are not enabled by default on client versions of Windows
#

---------------  S U M M A R Y ------------

Command Line: -Dfile.encoding=Cp1252 Application.Home

Host: Intel(R) Core(TM) i5-2520M CPU @ 2.50GHz, 4 cores, 3G,  Windows 10 , 64 bit Build 18362 (10.0.18362.1500)
Time: Fri Sep 24 06:09:10 2021 South Africa Standard Time elapsed time: 0 seconds (0d 0h 0m 0s)

---------------  T H R E A D  ---------------

Current thread (0x0000022bedf00800):  JavaThread "Image Fetcher 0" daemon [_thread_in_vm, id=11012, stack(0x0000009759f00000,0x000000975a000000)]

Stack: [0x0000009759f00000,0x000000975a000000]
Native frames: (J=compiled Java code, j=interpreted, Vv=VM code, C=native code)
V  [jvm.dll+0x624f9a]
V  [jvm.dll+0x770cfa]
V  [jvm.dll+0x7724af]
V  [jvm.dll+0x772ab3]
V  [jvm.dll+0x24bf08]
V  [jvm.dll+0x6222aa]
V  [jvm.dll+0x6170b5]
V  [jvm.dll+0x30a88c]
V  [jvm.dll+0x30a6c2]
V  [jvm.dll+0x30fe36]
V  [jvm.dll+0x353f46]
V  [jvm.dll+0x353720]
V  [jvm.dll+0x2e5d5e]
V  [jvm.dll+0x2e16ff]
V  [jvm.dll+0x5be8b5]
V  [jvm.dll+0x5be33b]
V  [jvm.dll+0x1f48d5]
V  [jvm.dll+0x74b3a7]
V  [jvm.dll+0x3783ea]
C  0x0000022bd950fd37

Java frames: (J=compiled Java code, j=interpreted, Vv=VM code)
j  java.awt.image.DataBufferInt.<init>(I)V+11 java.desktop@13.0.2
j  java.awt.image.Raster.createPackedRaster(III[ILjava/awt/Point;)Ljava/awt/image/WritableRaster;+69 java.desktop@13.0.2
j  java.awt.image.DirectColorModel.createCompatibleWritableRaster(II)Ljava/awt/image/WritableRaster;+83 java.desktop@13.0.2
j  sun.awt.image.ImageRepresentation.createBufferedImage()V+18 java.desktop@13.0.2
J 648 c1 sun.awt.image.ImageRepresentation.setPixels(IIIILjava/awt/image/ColorModel;[III)V java.desktop@13.0.2 (527 bytes) @ 0x0000022bd9b84f6c [0x0000022bd9b84be0+0x000000000000038c]
J 652 c1 sun.awt.image.ImageDecoder.setPixels(IIIILjava/awt/image/ColorModel;[III)I java.desktop@13.0.2 (58 bytes) @ 0x0000022bd9b8416c [0x0000022bd9b83c80+0x00000000000004ec]
J 613 c1 sun.awt.image.PNGImageDecoder.sendPixels(IIII[III)Z java.desktop@13.0.2 (44 bytes) @ 0x0000022bd9b7e584 [0x0000022bd9b7e440+0x0000000000000144]
J 705% c1 sun.awt.image.PNGImageDecoder.produceImage()V java.desktop@13.0.2 (1917 bytes) @ 0x0000022bd9ba792c [0x0000022bd9ba3f60+0x00000000000039cc]
j  sun.awt.image.InputStreamImageSource.doFetch()V+51 java.desktop@13.0.2
j  sun.awt.image.ImageFetcher.fetchloop()V+31 java.desktop@13.0.2
j  sun.awt.image.ImageFetcher.run()V+5 java.desktop@13.0.2
v  ~StubRoutines::call_stub

---------------  P R O C E S S  ---------------

Threads class SMR info:
_java_thread_list=0x0000022bedf08920, length=19, elements={
0x0000022becfda800, 0x0000022becfe0000, 0x0000022becff9800, 0x0000022becffc000,
0x0000022bed005000, 0x0000022bed00b800, 0x0000022bed017000, 0x0000022beda4c000,
0x0000022beda53800, 0x0000022bede04800, 0x0000022bedcfc000, 0x0000022bede39800,
0x0000022bedd8e800, 0x0000022bd0fef800, 0x0000022bedf00800, 0x0000022beded7000,
0x0000022bedfda800, 0x0000022bedf76000, 0x0000022bee207000
}

Java Threads: ( => current thread )
  0x0000022becfda800 JavaThread "Reference Handler" daemon [_thread_blocked, id=7948, stack(0x0000009759100000,0x0000009759200000)]
  0x0000022becfe0000 JavaThread "Finalizer" daemon [_thread_blocked, id=10896, stack(0x0000009759200000,0x0000009759300000)]
  0x0000022becff9800 JavaThread "Signal Dispatcher" daemon [_thread_blocked, id=12772, stack(0x0000009759300000,0x0000009759400000)]
  0x0000022becffc000 JavaThread "Attach Listener" daemon [_thread_blocked, id=8288, stack(0x0000009759400000,0x0000009759500000)]
  0x0000022bed005000 JavaThread "C2 CompilerThread0" daemon [_thread_blocked, id=15804, stack(0x0000009759500000,0x0000009759600000)]
  0x0000022bed00b800 JavaThread "C1 CompilerThread0" daemon [_thread_blocked, id=16064, stack(0x0000009759600000,0x0000009759700000)]
  0x0000022bed017000 JavaThread "Sweeper thread" daemon [_thread_blocked, id=14140, stack(0x0000009759700000,0x0000009759800000)]
  0x0000022beda4c000 JavaThread "Service Thread" daemon [_thread_blocked, id=6308, stack(0x0000009759800000,0x0000009759900000)]
  0x0000022beda53800 JavaThread "Common-Cleaner" daemon [_thread_blocked, id=15996, stack(0x0000009759a00000,0x0000009759b00000)]
  0x0000022bede04800 JavaThread "Java2D Disposer" daemon [_thread_blocked, id=6344, stack(0x0000009759b00000,0x0000009759c00000)]
  0x0000022bedcfc000 JavaThread "AWT-Shutdown" [_thread_blocked, id=8188, stack(0x0000009759c00000,0x0000009759d00000)]
  0x0000022bede39800 JavaThread "AWT-Windows" daemon [_thread_in_native, id=13972, stack(0x0000009759d00000,0x0000009759e00000)]
  0x0000022bedd8e800 JavaThread "AWT-EventQueue-0" [_thread_blocked, id=15532, stack(0x0000009759e00000,0x0000009759f00000)]
  0x0000022bd0fef800 JavaThread "DestroyJavaVM" [_thread_blocked, id=1472, stack(0x0000009758a00000,0x0000009758b00000)]
=>0x0000022bedf00800 JavaThread "Image Fetcher 0" daemon [_thread_in_vm, id=11012, stack(0x0000009759f00000,0x000000975a000000)]
  0x0000022beded7000 JavaThread "TimerQueue" daemon [_thread_blocked, id=15632, stack(0x000000975a000000,0x000000975a100000)]
  0x0000022bedfda800 JavaThread "SwingWorker-pool-1-thread-1" daemon [_thread_blocked, id=13944, stack(0x000000975a100000,0x000000975a200000)]
  0x0000022bedf76000 JavaThread "SwingWorker-pool-1-thread-2" daemon [_thread_blocked, id=6680, stack(0x000000975a200000,0x000000975a300000)]
  0x0000022bee207000 JavaThread "SwingWorker-pool-1-thread-3" daemon [_thread_blocked, id=3276, stack(0x000000975a300000,0x000000975a400000)]

Other Threads:
  0x0000022becfd9000 VMThread "VM Thread" [stack: 0x0000009759000000,0x0000009759100000] [id=1068] _threads_hazard_ptr=0x0000022bedf08920
  0x0000022beda53000 WatcherThread [stack: 0x0000009759900000,0x0000009759a00000] [id=9908]
  0x0000022bd1020800 GCTaskThread "GC Thread#0" [stack: 0x0000009758b00000,0x0000009758c00000] [id=2084]
  0x0000022bee10b800 GCTaskThread "GC Thread#1" [stack: 0x000000975a400000,0x000000975a500000] [id=4904]
  0x0000022bee108000 GCTaskThread "GC Thread#2" [stack: 0x000000975a500000,0x000000975a600000] [id=12740]
  0x0000022bee10c000 GCTaskThread "GC Thread#3" [stack: 0x000000975a600000,0x000000975a700000] [id=14064]
  0x0000022bd102a800 ConcurrentGCThread "G1 Main Marker" [stack: 0x0000009758c00000,0x0000009758d00000] [id=9420]
  0x0000022bd1030000 ConcurrentGCThread "G1 Conc#0" [stack: 0x0000009758d00000,0x0000009758e00000] [id=13284]
  0x0000022bd1086000 ConcurrentGCThread "G1 Refine#0" [stack: 0x0000009758e00000,0x0000009758f00000] [id=1200]
  0x0000022bee016000 ConcurrentGCThread "G1 Refine#1" [stack: 0x000000975a700000,0x000000975a800000] [id=8168]
  0x0000022bd1088000 ConcurrentGCThread "G1 Young RemSet Sampling" [stack: 0x0000009758f00000,0x0000009759000000] [id=9544]

Threads with active compile tasks:
C1 CompilerThread0      972  792   !   3       sun.awt.image.PNGImageDecoder::produceImage (1917 bytes)

VM state:synchronizing (normal execution)

VM Mutex/Monitor currently owned by a thread:  ([mutex/lock_event])
[0x0000022bd0fec3b0] Threads_lock - owner thread: 0x0000022becfd9000
[0x0000022bd0feaa60] Heap_lock - owner thread: 0x0000022bedf00800

Heap address: 0x00000000c1600000, size: 1002 MB, Compressed Oops mode: 32-bit
Narrow klass base: 0x0000000800000000, Narrow klass shift: 3
Compressed class space size: 1073741824 Address: 0x0000000800b40000

Heap:
 garbage-first heap   total 180224K, used 4259K [0x00000000c1600000, 0x0000000100000000)
  region size 1024K, 2 young (2048K), 2 survivors (2048K)
 Metaspace       used 9144K, capacity 9421K, committed 9600K, reserved 1056768K
  class space    used 1150K, capacity 1281K, committed 1408K, reserved 1048576K
Heap Regions: E=young(eden), S=young(survivor), O=old, HS=humongous(starts), HC=humongous(continues), CS=collection set, F=free, A=archive, TAMS=top-at-mark-start (previous, next)
|   0|0x00000000c1600000, 0x00000000c1700000, 0x00000000c1700000|100%| O|  |TAMS 0x00000000c1600000, 0x00000000c1600000| Untracked 
|   1|0x00000000c1700000, 0x00000000c1800000, 0x00000000c1800000|100%| O|  |TAMS 0x00000000c1700000, 0x00000000c1700000| Untracked 
|   2|0x00000000c1800000, 0x00000000c1828c00, 0x00000000c1900000| 15%| O|  |TAMS 0x00000000c1800000, 0x00000000c1800000| Untracked 
|   3|0x00000000c1900000, 0x00000000c1900000, 0x00000000c1a00000|  0%| F|  |TAMS 0x00000000c1900000, 0x00000000c1900000| Untracked 
|   4|0x00000000c1a00000, 0x00000000c1a00000, 0x00000000c1b00000|  0%| F|  |TAMS 0x00000000c1a00000, 0x00000000c1a00000| Untracked 
|   5|0x00000000c1b00000, 0x00000000c1b00000, 0x00000000c1c00000|  0%| F|  |TAMS 0x00000000c1b00000, 0x00000000c1b00000| Untracked 
|   6|0x00000000c1c00000, 0x00000000c1c00000, 0x00000000c1d00000|  0%| F|  |TAMS 0x00000000c1c00000, 0x00000000c1c00000| Untracked 
|   7|0x00000000c1d00000, 0x00000000c1d00000, 0x00000000c1e00000|  0%| F|  |TAMS 0x00000000c1d00000, 0x00000000c1d00000| Untracked 
|   8|0x00000000c1e00000, 0x00000000c1e00000, 0x00000000c1f00000|  0%| F|  |TAMS 0x00000000c1e00000, 0x00000000c1e00000| Untracked 
|   9|0x00000000c1f00000, 0x00000000c1f00000, 0x00000000c2000000|  0%| F|  |TAMS 0x00000000c1f00000, 0x00000000c1f00000| Untracked 
|  10|0x00000000c2000000, 0x00000000c2000000, 0x00000000c2100000|  0%| F|  |TAMS 0x00000000c2000000, 0x00000000c2000000| Untracked 
|  11|0x00000000c2100000, 0x00000000c2100000, 0x00000000c2200000|  0%| F|  |TAMS 0x00000000c2100000, 0x00000000c2100000| Untracked 
|  12|0x00000000c2200000, 0x00000000c2200000, 0x00000000c2300000|  0%| F|  |TAMS 0x00000000c2200000, 0x00000000c2200000| Untracked 
|  13|0x00000000c2300000, 0x00000000c2300000, 0x00000000c2400000|  0%| F|  |TAMS 0x00000000c2300000, 0x00000000c2300000| Untracked 
|  14|0x00000000c2400000, 0x00000000c2400000, 0x00000000c2500000|  0%| F|  |TAMS 0x00000000c2400000, 0x00000000c2400000| Untracked 
|  15|0x00000000c2500000, 0x00000000c2500000, 0x00000000c2600000|  0%| F|  |TAMS 0x00000000c2500000, 0x00000000c2500000| Untracked 
|  16|0x00000000c2600000, 0x00000000c2600000, 0x00000000c2700000|  0%| F|  |TAMS 0x00000000c2600000, 0x00000000c2600000| Untracked 
|  17|0x00000000c2700000, 0x00000000c2700000, 0x00000000c2800000|  0%| F|  |TAMS 0x00000000c2700000, 0x00000000c2700000| Untracked 
|  18|0x00000000c2800000, 0x00000000c2800000, 0x00000000c2900000|  0%| F|  |TAMS 0x00000000c2800000, 0x00000000c2800000| Untracked 
|  19|0x00000000c2900000, 0x00000000c2900000, 0x00000000c2a00000|  0%| F|  |TAMS 0x00000000c2900000, 0x00000000c2900000| Untracked 
|  20|0x00000000c2a00000, 0x00000000c2a00000, 0x00000000c2b00000|  0%| F|  |TAMS 0x00000000c2a00000, 0x00000000c2a00000| Untracked 
|  21|0x00000000c2b00000, 0x00000000c2b00000, 0x00000000c2c00000|  0%| F|  |TAMS 0x00000000c2b00000, 0x00000000c2b00000| Untracked 
|  22|0x00000000c2c00000, 0x00000000c2c00000, 0x00000000c2d00000|  0%| F|  |TAMS 0x00000000c2c00000, 0x00000000c2c00000| Untracked 
|  23|0x00000000c2d00000, 0x00000000c2d00000, 0x00000000c2e00000|  0%| F|  |TAMS 0x00000000c2d00000, 0x00000000c2d00000| Untracked 
|  24|0x00000000c2e00000, 0x00000000c2e00000, 0x00000000c2f00000|  0%| F|  |TAMS 0x00000000c2e00000, 0x00000000c2e00000| Untracked 
|  25|0x00000000c2f00000, 0x00000000c2f00000, 0x00000000c3000000|  0%| F|  |TAMS 0x00000000c2f00000, 0x00000000c2f00000| Untracked 
|  26|0x00000000c3000000, 0x00000000c3000000, 0x00000000c3100000|  0%| F|  |TAMS 0x00000000c3000000, 0x00000000c3000000| Untracked 
|  27|0x00000000c3100000, 0x00000000c3100000, 0x00000000c3200000|  0%| F|  |TAMS 0x00000000c3100000, 0x00000000c3100000| Untracked 
|  28|0x00000000c3200000, 0x00000000c3200000, 0x00000000c3300000|  0%| F|  |TAMS 0x00000000c3200000, 0x00000000c3200000| Untracked 
|  29|0x00000000c3300000, 0x00000000c3300000, 0x00000000c3400000|  0%| F|  |TAMS 0x00000000c3300000, 0x00000000c3300000| Untracked 
|  30|0x00000000c3400000, 0x00000000c3400000, 0x00000000c3500000|  0%| F|  |TAMS 0x00000000c3400000, 0x00000000c3400000| Untracked 
|  31|0x00000000c3500000, 0x00000000c3500000, 0x00000000c3600000|  0%| F|  |TAMS 0x00000000c3500000, 0x00000000c3500000| Untracked 
|  32|0x00000000c3600000, 0x00000000c3600000, 0x00000000c3700000|  0%| F|  |TAMS 0x00000000c3600000, 0x00000000c3600000| Untracked 
|  33|0x00000000c3700000, 0x00000000c3700000, 0x00000000c3800000|  0%| F|  |TAMS 0x00000000c3700000, 0x00000000c3700000| Untracked 
|  34|0x00000000c3800000, 0x00000000c3800000, 0x00000000c3900000|  0%| F|  |TAMS 0x00000000c3800000, 0x00000000c3800000| Untracked 
|  35|0x00000000c3900000, 0x00000000c3900000, 0x00000000c3a00000|  0%| F|  |TAMS 0x00000000c3900000, 0x00000000c3900000| Untracked 
|  36|0x00000000c3a00000, 0x00000000c3a00000, 0x00000000c3b00000|  0%| F|  |TAMS 0x00000000c3a00000, 0x00000000c3a00000| Untracked 
|  37|0x00000000c3b00000, 0x00000000c3b00000, 0x00000000c3c00000|  0%| F|  |TAMS 0x00000000c3b00000, 0x00000000c3b00000| Untracked 
|  38|0x00000000c3c00000, 0x00000000c3c00000, 0x00000000c3d00000|  0%| F|  |TAMS 0x00000000c3c00000, 0x00000000c3c00000| Untracked 
|  39|0x00000000c3d00000, 0x00000000c3d00000, 0x00000000c3e00000|  0%| F|  |TAMS 0x00000000c3d00000, 0x00000000c3d00000| Untracked 
|  40|0x00000000c3e00000, 0x00000000c3e00000, 0x00000000c3f00000|  0%| F|  |TAMS 0x00000000c3e00000, 0x00000000c3e00000| Untracked 
|  41|0x00000000c3f00000, 0x00000000c3f00000, 0x00000000c4000000|  0%| F|  |TAMS 0x00000000c3f00000, 0x00000000c3f00000| Untracked 
|  42|0x00000000c4000000, 0x00000000c4000000, 0x00000000c4100000|  0%| F|  |TAMS 0x00000000c4000000, 0x00000000c4000000| Untracked 
|  43|0x00000000c4100000, 0x00000000c4100000, 0x00000000c4200000|  0%| F|  |TAMS 0x00000000c4100000, 0x00000000c4100000| Untracked 
|  44|0x00000000c4200000, 0x00000000c4200000, 0x00000000c4300000|  0%| F|  |TAMS 0x00000000c4200000, 0x00000000c4200000| Untracked 
|  45|0x00000000c4300000, 0x00000000c4300000, 0x00000000c4400000|  0%| F|  |TAMS 0x00000000c4300000, 0x00000000c4300000| Untracked 
|  46|0x00000000c4400000, 0x00000000c4400000, 0x00000000c4500000|  0%| F|  |TAMS 0x00000000c4400000, 0x00000000c4400000| Untracked 
|  47|0x00000000c4500000, 0x00000000c4500000, 0x00000000c4600000|  0%| F|  |TAMS 0x00000000c4500000, 0x00000000c4500000| Untracked 
|  48|0x00000000c4600000, 0x00000000c4600000, 0x00000000c4700000|  0%| F|  |TAMS 0x00000000c4600000, 0x00000000c4600000| Untracked 
|  49|0x00000000c4700000, 0x00000000c4700000, 0x00000000c4800000|  0%| F|  |TAMS 0x00000000c4700000, 0x00000000c4700000| Untracked 
|  50|0x00000000c4800000, 0x00000000c4800000, 0x00000000c4900000|  0%| F|  |TAMS 0x00000000c4800000, 0x00000000c4800000| Untracked 
|  51|0x00000000c4900000, 0x00000000c4900000, 0x00000000c4a00000|  0%| F|  |TAMS 0x00000000c4900000, 0x00000000c4900000| Untracked 
|  52|0x00000000c4a00000, 0x00000000c4b00000, 0x00000000c4b00000|100%| S|CS|TAMS 0x00000000c4a00000, 0x00000000c4a00000| Complete 
|  53|0x00000000c4b00000, 0x00000000c4c00000, 0x00000000c4c00000|100%| S|CS|TAMS 0x00000000c4b00000, 0x00000000c4b00000| Complete 
|  54|0x00000000c4c00000, 0x00000000c4c00000, 0x00000000c4d00000|  0%| F|  |TAMS 0x00000000c4c00000, 0x00000000c4c00000| Untracked 
|  55|0x00000000c4d00000, 0x00000000c4d00000, 0x00000000c4e00000|  0%| F|  |TAMS 0x00000000c4d00000, 0x00000000c4d00000| Untracked 
|  56|0x00000000c4e00000, 0x00000000c4e00000, 0x00000000c4f00000|  0%| F|  |TAMS 0x00000000c4e00000, 0x00000000c4e00000| Untracked 
|  57|0x00000000c4f00000, 0x00000000c4f00000, 0x00000000c5000000|  0%| F|  |TAMS 0x00000000c4f00000, 0x00000000c4f00000| Untracked 
|  58|0x00000000c5000000, 0x00000000c5000000, 0x00000000c5100000|  0%| F|  |TAMS 0x00000000c5000000, 0x00000000c5000000| Untracked 
|  59|0x00000000c5100000, 0x00000000c5100000, 0x00000000c5200000|  0%| F|  |TAMS 0x00000000c5100000, 0x00000000c5100000| Untracked 
|  60|0x00000000c5200000, 0x00000000c5200000, 0x00000000c5300000|  0%| F|  |TAMS 0x00000000c5200000, 0x00000000c5200000| Untracked 
|  61|0x00000000c5300000, 0x00000000c5300000, 0x00000000c5400000|  0%| F|  |TAMS 0x00000000c5300000, 0x00000000c5300000| Untracked 
|  62|0x00000000c5400000, 0x00000000c5400000, 0x00000000c5500000|  0%| F|  |TAMS 0x00000000c5400000, 0x00000000c5400000| Untracked 
|  63|0x00000000c5500000, 0x00000000c5500000, 0x00000000c5600000|  0%| F|  |TAMS 0x00000000c5500000, 0x00000000c5500000| Untracked 

Card table byte_map: [0x0000022be86f0000,0x0000022be88f0000] _byte_map_base: 0x0000022be80e5000

Marking Bits (Prev, Next): (CMBitMap*) 0x0000022bd1021988, (CMBitMap*) 0x0000022bd10219c8
 Prev Bits: [0x0000022be8af0000, 0x0000022be9a98000)
 Next Bits: [0x0000022be9aa0000, 0x0000022beaa48000)

Polling page: 0x0000022bcef90000

Metaspace:

Usage:
  Non-class:      7.95 MB capacity,     7.81 MB ( 98%) used,   126.12 KB (  2%) free+waste,    20.31 KB ( <1%) overhead. 
      Class:      1.25 MB capacity,     1.12 MB ( 90%) used,   117.30 KB (  9%) free+waste,    13.25 KB (  1%) overhead. 
       Both:      9.20 MB capacity,     8.93 MB ( 97%) used,   243.42 KB (  3%) free+waste,    33.56 KB ( <1%) overhead. 

Virtual space:
  Non-class space:        8.00 MB reserved,       8.00 MB (100%) committed 
      Class space:        1.00 GB reserved,       1.38 MB ( <1%) committed 
             Both:        1.01 GB reserved,       9.38 MB ( <1%) committed 

Chunk freelists:
   Non-Class:  0 bytes
       Class:  0 bytes
        Both:  0 bytes

MaxMetaspaceSize: 17179869184.00 GB
CompressedClassSpaceSize: 1.00 GB

CodeHeap 'non-profiled nmethods': size=120000Kb used=239Kb max_used=239Kb free=119760Kb
 bounds [0x0000022be0fc0000, 0x0000022be1230000, 0x0000022be84f0000]
CodeHeap 'profiled nmethods': size=120000Kb used=1312Kb max_used=1312Kb free=118688Kb
 bounds [0x0000022bd9a90000, 0x0000022bd9d00000, 0x0000022be0fc0000]
CodeHeap 'non-nmethods': size=5760Kb used=1267Kb max_used=1281Kb free=4493Kb
 bounds [0x0000022bd94f0000, 0x0000022bd9760000, 0x0000022bd9a90000]
 total_blobs=1733 nmethods=757 adapters=456
 compilation: enabled
              stopped_count=0, restarted_count=0
 full_count=0

Compilation events (20 events):
Event: 0.921 Thread 0x0000022bed00b800 nmethod 780 0x0000022bd9bd5090 code [0x0000022bd9bd5240, 0x0000022bd9bd5438]
Event: 0.921 Thread 0x0000022bed00b800  781       3       java.lang.invoke.LambdaForm$Name::internArguments (59 bytes)
Event: 0.921 Thread 0x0000022bed00b800 nmethod 781 0x0000022bd9bd5510 code [0x0000022bd9bd5700, 0x0000022bd9bd5eb0]
Event: 0.921 Thread 0x0000022bed00b800  782       3       jdk.internal.org.objectweb.asm.Frame::setLocal (65 bytes)
Event: 0.922 Thread 0x0000022bed00b800 nmethod 782 0x0000022bd9bd6090 code [0x0000022bd9bd6260, 0x0000022bd9bd6830]
Event: 0.922 Thread 0x0000022bed00b800  784       3       java.lang.invoke.LambdaFormBuffer::ownedCount (7 bytes)
Event: 0.922 Thread 0x0000022bed00b800 nmethod 784 0x0000022bd9bd6a10 code [0x0000022bd9bd6ba0, 0x0000022bd9bd6d18]
Event: 0.922 Thread 0x0000022bed00b800  783       3       java.lang.invoke.LambdaFormBuffer::changeName (149 bytes)
Event: 0.922 Thread 0x0000022bed00b800 nmethod 783 0x0000022bd9bd6d90 code [0x0000022bd9bd6f80, 0x0000022bd9bd7550]
Event: 0.922 Thread 0x0000022bed005000  785       4       java.lang.StringLatin1::charAt (28 bytes)
Event: 0.923 Thread 0x0000022bed00b800  787       3       java.lang.invoke.MethodTypeForm::pack (54 bytes)
Event: 0.923 Thread 0x0000022bed00b800 nmethod 787 0x0000022bd9bd7710 code [0x0000022bd9bd78a0, 0x0000022bd9bd7a18]
Event: 0.923 Thread 0x0000022bed005000 nmethod 785 0x0000022be0ffb310 code [0x0000022be0ffb4a0, 0x0000022be0ffb518]
Event: 0.926 Thread 0x0000022bed00b800  789 %     3       sun.awt.image.PNGImageDecoder::update_crc @ 3 (41 bytes)
Event: 0.927 Thread 0x0000022bed00b800 nmethod 789% 0x0000022bd9bd7a90 code [0x0000022bd9bd7c40, 0x0000022bd9bd7ef8]
Event: 0.927 Thread 0x0000022bed00b800  790       3       sun.awt.image.PNGImageDecoder::update_crc (41 bytes)
Event: 0.927 Thread 0x0000022bed00b800 nmethod 790 0x0000022bd9bd8090 code [0x0000022bd9bd8240, 0x0000022bd9bd8498]
Event: 0.927 Thread 0x0000022bed005000  791 %     4       sun.awt.image.PNGImageDecoder::update_crc @ 3 (41 bytes)
Event: 0.932 Thread 0x0000022bed00b800  792   !   3       sun.awt.image.PNGImageDecoder::produceImage (1917 bytes)
Event: 0.941 Thread 0x0000022bed005000 nmethod 791% 0x0000022be0ffb610 code [0x0000022be0ffb7a0, 0x0000022be0ffba58]

GC Heap History (2 events):
Event: 0.933 GC heap before
{Heap before GC invocations=0 (full 0):
 garbage-first heap   total 65536K, used 9216K [0x00000000c1600000, 0x0000000100000000)
  region size 1024K, 10 young (10240K), 0 survivors (0K)
 Metaspace       used 9143K, capacity 9421K, committed 9600K, reserved 1056768K
  class space    used 1150K, capacity 1281K, committed 1408K, reserved 1048576K
}
Event: 0.940 GC heap after
{Heap after GC invocations=1 (full 0):
 garbage-first heap   total 65536K, used 4259K [0x00000000c1600000, 0x0000000100000000)
  region size 1024K, 2 young (2048K), 2 survivors (2048K)
 Metaspace       used 9143K, capacity 9421K, committed 9600K, reserved 1056768K
  class space    used 1150K, capacity 1281K, committed 1408K, reserved 1048576K
}

Deoptimization events (20 events):
Event: 0.930 Thread 0x0000022bedf00800 DEOPT PACKING pc=0x0000022bd9bd7e1f sp=0x0000009759ffee10
Event: 0.930 Thread 0x0000022bedf00800 DEOPT UNPACKING pc=0x0000022bd953964e sp=0x0000009759ffe2e0 mode 0
Event: 0.930 Thread 0x0000022bedf00800 DEOPT PACKING pc=0x0000022bd9bd7e1f sp=0x0000009759ffee10
Event: 0.930 Thread 0x0000022bedf00800 DEOPT UNPACKING pc=0x0000022bd953964e sp=0x0000009759ffe2e0 mode 0
Event: 0.930 Thread 0x0000022bedf00800 DEOPT PACKING pc=0x0000022bd9bd7e1f sp=0x0000009759ffee10
Event: 0.930 Thread 0x0000022bedf00800 DEOPT UNPACKING pc=0x0000022bd953964e sp=0x0000009759ffe2e0 mode 0
Event: 0.931 Thread 0x0000022bedf00800 DEOPT PACKING pc=0x0000022bd9bd7e1f sp=0x0000009759ffee10
Event: 0.931 Thread 0x0000022bedf00800 DEOPT UNPACKING pc=0x0000022bd953964e sp=0x0000009759ffe2e0 mode 0
Event: 0.931 Thread 0x0000022bedf00800 DEOPT PACKING pc=0x0000022bd9bd7e1f sp=0x0000009759ffee10
Event: 0.931 Thread 0x0000022bedf00800 DEOPT UNPACKING pc=0x0000022bd953964e sp=0x0000009759ffe2e0 mode 0
Event: 0.931 Thread 0x0000022bedf00800 DEOPT PACKING pc=0x0000022bd9bd7e1f sp=0x0000009759ffee10
Event: 0.931 Thread 0x0000022bedf00800 DEOPT UNPACKING pc=0x0000022bd953964e sp=0x0000009759ffe2e0 mode 0
Event: 0.931 Thread 0x0000022bedf00800 DEOPT PACKING pc=0x0000022bd9bd7e1f sp=0x0000009759ffee10
Event: 0.931 Thread 0x0000022bedf00800 DEOPT UNPACKING pc=0x0000022bd953964e sp=0x0000009759ffe2e0 mode 0
Event: 0.931 Thread 0x0000022bedf00800 DEOPT PACKING pc=0x0000022bd9bd7e1f sp=0x0000009759ffee10
Event: 0.931 Thread 0x0000022bedf00800 DEOPT UNPACKING pc=0x0000022bd953964e sp=0x0000009759ffe2e0 mode 0
Event: 0.932 Thread 0x0000022bedf00800 DEOPT PACKING pc=0x0000022bd9bd7e1f sp=0x0000009759ffee10
Event: 0.932 Thread 0x0000022bedf00800 DEOPT UNPACKING pc=0x0000022bd953964e sp=0x0000009759ffe2e0 mode 0
Event: 0.932 Thread 0x0000022bedf00800 DEOPT PACKING pc=0x0000022bd9bd7e1f sp=0x0000009759ffee10
Event: 0.932 Thread 0x0000022bedf00800 DEOPT UNPACKING pc=0x0000022bd953964e sp=0x0000009759ffe2e0 mode 0

Classes unloaded (0 events):
No events

Classes redefined (0 events):
No events

Internal exceptions (13 events):
Event: 0.209 Thread 0x0000022bd0fef800 Exception <a 'java/lang/ClassNotFoundException'{0x00000000c5305a88}: sun/awt/resources/spi/awtProvider> (0x00000000c5305a88) 
thrown [t:/workspace/open/src/hotspot/share/classfile/systemDictionary.cpp, line 232]
Event: 0.303 Thread 0x0000022bd0fef800 Exception <a 'java/io/FileNotFoundException'{0x00000000c535cb80}> (0x00000000c535cb80) 
thrown [t:/workspace/open/src/hotspot/share/prims/jni.cpp, line 598]
Event: 0.340 Thread 0x0000022bd0fef800 Exception <a 'java/io/FileNotFoundException'{0x00000000c5383160}> (0x00000000c5383160) 
thrown [t:/workspace/open/src/hotspot/share/prims/jni.cpp, line 598]
Event: 0.502 Thread 0x0000022bede39800 Exception <a 'java/lang/NoSuchMethodError'{0x00000000c514d1f0}: 'void java.lang.invoke.DirectMethodHandle$Holder.invokeSpecial(java.lang.Object, java.lang.Object)'> (0x00000000c514d1f0) 
thrown [t:/workspace/open/src/hotspot/share/interpreter/linkResolver.cpp, line 767]
Event: 0.577 Thread 0x0000022bedd8e800 Exception <a 'java/lang/NoSuchMethodError'{0x00000000c504a928}: 'java.lang.Object java.lang.invoke.DirectMethodHandle$Holder.invokeStatic(java.lang.Object, int, java.lang.Object, java.lang.Object, java.lang.Object, java.lang.Object)'> (0x00000000c504a928) 
thrown [t:/workspace/open/src/hotspot/share/interpreter/linkResolver.cpp, line 767]
Event: 0.578 Thread 0x0000022bedd8e800 Exception <a 'java/lang/NoSuchMethodError'{0x00000000c5051288}: 'java.lang.Object java.lang.invoke.DirectMethodHandle$Holder.invokeStatic(java.lang.Object, int, java.lang.Object, java.lang.Object, java.lang.Object)'> (0x00000000c5051288) 
thrown [t:/workspace/open/src/hotspot/share/interpreter/linkResolver.cpp, line 767]
Event: 0.578 Thread 0x0000022bedd8e800 Exception <a 'java/lang/NoSuchMethodError'{0x00000000c5054af0}: 'java.lang.Object java.lang.invoke.DirectMethodHandle$Holder.invokeSpecial(java.lang.Object, java.lang.Object, int, java.lang.Object, java.lang.Object, java.lang.Object)'> (0x00000000c5054af0) 
thrown [t:/workspace/open/src/hotspot/share/interpreter/linkResolver.cpp, line 767]
Event: 0.583 Thread 0x0000022bedd8e800 Exception <a 'java/lang/NoSuchMethodError'{0x00000000c506ae18}: 'java.lang.Object java.lang.invoke.DirectMethodHandle$Holder.invokeStatic(java.lang.Object, int, java.lang.Object)'> (0x00000000c506ae18) 
thrown [t:/workspace/open/src/hotspot/share/interpreter/linkResolver.cpp, line 767]
Event: 0.612 Thread 0x0000022bedd8e800 Exception <a 'java/lang/ClassNotFoundException'{0x00000000c4f0e560}: com/sun/swing/internal/plaf/metal/resources/spi/metalProvider> (0x00000000c4f0e560) 
thrown [t:/workspace/open/src/hotspot/share/classfile/systemDictionary.cpp, line 232]
Event: 0.614 Thread 0x0000022bedd8e800 Exception <a 'java/lang/ClassNotFoundException'{0x00000000c4f12608}: com/sun/swing/internal/plaf/basic/resources/spi/basicProvider> (0x00000000c4f12608) 
thrown [t:/workspace/open/src/hotspot/share/classfile/systemDictionary.cpp, line 232]
Event: 0.656 Thread 0x0000022bedd8e800 Exception <a 'java/net/UnknownHostException'{0x00000000c4f496f0}> (0x00000000c4f496f0) 
thrown [t:/workspace/open/src/hotspot/share/prims/jni.cpp, line 598]
Event: 0.887 Thread 0x0000022bedd8e800 Exception <a 'java/lang/NoSuchMethodError'{0x00000000c4d366b8}: 'void java.lang.invoke.DirectMethodHandle$Holder.invokeStaticInit(java.lang.Object)'> (0x00000000c4d366b8) 
thrown [t:/workspace/open/src/hotspot/share/interpreter/linkResolver.cpp, line 767]
Event: 0.923 Thread 0x0000022bedd8e800 Exception <a 'java/lang/NoSuchMethodError'{0x00000000c4c40980}: 'java.lang.Object java.lang.invoke.Invokers$Holder.linkToTargetMethod(java.lang.Object, int, java.lang.Object)'> (0x00000000c4c40980) 
thrown [t:/workspace/open/src/hotspot/share/interpreter/linkResolver.cpp, line 767]

Events (20 events):
Event: 0.918 loading class sun/awt/windows/WingDings done
Event: 0.918 loading class sun/awt/windows/WingDings$Encoder
Event: 0.918 loading class sun/awt/windows/WingDings$Encoder done
Event: 0.918 loading class sun/awt/Symbol
Event: 0.918 loading class sun/awt/Symbol done
Event: 0.918 loading class sun/awt/Symbol$Encoder
Event: 0.918 loading class sun/awt/Symbol$Encoder done
Event: 0.919 Executing VM operation: RevokeBias
Event: 0.919 Executing VM operation: RevokeBias done
Event: 0.920 Executing VM operation: RevokeBias
Event: 0.920 Executing VM operation: RevokeBias done
Event: 0.923 Executing VM operation: RevokeBias
Event: 0.923 Executing VM operation: RevokeBias done
Event: 0.924 Executing VM operation: RevokeBias
Event: 0.924 Executing VM operation: RevokeBias done
Event: 0.932 Executing VM operation: RevokeBias
Event: 0.932 Executing VM operation: RevokeBias done
Event: 0.932 Executing VM operation: G1CollectForAllocation
Event: 0.940 Executing VM operation: G1CollectForAllocation done
Event: 0.942 Executing VM operation: RevokeBias


Dynamic libraries:
0x00007ff6c4b70000 - 0x00007ff6c4b7f000 	C:\Program Files\Java\jdk-13.0.2\bin\javaw.exe
0x00007ff81e8a0000 - 0x00007ff81ea90000 	C:\Windows\SYSTEM32\ntdll.dll
0x00007ff81d5d0000 - 0x00007ff81d682000 	C:\Windows\System32\KERNEL32.DLL
0x00007ff81bb50000 - 0x00007ff81bdf5000 	C:\Windows\System32\KERNELBASE.dll
0x00007ff81bf80000 - 0x00007ff81c07a000 	C:\Windows\System32\ucrtbase.dll
0x00007ff802ba0000 - 0x00007ff802bb5000 	C:\Program Files\Java\jdk-13.0.2\bin\VCRUNTIME140.dll
0x00007fffff510000 - 0x00007fffff528000 	C:\Program Files\Java\jdk-13.0.2\bin\jli.dll
0x00007ff81d140000 - 0x00007ff81d1e3000 	C:\Windows\System32\ADVAPI32.dll
0x00007ff81e6e0000 - 0x00007ff81e77e000 	C:\Windows\System32\msvcrt.dll
0x00007ff81e610000 - 0x00007ff81e6a7000 	C:\Windows\System32\sechost.dll
0x00007ff81ccd0000 - 0x00007ff81cdef000 	C:\Windows\System32\RPCRT4.dll
0x00007ff81d2d0000 - 0x00007ff81d464000 	C:\Windows\System32\USER32.dll
0x00007ff81c110000 - 0x00007ff81c131000 	C:\Windows\System32\win32u.dll
0x00007ff809e80000 - 0x00007ff80a104000 	C:\Windows\WinSxS\amd64_microsoft.windows.common-controls_6595b64144ccf1df_6.0.18362.1556_none_9e7e372fe45e41d5\COMCTL32.dll
0x00007ff81d220000 - 0x00007ff81d246000 	C:\Windows\System32\GDI32.dll
0x00007ff81cdf0000 - 0x00007ff81d126000 	C:\Windows\System32\combase.dll
0x00007ff81b9b0000 - 0x00007ff81bb48000 	C:\Windows\System32\gdi32full.dll
0x00007ff81c080000 - 0x00007ff81c101000 	C:\Windows\System32\bcryptPrimitives.dll
0x00007ff81b7e0000 - 0x00007ff81b87e000 	C:\Windows\System32\msvcp_win.dll
0x00007ff80bd20000 - 0x00007ff80bd2a000 	C:\Windows\SYSTEM32\VERSION.dll
0x00007ff81e6b0000 - 0x00007ff81e6de000 	C:\Windows\System32\IMM32.DLL
0x00007ffff2bf0000 - 0x00007ffff2c8b000 	C:\Program Files\Java\jdk-13.0.2\bin\msvcp140.dll
0x00007fffd5a50000 - 0x00007fffd65ad000 	C:\Program Files\Java\jdk-13.0.2\bin\server\jvm.dll
0x00007ff81c920000 - 0x00007ff81c928000 	C:\Windows\System32\PSAPI.DLL
0x00007ff814a20000 - 0x00007ff814a29000 	C:\Windows\SYSTEM32\WSOCK32.dll
0x00007ff81dd80000 - 0x00007ff81ddef000 	C:\Windows\System32\WS2_32.dll
0x00007ff8182c0000 - 0x00007ff8182e4000 	C:\Windows\SYSTEM32\WINMM.dll
0x00007ff818290000 - 0x00007ff8182bd000 	C:\Windows\SYSTEM32\winmmbase.dll
0x00007ff81b880000 - 0x00007ff81b8ca000 	C:\Windows\System32\cfgmgr32.dll
0x00007ff81b7a0000 - 0x00007ff81b7b1000 	C:\Windows\System32\kernel.appcore.dll
0x00007ff814930000 - 0x00007ff814940000 	C:\Program Files\Java\jdk-13.0.2\bin\verify.dll
0x00007ff809c80000 - 0x00007ff809e74000 	C:\Windows\SYSTEM32\DBGHELP.DLL
0x00007ff80aee0000 - 0x00007ff80af0a000 	C:\Windows\SYSTEM32\dbgcore.DLL
0x00007ffff8750000 - 0x00007ffff8776000 	C:\Program Files\Java\jdk-13.0.2\bin\java.dll
0x00007ffff83b0000 - 0x00007ffff83c7000 	C:\Program Files\Java\jdk-13.0.2\bin\zip.dll
0x00007ff812970000 - 0x00007ff81297a000 	C:\Program Files\Java\jdk-13.0.2\bin\jimage.dll
0x00007ff81d690000 - 0x00007ff81dd77000 	C:\Windows\System32\SHELL32.dll
0x00007ff81e560000 - 0x00007ff81e608000 	C:\Windows\System32\shcore.dll
0x00007ff81c1a0000 - 0x00007ff81c91b000 	C:\Windows\System32\windows.storage.dll
0x00007ff81b7c0000 - 0x00007ff81b7de000 	C:\Windows\System32\profapi.dll
0x00007ff81b750000 - 0x00007ff81b79a000 	C:\Windows\System32\powrprof.dll
0x00007ff81b720000 - 0x00007ff81b730000 	C:\Windows\System32\UMPDC.dll
0x00007ff81c930000 - 0x00007ff81c982000 	C:\Windows\System32\shlwapi.dll
0x00007ff81bf60000 - 0x00007ff81bf77000 	C:\Windows\System32\cryptsp.dll
0x00007ffff7680000 - 0x00007ffff7699000 	C:\Program Files\Java\jdk-13.0.2\bin\net.dll
0x00007ff8113a0000 - 0x00007ff81149a000 	C:\Windows\SYSTEM32\WINHTTP.dll
0x00007ff81af60000 - 0x00007ff81afc7000 	C:\Windows\system32\mswsock.dll
0x00007ffff7250000 - 0x00007ffff7263000 	C:\Program Files\Java\jdk-13.0.2\bin\nio.dll
0x00007fffe0f00000 - 0x00007fffe1099000 	C:\Program Files\Java\jdk-13.0.2\bin\awt.dll
0x00007ff81cad0000 - 0x00007ff81cb95000 	C:\Windows\System32\OLEAUT32.dll
0x00007ff8197b0000 - 0x00007ff81983f000 	C:\Windows\SYSTEM32\apphelp.dll
0x00007ff819970000 - 0x00007ff819a09000 	C:\Windows\system32\uxtheme.dll
0x00007ff81c990000 - 0x00007ff81cac5000 	C:\Windows\System32\MSCTF.dll
0x00007ff81d470000 - 0x00007ff81d5c7000 	C:\Windows\System32\ole32.dll
0x00007ff819d90000 - 0x00007ff819dbd000 	C:\Windows\system32\DWMAPI.DLL
0x00007fffe3180000 - 0x00007fffe32d6000 	C:\Windows\system32\opengl32.dll
0x00007ffff2e80000 - 0x00007ffff2eac000 	C:\Windows\SYSTEM32\GLU32.dll
0x00007ff81a360000 - 0x00007ff81a380000 	C:\Windows\SYSTEM32\dxcore.dll
0x00007ff81acb0000 - 0x00007ff81ad7b000 	C:\Windows\SYSTEM32\DNSAPI.dll
0x00007ff81d130000 - 0x00007ff81d138000 	C:\Windows\System32\NSI.dll
0x00007ff81ac70000 - 0x00007ff81acaa000 	C:\Windows\SYSTEM32\IPHLPAPI.DLL
0x00007ff810bd0000 - 0x00007ff810bda000 	C:\Windows\System32\rasadhlp.dll
0x00007fffe9db0000 - 0x00007fffe9e32000 	C:\Program Files\Java\jdk-13.0.2\bin\freetype.dll
0x00007fffe0e50000 - 0x00007fffe0ef6000 	C:\Program Files\Java\jdk-13.0.2\bin\fontmanager.dll

dbghelp: loaded successfully - version: 4.0.5 - missing functions: none
symbol engine: initialized successfully - sym options: 0x614 - pdb path: .;C:\Program Files\Java\jdk-13.0.2\bin;C:\Windows\SYSTEM32;C:\Windows\WinSxS\amd64_microsoft.windows.common-controls_6595b64144ccf1df_6.0.18362.1556_none_9e7e372fe45e41d5;C:\Program Files\Java\jdk-13.0.2\bin\server

VM Arguments:
jvm_args: -Dfile.encoding=Cp1252 
java_command: Application.Home
java_class_path (initial): C:\Users\User\Desktop\Programmes\Java\Workspace\DriveOperations\target\classes;C:\Users\User\Desktop\Libraries\jgoodies-common-1.8.0.jar;C:\Users\User\Desktop\Libraries\jgoodies-forms-1.8.0.jar;C:\Users\User\Desktop\Libraries\miglayout15-swing.jar;C:\Users\User\Downloads\javax.mail.jar;C:\Users\User\Downloads\activation-1.1.1.jar;C:\Users\User\Downloads\jcalendar-1.4.jar;C:\Users\User\Downloads\jfreechart-1.0.19\lib\jcommon-1.0.23.jar;C:\Users\User\Downloads\jfreechart-1.0.19\lib\jfreechart-1.0.19.jar;C:\Users\User\Downloads\commons-net-3.8.0\commons-net-3.8.0.jar;C:\Users\User\Documents\Libs\comm-2.0.jar;C:\Users\User\Documents\Libs\http-2.2.1.jar;C:\Users\User\Documents\Libs\mysql-connector-java-5.1.45.jar;C:\Users\User\Downloads\JTattoo-1.6.13.jar;C:\Users\User\Desktop\Libs\jmespath-java-1.11.470.jar;C:\Users\User\Desktop\Libs\aws-java-sdk-core-1.12.65.jar;C:\Users\User\Desktop\Libs\aws-java-sdk-kms-1.12.65.jar;C:\Users\User\Desktop\Libs\aws-java-sdk-s3-1.12.65.jar;C:\Users\User\Desktop\Libs\commons-codec-1.15.jar;C:\Users\User\Desktop\Libs\commons-logging-1.1.3.jar;C:\Users\User\Desktop\Libs\httpclient-4.5.13.jar;C:\Users\User\Desktop\Libs\ion-java-1.0.2.jar;C:\Users\User\Desktop\Libs\jackson-annotations-2.12.3.jar;C:\Users\User\Desktop\Libs\jackson-core-2.12.3.jar;C:\Users\User\Desktop\Libs\jackson-databind-2.12.3.jar;C:\Users\User\Desktop\Libs\jackson-dataformat-cbor-2.12.3.jar;C:\Users\User\Desktop\Libs\jmespath-java-1.12.65.jar;C:\Users\User\Desktop\Libs\joda-time-2.8.1.jar;C:\Users\User\.m2\repository\com\amazonaws\aws-java-sdk-s3\1.12.65\aws-java-sdk-s3-1.12.65.jar;C:\Users\User\.m2\repository\com\amazonaws\aws-java-sdk-kms\1.12.65\aws-java-sdk-kms-1.12.65.jar;C:\Users\User\.m2\repository\com\amazonaws\aws-java-sdk-core\1.12.65\aws-java-sdk-core-1.12.65.jar;C:\Users\User\.m2\repository\commons-logging\commons-logging\1.1.3\commons-logging-1.1.3.jar;C:\Users\User\.m2\repository\commons-codec\commons-codec\1.15\commons-codec-1.15
Launcher Type: SUN_STANDARD

[Global flags]
     intx CICompilerCount                          = 3                                         {product} {ergonomic}
     uint ConcGCThreads                            = 1                                         {product} {ergonomic}
     uint G1ConcRefinementThreads                  = 4                                         {product} {ergonomic}
   size_t G1HeapRegionSize                         = 1048576                                   {product} {ergonomic}
    uintx GCDrainStackTargetSize                   = 64                                        {product} {ergonomic}
   size_t InitialHeapSize                          = 67108864                                  {product} {ergonomic}
   size_t MarkStackSize                            = 4194304                                   {product} {ergonomic}
   size_t MaxHeapSize                              = 1050673152                                {product} {ergonomic}
   size_t MaxNewSize                               = 630194176                                 {product} {ergonomic}
   size_t MinHeapDeltaBytes                        = 1048576                                   {product} {ergonomic}
   size_t MinHeapSize                              = 8388608                                   {product} {ergonomic}
    uintx NonNMethodCodeHeapSize                   = 5832780                                {pd product} {ergonomic}
    uintx NonProfiledCodeHeapSize                  = 122912730                              {pd product} {ergonomic}
    uintx ProfiledCodeHeapSize                     = 122912730                              {pd product} {ergonomic}
    uintx ReservedCodeCacheSize                    = 251658240                              {pd product} {ergonomic}
     bool SegmentedCodeCache                       = true                                      {product} {ergonomic}
   size_t SoftMaxHeapSize                          = 1050673152                             {manageable} {ergonomic}
     bool UseCompressedClassPointers               = true                                 {lp64_product} {ergonomic}
     bool UseCompressedOops                        = true                                 {lp64_product} {ergonomic}
     bool UseG1GC                                  = true                                      {product} {ergonomic}
     bool UseLargePagesIndividualAllocation        = false                                  {pd product} {ergonomic}

Logging:
Log output configuration:
 #0: stdout all=warning uptime,level,tags
 #1: stderr all=off uptime,level,tags

Environment Variables:
JAVA_HOME=C:\Program Files (x86)\Java\jre1.8.0_241
PATH=C:\Program Files\Java\jdk-13.0.2\bin;C:\Program Files (x86)\Common Files\Oracle\Java\javapath;C:\Windows\system32;C:\Windows;C:\Windows\System32\Wbem;C:\Windows\System32\WindowsPowerShell\v1.0\;C:\Windows\System32\OpenSSH\;C:\Program Files (x86)\apache-maven-3.8.1\bin;C:\Program Files (x86)\gradle-7.1.1\bin;C:\Users\User\AppData\Local\Microsoft\WindowsApps;C:\Users\User\AppData\Local\Programs\Microsoft VS Code\bin;C:\Program Files (x86)\gradle-7.1.1\bin;
USERNAME=User
OS=Windows_NT
PROCESSOR_IDENTIFIER=Intel64 Family 6 Model 42 Stepping 7, GenuineIntel



---------------  S Y S T E M  ---------------

OS: Windows 10 , 64 bit Build 18362 (10.0.18362.1500)

CPU:total 4 (initial active 4) (2 cores per cpu, 2 threads per core) family 6 model 42 stepping 7, cmov, cx8, fxsr, mmx, sse, sse2, sse3, ssse3, sse4.1, sse4.2, popcnt, avx, aes, clmul, ht, tsc, tscinvbit

Memory: 4k page, system-wide physical 4006M (615M free)
TotalPageFile size 16294M (AvailPageFile size 113M)
current process WorkingSet (physical memory assigned to process): 65M, peak: 65M
current process commit charge ("private bytes"): 153M, peak: 265M

vm_info: Java HotSpot(TM) 64-Bit Server VM (13.0.2+8) for windows-amd64 JRE (13.0.2+8), built on Dec 11 2019 09:20:33 by "mach5one" with unknown MS VC++:1916

END.
