#
# There is insufficient memory for the Java Runtime Environment to continue.
# Native memory allocation (mmap) failed to map 117440512 bytes for Failed to commit area from 0x00000000d5600000 to 0x00000000dc600000 of length 117440512.
# Possible reasons:
#   The system is out of physical RAM or swap space
#   The process is running with CompressedOops enabled, and the Java Heap may be blocking the growth of the native heap
# Possible solutions:
#   Reduce memory load on the system
#   Increase physical memory or swap space
#   Check if swap backing store is full
#   Decrease Java heap size (-Xmx/-Xms)
#   Decrease number of Java threads
#   Decrease Java thread stack sizes (-Xss)
#   Set larger code cache with -XX:ReservedCodeCacheSize=
#   JVM is running with Unscaled Compressed Oops mode in which the Java heap is
#     placed in the first 4GB address space. The Java Heap base address is the
#     maximum limit for the native heap growth. Please use -XX:HeapBaseMinAddress
#     to set the Java Heap base and to place the Java Heap above 4GB virtual address.
# This output file may be truncated or incomplete.
#
#  Out of Memory Error (t:/workspace/open/src/hotspot/os/windows/os_windows.cpp:3301), pid=4104, tid=11552
#
# JRE version: Java(TM) SE Runtime Environment (13.0.2+8) (build 13.0.2+8)
# Java VM: Java HotSpot(TM) 64-Bit Server VM (13.0.2+8, mixed mode, sharing, tiered, compressed oops, g1 gc, windows-amd64)
# No core dump will be written. Minidumps are not enabled by default on client versions of Windows
#

---------------  S U M M A R Y ------------

Command Line: -Dfile.encoding=Cp1252 Application.Home

Host: Intel(R) Core(TM) i5-2520M CPU @ 2.50GHz, 4 cores, 3G,  Windows 10 , 64 bit Build 18362 (10.0.18362.1500)
Time: Sat Jul 16 18:33:26 2022 Afrique de l?Est elapsed time: 69 seconds (0d 0h 1m 9s)

---------------  T H R E A D  ---------------

Current thread (0x000002057ba50000):  JavaThread "Image Fetcher 0" daemon [_thread_in_vm, id=11552, stack(0x0000001d31000000,0x0000001d31100000)]

Stack: [0x0000001d31000000,0x0000001d31100000]
Native frames: (J=compiled Java code, j=interpreted, Vv=VM code, C=native code)
V  [jvm.dll+0x624f9a]
V  [jvm.dll+0x770cfa]
V  [jvm.dll+0x7724af]
V  [jvm.dll+0x772ab3]
V  [jvm.dll+0x24bf08]
V  [jvm.dll+0x6222aa]
V  [jvm.dll+0x6170b5]
V  [jvm.dll+0x30a88c]
V  [jvm.dll+0x30a6c2]
V  [jvm.dll+0x30fe36]
V  [jvm.dll+0x353f46]
V  [jvm.dll+0x353720]
V  [jvm.dll+0x2e5d5e]
V  [jvm.dll+0x2e16ff]
V  [jvm.dll+0x5be8b5]
V  [jvm.dll+0x5be33b]
V  [jvm.dll+0x1f48d5]
V  [jvm.dll+0x74b3a7]
V  [jvm.dll+0x3783ea]
C  0x000002050001fd37

Java frames: (J=compiled Java code, j=interpreted, Vv=VM code)
j  java.awt.image.DataBufferInt.<init>(I)V+11 java.desktop@13.0.2
j  java.awt.image.Raster.createPackedRaster(III[ILjava/awt/Point;)Ljava/awt/image/WritableRaster;+69 java.desktop@13.0.2
j  java.awt.image.DirectColorModel.createCompatibleWritableRaster(II)Ljava/awt/image/WritableRaster;+83 java.desktop@13.0.2
j  sun.awt.image.ImageRepresentation.createBufferedImage()V+18 java.desktop@13.0.2
J 2175 c1 sun.awt.image.ImageRepresentation.setPixels(IIIILjava/awt/image/ColorModel;[III)V java.desktop@13.0.2 (527 bytes) @ 0x00000205006bd1bc [0x00000205006bce40+0x000000000000037c]
J 2151 c2 sun.awt.image.ImageDecoder.setPixels(IIIILjava/awt/image/ColorModel;[III)I java.desktop@13.0.2 (58 bytes) @ 0x0000020507b5b474 [0x0000020507b5b1e0+0x0000000000000294]
J 2526 c2 sun.awt.image.PNGImageDecoder.produceImage()V java.desktop@13.0.2 (1917 bytes) @ 0x0000020507bc7e9c [0x0000020507bc6600+0x000000000000189c]
j  sun.awt.image.InputStreamImageSource.doFetch()V+51 java.desktop@13.0.2
j  sun.awt.image.ImageFetcher.fetchloop()V+31 java.desktop@13.0.2
j  sun.awt.image.ImageFetcher.run()V+5 java.desktop@13.0.2
v  ~StubRoutines::call_stub

---------------  P R O C E S S  ---------------

Threads class SMR info:
_java_thread_list=0x000002057c3c0850, length=19, elements={
0x000002057a5de000, 0x000002057a5e4000, 0x000002057a600000, 0x000002057a602000,
0x000002057a604000, 0x000002057a613800, 0x000002057a63c000, 0x000002057b076000,
0x000002057b07e800, 0x000002057b4cf000, 0x000002057b4d6000, 0x000002057b4d7000,
0x000002057b4e9000, 0x000002056d5f4000, 0x000002057b573800, 0x000002057b574000,
0x000002057b9d8000, 0x000002057ba50000, 0x000002057cbe7000
}

Java Threads: ( => current thread )
  0x000002057a5de000 JavaThread "Reference Handler" daemon [_thread_blocked, id=10448, stack(0x0000001d31a00000,0x0000001d31b00000)]
  0x000002057a5e4000 JavaThread "Finalizer" daemon [_thread_blocked, id=6048, stack(0x0000001d31b00000,0x0000001d31c00000)]
  0x000002057a600000 JavaThread "Signal Dispatcher" daemon [_thread_blocked, id=11944, stack(0x0000001d31c00000,0x0000001d31d00000)]
  0x000002057a602000 JavaThread "Attach Listener" daemon [_thread_blocked, id=5240, stack(0x0000001d31d00000,0x0000001d31e00000)]
  0x000002057a604000 JavaThread "C2 CompilerThread0" daemon [_thread_blocked, id=576, stack(0x0000001d31e00000,0x0000001d31f00000)]
  0x000002057a613800 JavaThread "C1 CompilerThread0" daemon [_thread_blocked, id=11824, stack(0x0000001d31f00000,0x0000001d32000000)]
  0x000002057a63c000 JavaThread "Sweeper thread" daemon [_thread_blocked, id=11548, stack(0x0000001d32000000,0x0000001d32100000)]
  0x000002057b076000 JavaThread "Service Thread" daemon [_thread_blocked, id=11696, stack(0x0000001d32100000,0x0000001d32200000)]
  0x000002057b07e800 JavaThread "Common-Cleaner" daemon [_thread_blocked, id=2532, stack(0x0000001d32300000,0x0000001d32400000)]
  0x000002057b4cf000 JavaThread "Java2D Disposer" daemon [_thread_blocked, id=1168, stack(0x0000001d32400000,0x0000001d32500000)]
  0x000002057b4d6000 JavaThread "AWT-Shutdown" [_thread_blocked, id=8268, stack(0x0000001d32500000,0x0000001d32600000)]
  0x000002057b4d7000 JavaThread "AWT-Windows" daemon [_thread_in_native, id=2384, stack(0x0000001d32600000,0x0000001d32700000)]
  0x000002057b4e9000 JavaThread "AWT-EventQueue-0" [_thread_blocked, id=5564, stack(0x0000001d32700000,0x0000001d32800000)]
  0x000002056d5f4000 JavaThread "DestroyJavaVM" [_thread_blocked, id=11920, stack(0x0000001d31300000,0x0000001d31400000)]
  0x000002057b573800 JavaThread "Abandoned connection cleanup thread" daemon [_thread_blocked, id=11796, stack(0x0000001d32800000,0x0000001d32900000)]
  0x000002057b574000 JavaThread "mysql-cj-abandoned-connection-cleanup" daemon [_thread_blocked, id=7500, stack(0x0000001d32900000,0x0000001d32a00000)]
  0x000002057b9d8000 JavaThread "TimerQueue" daemon [_thread_blocked, id=7936, stack(0x0000001d32f00000,0x0000001d33000000)]
=>0x000002057ba50000 JavaThread "Image Fetcher 0" daemon [_thread_in_vm, id=11552, stack(0x0000001d31000000,0x0000001d31100000)]
  0x000002057cbe7000 JavaThread "SwingWorker-pool-1-thread-1" daemon [_thread_blocked, id=9276, stack(0x0000001d31200000,0x0000001d31300000)]

Other Threads:
  0x000002056d6be800 VMThread "VM Thread" [stack: 0x0000001d31900000,0x0000001d31a00000] [id=7652]
  0x000002057b077800 WatcherThread [stack: 0x0000001d32200000,0x0000001d32300000] [id=11412]
  0x000002056d623000 GCTaskThread "GC Thread#0" [stack: 0x0000001d31400000,0x0000001d31500000] [id=8684]
  0x000002057baa7800 GCTaskThread "GC Thread#1" [stack: 0x0000001d32b00000,0x0000001d32c00000] [id=11076]
  0x000002057baa6000 GCTaskThread "GC Thread#2" [stack: 0x0000001d32c00000,0x0000001d32d00000] [id=10964]
  0x000002057baa6800 GCTaskThread "GC Thread#3" [stack: 0x0000001d32d00000,0x0000001d32e00000] [id=7264]
  0x000002056d62d000 ConcurrentGCThread "G1 Main Marker" [stack: 0x0000001d31500000,0x0000001d31600000] [id=10704]
  0x000002056d62e800 ConcurrentGCThread "G1 Conc#0" [stack: 0x0000001d31600000,0x0000001d31700000] [id=1472]
  0x000002056d685000 ConcurrentGCThread "G1 Refine#0" [stack: 0x0000001d31700000,0x0000001d31800000] [id=3516]
  0x000002057b6c3800 ConcurrentGCThread "G1 Refine#1" [stack: 0x0000001d32e00000,0x0000001d32f00000] [id=8536]
  0x000002056d687000 ConcurrentGCThread "G1 Young RemSet Sampling" [stack: 0x0000001d31800000,0x0000001d31900000] [id=11116]

Threads with active compile tasks:

VM state:not at safepoint (normal execution)

VM Mutex/Monitor currently owned by a thread:  ([mutex/lock_event])
[0x000002056d5efc70] Heap_lock - owner thread: 0x000002057ba50000

Heap address: 0x00000000c1600000, size: 1002 MB, Compressed Oops mode: 32-bit
Narrow klass base: 0x0000000800000000, Narrow klass shift: 3
Compressed class space size: 1073741824 Address: 0x0000000800b40000

Heap:
 garbage-first heap   total 442368K, used 193351K [0x00000000c1600000, 0x0000000100000000)
  region size 1024K, 3 young (3072K), 3 survivors (3072K)
 Metaspace       used 23726K, capacity 24190K, committed 24320K, reserved 1071104K
  class space    used 2664K, capacity 2816K, committed 2816K, reserved 1048576K
Heap Regions: E=young(eden), S=young(survivor), O=old, HS=humongous(starts), HC=humongous(continues), CS=collection set, F=free, A=archive, TAMS=top-at-mark-start (previous, next)
|   0|0x00000000c1600000, 0x00000000c1700000, 0x00000000c1700000|100%| O|  |TAMS 0x00000000c1700000, 0x00000000c1700000| Untracked 
|   1|0x00000000c1700000, 0x00000000c1800000, 0x00000000c1800000|100%| O|  |TAMS 0x00000000c1800000, 0x00000000c1800000| Untracked 
|   2|0x00000000c1800000, 0x00000000c1900000, 0x00000000c1900000|100%| O|  |TAMS 0x00000000c1900000, 0x00000000c1900000| Untracked 
|   3|0x00000000c1900000, 0x00000000c1a00000, 0x00000000c1a00000|100%| O|  |TAMS 0x00000000c1a00000, 0x00000000c1a00000| Untracked 
|   4|0x00000000c1a00000, 0x00000000c1b00000, 0x00000000c1b00000|100%| O|  |TAMS 0x00000000c1b00000, 0x00000000c1b00000| Untracked 
|   5|0x00000000c1b00000, 0x00000000c1c00000, 0x00000000c1c00000|100%| O|  |TAMS 0x00000000c1c00000, 0x00000000c1c00000| Untracked 
|   6|0x00000000c1c00000, 0x00000000c1d00000, 0x00000000c1d00000|100%| O|  |TAMS 0x00000000c1d00000, 0x00000000c1d00000| Untracked 
|   7|0x00000000c1d00000, 0x00000000c1e00000, 0x00000000c1e00000|100%| O|  |TAMS 0x00000000c1e00000, 0x00000000c1e00000| Untracked 
|   8|0x00000000c1e00000, 0x00000000c1f00000, 0x00000000c1f00000|100%| O|  |TAMS 0x00000000c1f00000, 0x00000000c1f00000| Untracked 
|   9|0x00000000c1f00000, 0x00000000c1fe8c00, 0x00000000c2000000| 90%| O|  |TAMS 0x00000000c1fe8c00, 0x00000000c1fe8c00| Untracked 
|  10|0x00000000c2000000, 0x00000000c2100000, 0x00000000c2100000|100%| O|  |TAMS 0x00000000c2100000, 0x00000000c2100000| Untracked 
|  11|0x00000000c2100000, 0x00000000c2200000, 0x00000000c2200000|100%| O|  |TAMS 0x00000000c2200000, 0x00000000c2200000| Untracked 
|  12|0x00000000c2200000, 0x00000000c2258000, 0x00000000c2300000| 34%| O|  |TAMS 0x00000000c2258000, 0x00000000c2258000| Untracked 
|  13|0x00000000c2300000, 0x00000000c2300000, 0x00000000c2400000|  0%| F|  |TAMS 0x00000000c2300000, 0x00000000c2300000| Untracked 
|  14|0x00000000c2400000, 0x00000000c2400000, 0x00000000c2500000|  0%| F|  |TAMS 0x00000000c2400000, 0x00000000c2400000| Untracked 
|  15|0x00000000c2500000, 0x00000000c2500000, 0x00000000c2600000|  0%| F|  |TAMS 0x00000000c2500000, 0x00000000c2500000| Untracked 
|  16|0x00000000c2600000, 0x00000000c2600000, 0x00000000c2700000|  0%| F|  |TAMS 0x00000000c2600000, 0x00000000c2600000| Untracked 
|  17|0x00000000c2700000, 0x00000000c2700000, 0x00000000c2800000|  0%| F|  |TAMS 0x00000000c2700000, 0x00000000c2700000| Untracked 
|  18|0x00000000c2800000, 0x00000000c2800000, 0x00000000c2900000|  0%| F|  |TAMS 0x00000000c2800000, 0x00000000c2800000| Untracked 
|  19|0x00000000c2900000, 0x00000000c2900000, 0x00000000c2a00000|  0%| F|  |TAMS 0x00000000c2900000, 0x00000000c2900000| Untracked 
|  20|0x00000000c2a00000, 0x00000000c2a00000, 0x00000000c2b00000|  0%| F|  |TAMS 0x00000000c2a00000, 0x00000000c2a00000| Untracked 
|  21|0x00000000c2b00000, 0x00000000c2b00000, 0x00000000c2c00000|  0%| F|  |TAMS 0x00000000c2b00000, 0x00000000c2b00000| Untracked 
|  22|0x00000000c2c00000, 0x00000000c2c00000, 0x00000000c2d00000|  0%| F|  |TAMS 0x00000000c2c00000, 0x00000000c2c00000| Untracked 
|  23|0x00000000c2d00000, 0x00000000c2d00000, 0x00000000c2e00000|  0%| F|  |TAMS 0x00000000c2d00000, 0x00000000c2d00000| Untracked 
|  24|0x00000000c2e00000, 0x00000000c2e00000, 0x00000000c2f00000|  0%| F|  |TAMS 0x00000000c2e00000, 0x00000000c2e00000| Untracked 
|  25|0x00000000c2f00000, 0x00000000c2f00000, 0x00000000c3000000|  0%| F|  |TAMS 0x00000000c2f00000, 0x00000000c2f00000| Untracked 
|  26|0x00000000c3000000, 0x00000000c3000000, 0x00000000c3100000|  0%| F|  |TAMS 0x00000000c3000000, 0x00000000c3000000| Untracked 
|  27|0x00000000c3100000, 0x00000000c3100000, 0x00000000c3200000|  0%| F|  |TAMS 0x00000000c3100000, 0x00000000c3100000| Untracked 
|  28|0x00000000c3200000, 0x00000000c3200000, 0x00000000c3300000|  0%| F|  |TAMS 0x00000000c3200000, 0x00000000c3200000| Untracked 
|  29|0x00000000c3300000, 0x00000000c3300000, 0x00000000c3400000|  0%| F|  |TAMS 0x00000000c3300000, 0x00000000c3300000| Untracked 
|  30|0x00000000c3400000, 0x00000000c3400000, 0x00000000c3500000|  0%| F|  |TAMS 0x00000000c3400000, 0x00000000c3400000| Untracked 
|  31|0x00000000c3500000, 0x00000000c3500000, 0x00000000c3600000|  0%| F|  |TAMS 0x00000000c3500000, 0x00000000c3500000| Untracked 
|  32|0x00000000c3600000, 0x00000000c3600000, 0x00000000c3700000|  0%| F|  |TAMS 0x00000000c3600000, 0x00000000c3600000| Untracked 
|  33|0x00000000c3700000, 0x00000000c3700000, 0x00000000c3800000|  0%| F|  |TAMS 0x00000000c3700000, 0x00000000c3700000| Untracked 
|  34|0x00000000c3800000, 0x00000000c3800000, 0x00000000c3900000|  0%| F|  |TAMS 0x00000000c3800000, 0x00000000c3800000| Untracked 
|  35|0x00000000c3900000, 0x00000000c3900000, 0x00000000c3a00000|  0%| F|  |TAMS 0x00000000c3900000, 0x00000000c3900000| Untracked 
|  36|0x00000000c3a00000, 0x00000000c3a00000, 0x00000000c3b00000|  0%| F|  |TAMS 0x00000000c3a00000, 0x00000000c3a00000| Untracked 
|  37|0x00000000c3b00000, 0x00000000c3b00000, 0x00000000c3c00000|  0%| F|  |TAMS 0x00000000c3b00000, 0x00000000c3b00000| Untracked 
|  38|0x00000000c3c00000, 0x00000000c3c00000, 0x00000000c3d00000|  0%| F|  |TAMS 0x00000000c3c00000, 0x00000000c3c00000| Untracked 
|  39|0x00000000c3d00000, 0x00000000c3d00000, 0x00000000c3e00000|  0%| F|  |TAMS 0x00000000c3d00000, 0x00000000c3d00000| Untracked 
|  40|0x00000000c3e00000, 0x00000000c3e00000, 0x00000000c3f00000|  0%| F|  |TAMS 0x00000000c3e00000, 0x00000000c3e00000| Untracked 
|  41|0x00000000c3f00000, 0x00000000c3f00000, 0x00000000c4000000|  0%| F|  |TAMS 0x00000000c3f00000, 0x00000000c3f00000| Untracked 
|  42|0x00000000c4000000, 0x00000000c4100000, 0x00000000c4100000|100%|HS|  |TAMS 0x00000000c4100000, 0x00000000c4100000| Complete 
|  43|0x00000000c4100000, 0x00000000c4200000, 0x00000000c4200000|100%|HC|  |TAMS 0x00000000c4200000, 0x00000000c4200000| Complete 
|  44|0x00000000c4200000, 0x00000000c4300000, 0x00000000c4300000|100%|HC|  |TAMS 0x00000000c4300000, 0x00000000c4300000| Complete 
|  45|0x00000000c4300000, 0x00000000c4400000, 0x00000000c4400000|100%|HC|  |TAMS 0x00000000c4400000, 0x00000000c4400000| Complete 
|  46|0x00000000c4400000, 0x00000000c4500000, 0x00000000c4500000|100%|HC|  |TAMS 0x00000000c4500000, 0x00000000c4500000| Complete 
|  47|0x00000000c4500000, 0x00000000c4600000, 0x00000000c4600000|100%|HC|  |TAMS 0x00000000c4600000, 0x00000000c4600000| Complete 
|  48|0x00000000c4600000, 0x00000000c4700000, 0x00000000c4700000|100%|HC|  |TAMS 0x00000000c4700000, 0x00000000c4700000| Complete 
|  49|0x00000000c4700000, 0x00000000c4800000, 0x00000000c4800000|100%|HC|  |TAMS 0x00000000c4800000, 0x00000000c4800000| Complete 
|  50|0x00000000c4800000, 0x00000000c4900000, 0x00000000c4900000|100%|HC|  |TAMS 0x00000000c4900000, 0x00000000c4900000| Complete 
|  51|0x00000000c4900000, 0x00000000c4a00000, 0x00000000c4a00000|100%|HC|  |TAMS 0x00000000c4a00000, 0x00000000c4a00000| Complete 
|  52|0x00000000c4a00000, 0x00000000c4b00000, 0x00000000c4b00000|100%|HC|  |TAMS 0x00000000c4b00000, 0x00000000c4b00000| Complete 
|  53|0x00000000c4b00000, 0x00000000c4c00000, 0x00000000c4c00000|100%|HC|  |TAMS 0x00000000c4c00000, 0x00000000c4c00000| Complete 
|  54|0x00000000c4c00000, 0x00000000c4d00000, 0x00000000c4d00000|100%|HC|  |TAMS 0x00000000c4d00000, 0x00000000c4d00000| Complete 
|  55|0x00000000c4d00000, 0x00000000c4e00000, 0x00000000c4e00000|100%|HC|  |TAMS 0x00000000c4e00000, 0x00000000c4e00000| Complete 
|  56|0x00000000c4e00000, 0x00000000c4f00000, 0x00000000c4f00000|100%|HC|  |TAMS 0x00000000c4f00000, 0x00000000c4f00000| Complete 
|  57|0x00000000c4f00000, 0x00000000c5000000, 0x00000000c5000000|100%|HC|  |TAMS 0x00000000c5000000, 0x00000000c5000000| Complete 
|  58|0x00000000c5000000, 0x00000000c5100000, 0x00000000c5100000|100%|HC|  |TAMS 0x00000000c5100000, 0x00000000c5100000| Complete 
|  59|0x00000000c5100000, 0x00000000c5200000, 0x00000000c5200000|100%|HC|  |TAMS 0x00000000c5200000, 0x00000000c5200000| Complete 
|  60|0x00000000c5200000, 0x00000000c5300000, 0x00000000c5300000|100%|HC|  |TAMS 0x00000000c5300000, 0x00000000c5300000| Complete 
|  61|0x00000000c5300000, 0x00000000c5400000, 0x00000000c5400000|100%|HC|  |TAMS 0x00000000c5400000, 0x00000000c5400000| Complete 
|  62|0x00000000c5400000, 0x00000000c5500000, 0x00000000c5500000|100%|HC|  |TAMS 0x00000000c5500000, 0x00000000c5500000| Complete 
|  63|0x00000000c5500000, 0x00000000c5600000, 0x00000000c5600000|100%|HC|  |TAMS 0x00000000c5600000, 0x00000000c5600000| Complete 
|  64|0x00000000c5600000, 0x00000000c5700000, 0x00000000c5700000|100%|HC|  |TAMS 0x00000000c5700000, 0x00000000c5700000| Complete 
|  65|0x00000000c5700000, 0x00000000c5800000, 0x00000000c5800000|100%|HC|  |TAMS 0x00000000c5800000, 0x00000000c5800000| Complete 
|  66|0x00000000c5800000, 0x00000000c5900000, 0x00000000c5900000|100%|HC|  |TAMS 0x00000000c5900000, 0x00000000c5900000| Complete 
|  67|0x00000000c5900000, 0x00000000c5a00000, 0x00000000c5a00000|100%|HC|  |TAMS 0x00000000c5a00000, 0x00000000c5a00000| Complete 
|  68|0x00000000c5a00000, 0x00000000c5b00000, 0x00000000c5b00000|100%|HC|  |TAMS 0x00000000c5b00000, 0x00000000c5b00000| Complete 
|  69|0x00000000c5b00000, 0x00000000c5c00000, 0x00000000c5c00000|100%|HC|  |TAMS 0x00000000c5c00000, 0x00000000c5c00000| Complete 
|  70|0x00000000c5c00000, 0x00000000c5d00000, 0x00000000c5d00000|100%|HC|  |TAMS 0x00000000c5d00000, 0x00000000c5d00000| Complete 
|  71|0x00000000c5d00000, 0x00000000c5e00000, 0x00000000c5e00000|100%|HC|  |TAMS 0x00000000c5e00000, 0x00000000c5e00000| Complete 
|  72|0x00000000c5e00000, 0x00000000c5f00000, 0x00000000c5f00000|100%|HC|  |TAMS 0x00000000c5f00000, 0x00000000c5f00000| Complete 
|  73|0x00000000c5f00000, 0x00000000c6000000, 0x00000000c6000000|100%|HC|  |TAMS 0x00000000c6000000, 0x00000000c6000000| Complete 
|  74|0x00000000c6000000, 0x00000000c6100000, 0x00000000c6100000|100%|HC|  |TAMS 0x00000000c6100000, 0x00000000c6100000| Complete 
|  75|0x00000000c6100000, 0x00000000c6200000, 0x00000000c6200000|100%|HC|  |TAMS 0x00000000c6200000, 0x00000000c6200000| Complete 
|  76|0x00000000c6200000, 0x00000000c6300000, 0x00000000c6300000|100%|HC|  |TAMS 0x00000000c6300000, 0x00000000c6300000| Complete 
|  77|0x00000000c6300000, 0x00000000c6400000, 0x00000000c6400000|100%|HC|  |TAMS 0x00000000c6400000, 0x00000000c6400000| Complete 
|  78|0x00000000c6400000, 0x00000000c6500000, 0x00000000c6500000|100%|HC|  |TAMS 0x00000000c6500000, 0x00000000c6500000| Complete 
|  79|0x00000000c6500000, 0x00000000c6600000, 0x00000000c6600000|100%|HC|  |TAMS 0x00000000c6600000, 0x00000000c6600000| Complete 
|  80|0x00000000c6600000, 0x00000000c6700000, 0x00000000c6700000|100%|HC|  |TAMS 0x00000000c6700000, 0x00000000c6700000| Complete 
|  81|0x00000000c6700000, 0x00000000c6800000, 0x00000000c6800000|100%|HC|  |TAMS 0x00000000c6800000, 0x00000000c6800000| Complete 
|  82|0x00000000c6800000, 0x00000000c6900000, 0x00000000c6900000|100%|HC|  |TAMS 0x00000000c6900000, 0x00000000c6900000| Complete 
|  83|0x00000000c6900000, 0x00000000c6a00000, 0x00000000c6a00000|100%|HC|  |TAMS 0x00000000c6a00000, 0x00000000c6a00000| Complete 
|  84|0x00000000c6a00000, 0x00000000c6b00000, 0x00000000c6b00000|100%|HC|  |TAMS 0x00000000c6b00000, 0x00000000c6b00000| Complete 
|  85|0x00000000c6b00000, 0x00000000c6c00000, 0x00000000c6c00000|100%|HC|  |TAMS 0x00000000c6c00000, 0x00000000c6c00000| Complete 
|  86|0x00000000c6c00000, 0x00000000c6d00000, 0x00000000c6d00000|100%|HC|  |TAMS 0x00000000c6d00000, 0x00000000c6d00000| Complete 
|  87|0x00000000c6d00000, 0x00000000c6e00000, 0x00000000c6e00000|100%|HC|  |TAMS 0x00000000c6e00000, 0x00000000c6e00000| Complete 
|  88|0x00000000c6e00000, 0x00000000c6f00000, 0x00000000c6f00000|100%|HC|  |TAMS 0x00000000c6f00000, 0x00000000c6f00000| Complete 
|  89|0x00000000c6f00000, 0x00000000c7000000, 0x00000000c7000000|100%|HC|  |TAMS 0x00000000c7000000, 0x00000000c7000000| Complete 
|  90|0x00000000c7000000, 0x00000000c7100000, 0x00000000c7100000|100%|HC|  |TAMS 0x00000000c7100000, 0x00000000c7100000| Complete 
|  91|0x00000000c7100000, 0x00000000c7200000, 0x00000000c7200000|100%|HC|  |TAMS 0x00000000c7200000, 0x00000000c7200000| Complete 
|  92|0x00000000c7200000, 0x00000000c7300000, 0x00000000c7300000|100%|HC|  |TAMS 0x00000000c7300000, 0x00000000c7300000| Complete 
|  93|0x00000000c7300000, 0x00000000c7400000, 0x00000000c7400000|100%|HC|  |TAMS 0x00000000c7400000, 0x00000000c7400000| Complete 
|  94|0x00000000c7400000, 0x00000000c7500000, 0x00000000c7500000|100%|HC|  |TAMS 0x00000000c7500000, 0x00000000c7500000| Complete 
|  95|0x00000000c7500000, 0x00000000c7600000, 0x00000000c7600000|100%|HC|  |TAMS 0x00000000c7600000, 0x00000000c7600000| Complete 
|  96|0x00000000c7600000, 0x00000000c7700000, 0x00000000c7700000|100%|HC|  |TAMS 0x00000000c7700000, 0x00000000c7700000| Complete 
|  97|0x00000000c7700000, 0x00000000c7800000, 0x00000000c7800000|100%|HC|  |TAMS 0x00000000c7800000, 0x00000000c7800000| Complete 
|  98|0x00000000c7800000, 0x00000000c7900000, 0x00000000c7900000|100%|HC|  |TAMS 0x00000000c7900000, 0x00000000c7900000| Complete 
|  99|0x00000000c7900000, 0x00000000c7a00000, 0x00000000c7a00000|100%|HC|  |TAMS 0x00000000c7a00000, 0x00000000c7a00000| Complete 
| 100|0x00000000c7a00000, 0x00000000c7b00000, 0x00000000c7b00000|100%|HC|  |TAMS 0x00000000c7b00000, 0x00000000c7b00000| Complete 
| 101|0x00000000c7b00000, 0x00000000c7c00000, 0x00000000c7c00000|100%|HC|  |TAMS 0x00000000c7c00000, 0x00000000c7c00000| Complete 
| 102|0x00000000c7c00000, 0x00000000c7d00000, 0x00000000c7d00000|100%|HC|  |TAMS 0x00000000c7d00000, 0x00000000c7d00000| Complete 
| 103|0x00000000c7d00000, 0x00000000c7e00000, 0x00000000c7e00000|100%|HC|  |TAMS 0x00000000c7e00000, 0x00000000c7e00000| Complete 
| 104|0x00000000c7e00000, 0x00000000c7f00000, 0x00000000c7f00000|100%|HC|  |TAMS 0x00000000c7f00000, 0x00000000c7f00000| Complete 
| 105|0x00000000c7f00000, 0x00000000c8000000, 0x00000000c8000000|100%|HC|  |TAMS 0x00000000c8000000, 0x00000000c8000000| Complete 
| 106|0x00000000c8000000, 0x00000000c8100000, 0x00000000c8100000|100%|HC|  |TAMS 0x00000000c8100000, 0x00000000c8100000| Complete 
| 107|0x00000000c8100000, 0x00000000c8200000, 0x00000000c8200000|100%|HC|  |TAMS 0x00000000c8200000, 0x00000000c8200000| Complete 
| 108|0x00000000c8200000, 0x00000000c8300000, 0x00000000c8300000|100%|HC|  |TAMS 0x00000000c8300000, 0x00000000c8300000| Complete 
| 109|0x00000000c8300000, 0x00000000c8400000, 0x00000000c8400000|100%|HC|  |TAMS 0x00000000c8400000, 0x00000000c8400000| Complete 
| 110|0x00000000c8400000, 0x00000000c8500000, 0x00000000c8500000|100%|HC|  |TAMS 0x00000000c8500000, 0x00000000c8500000| Complete 
| 111|0x00000000c8500000, 0x00000000c8600000, 0x00000000c8600000|100%|HC|  |TAMS 0x00000000c8600000, 0x00000000c8600000| Complete 
| 112|0x00000000c8600000, 0x00000000c8700000, 0x00000000c8700000|100%|HC|  |TAMS 0x00000000c8700000, 0x00000000c8700000| Complete 
| 113|0x00000000c8700000, 0x00000000c8800000, 0x00000000c8800000|100%|HC|  |TAMS 0x00000000c8800000, 0x00000000c8800000| Complete 
| 114|0x00000000c8800000, 0x00000000c8900000, 0x00000000c8900000|100%|HC|  |TAMS 0x00000000c8900000, 0x00000000c8900000| Complete 
| 115|0x00000000c8900000, 0x00000000c8a00000, 0x00000000c8a00000|100%|HC|  |TAMS 0x00000000c8a00000, 0x00000000c8a00000| Complete 
| 116|0x00000000c8a00000, 0x00000000c8b00000, 0x00000000c8b00000|100%|HC|  |TAMS 0x00000000c8b00000, 0x00000000c8b00000| Complete 
| 117|0x00000000c8b00000, 0x00000000c8c00000, 0x00000000c8c00000|100%|HC|  |TAMS 0x00000000c8c00000, 0x00000000c8c00000| Complete 
| 118|0x00000000c8c00000, 0x00000000c8d00000, 0x00000000c8d00000|100%|HC|  |TAMS 0x00000000c8d00000, 0x00000000c8d00000| Complete 
| 119|0x00000000c8d00000, 0x00000000c8e00000, 0x00000000c8e00000|100%|HC|  |TAMS 0x00000000c8e00000, 0x00000000c8e00000| Complete 
| 120|0x00000000c8e00000, 0x00000000c8f00000, 0x00000000c8f00000|100%|HC|  |TAMS 0x00000000c8f00000, 0x00000000c8f00000| Complete 
| 121|0x00000000c8f00000, 0x00000000c9000000, 0x00000000c9000000|100%|HC|  |TAMS 0x00000000c9000000, 0x00000000c9000000| Complete 
| 122|0x00000000c9000000, 0x00000000c9100000, 0x00000000c9100000|100%|HC|  |TAMS 0x00000000c9100000, 0x00000000c9100000| Complete 
| 123|0x00000000c9100000, 0x00000000c9200000, 0x00000000c9200000|100%|HC|  |TAMS 0x00000000c9200000, 0x00000000c9200000| Complete 
| 124|0x00000000c9200000, 0x00000000c9300000, 0x00000000c9300000|100%|HC|  |TAMS 0x00000000c9300000, 0x00000000c9300000| Complete 
| 125|0x00000000c9300000, 0x00000000c9400000, 0x00000000c9400000|100%|HC|  |TAMS 0x00000000c9400000, 0x00000000c9400000| Complete 
| 126|0x00000000c9400000, 0x00000000c9500000, 0x00000000c9500000|100%|HC|  |TAMS 0x00000000c9500000, 0x00000000c9500000| Complete 
| 127|0x00000000c9500000, 0x00000000c9600000, 0x00000000c9600000|100%|HC|  |TAMS 0x00000000c9600000, 0x00000000c9600000| Complete 
| 128|0x00000000c9600000, 0x00000000c9700000, 0x00000000c9700000|100%|HC|  |TAMS 0x00000000c9700000, 0x00000000c9700000| Complete 
| 129|0x00000000c9700000, 0x00000000c9800000, 0x00000000c9800000|100%|HC|  |TAMS 0x00000000c9800000, 0x00000000c9800000| Complete 
| 130|0x00000000c9800000, 0x00000000c9900000, 0x00000000c9900000|100%|HC|  |TAMS 0x00000000c9900000, 0x00000000c9900000| Complete 
| 131|0x00000000c9900000, 0x00000000c9a00000, 0x00000000c9a00000|100%|HC|  |TAMS 0x00000000c9a00000, 0x00000000c9a00000| Complete 
| 132|0x00000000c9a00000, 0x00000000c9b00000, 0x00000000c9b00000|100%|HC|  |TAMS 0x00000000c9b00000, 0x00000000c9b00000| Complete 
| 133|0x00000000c9b00000, 0x00000000c9c00000, 0x00000000c9c00000|100%|HC|  |TAMS 0x00000000c9c00000, 0x00000000c9c00000| Complete 
| 134|0x00000000c9c00000, 0x00000000c9d00000, 0x00000000c9d00000|100%|HC|  |TAMS 0x00000000c9d00000, 0x00000000c9d00000| Complete 
| 135|0x00000000c9d00000, 0x00000000c9e00000, 0x00000000c9e00000|100%|HC|  |TAMS 0x00000000c9e00000, 0x00000000c9e00000| Complete 
| 136|0x00000000c9e00000, 0x00000000c9f00000, 0x00000000c9f00000|100%|HC|  |TAMS 0x00000000c9f00000, 0x00000000c9f00000| Complete 
| 137|0x00000000c9f00000, 0x00000000ca000000, 0x00000000ca000000|100%|HC|  |TAMS 0x00000000ca000000, 0x00000000ca000000| Complete 
| 138|0x00000000ca000000, 0x00000000ca100000, 0x00000000ca100000|100%|HC|  |TAMS 0x00000000ca100000, 0x00000000ca100000| Complete 
| 139|0x00000000ca100000, 0x00000000ca200000, 0x00000000ca200000|100%|HC|  |TAMS 0x00000000ca200000, 0x00000000ca200000| Complete 
| 140|0x00000000ca200000, 0x00000000ca300000, 0x00000000ca300000|100%|HC|  |TAMS 0x00000000ca300000, 0x00000000ca300000| Complete 
| 141|0x00000000ca300000, 0x00000000ca400000, 0x00000000ca400000|100%|HC|  |TAMS 0x00000000ca400000, 0x00000000ca400000| Complete 
| 142|0x00000000ca400000, 0x00000000ca500000, 0x00000000ca500000|100%|HC|  |TAMS 0x00000000ca500000, 0x00000000ca500000| Complete 
| 143|0x00000000ca500000, 0x00000000ca600000, 0x00000000ca600000|100%|HC|  |TAMS 0x00000000ca600000, 0x00000000ca600000| Complete 
| 144|0x00000000ca600000, 0x00000000ca700000, 0x00000000ca700000|100%|HC|  |TAMS 0x00000000ca700000, 0x00000000ca700000| Complete 
| 145|0x00000000ca700000, 0x00000000ca800000, 0x00000000ca800000|100%|HC|  |TAMS 0x00000000ca800000, 0x00000000ca800000| Complete 
| 146|0x00000000ca800000, 0x00000000ca900000, 0x00000000ca900000|100%|HC|  |TAMS 0x00000000ca900000, 0x00000000ca900000| Complete 
| 147|0x00000000ca900000, 0x00000000caa00000, 0x00000000caa00000|100%|HC|  |TAMS 0x00000000caa00000, 0x00000000caa00000| Complete 
| 148|0x00000000caa00000, 0x00000000cab00000, 0x00000000cab00000|100%|HC|  |TAMS 0x00000000cab00000, 0x00000000cab00000| Complete 
| 149|0x00000000cab00000, 0x00000000cac00000, 0x00000000cac00000|100%|HC|  |TAMS 0x00000000cac00000, 0x00000000cac00000| Complete 
| 150|0x00000000cac00000, 0x00000000cad00000, 0x00000000cad00000|100%|HC|  |TAMS 0x00000000cad00000, 0x00000000cad00000| Complete 
| 151|0x00000000cad00000, 0x00000000cae00000, 0x00000000cae00000|100%|HC|  |TAMS 0x00000000cae00000, 0x00000000cae00000| Complete 
| 152|0x00000000cae00000, 0x00000000caf00000, 0x00000000caf00000|100%|HC|  |TAMS 0x00000000caf00000, 0x00000000caf00000| Complete 
| 153|0x00000000caf00000, 0x00000000cb000000, 0x00000000cb000000|100%|HC|  |TAMS 0x00000000cb000000, 0x00000000cb000000| Complete 
| 154|0x00000000cb000000, 0x00000000cb100000, 0x00000000cb100000|100%|HC|  |TAMS 0x00000000cb100000, 0x00000000cb100000| Complete 
| 155|0x00000000cb100000, 0x00000000cb200000, 0x00000000cb200000|100%|HC|  |TAMS 0x00000000cb200000, 0x00000000cb200000| Complete 
| 156|0x00000000cb200000, 0x00000000cb300000, 0x00000000cb300000|100%|HC|  |TAMS 0x00000000cb300000, 0x00000000cb300000| Complete 
| 157|0x00000000cb300000, 0x00000000cb400000, 0x00000000cb400000|100%|HC|  |TAMS 0x00000000cb400000, 0x00000000cb400000| Complete 
| 158|0x00000000cb400000, 0x00000000cb500000, 0x00000000cb500000|100%|HC|  |TAMS 0x00000000cb500000, 0x00000000cb500000| Complete 
| 159|0x00000000cb500000, 0x00000000cb600000, 0x00000000cb600000|100%|HC|  |TAMS 0x00000000cb600000, 0x00000000cb600000| Complete 
| 160|0x00000000cb600000, 0x00000000cb700000, 0x00000000cb700000|100%|HC|  |TAMS 0x00000000cb700000, 0x00000000cb700000| Complete 
| 161|0x00000000cb700000, 0x00000000cb800000, 0x00000000cb800000|100%|HC|  |TAMS 0x00000000cb800000, 0x00000000cb800000| Complete 
| 162|0x00000000cb800000, 0x00000000cb900000, 0x00000000cb900000|100%|HC|  |TAMS 0x00000000cb900000, 0x00000000cb900000| Complete 
| 163|0x00000000cb900000, 0x00000000cba00000, 0x00000000cba00000|100%|HC|  |TAMS 0x00000000cba00000, 0x00000000cba00000| Complete 
| 164|0x00000000cba00000, 0x00000000cbb00000, 0x00000000cbb00000|100%|HC|  |TAMS 0x00000000cbb00000, 0x00000000cbb00000| Complete 
| 165|0x00000000cbb00000, 0x00000000cbc00000, 0x00000000cbc00000|100%|HC|  |TAMS 0x00000000cbc00000, 0x00000000cbc00000| Complete 
| 166|0x00000000cbc00000, 0x00000000cbd00000, 0x00000000cbd00000|100%|HC|  |TAMS 0x00000000cbd00000, 0x00000000cbd00000| Complete 
| 167|0x00000000cbd00000, 0x00000000cbe00000, 0x00000000cbe00000|100%|HC|  |TAMS 0x00000000cbe00000, 0x00000000cbe00000| Complete 
| 168|0x00000000cbe00000, 0x00000000cbf00000, 0x00000000cbf00000|100%|HC|  |TAMS 0x00000000cbf00000, 0x00000000cbf00000| Complete 
| 169|0x00000000cbf00000, 0x00000000cc000000, 0x00000000cc000000|100%|HC|  |TAMS 0x00000000cc000000, 0x00000000cc000000| Complete 
| 170|0x00000000cc000000, 0x00000000cc100000, 0x00000000cc100000|100%|HC|  |TAMS 0x00000000cc100000, 0x00000000cc100000| Complete 
| 171|0x00000000cc100000, 0x00000000cc200000, 0x00000000cc200000|100%|HC|  |TAMS 0x00000000cc200000, 0x00000000cc200000| Complete 
| 172|0x00000000cc200000, 0x00000000cc300000, 0x00000000cc300000|100%|HC|  |TAMS 0x00000000cc300000, 0x00000000cc300000| Complete 
| 173|0x00000000cc300000, 0x00000000cc400000, 0x00000000cc400000|100%|HC|  |TAMS 0x00000000cc400000, 0x00000000cc400000| Complete 
| 174|0x00000000cc400000, 0x00000000cc500000, 0x00000000cc500000|100%|HC|  |TAMS 0x00000000cc500000, 0x00000000cc500000| Complete 
| 175|0x00000000cc500000, 0x00000000cc600000, 0x00000000cc600000|100%|HC|  |TAMS 0x00000000cc600000, 0x00000000cc600000| Complete 
| 176|0x00000000cc600000, 0x00000000cc700000, 0x00000000cc700000|100%|HC|  |TAMS 0x00000000cc700000, 0x00000000cc700000| Complete 
| 177|0x00000000cc700000, 0x00000000cc800000, 0x00000000cc800000|100%|HC|  |TAMS 0x00000000cc800000, 0x00000000cc800000| Complete 
| 178|0x00000000cc800000, 0x00000000cc900000, 0x00000000cc900000|100%|HC|  |TAMS 0x00000000cc900000, 0x00000000cc900000| Complete 
| 179|0x00000000cc900000, 0x00000000cca00000, 0x00000000cca00000|100%|HC|  |TAMS 0x00000000cca00000, 0x00000000cca00000| Complete 
| 180|0x00000000cca00000, 0x00000000ccb00000, 0x00000000ccb00000|100%|HC|  |TAMS 0x00000000ccb00000, 0x00000000ccb00000| Complete 
| 181|0x00000000ccb00000, 0x00000000ccc00000, 0x00000000ccc00000|100%|HC|  |TAMS 0x00000000ccc00000, 0x00000000ccc00000| Complete 
| 182|0x00000000ccc00000, 0x00000000ccd00000, 0x00000000ccd00000|100%|HC|  |TAMS 0x00000000ccd00000, 0x00000000ccd00000| Complete 
| 183|0x00000000ccd00000, 0x00000000cce00000, 0x00000000cce00000|100%|HC|  |TAMS 0x00000000cce00000, 0x00000000cce00000| Complete 
| 184|0x00000000cce00000, 0x00000000ccf00000, 0x00000000ccf00000|100%|HC|  |TAMS 0x00000000ccf00000, 0x00000000ccf00000| Complete 
| 185|0x00000000ccf00000, 0x00000000cd000000, 0x00000000cd000000|100%|HC|  |TAMS 0x00000000cd000000, 0x00000000cd000000| Complete 
| 186|0x00000000cd000000, 0x00000000cd100000, 0x00000000cd100000|100%|HC|  |TAMS 0x00000000cd100000, 0x00000000cd100000| Complete 
| 187|0x00000000cd100000, 0x00000000cd200000, 0x00000000cd200000|100%|HC|  |TAMS 0x00000000cd200000, 0x00000000cd200000| Complete 
| 188|0x00000000cd200000, 0x00000000cd300000, 0x00000000cd300000|100%|HC|  |TAMS 0x00000000cd300000, 0x00000000cd300000| Complete 
| 189|0x00000000cd300000, 0x00000000cd400000, 0x00000000cd400000|100%|HC|  |TAMS 0x00000000cd400000, 0x00000000cd400000| Complete 
| 190|0x00000000cd400000, 0x00000000cd500000, 0x00000000cd500000|100%|HC|  |TAMS 0x00000000cd500000, 0x00000000cd500000| Complete 
| 191|0x00000000cd500000, 0x00000000cd600000, 0x00000000cd600000|100%|HC|  |TAMS 0x00000000cd600000, 0x00000000cd600000| Complete 
| 192|0x00000000cd600000, 0x00000000cd700000, 0x00000000cd700000|100%|HC|  |TAMS 0x00000000cd700000, 0x00000000cd700000| Complete 
| 193|0x00000000cd700000, 0x00000000cd800000, 0x00000000cd800000|100%|HC|  |TAMS 0x00000000cd800000, 0x00000000cd800000| Complete 
| 194|0x00000000cd800000, 0x00000000cd900000, 0x00000000cd900000|100%|HC|  |TAMS 0x00000000cd900000, 0x00000000cd900000| Complete 
| 195|0x00000000cd900000, 0x00000000cda00000, 0x00000000cda00000|100%|HC|  |TAMS 0x00000000cda00000, 0x00000000cda00000| Complete 
| 196|0x00000000cda00000, 0x00000000cdb00000, 0x00000000cdb00000|100%|HC|  |TAMS 0x00000000cdb00000, 0x00000000cdb00000| Complete 
| 197|0x00000000cdb00000, 0x00000000cdc00000, 0x00000000cdc00000|100%|HC|  |TAMS 0x00000000cdc00000, 0x00000000cdc00000| Complete 
| 198|0x00000000cdc00000, 0x00000000cdd00000, 0x00000000cdd00000|100%|HC|  |TAMS 0x00000000cdd00000, 0x00000000cdd00000| Complete 
| 199|0x00000000cdd00000, 0x00000000cde00000, 0x00000000cde00000|100%|HC|  |TAMS 0x00000000cde00000, 0x00000000cde00000| Complete 
| 200|0x00000000cde00000, 0x00000000cdf00000, 0x00000000cdf00000|100%|HC|  |TAMS 0x00000000cdf00000, 0x00000000cdf00000| Complete 
| 201|0x00000000cdf00000, 0x00000000ce000000, 0x00000000ce000000|100%|HC|  |TAMS 0x00000000ce000000, 0x00000000ce000000| Complete 
| 202|0x00000000ce000000, 0x00000000ce100000, 0x00000000ce100000|100%|HC|  |TAMS 0x00000000ce100000, 0x00000000ce100000| Complete 
| 203|0x00000000ce100000, 0x00000000ce200000, 0x00000000ce200000|100%|HC|  |TAMS 0x00000000ce200000, 0x00000000ce200000| Complete 
| 204|0x00000000ce200000, 0x00000000ce300000, 0x00000000ce300000|100%|HC|  |TAMS 0x00000000ce300000, 0x00000000ce300000| Complete 
| 205|0x00000000ce300000, 0x00000000ce400000, 0x00000000ce400000|100%|HC|  |TAMS 0x00000000ce400000, 0x00000000ce400000| Complete 
| 206|0x00000000ce400000, 0x00000000ce500000, 0x00000000ce500000|100%|HC|  |TAMS 0x00000000ce500000, 0x00000000ce500000| Complete 
| 207|0x00000000ce500000, 0x00000000ce600000, 0x00000000ce600000|100%|HC|  |TAMS 0x00000000ce600000, 0x00000000ce600000| Complete 
| 208|0x00000000ce600000, 0x00000000ce700000, 0x00000000ce700000|100%|HC|  |TAMS 0x00000000ce700000, 0x00000000ce700000| Complete 
| 209|0x00000000ce700000, 0x00000000ce800000, 0x00000000ce800000|100%|HC|  |TAMS 0x00000000ce800000, 0x00000000ce800000| Complete 
| 210|0x00000000ce800000, 0x00000000ce900000, 0x00000000ce900000|100%|HC|  |TAMS 0x00000000ce900000, 0x00000000ce900000| Complete 
| 211|0x00000000ce900000, 0x00000000cea00000, 0x00000000cea00000|100%|HC|  |TAMS 0x00000000cea00000, 0x00000000cea00000| Complete 
| 212|0x00000000cea00000, 0x00000000ceb00000, 0x00000000ceb00000|100%|HC|  |TAMS 0x00000000ceb00000, 0x00000000ceb00000| Complete 
| 213|0x00000000ceb00000, 0x00000000cec00000, 0x00000000cec00000|100%|HC|  |TAMS 0x00000000cec00000, 0x00000000cec00000| Complete 
| 214|0x00000000cec00000, 0x00000000ced00000, 0x00000000ced00000|100%|HC|  |TAMS 0x00000000ced00000, 0x00000000ced00000| Complete 
| 215|0x00000000ced00000, 0x00000000cee00000, 0x00000000cee00000|100%|HC|  |TAMS 0x00000000cee00000, 0x00000000cee00000| Complete 
| 216|0x00000000cee00000, 0x00000000cee00000, 0x00000000cef00000|  0%| F|  |TAMS 0x00000000cee00000, 0x00000000cee00000| Untracked 
| 217|0x00000000cef00000, 0x00000000cef00000, 0x00000000cf000000|  0%| F|  |TAMS 0x00000000cef00000, 0x00000000cef00000| Untracked 
| 218|0x00000000cf000000, 0x00000000cf000000, 0x00000000cf100000|  0%| F|  |TAMS 0x00000000cf000000, 0x00000000cf000000| Untracked 
| 219|0x00000000cf100000, 0x00000000cf100000, 0x00000000cf200000|  0%| F|  |TAMS 0x00000000cf100000, 0x00000000cf100000| Untracked 
| 220|0x00000000cf200000, 0x00000000cf200000, 0x00000000cf300000|  0%| F|  |TAMS 0x00000000cf200000, 0x00000000cf200000| Untracked 
| 221|0x00000000cf300000, 0x00000000cf300000, 0x00000000cf400000|  0%| F|  |TAMS 0x00000000cf300000, 0x00000000cf300000| Untracked 
| 222|0x00000000cf400000, 0x00000000cf400000, 0x00000000cf500000|  0%| F|  |TAMS 0x00000000cf400000, 0x00000000cf400000| Untracked 
| 223|0x00000000cf500000, 0x00000000cf500000, 0x00000000cf600000|  0%| F|  |TAMS 0x00000000cf500000, 0x00000000cf500000| Untracked 
| 224|0x00000000cf600000, 0x00000000cf600000, 0x00000000cf700000|  0%| F|  |TAMS 0x00000000cf600000, 0x00000000cf600000| Untracked 
| 225|0x00000000cf700000, 0x00000000cf700000, 0x00000000cf800000|  0%| F|  |TAMS 0x00000000cf700000, 0x00000000cf700000| Untracked 
| 226|0x00000000cf800000, 0x00000000cf800000, 0x00000000cf900000|  0%| F|  |TAMS 0x00000000cf800000, 0x00000000cf800000| Untracked 
| 227|0x00000000cf900000, 0x00000000cf900000, 0x00000000cfa00000|  0%| F|  |TAMS 0x00000000cf900000, 0x00000000cf900000| Untracked 
| 228|0x00000000cfa00000, 0x00000000cfa00000, 0x00000000cfb00000|  0%| F|  |TAMS 0x00000000cfa00000, 0x00000000cfa00000| Untracked 
| 229|0x00000000cfb00000, 0x00000000cfb00000, 0x00000000cfc00000|  0%| F|  |TAMS 0x00000000cfb00000, 0x00000000cfb00000| Untracked 
| 230|0x00000000cfc00000, 0x00000000cfc00000, 0x00000000cfd00000|  0%| F|  |TAMS 0x00000000cfc00000, 0x00000000cfc00000| Untracked 
| 231|0x00000000cfd00000, 0x00000000cfd00000, 0x00000000cfe00000|  0%| F|  |TAMS 0x00000000cfd00000, 0x00000000cfd00000| Untracked 
| 232|0x00000000cfe00000, 0x00000000cfe00000, 0x00000000cff00000|  0%| F|  |TAMS 0x00000000cfe00000, 0x00000000cfe00000| Untracked 
| 233|0x00000000cff00000, 0x00000000cff00000, 0x00000000d0000000|  0%| F|  |TAMS 0x00000000cff00000, 0x00000000cff00000| Untracked 
| 234|0x00000000d0000000, 0x00000000d0000000, 0x00000000d0100000|  0%| F|  |TAMS 0x00000000d0000000, 0x00000000d0000000| Untracked 
| 235|0x00000000d0100000, 0x00000000d0100000, 0x00000000d0200000|  0%| F|  |TAMS 0x00000000d0100000, 0x00000000d0100000| Untracked 
| 236|0x00000000d0200000, 0x00000000d0200000, 0x00000000d0300000|  0%| F|  |TAMS 0x00000000d0200000, 0x00000000d0200000| Untracked 
| 237|0x00000000d0300000, 0x00000000d0300000, 0x00000000d0400000|  0%| F|  |TAMS 0x00000000d0300000, 0x00000000d0300000| Untracked 
| 238|0x00000000d0400000, 0x00000000d0400000, 0x00000000d0500000|  0%| F|  |TAMS 0x00000000d0400000, 0x00000000d0400000| Untracked 
| 239|0x00000000d0500000, 0x00000000d0500000, 0x00000000d0600000|  0%| F|  |TAMS 0x00000000d0500000, 0x00000000d0500000| Untracked 
| 240|0x00000000d0600000, 0x00000000d0600000, 0x00000000d0700000|  0%| F|  |TAMS 0x00000000d0600000, 0x00000000d0600000| Untracked 
| 241|0x00000000d0700000, 0x00000000d0700000, 0x00000000d0800000|  0%| F|  |TAMS 0x00000000d0700000, 0x00000000d0700000| Untracked 
| 242|0x00000000d0800000, 0x00000000d0800000, 0x00000000d0900000|  0%| F|  |TAMS 0x00000000d0800000, 0x00000000d0800000| Untracked 
| 243|0x00000000d0900000, 0x00000000d0900000, 0x00000000d0a00000|  0%| F|  |TAMS 0x00000000d0900000, 0x00000000d0900000| Untracked 
| 244|0x00000000d0a00000, 0x00000000d0a00000, 0x00000000d0b00000|  0%| F|  |TAMS 0x00000000d0a00000, 0x00000000d0a00000| Untracked 
| 245|0x00000000d0b00000, 0x00000000d0b00000, 0x00000000d0c00000|  0%| F|  |TAMS 0x00000000d0b00000, 0x00000000d0b00000| Untracked 
| 246|0x00000000d0c00000, 0x00000000d0c00000, 0x00000000d0d00000|  0%| F|  |TAMS 0x00000000d0c00000, 0x00000000d0c00000| Untracked 
| 247|0x00000000d0d00000, 0x00000000d0d00000, 0x00000000d0e00000|  0%| F|  |TAMS 0x00000000d0d00000, 0x00000000d0d00000| Untracked 
| 248|0x00000000d0e00000, 0x00000000d0e00000, 0x00000000d0f00000|  0%| F|  |TAMS 0x00000000d0e00000, 0x00000000d0e00000| Untracked 
| 249|0x00000000d0f00000, 0x00000000d0f00000, 0x00000000d1000000|  0%| F|  |TAMS 0x00000000d0f00000, 0x00000000d0f00000| Untracked 
| 250|0x00000000d1000000, 0x00000000d1000000, 0x00000000d1100000|  0%| F|  |TAMS 0x00000000d1000000, 0x00000000d1000000| Untracked 
| 251|0x00000000d1100000, 0x00000000d1100000, 0x00000000d1200000|  0%| F|  |TAMS 0x00000000d1100000, 0x00000000d1100000| Untracked 
| 252|0x00000000d1200000, 0x00000000d1200000, 0x00000000d1300000|  0%| F|  |TAMS 0x00000000d1200000, 0x00000000d1200000| Untracked 
| 253|0x00000000d1300000, 0x00000000d1300000, 0x00000000d1400000|  0%| F|  |TAMS 0x00000000d1300000, 0x00000000d1300000| Untracked 
| 254|0x00000000d1400000, 0x00000000d1400000, 0x00000000d1500000|  0%| F|  |TAMS 0x00000000d1400000, 0x00000000d1400000| Untracked 
| 255|0x00000000d1500000, 0x00000000d1500000, 0x00000000d1600000|  0%| F|  |TAMS 0x00000000d1500000, 0x00000000d1500000| Untracked 
| 256|0x00000000d1600000, 0x00000000d1600000, 0x00000000d1700000|  0%| F|  |TAMS 0x00000000d1600000, 0x00000000d1600000| Untracked 
| 257|0x00000000d1700000, 0x00000000d1700000, 0x00000000d1800000|  0%| F|  |TAMS 0x00000000d1700000, 0x00000000d1700000| Untracked 
| 258|0x00000000d1800000, 0x00000000d1800000, 0x00000000d1900000|  0%| F|  |TAMS 0x00000000d1800000, 0x00000000d1800000| Untracked 
| 259|0x00000000d1900000, 0x00000000d1900000, 0x00000000d1a00000|  0%| F|  |TAMS 0x00000000d1900000, 0x00000000d1900000| Untracked 
| 260|0x00000000d1a00000, 0x00000000d1a00000, 0x00000000d1b00000|  0%| F|  |TAMS 0x00000000d1a00000, 0x00000000d1a00000| Untracked 
| 261|0x00000000d1b00000, 0x00000000d1b00000, 0x00000000d1c00000|  0%| F|  |TAMS 0x00000000d1b00000, 0x00000000d1b00000| Untracked 
| 262|0x00000000d1c00000, 0x00000000d1c00000, 0x00000000d1d00000|  0%| F|  |TAMS 0x00000000d1c00000, 0x00000000d1c00000| Untracked 
| 263|0x00000000d1d00000, 0x00000000d1d00000, 0x00000000d1e00000|  0%| F|  |TAMS 0x00000000d1d00000, 0x00000000d1d00000| Untracked 
| 264|0x00000000d1e00000, 0x00000000d1e00000, 0x00000000d1f00000|  0%| F|  |TAMS 0x00000000d1e00000, 0x00000000d1e00000| Untracked 
| 265|0x00000000d1f00000, 0x00000000d1f00000, 0x00000000d2000000|  0%| F|  |TAMS 0x00000000d1f00000, 0x00000000d1f00000| Untracked 
| 266|0x00000000d2000000, 0x00000000d2000000, 0x00000000d2100000|  0%| F|  |TAMS 0x00000000d2000000, 0x00000000d2000000| Untracked 
| 267|0x00000000d2100000, 0x00000000d2100000, 0x00000000d2200000|  0%| F|  |TAMS 0x00000000d2100000, 0x00000000d2100000| Untracked 
| 268|0x00000000d2200000, 0x00000000d2200000, 0x00000000d2300000|  0%| F|  |TAMS 0x00000000d2200000, 0x00000000d2200000| Untracked 
| 269|0x00000000d2300000, 0x00000000d2300000, 0x00000000d2400000|  0%| F|  |TAMS 0x00000000d2300000, 0x00000000d2300000| Untracked 
| 270|0x00000000d2400000, 0x00000000d2400000, 0x00000000d2500000|  0%| F|  |TAMS 0x00000000d2400000, 0x00000000d2400000| Untracked 
| 271|0x00000000d2500000, 0x00000000d2500000, 0x00000000d2600000|  0%| F|  |TAMS 0x00000000d2500000, 0x00000000d2500000| Untracked 
| 272|0x00000000d2600000, 0x00000000d2600000, 0x00000000d2700000|  0%| F|  |TAMS 0x00000000d2600000, 0x00000000d2600000| Untracked 
| 273|0x00000000d2700000, 0x00000000d2700000, 0x00000000d2800000|  0%| F|  |TAMS 0x00000000d2700000, 0x00000000d2700000| Untracked 
| 274|0x00000000d2800000, 0x00000000d2800000, 0x00000000d2900000|  0%| F|  |TAMS 0x00000000d2800000, 0x00000000d2800000| Untracked 
| 275|0x00000000d2900000, 0x00000000d2900000, 0x00000000d2a00000|  0%| F|  |TAMS 0x00000000d2900000, 0x00000000d2900000| Untracked 
| 276|0x00000000d2a00000, 0x00000000d2a00000, 0x00000000d2b00000|  0%| F|  |TAMS 0x00000000d2a00000, 0x00000000d2a00000| Untracked 
| 277|0x00000000d2b00000, 0x00000000d2b00000, 0x00000000d2c00000|  0%| F|  |TAMS 0x00000000d2b00000, 0x00000000d2b00000| Untracked 
| 278|0x00000000d2c00000, 0x00000000d2c00000, 0x00000000d2d00000|  0%| F|  |TAMS 0x00000000d2c00000, 0x00000000d2c00000| Untracked 
| 279|0x00000000d2d00000, 0x00000000d2d00000, 0x00000000d2e00000|  0%| F|  |TAMS 0x00000000d2d00000, 0x00000000d2d00000| Untracked 
| 280|0x00000000d2e00000, 0x00000000d2e00000, 0x00000000d2f00000|  0%| F|  |TAMS 0x00000000d2e00000, 0x00000000d2e00000| Untracked 
| 281|0x00000000d2f00000, 0x00000000d2f00000, 0x00000000d3000000|  0%| F|  |TAMS 0x00000000d2f00000, 0x00000000d2f00000| Untracked 
| 282|0x00000000d3000000, 0x00000000d3000000, 0x00000000d3100000|  0%| F|  |TAMS 0x00000000d3000000, 0x00000000d3000000| Untracked 
| 283|0x00000000d3100000, 0x00000000d3100000, 0x00000000d3200000|  0%| F|  |TAMS 0x00000000d3100000, 0x00000000d3100000| Untracked 
| 284|0x00000000d3200000, 0x00000000d3200000, 0x00000000d3300000|  0%| F|  |TAMS 0x00000000d3200000, 0x00000000d3200000| Untracked 
| 285|0x00000000d3300000, 0x00000000d3300000, 0x00000000d3400000|  0%| F|  |TAMS 0x00000000d3300000, 0x00000000d3300000| Untracked 
| 286|0x00000000d3400000, 0x00000000d3400000, 0x00000000d3500000|  0%| F|  |TAMS 0x00000000d3400000, 0x00000000d3400000| Untracked 
| 287|0x00000000d3500000, 0x00000000d3500000, 0x00000000d3600000|  0%| F|  |TAMS 0x00000000d3500000, 0x00000000d3500000| Untracked 
| 288|0x00000000d3600000, 0x00000000d3600000, 0x00000000d3700000|  0%| F|  |TAMS 0x00000000d3600000, 0x00000000d3600000| Untracked 
| 289|0x00000000d3700000, 0x00000000d3700000, 0x00000000d3800000|  0%| F|  |TAMS 0x00000000d3700000, 0x00000000d3700000| Untracked 
| 290|0x00000000d3800000, 0x00000000d3800000, 0x00000000d3900000|  0%| F|  |TAMS 0x00000000d3800000, 0x00000000d3800000| Untracked 
| 291|0x00000000d3900000, 0x00000000d3900000, 0x00000000d3a00000|  0%| F|  |TAMS 0x00000000d3900000, 0x00000000d3900000| Untracked 
| 292|0x00000000d3a00000, 0x00000000d3a00000, 0x00000000d3b00000|  0%| F|  |TAMS 0x00000000d3a00000, 0x00000000d3a00000| Untracked 
| 293|0x00000000d3b00000, 0x00000000d3b00000, 0x00000000d3c00000|  0%| F|  |TAMS 0x00000000d3b00000, 0x00000000d3b00000| Untracked 
| 294|0x00000000d3c00000, 0x00000000d3c00000, 0x00000000d3d00000|  0%| F|  |TAMS 0x00000000d3c00000, 0x00000000d3c00000| Untracked 
| 295|0x00000000d3d00000, 0x00000000d3d00000, 0x00000000d3e00000|  0%| F|  |TAMS 0x00000000d3d00000, 0x00000000d3d00000| Untracked 
| 296|0x00000000d3e00000, 0x00000000d3e00000, 0x00000000d3f00000|  0%| F|  |TAMS 0x00000000d3e00000, 0x00000000d3e00000| Untracked 
| 297|0x00000000d3f00000, 0x00000000d3f00000, 0x00000000d4000000|  0%| F|  |TAMS 0x00000000d3f00000, 0x00000000d3f00000| Untracked 
| 298|0x00000000d4000000, 0x00000000d4000000, 0x00000000d4100000|  0%| F|  |TAMS 0x00000000d4000000, 0x00000000d4000000| Untracked 
| 299|0x00000000d4100000, 0x00000000d41913e0, 0x00000000d4200000| 56%| S|CS|TAMS 0x00000000d4100000, 0x00000000d4100000| Complete 
| 300|0x00000000d4200000, 0x00000000d4300000, 0x00000000d4300000|100%| S|CS|TAMS 0x00000000d4200000, 0x00000000d4200000| Complete 
| 301|0x00000000d4300000, 0x00000000d4400000, 0x00000000d4400000|100%| S|CS|TAMS 0x00000000d4300000, 0x00000000d4300000| Complete 
| 302|0x00000000d4400000, 0x00000000d4400000, 0x00000000d4500000|  0%| F|  |TAMS 0x00000000d4400000, 0x00000000d4400000| Untracked 
| 303|0x00000000d4500000, 0x00000000d4500000, 0x00000000d4600000|  0%| F|  |TAMS 0x00000000d4500000, 0x00000000d4500000| Untracked 
| 304|0x00000000d4600000, 0x00000000d4600000, 0x00000000d4700000|  0%| F|  |TAMS 0x00000000d4600000, 0x00000000d4600000| Untracked 
| 305|0x00000000d4700000, 0x00000000d4700000, 0x00000000d4800000|  0%| F|  |TAMS 0x00000000d4700000, 0x00000000d4700000| Untracked 
| 306|0x00000000d4800000, 0x00000000d4800000, 0x00000000d4900000|  0%| F|  |TAMS 0x00000000d4800000, 0x00000000d4800000| Untracked 
| 307|0x00000000d4900000, 0x00000000d4900000, 0x00000000d4a00000|  0%| F|  |TAMS 0x00000000d4900000, 0x00000000d4900000| Untracked 
| 308|0x00000000d4a00000, 0x00000000d4a00000, 0x00000000d4b00000|  0%| F|  |TAMS 0x00000000d4a00000, 0x00000000d4a00000| Untracked 
| 309|0x00000000d4b00000, 0x00000000d4b00000, 0x00000000d4c00000|  0%| F|  |TAMS 0x00000000d4b00000, 0x00000000d4b00000| Untracked 
| 310|0x00000000d4c00000, 0x00000000d4c00000, 0x00000000d4d00000|  0%| F|  |TAMS 0x00000000d4c00000, 0x00000000d4c00000| Untracked 
| 311|0x00000000d4d00000, 0x00000000d4d00000, 0x00000000d4e00000|  0%| F|  |TAMS 0x00000000d4d00000, 0x00000000d4d00000| Untracked 
| 312|0x00000000d4e00000, 0x00000000d4e00000, 0x00000000d4f00000|  0%| F|  |TAMS 0x00000000d4e00000, 0x00000000d4e00000| Untracked 
| 313|0x00000000d4f00000, 0x00000000d4f00000, 0x00000000d5000000|  0%| F|  |TAMS 0x00000000d4f00000, 0x00000000d4f00000| Untracked 
| 314|0x00000000d5000000, 0x00000000d5000000, 0x00000000d5100000|  0%| F|  |TAMS 0x00000000d5000000, 0x00000000d5000000| Untracked 
| 315|0x00000000d5100000, 0x00000000d5100000, 0x00000000d5200000|  0%| F|  |TAMS 0x00000000d5100000, 0x00000000d5100000| Untracked 
| 316|0x00000000d5200000, 0x00000000d5200000, 0x00000000d5300000|  0%| F|  |TAMS 0x00000000d5200000, 0x00000000d5200000| Untracked 
| 317|0x00000000d5300000, 0x00000000d5300000, 0x00000000d5400000|  0%| F|  |TAMS 0x00000000d5300000, 0x00000000d5300000| Untracked 
| 318|0x00000000d5400000, 0x00000000d5400000, 0x00000000d5500000|  0%| F|  |TAMS 0x00000000d5400000, 0x00000000d5400000| Untracked 
| 319|0x00000000d5500000, 0x00000000d5500000, 0x00000000d5600000|  0%| F|  |TAMS 0x00000000d5500000, 0x00000000d5500000| Untracked 

Card table byte_map: [0x0000020575cf0000,0x0000020575ef0000] _byte_map_base: 0x00000205756e5000

Marking Bits (Prev, Next): (CMBitMap*) 0x000002056d623c48, (CMBitMap*) 0x000002056d623c88
 Prev Bits: [0x00000205760f0000, 0x0000020577098000)
 Next Bits: [0x00000205770a0000, 0x0000020578048000)

Polling page: 0x000002056b3e0000

Metaspace:

Usage:
  Non-class:     20.87 MB capacity,    20.57 MB ( 99%) used,   262.91 KB (  1%) free+waste,    48.50 KB ( <1%) overhead. 
      Class:      2.75 MB capacity,     2.60 MB ( 95%) used,   128.23 KB (  5%) free+waste,    23.44 KB ( <1%) overhead. 
       Both:     23.62 MB capacity,    23.17 MB ( 98%) used,   391.15 KB (  2%) free+waste,    71.94 KB ( <1%) overhead. 

Virtual space:
  Non-class space:       22.00 MB reserved,      21.00 MB ( 95%) committed 
      Class space:        1.00 GB reserved,       2.75 MB ( <1%) committed 
             Both:        1.02 GB reserved,      23.75 MB (  2%) committed 

Chunk freelists:
   Non-Class:  2.00 KB
       Class:  0 bytes
        Both:  2.00 KB

MaxMetaspaceSize: 17179869184.00 GB
CompressedClassSpaceSize: 1.00 GB

CodeHeap 'non-profiled nmethods': size=120000Kb used=1166Kb max_used=1166Kb free=118833Kb
 bounds [0x0000020507ad0000, 0x0000020507d40000, 0x000002050f000000]
CodeHeap 'profiled nmethods': size=120000Kb used=5640Kb max_used=5640Kb free=114359Kb
 bounds [0x00000205005a0000, 0x0000020500b30000, 0x0000020507ad0000]
CodeHeap 'non-nmethods': size=5760Kb used=1426Kb max_used=1448Kb free=4333Kb
 bounds [0x0000020500000000, 0x0000020500270000, 0x00000205005a0000]
 total_blobs=4555 nmethods=2595 adapters=654
 compilation: enabled
              stopped_count=0, restarted_count=0
 full_count=0

Compilation events (20 events):
Event: 68.175 Thread 0x000002057a613800 2851       3       com.formdev.flatlaf.ui.MigLayoutVisualPadding::lambda$install$1 (65 bytes)
Event: 68.176 Thread 0x000002057a613800 nmethod 2851 0x0000020500b1e610 code [0x0000020500b1e800, 0x0000020500b1ecf0]
Event: 68.183 Thread 0x000002057a613800 2852       3       java.security.AccessController::getContext (23 bytes)
Event: 68.183 Thread 0x000002057a613800 nmethod 2852 0x0000020500b1ef10 code [0x0000020500b1f0e0, 0x0000020500b1f400]
Event: 68.695 Thread 0x000002057c2a8800 2854       4       java.util.HashSet::add (20 bytes)
Event: 68.747 Thread 0x000002057c2a8800 nmethod 2854 0x0000020507bf0890 code [0x0000020507bf0b40, 0x0000020507bf26c0]
Event: 68.794 Thread 0x000002057a613800 2855       3       java.awt.Color::<init> (33 bytes)
Event: 68.794 Thread 0x000002057a613800 nmethod 2855 0x0000020500b1f510 code [0x0000020500b1f6c0, 0x0000020500b1f938]
Event: 68.795 Thread 0x000002057a613800 2857   !   3       java.awt.Container::invalidateTree (80 bytes)
Event: 68.796 Thread 0x000002057a613800 nmethod 2857 0x0000020500b1fa10 code [0x0000020500b1fc80, 0x0000020500b20cb0]
Event: 68.942 Thread 0x000002057a613800 2858       3       java.util.Arrays::rangeCheck (74 bytes)
Event: 68.943 Thread 0x000002057a613800 nmethod 2858 0x0000020500b21110 code [0x0000020500b213e0, 0x0000020500b22110]
Event: 68.943 Thread 0x000002057a613800 2860       3       java.lang.invoke.InvokerBytecodeGenerator::storeInsnOpcode (87 bytes)
Event: 68.944 Thread 0x000002057a613800 nmethod 2860 0x0000020500b22610 code [0x0000020500b228a0, 0x0000020500b234a0]
Event: 68.944 Thread 0x000002057a613800 2859       3       java.lang.invoke.LambdaForm::returnType (26 bytes)
Event: 68.944 Thread 0x000002057a613800 nmethod 2859 0x0000020500b23890 code [0x0000020500b23a40, 0x0000020500b23c38]
Event: 68.944 Thread 0x000002057a613800 2861       3       java.lang.invoke.MethodHandleNatives::refKindIsGetter (32 bytes)
Event: 68.944 Thread 0x000002057a613800 nmethod 2861 0x0000020500b23d10 code [0x0000020500b23ec0, 0x0000020500b24078]
Event: 68.945 Thread 0x000002057a613800 2864       3       jdk.internal.org.objectweb.asm.SymbolTable::addTypeInternal (85 bytes)
Event: 68.945 Thread 0x000002057a613800 nmethod 2864 0x0000020500b24110 code [0x0000020500b24300, 0x0000020500b249e0]

GC Heap History (20 events):
Event: 1.050 GC heap before
{Heap before GC invocations=0 (full 0):
 garbage-first heap   total 65536K, used 14336K [0x00000000c1600000, 0x0000000100000000)
  region size 1024K, 14 young (14336K), 0 survivors (0K)
 Metaspace       used 7217K, capacity 7547K, committed 7808K, reserved 1056768K
  class space    used 719K, capacity 834K, committed 896K, reserved 1048576K
}
Event: 1.056 GC heap after
{Heap after GC invocations=1 (full 0):
 garbage-first heap   total 65536K, used 4594K [0x00000000c1600000, 0x0000000100000000)
  region size 1024K, 2 young (2048K), 2 survivors (2048K)
 Metaspace       used 7217K, capacity 7547K, committed 7808K, reserved 1056768K
  class space    used 719K, capacity 834K, committed 896K, reserved 1048576K
}
Event: 2.459 GC heap before
{Heap before GC invocations=1 (full 0):
 garbage-first heap   total 65536K, used 10738K [0x00000000c1600000, 0x0000000100000000)
  region size 1024K, 8 young (8192K), 2 survivors (2048K)
 Metaspace       used 10092K, capacity 10448K, committed 10752K, reserved 1058816K
  class space    used 1025K, capacity 1161K, committed 1280K, reserved 1048576K
}
Event: 2.464 GC heap after
{Heap after GC invocations=2 (full 0):
 garbage-first heap   total 65536K, used 7055K [0x00000000c1600000, 0x0000000100000000)
  region size 1024K, 1 young (1024K), 1 survivors (1024K)
 Metaspace       used 10092K, capacity 10448K, committed 10752K, reserved 1058816K
  class space    used 1025K, capacity 1161K, committed 1280K, reserved 1048576K
}
Event: 7.898 GC heap before
{Heap before GC invocations=2 (full 0):
 garbage-first heap   total 65536K, used 26511K [0x00000000c1600000, 0x0000000100000000)
  region size 1024K, 21 young (21504K), 1 survivors (1024K)
 Metaspace       used 18347K, capacity 18763K, committed 19072K, reserved 1067008K
  class space    used 1980K, capacity 2117K, committed 2176K, reserved 1048576K
}
Event: 7.917 GC heap after
{Heap after GC invocations=3 (full 0):
 garbage-first heap   total 65536K, used 10132K [0x00000000c1600000, 0x0000000100000000)
  region size 1024K, 3 young (3072K), 3 survivors (3072K)
 Metaspace       used 18347K, capacity 18763K, committed 19072K, reserved 1067008K
  class space    used 1980K, capacity 2117K, committed 2176K, reserved 1048576K
}
Event: 11.705 GC heap before
{Heap before GC invocations=3 (full 0):
 garbage-first heap   total 65536K, used 15252K [0x00000000c1600000, 0x0000000100000000)
  region size 1024K, 10 young (10240K), 3 survivors (3072K)
 Metaspace       used 20770K, capacity 21148K, committed 21248K, reserved 1069056K
  class space    used 2314K, capacity 2464K, committed 2560K, reserved 1048576K
}
Event: 11.730 GC heap after
{Heap after GC invocations=4 (full 0):
 garbage-first heap   total 65536K, used 12995K [0x00000000c1600000, 0x0000000100000000)
  region size 1024K, 3 young (3072K), 3 survivors (3072K)
 Metaspace       used 20770K, capacity 21148K, committed 21248K, reserved 1069056K
  class space    used 2314K, capacity 2464K, committed 2560K, reserved 1048576K
}
Event: 13.000 GC heap before
{Heap before GC invocations=5 (full 0):
 garbage-first heap   total 48128K, used 14019K [0x00000000c1600000, 0x0000000100000000)
  region size 1024K, 5 young (5120K), 3 survivors (3072K)
 Metaspace       used 21104K, capacity 21487K, committed 21760K, reserved 1069056K
  class space    used 2390K, capacity 2534K, committed 2560K, reserved 1048576K
}
Event: 13.010 GC heap after
{Heap after GC invocations=6 (full 0):
 garbage-first heap   total 48128K, used 12920K [0x00000000c1600000, 0x0000000100000000)
  region size 1024K, 1 young (1024K), 1 survivors (1024K)
 Metaspace       used 21104K, capacity 21487K, committed 21760K, reserved 1069056K
  class space    used 2390K, capacity 2534K, committed 2560K, reserved 1048576K
}
Event: 13.736 GC heap before
{Heap before GC invocations=7 (full 0):
 garbage-first heap   total 327680K, used 201336K [0x00000000c1600000, 0x0000000100000000)
  region size 1024K, 12 young (12288K), 1 survivors (1024K)
 Metaspace       used 21106K, capacity 21487K, committed 21760K, reserved 1069056K
  class space    used 2390K, capacity 2534K, committed 2560K, reserved 1048576K
}
Event: 13.738 GC heap after
{Heap after GC invocations=8 (full 0):
 garbage-first heap   total 327680K, used 191042K [0x00000000c1600000, 0x0000000100000000)
  region size 1024K, 1 young (1024K), 1 survivors (1024K)
 Metaspace       used 21106K, capacity 21487K, committed 21760K, reserved 1069056K
  class space    used 2390K, capacity 2534K, committed 2560K, reserved 1048576K
}
Event: 20.254 GC heap before
{Heap before GC invocations=8 (full 0):
 garbage-first heap   total 327680K, used 228930K [0x00000000c1600000, 0x0000000100000000)
  region size 1024K, 39 young (39936K), 1 survivors (1024K)
 Metaspace       used 21106K, capacity 21487K, committed 21760K, reserved 1069056K
  class space    used 2390K, capacity 2534K, committed 2560K, reserved 1048576K
}
Event: 20.257 GC heap after
{Heap after GC invocations=9 (full 0):
 garbage-first heap   total 327680K, used 191033K [0x00000000c1600000, 0x0000000100000000)
  region size 1024K, 1 young (1024K), 1 survivors (1024K)
 Metaspace       used 21106K, capacity 21487K, committed 21760K, reserved 1069056K
  class space    used 2390K, capacity 2534K, committed 2560K, reserved 1048576K
}
Event: 28.544 GC heap before
{Heap before GC invocations=10 (full 0):
 garbage-first heap   total 327680K, used 247353K [0x00000000c1600000, 0x0000000100000000)
  region size 1024K, 57 young (58368K), 1 survivors (1024K)
 Metaspace       used 21106K, capacity 21487K, committed 21760K, reserved 1069056K
  class space    used 2390K, capacity 2534K, committed 2560K, reserved 1048576K
}
Event: 28.548 GC heap after
{Heap after GC invocations=11 (full 0):
 garbage-first heap   total 327680K, used 191037K [0x00000000c1600000, 0x0000000100000000)
  region size 1024K, 1 young (1024K), 1 survivors (1024K)
 Metaspace       used 21106K, capacity 21487K, committed 21760K, reserved 1069056K
  class space    used 2390K, capacity 2534K, committed 2560K, reserved 1048576K
}
Event: 36.046 GC heap before
{Heap before GC invocations=11 (full 0):
 garbage-first heap   total 327680K, used 258621K [0x00000000c1600000, 0x0000000100000000)
  region size 1024K, 68 young (69632K), 1 survivors (1024K)
 Metaspace       used 21106K, capacity 21487K, committed 21760K, reserved 1069056K
  class space    used 2390K, capacity 2534K, committed 2560K, reserved 1048576K
}
Event: 36.051 GC heap after
{Heap after GC invocations=12 (full 0):
 garbage-first heap   total 327680K, used 191038K [0x00000000c1600000, 0x0000000100000000)
  region size 1024K, 1 young (1024K), 1 survivors (1024K)
 Metaspace       used 21106K, capacity 21487K, committed 21760K, reserved 1069056K
  class space    used 2390K, capacity 2534K, committed 2560K, reserved 1048576K
}
Event: 68.963 GC heap before
{Heap before GC invocations=13 (full 0):
 garbage-first heap   total 327680K, used 207422K [0x00000000c1600000, 0x0000000100000000)
  region size 1024K, 19 young (19456K), 1 survivors (1024K)
 Metaspace       used 23726K, capacity 24190K, committed 24320K, reserved 1071104K
  class space    used 2664K, capacity 2816K, committed 2816K, reserved 1048576K
}
Event: 68.967 GC heap after
{Heap after GC invocations=14 (full 0):
 garbage-first heap   total 327680K, used 193351K [0x00000000c1600000, 0x0000000100000000)
  region size 1024K, 3 young (3072K), 3 survivors (3072K)
 Metaspace       used 23726K, capacity 24190K, committed 24320K, reserved 1071104K
  class space    used 2664K, capacity 2816K, committed 2816K, reserved 1048576K
}

Deoptimization events (20 events):
Event: 68.113 Thread 0x000002057b4e9000 Uncommon trap: trap_request=0xffffff45 fr.pc=0x0000020507bd3a9c relative=0x000000000000025c
Event: 68.113 Thread 0x000002057b4e9000 Uncommon trap: reason=unstable_if action=reinterpret pc=0x0000020507bd3a9c method=java.awt.font.FontRenderContext.equals(Ljava/awt/font/FontRenderContext;)Z @ 35 c2
Event: 68.113 Thread 0x000002057b4e9000 DEOPT PACKING pc=0x0000020507bd3a9c sp=0x0000001d327fd470
Event: 68.113 Thread 0x000002057b4e9000 DEOPT UNPACKING pc=0x000002050004912f sp=0x0000001d327fd3a0 mode 2
Event: 68.113 Thread 0x000002057b4e9000 Uncommon trap: trap_request=0xffffff45 fr.pc=0x0000020507bce860 relative=0x00000000000000c0
Event: 68.113 Thread 0x000002057b4e9000 Uncommon trap: reason=unstable_if action=reinterpret pc=0x0000020507bce860 method=java.awt.font.FontRenderContext.equals(Ljava/awt/font/FontRenderContext;)Z @ 35 c2
Event: 68.113 Thread 0x000002057b4e9000 DEOPT PACKING pc=0x0000020507bce860 sp=0x0000001d327fd3e0
Event: 68.113 Thread 0x000002057b4e9000 DEOPT UNPACKING pc=0x000002050004912f sp=0x0000001d327fd388 mode 2
Event: 68.694 Thread 0x000002057b4d7000 Uncommon trap: trap_request=0xffffffde fr.pc=0x0000020507b4af80 relative=0x0000000000001800
Event: 68.694 Thread 0x000002057b4d7000 Uncommon trap: reason=class_check action=maybe_recompile pc=0x0000020507b4af80 method=java.util.HashMap.putVal(ILjava/lang/Object;Ljava/lang/Object;ZZ)Ljava/lang/Object; @ 91 c2
Event: 68.694 Thread 0x000002057b4d7000 DEOPT PACKING pc=0x0000020507b4af80 sp=0x0000001d326fde40
Event: 68.694 Thread 0x000002057b4d7000 DEOPT UNPACKING pc=0x000002050004912f sp=0x0000001d326fdd18 mode 2
Event: 68.694 Thread 0x000002057b4d7000 Uncommon trap: trap_request=0xffffffde fr.pc=0x0000020507b4af80 relative=0x0000000000001800
Event: 68.694 Thread 0x000002057b4d7000 Uncommon trap: reason=class_check action=maybe_recompile pc=0x0000020507b4af80 method=java.util.HashMap.putVal(ILjava/lang/Object;Ljava/lang/Object;ZZ)Ljava/lang/Object; @ 91 c2
Event: 68.694 Thread 0x000002057b4d7000 DEOPT PACKING pc=0x0000020507b4af80 sp=0x0000001d326fde40
Event: 68.694 Thread 0x000002057b4d7000 DEOPT UNPACKING pc=0x000002050004912f sp=0x0000001d326fdd18 mode 2
Event: 68.963 Thread 0x000002057ba50000 Uncommon trap: trap_request=0xffffffc6 fr.pc=0x0000020507ba4ec0 relative=0x0000000000001600
Event: 68.963 Thread 0x000002057ba50000 Uncommon trap: reason=bimorphic_or_optimized_type_check action=maybe_recompile pc=0x0000020507ba4ec0 method=java.io.BufferedInputStream.read1([BII)I @ 39 c2
Event: 68.963 Thread 0x000002057ba50000 DEOPT PACKING pc=0x0000020507ba4ec0 sp=0x0000001d310fecd0
Event: 68.963 Thread 0x000002057ba50000 DEOPT UNPACKING pc=0x000002050004912f sp=0x0000001d310fec18 mode 2

Classes unloaded (0 events):
No events

Classes redefined (0 events):
No events

Internal exceptions (20 events):
Event: 0.561 Thread 0x000002057b4e9000 Exception <a 'java/lang/NoSuchMethodError'{0x00000000c4d29fa8}: 'java.lang.Object java.lang.invoke.DirectMethodHandle$Holder.invokeStatic(java.lang.Object, int, int, int)'> (0x00000000c4d29fa8) 
thrown [t:/workspace/open/src/hotspot/share/interpreter/linkResolver.cpp, line 767]
Event: 2.554 Thread 0x000002057b4e9000 Exception <a 'java/lang/NoSuchMethodError'{0x00000000c52bb420}: 'java.lang.Object java.lang.invoke.DirectMethodHandle$Holder.invokeStaticInit(java.lang.Object, int, int, int, int)'> (0x00000000c52bb420) 
thrown [t:/workspace/open/src/hotspot/share/interpreter/linkResolver.cpp, line 767]
Event: 2.560 Thread 0x000002057b4e9000 Exception <a 'sun/nio/fs/WindowsException'{0x00000000c52c1158}> (0x00000000c52c1158) 
thrown [t:/workspace/open/src/hotspot/share/prims/jni.cpp, line 598]
Event: 2.562 Thread 0x000002057b4e9000 Exception <a 'java/lang/NoSuchMethodError'{0x00000000c52c2d40}: 'int java.lang.invoke.DirectMethodHandle$Holder.invokeSpecialIFC(java.lang.Object, java.lang.Object, int)'> (0x00000000c52c2d40) 
thrown [t:/workspace/open/src/hotspot/share/interpreter/linkResolver.cpp, line 767]
Event: 2.577 Thread 0x000002057b4e9000 Exception <a 'java/lang/NoSuchMethodError'{0x00000000c52eb360}: 'int java.lang.invoke.DirectMethodHandle$Holder.invokeStaticInit(java.lang.Object, java.lang.Object, java.lang.Object, java.lang.Object)'> (0x00000000c52eb360) 
thrown [t:/workspace/open/src/hotspot/share/interpreter/linkResolver.cpp, line 767]
Event: 2.578 Thread 0x000002057b4e9000 Exception <a 'java/lang/IncompatibleClassChangeError'{0x00000000c52f3e10}: Found class java.lang.Object, but interface was expected> (0x00000000c52f3e10) 
thrown [t:/workspace/open/src/hotspot/share/interpreter/linkResolver.cpp, line 833]
Event: 2.579 Thread 0x000002057b4e9000 Exception <a 'java/lang/NoSuchMethodError'{0x00000000c52f6bc8}: 'void java.lang.invoke.DirectMethodHandle$Holder.invokeStaticInit(java.lang.Object, java.lang.Object)'> (0x00000000c52f6bc8) 
thrown [t:/workspace/open/src/hotspot/share/interpreter/linkResolver.cpp, line 767]
Event: 2.580 Thread 0x000002057b4e9000 Exception <a 'java/lang/NoSuchMethodError'{0x00000000c52fc4e0}: 'int java.lang.invoke.DirectMethodHandle$Holder.invokeStaticInit(java.lang.Object, java.lang.Object)'> (0x00000000c52fc4e0) 
thrown [t:/workspace/open/src/hotspot/share/interpreter/linkResolver.cpp, line 767]
Event: 3.113 Thread 0x000002057b4e9000 Exception <a 'java/lang/NoSuchMethodError'{0x00000000c50f3d50}: 'java.lang.Object java.lang.invoke.DirectMethodHandle$Holder.invokeStaticInit(java.lang.Object, java.lang.Object, int, int, int, int)'> (0x00000000c50f3d50) 
thrown [t:/workspace/open/src/hotspot/share/interpreter/linkResolver.cpp, line 767]
Event: 3.927 Thread 0x000002057b4e9000 Exception <a 'java/lang/NullPointerException'{0x00000000c4d8ae08}> (0x00000000c4d8ae08) 
thrown [t:/workspace/open/src/hotspot/share/interpreter/linkResolver.cpp, line 1349]
Event: 3.929 Thread 0x000002057b4e9000 Exception <a 'java/lang/reflect/InvocationTargetException'{0x00000000c4d8ea38}> (0x00000000c4d8ea38) 
thrown [t:/workspace/open/src/hotspot/share/runtime/reflection.cpp, line 1188]
Event: 4.019 Thread 0x000002057b4e9000 Exception <a 'java/lang/NoSuchMethodError'{0x00000000c4ce4838}: 'java.lang.Object java.lang.invoke.DirectMethodHandle$Holder.invokeVirtual(java.lang.Object, java.lang.Object, java.lang.Object)'> (0x00000000c4ce4838) 
thrown [t:/workspace/open/src/hotspot/share/interpreter/linkResolver.cpp, line 767]
Event: 6.628 Thread 0x000002057b4e9000 Implicit null exception at 0x0000020507b39385 to 0x0000020507b39802
Event: 6.629 Thread 0x000002057b4e9000 Implicit null exception at 0x0000020507b03e2f to 0x0000020507b03ead
Event: 6.962 Thread 0x000002057b4e9000 Exception <a 'sun/nio/fs/WindowsException'{0x00000000c4113068}> (0x00000000c4113068) 
thrown [t:/workspace/open/src/hotspot/share/prims/jni.cpp, line 598]
Event: 7.240 Thread 0x000002057b4e9000 Exception <a 'java/net/UnknownHostException'{0x00000000c4128e48}> (0x00000000c4128e48) 
thrown [t:/workspace/open/src/hotspot/share/prims/jni.cpp, line 598]
Event: 10.218 Thread 0x000002057b4e9000 Exception <a 'java/lang/NoSuchMethodError'{0x00000000c54786a0}: 'java.lang.Object java.lang.invoke.DirectMethodHandle$Holder.invokeVirtual(java.lang.Object, java.lang.Object, java.lang.Object, java.lang.Object)'> (0x00000000c54786a0) 
thrown [t:/workspace/open/src/hotspot/share/interpreter/linkResolver.cpp, line 767]
Event: 10.467 Thread 0x000002057b4e9000 Exception <a 'java/lang/NoSuchMethodError'{0x00000000c54d78e0}: 'void java.lang.invoke.DirectMethodHandle$Holder.invokeVirtual(java.lang.Object, java.lang.Object)'> (0x00000000c54d78e0) 
thrown [t:/workspace/open/src/hotspot/share/interpreter/linkResolver.cpp, line 767]
Event: 68.795 Thread 0x000002057b4e9000 Exception <a 'java/lang/NoSuchMethodError'{0x00000000d4599b38}: 'void java.lang.invoke.DirectMethodHandle$Holder.invokeStaticInit(java.lang.Object)'> (0x00000000d4599b38) 
thrown [t:/workspace/open/src/hotspot/share/interpreter/linkResolver.cpp, line 767]
Event: 68.945 Thread 0x000002057b4e9000 Exception <a 'java/lang/NoSuchMethodError'{0x00000000d45c0910}: 'java.lang.Object java.lang.invoke.Invokers$Holder.linkToTargetMethod(java.lang.Object, int, java.lang.Object)'> (0x00000000d45c0910) 
thrown [t:/workspace/open/src/hotspot/share/interpreter/linkResolver.cpp, line 767]

Events (20 events):
Event: 68.921 loading class sun/awt/FontConfiguration$2 done
Event: 68.921 loading class sun/awt/windows/WingDings
Event: 68.941 loading class sun/awt/windows/WingDings done
Event: 68.941 loading class sun/awt/windows/WingDings$Encoder
Event: 68.941 loading class sun/awt/windows/WingDings$Encoder done
Event: 68.941 loading class sun/awt/Symbol
Event: 68.942 loading class sun/awt/Symbol done
Event: 68.942 loading class sun/awt/Symbol$Encoder
Event: 68.942 loading class sun/awt/Symbol$Encoder done
Event: 68.942 Thread 0x000002057c2a8800 Thread exited: 0x000002057c2a8800
Event: 68.945 Executing VM operation: RevokeBias
Event: 68.945 Executing VM operation: RevokeBias done
Event: 68.946 Executing VM operation: RevokeBias
Event: 68.946 Executing VM operation: RevokeBias done
Event: 68.963 Executing VM operation: RevokeBias
Event: 68.963 Executing VM operation: RevokeBias done
Event: 68.963 Executing VM operation: RevokeBias
Event: 68.963 Executing VM operation: RevokeBias done
Event: 68.963 Executing VM operation: G1CollectForAllocation
Event: 68.967 Executing VM operation: G1CollectForAllocation done


Dynamic libraries:
0x00007ff635f70000 - 0x00007ff635f7f000 	C:\Program Files\Java\jdk-13.0.2\bin\javaw.exe
0x00007fff59a20000 - 0x00007fff59c10000 	C:\Windows\SYSTEM32\ntdll.dll
0x00007fff588d0000 - 0x00007fff58982000 	C:\Windows\System32\KERNEL32.DLL
0x00007fff57530000 - 0x00007fff577d5000 	C:\Windows\System32\KERNELBASE.dll
0x00007fff57430000 - 0x00007fff5752a000 	C:\Windows\System32\ucrtbase.dll
0x00007fff4b470000 - 0x00007fff4b485000 	C:\Program Files\Java\jdk-13.0.2\bin\VCRUNTIME140.dll
0x00007fff40420000 - 0x00007fff40438000 	C:\Program Files\Java\jdk-13.0.2\bin\jli.dll
0x00007fff581c0000 - 0x00007fff58263000 	C:\Windows\System32\ADVAPI32.dll
0x00007fff58630000 - 0x00007fff586ce000 	C:\Windows\System32\msvcrt.dll
0x00007fff583b0000 - 0x00007fff58447000 	C:\Windows\System32\sechost.dll
0x00007fff57c50000 - 0x00007fff57d6f000 	C:\Windows\System32\RPCRT4.dll
0x00007fff58730000 - 0x00007fff588c4000 	C:\Windows\System32\USER32.dll
0x00007fff571a0000 - 0x00007fff571c1000 	C:\Windows\System32\win32u.dll
0x00007fff47310000 - 0x00007fff47594000 	C:\Windows\WinSxS\amd64_microsoft.windows.common-controls_6595b64144ccf1df_6.0.18362.1556_none_9e7e372fe45e41d5\COMCTL32.dll
0x00007fff58160000 - 0x00007fff58186000 	C:\Windows\System32\GDI32.dll
0x00007fff58f50000 - 0x00007fff59286000 	C:\Windows\System32\combase.dll
0x00007fff57830000 - 0x00007fff579c8000 	C:\Windows\System32\gdi32full.dll
0x00007fff57230000 - 0x00007fff572ce000 	C:\Windows\System32\msvcp_win.dll
0x00007fff56960000 - 0x00007fff569e1000 	C:\Windows\System32\bcryptPrimitives.dll
0x00007fff47f50000 - 0x00007fff47f5a000 	C:\Windows\SYSTEM32\VERSION.dll
0x00007fff58190000 - 0x00007fff581be000 	C:\Windows\System32\IMM32.DLL
0x00007fff34810000 - 0x00007fff348ab000 	C:\Program Files\Java\jdk-13.0.2\bin\msvcp140.dll
0x00007fff09570000 - 0x00007fff0a0cd000 	C:\Program Files\Java\jdk-13.0.2\bin\server\jvm.dll
0x00007fff59980000 - 0x00007fff59988000 	C:\Windows\System32\PSAPI.DLL
0x00007fff4f670000 - 0x00007fff4f679000 	C:\Windows\SYSTEM32\WSOCK32.dll
0x00007fff549a0000 - 0x00007fff549c4000 	C:\Windows\SYSTEM32\WINMM.dll
0x00007fff589f0000 - 0x00007fff58a5f000 	C:\Windows\System32\WS2_32.dll
0x00007fff54970000 - 0x00007fff5499d000 	C:\Windows\SYSTEM32\WINMMBASE.dll
0x00007fff577e0000 - 0x00007fff5782a000 	C:\Windows\System32\cfgmgr32.dll
0x00007fff56940000 - 0x00007fff56951000 	C:\Windows\System32\kernel.appcore.dll
0x00007fff4ddd0000 - 0x00007fff4dde0000 	C:\Program Files\Java\jdk-13.0.2\bin\verify.dll
0x00007fff4c440000 - 0x00007fff4c634000 	C:\Windows\SYSTEM32\DBGHELP.DLL
0x00007fff4c410000 - 0x00007fff4c43a000 	C:\Windows\SYSTEM32\dbgcore.DLL
0x00007fff3f300000 - 0x00007fff3f326000 	C:\Program Files\Java\jdk-13.0.2\bin\java.dll
0x00007fff40320000 - 0x00007fff40337000 	C:\Program Files\Java\jdk-13.0.2\bin\zip.dll
0x00007fff4dd50000 - 0x00007fff4dd5a000 	C:\Program Files\Java\jdk-13.0.2\bin\jimage.dll
0x00007fff59290000 - 0x00007fff59977000 	C:\Windows\System32\SHELL32.dll
0x00007fff580b0000 - 0x00007fff58158000 	C:\Windows\System32\shcore.dll
0x00007fff56a20000 - 0x00007fff5719b000 	C:\Windows\System32\windows.storage.dll
0x00007fff56920000 - 0x00007fff5693e000 	C:\Windows\System32\profapi.dll
0x00007fff568b0000 - 0x00007fff568fa000 	C:\Windows\System32\powrprof.dll
0x00007fff568a0000 - 0x00007fff568b0000 	C:\Windows\System32\UMPDC.dll
0x00007fff58990000 - 0x00007fff589e2000 	C:\Windows\System32\shlwapi.dll
0x00007fff57a80000 - 0x00007fff57a97000 	C:\Windows\System32\cryptsp.dll
0x00007fff3f530000 - 0x00007fff3f549000 	C:\Program Files\Java\jdk-13.0.2\bin\net.dll
0x00007fff4cec0000 - 0x00007fff4cfba000 	C:\Windows\SYSTEM32\WINHTTP.dll
0x00007fff560e0000 - 0x00007fff56147000 	C:\Windows\system32\mswsock.dll
0x00007fff3f3f0000 - 0x00007fff3f403000 	C:\Program Files\Java\jdk-13.0.2\bin\nio.dll
0x00007fff31b00000 - 0x00007fff31c99000 	C:\Program Files\Java\jdk-13.0.2\bin\awt.dll
0x00007fff58450000 - 0x00007fff58515000 	C:\Windows\System32\OLEAUT32.dll
0x00007fff54770000 - 0x00007fff547ff000 	C:\Windows\SYSTEM32\apphelp.dll
0x00007fff54bc0000 - 0x00007fff54c59000 	C:\Windows\system32\uxtheme.dll
0x00007fff58270000 - 0x00007fff583a5000 	C:\Windows\System32\MSCTF.dll
0x00007fff57f50000 - 0x00007fff580a7000 	C:\Windows\System32\ole32.dll
0x00007fff350a0000 - 0x00007fff35122000 	C:\Program Files\Java\jdk-13.0.2\bin\freetype.dll
0x00007fff30310000 - 0x00007fff303b6000 	C:\Program Files\Java\jdk-13.0.2\bin\fontmanager.dll
0x00007fff54cb0000 - 0x00007fff54cdd000 	C:\Windows\system32\DWMAPI.DLL
0x00007fff55e30000 - 0x00007fff55efb000 	C:\Windows\SYSTEM32\DNSAPI.dll
0x00007fff59990000 - 0x00007fff59998000 	C:\Windows\System32\NSI.dll
0x00007fff55df0000 - 0x00007fff55e2a000 	C:\Windows\SYSTEM32\IPHLPAPI.DLL
0x00007fff4cd90000 - 0x00007fff4cd9a000 	C:\Windows\System32\rasadhlp.dll
0x00007fff4ce30000 - 0x00007fff4cea7000 	C:\Windows\System32\fwpuclnt.dll
0x00007fff569f0000 - 0x00007fff56a16000 	C:\Windows\System32\bcrypt.dll
0x00007fff4dd60000 - 0x00007fff4dd6e000 	C:\Program Files\Java\jdk-13.0.2\bin\sunmscapi.dll
0x00007fff572d0000 - 0x00007fff57421000 	C:\Windows\System32\CRYPT32.dll
0x00007fff56900000 - 0x00007fff56912000 	C:\Windows\System32\MSASN1.dll
0x00007fff563c0000 - 0x00007fff563e6000 	C:\Windows\SYSTEM32\ncrypt.dll
0x00007fff56380000 - 0x00007fff563bb000 	C:\Windows\SYSTEM32\NTASN1.dll
0x00007fff3d0b0000 - 0x00007fff3d0d5000 	C:\Program Files\Java\jdk-13.0.2\bin\sunec.dll
0x00007fff55c60000 - 0x00007fff55c93000 	C:\Windows\system32\rsaenh.dll
0x00007fff567c0000 - 0x00007fff567e5000 	C:\Windows\SYSTEM32\USERENV.dll
0x00007fff562b0000 - 0x00007fff562bc000 	C:\Windows\SYSTEM32\CRYPTBASE.dll
0x00007fff4cdc0000 - 0x00007fff4cdd6000 	C:\Windows\SYSTEM32\dhcpcsvc6.DLL
0x00007fff4cda0000 - 0x00007fff4cdbc000 	C:\Windows\SYSTEM32\dhcpcsvc.DLL
0x00007fff2e1a0000 - 0x00007fff2e2f6000 	C:\Windows\system32\opengl32.dll
0x00007fff3fd80000 - 0x00007fff3fdac000 	C:\Windows\SYSTEM32\GLU32.dll
0x00007fff554e0000 - 0x00007fff55500000 	C:\Windows\SYSTEM32\dxcore.dll
0x00007fff517f0000 - 0x00007fff517f6000 	C:\Users\User\AppData\Local\Temp\flatlaf.temp\flatlaf-windows-x86_64-1861310255273000.dll
0x00007fff4da10000 - 0x00007fff4da17000 	C:\Program Files\Java\jdk-13.0.2\bin\jawt.dll
0x00007fff3fd50000 - 0x00007fff3fd7d000 	C:\Program Files\Java\jdk-13.0.2\bin\javajpeg.dll

dbghelp: loaded successfully - version: 4.0.5 - missing functions: none
symbol engine: initialized successfully - sym options: 0x614 - pdb path: .;C:\Program Files\Java\jdk-13.0.2\bin;C:\Windows\SYSTEM32;C:\Windows\WinSxS\amd64_microsoft.windows.common-controls_6595b64144ccf1df_6.0.18362.1556_none_9e7e372fe45e41d5;C:\Program Files\Java\jdk-13.0.2\bin\server;C:\Users\User\AppData\Local\Temp\flatlaf.temp

VM Arguments:
jvm_args: -Dfile.encoding=Cp1252 
java_command: Application.Home
java_class_path (initial): C:\Users\User\git\bakame\DriveOperations\target\classes;C:\Users\User\Desktop\Libraries\jgoodies-common-1.8.0.jar;C:\Users\User\Desktop\Libraries\jgoodies-forms-1.8.0.jar;C:\Users\User\Desktop\Libraries\miglayout15-swing.jar;C:\Users\User\Downloads\javax.mail.jar;C:\Users\User\Downloads\activation-1.1.1.jar;C:\Users\User\Downloads\jcalendar-1.4.jar;C:\Users\User\Downloads\jfreechart-1.0.19\lib\jcommon-1.0.23.jar;C:\Users\User\Downloads\jfreechart-1.0.19\lib\jfreechart-1.0.19.jar;C:\Users\User\Downloads\commons-net-3.8.0\commons-net-3.8.0.jar;C:\Users\User\Documents\Libs\comm-2.0.jar;C:\Users\User\Documents\Libs\http-2.2.1.jar;C:\Users\User\Downloads\JTattoo-1.6.13.jar;C:\Users\User\Desktop\Libs\jmespath-java-1.11.470.jar;C:\Users\User\Desktop\Libs\aws-java-sdk-core-1.12.65.jar;C:\Users\User\Desktop\Libs\aws-java-sdk-kms-1.12.65.jar;C:\Users\User\Desktop\Libs\aws-java-sdk-s3-1.12.65.jar;C:\Users\User\Desktop\Libs\commons-codec-1.15.jar;C:\Users\User\Desktop\Libs\commons-logging-1.1.3.jar;C:\Users\User\Desktop\Libs\httpclient-4.5.13.jar;C:\Users\User\Desktop\Libs\ion-java-1.0.2.jar;C:\Users\User\Desktop\Libs\jackson-annotations-2.12.3.jar;C:\Users\User\Desktop\Libs\jackson-core-2.12.3.jar;C:\Users\User\Desktop\Libs\jackson-databind-2.12.3.jar;C:\Users\User\Desktop\Libs\jackson-dataformat-cbor-2.12.3.jar;C:\Users\User\Desktop\Libs\jmespath-java-1.12.65.jar;C:\Users\User\Desktop\Libs\joda-time-2.8.1.jar;C:\Users\User\Desktop\Libs\mysql-connector-java-5.1.45.jar;C:\Users\User\.m2\repository\com\amazonaws\aws-java-sdk-s3\1.12.65\aws-java-sdk-s3-1.12.65.jar;C:\Users\User\.m2\repository\com\amazonaws\aws-java-sdk-kms\1.12.65\aws-java-sdk-kms-1.12.65.jar;C:\Users\User\.m2\repository\com\amazonaws\aws-java-sdk-core\1.12.65\aws-java-sdk-core-1.12.65.jar;C:\Users\User\.m2\repository\commons-logging\commons-logging\1.1.3\commons-logging-1.1.3.jar;C:\Users\User\.m2\repository\commons-codec\commons-codec\1.15\commons-codec-1.15.jar;C:\Users\User\.m2\re
Launcher Type: SUN_STANDARD

[Global flags]
     intx CICompilerCount                          = 3                                         {product} {ergonomic}
     uint ConcGCThreads                            = 1                                         {product} {ergonomic}
     uint G1ConcRefinementThreads                  = 4                                         {product} {ergonomic}
   size_t G1HeapRegionSize                         = 1048576                                   {product} {ergonomic}
    uintx GCDrainStackTargetSize                   = 64                                        {product} {ergonomic}
   size_t InitialHeapSize                          = 67108864                                  {product} {ergonomic}
   size_t MarkStackSize                            = 4194304                                   {product} {ergonomic}
   size_t MaxHeapSize                              = 1050673152                                {product} {ergonomic}
   size_t MaxNewSize                               = 630194176                                 {product} {ergonomic}
   size_t MinHeapDeltaBytes                        = 1048576                                   {product} {ergonomic}
   size_t MinHeapSize                              = 8388608                                   {product} {ergonomic}
    uintx NonNMethodCodeHeapSize                   = 5832780                                {pd product} {ergonomic}
    uintx NonProfiledCodeHeapSize                  = 122912730                              {pd product} {ergonomic}
    uintx ProfiledCodeHeapSize                     = 122912730                              {pd product} {ergonomic}
    uintx ReservedCodeCacheSize                    = 251658240                              {pd product} {ergonomic}
     bool SegmentedCodeCache                       = true                                      {product} {ergonomic}
   size_t SoftMaxHeapSize                          = 1050673152                             {manageable} {ergonomic}
     bool UseCompressedClassPointers               = true                                 {lp64_product} {ergonomic}
     bool UseCompressedOops                        = true                                 {lp64_product} {ergonomic}
     bool UseG1GC                                  = true                                      {product} {ergonomic}
     bool UseLargePagesIndividualAllocation        = false                                  {pd product} {ergonomic}

Logging:
Log output configuration:
 #0: stdout all=warning uptime,level,tags
 #1: stderr all=off uptime,level,tags

Environment Variables:
JAVA_HOME=C:\Program Files (x86)\Java\jre1.8.0_241
PATH=C:\Program Files\Java\jdk-13.0.2\bin;C:\Program Files (x86)\Common Files\Oracle\Java\javapath;C:\Windows\system32;C:\Windows;C:\Windows\System32\Wbem;C:\Windows\System32\WindowsPowerShell\v1.0\;C:\Windows\System32\OpenSSH\;C:\Program Files (x86)\apache-maven-3.8.1\bin;C:\Program Files (x86)\gradle-7.1.1\bin;C:\Users\User\Documents\Setup logiciels\mongosh-1.1.2-win32-x64\bin;C:\Program Files\Git\cmd;C:\Program Files\MySQL\MySQL Shell 8.0\bin\;C:\Users\User\AppData\Local\Microsoft\WindowsApps;C:\Users\User\AppData\Local\Programs\Microsoft VS Code\bin;C:\Program Files (x86)\gradle-7.1.1\bin;C:\Users\User\Downloads\platform-tools;C:\Users\User\Documents\Setup logiciels\mongosh-1.1.2-win32-x64\bin;C:\Users\User\AppData\Local\GitHubDesktop\bin;C:\Program Files\JetBrains\IntelliJ IDEA 2022.1.1\bin;
USERNAME=User
OS=Windows_NT
PROCESSOR_IDENTIFIER=Intel64 Family 6 Model 42 Stepping 7, GenuineIntel



---------------  S Y S T E M  ---------------

OS: Windows 10 , 64 bit Build 18362 (10.0.18362.1500)

CPU:total 4 (initial active 4) (2 cores per cpu, 2 threads per core) family 6 model 42 stepping 7, cmov, cx8, fxsr, mmx, sse, sse2, sse3, ssse3, sse4.1, sse4.2, popcnt, avx, aes, clmul, ht, tsc, tscinvbit

Memory: 4k page, system-wide physical 4006M (882M free)
TotalPageFile size 16293M (AvailPageFile size 115M)
current process WorkingSet (physical memory assigned to process): 363M, peak: 363M
current process commit charge ("private bytes"): 453M, peak: 565M

vm_info: Java HotSpot(TM) 64-Bit Server VM (13.0.2+8) for windows-amd64 JRE (13.0.2+8), built on Dec 11 2019 09:20:33 by "mach5one" with unknown MS VC++:1916

END.
