#
# There is insufficient memory for the Java Runtime Environment to continue.
# Native memory allocation (mmap) failed to map 117440512 bytes for Failed to commit area from 0x00000000c5600000 to 0x00000000cc600000 of length 117440512.
# Possible reasons:
#   The system is out of physical RAM or swap space
#   The process is running with CompressedOops enabled, and the Java Heap may be blocking the growth of the native heap
# Possible solutions:
#   Reduce memory load on the system
#   Increase physical memory or swap space
#   Check if swap backing store is full
#   Decrease Java heap size (-Xmx/-Xms)
#   Decrease number of Java threads
#   Decrease Java thread stack sizes (-Xss)
#   Set larger code cache with -XX:ReservedCodeCacheSize=
#   JVM is running with Unscaled Compressed Oops mode in which the Java heap is
#     placed in the first 4GB address space. The Java Heap base address is the
#     maximum limit for the native heap growth. Please use -XX:HeapBaseMinAddress
#     to set the Java Heap base and to place the Java Heap above 4GB virtual address.
# This output file may be truncated or incomplete.
#
#  Out of Memory Error (t:/workspace/open/src/hotspot/os/windows/os_windows.cpp:3301), pid=8384, tid=6868
#
# JRE version: Java(TM) SE Runtime Environment (13.0.2+8) (build 13.0.2+8)
# Java VM: Java HotSpot(TM) 64-Bit Server VM (13.0.2+8, mixed mode, sharing, tiered, compressed oops, g1 gc, windows-amd64)
# No core dump will be written. Minidumps are not enabled by default on client versions of Windows
#

---------------  S U M M A R Y ------------

Command Line: -Dfile.encoding=Cp1252 Application.Home

Host: Intel(R) Core(TM) i5-2520M CPU @ 2.50GHz, 4 cores, 3G,  Windows 10 , 64 bit Build 18362 (10.0.18362.1316)
Time: Tue Mar 19 10:47:34 2019 South Africa Standard Time elapsed time: 1 seconds (0d 0h 0m 1s)

---------------  T H R E A D  ---------------

Current thread (0x0000012ffa19e800):  JavaThread "Image Fetcher 1" daemon [_thread_in_vm, id=6868, stack(0x000000078d400000,0x000000078d500000)]

Stack: [0x000000078d400000,0x000000078d500000]
Native frames: (J=compiled Java code, j=interpreted, Vv=VM code, C=native code)
V  [jvm.dll+0x624f9a]
V  [jvm.dll+0x770cfa]
V  [jvm.dll+0x7724af]
V  [jvm.dll+0x772ab3]
V  [jvm.dll+0x24bf08]
V  [jvm.dll+0x6222aa]
V  [jvm.dll+0x6170b5]
V  [jvm.dll+0x30a88c]
V  [jvm.dll+0x30a6c2]
V  [jvm.dll+0x30fe36]
V  [jvm.dll+0x353f46]
V  [jvm.dll+0x353720]
V  [jvm.dll+0x2e5d5e]
V  [jvm.dll+0x2e16ff]
V  [jvm.dll+0x5be8b5]
V  [jvm.dll+0x5be33b]
V  [jvm.dll+0x1f48d5]
V  [jvm.dll+0x74b3a7]
V  [jvm.dll+0x3783ea]
C  0x0000012f8001fd37

Java frames: (J=compiled Java code, j=interpreted, Vv=VM code)
j  java.awt.image.DataBufferInt.<init>(I)V+11 java.desktop@13.0.2
j  java.awt.image.Raster.createPackedRaster(III[ILjava/awt/Point;)Ljava/awt/image/WritableRaster;+69 java.desktop@13.0.2
j  java.awt.image.DirectColorModel.createCompatibleWritableRaster(II)Ljava/awt/image/WritableRaster;+83 java.desktop@13.0.2
j  sun.awt.image.ImageRepresentation.createBufferedImage()V+18 java.desktop@13.0.2
J 1357 c1 sun.awt.image.ImageRepresentation.setPixels(IIIILjava/awt/image/ColorModel;[III)V java.desktop@13.0.2 (527 bytes) @ 0x0000012f80821d6c [0x0000012f808219e0+0x000000000000038c]
j  sun.awt.image.ImageDecoder.setPixels(IIIILjava/awt/image/ColorModel;[III)I+44 java.desktop@13.0.2
J 925 c1 sun.awt.image.PNGImageDecoder.sendPixels(IIII[III)Z java.desktop@13.0.2 (44 bytes) @ 0x0000012f80736c84 [0x0000012f80736b40+0x0000000000000144]
j  sun.awt.image.PNGImageDecoder.produceImage()V+1728 java.desktop@13.0.2
j  sun.awt.image.InputStreamImageSource.doFetch()V+51 java.desktop@13.0.2
j  sun.awt.image.ImageFetcher.fetchloop()V+31 java.desktop@13.0.2
j  sun.awt.image.ImageFetcher.run()V+5 java.desktop@13.0.2
v  ~StubRoutines::call_stub

---------------  P R O C E S S  ---------------

Threads class SMR info:
_java_thread_list=0x0000012ff9d7d670, length=18, elements={
0x0000012ff92e9800, 0x0000012ff92ed000, 0x0000012ff9309800, 0x0000012ff930b800,
0x0000012ff930d800, 0x0000012ff931c000, 0x0000012ff9328000, 0x0000012ff9d72800,
0x0000012ff9d62800, 0x0000012ffa0c4800, 0x0000012ffa0c7000, 0x0000012ffa0e5800,
0x0000012ffa0db800, 0x0000012fec300000, 0x0000012ffa183800, 0x0000012ffa1b3000,
0x0000012ffa197800, 0x0000012ffa19e800
}

Java Threads: ( => current thread )
  0x0000012ff92e9800 JavaThread "Reference Handler" daemon [_thread_blocked, id=8500, stack(0x000000078bf00000,0x000000078c000000)]
  0x0000012ff92ed000 JavaThread "Finalizer" daemon [_thread_blocked, id=11640, stack(0x000000078c000000,0x000000078c100000)]
  0x0000012ff9309800 JavaThread "Signal Dispatcher" daemon [_thread_blocked, id=2516, stack(0x000000078c100000,0x000000078c200000)]
  0x0000012ff930b800 JavaThread "Attach Listener" daemon [_thread_blocked, id=7692, stack(0x000000078c200000,0x000000078c300000)]
  0x0000012ff930d800 JavaThread "C2 CompilerThread0" daemon [_thread_blocked, id=5204, stack(0x000000078c300000,0x000000078c400000)]
  0x0000012ff931c000 JavaThread "C1 CompilerThread0" daemon [_thread_blocked, id=11628, stack(0x000000078c400000,0x000000078c500000)]
  0x0000012ff9328000 JavaThread "Sweeper thread" daemon [_thread_blocked, id=11068, stack(0x000000078c500000,0x000000078c600000)]
  0x0000012ff9d72800 JavaThread "Service Thread" daemon [_thread_blocked, id=11664, stack(0x000000078c600000,0x000000078c700000)]
  0x0000012ff9d62800 JavaThread "Common-Cleaner" daemon [_thread_blocked, id=12112, stack(0x000000078c800000,0x000000078c900000)]
  0x0000012ffa0c4800 JavaThread "Java2D Disposer" daemon [_thread_blocked, id=11620, stack(0x000000078c900000,0x000000078ca00000)]
  0x0000012ffa0c7000 JavaThread "AWT-Shutdown" [_thread_blocked, id=10900, stack(0x000000078ca00000,0x000000078cb00000)]
  0x0000012ffa0e5800 JavaThread "AWT-Windows" daemon [_thread_in_native, id=9940, stack(0x000000078cb00000,0x000000078cc00000)]
  0x0000012ffa0db800 JavaThread "AWT-EventQueue-0" [_thread_blocked, id=11452, stack(0x000000078cc00000,0x000000078cd00000)]
  0x0000012fec300000 JavaThread "DestroyJavaVM" [_thread_blocked, id=6840, stack(0x000000078b800000,0x000000078b900000)]
  0x0000012ffa183800 JavaThread "Image Fetcher 0" daemon [_thread_blocked, id=3932, stack(0x000000078cd00000,0x000000078ce00000)]
  0x0000012ffa1b3000 JavaThread "C2 CompilerThread1" daemon [_thread_blocked, id=1580, stack(0x000000078ce00000,0x000000078cf00000)]
  0x0000012ffa197800 JavaThread "TimerQueue" daemon [_thread_blocked, id=10840, stack(0x000000078d300000,0x000000078d400000)]
=>0x0000012ffa19e800 JavaThread "Image Fetcher 1" daemon [_thread_in_vm, id=6868, stack(0x000000078d400000,0x000000078d500000)]

Other Threads:
  0x0000012ff92e6000 VMThread "VM Thread" [stack: 0x000000078be00000,0x000000078bf00000] [id=8856]
  0x0000012ff9d75000 WatcherThread [stack: 0x000000078c700000,0x000000078c800000] [id=2700]
  0x0000012fec330000 GCTaskThread "GC Thread#0" [stack: 0x000000078b900000,0x000000078ba00000] [id=11980]
  0x0000012ffa267000 GCTaskThread "GC Thread#1" [stack: 0x000000078cf00000,0x000000078d000000] [id=11872]
  0x0000012ffa265000 GCTaskThread "GC Thread#2" [stack: 0x000000078d000000,0x000000078d100000] [id=9792]
  0x0000012ffa26a000 GCTaskThread "GC Thread#3" [stack: 0x000000078d100000,0x000000078d200000] [id=3108]
  0x0000012fec33a000 ConcurrentGCThread "G1 Main Marker" [stack: 0x000000078ba00000,0x000000078bb00000] [id=11376]
  0x0000012fec33d000 ConcurrentGCThread "G1 Conc#0" [stack: 0x000000078bb00000,0x000000078bc00000] [id=10760]
  0x0000012fec38f800 ConcurrentGCThread "G1 Refine#0" [stack: 0x000000078bc00000,0x000000078bd00000] [id=11972]
  0x0000012ff9e62000 ConcurrentGCThread "G1 Refine#1" [stack: 0x000000078d200000,0x000000078d300000] [id=6328]
  0x0000012fec391800 ConcurrentGCThread "G1 Young RemSet Sampling" [stack: 0x000000078bd00000,0x000000078be00000] [id=11480]

Threads with active compile tasks:

VM state:not at safepoint (normal execution)

VM Mutex/Monitor currently owned by a thread:  ([mutex/lock_event])
[0x0000012fec2fb5a0] Heap_lock - owner thread: 0x0000012ffa19e800

Heap address: 0x00000000c1600000, size: 1002 MB, Compressed Oops mode: 32-bit
Narrow klass base: 0x0000000800000000, Narrow klass shift: 3
Compressed class space size: 1073741824 Address: 0x0000000800b40000

Heap:
 garbage-first heap   total 180224K, used 5170K [0x00000000c1600000, 0x0000000100000000)
  region size 1024K, 2 young (2048K), 2 survivors (2048K)
 Metaspace       used 11763K, capacity 12073K, committed 12288K, reserved 1060864K
  class space    used 1301K, capacity 1414K, committed 1536K, reserved 1048576K
Heap Regions: E=young(eden), S=young(survivor), O=old, HS=humongous(starts), HC=humongous(continues), CS=collection set, F=free, A=archive, TAMS=top-at-mark-start (previous, next)
|   0|0x00000000c1600000, 0x00000000c1700000, 0x00000000c1700000|100%| O|  |TAMS 0x00000000c1600000, 0x00000000c1700000| Untracked 
|   1|0x00000000c1700000, 0x00000000c1800000, 0x00000000c1800000|100%| O|  |TAMS 0x00000000c1700000, 0x00000000c1800000| Untracked 
|   2|0x00000000c1800000, 0x00000000c1900000, 0x00000000c1900000|100%| O|  |TAMS 0x00000000c1800000, 0x00000000c1900000| Untracked 
|   3|0x00000000c1900000, 0x00000000c1922c00, 0x00000000c1a00000| 13%| O|  |TAMS 0x00000000c1900000, 0x00000000c1922c00| Untracked 
|   4|0x00000000c1a00000, 0x00000000c1a00000, 0x00000000c1b00000|  0%| F|  |TAMS 0x00000000c1a00000, 0x00000000c1a00000| Untracked 
|   5|0x00000000c1b00000, 0x00000000c1b00000, 0x00000000c1c00000|  0%| F|  |TAMS 0x00000000c1b00000, 0x00000000c1b00000| Untracked 
|   6|0x00000000c1c00000, 0x00000000c1c00000, 0x00000000c1d00000|  0%| F|  |TAMS 0x00000000c1c00000, 0x00000000c1c00000| Untracked 
|   7|0x00000000c1d00000, 0x00000000c1d00000, 0x00000000c1e00000|  0%| F|  |TAMS 0x00000000c1d00000, 0x00000000c1d00000| Untracked 
|   8|0x00000000c1e00000, 0x00000000c1e00000, 0x00000000c1f00000|  0%| F|  |TAMS 0x00000000c1e00000, 0x00000000c1e00000| Untracked 
|   9|0x00000000c1f00000, 0x00000000c1f00000, 0x00000000c2000000|  0%| F|  |TAMS 0x00000000c1f00000, 0x00000000c1f00000| Untracked 
|  10|0x00000000c2000000, 0x00000000c2000000, 0x00000000c2100000|  0%| F|  |TAMS 0x00000000c2000000, 0x00000000c2000000| Untracked 
|  11|0x00000000c2100000, 0x00000000c2100000, 0x00000000c2200000|  0%| F|  |TAMS 0x00000000c2100000, 0x00000000c2100000| Untracked 
|  12|0x00000000c2200000, 0x00000000c2200000, 0x00000000c2300000|  0%| F|  |TAMS 0x00000000c2200000, 0x00000000c2200000| Untracked 
|  13|0x00000000c2300000, 0x00000000c2300000, 0x00000000c2400000|  0%| F|  |TAMS 0x00000000c2300000, 0x00000000c2300000| Untracked 
|  14|0x00000000c2400000, 0x00000000c2400000, 0x00000000c2500000|  0%| F|  |TAMS 0x00000000c2400000, 0x00000000c2400000| Untracked 
|  15|0x00000000c2500000, 0x00000000c2500000, 0x00000000c2600000|  0%| F|  |TAMS 0x00000000c2500000, 0x00000000c2500000| Untracked 
|  16|0x00000000c2600000, 0x00000000c2600000, 0x00000000c2700000|  0%| F|  |TAMS 0x00000000c2600000, 0x00000000c2600000| Untracked 
|  17|0x00000000c2700000, 0x00000000c2700000, 0x00000000c2800000|  0%| F|  |TAMS 0x00000000c2700000, 0x00000000c2700000| Untracked 
|  18|0x00000000c2800000, 0x00000000c2800000, 0x00000000c2900000|  0%| F|  |TAMS 0x00000000c2800000, 0x00000000c2800000| Untracked 
|  19|0x00000000c2900000, 0x00000000c2900000, 0x00000000c2a00000|  0%| F|  |TAMS 0x00000000c2900000, 0x00000000c2900000| Untracked 
|  20|0x00000000c2a00000, 0x00000000c2a00000, 0x00000000c2b00000|  0%| F|  |TAMS 0x00000000c2a00000, 0x00000000c2a00000| Untracked 
|  21|0x00000000c2b00000, 0x00000000c2b00000, 0x00000000c2c00000|  0%| F|  |TAMS 0x00000000c2b00000, 0x00000000c2b00000| Untracked 
|  22|0x00000000c2c00000, 0x00000000c2c00000, 0x00000000c2d00000|  0%| F|  |TAMS 0x00000000c2c00000, 0x00000000c2c00000| Untracked 
|  23|0x00000000c2d00000, 0x00000000c2d00000, 0x00000000c2e00000|  0%| F|  |TAMS 0x00000000c2d00000, 0x00000000c2d00000| Untracked 
|  24|0x00000000c2e00000, 0x00000000c2e00000, 0x00000000c2f00000|  0%| F|  |TAMS 0x00000000c2e00000, 0x00000000c2e00000| Untracked 
|  25|0x00000000c2f00000, 0x00000000c2f00000, 0x00000000c3000000|  0%| F|  |TAMS 0x00000000c2f00000, 0x00000000c2f00000| Untracked 
|  26|0x00000000c3000000, 0x00000000c3000000, 0x00000000c3100000|  0%| F|  |TAMS 0x00000000c3000000, 0x00000000c3000000| Untracked 
|  27|0x00000000c3100000, 0x00000000c3100000, 0x00000000c3200000|  0%| F|  |TAMS 0x00000000c3100000, 0x00000000c3100000| Untracked 
|  28|0x00000000c3200000, 0x00000000c3200000, 0x00000000c3300000|  0%| F|  |TAMS 0x00000000c3200000, 0x00000000c3200000| Untracked 
|  29|0x00000000c3300000, 0x00000000c3300000, 0x00000000c3400000|  0%| F|  |TAMS 0x00000000c3300000, 0x00000000c3300000| Untracked 
|  30|0x00000000c3400000, 0x00000000c3400000, 0x00000000c3500000|  0%| F|  |TAMS 0x00000000c3400000, 0x00000000c3400000| Untracked 
|  31|0x00000000c3500000, 0x00000000c3500000, 0x00000000c3600000|  0%| F|  |TAMS 0x00000000c3500000, 0x00000000c3500000| Untracked 
|  32|0x00000000c3600000, 0x00000000c3600000, 0x00000000c3700000|  0%| F|  |TAMS 0x00000000c3600000, 0x00000000c3600000| Untracked 
|  33|0x00000000c3700000, 0x00000000c3700000, 0x00000000c3800000|  0%| F|  |TAMS 0x00000000c3700000, 0x00000000c3700000| Untracked 
|  34|0x00000000c3800000, 0x00000000c3800000, 0x00000000c3900000|  0%| F|  |TAMS 0x00000000c3800000, 0x00000000c3800000| Untracked 
|  35|0x00000000c3900000, 0x00000000c3900000, 0x00000000c3a00000|  0%| F|  |TAMS 0x00000000c3900000, 0x00000000c3900000| Untracked 
|  36|0x00000000c3a00000, 0x00000000c3a00000, 0x00000000c3b00000|  0%| F|  |TAMS 0x00000000c3a00000, 0x00000000c3a00000| Untracked 
|  37|0x00000000c3b00000, 0x00000000c3b00000, 0x00000000c3c00000|  0%| F|  |TAMS 0x00000000c3b00000, 0x00000000c3b00000| Untracked 
|  38|0x00000000c3c00000, 0x00000000c3c00000, 0x00000000c3d00000|  0%| F|  |TAMS 0x00000000c3c00000, 0x00000000c3c00000| Untracked 
|  39|0x00000000c3d00000, 0x00000000c3de9c48, 0x00000000c3e00000| 91%| S|CS|TAMS 0x00000000c3d00000, 0x00000000c3d00000| Complete 
|  40|0x00000000c3e00000, 0x00000000c3f00000, 0x00000000c3f00000|100%| S|CS|TAMS 0x00000000c3e00000, 0x00000000c3e00000| Complete 
|  41|0x00000000c3f00000, 0x00000000c3f00000, 0x00000000c4000000|  0%| F|  |TAMS 0x00000000c3f00000, 0x00000000c3f00000| Untracked 
|  42|0x00000000c4000000, 0x00000000c4000000, 0x00000000c4100000|  0%| F|  |TAMS 0x00000000c4000000, 0x00000000c4000000| Untracked 
|  43|0x00000000c4100000, 0x00000000c4100000, 0x00000000c4200000|  0%| F|  |TAMS 0x00000000c4100000, 0x00000000c4100000| Untracked 
|  44|0x00000000c4200000, 0x00000000c4200000, 0x00000000c4300000|  0%| F|  |TAMS 0x00000000c4200000, 0x00000000c4200000| Untracked 
|  45|0x00000000c4300000, 0x00000000c4300000, 0x00000000c4400000|  0%| F|  |TAMS 0x00000000c4300000, 0x00000000c4300000| Untracked 
|  46|0x00000000c4400000, 0x00000000c4400000, 0x00000000c4500000|  0%| F|  |TAMS 0x00000000c4400000, 0x00000000c4400000| Untracked 
|  47|0x00000000c4500000, 0x00000000c4500000, 0x00000000c4600000|  0%| F|  |TAMS 0x00000000c4500000, 0x00000000c4500000| Untracked 
|  48|0x00000000c4600000, 0x00000000c4600000, 0x00000000c4700000|  0%| F|  |TAMS 0x00000000c4600000, 0x00000000c4600000| Untracked 
|  49|0x00000000c4700000, 0x00000000c4700000, 0x00000000c4800000|  0%| F|  |TAMS 0x00000000c4700000, 0x00000000c4700000| Untracked 
|  50|0x00000000c4800000, 0x00000000c4800000, 0x00000000c4900000|  0%| F|  |TAMS 0x00000000c4800000, 0x00000000c4800000| Untracked 
|  51|0x00000000c4900000, 0x00000000c4900000, 0x00000000c4a00000|  0%| F|  |TAMS 0x00000000c4900000, 0x00000000c4900000| Untracked 
|  52|0x00000000c4a00000, 0x00000000c4a00000, 0x00000000c4b00000|  0%| F|  |TAMS 0x00000000c4a00000, 0x00000000c4a00000| Untracked 
|  53|0x00000000c4b00000, 0x00000000c4b00000, 0x00000000c4c00000|  0%| F|  |TAMS 0x00000000c4b00000, 0x00000000c4b00000| Untracked 
|  54|0x00000000c4c00000, 0x00000000c4c00000, 0x00000000c4d00000|  0%| F|  |TAMS 0x00000000c4c00000, 0x00000000c4c00000| Untracked 
|  55|0x00000000c4d00000, 0x00000000c4d00000, 0x00000000c4e00000|  0%| F|  |TAMS 0x00000000c4d00000, 0x00000000c4d00000| Untracked 
|  56|0x00000000c4e00000, 0x00000000c4e00000, 0x00000000c4f00000|  0%| F|  |TAMS 0x00000000c4e00000, 0x00000000c4e00000| Untracked 
|  57|0x00000000c4f00000, 0x00000000c4f00000, 0x00000000c5000000|  0%| F|  |TAMS 0x00000000c4f00000, 0x00000000c4f00000| Untracked 
|  58|0x00000000c5000000, 0x00000000c5000000, 0x00000000c5100000|  0%| F|  |TAMS 0x00000000c5000000, 0x00000000c5000000| Untracked 
|  59|0x00000000c5100000, 0x00000000c5100000, 0x00000000c5200000|  0%| F|  |TAMS 0x00000000c5100000, 0x00000000c5100000| Untracked 
|  60|0x00000000c5200000, 0x00000000c5200000, 0x00000000c5300000|  0%| F|  |TAMS 0x00000000c5200000, 0x00000000c5200000| Untracked 
|  61|0x00000000c5300000, 0x00000000c5300000, 0x00000000c5400000|  0%| F|  |TAMS 0x00000000c5300000, 0x00000000c5300000| Untracked 
|  62|0x00000000c5400000, 0x00000000c5400000, 0x00000000c5500000|  0%| F|  |TAMS 0x00000000c5400000, 0x00000000c5400000| Untracked 
|  63|0x00000000c5500000, 0x00000000c5500000, 0x00000000c5600000|  0%| F|  |TAMS 0x00000000c5500000, 0x00000000c5500000| Untracked 

Card table byte_map: [0x0000012ff4a00000,0x0000012ff4c00000] _byte_map_base: 0x0000012ff43f5000

Marking Bits (Prev, Next): (CMBitMap*) 0x0000012fec330ee8, (CMBitMap*) 0x0000012fec330f28
 Prev Bits: [0x0000012ff4e00000, 0x0000012ff5da8000)
 Next Bits: [0x0000012ff5db0000, 0x0000012ff6d58000)

Polling page: 0x0000012fea140000

Metaspace:

Usage:
  Non-class:     10.41 MB capacity,    10.22 MB ( 98%) used,   170.41 KB (  2%) free+waste,    26.44 KB ( <1%) overhead. 
      Class:      1.38 MB capacity,     1.27 MB ( 92%) used,    97.55 KB (  7%) free+waste,    15.44 KB (  1%) overhead. 
       Both:     11.79 MB capacity,    11.49 MB ( 97%) used,   267.97 KB (  2%) free+waste,    41.88 KB ( <1%) overhead. 

Virtual space:
  Non-class space:       12.00 MB reserved,      10.50 MB ( 88%) committed 
      Class space:        1.00 GB reserved,       1.50 MB ( <1%) committed 
             Both:        1.01 GB reserved,      12.00 MB (  1%) committed 

Chunk freelists:
   Non-Class:  29.00 KB
       Class:  0 bytes
        Both:  29.00 KB

MaxMetaspaceSize: 17179869184.00 GB
CompressedClassSpaceSize: 1.00 GB

CodeHeap 'non-profiled nmethods': size=120000Kb used=702Kb max_used=702Kb free=119297Kb
 bounds [0x0000012f87ad0000, 0x0000012f87d40000, 0x0000012f8f000000]
CodeHeap 'profiled nmethods': size=120000Kb used=4516Kb max_used=4516Kb free=115483Kb
 bounds [0x0000012f805a0000, 0x0000012f80a10000, 0x0000012f87ad0000]
CodeHeap 'non-nmethods': size=5760Kb used=1331Kb max_used=1345Kb free=4428Kb
 bounds [0x0000012f80000000, 0x0000012f80270000, 0x0000012f805a0000]
 total_blobs=3371 nmethods=2109 adapters=530
 compilation: enabled
              stopped_count=0, restarted_count=0
 full_count=0

Compilation events (20 events):
Event: 1.653 Thread 0x0000012ff931c000 2098       3       jdk.internal.org.objectweb.asm.MethodWriter::visitEnd (1 bytes)
Event: 1.653 Thread 0x0000012ff931c000 nmethod 2098 0x0000012f80a00590 code [0x0000012f80a00720, 0x0000012f80a00898]
Event: 1.653 Thread 0x0000012ff931c000 2099       3       jdk.internal.org.objectweb.asm.MethodWriter::hasFrames (13 bytes)
Event: 1.654 Thread 0x0000012ff931c000 nmethod 2099 0x0000012f80a00910 code [0x0000012f80a00ac0, 0x0000012f80a00c98]
Event: 1.654 Thread 0x0000012ff931c000 2100       3       jdk.internal.org.objectweb.asm.MethodWriter::putMethodInfo (1431 bytes)
Event: 1.659 Thread 0x0000012ff931c000 nmethod 2100 0x0000012f80a00d10 code [0x0000012f80a01500, 0x0000012f80a04270]
Event: 1.659 Thread 0x0000012ff931c000 2102       3       java.util.Arrays::fill (28 bytes)
Event: 1.659 Thread 0x0000012ff931c000 nmethod 2102 0x0000012f80a05790 code [0x0000012f80a05960, 0x0000012f80a05d70]
Event: 1.659 Thread 0x0000012ff931c000 2101       3       jdk.internal.org.objectweb.asm.Handler::putExceptionTable (63 bytes)
Event: 1.660 Thread 0x0000012ff931c000 nmethod 2101 0x0000012f80a05f10 code [0x0000012f80a06120, 0x0000012f80a065f0]
Event: 1.660 Thread 0x0000012ff931c000 2103       3       jdk.internal.org.objectweb.asm.MethodWriter::<init> (232 bytes)
Event: 1.661 Thread 0x0000012ff931c000 nmethod 2103 0x0000012f80a06890 code [0x0000012f80a06b20, 0x0000012f80a07940]
Event: 1.661 Thread 0x0000012ff931c000 2104       3       java.lang.invoke.LambdaFormBuffer::changeName (149 bytes)
Event: 1.662 Thread 0x0000012ff931c000 nmethod 2104 0x0000012f80a07e10 code [0x0000012f80a08000, 0x0000012f80a085d0]
Event: 1.662 Thread 0x0000012ff931c000 2107 %     3       sun.awt.image.PNGImageDecoder::update_crc @ 3 (41 bytes)
Event: 1.662 Thread 0x0000012ff931c000 nmethod 2107% 0x0000012f80a08790 code [0x0000012f80a08940, 0x0000012f80a08bf8]
Event: 1.662 Thread 0x0000012ff931c000 2108       3       sun.awt.image.PNGImageDecoder::update_crc (41 bytes)
Event: 1.662 Thread 0x0000012ff931c000 nmethod 2108 0x0000012f80a08d90 code [0x0000012f80a08f40, 0x0000012f80a09198]
Event: 1.663 Thread 0x0000012ffa1b3000 2109 %     4       sun.awt.image.PNGImageDecoder::update_crc @ 3 (41 bytes)
Event: 1.676 Thread 0x0000012ffa1b3000 nmethod 2109% 0x0000012f87b7f610 code [0x0000012f87b7f7a0, 0x0000012f87b7fa58]

GC Heap History (6 events):
Event: 0.620 GC heap before
{Heap before GC invocations=0 (full 0):
 garbage-first heap   total 65536K, used 14336K [0x00000000c1600000, 0x0000000100000000)
  region size 1024K, 14 young (14336K), 0 survivors (0K)
 Metaspace       used 6511K, capacity 6795K, committed 7040K, reserved 1056768K
  class space    used 709K, capacity 811K, committed 896K, reserved 1048576K
}
Event: 0.626 GC heap after
{Heap after GC invocations=1 (full 0):
 garbage-first heap   total 65536K, used 3288K [0x00000000c1600000, 0x0000000100000000)
  region size 1024K, 2 young (2048K), 2 survivors (2048K)
 Metaspace       used 6511K, capacity 6795K, committed 7040K, reserved 1056768K
  class space    used 709K, capacity 811K, committed 896K, reserved 1048576K
}
Event: 1.013 GC heap before
{Heap before GC invocations=1 (full 0):
 garbage-first heap   total 65536K, used 10456K [0x00000000c1600000, 0x0000000100000000)
  region size 1024K, 9 young (9216K), 2 survivors (2048K)
 Metaspace       used 9276K, capacity 9567K, committed 9728K, reserved 1058816K
  class space    used 1074K, capacity 1198K, committed 1280K, reserved 1048576K
}
Event: 1.017 GC heap after
{Heap after GC invocations=2 (full 0):
 garbage-first heap   total 65536K, used 4087K [0x00000000c1600000, 0x0000000100000000)
  region size 1024K, 1 young (1024K), 1 survivors (1024K)
 Metaspace       used 9276K, capacity 9567K, committed 9728K, reserved 1058816K
  class space    used 1074K, capacity 1198K, committed 1280K, reserved 1048576K
}
Event: 1.668 GC heap before
{Heap before GC invocations=2 (full 0):
 garbage-first heap   total 65536K, used 24567K [0x00000000c1600000, 0x0000000100000000)
  region size 1024K, 23 young (23552K), 1 survivors (1024K)
 Metaspace       used 11763K, capacity 12073K, committed 12288K, reserved 1060864K
  class space    used 1301K, capacity 1414K, committed 1536K, reserved 1048576K
}
Event: 1.676 GC heap after
{Heap after GC invocations=3 (full 0):
 garbage-first heap   total 65536K, used 5170K [0x00000000c1600000, 0x0000000100000000)
  region size 1024K, 2 young (2048K), 2 survivors (2048K)
 Metaspace       used 11763K, capacity 12073K, committed 12288K, reserved 1060864K
  class space    used 1301K, capacity 1414K, committed 1536K, reserved 1048576K
}

Deoptimization events (20 events):
Event: 1.665 Thread 0x0000012ffa19e800 DEOPT PACKING pc=0x0000012f80a08b1f sp=0x000000078d4ff180
Event: 1.665 Thread 0x0000012ffa19e800 DEOPT UNPACKING pc=0x0000012f8004964e sp=0x000000078d4fe650 mode 0
Event: 1.665 Thread 0x0000012ffa19e800 DEOPT PACKING pc=0x0000012f80a08b1f sp=0x000000078d4ff180
Event: 1.665 Thread 0x0000012ffa19e800 DEOPT UNPACKING pc=0x0000012f8004964e sp=0x000000078d4fe650 mode 0
Event: 1.665 Thread 0x0000012ffa19e800 DEOPT PACKING pc=0x0000012f80a08b1f sp=0x000000078d4ff180
Event: 1.665 Thread 0x0000012ffa19e800 DEOPT UNPACKING pc=0x0000012f8004964e sp=0x000000078d4fe650 mode 0
Event: 1.665 Thread 0x0000012ffa19e800 DEOPT PACKING pc=0x0000012f80a08b1f sp=0x000000078d4ff180
Event: 1.665 Thread 0x0000012ffa19e800 DEOPT UNPACKING pc=0x0000012f8004964e sp=0x000000078d4fe650 mode 0
Event: 1.666 Thread 0x0000012ffa19e800 DEOPT PACKING pc=0x0000012f80a08b1f sp=0x000000078d4ff180
Event: 1.666 Thread 0x0000012ffa19e800 DEOPT UNPACKING pc=0x0000012f8004964e sp=0x000000078d4fe650 mode 0
Event: 1.666 Thread 0x0000012ffa19e800 DEOPT PACKING pc=0x0000012f80a08b1f sp=0x000000078d4ff180
Event: 1.666 Thread 0x0000012ffa19e800 DEOPT UNPACKING pc=0x0000012f8004964e sp=0x000000078d4fe650 mode 0
Event: 1.666 Thread 0x0000012ffa19e800 DEOPT PACKING pc=0x0000012f80a08b1f sp=0x000000078d4ff180
Event: 1.666 Thread 0x0000012ffa19e800 DEOPT UNPACKING pc=0x0000012f8004964e sp=0x000000078d4fe650 mode 0
Event: 1.666 Thread 0x0000012ffa19e800 DEOPT PACKING pc=0x0000012f80a08b1f sp=0x000000078d4ff180
Event: 1.666 Thread 0x0000012ffa19e800 DEOPT UNPACKING pc=0x0000012f8004964e sp=0x000000078d4fe650 mode 0
Event: 1.666 Thread 0x0000012ffa19e800 DEOPT PACKING pc=0x0000012f80a08b1f sp=0x000000078d4ff180
Event: 1.666 Thread 0x0000012ffa19e800 DEOPT UNPACKING pc=0x0000012f8004964e sp=0x000000078d4fe650 mode 0
Event: 1.666 Thread 0x0000012ffa19e800 DEOPT PACKING pc=0x0000012f80a08b1f sp=0x000000078d4ff180
Event: 1.666 Thread 0x0000012ffa19e800 DEOPT UNPACKING pc=0x0000012f8004964e sp=0x000000078d4fe650 mode 0

Classes unloaded (0 events):
No events

Classes redefined (0 events):
No events

Internal exceptions (14 events):
Event: 0.160 Thread 0x0000012fec300000 Exception <a 'java/lang/ClassNotFoundException'{0x00000000c54ab6d0}: sun/awt/resources/spi/awtProvider> (0x00000000c54ab6d0) 
thrown [t:/workspace/open/src/hotspot/share/classfile/systemDictionary.cpp, line 232]
Event: 0.201 Thread 0x0000012fec300000 Exception <a 'java/io/FileNotFoundException'{0x00000000c5302d78}> (0x00000000c5302d78) 
thrown [t:/workspace/open/src/hotspot/share/prims/jni.cpp, line 598]
Event: 0.211 Thread 0x0000012fec300000 Exception <a 'java/io/FileNotFoundException'{0x00000000c5329358}> (0x00000000c5329358) 
thrown [t:/workspace/open/src/hotspot/share/prims/jni.cpp, line 598]
Event: 0.277 Thread 0x0000012ffa0e5800 Exception <a 'java/lang/NoSuchMethodError'{0x00000000c5204bb0}: 'void java.lang.invoke.DirectMethodHandle$Holder.invokeSpecial(java.lang.Object, java.lang.Object)'> (0x00000000c5204bb0) 
thrown [t:/workspace/open/src/hotspot/share/interpreter/linkResolver.cpp, line 767]
Event: 0.333 Thread 0x0000012ffa0db800 Exception <a 'java/lang/NoSuchMethodError'{0x00000000c52faf08}: 'java.lang.Object java.lang.invoke.DirectMethodHandle$Holder.invokeStatic(java.lang.Object, int, java.lang.Object, java.lang.Object, java.lang.Object, java.lang.Object)'> (0x00000000c52faf08) 
thrown [t:/workspace/open/src/hotspot/share/interpreter/linkResolver.cpp, line 767]
Event: 0.334 Thread 0x0000012ffa0db800 Exception <a 'java/lang/NoSuchMethodError'{0x00000000c5101d20}: 'java.lang.Object java.lang.invoke.DirectMethodHandle$Holder.invokeStatic(java.lang.Object, int, java.lang.Object, java.lang.Object, java.lang.Object)'> (0x00000000c5101d20) 
thrown [t:/workspace/open/src/hotspot/share/interpreter/linkResolver.cpp, line 767]
Event: 0.334 Thread 0x0000012ffa0db800 Exception <a 'java/lang/NoSuchMethodError'{0x00000000c5105588}: 'java.lang.Object java.lang.invoke.DirectMethodHandle$Holder.invokeSpecial(java.lang.Object, java.lang.Object, int, java.lang.Object, java.lang.Object, java.lang.Object)'> (0x00000000c5105588) 
thrown [t:/workspace/open/src/hotspot/share/interpreter/linkResolver.cpp, line 767]
Event: 0.337 Thread 0x0000012ffa0db800 Exception <a 'java/lang/NoSuchMethodError'{0x00000000c511b8b0}: 'java.lang.Object java.lang.invoke.DirectMethodHandle$Holder.invokeStatic(java.lang.Object, int, java.lang.Object)'> (0x00000000c511b8b0) 
thrown [t:/workspace/open/src/hotspot/share/interpreter/linkResolver.cpp, line 767]
Event: 0.363 Thread 0x0000012ffa0db800 Exception <a 'java/lang/ClassNotFoundException'{0x00000000c51bf080}: com/sun/swing/internal/plaf/metal/resources/spi/metalProvider> (0x00000000c51bf080) 
thrown [t:/workspace/open/src/hotspot/share/classfile/systemDictionary.cpp, line 232]
Event: 0.364 Thread 0x0000012ffa0db800 Exception <a 'java/lang/ClassNotFoundException'{0x00000000c51c3128}: com/sun/swing/internal/plaf/basic/resources/spi/basicProvider> (0x00000000c51c3128) 
thrown [t:/workspace/open/src/hotspot/share/classfile/systemDictionary.cpp, line 232]
Event: 0.401 Thread 0x0000012ffa0db800 Exception <a 'java/net/UnknownHostException'{0x00000000c51fa668}> (0x00000000c51fa668) 
thrown [t:/workspace/open/src/hotspot/share/prims/jni.cpp, line 598]
Event: 0.584 Thread 0x0000012ffa0db800 Exception <a 'java/lang/NoSuchMethodError'{0x00000000c4a67f40}: 'int java.lang.invoke.DirectMethodHandle$Holder.invokeSpecialIFC(java.lang.Object, java.lang.Object, int)'> (0x00000000c4a67f40) 
thrown [t:/workspace/open/src/hotspot/share/interpreter/linkResolver.cpp, line 767]
Event: 1.647 Thread 0x0000012ffa0db800 Exception <a 'java/lang/NoSuchMethodError'{0x00000000c4051958}: 'void java.lang.invoke.DirectMethodHandle$Holder.invokeStaticInit(java.lang.Object)'> (0x00000000c4051958) 
thrown [t:/workspace/open/src/hotspot/share/interpreter/linkResolver.cpp, line 767]
Event: 1.656 Thread 0x0000012ffa0db800 Exception <a 'java/lang/NoSuchMethodError'{0x00000000c40789d8}: 'java.lang.Object java.lang.invoke.Invokers$Holder.linkToTargetMethod(java.lang.Object, int, java.lang.Object)'> (0x00000000c40789d8) 
thrown [t:/workspace/open/src/hotspot/share/interpreter/linkResolver.cpp, line 767]

Events (20 events):
Event: 1.652 loading class sun/awt/windows/WingDings
Event: 1.652 loading class sun/awt/windows/WingDings done
Event: 1.652 loading class sun/awt/windows/WingDings$Encoder
Event: 1.652 loading class sun/awt/windows/WingDings$Encoder done
Event: 1.652 loading class sun/awt/Symbol
Event: 1.652 loading class sun/awt/Symbol done
Event: 1.652 loading class sun/awt/Symbol$Encoder
Event: 1.652 loading class sun/awt/Symbol$Encoder done
Event: 1.653 Executing VM operation: RevokeBias
Event: 1.653 Executing VM operation: RevokeBias done
Event: 1.656 Executing VM operation: RevokeBias
Event: 1.656 Executing VM operation: RevokeBias done
Event: 1.656 Executing VM operation: RevokeBias
Event: 1.656 Executing VM operation: RevokeBias done
Event: 1.657 Executing VM operation: RevokeBias
Event: 1.657 Executing VM operation: RevokeBias done
Event: 1.667 Executing VM operation: RevokeBias
Event: 1.667 Executing VM operation: RevokeBias done
Event: 1.668 Executing VM operation: G1CollectForAllocation
Event: 1.676 Executing VM operation: G1CollectForAllocation done


Dynamic libraries:
0x00007ff6f2140000 - 0x00007ff6f214f000 	C:\Program Files\Java\jdk-13.0.2\bin\javaw.exe
0x00007ffbbcce0000 - 0x00007ffbbced0000 	C:\Windows\SYSTEM32\ntdll.dll
0x00007ffbbba00000 - 0x00007ffbbbab2000 	C:\Windows\System32\KERNEL32.DLL
0x00007ffbba1f0000 - 0x00007ffbba495000 	C:\Windows\System32\KERNELBASE.dll
0x00007ffbb9c90000 - 0x00007ffbb9d8a000 	C:\Windows\System32\ucrtbase.dll
0x00007ffba3cc0000 - 0x00007ffba3cd8000 	C:\Program Files\Java\jdk-13.0.2\bin\jli.dll
0x00007ffbbc450000 - 0x00007ffbbc4f3000 	C:\Windows\System32\ADVAPI32.dll
0x00007ffbbb6c0000 - 0x00007ffbbb75e000 	C:\Windows\System32\msvcrt.dll
0x00007ffbbbb60000 - 0x00007ffbbbbf7000 	C:\Windows\System32\sechost.dll
0x00007ffba8870000 - 0x00007ffba8885000 	C:\Program Files\Java\jdk-13.0.2\bin\VCRUNTIME140.dll
0x00007ffbbb3d0000 - 0x00007ffbbb4ef000 	C:\Windows\System32\RPCRT4.dll
0x00007ffbbc2b0000 - 0x00007ffbbc444000 	C:\Windows\System32\USER32.dll
0x00007ffbacbb0000 - 0x00007ffbace34000 	C:\Windows\WinSxS\amd64_microsoft.windows.common-controls_6595b64144ccf1df_6.0.18362.1316_none_9e7a364fe461dbd7\COMCTL32.dll
0x00007ffbb9fa0000 - 0x00007ffbb9fc1000 	C:\Windows\System32\win32u.dll
0x00007ffbbbc00000 - 0x00007ffbbbf37000 	C:\Windows\System32\combase.dll
0x00007ffbbbad0000 - 0x00007ffbbbaf6000 	C:\Windows\System32\GDI32.dll
0x00007ffbba4a0000 - 0x00007ffbba521000 	C:\Windows\System32\bcryptPrimitives.dll
0x00007ffbb9e00000 - 0x00007ffbb9f98000 	C:\Windows\System32\gdi32full.dll
0x00007ffbb9fd0000 - 0x00007ffbba06e000 	C:\Windows\System32\msvcp_win.dll
0x00007ffbb08d0000 - 0x00007ffbb08da000 	C:\Windows\SYSTEM32\VERSION.dll
0x00007ffbbad60000 - 0x00007ffbbad8e000 	C:\Windows\System32\IMM32.DLL
0x00007ffb982e0000 - 0x00007ffb9837b000 	C:\Program Files\Java\jdk-13.0.2\bin\msvcp140.dll
0x00007ffb8bb70000 - 0x00007ffb8c6cd000 	C:\Program Files\Java\jdk-13.0.2\bin\server\jvm.dll
0x00007ffbbb200000 - 0x00007ffbbb208000 	C:\Windows\System32\PSAPI.DLL
0x00007ffbb67f0000 - 0x00007ffbb6814000 	C:\Windows\SYSTEM32\WINMM.dll
0x00007ffbb0a30000 - 0x00007ffbb0a39000 	C:\Windows\SYSTEM32\WSOCK32.dll
0x00007ffbbc1c0000 - 0x00007ffbbc22f000 	C:\Windows\System32\WS2_32.dll
0x00007ffbb67c0000 - 0x00007ffbb67ed000 	C:\Windows\SYSTEM32\winmmbase.dll
0x00007ffbb9d90000 - 0x00007ffbb9dda000 	C:\Windows\System32\cfgmgr32.dll
0x00007ffbb9be0000 - 0x00007ffbb9bf1000 	C:\Windows\System32\kernel.appcore.dll
0x00007ffbb06d0000 - 0x00007ffbb06e0000 	C:\Program Files\Java\jdk-13.0.2\bin\verify.dll
0x00007ffbaa0f0000 - 0x00007ffbaa2e4000 	C:\Windows\SYSTEM32\DBGHELP.DLL
0x00007ffbaa090000 - 0x00007ffbaa0ba000 	C:\Windows\SYSTEM32\dbgcore.DLL
0x00007ffb98d70000 - 0x00007ffb98d96000 	C:\Program Files\Java\jdk-13.0.2\bin\java.dll
0x00007ffba3bc0000 - 0x00007ffba3bd7000 	C:\Program Files\Java\jdk-13.0.2\bin\zip.dll
0x00007ffba9b60000 - 0x00007ffba9b6a000 	C:\Program Files\Java\jdk-13.0.2\bin\jimage.dll
0x00007ffbbc580000 - 0x00007ffbbcc68000 	C:\Windows\System32\SHELL32.dll
0x00007ffbbb320000 - 0x00007ffbbb3c7000 	C:\Windows\System32\shcore.dll
0x00007ffbba5e0000 - 0x00007ffbbad5b000 	C:\Windows\System32\windows.storage.dll
0x00007ffbb9c00000 - 0x00007ffbb9c23000 	C:\Windows\System32\profapi.dll
0x00007ffbb9b90000 - 0x00007ffbb9bda000 	C:\Windows\System32\powrprof.dll
0x00007ffbb9b60000 - 0x00007ffbb9b70000 	C:\Windows\System32\UMPDC.dll
0x00007ffbbb210000 - 0x00007ffbbb262000 	C:\Windows\System32\shlwapi.dll
0x00007ffbb9de0000 - 0x00007ffbb9df7000 	C:\Windows\System32\cryptsp.dll
0x00007ffb9cd20000 - 0x00007ffb9cd39000 	C:\Program Files\Java\jdk-13.0.2\bin\net.dll
0x00007ffbaf2c0000 - 0x00007ffbaf3b0000 	C:\Windows\SYSTEM32\WINHTTP.dll
0x00007ffbb93a0000 - 0x00007ffbb9407000 	C:\Windows\system32\mswsock.dll
0x00007ffb98d50000 - 0x00007ffb98d63000 	C:\Program Files\Java\jdk-13.0.2\bin\nio.dll
0x00007ffb98f20000 - 0x00007ffb990b9000 	C:\Program Files\Java\jdk-13.0.2\bin\awt.dll
0x00007ffbbb8b0000 - 0x00007ffbbb975000 	C:\Windows\System32\OLEAUT32.dll
0x00007ffbb7cd0000 - 0x00007ffbb7d5f000 	C:\Windows\SYSTEM32\apphelp.dll
0x00007ffbb7e90000 - 0x00007ffbb7f29000 	C:\Windows\system32\uxtheme.dll
0x00007ffbbb760000 - 0x00007ffbbb895000 	C:\Windows\System32\MSCTF.dll
0x00007ffbbb4f0000 - 0x00007ffbbb647000 	C:\Windows\System32\ole32.dll
0x00007ffbb7f80000 - 0x00007ffbb7fad000 	C:\Windows\system32\DWMAPI.DLL
0x00007ffb9e830000 - 0x00007ffb9e986000 	C:\Windows\system32\opengl32.dll
0x00007ffba8990000 - 0x00007ffba89bc000 	C:\Windows\SYSTEM32\GLU32.dll
0x00007ffbb87a0000 - 0x00007ffbb87c0000 	C:\Windows\SYSTEM32\dxcore.dll
0x00007ffbb90f0000 - 0x00007ffbb91bb000 	C:\Windows\SYSTEM32\DNSAPI.dll
0x00007ffbbb8a0000 - 0x00007ffbbb8a8000 	C:\Windows\System32\NSI.dll
0x00007ffbb90b0000 - 0x00007ffbb90ea000 	C:\Windows\SYSTEM32\IPHLPAPI.DLL
0x00007ffbaeb10000 - 0x00007ffbaeb1a000 	C:\Windows\System32\rasadhlp.dll
0x00007ffba8900000 - 0x00007ffba8982000 	C:\Program Files\Java\jdk-13.0.2\bin\freetype.dll
0x00007ffba12f0000 - 0x00007ffba1396000 	C:\Program Files\Java\jdk-13.0.2\bin\fontmanager.dll

dbghelp: loaded successfully - version: 4.0.5 - missing functions: none
symbol engine: initialized successfully - sym options: 0x614 - pdb path: .;C:\Program Files\Java\jdk-13.0.2\bin;C:\Windows\SYSTEM32;C:\Windows\WinSxS\amd64_microsoft.windows.common-controls_6595b64144ccf1df_6.0.18362.1316_none_9e7a364fe461dbd7;C:\Program Files\Java\jdk-13.0.2\bin\server

VM Arguments:
jvm_args: -Dfile.encoding=Cp1252 
java_command: Application.Home
java_class_path (initial): C:\Users\User\Desktop\Programmes\Java\Workspace\DriveOperations\target\classes;C:\Users\User\Desktop\Libraries\jcalendar-1.4.jar;C:\Users\User\Desktop\Libraries\jgoodies-common-1.8.0.jar;C:\Users\User\Desktop\Libraries\jgoodies-forms-1.8.0.jar;C:\Users\User\Desktop\Libraries\miglayout15-swing.jar;C:\Users\User\Downloads\javax.mail.jar;C:\Users\User\Downloads\activation-1.1.1.jar;C:\Users\User\Downloads\jcalendar-1.4.jar;C:\Users\User\Downloads\jfreechart-1.0.19\lib\jcommon-1.0.23.jar;C:\Users\User\Downloads\jfreechart-1.0.19\lib\jfreechart-1.0.19.jar;C:\Users\User\Downloads\commons-net-3.8.0\commons-net-3.8.0.jar;C:\Users\User\Documents\Libs\comm-2.0.jar;C:\Users\User\Documents\Libs\http-2.2.1.jar;C:\Users\User\Documents\Libs\mysql-connector-java-5.1.45.jar;C:\Users\User\.m2\repository\com\google\apis\google-api-services-drive\v3-rev105-1.23.0\google-api-services-drive-v3-rev105-1.23.0.jar;C:\Users\User\.m2\repository\com\google\api-client\google-api-client\1.23.0\google-api-client-1.23.0.jar;C:\Users\User\.m2\repository\com\google\oauth-client\google-oauth-client\1.23.0\google-oauth-client-1.23.0.jar;C:\Users\User\.m2\repository\com\google\http-client\google-http-client\1.23.0\google-http-client-1.23.0.jar;C:\Users\User\.m2\repository\org\apache\httpcomponents\httpclient\4.0.1\httpclient-4.0.1.jar;C:\Users\User\.m2\repository\org\apache\httpcomponents\httpcore\4.0.1\httpcore-4.0.1.jar;C:\Users\User\.m2\repository\commons-logging\commons-logging\1.1.1\commons-logging-1.1.1.jar;C:\Users\User\.m2\repository\commons-codec\commons-codec\1.3\commons-codec-1.3.jar;C:\Users\User\.m2\repository\com\google\code\findbugs\jsr305\1.3.9\jsr305-1.3.9.jar;C:\Users\User\.m2\repository\com\google\http-client\google-http-client-jackson2\1.23.0\google-http-client-jackson2-1.23.0.jar;C:\Users\User\.m2\repository\com\fasterxml\jackson\core\jackson-core\2.1.3\jackson-core-2.1.3.jar;C:\Users\User\.m2\repository\com\google\guava\guava-jdk5\17.0\guava-jdk5-17.0.
Launcher Type: SUN_STANDARD

[Global flags]
     intx CICompilerCount                          = 3                                         {product} {ergonomic}
     uint ConcGCThreads                            = 1                                         {product} {ergonomic}
     uint G1ConcRefinementThreads                  = 4                                         {product} {ergonomic}
   size_t G1HeapRegionSize                         = 1048576                                   {product} {ergonomic}
    uintx GCDrainStackTargetSize                   = 64                                        {product} {ergonomic}
   size_t InitialHeapSize                          = 67108864                                  {product} {ergonomic}
   size_t MarkStackSize                            = 4194304                                   {product} {ergonomic}
   size_t MaxHeapSize                              = 1050673152                                {product} {ergonomic}
   size_t MaxNewSize                               = 630194176                                 {product} {ergonomic}
   size_t MinHeapDeltaBytes                        = 1048576                                   {product} {ergonomic}
   size_t MinHeapSize                              = 8388608                                   {product} {ergonomic}
    uintx NonNMethodCodeHeapSize                   = 5832780                                {pd product} {ergonomic}
    uintx NonProfiledCodeHeapSize                  = 122912730                              {pd product} {ergonomic}
    uintx ProfiledCodeHeapSize                     = 122912730                              {pd product} {ergonomic}
    uintx ReservedCodeCacheSize                    = 251658240                              {pd product} {ergonomic}
     bool SegmentedCodeCache                       = true                                      {product} {ergonomic}
   size_t SoftMaxHeapSize                          = 1050673152                             {manageable} {ergonomic}
     bool UseCompressedClassPointers               = true                                 {lp64_product} {ergonomic}
     bool UseCompressedOops                        = true                                 {lp64_product} {ergonomic}
     bool UseG1GC                                  = true                                      {product} {ergonomic}
     bool UseLargePagesIndividualAllocation        = false                                  {pd product} {ergonomic}

Logging:
Log output configuration:
 #0: stdout all=warning uptime,level,tags
 #1: stderr all=off uptime,level,tags

Environment Variables:
JAVA_HOME=C:\Program Files (x86)\Java\jre1.8.0_241
PATH=C:\Program Files\Java\jdk-13.0.2\bin;C:\Program Files (x86)\Common Files\Oracle\Java\javapath;C:\Windows\system32;C:\Windows;C:\Windows\System32\Wbem;C:\Windows\System32\WindowsPowerShell\v1.0\;C:\Windows\System32\OpenSSH\;C:\Program Files (x86)\apache-maven-3.8.1\bin;C:\Program Files (x86)\gradle-7.1.1\bin;C:\Users\User\AppData\Local\Microsoft\WindowsApps;C:\Users\User\AppData\Local\Programs\Microsoft VS Code\bin;C:\Program Files (x86)\gradle-7.1.1\bin;
USERNAME=User
OS=Windows_NT
PROCESSOR_IDENTIFIER=Intel64 Family 6 Model 42 Stepping 7, GenuineIntel



---------------  S Y S T E M  ---------------

OS: Windows 10 , 64 bit Build 18362 (10.0.18362.1316)

CPU:total 4 (initial active 4) (2 cores per cpu, 2 threads per core) family 6 model 42 stepping 7, cmov, cx8, fxsr, mmx, sse, sse2, sse3, ssse3, sse4.1, sse4.2, popcnt, avx, aes, clmul, ht, tsc, tscinvbit

Memory: 4k page, system-wide physical 4006M (670M free)
TotalPageFile size 16293M (AvailPageFile size 67M)
current process WorkingSet (physical memory assigned to process): 94M, peak: 94M
current process commit charge ("private bytes"): 164M, peak: 276M

vm_info: Java HotSpot(TM) 64-Bit Server VM (13.0.2+8) for windows-amd64 JRE (13.0.2+8), built on Dec 11 2019 09:20:33 by "mach5one" with unknown MS VC++:1916

END.
