#
# There is insufficient memory for the Java Runtime Environment to continue.
# Native memory allocation (mmap) failed to map 25165824 bytes for Failed to commit area from 0x00000000cc600000 to 0x00000000cde00000 of length 25165824.
# Possible reasons:
#   The system is out of physical RAM or swap space
#   The process is running with CompressedOops enabled, and the Java Heap may be blocking the growth of the native heap
# Possible solutions:
#   Reduce memory load on the system
#   Increase physical memory or swap space
#   Check if swap backing store is full
#   Decrease Java heap size (-Xmx/-Xms)
#   Decrease number of Java threads
#   Decrease Java thread stack sizes (-Xss)
#   Set larger code cache with -XX:ReservedCodeCacheSize=
#   JVM is running with Unscaled Compressed Oops mode in which the Java heap is
#     placed in the first 4GB address space. The Java Heap base address is the
#     maximum limit for the native heap growth. Please use -XX:HeapBaseMinAddress
#     to set the Java Heap base and to place the Java Heap above 4GB virtual address.
# This output file may be truncated or incomplete.
#
#  Out of Memory Error (t:/workspace/open/src/hotspot/os/windows/os_windows.cpp:3301), pid=10884, tid=11800
#
# JRE version: Java(TM) SE Runtime Environment (13.0.2+8) (build 13.0.2+8)
# Java VM: Java HotSpot(TM) 64-Bit Server VM (13.0.2+8, mixed mode, sharing, tiered, compressed oops, g1 gc, windows-amd64)
# No core dump will be written. Minidumps are not enabled by default on client versions of Windows
#

---------------  S U M M A R Y ------------

Command Line: -Dfile.encoding=Cp1252 Application.Home

Host: Intel(R) Core(TM) i5-2520M CPU @ 2.50GHz, 4 cores, 3G,  Windows 10 , 64 bit Build 18362 (10.0.18362.1500)
Time: Wed Sep 22 16:08:57 2021 South Africa Standard Time elapsed time: 2 seconds (0d 0h 0m 2s)

---------------  T H R E A D  ---------------

Current thread (0x00000254ec119000):  VMThread "VM Thread" [stack: 0x0000007321400000,0x0000007321500000] [id=11800]

Stack: [0x0000007321400000,0x0000007321500000]
[error occurred during error reporting (printing stack bounds), id 0xc0000005, EXCEPTION_ACCESS_VIOLATION (0xc0000005) at pc=0x00000254d86310ad]

Native frames: (J=compiled Java code, j=interpreted, Vv=VM code, C=native code)
V  [jvm.dll+0x624f9a]
V  [jvm.dll+0x770cfa]
V  [jvm.dll+0x7724af]
V  [jvm.dll+0x772a15]
V  [jvm.dll+0x7729cb]
V  [jvm.dll+0x6244df]
C  [ntdll.dll+0x790b6]
C  [ntdll.dll+0x6a926]
C  [ntdll.dll+0xa0c6e]
C  0x00000254d86310ad

VM_Operation (0x00000073210ff520): G1Concurrent, mode: safepoint, requested by thread 0x00000254d016a800


---------------  P R O C E S S  ---------------

Threads class SMR info:
_java_thread_list=0x00000254ed411cc0, length=28, elements={
0x00000254ec11e000, 0x00000254ec122800, 0x00000254ec13b000, 0x00000254ec13d000,
0x00000254ec146000, 0x00000254ec14d000, 0x00000254ec158000, 0x00000254ecba1000,
0x00000254ecbaa800, 0x00000254ecec8000, 0x00000254ecf9f800, 0x00000254ecf29800,
0x00000254ecf2f800, 0x00000254d0131800, 0x00000254ed053800, 0x00000254ed08e800,
0x00000254ed0b8000, 0x00000254ed15e000, 0x00000254ecba4000, 0x00000254ed1cd800,
0x00000254ed1d2800, 0x00000254ed1d0000, 0x00000254ed1d5800, 0x00000254ed1d6800,
0x00000254ed1d1000, 0x00000254ed1d3800, 0x00000254ed1d1800, 0x00000254ed418800
}

Java Threads: ( => current thread )
  0x00000254ec11e000 JavaThread "Reference Handler" daemon [_thread_blocked, id=16616, stack(0x0000007321500000,0x0000007321600000)]
  0x00000254ec122800 JavaThread "Finalizer" daemon [_thread_blocked, id=6992, stack(0x0000007321600000,0x0000007321700000)]
  0x00000254ec13b000 JavaThread "Signal Dispatcher" daemon [_thread_blocked, id=15856, stack(0x0000007321700000,0x0000007321800000)]
  0x00000254ec13d000 JavaThread "Attach Listener" daemon [_thread_blocked, id=14144, stack(0x0000007321800000,0x0000007321900000)]
  0x00000254ec146000 JavaThread "C2 CompilerThread0" daemon [_thread_blocked, id=6080, stack(0x0000007321900000,0x0000007321a00000)]
  0x00000254ec14d000 JavaThread "C1 CompilerThread0" daemon [_thread_blocked, id=16812, stack(0x0000007321a00000,0x0000007321b00000)]
  0x00000254ec158000 JavaThread "Sweeper thread" daemon [_thread_blocked, id=16872, stack(0x0000007321b00000,0x0000007321c00000)]
  0x00000254ecba1000 JavaThread "Service Thread" daemon [_thread_blocked, id=16164, stack(0x0000007321c00000,0x0000007321d00000)]
  0x00000254ecbaa800 JavaThread "Common-Cleaner" daemon [_thread_blocked, id=14120, stack(0x0000007321e00000,0x0000007321f00000)]
  0x00000254ecec8000 JavaThread "Java2D Disposer" daemon [_thread_blocked, id=13368, stack(0x0000007321f00000,0x0000007322000000)]
  0x00000254ecf9f800 JavaThread "AWT-Shutdown" [_thread_blocked, id=6172, stack(0x0000007322000000,0x0000007322100000)]
  0x00000254ecf29800 JavaThread "AWT-Windows" daemon [_thread_in_native, id=4968, stack(0x0000007322100000,0x0000007322200000)]
  0x00000254ecf2f800 JavaThread "AWT-EventQueue-0" [_thread_blocked, id=9132, stack(0x0000007322200000,0x0000007322300000)]
  0x00000254d0131800 JavaThread "DestroyJavaVM" [_thread_blocked, id=12496, stack(0x0000007320e00000,0x0000007320f00000)]
  0x00000254ed053800 JavaThread "Image Fetcher 0" daemon [_thread_blocked, id=16948, stack(0x0000007322300000,0x0000007322400000)]
  0x00000254ed08e800 JavaThread "TimerQueue" daemon [_thread_blocked, id=17532, stack(0x0000007322400000,0x0000007322500000)]
  0x00000254ed0b8000 JavaThread "SwingWorker-pool-1-thread-1" daemon [_thread_blocked, id=2340, stack(0x0000007322500000,0x0000007322600000)]
  0x00000254ed15e000 JavaThread "SwingWorker-pool-1-thread-2" daemon [_thread_blocked, id=2844, stack(0x0000007322600000,0x0000007322700000)]
  0x00000254ecba4000 JavaThread "SwingWorker-pool-1-thread-3" daemon [_thread_blocked, id=10932, stack(0x0000007322700000,0x0000007322800000)]
  0x00000254ed1cd800 JavaThread "SwingWorker-pool-1-thread-4" daemon [_thread_blocked, id=9784, stack(0x0000007322800000,0x0000007322900000)]
  0x00000254ed1d2800 JavaThread "SwingWorker-pool-1-thread-5" daemon [_thread_blocked, id=15528, stack(0x0000007322900000,0x0000007322a00000)]
  0x00000254ed1d0000 JavaThread "SwingWorker-pool-1-thread-6" daemon [_thread_blocked, id=8404, stack(0x0000007322a00000,0x0000007322b00000)]
  0x00000254ed1d5800 JavaThread "SwingWorker-pool-1-thread-7" daemon [_thread_blocked, id=18364, stack(0x0000007322b00000,0x0000007322c00000)]
  0x00000254ed1d6800 JavaThread "SwingWorker-pool-1-thread-8" daemon [_thread_blocked, id=16132, stack(0x0000007322c00000,0x0000007322d00000)]
  0x00000254ed1d1000 JavaThread "SwingWorker-pool-1-thread-9" daemon [_thread_blocked, id=17600, stack(0x0000007322d00000,0x0000007322e00000)]
  0x00000254ed1d3800 JavaThread "SwingWorker-pool-1-thread-10" daemon [_thread_blocked, id=16360, stack(0x0000007322e00000,0x0000007322f00000)]
  0x00000254ed1d1800 JavaThread "Image Fetcher 1" daemon [_thread_blocked, id=12176, stack(0x0000007323300000,0x0000007323400000)]
  0x00000254ed418800 JavaThread "C2 CompilerThread1" daemon [_thread_blocked, id=2752, stack(0x0000007323400000,0x0000007323500000)]

Other Threads:
=>0x00000254ec119000 VMThread "VM Thread" [stack: 0x0000007321400000,0x0000007321500000] [id=11800]
  0x00000254ecba8800 WatcherThread [stack: 0x0000007321d00000,0x0000007321e00000] [id=4284]
  0x00000254d0161000 GCTaskThread "GC Thread#0" [stack: 0x0000007320f00000,0x0000007321000000] [id=10280]
  0x00000254ed222000 GCTaskThread "GC Thread#1" [stack: 0x0000007322f00000,0x0000007323000000] [id=11136]
  0x00000254ed225800 GCTaskThread "GC Thread#2" [stack: 0x0000007323000000,0x0000007323100000] [id=17888]
  0x00000254ed220800 GCTaskThread "GC Thread#3" [stack: 0x0000007323100000,0x0000007323200000] [id=12592]
  0x00000254d016a800 ConcurrentGCThread "G1 Main Marker" [stack: 0x0000007321000000,0x0000007321100000] [id=8008]
  0x00000254d0171800 ConcurrentGCThread "G1 Conc#0" [stack: 0x0000007321100000,0x0000007321200000] [id=1612]
  0x00000254d01c5000 ConcurrentGCThread "G1 Refine#0" [stack: 0x0000007321200000,0x0000007321300000] [id=11844]
  0x00000254ecc8a800 ConcurrentGCThread "G1 Refine#1" [stack: 0x0000007323200000,0x0000007323300000] [id=14984]
  0x00000254d01c6800 ConcurrentGCThread "G1 Young RemSet Sampling" [stack: 0x0000007321300000,0x0000007321400000] [id=17412]

Threads with active compile tasks:

VM state:at safepoint (normal execution)

VM Mutex/Monitor currently owned by a thread:  ([mutex/lock_event])
[0x00000254d012c2c0] Threads_lock - owner thread: 0x00000254ec119000
[0x00000254d012b300] Heap_lock - owner thread: 0x00000254d016a800

Heap address: 0x00000000c1600000, size: 1002 MB, Compressed Oops mode: 32-bit
Narrow klass base: 0x0000000800000000, Narrow klass shift: 3
Compressed class space size: 1073741824 Address: 0x0000000800b40000

Heap:
 garbage-first heap   total 204800K, used 121926K [0x00000000c1600000, 0x0000000100000000)
  region size 1024K, 4 young (4096K), 4 survivors (4096K)
 Metaspace       used 12554K, capacity 12858K, committed 13056K, reserved 1060864K
  class space    used 1387K, capacity 1502K, committed 1536K, reserved 1048576K
Heap Regions: E=young(eden), S=young(survivor), O=old, HS=humongous(starts), HC=humongous(continues), CS=collection set, F=free, A=archive, TAMS=top-at-mark-start (previous, next)
|   0|0x00000000c1600000, 0x00000000c1700000, 0x00000000c1700000|100%| O|  |TAMS 0x00000000c1700000, 0x00000000c1600000| Updating 
|   1|0x00000000c1700000, 0x00000000c1800000, 0x00000000c1800000|100%| O|  |TAMS 0x00000000c1800000, 0x00000000c1700000| Updating 
|   2|0x00000000c1800000, 0x00000000c1900000, 0x00000000c1900000|100%| O|  |TAMS 0x00000000c1900000, 0x00000000c1800000| Updating 
|   3|0x00000000c1900000, 0x00000000c19dec00, 0x00000000c1a00000| 87%| O|  |TAMS 0x00000000c19dec00, 0x00000000c1900000| Updating 
|   4|0x00000000c1a00000, 0x00000000c1a00000, 0x00000000c1b00000|  0%| F|  |TAMS 0x00000000c1a00000, 0x00000000c1a00000| Untracked 
|   5|0x00000000c1b00000, 0x00000000c1b00000, 0x00000000c1c00000|  0%| F|  |TAMS 0x00000000c1b00000, 0x00000000c1b00000| Untracked 
|   6|0x00000000c1c00000, 0x00000000c1c00000, 0x00000000c1d00000|  0%| F|  |TAMS 0x00000000c1c00000, 0x00000000c1c00000| Untracked 
|   7|0x00000000c1d00000, 0x00000000c1d00000, 0x00000000c1e00000|  0%| F|  |TAMS 0x00000000c1d00000, 0x00000000c1d00000| Untracked 
|   8|0x00000000c1e00000, 0x00000000c1e00000, 0x00000000c1f00000|  0%| F|  |TAMS 0x00000000c1e00000, 0x00000000c1e00000| Untracked 
|   9|0x00000000c1f00000, 0x00000000c1f00000, 0x00000000c2000000|  0%| F|  |TAMS 0x00000000c1f00000, 0x00000000c1f00000| Untracked 
|  10|0x00000000c2000000, 0x00000000c2000000, 0x00000000c2100000|  0%| F|  |TAMS 0x00000000c2000000, 0x00000000c2000000| Untracked 
|  11|0x00000000c2100000, 0x00000000c2100000, 0x00000000c2200000|  0%| F|  |TAMS 0x00000000c2100000, 0x00000000c2100000| Untracked 
|  12|0x00000000c2200000, 0x00000000c2200000, 0x00000000c2300000|  0%| F|  |TAMS 0x00000000c2200000, 0x00000000c2200000| Untracked 
|  13|0x00000000c2300000, 0x00000000c2300000, 0x00000000c2400000|  0%| F|  |TAMS 0x00000000c2300000, 0x00000000c2300000| Untracked 
|  14|0x00000000c2400000, 0x00000000c2400000, 0x00000000c2500000|  0%| F|  |TAMS 0x00000000c2400000, 0x00000000c2400000| Untracked 
|  15|0x00000000c2500000, 0x00000000c2500000, 0x00000000c2600000|  0%| F|  |TAMS 0x00000000c2500000, 0x00000000c2500000| Untracked 
|  16|0x00000000c2600000, 0x00000000c2600000, 0x00000000c2700000|  0%| F|  |TAMS 0x00000000c2600000, 0x00000000c2600000| Untracked 
|  17|0x00000000c2700000, 0x00000000c2700000, 0x00000000c2800000|  0%| F|  |TAMS 0x00000000c2700000, 0x00000000c2700000| Untracked 
|  18|0x00000000c2800000, 0x00000000c2800000, 0x00000000c2900000|  0%| F|  |TAMS 0x00000000c2800000, 0x00000000c2800000| Untracked 
|  19|0x00000000c2900000, 0x00000000c2900000, 0x00000000c2a00000|  0%| F|  |TAMS 0x00000000c2900000, 0x00000000c2900000| Untracked 
|  20|0x00000000c2a00000, 0x00000000c2a00000, 0x00000000c2b00000|  0%| F|  |TAMS 0x00000000c2a00000, 0x00000000c2a00000| Untracked 
|  21|0x00000000c2b00000, 0x00000000c2b00000, 0x00000000c2c00000|  0%| F|  |TAMS 0x00000000c2b00000, 0x00000000c2b00000| Untracked 
|  22|0x00000000c2c00000, 0x00000000c2c00000, 0x00000000c2d00000|  0%| F|  |TAMS 0x00000000c2c00000, 0x00000000c2c00000| Untracked 
|  23|0x00000000c2d00000, 0x00000000c2d00000, 0x00000000c2e00000|  0%| F|  |TAMS 0x00000000c2d00000, 0x00000000c2d00000| Untracked 
|  24|0x00000000c2e00000, 0x00000000c2e00000, 0x00000000c2f00000|  0%| F|  |TAMS 0x00000000c2e00000, 0x00000000c2e00000| Untracked 
|  25|0x00000000c2f00000, 0x00000000c2f00000, 0x00000000c3000000|  0%| F|  |TAMS 0x00000000c2f00000, 0x00000000c2f00000| Untracked 
|  26|0x00000000c3000000, 0x00000000c3000000, 0x00000000c3100000|  0%| F|  |TAMS 0x00000000c3000000, 0x00000000c3000000| Untracked 
|  27|0x00000000c3100000, 0x00000000c3100000, 0x00000000c3200000|  0%| F|  |TAMS 0x00000000c3100000, 0x00000000c3100000| Untracked 
|  28|0x00000000c3200000, 0x00000000c3200000, 0x00000000c3300000|  0%| F|  |TAMS 0x00000000c3200000, 0x00000000c3200000| Untracked 
|  29|0x00000000c3300000, 0x00000000c3300000, 0x00000000c3400000|  0%| F|  |TAMS 0x00000000c3300000, 0x00000000c3300000| Untracked 
|  30|0x00000000c3400000, 0x00000000c3400000, 0x00000000c3500000|  0%| F|  |TAMS 0x00000000c3400000, 0x00000000c3400000| Untracked 
|  31|0x00000000c3500000, 0x00000000c3500000, 0x00000000c3600000|  0%| F|  |TAMS 0x00000000c3500000, 0x00000000c3500000| Untracked 
|  32|0x00000000c3600000, 0x00000000c3600000, 0x00000000c3700000|  0%| F|  |TAMS 0x00000000c3600000, 0x00000000c3600000| Untracked 
|  33|0x00000000c3700000, 0x00000000c3700000, 0x00000000c3800000|  0%| F|  |TAMS 0x00000000c3700000, 0x00000000c3700000| Untracked 
|  34|0x00000000c3800000, 0x00000000c3800000, 0x00000000c3900000|  0%| F|  |TAMS 0x00000000c3800000, 0x00000000c3800000| Untracked 
|  35|0x00000000c3900000, 0x00000000c3900000, 0x00000000c3a00000|  0%| F|  |TAMS 0x00000000c3900000, 0x00000000c3900000| Untracked 
|  36|0x00000000c3a00000, 0x00000000c3a00000, 0x00000000c3b00000|  0%| F|  |TAMS 0x00000000c3a00000, 0x00000000c3a00000| Untracked 
|  37|0x00000000c3b00000, 0x00000000c3b32d00, 0x00000000c3c00000| 19%| S|CS|TAMS 0x00000000c3b00000, 0x00000000c3b00000| Complete 
|  38|0x00000000c3c00000, 0x00000000c3d00000, 0x00000000c3d00000|100%| S|CS|TAMS 0x00000000c3c00000, 0x00000000c3c00000| Complete 
|  39|0x00000000c3d00000, 0x00000000c3e00000, 0x00000000c3e00000|100%| S|CS|TAMS 0x00000000c3d00000, 0x00000000c3d00000| Complete 
|  40|0x00000000c3e00000, 0x00000000c3f00000, 0x00000000c3f00000|100%| S|CS|TAMS 0x00000000c3e00000, 0x00000000c3e00000| Complete 
|  41|0x00000000c3f00000, 0x00000000c4000000, 0x00000000c4000000|100%|HS|  |TAMS 0x00000000c3f00000, 0x00000000c3f00000| Complete 
|  42|0x00000000c4000000, 0x00000000c4100000, 0x00000000c4100000|100%|HC|  |TAMS 0x00000000c4000000, 0x00000000c4000000| Complete 
|  43|0x00000000c4100000, 0x00000000c4200000, 0x00000000c4200000|100%|HC|  |TAMS 0x00000000c4100000, 0x00000000c4100000| Complete 
|  44|0x00000000c4200000, 0x00000000c4300000, 0x00000000c4300000|100%|HC|  |TAMS 0x00000000c4200000, 0x00000000c4200000| Complete 
|  45|0x00000000c4300000, 0x00000000c4400000, 0x00000000c4400000|100%|HC|  |TAMS 0x00000000c4300000, 0x00000000c4300000| Complete 
|  46|0x00000000c4400000, 0x00000000c4500000, 0x00000000c4500000|100%|HC|  |TAMS 0x00000000c4400000, 0x00000000c4400000| Complete 
|  47|0x00000000c4500000, 0x00000000c4600000, 0x00000000c4600000|100%|HC|  |TAMS 0x00000000c4500000, 0x00000000c4500000| Complete 
|  48|0x00000000c4600000, 0x00000000c4700000, 0x00000000c4700000|100%|HC|  |TAMS 0x00000000c4600000, 0x00000000c4600000| Complete 
|  49|0x00000000c4700000, 0x00000000c4800000, 0x00000000c4800000|100%|HC|  |TAMS 0x00000000c4700000, 0x00000000c4700000| Complete 
|  50|0x00000000c4800000, 0x00000000c4900000, 0x00000000c4900000|100%|HC|  |TAMS 0x00000000c4800000, 0x00000000c4800000| Complete 
|  51|0x00000000c4900000, 0x00000000c4a00000, 0x00000000c4a00000|100%|HC|  |TAMS 0x00000000c4900000, 0x00000000c4900000| Complete 
|  52|0x00000000c4a00000, 0x00000000c4b00000, 0x00000000c4b00000|100%|HC|  |TAMS 0x00000000c4a00000, 0x00000000c4a00000| Complete 
|  53|0x00000000c4b00000, 0x00000000c4c00000, 0x00000000c4c00000|100%|HC|  |TAMS 0x00000000c4b00000, 0x00000000c4b00000| Complete 
|  54|0x00000000c4c00000, 0x00000000c4d00000, 0x00000000c4d00000|100%|HC|  |TAMS 0x00000000c4c00000, 0x00000000c4c00000| Complete 
|  55|0x00000000c4d00000, 0x00000000c4e00000, 0x00000000c4e00000|100%|HC|  |TAMS 0x00000000c4d00000, 0x00000000c4d00000| Complete 
|  56|0x00000000c4e00000, 0x00000000c4f00000, 0x00000000c4f00000|100%|HC|  |TAMS 0x00000000c4e00000, 0x00000000c4e00000| Complete 
|  57|0x00000000c4f00000, 0x00000000c5000000, 0x00000000c5000000|100%|HC|  |TAMS 0x00000000c4f00000, 0x00000000c4f00000| Complete 
|  58|0x00000000c5000000, 0x00000000c5100000, 0x00000000c5100000|100%|HC|  |TAMS 0x00000000c5000000, 0x00000000c5000000| Complete 
|  59|0x00000000c5100000, 0x00000000c5200000, 0x00000000c5200000|100%|HC|  |TAMS 0x00000000c5100000, 0x00000000c5100000| Complete 
|  60|0x00000000c5200000, 0x00000000c5300000, 0x00000000c5300000|100%|HC|  |TAMS 0x00000000c5200000, 0x00000000c5200000| Complete 
|  61|0x00000000c5300000, 0x00000000c5400000, 0x00000000c5400000|100%|HC|  |TAMS 0x00000000c5300000, 0x00000000c5300000| Complete 
|  62|0x00000000c5400000, 0x00000000c5500000, 0x00000000c5500000|100%|HC|  |TAMS 0x00000000c5400000, 0x00000000c5400000| Complete 
|  63|0x00000000c5500000, 0x00000000c5600000, 0x00000000c5600000|100%|HC|  |TAMS 0x00000000c5500000, 0x00000000c5500000| Complete 
|  64|0x00000000c5600000, 0x00000000c5700000, 0x00000000c5700000|100%|HC|  |TAMS 0x00000000c5600000, 0x00000000c5600000| Complete 
|  65|0x00000000c5700000, 0x00000000c5800000, 0x00000000c5800000|100%|HC|  |TAMS 0x00000000c5700000, 0x00000000c5700000| Complete 
|  66|0x00000000c5800000, 0x00000000c5900000, 0x00000000c5900000|100%|HC|  |TAMS 0x00000000c5800000, 0x00000000c5800000| Complete 
|  67|0x00000000c5900000, 0x00000000c5a00000, 0x00000000c5a00000|100%|HC|  |TAMS 0x00000000c5900000, 0x00000000c5900000| Complete 
|  68|0x00000000c5a00000, 0x00000000c5b00000, 0x00000000c5b00000|100%|HC|  |TAMS 0x00000000c5a00000, 0x00000000c5a00000| Complete 
|  69|0x00000000c5b00000, 0x00000000c5c00000, 0x00000000c5c00000|100%|HC|  |TAMS 0x00000000c5b00000, 0x00000000c5b00000| Complete 
|  70|0x00000000c5c00000, 0x00000000c5d00000, 0x00000000c5d00000|100%|HC|  |TAMS 0x00000000c5c00000, 0x00000000c5c00000| Complete 
|  71|0x00000000c5d00000, 0x00000000c5e00000, 0x00000000c5e00000|100%|HC|  |TAMS 0x00000000c5d00000, 0x00000000c5d00000| Complete 
|  72|0x00000000c5e00000, 0x00000000c5f00000, 0x00000000c5f00000|100%|HC|  |TAMS 0x00000000c5e00000, 0x00000000c5e00000| Complete 
|  73|0x00000000c5f00000, 0x00000000c6000000, 0x00000000c6000000|100%|HC|  |TAMS 0x00000000c5f00000, 0x00000000c5f00000| Complete 
|  74|0x00000000c6000000, 0x00000000c6100000, 0x00000000c6100000|100%|HC|  |TAMS 0x00000000c6000000, 0x00000000c6000000| Complete 
|  75|0x00000000c6100000, 0x00000000c6200000, 0x00000000c6200000|100%|HC|  |TAMS 0x00000000c6100000, 0x00000000c6100000| Complete 
|  76|0x00000000c6200000, 0x00000000c6300000, 0x00000000c6300000|100%|HC|  |TAMS 0x00000000c6200000, 0x00000000c6200000| Complete 
|  77|0x00000000c6300000, 0x00000000c6400000, 0x00000000c6400000|100%|HC|  |TAMS 0x00000000c6300000, 0x00000000c6300000| Complete 
|  78|0x00000000c6400000, 0x00000000c6500000, 0x00000000c6500000|100%|HC|  |TAMS 0x00000000c6400000, 0x00000000c6400000| Complete 
|  79|0x00000000c6500000, 0x00000000c6600000, 0x00000000c6600000|100%|HC|  |TAMS 0x00000000c6500000, 0x00000000c6500000| Complete 
|  80|0x00000000c6600000, 0x00000000c6700000, 0x00000000c6700000|100%|HC|  |TAMS 0x00000000c6600000, 0x00000000c6600000| Complete 
|  81|0x00000000c6700000, 0x00000000c6800000, 0x00000000c6800000|100%|HC|  |TAMS 0x00000000c6700000, 0x00000000c6700000| Complete 
|  82|0x00000000c6800000, 0x00000000c6900000, 0x00000000c6900000|100%|HC|  |TAMS 0x00000000c6800000, 0x00000000c6800000| Complete 
|  83|0x00000000c6900000, 0x00000000c6a00000, 0x00000000c6a00000|100%|HC|  |TAMS 0x00000000c6900000, 0x00000000c6900000| Complete 
|  84|0x00000000c6a00000, 0x00000000c6b00000, 0x00000000c6b00000|100%|HC|  |TAMS 0x00000000c6a00000, 0x00000000c6a00000| Complete 
|  85|0x00000000c6b00000, 0x00000000c6c00000, 0x00000000c6c00000|100%|HC|  |TAMS 0x00000000c6b00000, 0x00000000c6b00000| Complete 
|  86|0x00000000c6c00000, 0x00000000c6d00000, 0x00000000c6d00000|100%|HC|  |TAMS 0x00000000c6c00000, 0x00000000c6c00000| Complete 
|  87|0x00000000c6d00000, 0x00000000c6e00000, 0x00000000c6e00000|100%|HC|  |TAMS 0x00000000c6d00000, 0x00000000c6d00000| Complete 
|  88|0x00000000c6e00000, 0x00000000c6f00000, 0x00000000c6f00000|100%|HC|  |TAMS 0x00000000c6e00000, 0x00000000c6e00000| Complete 
|  89|0x00000000c6f00000, 0x00000000c7000000, 0x00000000c7000000|100%|HC|  |TAMS 0x00000000c6f00000, 0x00000000c6f00000| Complete 
|  90|0x00000000c7000000, 0x00000000c7100000, 0x00000000c7100000|100%|HC|  |TAMS 0x00000000c7000000, 0x00000000c7000000| Complete 
|  91|0x00000000c7100000, 0x00000000c7200000, 0x00000000c7200000|100%|HC|  |TAMS 0x00000000c7100000, 0x00000000c7100000| Complete 
|  92|0x00000000c7200000, 0x00000000c7300000, 0x00000000c7300000|100%|HC|  |TAMS 0x00000000c7200000, 0x00000000c7200000| Complete 
|  93|0x00000000c7300000, 0x00000000c7400000, 0x00000000c7400000|100%|HC|  |TAMS 0x00000000c7300000, 0x00000000c7300000| Complete 
|  94|0x00000000c7400000, 0x00000000c7500000, 0x00000000c7500000|100%|HC|  |TAMS 0x00000000c7400000, 0x00000000c7400000| Complete 
|  95|0x00000000c7500000, 0x00000000c7600000, 0x00000000c7600000|100%|HC|  |TAMS 0x00000000c7500000, 0x00000000c7500000| Complete 
|  96|0x00000000c7600000, 0x00000000c7700000, 0x00000000c7700000|100%|HC|  |TAMS 0x00000000c7600000, 0x00000000c7600000| Complete 
|  97|0x00000000c7700000, 0x00000000c7800000, 0x00000000c7800000|100%|HC|  |TAMS 0x00000000c7700000, 0x00000000c7700000| Complete 
|  98|0x00000000c7800000, 0x00000000c7900000, 0x00000000c7900000|100%|HC|  |TAMS 0x00000000c7800000, 0x00000000c7800000| Complete 
|  99|0x00000000c7900000, 0x00000000c7a00000, 0x00000000c7a00000|100%|HC|  |TAMS 0x00000000c7900000, 0x00000000c7900000| Complete 
| 100|0x00000000c7a00000, 0x00000000c7b00000, 0x00000000c7b00000|100%|HC|  |TAMS 0x00000000c7a00000, 0x00000000c7a00000| Complete 
| 101|0x00000000c7b00000, 0x00000000c7c00000, 0x00000000c7c00000|100%|HC|  |TAMS 0x00000000c7b00000, 0x00000000c7b00000| Complete 
| 102|0x00000000c7c00000, 0x00000000c7d00000, 0x00000000c7d00000|100%|HC|  |TAMS 0x00000000c7c00000, 0x00000000c7c00000| Complete 
| 103|0x00000000c7d00000, 0x00000000c7e00000, 0x00000000c7e00000|100%|HC|  |TAMS 0x00000000c7d00000, 0x00000000c7d00000| Complete 
| 104|0x00000000c7e00000, 0x00000000c7f00000, 0x00000000c7f00000|100%|HC|  |TAMS 0x00000000c7e00000, 0x00000000c7e00000| Complete 
| 105|0x00000000c7f00000, 0x00000000c8000000, 0x00000000c8000000|100%|HC|  |TAMS 0x00000000c7f00000, 0x00000000c7f00000| Complete 
| 106|0x00000000c8000000, 0x00000000c8100000, 0x00000000c8100000|100%|HC|  |TAMS 0x00000000c8000000, 0x00000000c8000000| Complete 
| 107|0x00000000c8100000, 0x00000000c8200000, 0x00000000c8200000|100%|HC|  |TAMS 0x00000000c8100000, 0x00000000c8100000| Complete 
| 108|0x00000000c8200000, 0x00000000c8300000, 0x00000000c8300000|100%|HC|  |TAMS 0x00000000c8200000, 0x00000000c8200000| Complete 
| 109|0x00000000c8300000, 0x00000000c8400000, 0x00000000c8400000|100%|HC|  |TAMS 0x00000000c8300000, 0x00000000c8300000| Complete 
| 110|0x00000000c8400000, 0x00000000c8500000, 0x00000000c8500000|100%|HC|  |TAMS 0x00000000c8400000, 0x00000000c8400000| Complete 
| 111|0x00000000c8500000, 0x00000000c8600000, 0x00000000c8600000|100%|HC|  |TAMS 0x00000000c8500000, 0x00000000c8500000| Complete 
| 112|0x00000000c8600000, 0x00000000c8700000, 0x00000000c8700000|100%|HC|  |TAMS 0x00000000c8600000, 0x00000000c8600000| Complete 
| 113|0x00000000c8700000, 0x00000000c8800000, 0x00000000c8800000|100%|HC|  |TAMS 0x00000000c8700000, 0x00000000c8700000| Complete 
| 114|0x00000000c8800000, 0x00000000c8900000, 0x00000000c8900000|100%|HC|  |TAMS 0x00000000c8800000, 0x00000000c8800000| Complete 
| 115|0x00000000c8900000, 0x00000000c8a00000, 0x00000000c8a00000|100%|HC|  |TAMS 0x00000000c8900000, 0x00000000c8900000| Complete 
| 116|0x00000000c8a00000, 0x00000000c8b00000, 0x00000000c8b00000|100%|HC|  |TAMS 0x00000000c8a00000, 0x00000000c8a00000| Complete 
| 117|0x00000000c8b00000, 0x00000000c8c00000, 0x00000000c8c00000|100%|HC|  |TAMS 0x00000000c8b00000, 0x00000000c8b00000| Complete 
| 118|0x00000000c8c00000, 0x00000000c8d00000, 0x00000000c8d00000|100%|HC|  |TAMS 0x00000000c8c00000, 0x00000000c8c00000| Complete 
| 119|0x00000000c8d00000, 0x00000000c8e00000, 0x00000000c8e00000|100%|HC|  |TAMS 0x00000000c8d00000, 0x00000000c8d00000| Complete 
| 120|0x00000000c8e00000, 0x00000000c8f00000, 0x00000000c8f00000|100%|HC|  |TAMS 0x00000000c8e00000, 0x00000000c8e00000| Complete 
| 121|0x00000000c8f00000, 0x00000000c9000000, 0x00000000c9000000|100%|HC|  |TAMS 0x00000000c8f00000, 0x00000000c8f00000| Complete 
| 122|0x00000000c9000000, 0x00000000c9100000, 0x00000000c9100000|100%|HC|  |TAMS 0x00000000c9000000, 0x00000000c9000000| Complete 
| 123|0x00000000c9100000, 0x00000000c9200000, 0x00000000c9200000|100%|HC|  |TAMS 0x00000000c9100000, 0x00000000c9100000| Complete 
| 124|0x00000000c9200000, 0x00000000c9300000, 0x00000000c9300000|100%|HC|  |TAMS 0x00000000c9200000, 0x00000000c9200000| Complete 
| 125|0x00000000c9300000, 0x00000000c9400000, 0x00000000c9400000|100%|HC|  |TAMS 0x00000000c9300000, 0x00000000c9300000| Complete 
| 126|0x00000000c9400000, 0x00000000c9500000, 0x00000000c9500000|100%|HC|  |TAMS 0x00000000c9400000, 0x00000000c9400000| Complete 
| 127|0x00000000c9500000, 0x00000000c9600000, 0x00000000c9600000|100%|HC|  |TAMS 0x00000000c9500000, 0x00000000c9500000| Complete 
| 128|0x00000000c9600000, 0x00000000c9700000, 0x00000000c9700000|100%|HC|  |TAMS 0x00000000c9600000, 0x00000000c9600000| Complete 
| 129|0x00000000c9700000, 0x00000000c9800000, 0x00000000c9800000|100%|HC|  |TAMS 0x00000000c9700000, 0x00000000c9700000| Complete 
| 130|0x00000000c9800000, 0x00000000c9900000, 0x00000000c9900000|100%|HC|  |TAMS 0x00000000c9800000, 0x00000000c9800000| Complete 
| 131|0x00000000c9900000, 0x00000000c9a00000, 0x00000000c9a00000|100%|HC|  |TAMS 0x00000000c9900000, 0x00000000c9900000| Complete 
| 132|0x00000000c9a00000, 0x00000000c9b00000, 0x00000000c9b00000|100%|HC|  |TAMS 0x00000000c9a00000, 0x00000000c9a00000| Complete 
| 133|0x00000000c9b00000, 0x00000000c9c00000, 0x00000000c9c00000|100%|HC|  |TAMS 0x00000000c9b00000, 0x00000000c9b00000| Complete 
| 134|0x00000000c9c00000, 0x00000000c9d00000, 0x00000000c9d00000|100%|HC|  |TAMS 0x00000000c9c00000, 0x00000000c9c00000| Complete 
| 135|0x00000000c9d00000, 0x00000000c9e00000, 0x00000000c9e00000|100%|HC|  |TAMS 0x00000000c9d00000, 0x00000000c9d00000| Complete 
| 136|0x00000000c9e00000, 0x00000000c9f00000, 0x00000000c9f00000|100%|HC|  |TAMS 0x00000000c9e00000, 0x00000000c9e00000| Complete 
| 137|0x00000000c9f00000, 0x00000000ca000000, 0x00000000ca000000|100%|HC|  |TAMS 0x00000000c9f00000, 0x00000000c9f00000| Complete 
| 138|0x00000000ca000000, 0x00000000ca100000, 0x00000000ca100000|100%|HC|  |TAMS 0x00000000ca000000, 0x00000000ca000000| Complete 
| 139|0x00000000ca100000, 0x00000000ca200000, 0x00000000ca200000|100%|HC|  |TAMS 0x00000000ca100000, 0x00000000ca100000| Complete 
| 140|0x00000000ca200000, 0x00000000ca300000, 0x00000000ca300000|100%|HC|  |TAMS 0x00000000ca200000, 0x00000000ca200000| Complete 
| 141|0x00000000ca300000, 0x00000000ca400000, 0x00000000ca400000|100%|HC|  |TAMS 0x00000000ca300000, 0x00000000ca300000| Complete 
| 142|0x00000000ca400000, 0x00000000ca500000, 0x00000000ca500000|100%|HC|  |TAMS 0x00000000ca400000, 0x00000000ca400000| Complete 
| 143|0x00000000ca500000, 0x00000000ca600000, 0x00000000ca600000|100%|HC|  |TAMS 0x00000000ca500000, 0x00000000ca500000| Complete 
| 144|0x00000000ca600000, 0x00000000ca700000, 0x00000000ca700000|100%|HC|  |TAMS 0x00000000ca600000, 0x00000000ca600000| Complete 
| 145|0x00000000ca700000, 0x00000000ca800000, 0x00000000ca800000|100%|HC|  |TAMS 0x00000000ca700000, 0x00000000ca700000| Complete 
| 146|0x00000000ca800000, 0x00000000ca900000, 0x00000000ca900000|100%|HC|  |TAMS 0x00000000ca800000, 0x00000000ca800000| Complete 
| 147|0x00000000ca900000, 0x00000000caa00000, 0x00000000caa00000|100%|HC|  |TAMS 0x00000000ca900000, 0x00000000ca900000| Complete 
| 148|0x00000000caa00000, 0x00000000cab00000, 0x00000000cab00000|100%|HC|  |TAMS 0x00000000caa00000, 0x00000000caa00000| Complete 
| 149|0x00000000cab00000, 0x00000000cac00000, 0x00000000cac00000|100%|HC|  |TAMS 0x00000000cab00000, 0x00000000cab00000| Complete 
| 150|0x00000000cac00000, 0x00000000cad00000, 0x00000000cad00000|100%|HC|  |TAMS 0x00000000cac00000, 0x00000000cac00000| Complete 
| 151|0x00000000cad00000, 0x00000000cae00000, 0x00000000cae00000|100%|HC|  |TAMS 0x00000000cad00000, 0x00000000cad00000| Complete 
| 152|0x00000000cae00000, 0x00000000caf00000, 0x00000000caf00000|100%|HC|  |TAMS 0x00000000cae00000, 0x00000000cae00000| Complete 
| 153|0x00000000caf00000, 0x00000000caf00000, 0x00000000cb000000|  0%| F|  |TAMS 0x00000000caf00000, 0x00000000caf00000| Untracked 
| 154|0x00000000cb000000, 0x00000000cb000000, 0x00000000cb100000|  0%| F|  |TAMS 0x00000000cb000000, 0x00000000cb000000| Untracked 
| 155|0x00000000cb100000, 0x00000000cb100000, 0x00000000cb200000|  0%| F|  |TAMS 0x00000000cb100000, 0x00000000cb100000| Untracked 
| 156|0x00000000cb200000, 0x00000000cb200000, 0x00000000cb300000|  0%| F|  |TAMS 0x00000000cb200000, 0x00000000cb200000| Untracked 
| 157|0x00000000cb300000, 0x00000000cb300000, 0x00000000cb400000|  0%| F|  |TAMS 0x00000000cb300000, 0x00000000cb300000| Untracked 
| 158|0x00000000cb400000, 0x00000000cb400000, 0x00000000cb500000|  0%| F|  |TAMS 0x00000000cb400000, 0x00000000cb400000| Untracked 
| 159|0x00000000cb500000, 0x00000000cb500000, 0x00000000cb600000|  0%| F|  |TAMS 0x00000000cb500000, 0x00000000cb500000| Untracked 
| 160|0x00000000cb600000, 0x00000000cb600000, 0x00000000cb700000|  0%| F|  |TAMS 0x00000000cb600000, 0x00000000cb600000| Untracked 
| 161|0x00000000cb700000, 0x00000000cb700000, 0x00000000cb800000|  0%| F|  |TAMS 0x00000000cb700000, 0x00000000cb700000| Untracked 
| 162|0x00000000cb800000, 0x00000000cb800000, 0x00000000cb900000|  0%| F|  |TAMS 0x00000000cb800000, 0x00000000cb800000| Untracked 
| 163|0x00000000cb900000, 0x00000000cb900000, 0x00000000cba00000|  0%| F|  |TAMS 0x00000000cb900000, 0x00000000cb900000| Untracked 
| 164|0x00000000cba00000, 0x00000000cba00000, 0x00000000cbb00000|  0%| F|  |TAMS 0x00000000cba00000, 0x00000000cba00000| Untracked 
| 165|0x00000000cbb00000, 0x00000000cbb00000, 0x00000000cbc00000|  0%| F|  |TAMS 0x00000000cbb00000, 0x00000000cbb00000| Untracked 
| 166|0x00000000cbc00000, 0x00000000cbc00000, 0x00000000cbd00000|  0%| F|  |TAMS 0x00000000cbc00000, 0x00000000cbc00000| Untracked 
| 167|0x00000000cbd00000, 0x00000000cbd00000, 0x00000000cbe00000|  0%| F|  |TAMS 0x00000000cbd00000, 0x00000000cbd00000| Untracked 
| 168|0x00000000cbe00000, 0x00000000cbe00000, 0x00000000cbf00000|  0%| F|  |TAMS 0x00000000cbe00000, 0x00000000cbe00000| Untracked 
| 169|0x00000000cbf00000, 0x00000000cbf00000, 0x00000000cc000000|  0%| F|  |TAMS 0x00000000cbf00000, 0x00000000cbf00000| Untracked 
| 170|0x00000000cc000000, 0x00000000cc000000, 0x00000000cc100000|  0%| F|  |TAMS 0x00000000cc000000, 0x00000000cc000000| Untracked 
| 171|0x00000000cc100000, 0x00000000cc100000, 0x00000000cc200000|  0%| F|  |TAMS 0x00000000cc100000, 0x00000000cc100000| Untracked 
| 172|0x00000000cc200000, 0x00000000cc200000, 0x00000000cc300000|  0%| F|  |TAMS 0x00000000cc200000, 0x00000000cc200000| Untracked 
| 173|0x00000000cc300000, 0x00000000cc300000, 0x00000000cc400000|  0%| F|  |TAMS 0x00000000cc300000, 0x00000000cc300000| Untracked 
| 174|0x00000000cc400000, 0x00000000cc400000, 0x00000000cc500000|  0%| F|  |TAMS 0x00000000cc400000, 0x00000000cc400000| Untracked 
| 175|0x00000000cc500000, 0x00000000cc500000, 0x00000000cc600000|  0%| F|  |TAMS 0x00000000cc500000, 0x00000000cc500000| Untracked 

Card table byte_map: [0x00000254e7830000,0x00000254e7a30000] _byte_map_base: 0x00000254e7225000

Marking Bits (Prev, Next): (CMBitMap*) 0x00000254d0162058, (CMBitMap*) 0x00000254d0162018
 Prev Bits: [0x00000254e8be0000, 0x00000254e9b88000)
 Next Bits: [0x00000254e7c30000, 0x00000254e8bd8000)

Polling page: 0x00000254ce080000

Metaspace:

Usage:
  Non-class:     11.09 MB capacity,    10.91 MB ( 98%) used,   161.66 KB (  1%) free+waste,    27.06 KB ( <1%) overhead. 
      Class:      1.47 MB capacity,     1.35 MB ( 92%) used,    99.18 KB (  7%) free+waste,    15.38 KB (  1%) overhead. 
       Both:     12.56 MB capacity,    12.26 MB ( 98%) used,   260.84 KB (  2%) free+waste,    42.44 KB ( <1%) overhead. 

Virtual space:
  Non-class space:       12.00 MB reserved,      11.25 MB ( 94%) committed 
      Class space:        1.00 GB reserved,       1.50 MB ( <1%) committed 
             Both:        1.01 GB reserved,      12.75 MB (  1%) committed 

Chunk freelists:
   Non-Class:  36.00 KB
       Class:  2.00 KB
        Both:  38.00 KB

MaxMetaspaceSize: 17179869184.00 GB
CompressedClassSpaceSize: 1.00 GB

CodeHeap 'non-profiled nmethods': size=120000Kb used=833Kb max_used=833Kb free=119166Kb
 bounds [0x00000254e0100000, 0x00000254e0370000, 0x00000254e7630000]
CodeHeap 'profiled nmethods': size=120000Kb used=5803Kb max_used=5803Kb free=114196Kb
 bounds [0x00000254d8bd0000, 0x00000254d9180000, 0x00000254e0100000]
CodeHeap 'non-nmethods': size=5760Kb used=1330Kb max_used=1344Kb free=4429Kb
 bounds [0x00000254d8630000, 0x00000254d88a0000, 0x00000254d8bd0000]
 total_blobs=3928 nmethods=2478 adapters=534
 compilation: enabled
              stopped_count=0, restarted_count=0
 full_count=0

Compilation events (20 events):
Event: 2.158 Thread 0x00000254ec14d000 2520       3       java.lang.invoke.ClassSpecializer$SpeciesData::transformHelper (56 bytes)
Event: 2.159 Thread 0x00000254ec14d000 nmethod 2520 0x00000254d9171910 code [0x00000254d9171b40, 0x00000254d9172560]
Event: 2.159 Thread 0x00000254ec14d000 2519       3       java.lang.invoke.LambdaFormEditor::bindArgumentL (59 bytes)
Event: 2.159 Thread 0x00000254ec14d000 nmethod 2519 0x00000254d9172810 code [0x00000254d91729e0, 0x00000254d9172d10]
Event: 2.160 Thread 0x00000254ec14d000 2521       3       jdk.internal.org.objectweb.asm.MethodWriter::visitEnd (1 bytes)
Event: 2.160 Thread 0x00000254ec14d000 nmethod 2521 0x00000254d9172e90 code [0x00000254d9173020, 0x00000254d9173198]
Event: 2.160 Thread 0x00000254ec14d000 2522       3       jdk.internal.org.objectweb.asm.MethodWriter::computeMethodInfoSize (704 bytes)
Event: 2.162 Thread 0x00000254ec14d000 nmethod 2522 0x00000254d9173210 code [0x00000254d91735c0, 0x00000254d9174960]
Event: 2.162 Thread 0x00000254ec14d000 2523       3       jdk.internal.org.objectweb.asm.MethodWriter::hasFrames (13 bytes)
Event: 2.162 Thread 0x00000254ec14d000 nmethod 2523 0x00000254d9175110 code [0x00000254d91752c0, 0x00000254d9175498]
Event: 2.162 Thread 0x00000254ec14d000 2524       3       jdk.internal.org.objectweb.asm.MethodWriter::putMethodInfo (1431 bytes)
Event: 2.166 Thread 0x00000254ec14d000 nmethod 2524 0x00000254d9175510 code [0x00000254d9175d00, 0x00000254d9178a70]
Event: 2.166 Thread 0x00000254ec14d000 2528 %     3       sun.awt.image.PNGImageDecoder::update_crc @ 3 (41 bytes)
Event: 2.166 Thread 0x00000254ec14d000 nmethod 2528% 0x00000254d9179f90 code [0x00000254d917a140, 0x00000254d917a3f8]
Event: 2.166 Thread 0x00000254ec14d000 2529       3       sun.awt.image.PNGImageDecoder::update_crc (41 bytes)
Event: 2.166 Thread 0x00000254ec14d000 nmethod 2529 0x00000254d917a590 code [0x00000254d917a740, 0x00000254d917a998]
Event: 2.166 Thread 0x00000254ec14d000 2525       3       jdk.internal.org.objectweb.asm.Handler::putExceptionTable (63 bytes)
Event: 2.167 Thread 0x00000254ec146000 2530 %     4       sun.awt.image.PNGImageDecoder::update_crc @ 3 (41 bytes)
Event: 2.167 Thread 0x00000254ec14d000 nmethod 2525 0x00000254d917ab10 code [0x00000254d917ad20, 0x00000254d917b1f0]
Event: 2.178 Thread 0x00000254ec146000 nmethod 2530% 0x00000254e01d0090 code [0x00000254e01d0220, 0x00000254e01d04d8]

GC Heap History (10 events):
Event: 0.602 GC heap before
{Heap before GC invocations=0 (full 0):
 garbage-first heap   total 65536K, used 14336K [0x00000000c1600000, 0x0000000100000000)
  region size 1024K, 14 young (14336K), 0 survivors (0K)
 Metaspace       used 8416K, capacity 8753K, committed 8960K, reserved 1056768K
  class space    used 1043K, capacity 1182K, committed 1280K, reserved 1048576K
}
Event: 0.608 GC heap after
{Heap after GC invocations=1 (full 0):
 garbage-first heap   total 65536K, used 3938K [0x00000000c1600000, 0x0000000100000000)
  region size 1024K, 2 young (2048K), 2 survivors (2048K)
 Metaspace       used 8416K, capacity 8753K, committed 8960K, reserved 1056768K
  class space    used 1043K, capacity 1182K, committed 1280K, reserved 1048576K
}
Event: 0.714 GC heap before
{Heap before GC invocations=1 (full 0):
 garbage-first heap   total 65536K, used 13154K [0x00000000c1600000, 0x0000000100000000)
  region size 1024K, 11 young (11264K), 2 survivors (2048K)
 Metaspace       used 8686K, capacity 9033K, committed 9216K, reserved 1056768K
  class space    used 1056K, capacity 1190K, committed 1280K, reserved 1048576K
}
Event: 0.718 GC heap after
{Heap after GC invocations=2 (full 0):
 garbage-first heap   total 65536K, used 4812K [0x00000000c1600000, 0x0000000100000000)
  region size 1024K, 1 young (1024K), 1 survivors (1024K)
 Metaspace       used 8686K, capacity 9033K, committed 9216K, reserved 1056768K
  class space    used 1056K, capacity 1190K, committed 1280K, reserved 1048576K
}
Event: 1.311 GC heap before
{Heap before GC invocations=2 (full 0):
 garbage-first heap   total 65536K, used 28364K [0x00000000c1600000, 0x0000000100000000)
  region size 1024K, 25 young (25600K), 1 survivors (1024K)
 Metaspace       used 9956K, capacity 10290K, committed 10624K, reserved 1058816K
  class space    used 1160K, capacity 1287K, committed 1408K, reserved 1048576K
}
Event: 1.314 GC heap after
{Heap after GC invocations=3 (full 0):
 garbage-first heap   total 65536K, used 5680K [0x00000000c1600000, 0x0000000100000000)
  region size 1024K, 2 young (2048K), 2 survivors (2048K)
 Metaspace       used 9956K, capacity 10290K, committed 10624K, reserved 1058816K
  class space    used 1160K, capacity 1287K, committed 1408K, reserved 1048576K
}
Event: 1.964 GC heap before
{Heap before GC invocations=3 (full 0):
 garbage-first heap   total 65536K, used 33328K [0x00000000c1600000, 0x0000000100000000)
  region size 1024K, 29 young (29696K), 2 survivors (2048K)
 Metaspace       used 11848K, capacity 12187K, committed 12544K, reserved 1060864K
  class space    used 1307K, capacity 1426K, committed 1536K, reserved 1048576K
}
Event: 1.968 GC heap after
{Heap after GC invocations=4 (full 0):
 garbage-first heap   total 65536K, used 6397K [0x00000000c1600000, 0x0000000100000000)
  region size 1024K, 3 young (3072K), 3 survivors (3072K)
 Metaspace       used 11848K, capacity 12187K, committed 12544K, reserved 1060864K
  class space    used 1307K, capacity 1426K, committed 1536K, reserved 1048576K
}
Event: 2.171 GC heap before
{Heap before GC invocations=4 (full 0):
 garbage-first heap   total 65536K, used 27901K [0x00000000c1600000, 0x0000000100000000)
  region size 1024K, 26 young (26624K), 3 survivors (3072K)
 Metaspace       used 12554K, capacity 12858K, committed 13056K, reserved 1060864K
  class space    used 1387K, capacity 1502K, committed 1536K, reserved 1048576K
}
Event: 2.177 GC heap after
{Heap after GC invocations=5 (full 0):
 garbage-first heap   total 65536K, used 7238K [0x00000000c1600000, 0x0000000100000000)
  region size 1024K, 4 young (4096K), 4 survivors (4096K)
 Metaspace       used 12554K, capacity 12858K, committed 13056K, reserved 1060864K
  class space    used 1387K, capacity 1502K, committed 1536K, reserved 1048576K
}

Deoptimization events (20 events):
Event: 2.169 Thread 0x00000254ed1d1800 DEOPT PACKING pc=0x00000254d917a31f sp=0x00000073233feec0
Event: 2.169 Thread 0x00000254ed1d1800 DEOPT UNPACKING pc=0x00000254d867964e sp=0x00000073233fe390 mode 0
Event: 2.169 Thread 0x00000254ed1d1800 DEOPT PACKING pc=0x00000254d917a31f sp=0x00000073233feec0
Event: 2.169 Thread 0x00000254ed1d1800 DEOPT UNPACKING pc=0x00000254d867964e sp=0x00000073233fe390 mode 0
Event: 2.169 Thread 0x00000254ed1d1800 DEOPT PACKING pc=0x00000254d917a31f sp=0x00000073233feec0
Event: 2.169 Thread 0x00000254ed1d1800 DEOPT UNPACKING pc=0x00000254d867964e sp=0x00000073233fe390 mode 0
Event: 2.169 Thread 0x00000254ed1d1800 DEOPT PACKING pc=0x00000254d917a31f sp=0x00000073233feec0
Event: 2.169 Thread 0x00000254ed1d1800 DEOPT UNPACKING pc=0x00000254d867964e sp=0x00000073233fe390 mode 0
Event: 2.170 Thread 0x00000254ed1d1800 DEOPT PACKING pc=0x00000254d917a31f sp=0x00000073233feec0
Event: 2.170 Thread 0x00000254ed1d1800 DEOPT UNPACKING pc=0x00000254d867964e sp=0x00000073233fe390 mode 0
Event: 2.170 Thread 0x00000254ed1d1800 DEOPT PACKING pc=0x00000254d917a31f sp=0x00000073233feec0
Event: 2.170 Thread 0x00000254ed1d1800 DEOPT UNPACKING pc=0x00000254d867964e sp=0x00000073233fe390 mode 0
Event: 2.170 Thread 0x00000254ed1d1800 DEOPT PACKING pc=0x00000254d917a31f sp=0x00000073233feec0
Event: 2.170 Thread 0x00000254ed1d1800 DEOPT UNPACKING pc=0x00000254d867964e sp=0x00000073233fe390 mode 0
Event: 2.170 Thread 0x00000254ed1d1800 DEOPT PACKING pc=0x00000254d917a31f sp=0x00000073233feec0
Event: 2.170 Thread 0x00000254ed1d1800 DEOPT UNPACKING pc=0x00000254d867964e sp=0x00000073233fe390 mode 0
Event: 2.170 Thread 0x00000254ed1d1800 DEOPT PACKING pc=0x00000254d917a31f sp=0x00000073233feec0
Event: 2.170 Thread 0x00000254ed1d1800 DEOPT UNPACKING pc=0x00000254d867964e sp=0x00000073233fe390 mode 0
Event: 2.171 Thread 0x00000254ed1d1800 DEOPT PACKING pc=0x00000254d8f12b65 sp=0x00000073233ff090
Event: 2.171 Thread 0x00000254ed1d1800 DEOPT UNPACKING pc=0x00000254d867964e sp=0x00000073233fe620 mode 0

Classes unloaded (0 events):
No events

Classes redefined (0 events):
No events

Internal exceptions (14 events):
Event: 0.143 Thread 0x00000254d0131800 Exception <a 'java/lang/ClassNotFoundException'{0x00000000c5305600}: sun/awt/resources/spi/awtProvider> (0x00000000c5305600) 
thrown [t:/workspace/open/src/hotspot/share/classfile/systemDictionary.cpp, line 232]
Event: 0.176 Thread 0x00000254d0131800 Exception <a 'java/io/FileNotFoundException'{0x00000000c535c950}> (0x00000000c535c950) 
thrown [t:/workspace/open/src/hotspot/share/prims/jni.cpp, line 598]
Event: 0.184 Thread 0x00000254d0131800 Exception <a 'java/io/FileNotFoundException'{0x00000000c5382f30}> (0x00000000c5382f30) 
thrown [t:/workspace/open/src/hotspot/share/prims/jni.cpp, line 598]
Event: 0.264 Thread 0x00000254ecf29800 Exception <a 'java/lang/NoSuchMethodError'{0x00000000c514d1f0}: 'void java.lang.invoke.DirectMethodHandle$Holder.invokeSpecial(java.lang.Object, java.lang.Object)'> (0x00000000c514d1f0) 
thrown [t:/workspace/open/src/hotspot/share/interpreter/linkResolver.cpp, line 767]
Event: 0.327 Thread 0x00000254ecf2f800 Exception <a 'java/lang/NoSuchMethodError'{0x00000000c504a830}: 'java.lang.Object java.lang.invoke.DirectMethodHandle$Holder.invokeStatic(java.lang.Object, int, java.lang.Object, java.lang.Object, java.lang.Object, java.lang.Object)'> (0x00000000c504a830) 
thrown [t:/workspace/open/src/hotspot/share/interpreter/linkResolver.cpp, line 767]
Event: 0.328 Thread 0x00000254ecf2f800 Exception <a 'java/lang/NoSuchMethodError'{0x00000000c5051190}: 'java.lang.Object java.lang.invoke.DirectMethodHandle$Holder.invokeStatic(java.lang.Object, int, java.lang.Object, java.lang.Object, java.lang.Object)'> (0x00000000c5051190) 
thrown [t:/workspace/open/src/hotspot/share/interpreter/linkResolver.cpp, line 767]
Event: 0.328 Thread 0x00000254ecf2f800 Exception <a 'java/lang/NoSuchMethodError'{0x00000000c50549f8}: 'java.lang.Object java.lang.invoke.DirectMethodHandle$Holder.invokeSpecial(java.lang.Object, java.lang.Object, int, java.lang.Object, java.lang.Object, java.lang.Object)'> (0x00000000c50549f8) 
thrown [t:/workspace/open/src/hotspot/share/interpreter/linkResolver.cpp, line 767]
Event: 0.332 Thread 0x00000254ecf2f800 Exception <a 'java/lang/NoSuchMethodError'{0x00000000c506ad20}: 'java.lang.Object java.lang.invoke.DirectMethodHandle$Holder.invokeStatic(java.lang.Object, int, java.lang.Object)'> (0x00000000c506ad20) 
thrown [t:/workspace/open/src/hotspot/share/interpreter/linkResolver.cpp, line 767]
Event: 0.356 Thread 0x00000254ecf2f800 Exception <a 'java/lang/ClassNotFoundException'{0x00000000c4f0e378}: com/sun/swing/internal/plaf/metal/resources/spi/metalProvider> (0x00000000c4f0e378) 
thrown [t:/workspace/open/src/hotspot/share/classfile/systemDictionary.cpp, line 232]
Event: 0.357 Thread 0x00000254ecf2f800 Exception <a 'java/lang/ClassNotFoundException'{0x00000000c4f12420}: com/sun/swing/internal/plaf/basic/resources/spi/basicProvider> (0x00000000c4f12420) 
thrown [t:/workspace/open/src/hotspot/share/classfile/systemDictionary.cpp, line 232]
Event: 0.391 Thread 0x00000254ecf2f800 Exception <a 'java/net/UnknownHostException'{0x00000000c4f495d8}> (0x00000000c4f495d8) 
thrown [t:/workspace/open/src/hotspot/share/prims/jni.cpp, line 598]
Event: 0.686 Thread 0x00000254ecf2f800 Exception <a 'java/lang/NoSuchMethodError'{0x00000000c4e4b048}: 'int java.lang.invoke.DirectMethodHandle$Holder.invokeSpecialIFC(java.lang.Object, java.lang.Object, int)'> (0x00000000c4e4b048) 
thrown [t:/workspace/open/src/hotspot/share/interpreter/linkResolver.cpp, line 767]
Event: 2.155 Thread 0x00000254ecf2f800 Exception <a 'java/lang/NoSuchMethodError'{0x00000000c40e3d50}: 'void java.lang.invoke.DirectMethodHandle$Holder.invokeStaticInit(java.lang.Object)'> (0x00000000c40e3d50) 
thrown [t:/workspace/open/src/hotspot/share/interpreter/linkResolver.cpp, line 767]
Event: 2.163 Thread 0x00000254ecf2f800 Exception <a 'java/lang/NoSuchMethodError'{0x00000000c3f0b4d0}: 'java.lang.Object java.lang.invoke.Invokers$Holder.linkToTargetMethod(java.lang.Object, int, java.lang.Object)'> (0x00000000c3f0b4d0) 
thrown [t:/workspace/open/src/hotspot/share/interpreter/linkResolver.cpp, line 767]

Events (20 events):
Event: 2.159 loading class sun/awt/windows/WingDings done
Event: 2.159 loading class sun/awt/windows/WingDings$Encoder
Event: 2.159 loading class sun/awt/windows/WingDings$Encoder done
Event: 2.159 loading class sun/awt/Symbol
Event: 2.159 loading class sun/awt/Symbol done
Event: 2.160 loading class sun/awt/Symbol$Encoder
Event: 2.160 loading class sun/awt/Symbol$Encoder done
Event: 2.160 Executing VM operation: RevokeBias
Event: 2.160 Executing VM operation: RevokeBias done
Event: 2.161 Executing VM operation: RevokeBias
Event: 2.161 Executing VM operation: RevokeBias done
Event: 2.163 Executing VM operation: RevokeBias
Event: 2.163 Executing VM operation: RevokeBias done
Event: 2.164 Executing VM operation: RevokeBias
Event: 2.164 Executing VM operation: RevokeBias done
Event: 2.170 Executing VM operation: RevokeBias
Event: 2.170 Executing VM operation: RevokeBias done
Event: 2.171 Executing VM operation: G1CollectForAllocation
Event: 2.177 Executing VM operation: G1CollectForAllocation done
Event: 2.248 Executing VM operation: G1Concurrent


Dynamic libraries:
0x00007ff6fdbc0000 - 0x00007ff6fdbcf000 	C:\Program Files\Java\jdk-13.0.2\bin\javaw.exe
0x00007ffb5d060000 - 0x00007ffb5d250000 	C:\Windows\SYSTEM32\ntdll.dll
0x00007ffb5b5d0000 - 0x00007ffb5b682000 	C:\Windows\System32\KERNEL32.DLL
0x00007ffb5ab60000 - 0x00007ffb5ae05000 	C:\Windows\System32\KERNELBASE.dll
0x00007ffb5a230000 - 0x00007ffb5a32a000 	C:\Windows\System32\ucrtbase.dll
0x00007ffb3e0e0000 - 0x00007ffb3e0f5000 	C:\Program Files\Java\jdk-13.0.2\bin\VCRUNTIME140.dll
0x00007ffb3e130000 - 0x00007ffb3e148000 	C:\Program Files\Java\jdk-13.0.2\bin\jli.dll
0x00007ffb5b6a0000 - 0x00007ffb5b743000 	C:\Windows\System32\ADVAPI32.dll
0x00007ffb5c170000 - 0x00007ffb5c20e000 	C:\Windows\System32\msvcrt.dll
0x00007ffb5b750000 - 0x00007ffb5b7e7000 	C:\Windows\System32\sechost.dll
0x00007ffb5c040000 - 0x00007ffb5c15f000 	C:\Windows\System32\RPCRT4.dll
0x00007ffb5c210000 - 0x00007ffb5c3a4000 	C:\Windows\System32\USER32.dll
0x00007ffb5a200000 - 0x00007ffb5a221000 	C:\Windows\System32\win32u.dll
0x00007ffb4ba50000 - 0x00007ffb4bcd4000 	C:\Windows\WinSxS\amd64_microsoft.windows.common-controls_6595b64144ccf1df_6.0.18362.1556_none_9e7e372fe45e41d5\COMCTL32.dll
0x00007ffb5cf60000 - 0x00007ffb5cf86000 	C:\Windows\System32\GDI32.dll
0x00007ffb5ba70000 - 0x00007ffb5bda6000 	C:\Windows\System32\combase.dll
0x00007ffb59fa0000 - 0x00007ffb5a138000 	C:\Windows\System32\gdi32full.dll
0x00007ffb5b050000 - 0x00007ffb5b0d1000 	C:\Windows\System32\bcryptPrimitives.dll
0x00007ffb5a140000 - 0x00007ffb5a1de000 	C:\Windows\System32\msvcp_win.dll
0x00007ffb55b20000 - 0x00007ffb55b2a000 	C:\Windows\SYSTEM32\VERSION.dll
0x00007ffb5ba40000 - 0x00007ffb5ba6e000 	C:\Windows\System32\IMM32.DLL
0x00007ffb2ccd0000 - 0x00007ffb2cd6b000 	C:\Program Files\Java\jdk-13.0.2\bin\msvcp140.dll
0x00007ffb23e10000 - 0x00007ffb2496d000 	C:\Program Files\Java\jdk-13.0.2\bin\server\jvm.dll
0x00007ffb5b690000 - 0x00007ffb5b698000 	C:\Windows\System32\PSAPI.DLL
0x00007ffb42480000 - 0x00007ffb42489000 	C:\Windows\SYSTEM32\WSOCK32.dll
0x00007ffb5c3b0000 - 0x00007ffb5c41f000 	C:\Windows\System32\WS2_32.dll
0x00007ffb579d0000 - 0x00007ffb579f4000 	C:\Windows\SYSTEM32\WINMM.dll
0x00007ffb579a0000 - 0x00007ffb579cd000 	C:\Windows\SYSTEM32\winmmbase.dll
0x00007ffb5ae70000 - 0x00007ffb5aeba000 	C:\Windows\System32\cfgmgr32.dll
0x00007ffb59f80000 - 0x00007ffb59f91000 	C:\Windows\System32\kernel.appcore.dll
0x00007ffb40970000 - 0x00007ffb40980000 	C:\Program Files\Java\jdk-13.0.2\bin\verify.dll
0x00007ffb4add0000 - 0x00007ffb4afc4000 	C:\Windows\SYSTEM32\DBGHELP.DLL
0x00007ffb4ac80000 - 0x00007ffb4acaa000 	C:\Windows\SYSTEM32\dbgcore.DLL
0x00007ffb3b5c0000 - 0x00007ffb3b5e6000 	C:\Program Files\Java\jdk-13.0.2\bin\java.dll
0x00007ffb3c320000 - 0x00007ffb3c337000 	C:\Program Files\Java\jdk-13.0.2\bin\zip.dll
0x00007ffb3f6e0000 - 0x00007ffb3f6ea000 	C:\Program Files\Java\jdk-13.0.2\bin\jimage.dll
0x00007ffb5c730000 - 0x00007ffb5ce17000 	C:\Windows\System32\SHELL32.dll
0x00007ffb5b990000 - 0x00007ffb5ba38000 	C:\Windows\System32\shcore.dll
0x00007ffb5a330000 - 0x00007ffb5aaab000 	C:\Windows\System32\windows.storage.dll
0x00007ffb59f60000 - 0x00007ffb59f7e000 	C:\Windows\System32\profapi.dll
0x00007ffb59ef0000 - 0x00007ffb59f3a000 	C:\Windows\System32\powrprof.dll
0x00007ffb59ee0000 - 0x00007ffb59ef0000 	C:\Windows\System32\UMPDC.dll
0x00007ffb5cf90000 - 0x00007ffb5cfe2000 	C:\Windows\System32\shlwapi.dll
0x00007ffb5a1e0000 - 0x00007ffb5a1f7000 	C:\Windows\System32\cryptsp.dll
0x00007ffb3b5a0000 - 0x00007ffb3b5b9000 	C:\Program Files\Java\jdk-13.0.2\bin\net.dll
0x00007ffb50080000 - 0x00007ffb5017a000 	C:\Windows\SYSTEM32\WINHTTP.dll
0x00007ffb59720000 - 0x00007ffb59787000 	C:\Windows\system32\mswsock.dll
0x00007ffb3b580000 - 0x00007ffb3b593000 	C:\Program Files\Java\jdk-13.0.2\bin\nio.dll
0x00007ffb26380000 - 0x00007ffb26519000 	C:\Program Files\Java\jdk-13.0.2\bin\awt.dll
0x00007ffb5be90000 - 0x00007ffb5bf55000 	C:\Windows\System32\OLEAUT32.dll
0x00007ffb58050000 - 0x00007ffb580df000 	C:\Windows\SYSTEM32\apphelp.dll
0x00007ffb58200000 - 0x00007ffb58299000 	C:\Windows\system32\uxtheme.dll
0x00007ffb5ce20000 - 0x00007ffb5cf55000 	C:\Windows\System32\MSCTF.dll
0x00007ffb5c420000 - 0x00007ffb5c577000 	C:\Windows\System32\ole32.dll
0x00007ffb582f0000 - 0x00007ffb5831d000 	C:\Windows\system32\DWMAPI.DLL
0x00007ffb2cb70000 - 0x00007ffb2ccc6000 	C:\Windows\system32\opengl32.dll
0x00007ffb39aa0000 - 0x00007ffb39acc000 	C:\Windows\SYSTEM32\GLU32.dll
0x00007ffb58bf0000 - 0x00007ffb58c10000 	C:\Windows\SYSTEM32\dxcore.dll
0x00007ffb59470000 - 0x00007ffb5953b000 	C:\Windows\SYSTEM32\DNSAPI.dll
0x00007ffb5c160000 - 0x00007ffb5c168000 	C:\Windows\System32\NSI.dll
0x00007ffb59430000 - 0x00007ffb5946a000 	C:\Windows\SYSTEM32\IPHLPAPI.DLL
0x00007ffb4fdb0000 - 0x00007ffb4fdba000 	C:\Windows\System32\rasadhlp.dll
0x00007ffb2ca80000 - 0x00007ffb2cb02000 	C:\Program Files\Java\jdk-13.0.2\bin\freetype.dll
0x00007ffb2c9d0000 - 0x00007ffb2ca76000 	C:\Program Files\Java\jdk-13.0.2\bin\fontmanager.dll

dbghelp: loaded successfully - version: 4.0.5 - missing functions: none
symbol engine: initialized successfully - sym options: 0x614 - pdb path: .;C:\Program Files\Java\jdk-13.0.2\bin;C:\Windows\SYSTEM32;C:\Windows\WinSxS\amd64_microsoft.windows.common-controls_6595b64144ccf1df_6.0.18362.1556_none_9e7e372fe45e41d5;C:\Program Files\Java\jdk-13.0.2\bin\server

VM Arguments:
jvm_args: -Dfile.encoding=Cp1252 
java_command: Application.Home
java_class_path (initial): C:\Users\User\Desktop\Programmes\Java\Workspace\DriveOperations\target\classes;C:\Users\User\Desktop\Libraries\jgoodies-common-1.8.0.jar;C:\Users\User\Desktop\Libraries\jgoodies-forms-1.8.0.jar;C:\Users\User\Desktop\Libraries\miglayout15-swing.jar;C:\Users\User\Downloads\javax.mail.jar;C:\Users\User\Downloads\activation-1.1.1.jar;C:\Users\User\Downloads\jcalendar-1.4.jar;C:\Users\User\Downloads\jfreechart-1.0.19\lib\jcommon-1.0.23.jar;C:\Users\User\Downloads\jfreechart-1.0.19\lib\jfreechart-1.0.19.jar;C:\Users\User\Downloads\commons-net-3.8.0\commons-net-3.8.0.jar;C:\Users\User\Documents\Libs\comm-2.0.jar;C:\Users\User\Documents\Libs\http-2.2.1.jar;C:\Users\User\Documents\Libs\mysql-connector-java-5.1.45.jar;C:\Users\User\Downloads\JTattoo-1.6.13.jar;C:\Users\User\Desktop\Libs\jmespath-java-1.11.470.jar;C:\Users\User\Desktop\Libs\aws-java-sdk-core-1.12.65.jar;C:\Users\User\Desktop\Libs\aws-java-sdk-kms-1.12.65.jar;C:\Users\User\Desktop\Libs\aws-java-sdk-s3-1.12.65.jar;C:\Users\User\Desktop\Libs\commons-codec-1.15.jar;C:\Users\User\Desktop\Libs\commons-logging-1.1.3.jar;C:\Users\User\Desktop\Libs\httpclient-4.5.13.jar;C:\Users\User\Desktop\Libs\ion-java-1.0.2.jar;C:\Users\User\Desktop\Libs\jackson-annotations-2.12.3.jar;C:\Users\User\Desktop\Libs\jackson-core-2.12.3.jar;C:\Users\User\Desktop\Libs\jackson-databind-2.12.3.jar;C:\Users\User\Desktop\Libs\jackson-dataformat-cbor-2.12.3.jar;C:\Users\User\Desktop\Libs\jmespath-java-1.12.65.jar;C:\Users\User\Desktop\Libs\joda-time-2.8.1.jar;C:\Users\User\.m2\repository\com\amazonaws\aws-java-sdk-s3\1.12.65\aws-java-sdk-s3-1.12.65.jar;C:\Users\User\.m2\repository\com\amazonaws\aws-java-sdk-kms\1.12.65\aws-java-sdk-kms-1.12.65.jar;C:\Users\User\.m2\repository\com\amazonaws\aws-java-sdk-core\1.12.65\aws-java-sdk-core-1.12.65.jar;C:\Users\User\.m2\repository\commons-logging\commons-logging\1.1.3\commons-logging-1.1.3.jar;C:\Users\User\.m2\repository\commons-codec\commons-codec\1.15\commons-codec-1.15
Launcher Type: SUN_STANDARD

[Global flags]
     intx CICompilerCount                          = 3                                         {product} {ergonomic}
     uint ConcGCThreads                            = 1                                         {product} {ergonomic}
     uint G1ConcRefinementThreads                  = 4                                         {product} {ergonomic}
   size_t G1HeapRegionSize                         = 1048576                                   {product} {ergonomic}
    uintx GCDrainStackTargetSize                   = 64                                        {product} {ergonomic}
   size_t InitialHeapSize                          = 67108864                                  {product} {ergonomic}
   size_t MarkStackSize                            = 4194304                                   {product} {ergonomic}
   size_t MaxHeapSize                              = 1050673152                                {product} {ergonomic}
   size_t MaxNewSize                               = 630194176                                 {product} {ergonomic}
   size_t MinHeapDeltaBytes                        = 1048576                                   {product} {ergonomic}
   size_t MinHeapSize                              = 8388608                                   {product} {ergonomic}
    uintx NonNMethodCodeHeapSize                   = 5832780                                {pd product} {ergonomic}
    uintx NonProfiledCodeHeapSize                  = 122912730                              {pd product} {ergonomic}
    uintx ProfiledCodeHeapSize                     = 122912730                              {pd product} {ergonomic}
    uintx ReservedCodeCacheSize                    = 251658240                              {pd product} {ergonomic}
     bool SegmentedCodeCache                       = true                                      {product} {ergonomic}
   size_t SoftMaxHeapSize                          = 1050673152                             {manageable} {ergonomic}
     bool UseCompressedClassPointers               = true                                 {lp64_product} {ergonomic}
     bool UseCompressedOops                        = true                                 {lp64_product} {ergonomic}
     bool UseG1GC                                  = true                                      {product} {ergonomic}
     bool UseLargePagesIndividualAllocation        = false                                  {pd product} {ergonomic}

Logging:
Log output configuration:
 #0: stdout all=warning uptime,level,tags
 #1: stderr all=off uptime,level,tags

Environment Variables:
JAVA_HOME=C:\Program Files (x86)\Java\jre1.8.0_241
PATH=C:\Program Files\Java\jdk-13.0.2\bin;C:\Program Files (x86)\Common Files\Oracle\Java\javapath;C:\Windows\system32;C:\Windows;C:\Windows\System32\Wbem;C:\Windows\System32\WindowsPowerShell\v1.0\;C:\Windows\System32\OpenSSH\;C:\Program Files (x86)\apache-maven-3.8.1\bin;C:\Program Files (x86)\gradle-7.1.1\bin;C:\Users\User\AppData\Local\Microsoft\WindowsApps;C:\Users\User\AppData\Local\Programs\Microsoft VS Code\bin;C:\Program Files (x86)\gradle-7.1.1\bin;
USERNAME=User
OS=Windows_NT
PROCESSOR_IDENTIFIER=Intel64 Family 6 Model 42 Stepping 7, GenuineIntel



---------------  S Y S T E M  ---------------

OS: Windows 10 , 64 bit Build 18362 (10.0.18362.1500)

CPU:total 4 (initial active 4) (2 cores per cpu, 2 threads per core) family 6 model 42 stepping 7, cmov, cx8, fxsr, mmx, sse, sse2, sse3, ssse3, sse4.1, sse4.2, popcnt, avx, aes, clmul, ht, tsc, tscinvbit

Memory: 4k page, system-wide physical 4006M (668M free)
TotalPageFile size 16294M (AvailPageFile size 6M)
current process WorkingSet (physical memory assigned to process): 200M, peak: 200M
current process commit charge ("private bytes"): 289M, peak: 313M

vm_info: Java HotSpot(TM) 64-Bit Server VM (13.0.2+8) for windows-amd64 JRE (13.0.2+8), built on Dec 11 2019 09:20:33 by "mach5one" with unknown MS VC++:1916

END.
