#
# There is insufficient memory for the Java Runtime Environment to continue.
# Native memory allocation (malloc) failed to allocate 87216 bytes for Chunk::new
# Possible reasons:
#   The system is out of physical RAM or swap space
#   The process is running with CompressedOops enabled, and the Java Heap may be blocking the growth of the native heap
# Possible solutions:
#   Reduce memory load on the system
#   Increase physical memory or swap space
#   Check if swap backing store is full
#   Decrease Java heap size (-Xmx/-Xms)
#   Decrease number of Java threads
#   Decrease Java thread stack sizes (-Xss)
#   Set larger code cache with -XX:ReservedCodeCacheSize=
#   JVM is running with Unscaled Compressed Oops mode in which the Java heap is
#     placed in the first 4GB address space. The Java Heap base address is the
#     maximum limit for the native heap growth. Please use -XX:HeapBaseMinAddress
#     to set the Java Heap base and to place the Java Heap above 4GB virtual address.
# This output file may be truncated or incomplete.
#
#  Out of Memory Error (t:/workspace/open/src/hotspot/share/memory/arena.cpp:196), pid=5280, tid=13332
#
# JRE version: Java(TM) SE Runtime Environment (13.0.2+8) (build 13.0.2+8)
# Java VM: Java HotSpot(TM) 64-Bit Server VM (13.0.2+8, mixed mode, sharing, tiered, compressed oops, g1 gc, windows-amd64)
# No core dump will be written. Minidumps are not enabled by default on client versions of Windows
#

---------------  S U M M A R Y ------------

Command Line: -Dfile.encoding=Cp1252 Stats.StatsPane

Host: Intel(R) Core(TM) i5-2520M CPU @ 2.50GHz, 4 cores, 3G,  Windows 10 , 64 bit Build 18362 (10.0.18362.1500)
Time: Sun Oct 17 12:54:37 2021 South Africa Standard Time elapsed time: 0 seconds (0d 0h 0m 0s)

---------------  T H R E A D  ---------------

Current thread (0x00000263f9ca0800):  JavaThread "C2 CompilerThread0" daemon [_thread_in_native, id=13332, stack(0x000000ba4a900000,0x000000ba4aa00000)]


Current CompileTask:
C2:    849 1047       4       java.lang.StringBuilder::append (8 bytes)

Stack: [0x000000ba4a900000,0x000000ba4aa00000]
Native frames: (J=compiled Java code, j=interpreted, Vv=VM code, C=native code)
V  [jvm.dll+0x624f9a]
V  [jvm.dll+0x770cfa]
V  [jvm.dll+0x7724af]
V  [jvm.dll+0x772ab3]
V  [jvm.dll+0x24bf08]
V  [jvm.dll+0xc1e47]
V  [jvm.dll+0xc23cc]
V  [jvm.dll+0x35c068]
V  [jvm.dll+0x327803]
V  [jvm.dll+0x326bda]
V  [jvm.dll+0x205c27]
V  [jvm.dll+0x204e3f]
V  [jvm.dll+0x189c2c]
V  [jvm.dll+0x213e6d]
V  [jvm.dll+0x2120bb]
V  [jvm.dll+0x736bb6]
V  [jvm.dll+0x72fcaa]
V  [jvm.dll+0x623ea6]
C  [ucrtbase.dll+0x210b2]
C  [KERNEL32.DLL+0x17c24]
C  [ntdll.dll+0x6d721]


---------------  P R O C E S S  ---------------

Threads class SMR info:
_java_thread_list=0x00000263facab120, length=27, elements={
0x00000263f9c7b800, 0x00000263f9c81800, 0x00000263f9c9c000, 0x00000263f9c9f000,
0x00000263f9ca0800, 0x00000263f9ca7000, 0x00000263f9cb0800, 0x00000263fa6d0800,
0x00000263fa6da800, 0x00000263faac0000, 0x00000263faac3000, 0x00000263faac4000,
0x00000263faad0800, 0x00000263ead21800, 0x00000263fab61800, 0x00000263fac13800,
0x00000263fac31000, 0x00000263fac32000, 0x00000263fac0c000, 0x00000263fac68800,
0x00000263fac7c800, 0x00000263fac81800, 0x00000263fac7d800, 0x00000263fac7f800,
0x00000263fac7e000, 0x00000263fac7f000, 0x00000263fac7b800
}

Java Threads: ( => current thread )
  0x00000263f9c7b800 JavaThread "Reference Handler" daemon [_thread_blocked, id=17724, stack(0x000000ba4a500000,0x000000ba4a600000)]
  0x00000263f9c81800 JavaThread "Finalizer" daemon [_thread_blocked, id=2800, stack(0x000000ba4a600000,0x000000ba4a700000)]
  0x00000263f9c9c000 JavaThread "Signal Dispatcher" daemon [_thread_blocked, id=17728, stack(0x000000ba4a700000,0x000000ba4a800000)]
  0x00000263f9c9f000 JavaThread "Attach Listener" daemon [_thread_blocked, id=12904, stack(0x000000ba4a800000,0x000000ba4a900000)]
=>0x00000263f9ca0800 JavaThread "C2 CompilerThread0" daemon [_thread_in_native, id=13332, stack(0x000000ba4a900000,0x000000ba4aa00000)]
  0x00000263f9ca7000 JavaThread "C1 CompilerThread0" daemon [_thread_in_native, id=13472, stack(0x000000ba4aa00000,0x000000ba4ab00000)]
  0x00000263f9cb0800 JavaThread "Sweeper thread" daemon [_thread_blocked, id=17716, stack(0x000000ba4ab00000,0x000000ba4ac00000)]
  0x00000263fa6d0800 JavaThread "Service Thread" daemon [_thread_blocked, id=14944, stack(0x000000ba4ac00000,0x000000ba4ad00000)]
  0x00000263fa6da800 JavaThread "Common-Cleaner" daemon [_thread_blocked, id=17756, stack(0x000000ba4ae00000,0x000000ba4af00000)]
  0x00000263faac0000 JavaThread "Java2D Disposer" daemon [_thread_blocked, id=17304, stack(0x000000ba4af00000,0x000000ba4b000000)]
  0x00000263faac3000 JavaThread "AWT-Shutdown" [_thread_blocked, id=14812, stack(0x000000ba4b000000,0x000000ba4b100000)]
  0x00000263faac4000 JavaThread "AWT-Windows" daemon [_thread_in_native, id=15808, stack(0x000000ba4b100000,0x000000ba4b200000)]
  0x00000263faad0800 JavaThread "AWT-EventQueue-0" [_thread_blocked, id=15152, stack(0x000000ba4b200000,0x000000ba4b300000)]
  0x00000263ead21800 JavaThread "DestroyJavaVM" [_thread_blocked, id=15896, stack(0x000000ba49e00000,0x000000ba49f00000)]
  0x00000263fab61800 JavaThread "Image Fetcher 0" daemon [_thread_blocked, id=116, stack(0x000000ba4b300000,0x000000ba4b400000)]
  0x00000263fac13800 JavaThread "SwingWorker-pool-1-thread-1" daemon [_thread_blocked, id=12488, stack(0x000000ba4b400000,0x000000ba4b500000)]
  0x00000263fac31000 JavaThread "TimerQueue" daemon [_thread_blocked, id=15724, stack(0x000000ba4b500000,0x000000ba4b600000)]
  0x00000263fac32000 JavaThread "SwingWorker-pool-1-thread-2" daemon [_thread_blocked, id=18376, stack(0x000000ba4b600000,0x000000ba4b700000)]
  0x00000263fac0c000 JavaThread "SwingWorker-pool-1-thread-3" daemon [_thread_blocked, id=17560, stack(0x000000ba4b700000,0x000000ba4b800000)]
  0x00000263fac68800 JavaThread "SwingWorker-pool-1-thread-4" daemon [_thread_blocked, id=17532, stack(0x000000ba4b800000,0x000000ba4b900000)]
  0x00000263fac7c800 JavaThread "SwingWorker-pool-1-thread-5" daemon [_thread_blocked, id=17820, stack(0x000000ba4b900000,0x000000ba4ba00000)]
  0x00000263fac81800 JavaThread "SwingWorker-pool-1-thread-6" daemon [_thread_blocked, id=17828, stack(0x000000ba4ba00000,0x000000ba4bb00000)]
  0x00000263fac7d800 JavaThread "SwingWorker-pool-1-thread-7" daemon [_thread_blocked, id=17676, stack(0x000000ba4bb00000,0x000000ba4bc00000)]
  0x00000263fac7f800 JavaThread "SwingWorker-pool-1-thread-8" daemon [_thread_blocked, id=18120, stack(0x000000ba4bc00000,0x000000ba4bd00000)]
  0x00000263fac7e000 JavaThread "SwingWorker-pool-1-thread-9" daemon [_thread_blocked, id=17844, stack(0x000000ba4bd00000,0x000000ba4be00000)]
  0x00000263fac7f000 JavaThread "SwingWorker-pool-1-thread-10" daemon [_thread_blocked, id=17696, stack(0x000000ba4be00000,0x000000ba4bf00000)]
  0x00000263fac7b800 JavaThread "Image Fetcher 1" daemon [_thread_blocked, id=17796, stack(0x000000ba4bf00000,0x000000ba4c000000)]

Other Threads:
  0x00000263f9c77800 VMThread "VM Thread" [stack: 0x000000ba4a400000,0x000000ba4a500000] [id=17324]
  0x00000263fa6d7800 WatcherThread [stack: 0x000000ba4ad00000,0x000000ba4ae00000] [id=17528]
  0x00000263ead52800 GCTaskThread "GC Thread#0" [stack: 0x000000ba49f00000,0x000000ba4a000000] [id=17312]
  0x00000263fad3d800 GCTaskThread "GC Thread#1" [stack: 0x000000ba4c000000,0x000000ba4c100000] [id=17392]
  0x00000263fad3e000 GCTaskThread "GC Thread#2" [stack: 0x000000ba4c100000,0x000000ba4c200000] [id=16080]
  0x00000263fad3f000 GCTaskThread "GC Thread#3" [stack: 0x000000ba4c200000,0x000000ba4c300000] [id=17968]
  0x00000263ead5d800 ConcurrentGCThread "G1 Main Marker" [stack: 0x000000ba4a000000,0x000000ba4a100000] [id=15436]
  0x00000263ead5f800 ConcurrentGCThread "G1 Conc#0" [stack: 0x000000ba4a100000,0x000000ba4a200000] [id=7600]
  0x00000263eadb3000 ConcurrentGCThread "G1 Refine#0" [stack: 0x000000ba4a200000,0x000000ba4a300000] [id=14492]
  0x00000263eadb6000 ConcurrentGCThread "G1 Young RemSet Sampling" [stack: 0x000000ba4a300000,0x000000ba4a400000] [id=11828]

Threads with active compile tasks:
C2 CompilerThread0      908 1047       4       java.lang.StringBuilder::append (8 bytes)

VM state:not at safepoint (normal execution)

VM Mutex/Monitor currently owned by a thread: None

Heap address: 0x00000000c1600000, size: 1002 MB, Compressed Oops mode: 32-bit
Narrow klass base: 0x0000000800000000, Narrow klass shift: 3
Compressed class space size: 1073741824 Address: 0x0000000800b40000

Heap:
 garbage-first heap   total 65536K, used 14356K [0x00000000c1600000, 0x0000000100000000)
  region size 1024K, 13 young (13312K), 2 survivors (2048K)
 Metaspace       used 8809K, capacity 9120K, committed 9344K, reserved 1060864K
  class space    used 938K, capacity 1070K, committed 1152K, reserved 1048576K
Heap Regions: E=young(eden), S=young(survivor), O=old, HS=humongous(starts), HC=humongous(continues), CS=collection set, F=free, A=archive, TAMS=top-at-mark-start (previous, next)
|   0|0x00000000c1600000, 0x00000000c1700000, 0x00000000c1700000|100%| O|  |TAMS 0x00000000c1600000, 0x00000000c1600000| Untracked 
|   1|0x00000000c1700000, 0x00000000c1800000, 0x00000000c1800000|100%| O|  |TAMS 0x00000000c1700000, 0x00000000c1700000| Untracked 
|   2|0x00000000c1800000, 0x00000000c1805200, 0x00000000c1900000|  2%| O|  |TAMS 0x00000000c1800000, 0x00000000c1800000| Untracked 
|   3|0x00000000c1900000, 0x00000000c1900000, 0x00000000c1a00000|  0%| F|  |TAMS 0x00000000c1900000, 0x00000000c1900000| Untracked 
|   4|0x00000000c1a00000, 0x00000000c1a00000, 0x00000000c1b00000|  0%| F|  |TAMS 0x00000000c1a00000, 0x00000000c1a00000| Untracked 
|   5|0x00000000c1b00000, 0x00000000c1b00000, 0x00000000c1c00000|  0%| F|  |TAMS 0x00000000c1b00000, 0x00000000c1b00000| Untracked 
|   6|0x00000000c1c00000, 0x00000000c1c00000, 0x00000000c1d00000|  0%| F|  |TAMS 0x00000000c1c00000, 0x00000000c1c00000| Untracked 
|   7|0x00000000c1d00000, 0x00000000c1d00000, 0x00000000c1e00000|  0%| F|  |TAMS 0x00000000c1d00000, 0x00000000c1d00000| Untracked 
|   8|0x00000000c1e00000, 0x00000000c1e00000, 0x00000000c1f00000|  0%| F|  |TAMS 0x00000000c1e00000, 0x00000000c1e00000| Untracked 
|   9|0x00000000c1f00000, 0x00000000c1f00000, 0x00000000c2000000|  0%| F|  |TAMS 0x00000000c1f00000, 0x00000000c1f00000| Untracked 
|  10|0x00000000c2000000, 0x00000000c2000000, 0x00000000c2100000|  0%| F|  |TAMS 0x00000000c2000000, 0x00000000c2000000| Untracked 
|  11|0x00000000c2100000, 0x00000000c2100000, 0x00000000c2200000|  0%| F|  |TAMS 0x00000000c2100000, 0x00000000c2100000| Untracked 
|  12|0x00000000c2200000, 0x00000000c2200000, 0x00000000c2300000|  0%| F|  |TAMS 0x00000000c2200000, 0x00000000c2200000| Untracked 
|  13|0x00000000c2300000, 0x00000000c2300000, 0x00000000c2400000|  0%| F|  |TAMS 0x00000000c2300000, 0x00000000c2300000| Untracked 
|  14|0x00000000c2400000, 0x00000000c2400000, 0x00000000c2500000|  0%| F|  |TAMS 0x00000000c2400000, 0x00000000c2400000| Untracked 
|  15|0x00000000c2500000, 0x00000000c2500000, 0x00000000c2600000|  0%| F|  |TAMS 0x00000000c2500000, 0x00000000c2500000| Untracked 
|  16|0x00000000c2600000, 0x00000000c2600000, 0x00000000c2700000|  0%| F|  |TAMS 0x00000000c2600000, 0x00000000c2600000| Untracked 
|  17|0x00000000c2700000, 0x00000000c2700000, 0x00000000c2800000|  0%| F|  |TAMS 0x00000000c2700000, 0x00000000c2700000| Untracked 
|  18|0x00000000c2800000, 0x00000000c2800000, 0x00000000c2900000|  0%| F|  |TAMS 0x00000000c2800000, 0x00000000c2800000| Untracked 
|  19|0x00000000c2900000, 0x00000000c2900000, 0x00000000c2a00000|  0%| F|  |TAMS 0x00000000c2900000, 0x00000000c2900000| Untracked 
|  20|0x00000000c2a00000, 0x00000000c2a00000, 0x00000000c2b00000|  0%| F|  |TAMS 0x00000000c2a00000, 0x00000000c2a00000| Untracked 
|  21|0x00000000c2b00000, 0x00000000c2b00000, 0x00000000c2c00000|  0%| F|  |TAMS 0x00000000c2b00000, 0x00000000c2b00000| Untracked 
|  22|0x00000000c2c00000, 0x00000000c2c00000, 0x00000000c2d00000|  0%| F|  |TAMS 0x00000000c2c00000, 0x00000000c2c00000| Untracked 
|  23|0x00000000c2d00000, 0x00000000c2d00000, 0x00000000c2e00000|  0%| F|  |TAMS 0x00000000c2d00000, 0x00000000c2d00000| Untracked 
|  24|0x00000000c2e00000, 0x00000000c2e00000, 0x00000000c2f00000|  0%| F|  |TAMS 0x00000000c2e00000, 0x00000000c2e00000| Untracked 
|  25|0x00000000c2f00000, 0x00000000c2f00000, 0x00000000c3000000|  0%| F|  |TAMS 0x00000000c2f00000, 0x00000000c2f00000| Untracked 
|  26|0x00000000c3000000, 0x00000000c3000000, 0x00000000c3100000|  0%| F|  |TAMS 0x00000000c3000000, 0x00000000c3000000| Untracked 
|  27|0x00000000c3100000, 0x00000000c3100000, 0x00000000c3200000|  0%| F|  |TAMS 0x00000000c3100000, 0x00000000c3100000| Untracked 
|  28|0x00000000c3200000, 0x00000000c3200000, 0x00000000c3300000|  0%| F|  |TAMS 0x00000000c3200000, 0x00000000c3200000| Untracked 
|  29|0x00000000c3300000, 0x00000000c3300000, 0x00000000c3400000|  0%| F|  |TAMS 0x00000000c3300000, 0x00000000c3300000| Untracked 
|  30|0x00000000c3400000, 0x00000000c3400000, 0x00000000c3500000|  0%| F|  |TAMS 0x00000000c3400000, 0x00000000c3400000| Untracked 
|  31|0x00000000c3500000, 0x00000000c3500000, 0x00000000c3600000|  0%| F|  |TAMS 0x00000000c3500000, 0x00000000c3500000| Untracked 
|  32|0x00000000c3600000, 0x00000000c3600000, 0x00000000c3700000|  0%| F|  |TAMS 0x00000000c3600000, 0x00000000c3600000| Untracked 
|  33|0x00000000c3700000, 0x00000000c3700000, 0x00000000c3800000|  0%| F|  |TAMS 0x00000000c3700000, 0x00000000c3700000| Untracked 
|  34|0x00000000c3800000, 0x00000000c3800000, 0x00000000c3900000|  0%| F|  |TAMS 0x00000000c3800000, 0x00000000c3800000| Untracked 
|  35|0x00000000c3900000, 0x00000000c3900000, 0x00000000c3a00000|  0%| F|  |TAMS 0x00000000c3900000, 0x00000000c3900000| Untracked 
|  36|0x00000000c3a00000, 0x00000000c3a00000, 0x00000000c3b00000|  0%| F|  |TAMS 0x00000000c3a00000, 0x00000000c3a00000| Untracked 
|  37|0x00000000c3b00000, 0x00000000c3b00000, 0x00000000c3c00000|  0%| F|  |TAMS 0x00000000c3b00000, 0x00000000c3b00000| Untracked 
|  38|0x00000000c3c00000, 0x00000000c3c00000, 0x00000000c3d00000|  0%| F|  |TAMS 0x00000000c3c00000, 0x00000000c3c00000| Untracked 
|  39|0x00000000c3d00000, 0x00000000c3d00000, 0x00000000c3e00000|  0%| F|  |TAMS 0x00000000c3d00000, 0x00000000c3d00000| Untracked 
|  40|0x00000000c3e00000, 0x00000000c3e00000, 0x00000000c3f00000|  0%| F|  |TAMS 0x00000000c3e00000, 0x00000000c3e00000| Untracked 
|  41|0x00000000c3f00000, 0x00000000c3f00000, 0x00000000c4000000|  0%| F|  |TAMS 0x00000000c3f00000, 0x00000000c3f00000| Untracked 
|  42|0x00000000c4000000, 0x00000000c4000000, 0x00000000c4100000|  0%| F|  |TAMS 0x00000000c4000000, 0x00000000c4000000| Untracked 
|  43|0x00000000c4100000, 0x00000000c4100000, 0x00000000c4200000|  0%| F|  |TAMS 0x00000000c4100000, 0x00000000c4100000| Untracked 
|  44|0x00000000c4200000, 0x00000000c4200000, 0x00000000c4300000|  0%| F|  |TAMS 0x00000000c4200000, 0x00000000c4200000| Untracked 
|  45|0x00000000c4300000, 0x00000000c4300000, 0x00000000c4400000|  0%| F|  |TAMS 0x00000000c4300000, 0x00000000c4300000| Untracked 
|  46|0x00000000c4400000, 0x00000000c4400000, 0x00000000c4500000|  0%| F|  |TAMS 0x00000000c4400000, 0x00000000c4400000| Untracked 
|  47|0x00000000c4500000, 0x00000000c4500000, 0x00000000c4600000|  0%| F|  |TAMS 0x00000000c4500000, 0x00000000c4500000| Untracked 
|  48|0x00000000c4600000, 0x00000000c4700000, 0x00000000c4700000|100%| S|CS|TAMS 0x00000000c4600000, 0x00000000c4600000| Complete 
|  49|0x00000000c4700000, 0x00000000c4800000, 0x00000000c4800000|100%| S|CS|TAMS 0x00000000c4700000, 0x00000000c4700000| Complete 
|  50|0x00000000c4800000, 0x00000000c4800000, 0x00000000c4900000|  0%| F|  |TAMS 0x00000000c4800000, 0x00000000c4800000| Untracked 
|  51|0x00000000c4900000, 0x00000000c4900000, 0x00000000c4a00000|  0%| F|  |TAMS 0x00000000c4900000, 0x00000000c4900000| Untracked 
|  52|0x00000000c4a00000, 0x00000000c4a00000, 0x00000000c4b00000|  0%| F|  |TAMS 0x00000000c4a00000, 0x00000000c4a00000| Untracked 
|  53|0x00000000c4b00000, 0x00000000c4b85018, 0x00000000c4c00000| 51%| E|  |TAMS 0x00000000c4b00000, 0x00000000c4b00000| Complete 
|  54|0x00000000c4c00000, 0x00000000c4d00000, 0x00000000c4d00000|100%| E|CS|TAMS 0x00000000c4c00000, 0x00000000c4c00000| Complete 
|  55|0x00000000c4d00000, 0x00000000c4e00000, 0x00000000c4e00000|100%| E|CS|TAMS 0x00000000c4d00000, 0x00000000c4d00000| Complete 
|  56|0x00000000c4e00000, 0x00000000c4f00000, 0x00000000c4f00000|100%| E|CS|TAMS 0x00000000c4e00000, 0x00000000c4e00000| Complete 
|  57|0x00000000c4f00000, 0x00000000c5000000, 0x00000000c5000000|100%| E|CS|TAMS 0x00000000c4f00000, 0x00000000c4f00000| Complete 
|  58|0x00000000c5000000, 0x00000000c5100000, 0x00000000c5100000|100%| E|CS|TAMS 0x00000000c5000000, 0x00000000c5000000| Complete 
|  59|0x00000000c5100000, 0x00000000c5200000, 0x00000000c5200000|100%| E|CS|TAMS 0x00000000c5100000, 0x00000000c5100000| Complete 
|  60|0x00000000c5200000, 0x00000000c5300000, 0x00000000c5300000|100%| E|CS|TAMS 0x00000000c5200000, 0x00000000c5200000| Complete 
|  61|0x00000000c5300000, 0x00000000c5400000, 0x00000000c5400000|100%| E|CS|TAMS 0x00000000c5300000, 0x00000000c5300000| Complete 
|  62|0x00000000c5400000, 0x00000000c5500000, 0x00000000c5500000|100%| E|CS|TAMS 0x00000000c5400000, 0x00000000c5400000| Complete 
|  63|0x00000000c5500000, 0x00000000c5600000, 0x00000000c5600000|100%| E|CS|TAMS 0x00000000c5500000, 0x00000000c5500000| Complete 

Card table byte_map: [0x00000263f5370000,0x00000263f5570000] _byte_map_base: 0x00000263f4d65000

Marking Bits (Prev, Next): (CMBitMap*) 0x00000263ead53698, (CMBitMap*) 0x00000263ead536d8
 Prev Bits: [0x00000263f5770000, 0x00000263f6718000)
 Next Bits: [0x00000263f6720000, 0x00000263f76c8000)

Polling page: 0x00000263eab90000

Metaspace:

Usage:
  Non-class:      7.92 MB capacity,     7.73 MB ( 98%) used,   173.88 KB (  2%) free+waste,    21.50 KB ( <1%) overhead. 
      Class:      1.04 MB capacity,   943.67 KB ( 88%) used,   112.83 KB ( 11%) free+waste,    13.50 KB (  1%) overhead. 
       Both:      8.97 MB capacity,     8.65 MB ( 96%) used,   286.70 KB (  3%) free+waste,    35.00 KB ( <1%) overhead. 

Virtual space:
  Non-class space:       12.00 MB reserved,       8.00 MB ( 67%) committed 
      Class space:        1.00 GB reserved,       1.13 MB ( <1%) committed 
             Both:        1.01 GB reserved,       9.13 MB ( <1%) committed 

Chunk freelists:
   Non-Class:  14.00 KB
       Class:  18.00 KB
        Both:  32.00 KB

MaxMetaspaceSize: 17179869184.00 GB
CompressedClassSpaceSize: 1.00 GB

CodeHeap 'non-profiled nmethods': size=120000Kb used=331Kb max_used=331Kb free=119668Kb
 bounds [0x0000026387ad0000, 0x0000026387d40000, 0x000002638f000000]
CodeHeap 'profiled nmethods': size=120000Kb used=2089Kb max_used=2089Kb free=117910Kb
 bounds [0x00000263805a0000, 0x0000026380810000, 0x0000026387ad0000]
CodeHeap 'non-nmethods': size=5760Kb used=1284Kb max_used=1284Kb free=4475Kb
 bounds [0x0000026380000000, 0x0000026380270000, 0x00000263805a0000]
 total_blobs=2131 nmethods=1054 adapters=480
 compilation: enabled
              stopped_count=0, restarted_count=0
 full_count=0

Compilation events (20 events):
Event: 0.805 Thread 0x00000263f9ca7000 nmethod 1031 0x0000026387b1ef90 code [0x0000026387b1f120, 0x0000026387b1f258]
Event: 0.805 Thread 0x00000263f9ca7000 1032       3       java.util.zip.InflaterInputStream::ensureOpen (18 bytes)
Event: 0.805 Thread 0x00000263f9ca7000 nmethod 1032 0x0000026380763b90 code [0x0000026380763d40, 0x0000026380763fd0]
Event: 0.805 Thread 0x00000263f9ca0800 nmethod 1030 0x0000026387b1f310 code [0x0000026387b1f4a0, 0x0000026387b1f558]
Event: 0.805 Thread 0x00000263f9ca0800 1033       4       java.lang.String::startsWith (138 bytes)
Event: 0.806 Thread 0x00000263f9ca7000 1034       3       java.util.ArrayDeque::inc (12 bytes)
Event: 0.806 Thread 0x00000263f9ca7000 nmethod 1034 0x0000026380764090 code [0x0000026380764220, 0x0000026380764398]
Event: 0.806 Thread 0x00000263f9ca7000 1036       3       java.lang.StringLatin1::getChars (12 bytes)
Event: 0.806 Thread 0x00000263f9ca7000 nmethod 1036 0x0000026380764410 code [0x00000263807645c0, 0x0000026380764878]
Event: 0.806 Thread 0x00000263f9ca7000 1037       1       java.net.URLStreamHandler::getDefaultPort (2 bytes)
Event: 0.806 Thread 0x00000263f9ca7000 nmethod 1037 0x0000026387b1f610 code [0x0000026387b1f7a0, 0x0000026387b1f8d8]
Event: 0.807 Thread 0x00000263f9ca7000 1038       3       java.lang.String::getChars (54 bytes)
Event: 0.807 Thread 0x00000263f9ca7000 nmethod 1038 0x0000026380764a10 code [0x0000026380764c20, 0x0000026380765160]
Event: 0.809 Thread 0x00000263f9ca0800 nmethod 1033 0x0000026387b1f990 code [0x0000026387b1fb20, 0x0000026387b1fd58]
Event: 0.809 Thread 0x00000263f9ca0800 1035       4       java.lang.StringLatin1::lastIndexOf (40 bytes)
Event: 0.810 Thread 0x00000263f9ca7000 1039       3       sun.net.www.ParseUtil::firstEncodeIndex (86 bytes)
Event: 0.811 Thread 0x00000263f9ca7000 nmethod 1039 0x0000026380765390 code [0x00000263807655e0, 0x0000026380765ff0]
Event: 0.811 Thread 0x00000263f9ca7000 1040       3       java.net.URLStreamHandler::parseURL (1201 bytes)
Event: 0.812 Thread 0x00000263f9ca0800 nmethod 1035 0x0000026387b20390 code [0x0000026387b20520, 0x0000026387b206f8]
Event: 0.823 Thread 0x00000263f9ca0800 1047       4       java.lang.StringBuilder::append (8 bytes)

GC Heap History (2 events):
Event: 0.683 GC heap before
{Heap before GC invocations=0 (full 0):
 garbage-first heap   total 65536K, used 13312K [0x00000000c1600000, 0x0000000100000000)
  region size 1024K, 14 young (14336K), 0 survivors (0K)
 Metaspace       used 7122K, capacity 7370K, committed 7552K, reserved 1056768K
  class space    used 782K, capacity 890K, committed 896K, reserved 1048576K
}
Event: 0.689 GC heap after
{Heap after GC invocations=1 (full 0):
 garbage-first heap   total 65536K, used 4116K [0x00000000c1600000, 0x0000000100000000)
  region size 1024K, 2 young (2048K), 2 survivors (2048K)
 Metaspace       used 7122K, capacity 7370K, committed 7552K, reserved 1056768K
  class space    used 782K, capacity 890K, committed 896K, reserved 1048576K
}

Deoptimization events (18 events):
Event: 0.105 Thread 0x00000263ead21800 Uncommon trap: trap_request=0xffffff45 fr.pc=0x0000026387ad4e3c relative=0x000000000000019c
Event: 0.106 Thread 0x00000263ead21800 Uncommon trap: reason=unstable_if action=reinterpret pc=0x0000026387ad4e3c method=java.lang.String.hashCode()I @ 42 c2
Event: 0.106 Thread 0x00000263ead21800 DEOPT PACKING pc=0x0000026387ad4e3c sp=0x000000ba49efdcf0
Event: 0.106 Thread 0x00000263ead21800 DEOPT UNPACKING pc=0x000002638004912f sp=0x000000ba49efdc88 mode 2
Event: 0.549 Thread 0x00000263faad0800 Uncommon trap: trap_request=0xffffff45 fr.pc=0x0000026387adf710 relative=0x0000000000000070
Event: 0.549 Thread 0x00000263faad0800 Uncommon trap: reason=unstable_if action=reinterpret pc=0x0000026387adf710 method=java.io.WinNTFileSystem.isSlash(C)Z @ 9 c2
Event: 0.549 Thread 0x00000263faad0800 DEOPT PACKING pc=0x0000026387adf710 sp=0x000000ba4b2fe9f0
Event: 0.549 Thread 0x00000263faad0800 DEOPT UNPACKING pc=0x000002638004912f sp=0x000000ba4b2fe978 mode 2
Event: 0.579 Thread 0x00000263faad0800 DEOPT PACKING pc=0x0000026380696f68 sp=0x000000ba4b2fd1c0
Event: 0.579 Thread 0x00000263faad0800 DEOPT UNPACKING pc=0x000002638004964e sp=0x000000ba4b2fc618 mode 0
Event: 0.706 Thread 0x00000263faad0800 Uncommon trap: trap_request=0xffffff45 fr.pc=0x0000026387adfdb4 relative=0x00000000000003f4
Event: 0.706 Thread 0x00000263faad0800 Uncommon trap: reason=unstable_if action=reinterpret pc=0x0000026387adfdb4 method=java.lang.StringLatin1.canEncode(I)Z @ 4 c2
Event: 0.706 Thread 0x00000263faad0800 DEOPT PACKING pc=0x0000026387adfdb4 sp=0x000000ba4b2fe750
Event: 0.706 Thread 0x00000263faad0800 DEOPT UNPACKING pc=0x000002638004912f sp=0x000000ba4b2fe678 mode 2
Event: 0.711 Thread 0x00000263faad0800 Uncommon trap: trap_request=0xffffff45 fr.pc=0x0000026387ade1e4 relative=0x0000000000000044
Event: 0.711 Thread 0x00000263faad0800 Uncommon trap: reason=unstable_if action=reinterpret pc=0x0000026387ade1e4 method=java.lang.CharacterData.of(I)Ljava/lang/CharacterData; @ 4 c2
Event: 0.711 Thread 0x00000263faad0800 DEOPT PACKING pc=0x0000026387ade1e4 sp=0x000000ba4b2fdef0
Event: 0.711 Thread 0x00000263faad0800 DEOPT UNPACKING pc=0x000002638004912f sp=0x000000ba4b2fde90 mode 2

Classes unloaded (0 events):
No events

Classes redefined (0 events):
No events

Internal exceptions (12 events):
Event: 0.231 Thread 0x00000263ead21800 Exception <a 'java/lang/ClassNotFoundException'{0x00000000c5259430}: sun/awt/resources/spi/awtProvider> (0x00000000c5259430) 
thrown [t:/workspace/open/src/hotspot/share/classfile/systemDictionary.cpp, line 232]
Event: 0.262 Thread 0x00000263ead21800 Exception <a 'java/io/FileNotFoundException'{0x00000000c52be298}> (0x00000000c52be298) 
thrown [t:/workspace/open/src/hotspot/share/prims/jni.cpp, line 598]
Event: 0.272 Thread 0x00000263ead21800 Exception <a 'java/io/FileNotFoundException'{0x00000000c52e4810}> (0x00000000c52e4810) 
thrown [t:/workspace/open/src/hotspot/share/prims/jni.cpp, line 598]
Event: 0.322 Thread 0x00000263faac4000 Exception <a 'java/lang/NoSuchMethodError'{0x00000000c514d338}: 'void java.lang.invoke.DirectMethodHandle$Holder.invokeSpecial(java.lang.Object, java.lang.Object)'> (0x00000000c514d338) 
thrown [t:/workspace/open/src/hotspot/share/interpreter/linkResolver.cpp, line 767]
Event: 0.381 Thread 0x00000263faad0800 Exception <a 'java/lang/NoSuchMethodError'{0x00000000c5031630}: 'java.lang.Object java.lang.invoke.DirectMethodHandle$Holder.invokeStatic(java.lang.Object, int, java.lang.Object, java.lang.Object, java.lang.Object, java.lang.Object)'> (0x00000000c5031630) 
thrown [t:/workspace/open/src/hotspot/share/interpreter/linkResolver.cpp, line 767]
Event: 0.382 Thread 0x00000263faad0800 Exception <a 'java/lang/NoSuchMethodError'{0x00000000c5037f90}: 'java.lang.Object java.lang.invoke.DirectMethodHandle$Holder.invokeStatic(java.lang.Object, int, java.lang.Object, java.lang.Object, java.lang.Object)'> (0x00000000c5037f90) 
thrown [t:/workspace/open/src/hotspot/share/interpreter/linkResolver.cpp, line 767]
Event: 0.382 Thread 0x00000263faad0800 Exception <a 'java/lang/NoSuchMethodError'{0x00000000c503b7f8}: 'java.lang.Object java.lang.invoke.DirectMethodHandle$Holder.invokeSpecial(java.lang.Object, java.lang.Object, int, java.lang.Object, java.lang.Object, java.lang.Object)'> (0x00000000c503b7f8) 
thrown [t:/workspace/open/src/hotspot/share/interpreter/linkResolver.cpp, line 767]
Event: 0.386 Thread 0x00000263faad0800 Exception <a 'java/lang/NoSuchMethodError'{0x00000000c5051d70}: 'java.lang.Object java.lang.invoke.DirectMethodHandle$Holder.invokeStatic(java.lang.Object, int, java.lang.Object)'> (0x00000000c5051d70) 
thrown [t:/workspace/open/src/hotspot/share/interpreter/linkResolver.cpp, line 767]
Event: 0.413 Thread 0x00000263faad0800 Exception <a 'java/lang/ClassNotFoundException'{0x00000000c50f5248}: com/sun/swing/internal/plaf/metal/resources/spi/metalProvider> (0x00000000c50f5248) 
thrown [t:/workspace/open/src/hotspot/share/classfile/systemDictionary.cpp, line 232]
Event: 0.414 Thread 0x00000263faad0800 Exception <a 'java/lang/ClassNotFoundException'{0x00000000c50f9320}: com/sun/swing/internal/plaf/basic/resources/spi/basicProvider> (0x00000000c50f9320) 
thrown [t:/workspace/open/src/hotspot/share/classfile/systemDictionary.cpp, line 232]
Event: 0.610 Thread 0x00000263fac0c000 Exception <a 'java/net/UnknownHostException'{0x00000000c4c4eff8}> (0x00000000c4c4eff8) 
thrown [t:/workspace/open/src/hotspot/share/prims/jni.cpp, line 598]
Event: 0.741 Thread 0x00000263faad0800 Exception <a 'java/lang/NoSuchMethodError'{0x00000000c5037e00}: 'int java.lang.invoke.DirectMethodHandle$Holder.invokeSpecialIFC(java.lang.Object, java.lang.Object, int)'> (0x00000000c5037e00) 
thrown [t:/workspace/open/src/hotspot/share/interpreter/linkResolver.cpp, line 767]

Events (20 events):
Event: 0.819 loading class org/jfree/chart/plot/PiePlot3D
Event: 0.819 loading class org/jfree/chart/plot/PiePlot3D done
Event: 0.820 loading class org/jfree/chart/plot/PiePlot
Event: 0.820 loading class org/jfree/chart/plot/PiePlot done
Event: 0.822 loading class org/jfree/chart/labels/PieToolTipGenerator
Event: 0.822 loading class org/jfree/chart/labels/PieToolTipGenerator done
Event: 0.822 loading class org/jfree/chart/urls/PieURLGenerator
Event: 0.822 loading class org/jfree/chart/urls/PieURLGenerator done
Event: 0.823 loading class org/jfree/chart/plot/MultiplePiePlot
Event: 0.823 loading class org/jfree/chart/plot/MultiplePiePlot done
Event: 0.824 loading class org/jfree/data/category/CategoryDataset
Event: 0.824 loading class org/jfree/data/category/CategoryDataset done
Event: 0.825 loading class org/jfree/data/KeyedValues2D
Event: 0.825 loading class org/jfree/data/KeyedValues2D done
Event: 0.825 loading class org/jfree/data/Values2D
Event: 0.825 loading class org/jfree/data/Values2D done
Event: 0.826 loading class org/jfree/chart/plot/WaferMapPlot
Event: 0.826 loading class org/jfree/chart/plot/WaferMapPlot done
Event: 0.827 loading class org/jfree/chart/plot/Marker
Event: 0.827 loading class org/jfree/chart/plot/Marker done


Dynamic libraries:
0x00007ff624e60000 - 0x00007ff624e6f000 	C:\Program Files\Java\jdk-13.0.2\bin\javaw.exe
0x00007ffc72700000 - 0x00007ffc728f0000 	C:\Windows\SYSTEM32\ntdll.dll
0x00007ffc71d70000 - 0x00007ffc71e22000 	C:\Windows\System32\KERNEL32.DLL
0x00007ffc6f9e0000 - 0x00007ffc6fc85000 	C:\Windows\System32\KERNELBASE.dll
0x00007ffc6fe60000 - 0x00007ffc6ff5a000 	C:\Windows\System32\ucrtbase.dll
0x00007ffc69250000 - 0x00007ffc69268000 	C:\Program Files\Java\jdk-13.0.2\bin\jli.dll
0x00007ffc716b0000 - 0x00007ffc71753000 	C:\Windows\System32\ADVAPI32.dll
0x00007ffc71610000 - 0x00007ffc716ae000 	C:\Windows\System32\msvcrt.dll
0x00007ffc613e0000 - 0x00007ffc613f5000 	C:\Program Files\Java\jdk-13.0.2\bin\VCRUNTIME140.dll
0x00007ffc725f0000 - 0x00007ffc72687000 	C:\Windows\System32\sechost.dll
0x00007ffc71420000 - 0x00007ffc7153f000 	C:\Windows\System32\RPCRT4.dll
0x00007ffc71280000 - 0x00007ffc71414000 	C:\Windows\System32\USER32.dll
0x00007ffc6f8d0000 - 0x00007ffc6f8f1000 	C:\Windows\System32\win32u.dll
0x00007ffc60a30000 - 0x00007ffc60cb4000 	C:\Windows\WinSxS\amd64_microsoft.windows.common-controls_6595b64144ccf1df_6.0.18362.1556_none_9e7e372fe45e41d5\COMCTL32.dll
0x00007ffc70e70000 - 0x00007ffc70e96000 	C:\Windows\System32\GDI32.dll
0x00007ffc717e0000 - 0x00007ffc71b16000 	C:\Windows\System32\combase.dll
0x00007ffc6fcc0000 - 0x00007ffc6fe58000 	C:\Windows\System32\gdi32full.dll
0x00007ffc706e0000 - 0x00007ffc7077e000 	C:\Windows\System32\msvcp_win.dll
0x00007ffc6f900000 - 0x00007ffc6f981000 	C:\Windows\System32\bcryptPrimitives.dll
0x00007ffc63fa0000 - 0x00007ffc63faa000 	C:\Windows\SYSTEM32\VERSION.dll
0x00007ffc71020000 - 0x00007ffc7104e000 	C:\Windows\System32\IMM32.DLL
0x00007ffc61260000 - 0x00007ffc612fb000 	C:\Program Files\Java\jdk-13.0.2\bin\msvcp140.dll
0x00007ffc3ac60000 - 0x00007ffc3b7bd000 	C:\Program Files\Java\jdk-13.0.2\bin\server\jvm.dll
0x00007ffc72020000 - 0x00007ffc72028000 	C:\Windows\System32\PSAPI.DLL
0x00007ffc61250000 - 0x00007ffc61259000 	C:\Windows\SYSTEM32\WSOCK32.dll
0x00007ffc71cd0000 - 0x00007ffc71d3f000 	C:\Windows\System32\WS2_32.dll
0x00007ffc6ca30000 - 0x00007ffc6ca54000 	C:\Windows\SYSTEM32\WINMM.dll
0x00007ffc6ca00000 - 0x00007ffc6ca2d000 	C:\Windows\SYSTEM32\WINMMBASE.dll
0x00007ffc6f990000 - 0x00007ffc6f9da000 	C:\Windows\System32\cfgmgr32.dll
0x00007ffc6f5e0000 - 0x00007ffc6f5f1000 	C:\Windows\System32\kernel.appcore.dll
0x00007ffc61240000 - 0x00007ffc61250000 	C:\Program Files\Java\jdk-13.0.2\bin\verify.dll
0x00007ffc5f940000 - 0x00007ffc5fb34000 	C:\Windows\SYSTEM32\DBGHELP.DLL
0x00007ffc5f910000 - 0x00007ffc5f93a000 	C:\Windows\SYSTEM32\dbgcore.DLL
0x00007ffc61210000 - 0x00007ffc61236000 	C:\Program Files\Java\jdk-13.0.2\bin\java.dll
0x00007ffc611f0000 - 0x00007ffc61207000 	C:\Program Files\Java\jdk-13.0.2\bin\zip.dll
0x00007ffc611e0000 - 0x00007ffc611ea000 	C:\Program Files\Java\jdk-13.0.2\bin\jimage.dll
0x00007ffc70780000 - 0x00007ffc70e67000 	C:\Windows\System32\SHELL32.dll
0x00007ffc71e30000 - 0x00007ffc71ed8000 	C:\Windows\System32\shcore.dll
0x00007ffc6ff60000 - 0x00007ffc706db000 	C:\Windows\System32\windows.storage.dll
0x00007ffc6f620000 - 0x00007ffc6f63e000 	C:\Windows\System32\profapi.dll
0x00007ffc6f590000 - 0x00007ffc6f5da000 	C:\Windows\System32\powrprof.dll
0x00007ffc6f580000 - 0x00007ffc6f590000 	C:\Windows\System32\UMPDC.dll
0x00007ffc72500000 - 0x00007ffc72552000 	C:\Windows\System32\shlwapi.dll
0x00007ffc6f8b0000 - 0x00007ffc6f8c7000 	C:\Windows\System32\cryptsp.dll
0x00007ffc611c0000 - 0x00007ffc611d9000 	C:\Program Files\Java\jdk-13.0.2\bin\net.dll
0x00007ffc65510000 - 0x00007ffc6560a000 	C:\Windows\SYSTEM32\WINHTTP.dll
0x00007ffc6edc0000 - 0x00007ffc6ee27000 	C:\Windows\system32\mswsock.dll
0x00007ffc611a0000 - 0x00007ffc611b3000 	C:\Program Files\Java\jdk-13.0.2\bin\nio.dll
0x00007ffc522d0000 - 0x00007ffc52469000 	C:\Program Files\Java\jdk-13.0.2\bin\awt.dll
0x00007ffc70f50000 - 0x00007ffc71015000 	C:\Windows\System32\OLEAUT32.dll
0x00007ffc6d6f0000 - 0x00007ffc6d77f000 	C:\Windows\SYSTEM32\apphelp.dll
0x00007ffc6d8c0000 - 0x00007ffc6d959000 	C:\Windows\system32\uxtheme.dll
0x00007ffc71ee0000 - 0x00007ffc72015000 	C:\Windows\System32\MSCTF.dll
0x00007ffc71120000 - 0x00007ffc71277000 	C:\Windows\System32\ole32.dll
0x00007ffc6d990000 - 0x00007ffc6d9bd000 	C:\Windows\system32\DWMAPI.DLL
0x00007ffc4bc30000 - 0x00007ffc4bd86000 	C:\Windows\system32\opengl32.dll
0x00007ffc54150000 - 0x00007ffc5417c000 	C:\Windows\SYSTEM32\GLU32.dll
0x00007ffc6e1c0000 - 0x00007ffc6e1e0000 	C:\Windows\SYSTEM32\dxcore.dll
0x00007ffc6eb10000 - 0x00007ffc6ebdb000 	C:\Windows\SYSTEM32\DNSAPI.dll
0x00007ffc71d40000 - 0x00007ffc71d48000 	C:\Windows\System32\NSI.dll
0x00007ffc6ead0000 - 0x00007ffc6eb0a000 	C:\Windows\SYSTEM32\IPHLPAPI.DLL
0x00007ffc64d50000 - 0x00007ffc64d5a000 	C:\Windows\System32\rasadhlp.dll

dbghelp: loaded successfully - version: 4.0.5 - missing functions: none
symbol engine: initialized successfully - sym options: 0x614 - pdb path: .;C:\Program Files\Java\jdk-13.0.2\bin;C:\Windows\SYSTEM32;C:\Windows\WinSxS\amd64_microsoft.windows.common-controls_6595b64144ccf1df_6.0.18362.1556_none_9e7e372fe45e41d5;C:\Program Files\Java\jdk-13.0.2\bin\server

VM Arguments:
jvm_args: -Dfile.encoding=Cp1252 
java_command: Stats.StatsPane
java_class_path (initial): C:\Users\User\Desktop\Programmes\Java\Workspace\DriveOperations\target\classes;C:\Users\User\Desktop\Libraries\jgoodies-common-1.8.0.jar;C:\Users\User\Desktop\Libraries\jgoodies-forms-1.8.0.jar;C:\Users\User\Desktop\Libraries\miglayout15-swing.jar;C:\Users\User\Downloads\javax.mail.jar;C:\Users\User\Downloads\activation-1.1.1.jar;C:\Users\User\Downloads\jcalendar-1.4.jar;C:\Users\User\Downloads\jfreechart-1.0.19\lib\jcommon-1.0.23.jar;C:\Users\User\Downloads\jfreechart-1.0.19\lib\jfreechart-1.0.19.jar;C:\Users\User\Downloads\commons-net-3.8.0\commons-net-3.8.0.jar;C:\Users\User\Documents\Libs\comm-2.0.jar;C:\Users\User\Documents\Libs\http-2.2.1.jar;C:\Users\User\Documents\Libs\mysql-connector-java-5.1.45.jar;C:\Users\User\Downloads\JTattoo-1.6.13.jar;C:\Users\User\Desktop\Libs\jmespath-java-1.11.470.jar;C:\Users\User\Desktop\Libs\aws-java-sdk-core-1.12.65.jar;C:\Users\User\Desktop\Libs\aws-java-sdk-kms-1.12.65.jar;C:\Users\User\Desktop\Libs\aws-java-sdk-s3-1.12.65.jar;C:\Users\User\Desktop\Libs\commons-codec-1.15.jar;C:\Users\User\Desktop\Libs\commons-logging-1.1.3.jar;C:\Users\User\Desktop\Libs\httpclient-4.5.13.jar;C:\Users\User\Desktop\Libs\ion-java-1.0.2.jar;C:\Users\User\Desktop\Libs\jackson-annotations-2.12.3.jar;C:\Users\User\Desktop\Libs\jackson-core-2.12.3.jar;C:\Users\User\Desktop\Libs\jackson-databind-2.12.3.jar;C:\Users\User\Desktop\Libs\jackson-dataformat-cbor-2.12.3.jar;C:\Users\User\Desktop\Libs\jmespath-java-1.12.65.jar;C:\Users\User\Desktop\Libs\joda-time-2.8.1.jar;C:\Users\User\.m2\repository\com\amazonaws\aws-java-sdk-s3\1.12.65\aws-java-sdk-s3-1.12.65.jar;C:\Users\User\.m2\repository\com\amazonaws\aws-java-sdk-kms\1.12.65\aws-java-sdk-kms-1.12.65.jar;C:\Users\User\.m2\repository\com\amazonaws\aws-java-sdk-core\1.12.65\aws-java-sdk-core-1.12.65.jar;C:\Users\User\.m2\repository\commons-logging\commons-logging\1.1.3\commons-logging-1.1.3.jar;C:\Users\User\.m2\repository\commons-codec\commons-codec\1.15\commons-codec-1.15
Launcher Type: SUN_STANDARD

[Global flags]
     intx CICompilerCount                          = 3                                         {product} {ergonomic}
     uint ConcGCThreads                            = 1                                         {product} {ergonomic}
     uint G1ConcRefinementThreads                  = 4                                         {product} {ergonomic}
   size_t G1HeapRegionSize                         = 1048576                                   {product} {ergonomic}
    uintx GCDrainStackTargetSize                   = 64                                        {product} {ergonomic}
   size_t InitialHeapSize                          = 67108864                                  {product} {ergonomic}
   size_t MarkStackSize                            = 4194304                                   {product} {ergonomic}
   size_t MaxHeapSize                              = 1050673152                                {product} {ergonomic}
   size_t MaxNewSize                               = 630194176                                 {product} {ergonomic}
   size_t MinHeapDeltaBytes                        = 1048576                                   {product} {ergonomic}
   size_t MinHeapSize                              = 8388608                                   {product} {ergonomic}
    uintx NonNMethodCodeHeapSize                   = 5832780                                {pd product} {ergonomic}
    uintx NonProfiledCodeHeapSize                  = 122912730                              {pd product} {ergonomic}
    uintx ProfiledCodeHeapSize                     = 122912730                              {pd product} {ergonomic}
    uintx ReservedCodeCacheSize                    = 251658240                              {pd product} {ergonomic}
     bool SegmentedCodeCache                       = true                                      {product} {ergonomic}
   size_t SoftMaxHeapSize                          = 1050673152                             {manageable} {ergonomic}
     bool UseCompressedClassPointers               = true                                 {lp64_product} {ergonomic}
     bool UseCompressedOops                        = true                                 {lp64_product} {ergonomic}
     bool UseG1GC                                  = true                                      {product} {ergonomic}
     bool UseLargePagesIndividualAllocation        = false                                  {pd product} {ergonomic}

Logging:
Log output configuration:
 #0: stdout all=warning uptime,level,tags
 #1: stderr all=off uptime,level,tags

Environment Variables:
JAVA_HOME=C:\Program Files (x86)\Java\jre1.8.0_241
PATH=C:\Program Files\Java\jdk-13.0.2\bin;C:\Program Files (x86)\Common Files\Oracle\Java\javapath;C:\Windows\system32;C:\Windows;C:\Windows\System32\Wbem;C:\Windows\System32\WindowsPowerShell\v1.0\;C:\Windows\System32\OpenSSH\;C:\Program Files (x86)\apache-maven-3.8.1\bin;C:\Program Files (x86)\gradle-7.1.1\bin;C:\Users\User\AppData\Local\Microsoft\WindowsApps;C:\Users\User\AppData\Local\Programs\Microsoft VS Code\bin;C:\Program Files (x86)\gradle-7.1.1\bin;C:\Users\User\Downloads\platform-tools;
USERNAME=User
OS=Windows_NT
PROCESSOR_IDENTIFIER=Intel64 Family 6 Model 42 Stepping 7, GenuineIntel



---------------  S Y S T E M  ---------------

OS: Windows 10 , 64 bit Build 18362 (10.0.18362.1500)

CPU:total 4 (initial active 4) (2 cores per cpu, 2 threads per core) family 6 model 42 stepping 7, cmov, cx8, fxsr, mmx, sse, sse2, sse3, ssse3, sse4.1, sse4.2, popcnt, avx, aes, clmul, ht, tsc, tscinvbit

Memory: 4k page, system-wide physical 4006M (269M free)
TotalPageFile size 16294M (AvailPageFile size 5M)
current process WorkingSet (physical memory assigned to process): 73M, peak: 73M
current process commit charge ("private bytes"): 155M, peak: 155M

vm_info: Java HotSpot(TM) 64-Bit Server VM (13.0.2+8) for windows-amd64 JRE (13.0.2+8), built on Dec 11 2019 09:20:33 by "mach5one" with unknown MS VC++:1916

END.
