#
# There is insufficient memory for the Java Runtime Environment to continue.
# Native memory allocation (mmap) failed to map 7340032 bytes for Failed to commit area from 0x00000000cea00000 to 0x00000000cf100000 of length 7340032.
# Possible reasons:
#   The system is out of physical RAM or swap space
#   The process is running with CompressedOops enabled, and the Java Heap may be blocking the growth of the native heap
# Possible solutions:
#   Reduce memory load on the system
#   Increase physical memory or swap space
#   Check if swap backing store is full
#   Decrease Java heap size (-Xmx/-Xms)
#   Decrease number of Java threads
#   Decrease Java thread stack sizes (-Xss)
#   Set larger code cache with -XX:ReservedCodeCacheSize=
#   JVM is running with Unscaled Compressed Oops mode in which the Java heap is
#     placed in the first 4GB address space. The Java Heap base address is the
#     maximum limit for the native heap growth. Please use -XX:HeapBaseMinAddress
#     to set the Java Heap base and to place the Java Heap above 4GB virtual address.
# This output file may be truncated or incomplete.
#
#  Out of Memory Error (t:/workspace/open/src/hotspot/os/windows/os_windows.cpp:3301), pid=3980, tid=11216
#
# JRE version: Java(TM) SE Runtime Environment (13.0.2+8) (build 13.0.2+8)
# Java VM: Java HotSpot(TM) 64-Bit Server VM (13.0.2+8, mixed mode, sharing, tiered, compressed oops, g1 gc, windows-amd64)
# No core dump will be written. Minidumps are not enabled by default on client versions of Windows
#

---------------  S U M M A R Y ------------

Command Line: -Dfile.encoding=Cp1252 Application.Home

Host: Intel(R) Core(TM) i5-2520M CPU @ 2.50GHz, 4 cores, 3G,  Windows 10 , 64 bit Build 18362 (10.0.18362.1500)
Time: Wed Mar 20 08:59:31 2019 South Africa Standard Time elapsed time: 4 seconds (0d 0h 0m 4s)

---------------  T H R E A D  ---------------

Current thread (0x000002107b566000):  VMThread "VM Thread" [stack: 0x0000005c1bc00000,0x0000005c1bd00000] [id=11216]

Stack: [0x0000005c1bc00000,0x0000005c1bd00000]
[error occurred during error reporting (printing stack bounds), id 0xc0000005, EXCEPTION_ACCESS_VIOLATION (0xc0000005) at pc=0x0000021067a810ad]

Native frames: (J=compiled Java code, j=interpreted, Vv=VM code, C=native code)
V  [jvm.dll+0x624f9a]
V  [jvm.dll+0x770cfa]
V  [jvm.dll+0x7724af]
V  [jvm.dll+0x772a15]
V  [jvm.dll+0x7729cb]
V  [jvm.dll+0x6244df]
C  [ntdll.dll+0x790b6]
C  [ntdll.dll+0x6a926]
C  [ntdll.dll+0xa0c6e]
C  0x0000021067a810ad

VM_Operation (0x0000005c1b8ff8f0): G1Concurrent, mode: safepoint, requested by thread 0x000002105f5bc800


---------------  P R O C E S S  ---------------

Threads class SMR info:
_java_thread_list=0x000002107d7cc3a0, length=21, elements={
0x000002107b567800, 0x000002107b56d800, 0x000002107b58a000, 0x000002107b58d000,
0x000002107b58e000, 0x000002107b5fa800, 0x000002107b5fc000, 0x000002107bfbe800,
0x000002107bfc5000, 0x000002107c3e6000, 0x000002107c3e8800, 0x000002107c3ed000,
0x000002107c403800, 0x000002105f581800, 0x000002107c4cf800, 0x000002107c4f7800,
0x000002107c511000, 0x000002107c57d800, 0x000002107ca48800, 0x000002107c93d000,
0x000002107c78c000
}

Java Threads: ( => current thread )
  0x000002107b567800 JavaThread "Reference Handler" daemon [_thread_blocked, id=4204, stack(0x0000005c1bd00000,0x0000005c1be00000)]
  0x000002107b56d800 JavaThread "Finalizer" daemon [_thread_blocked, id=12804, stack(0x0000005c1be00000,0x0000005c1bf00000)]
  0x000002107b58a000 JavaThread "Signal Dispatcher" daemon [_thread_blocked, id=116, stack(0x0000005c1bf00000,0x0000005c1c000000)]
  0x000002107b58d000 JavaThread "Attach Listener" daemon [_thread_blocked, id=5328, stack(0x0000005c1c000000,0x0000005c1c100000)]
  0x000002107b58e000 JavaThread "C2 CompilerThread0" daemon [_thread_blocked, id=6028, stack(0x0000005c1c100000,0x0000005c1c200000)]
  0x000002107b5fa800 JavaThread "C1 CompilerThread0" daemon [_thread_blocked, id=10064, stack(0x0000005c1c200000,0x0000005c1c300000)]
  0x000002107b5fc000 JavaThread "Sweeper thread" daemon [_thread_blocked, id=12412, stack(0x0000005c1c300000,0x0000005c1c400000)]
  0x000002107bfbe800 JavaThread "Service Thread" daemon [_thread_blocked, id=12920, stack(0x0000005c1c400000,0x0000005c1c500000)]
  0x000002107bfc5000 JavaThread "Common-Cleaner" daemon [_thread_blocked, id=12704, stack(0x0000005c1c600000,0x0000005c1c700000)]
  0x000002107c3e6000 JavaThread "Java2D Disposer" daemon [_thread_blocked, id=9760, stack(0x0000005c1c700000,0x0000005c1c800000)]
  0x000002107c3e8800 JavaThread "AWT-Shutdown" [_thread_blocked, id=12960, stack(0x0000005c1c800000,0x0000005c1c900000)]
  0x000002107c3ed000 JavaThread "AWT-Windows" daemon [_thread_in_native, id=11220, stack(0x0000005c1c900000,0x0000005c1ca00000)]
  0x000002107c403800 JavaThread "AWT-EventQueue-0" [_thread_blocked, id=1992, stack(0x0000005c1ca00000,0x0000005c1cb00000)]
  0x000002105f581800 JavaThread "DestroyJavaVM" [_thread_blocked, id=2216, stack(0x0000005c1b600000,0x0000005c1b700000)]
  0x000002107c4cf800 JavaThread "Image Fetcher 0" daemon [_thread_blocked, id=1064, stack(0x0000005c1cb00000,0x0000005c1cc00000)]
  0x000002107c4f7800 JavaThread "TimerQueue" daemon [_thread_blocked, id=10692, stack(0x0000005c1cc00000,0x0000005c1cd00000)]
  0x000002107c511000 JavaThread "Image Fetcher 1" daemon [_thread_blocked, id=8736, stack(0x0000005c1cd00000,0x0000005c1ce00000)]
  0x000002107c57d800 JavaThread "Image Fetcher 2" daemon [_thread_blocked, id=13188, stack(0x0000005c1ce00000,0x0000005c1cf00000)]
  0x000002107ca48800 JavaThread "SwingWorker-pool-1-thread-1" daemon [_thread_blocked, id=5152, stack(0x0000005c1cf00000,0x0000005c1d000000)]
  0x000002107c93d000 JavaThread "SwingWorker-pool-1-thread-2" daemon [_thread_blocked, id=7192, stack(0x0000005c1d000000,0x0000005c1d100000)]
  0x000002107c78c000 JavaThread "SwingWorker-pool-1-thread-3" daemon [_thread_blocked, id=9400, stack(0x0000005c1d100000,0x0000005c1d200000)]

Other Threads:
=>0x000002107b566000 VMThread "VM Thread" [stack: 0x0000005c1bc00000,0x0000005c1bd00000] [id=11216]
  0x000002107bfc4000 WatcherThread [stack: 0x0000005c1c500000,0x0000005c1c600000] [id=12024]
  0x000002105f5b1800 GCTaskThread "GC Thread#0" [stack: 0x0000005c1b700000,0x0000005c1b800000] [id=9248]
  0x000002107c85b000 GCTaskThread "GC Thread#1" [stack: 0x0000005c1d200000,0x0000005c1d300000] [id=10092]
  0x000002107c795800 GCTaskThread "GC Thread#2" [stack: 0x0000005c1d300000,0x0000005c1d400000] [id=10552]
  0x000002107c796000 GCTaskThread "GC Thread#3" [stack: 0x0000005c1d400000,0x0000005c1d500000] [id=10628]
  0x000002105f5bc800 ConcurrentGCThread "G1 Main Marker" [stack: 0x0000005c1b800000,0x0000005c1b900000] [id=12856]
  0x000002105f5be800 ConcurrentGCThread "G1 Conc#0" [stack: 0x0000005c1b900000,0x0000005c1ba00000] [id=12884]
  0x000002105f611000 ConcurrentGCThread "G1 Refine#0" [stack: 0x0000005c1ba00000,0x0000005c1bb00000] [id=12056]
  0x000002107c0f9000 ConcurrentGCThread "G1 Refine#1" [stack: 0x0000005c1d500000,0x0000005c1d600000] [id=4440]
  0x000002105f613000 ConcurrentGCThread "G1 Young RemSet Sampling" [stack: 0x0000005c1bb00000,0x0000005c1bc00000] [id=1920]

Threads with active compile tasks:

VM state:at safepoint (normal execution)

VM Mutex/Monitor currently owned by a thread:  ([mutex/lock_event])
[0x000002105f57edf0] Threads_lock - owner thread: 0x000002107b566000
[0x000002105f57e340] Heap_lock - owner thread: 0x000002105f5bc800

Heap address: 0x00000000c1600000, size: 1002 MB, Compressed Oops mode: 32-bit
Narrow klass base: 0x0000000800000000, Narrow klass shift: 3
Compressed class space size: 1073741824 Address: 0x0000000800b40000

Heap:
 garbage-first heap   total 224256K, used 129108K [0x00000000c1600000, 0x0000000100000000)
  region size 1024K, 3 young (3072K), 1 survivors (1024K)
 Metaspace       used 10566K, capacity 10794K, committed 11008K, reserved 1058816K
  class space    used 1288K, capacity 1411K, committed 1536K, reserved 1048576K
Heap Regions: E=young(eden), S=young(survivor), O=old, HS=humongous(starts), HC=humongous(continues), CS=collection set, F=free, A=archive, TAMS=top-at-mark-start (previous, next)
|   0|0x00000000c1600000, 0x00000000c16fbf68, 0x00000000c1700000| 98%| O|  |TAMS 0x00000000c16fbf68, 0x00000000c1600000| Updating 
|   1|0x00000000c1700000, 0x00000000c17ffff8, 0x00000000c1800000| 99%| O|  |TAMS 0x00000000c17ffff8, 0x00000000c1700000| Updating 
|   2|0x00000000c1800000, 0x00000000c18fffc8, 0x00000000c1900000| 99%| O|  |TAMS 0x00000000c18fffc8, 0x00000000c1800000| Updating 
|   3|0x00000000c1900000, 0x00000000c19ffff0, 0x00000000c1a00000| 99%| O|  |TAMS 0x00000000c19ffff0, 0x00000000c1900000| Updating 
|   4|0x00000000c1a00000, 0x00000000c1a95708, 0x00000000c1b00000| 58%| O|  |TAMS 0x00000000c1a95708, 0x00000000c1a00000| Updating 
|   5|0x00000000c1b00000, 0x00000000c1be7aa0, 0x00000000c1c00000| 90%| O|  |TAMS 0x00000000c1be7aa0, 0x00000000c1b00000| Updating 
|   6|0x00000000c1c00000, 0x00000000c1c28430, 0x00000000c1d00000| 15%| O|  |TAMS 0x00000000c1c28430, 0x00000000c1c00000| Updating 
|   7|0x00000000c1d00000, 0x00000000c1e00000, 0x00000000c1e00000|100%|HS|  |TAMS 0x00000000c1e00000, 0x00000000c1d00000| Complete 
|   8|0x00000000c1e00000, 0x00000000c1f00000, 0x00000000c1f00000|100%|HC|  |TAMS 0x00000000c1f00000, 0x00000000c1e00000| Complete 
|   9|0x00000000c1f00000, 0x00000000c2000000, 0x00000000c2000000|100%|HC|  |TAMS 0x00000000c2000000, 0x00000000c1f00000| Complete 
|  10|0x00000000c2000000, 0x00000000c2100000, 0x00000000c2100000|100%|HC|  |TAMS 0x00000000c2100000, 0x00000000c2000000| Complete 
|  11|0x00000000c2100000, 0x00000000c2200000, 0x00000000c2200000|100%|HS|  |TAMS 0x00000000c2100000, 0x00000000c2100000| Complete 
|  12|0x00000000c2200000, 0x00000000c2300000, 0x00000000c2300000|100%|HC|  |TAMS 0x00000000c2200000, 0x00000000c2200000| Complete 
|  13|0x00000000c2300000, 0x00000000c2400000, 0x00000000c2400000|100%|HC|  |TAMS 0x00000000c2300000, 0x00000000c2300000| Complete 
|  14|0x00000000c2400000, 0x00000000c2500000, 0x00000000c2500000|100%|HC|  |TAMS 0x00000000c2400000, 0x00000000c2400000| Complete 
|  15|0x00000000c2500000, 0x00000000c2500000, 0x00000000c2600000|  0%| F|  |TAMS 0x00000000c2500000, 0x00000000c2500000| Untracked 
|  16|0x00000000c2600000, 0x00000000c2600000, 0x00000000c2700000|  0%| F|  |TAMS 0x00000000c2600000, 0x00000000c2600000| Untracked 
|  17|0x00000000c2700000, 0x00000000c2700000, 0x00000000c2800000|  0%| F|  |TAMS 0x00000000c2700000, 0x00000000c2700000| Untracked 
|  18|0x00000000c2800000, 0x00000000c2800000, 0x00000000c2900000|  0%| F|  |TAMS 0x00000000c2800000, 0x00000000c2800000| Untracked 
|  19|0x00000000c2900000, 0x00000000c2900000, 0x00000000c2a00000|  0%| F|  |TAMS 0x00000000c2900000, 0x00000000c2900000| Untracked 
|  20|0x00000000c2a00000, 0x00000000c2a00000, 0x00000000c2b00000|  0%| F|  |TAMS 0x00000000c2a00000, 0x00000000c2a00000| Untracked 
|  21|0x00000000c2b00000, 0x00000000c2b00000, 0x00000000c2c00000|  0%| F|  |TAMS 0x00000000c2b00000, 0x00000000c2b00000| Untracked 
|  22|0x00000000c2c00000, 0x00000000c2c00000, 0x00000000c2d00000|  0%| F|  |TAMS 0x00000000c2c00000, 0x00000000c2c00000| Untracked 
|  23|0x00000000c2d00000, 0x00000000c2d00000, 0x00000000c2e00000|  0%| F|  |TAMS 0x00000000c2d00000, 0x00000000c2d00000| Untracked 
|  24|0x00000000c2e00000, 0x00000000c2e00000, 0x00000000c2f00000|  0%| F|  |TAMS 0x00000000c2e00000, 0x00000000c2e00000| Untracked 
|  25|0x00000000c2f00000, 0x00000000c2f00000, 0x00000000c3000000|  0%| F|  |TAMS 0x00000000c2f00000, 0x00000000c2f00000| Untracked 
|  26|0x00000000c3000000, 0x00000000c3000000, 0x00000000c3100000|  0%| F|  |TAMS 0x00000000c3000000, 0x00000000c3000000| Untracked 
|  27|0x00000000c3100000, 0x00000000c3100000, 0x00000000c3200000|  0%| F|  |TAMS 0x00000000c3100000, 0x00000000c3100000| Untracked 
|  28|0x00000000c3200000, 0x00000000c3200000, 0x00000000c3300000|  0%| F|  |TAMS 0x00000000c3200000, 0x00000000c3200000| Untracked 
|  29|0x00000000c3300000, 0x00000000c3300000, 0x00000000c3400000|  0%| F|  |TAMS 0x00000000c3300000, 0x00000000c3300000| Untracked 
|  30|0x00000000c3400000, 0x00000000c3400000, 0x00000000c3500000|  0%| F|  |TAMS 0x00000000c3400000, 0x00000000c3400000| Untracked 
|  31|0x00000000c3500000, 0x00000000c3500000, 0x00000000c3600000|  0%| F|  |TAMS 0x00000000c3500000, 0x00000000c3500000| Untracked 
|  32|0x00000000c3600000, 0x00000000c3600000, 0x00000000c3700000|  0%| F|  |TAMS 0x00000000c3600000, 0x00000000c3600000| Untracked 
|  33|0x00000000c3700000, 0x00000000c3700000, 0x00000000c3800000|  0%| F|  |TAMS 0x00000000c3700000, 0x00000000c3700000| Untracked 
|  34|0x00000000c3800000, 0x00000000c3800000, 0x00000000c3900000|  0%| F|  |TAMS 0x00000000c3800000, 0x00000000c3800000| Untracked 
|  35|0x00000000c3900000, 0x00000000c3900000, 0x00000000c3a00000|  0%| F|  |TAMS 0x00000000c3900000, 0x00000000c3900000| Untracked 
|  36|0x00000000c3a00000, 0x00000000c3a00000, 0x00000000c3b00000|  0%| F|  |TAMS 0x00000000c3a00000, 0x00000000c3a00000| Untracked 
|  37|0x00000000c3b00000, 0x00000000c3b00000, 0x00000000c3c00000|  0%| F|  |TAMS 0x00000000c3b00000, 0x00000000c3b00000| Untracked 
|  38|0x00000000c3c00000, 0x00000000c3c00000, 0x00000000c3d00000|  0%| F|  |TAMS 0x00000000c3c00000, 0x00000000c3c00000| Untracked 
|  39|0x00000000c3d00000, 0x00000000c3d00000, 0x00000000c3e00000|  0%| F|  |TAMS 0x00000000c3d00000, 0x00000000c3d00000| Untracked 
|  40|0x00000000c3e00000, 0x00000000c3e00000, 0x00000000c3f00000|  0%| F|  |TAMS 0x00000000c3e00000, 0x00000000c3e00000| Untracked 
|  41|0x00000000c3f00000, 0x00000000c3f00000, 0x00000000c4000000|  0%| F|  |TAMS 0x00000000c3f00000, 0x00000000c3f00000| Untracked 
|  42|0x00000000c4000000, 0x00000000c4000000, 0x00000000c4100000|  0%| F|  |TAMS 0x00000000c4000000, 0x00000000c4000000| Untracked 
|  43|0x00000000c4100000, 0x00000000c4100000, 0x00000000c4200000|  0%| F|  |TAMS 0x00000000c4100000, 0x00000000c4100000| Untracked 
|  44|0x00000000c4200000, 0x00000000c4200000, 0x00000000c4300000|  0%| F|  |TAMS 0x00000000c4200000, 0x00000000c4200000| Untracked 
|  45|0x00000000c4300000, 0x00000000c4300000, 0x00000000c4400000|  0%| F|  |TAMS 0x00000000c4300000, 0x00000000c4300000| Untracked 
|  46|0x00000000c4400000, 0x00000000c4400000, 0x00000000c4500000|  0%| F|  |TAMS 0x00000000c4400000, 0x00000000c4400000| Untracked 
|  47|0x00000000c4500000, 0x00000000c4500000, 0x00000000c4600000|  0%| F|  |TAMS 0x00000000c4500000, 0x00000000c4500000| Untracked 
|  48|0x00000000c4600000, 0x00000000c4600000, 0x00000000c4700000|  0%| F|  |TAMS 0x00000000c4600000, 0x00000000c4600000| Untracked 
|  49|0x00000000c4700000, 0x00000000c4700000, 0x00000000c4800000|  0%| F|  |TAMS 0x00000000c4700000, 0x00000000c4700000| Untracked 
|  50|0x00000000c4800000, 0x00000000c4800000, 0x00000000c4900000|  0%| F|  |TAMS 0x00000000c4800000, 0x00000000c4800000| Untracked 
|  51|0x00000000c4900000, 0x00000000c4900000, 0x00000000c4a00000|  0%| F|  |TAMS 0x00000000c4900000, 0x00000000c4900000| Untracked 
|  52|0x00000000c4a00000, 0x00000000c4a00000, 0x00000000c4b00000|  0%| F|  |TAMS 0x00000000c4a00000, 0x00000000c4a00000| Untracked 
|  53|0x00000000c4b00000, 0x00000000c4b00000, 0x00000000c4c00000|  0%| F|  |TAMS 0x00000000c4b00000, 0x00000000c4b00000| Untracked 
|  54|0x00000000c4c00000, 0x00000000c4c00000, 0x00000000c4d00000|  0%| F|  |TAMS 0x00000000c4c00000, 0x00000000c4c00000| Untracked 
|  55|0x00000000c4d00000, 0x00000000c4d00000, 0x00000000c4e00000|  0%| F|  |TAMS 0x00000000c4d00000, 0x00000000c4d00000| Untracked 
|  56|0x00000000c4e00000, 0x00000000c4e00000, 0x00000000c4f00000|  0%| F|  |TAMS 0x00000000c4e00000, 0x00000000c4e00000| Untracked 
|  57|0x00000000c4f00000, 0x00000000c4f00000, 0x00000000c5000000|  0%| F|  |TAMS 0x00000000c4f00000, 0x00000000c4f00000| Untracked 
|  58|0x00000000c5000000, 0x00000000c50421f0, 0x00000000c5100000| 25%| O|  |TAMS 0x00000000c50421f0, 0x00000000c5000000| Updating 
|  59|0x00000000c5100000, 0x00000000c5100000, 0x00000000c5200000|  0%| F|  |TAMS 0x00000000c5100000, 0x00000000c5100000| Untracked 
|  60|0x00000000c5200000, 0x00000000c5200000, 0x00000000c5300000|  0%| F|  |TAMS 0x00000000c5200000, 0x00000000c5200000| Untracked 
|  61|0x00000000c5300000, 0x00000000c5300000, 0x00000000c5400000|  0%| F|  |TAMS 0x00000000c5300000, 0x00000000c5300000| Untracked 
|  62|0x00000000c5400000, 0x00000000c5400000, 0x00000000c5500000|  0%| F|  |TAMS 0x00000000c5400000, 0x00000000c5400000| Untracked 
|  63|0x00000000c5500000, 0x00000000c5600000, 0x00000000c5600000|100%|HS|  |TAMS 0x00000000c5600000, 0x00000000c5500000| Complete 
|  64|0x00000000c5600000, 0x00000000c5700000, 0x00000000c5700000|100%|HC|  |TAMS 0x00000000c5700000, 0x00000000c5600000| Complete 
|  65|0x00000000c5700000, 0x00000000c5800000, 0x00000000c5800000|100%|HC|  |TAMS 0x00000000c5800000, 0x00000000c5700000| Complete 
|  66|0x00000000c5800000, 0x00000000c5900000, 0x00000000c5900000|100%|HC|  |TAMS 0x00000000c5900000, 0x00000000c5800000| Complete 
|  67|0x00000000c5900000, 0x00000000c5a00000, 0x00000000c5a00000|100%|HC|  |TAMS 0x00000000c5a00000, 0x00000000c5900000| Complete 
|  68|0x00000000c5a00000, 0x00000000c5b00000, 0x00000000c5b00000|100%|HC|  |TAMS 0x00000000c5b00000, 0x00000000c5a00000| Complete 
|  69|0x00000000c5b00000, 0x00000000c5c00000, 0x00000000c5c00000|100%|HC|  |TAMS 0x00000000c5c00000, 0x00000000c5b00000| Complete 
|  70|0x00000000c5c00000, 0x00000000c5d00000, 0x00000000c5d00000|100%|HC|  |TAMS 0x00000000c5d00000, 0x00000000c5c00000| Complete 
|  71|0x00000000c5d00000, 0x00000000c5e00000, 0x00000000c5e00000|100%|HC|  |TAMS 0x00000000c5e00000, 0x00000000c5d00000| Complete 
|  72|0x00000000c5e00000, 0x00000000c5f00000, 0x00000000c5f00000|100%|HC|  |TAMS 0x00000000c5f00000, 0x00000000c5e00000| Complete 
|  73|0x00000000c5f00000, 0x00000000c6000000, 0x00000000c6000000|100%|HC|  |TAMS 0x00000000c6000000, 0x00000000c5f00000| Complete 
|  74|0x00000000c6000000, 0x00000000c6100000, 0x00000000c6100000|100%|HC|  |TAMS 0x00000000c6100000, 0x00000000c6000000| Complete 
|  75|0x00000000c6100000, 0x00000000c6200000, 0x00000000c6200000|100%|HC|  |TAMS 0x00000000c6200000, 0x00000000c6100000| Complete 
|  76|0x00000000c6200000, 0x00000000c6300000, 0x00000000c6300000|100%|HC|  |TAMS 0x00000000c6300000, 0x00000000c6200000| Complete 
|  77|0x00000000c6300000, 0x00000000c6400000, 0x00000000c6400000|100%|HC|  |TAMS 0x00000000c6400000, 0x00000000c6300000| Complete 
|  78|0x00000000c6400000, 0x00000000c6500000, 0x00000000c6500000|100%|HC|  |TAMS 0x00000000c6500000, 0x00000000c6400000| Complete 
|  79|0x00000000c6500000, 0x00000000c6600000, 0x00000000c6600000|100%|HC|  |TAMS 0x00000000c6600000, 0x00000000c6500000| Complete 
|  80|0x00000000c6600000, 0x00000000c6700000, 0x00000000c6700000|100%|HC|  |TAMS 0x00000000c6700000, 0x00000000c6600000| Complete 
|  81|0x00000000c6700000, 0x00000000c6800000, 0x00000000c6800000|100%|HC|  |TAMS 0x00000000c6800000, 0x00000000c6700000| Complete 
|  82|0x00000000c6800000, 0x00000000c6900000, 0x00000000c6900000|100%|HC|  |TAMS 0x00000000c6900000, 0x00000000c6800000| Complete 
|  83|0x00000000c6900000, 0x00000000c6a00000, 0x00000000c6a00000|100%|HC|  |TAMS 0x00000000c6a00000, 0x00000000c6900000| Complete 
|  84|0x00000000c6a00000, 0x00000000c6b00000, 0x00000000c6b00000|100%|HC|  |TAMS 0x00000000c6b00000, 0x00000000c6a00000| Complete 
|  85|0x00000000c6b00000, 0x00000000c6c00000, 0x00000000c6c00000|100%|HC|  |TAMS 0x00000000c6c00000, 0x00000000c6b00000| Complete 
|  86|0x00000000c6c00000, 0x00000000c6d00000, 0x00000000c6d00000|100%|HC|  |TAMS 0x00000000c6d00000, 0x00000000c6c00000| Complete 
|  87|0x00000000c6d00000, 0x00000000c6e00000, 0x00000000c6e00000|100%|HC|  |TAMS 0x00000000c6e00000, 0x00000000c6d00000| Complete 
|  88|0x00000000c6e00000, 0x00000000c6f00000, 0x00000000c6f00000|100%|HC|  |TAMS 0x00000000c6f00000, 0x00000000c6e00000| Complete 
|  89|0x00000000c6f00000, 0x00000000c7000000, 0x00000000c7000000|100%|HC|  |TAMS 0x00000000c7000000, 0x00000000c6f00000| Complete 
|  90|0x00000000c7000000, 0x00000000c7100000, 0x00000000c7100000|100%|HC|  |TAMS 0x00000000c7100000, 0x00000000c7000000| Complete 
|  91|0x00000000c7100000, 0x00000000c7200000, 0x00000000c7200000|100%|HC|  |TAMS 0x00000000c7200000, 0x00000000c7100000| Complete 
|  92|0x00000000c7200000, 0x00000000c7300000, 0x00000000c7300000|100%|HC|  |TAMS 0x00000000c7300000, 0x00000000c7200000| Complete 
|  93|0x00000000c7300000, 0x00000000c7400000, 0x00000000c7400000|100%|HC|  |TAMS 0x00000000c7400000, 0x00000000c7300000| Complete 
|  94|0x00000000c7400000, 0x00000000c7500000, 0x00000000c7500000|100%|HC|  |TAMS 0x00000000c7500000, 0x00000000c7400000| Complete 
|  95|0x00000000c7500000, 0x00000000c7600000, 0x00000000c7600000|100%|HC|  |TAMS 0x00000000c7600000, 0x00000000c7500000| Complete 
|  96|0x00000000c7600000, 0x00000000c7700000, 0x00000000c7700000|100%|HC|  |TAMS 0x00000000c7700000, 0x00000000c7600000| Complete 
|  97|0x00000000c7700000, 0x00000000c7800000, 0x00000000c7800000|100%|HC|  |TAMS 0x00000000c7800000, 0x00000000c7700000| Complete 
|  98|0x00000000c7800000, 0x00000000c7900000, 0x00000000c7900000|100%|HC|  |TAMS 0x00000000c7900000, 0x00000000c7800000| Complete 
|  99|0x00000000c7900000, 0x00000000c7a00000, 0x00000000c7a00000|100%|HC|  |TAMS 0x00000000c7a00000, 0x00000000c7900000| Complete 
| 100|0x00000000c7a00000, 0x00000000c7b00000, 0x00000000c7b00000|100%|HC|  |TAMS 0x00000000c7b00000, 0x00000000c7a00000| Complete 
| 101|0x00000000c7b00000, 0x00000000c7c00000, 0x00000000c7c00000|100%|HC|  |TAMS 0x00000000c7c00000, 0x00000000c7b00000| Complete 
| 102|0x00000000c7c00000, 0x00000000c7d00000, 0x00000000c7d00000|100%|HC|  |TAMS 0x00000000c7d00000, 0x00000000c7c00000| Complete 
| 103|0x00000000c7d00000, 0x00000000c7e00000, 0x00000000c7e00000|100%|HC|  |TAMS 0x00000000c7e00000, 0x00000000c7d00000| Complete 
| 104|0x00000000c7e00000, 0x00000000c7f00000, 0x00000000c7f00000|100%|HC|  |TAMS 0x00000000c7f00000, 0x00000000c7e00000| Complete 
| 105|0x00000000c7f00000, 0x00000000c8000000, 0x00000000c8000000|100%|HC|  |TAMS 0x00000000c8000000, 0x00000000c7f00000| Complete 
| 106|0x00000000c8000000, 0x00000000c8100000, 0x00000000c8100000|100%|HC|  |TAMS 0x00000000c8100000, 0x00000000c8000000| Complete 
| 107|0x00000000c8100000, 0x00000000c8200000, 0x00000000c8200000|100%|HC|  |TAMS 0x00000000c8200000, 0x00000000c8100000| Complete 
| 108|0x00000000c8200000, 0x00000000c8300000, 0x00000000c8300000|100%|HC|  |TAMS 0x00000000c8300000, 0x00000000c8200000| Complete 
| 109|0x00000000c8300000, 0x00000000c8400000, 0x00000000c8400000|100%|HC|  |TAMS 0x00000000c8400000, 0x00000000c8300000| Complete 
| 110|0x00000000c8400000, 0x00000000c8500000, 0x00000000c8500000|100%|HC|  |TAMS 0x00000000c8500000, 0x00000000c8400000| Complete 
| 111|0x00000000c8500000, 0x00000000c8600000, 0x00000000c8600000|100%|HC|  |TAMS 0x00000000c8600000, 0x00000000c8500000| Complete 
| 112|0x00000000c8600000, 0x00000000c8700000, 0x00000000c8700000|100%|HC|  |TAMS 0x00000000c8700000, 0x00000000c8600000| Complete 
| 113|0x00000000c8700000, 0x00000000c8800000, 0x00000000c8800000|100%|HC|  |TAMS 0x00000000c8800000, 0x00000000c8700000| Complete 
| 114|0x00000000c8800000, 0x00000000c8900000, 0x00000000c8900000|100%|HC|  |TAMS 0x00000000c8900000, 0x00000000c8800000| Complete 
| 115|0x00000000c8900000, 0x00000000c8a00000, 0x00000000c8a00000|100%|HC|  |TAMS 0x00000000c8a00000, 0x00000000c8900000| Complete 
| 116|0x00000000c8a00000, 0x00000000c8b00000, 0x00000000c8b00000|100%|HC|  |TAMS 0x00000000c8b00000, 0x00000000c8a00000| Complete 
| 117|0x00000000c8b00000, 0x00000000c8c00000, 0x00000000c8c00000|100%|HC|  |TAMS 0x00000000c8c00000, 0x00000000c8b00000| Complete 
| 118|0x00000000c8c00000, 0x00000000c8d00000, 0x00000000c8d00000|100%|HC|  |TAMS 0x00000000c8d00000, 0x00000000c8c00000| Complete 
| 119|0x00000000c8d00000, 0x00000000c8e00000, 0x00000000c8e00000|100%|HC|  |TAMS 0x00000000c8e00000, 0x00000000c8d00000| Complete 
| 120|0x00000000c8e00000, 0x00000000c8f00000, 0x00000000c8f00000|100%|HC|  |TAMS 0x00000000c8f00000, 0x00000000c8e00000| Complete 
| 121|0x00000000c8f00000, 0x00000000c9000000, 0x00000000c9000000|100%|HC|  |TAMS 0x00000000c9000000, 0x00000000c8f00000| Complete 
| 122|0x00000000c9000000, 0x00000000c9100000, 0x00000000c9100000|100%|HC|  |TAMS 0x00000000c9100000, 0x00000000c9000000| Complete 
| 123|0x00000000c9100000, 0x00000000c9200000, 0x00000000c9200000|100%|HC|  |TAMS 0x00000000c9200000, 0x00000000c9100000| Complete 
| 124|0x00000000c9200000, 0x00000000c9300000, 0x00000000c9300000|100%|HC|  |TAMS 0x00000000c9300000, 0x00000000c9200000| Complete 
| 125|0x00000000c9300000, 0x00000000c9400000, 0x00000000c9400000|100%|HC|  |TAMS 0x00000000c9400000, 0x00000000c9300000| Complete 
| 126|0x00000000c9400000, 0x00000000c9500000, 0x00000000c9500000|100%|HC|  |TAMS 0x00000000c9500000, 0x00000000c9400000| Complete 
| 127|0x00000000c9500000, 0x00000000c9600000, 0x00000000c9600000|100%|HC|  |TAMS 0x00000000c9600000, 0x00000000c9500000| Complete 
| 128|0x00000000c9600000, 0x00000000c9700000, 0x00000000c9700000|100%|HC|  |TAMS 0x00000000c9700000, 0x00000000c9600000| Complete 
| 129|0x00000000c9700000, 0x00000000c9800000, 0x00000000c9800000|100%|HC|  |TAMS 0x00000000c9800000, 0x00000000c9700000| Complete 
| 130|0x00000000c9800000, 0x00000000c9900000, 0x00000000c9900000|100%|HC|  |TAMS 0x00000000c9900000, 0x00000000c9800000| Complete 
| 131|0x00000000c9900000, 0x00000000c9a00000, 0x00000000c9a00000|100%|HC|  |TAMS 0x00000000c9a00000, 0x00000000c9900000| Complete 
| 132|0x00000000c9a00000, 0x00000000c9b00000, 0x00000000c9b00000|100%|HC|  |TAMS 0x00000000c9b00000, 0x00000000c9a00000| Complete 
| 133|0x00000000c9b00000, 0x00000000c9c00000, 0x00000000c9c00000|100%|HC|  |TAMS 0x00000000c9c00000, 0x00000000c9b00000| Complete 
| 134|0x00000000c9c00000, 0x00000000c9d00000, 0x00000000c9d00000|100%|HC|  |TAMS 0x00000000c9d00000, 0x00000000c9c00000| Complete 
| 135|0x00000000c9d00000, 0x00000000c9e00000, 0x00000000c9e00000|100%|HC|  |TAMS 0x00000000c9e00000, 0x00000000c9d00000| Complete 
| 136|0x00000000c9e00000, 0x00000000c9f00000, 0x00000000c9f00000|100%|HC|  |TAMS 0x00000000c9f00000, 0x00000000c9e00000| Complete 
| 137|0x00000000c9f00000, 0x00000000ca000000, 0x00000000ca000000|100%|HC|  |TAMS 0x00000000ca000000, 0x00000000c9f00000| Complete 
| 138|0x00000000ca000000, 0x00000000ca100000, 0x00000000ca100000|100%|HC|  |TAMS 0x00000000ca100000, 0x00000000ca000000| Complete 
| 139|0x00000000ca100000, 0x00000000ca200000, 0x00000000ca200000|100%|HC|  |TAMS 0x00000000ca200000, 0x00000000ca100000| Complete 
| 140|0x00000000ca200000, 0x00000000ca300000, 0x00000000ca300000|100%|HC|  |TAMS 0x00000000ca300000, 0x00000000ca200000| Complete 
| 141|0x00000000ca300000, 0x00000000ca400000, 0x00000000ca400000|100%|HC|  |TAMS 0x00000000ca400000, 0x00000000ca300000| Complete 
| 142|0x00000000ca400000, 0x00000000ca500000, 0x00000000ca500000|100%|HC|  |TAMS 0x00000000ca500000, 0x00000000ca400000| Complete 
| 143|0x00000000ca500000, 0x00000000ca600000, 0x00000000ca600000|100%|HC|  |TAMS 0x00000000ca600000, 0x00000000ca500000| Complete 
| 144|0x00000000ca600000, 0x00000000ca700000, 0x00000000ca700000|100%|HC|  |TAMS 0x00000000ca700000, 0x00000000ca600000| Complete 
| 145|0x00000000ca700000, 0x00000000ca800000, 0x00000000ca800000|100%|HC|  |TAMS 0x00000000ca800000, 0x00000000ca700000| Complete 
| 146|0x00000000ca800000, 0x00000000ca900000, 0x00000000ca900000|100%|HC|  |TAMS 0x00000000ca900000, 0x00000000ca800000| Complete 
| 147|0x00000000ca900000, 0x00000000caa00000, 0x00000000caa00000|100%|HC|  |TAMS 0x00000000caa00000, 0x00000000ca900000| Complete 
| 148|0x00000000caa00000, 0x00000000cab00000, 0x00000000cab00000|100%|HC|  |TAMS 0x00000000cab00000, 0x00000000caa00000| Complete 
| 149|0x00000000cab00000, 0x00000000cac00000, 0x00000000cac00000|100%|HC|  |TAMS 0x00000000cac00000, 0x00000000cab00000| Complete 
| 150|0x00000000cac00000, 0x00000000cad00000, 0x00000000cad00000|100%|HC|  |TAMS 0x00000000cad00000, 0x00000000cac00000| Complete 
| 151|0x00000000cad00000, 0x00000000cae00000, 0x00000000cae00000|100%|HC|  |TAMS 0x00000000cae00000, 0x00000000cad00000| Complete 
| 152|0x00000000cae00000, 0x00000000caf00000, 0x00000000caf00000|100%|HC|  |TAMS 0x00000000caf00000, 0x00000000cae00000| Complete 
| 153|0x00000000caf00000, 0x00000000cb000000, 0x00000000cb000000|100%|HC|  |TAMS 0x00000000cb000000, 0x00000000caf00000| Complete 
| 154|0x00000000cb000000, 0x00000000cb100000, 0x00000000cb100000|100%|HC|  |TAMS 0x00000000cb100000, 0x00000000cb000000| Complete 
| 155|0x00000000cb100000, 0x00000000cb200000, 0x00000000cb200000|100%|HC|  |TAMS 0x00000000cb200000, 0x00000000cb100000| Complete 
| 156|0x00000000cb200000, 0x00000000cb300000, 0x00000000cb300000|100%|HC|  |TAMS 0x00000000cb300000, 0x00000000cb200000| Complete 
| 157|0x00000000cb300000, 0x00000000cb400000, 0x00000000cb400000|100%|HC|  |TAMS 0x00000000cb400000, 0x00000000cb300000| Complete 
| 158|0x00000000cb400000, 0x00000000cb500000, 0x00000000cb500000|100%|HC|  |TAMS 0x00000000cb500000, 0x00000000cb400000| Complete 
| 159|0x00000000cb500000, 0x00000000cb600000, 0x00000000cb600000|100%|HC|  |TAMS 0x00000000cb600000, 0x00000000cb500000| Complete 
| 160|0x00000000cb600000, 0x00000000cb700000, 0x00000000cb700000|100%|HC|  |TAMS 0x00000000cb700000, 0x00000000cb600000| Complete 
| 161|0x00000000cb700000, 0x00000000cb800000, 0x00000000cb800000|100%|HC|  |TAMS 0x00000000cb800000, 0x00000000cb700000| Complete 
| 162|0x00000000cb800000, 0x00000000cb900000, 0x00000000cb900000|100%|HC|  |TAMS 0x00000000cb900000, 0x00000000cb800000| Complete 
| 163|0x00000000cb900000, 0x00000000cba00000, 0x00000000cba00000|100%|HC|  |TAMS 0x00000000cba00000, 0x00000000cb900000| Complete 
| 164|0x00000000cba00000, 0x00000000cbb00000, 0x00000000cbb00000|100%|HC|  |TAMS 0x00000000cbb00000, 0x00000000cba00000| Complete 
| 165|0x00000000cbb00000, 0x00000000cbc00000, 0x00000000cbc00000|100%|HC|  |TAMS 0x00000000cbc00000, 0x00000000cbb00000| Complete 
| 166|0x00000000cbc00000, 0x00000000cbd00000, 0x00000000cbd00000|100%|HC|  |TAMS 0x00000000cbd00000, 0x00000000cbc00000| Complete 
| 167|0x00000000cbd00000, 0x00000000cbe00000, 0x00000000cbe00000|100%|HC|  |TAMS 0x00000000cbe00000, 0x00000000cbd00000| Complete 
| 168|0x00000000cbe00000, 0x00000000cbf00000, 0x00000000cbf00000|100%|HC|  |TAMS 0x00000000cbf00000, 0x00000000cbe00000| Complete 
| 169|0x00000000cbf00000, 0x00000000cc000000, 0x00000000cc000000|100%|HC|  |TAMS 0x00000000cc000000, 0x00000000cbf00000| Complete 
| 170|0x00000000cc000000, 0x00000000cc100000, 0x00000000cc100000|100%|HC|  |TAMS 0x00000000cc100000, 0x00000000cc000000| Complete 
| 171|0x00000000cc100000, 0x00000000cc200000, 0x00000000cc200000|100%|HC|  |TAMS 0x00000000cc200000, 0x00000000cc100000| Complete 
| 172|0x00000000cc200000, 0x00000000cc300000, 0x00000000cc300000|100%|HC|  |TAMS 0x00000000cc300000, 0x00000000cc200000| Complete 
| 173|0x00000000cc300000, 0x00000000cc400000, 0x00000000cc400000|100%|HC|  |TAMS 0x00000000cc400000, 0x00000000cc300000| Complete 
| 174|0x00000000cc400000, 0x00000000cc500000, 0x00000000cc500000|100%|HC|  |TAMS 0x00000000cc500000, 0x00000000cc400000| Complete 
| 175|0x00000000cc500000, 0x00000000cc500000, 0x00000000cc600000|  0%| F|  |TAMS 0x00000000cc500000, 0x00000000cc500000| Untracked 
| 176|0x00000000cc600000, 0x00000000cc600000, 0x00000000cc700000|  0%| F|  |TAMS 0x00000000cc600000, 0x00000000cc600000| Untracked 
| 177|0x00000000cc700000, 0x00000000cc700000, 0x00000000cc800000|  0%| F|  |TAMS 0x00000000cc700000, 0x00000000cc700000| Untracked 
| 178|0x00000000cc800000, 0x00000000cc800000, 0x00000000cc900000|  0%| F|  |TAMS 0x00000000cc800000, 0x00000000cc800000| Untracked 
| 179|0x00000000cc900000, 0x00000000cc900000, 0x00000000cca00000|  0%| F|  |TAMS 0x00000000cc900000, 0x00000000cc900000| Untracked 
| 180|0x00000000cca00000, 0x00000000cca00000, 0x00000000ccb00000|  0%| F|  |TAMS 0x00000000cca00000, 0x00000000cca00000| Untracked 
| 181|0x00000000ccb00000, 0x00000000ccb00000, 0x00000000ccc00000|  0%| F|  |TAMS 0x00000000ccb00000, 0x00000000ccb00000| Untracked 
| 182|0x00000000ccc00000, 0x00000000ccc00000, 0x00000000ccd00000|  0%| F|  |TAMS 0x00000000ccc00000, 0x00000000ccc00000| Untracked 
| 183|0x00000000ccd00000, 0x00000000ccd00000, 0x00000000cce00000|  0%| F|  |TAMS 0x00000000ccd00000, 0x00000000ccd00000| Untracked 
| 184|0x00000000cce00000, 0x00000000cce00000, 0x00000000ccf00000|  0%| F|  |TAMS 0x00000000cce00000, 0x00000000cce00000| Untracked 
| 185|0x00000000ccf00000, 0x00000000ccf00000, 0x00000000cd000000|  0%| F|  |TAMS 0x00000000ccf00000, 0x00000000ccf00000| Untracked 
| 186|0x00000000cd000000, 0x00000000cd000000, 0x00000000cd100000|  0%| F|  |TAMS 0x00000000cd000000, 0x00000000cd000000| Untracked 
| 187|0x00000000cd100000, 0x00000000cd100000, 0x00000000cd200000|  0%| F|  |TAMS 0x00000000cd100000, 0x00000000cd100000| Untracked 
| 188|0x00000000cd200000, 0x00000000cd200000, 0x00000000cd300000|  0%| F|  |TAMS 0x00000000cd200000, 0x00000000cd200000| Untracked 
| 189|0x00000000cd300000, 0x00000000cd300000, 0x00000000cd400000|  0%| F|  |TAMS 0x00000000cd300000, 0x00000000cd300000| Untracked 
| 190|0x00000000cd400000, 0x00000000cd400000, 0x00000000cd500000|  0%| F|  |TAMS 0x00000000cd400000, 0x00000000cd400000| Untracked 
| 191|0x00000000cd500000, 0x00000000cd500000, 0x00000000cd600000|  0%| F|  |TAMS 0x00000000cd500000, 0x00000000cd500000| Untracked 
| 192|0x00000000cd600000, 0x00000000cd600000, 0x00000000cd700000|  0%| F|  |TAMS 0x00000000cd600000, 0x00000000cd600000| Untracked 
| 193|0x00000000cd700000, 0x00000000cd700000, 0x00000000cd800000|  0%| F|  |TAMS 0x00000000cd700000, 0x00000000cd700000| Untracked 
| 194|0x00000000cd800000, 0x00000000cd800000, 0x00000000cd900000|  0%| F|  |TAMS 0x00000000cd800000, 0x00000000cd800000| Untracked 
| 195|0x00000000cd900000, 0x00000000cd900000, 0x00000000cda00000|  0%| F|  |TAMS 0x00000000cd900000, 0x00000000cd900000| Untracked 
| 196|0x00000000cda00000, 0x00000000cda00000, 0x00000000cdb00000|  0%| F|  |TAMS 0x00000000cda00000, 0x00000000cda00000| Untracked 
| 197|0x00000000cdb00000, 0x00000000cdb00000, 0x00000000cdc00000|  0%| F|  |TAMS 0x00000000cdb00000, 0x00000000cdb00000| Untracked 
| 198|0x00000000cdc00000, 0x00000000cdc00000, 0x00000000cdd00000|  0%| F|  |TAMS 0x00000000cdc00000, 0x00000000cdc00000| Untracked 
| 199|0x00000000cdd00000, 0x00000000cdd00000, 0x00000000cde00000|  0%| F|  |TAMS 0x00000000cdd00000, 0x00000000cdd00000| Untracked 
| 200|0x00000000cde00000, 0x00000000cde00000, 0x00000000cdf00000|  0%| F|  |TAMS 0x00000000cde00000, 0x00000000cde00000| Untracked 
| 201|0x00000000cdf00000, 0x00000000cdf00000, 0x00000000ce000000|  0%| F|  |TAMS 0x00000000cdf00000, 0x00000000cdf00000| Untracked 
| 202|0x00000000ce000000, 0x00000000ce000000, 0x00000000ce100000|  0%| F|  |TAMS 0x00000000ce000000, 0x00000000ce000000| Untracked 
| 203|0x00000000ce100000, 0x00000000ce100000, 0x00000000ce200000|  0%| F|  |TAMS 0x00000000ce100000, 0x00000000ce100000| Untracked 
| 204|0x00000000ce200000, 0x00000000ce200000, 0x00000000ce300000|  0%| F|  |TAMS 0x00000000ce200000, 0x00000000ce200000| Untracked 
| 205|0x00000000ce300000, 0x00000000ce300000, 0x00000000ce400000|  0%| F|  |TAMS 0x00000000ce300000, 0x00000000ce300000| Untracked 
| 206|0x00000000ce400000, 0x00000000ce400000, 0x00000000ce500000|  0%| F|  |TAMS 0x00000000ce400000, 0x00000000ce400000| Untracked 
| 207|0x00000000ce500000, 0x00000000ce500000, 0x00000000ce600000|  0%| F|  |TAMS 0x00000000ce500000, 0x00000000ce500000| Untracked 
| 208|0x00000000ce600000, 0x00000000ce600000, 0x00000000ce700000|  0%| F|  |TAMS 0x00000000ce600000, 0x00000000ce600000| Untracked 
| 209|0x00000000ce700000, 0x00000000ce754e00, 0x00000000ce800000| 33%| E|  |TAMS 0x00000000ce700000, 0x00000000ce700000| Complete 
| 210|0x00000000ce800000, 0x00000000ce831cd8, 0x00000000ce900000| 19%| S|CS|TAMS 0x00000000ce800000, 0x00000000ce800000| Complete 
| 211|0x00000000ce900000, 0x00000000ce9c0d78, 0x00000000cea00000| 75%| E|  |TAMS 0x00000000ce900000, 0x00000000ce900000| Complete 

Card table byte_map: [0x0000021076c80000,0x0000021076e80000] _byte_map_base: 0x0000021076675000

Marking Bits (Prev, Next): (CMBitMap*) 0x000002105f5b2968, (CMBitMap*) 0x000002105f5b29a8
 Prev Bits: [0x0000021077080000, 0x0000021078028000)
 Next Bits: [0x0000021078030000, 0x0000021078fd8000)

Polling page: 0x000002105d420000

Metaspace:

Usage:
  Non-class:      9.16 MB capacity,     9.06 MB ( 99%) used,    82.85 KB ( <1%) free+waste,    22.25 KB ( <1%) overhead. 
      Class:      1.38 MB capacity,     1.26 MB ( 91%) used,   108.68 KB (  8%) free+waste,    13.63 KB ( <1%) overhead. 
       Both:     10.54 MB capacity,    10.32 MB ( 98%) used,   191.53 KB (  2%) free+waste,    35.88 KB ( <1%) overhead. 

Virtual space:
  Non-class space:       10.00 MB reserved,       9.25 MB ( 93%) committed 
      Class space:        1.00 GB reserved,       1.50 MB ( <1%) committed 
             Both:        1.01 GB reserved,      10.75 MB (  1%) committed 

Chunk freelists:
   Non-Class:  25.00 KB
       Class:  29.00 KB
        Both:  54.00 KB

MaxMetaspaceSize: 17179869184.00 GB
CompressedClassSpaceSize: 1.00 GB

CodeHeap 'non-profiled nmethods': size=120000Kb used=524Kb max_used=524Kb free=119475Kb
 bounds [0x000002106f550000, 0x000002106f7c0000, 0x0000021076a80000]
CodeHeap 'profiled nmethods': size=120000Kb used=2166Kb max_used=2166Kb free=117833Kb
 bounds [0x0000021068020000, 0x0000021068290000, 0x000002106f550000]
CodeHeap 'non-nmethods': size=5760Kb used=1296Kb max_used=1311Kb free=4463Kb
 bounds [0x0000021067a80000, 0x0000021067cf0000, 0x0000021068020000]
 total_blobs=2355 nmethods=1195 adapters=493
 compilation: enabled
              stopped_count=0, restarted_count=0
 full_count=0

Compilation events (20 events):
Event: 4.453 Thread 0x000002107b5fa800 1246       3       javax.swing.JComponent::getX (5 bytes)
Event: 4.454 Thread 0x000002107b5fa800 nmethod 1246 0x0000021068238910 code [0x0000021068238ac0, 0x0000021068238c58]
Event: 4.454 Thread 0x000002107b5fa800 1247       3       javax.swing.JComponent::getY (5 bytes)
Event: 4.454 Thread 0x000002107b5fa800 nmethod 1247 0x0000021068238d10 code [0x0000021068238ec0, 0x0000021068239058]
Event: 4.454 Thread 0x000002107b5fa800 1248       3       java.util.IdentityHashMap::hash (18 bytes)
Event: 4.455 Thread 0x000002107b5fa800 nmethod 1248 0x0000021068239110 code [0x00000210682392c0, 0x0000021068239450]
Event: 4.455 Thread 0x000002107b5fa800 1250       3       java.util.IdentityHashMap::get (60 bytes)
Event: 4.462 Thread 0x000002107b5fa800 nmethod 1250 0x0000021068239510 code [0x0000021068239700, 0x0000021068239bd0]
Event: 4.462 Thread 0x000002107b5fa800 1249       1       javax.swing.text.html.HTML$Attribute::toString (5 bytes)
Event: 4.462 Thread 0x000002107b5fa800 nmethod 1249 0x000002106f5d2a10 code [0x000002106f5d2ba0, 0x000002106f5d2cd8]
Event: 4.469 Thread 0x000002107b5fa800 1251       3       java.io.WinNTFileSystem::normalize (224 bytes)
Event: 4.475 Thread 0x000002107b5fa800 nmethod 1251 0x0000021068239e10 code [0x000002106823a220, 0x000002106823bfe0]
Event: 4.475 Thread 0x000002107b5fa800 1252       3       java.awt.Container::getComponentCount (5 bytes)
Event: 4.475 Thread 0x000002107b5fa800 nmethod 1252 0x000002106823cb10 code [0x000002106823ccc0, 0x000002106823cff0]
Event: 4.477 Thread 0x000002107b5fa800 1253   !   3       jdk.internal.ref.PhantomCleanable::isListEmpty (34 bytes)
Event: 4.478 Thread 0x000002107b5fa800 nmethod 1253 0x000002106823d110 code [0x000002106823d2c0, 0x000002106823d658]
Event: 4.478 Thread 0x000002107b5fa800 1254       3       jdk.internal.misc.InnocuousThread::eraseThreadLocals (23 bytes)
Event: 4.478 Thread 0x000002107b5fa800 nmethod 1254 0x000002106823d790 code [0x000002106823d940, 0x000002106823db98]
Event: 4.481 Thread 0x000002107b58e000 1255       4       java.nio.HeapCharBuffer::put (16 bytes)
Event: 4.483 Thread 0x000002107b58e000 nmethod 1255 0x000002106f5d2d90 code [0x000002106f5d2f20, 0x000002106f5d3018]

GC Heap History (16 events):
Event: 1.285 GC heap before
{Heap before GC invocations=0 (full 0):
 garbage-first heap   total 65536K, used 13312K [0x00000000c1600000, 0x0000000100000000)
  region size 1024K, 14 young (14336K), 0 survivors (0K)
 Metaspace       used 9161K, capacity 9384K, committed 9472K, reserved 1056768K
  class space    used 1143K, capacity 1241K, committed 1280K, reserved 1048576K
}
Event: 1.293 GC heap after
{Heap after GC invocations=1 (full 0):
 garbage-first heap   total 65536K, used 5947K [0x00000000c1600000, 0x0000000100000000)
  region size 1024K, 2 young (2048K), 2 survivors (2048K)
 Metaspace       used 9161K, capacity 9384K, committed 9472K, reserved 1056768K
  class space    used 1143K, capacity 1241K, committed 1280K, reserved 1048576K
}
Event: 1.330 GC heap before
{Heap before GC invocations=1 (full 0):
 garbage-first heap   total 65536K, used 5947K [0x00000000c1600000, 0x0000000100000000)
  region size 1024K, 3 young (3072K), 2 survivors (2048K)
 Metaspace       used 9315K, capacity 9565K, committed 9856K, reserved 1058816K
  class space    used 1160K, capacity 1281K, committed 1408K, reserved 1048576K
}
Event: 1.334 GC heap after
{Heap after GC invocations=2 (full 0):
 garbage-first heap   total 65536K, used 6621K [0x00000000c1600000, 0x0000000100000000)
  region size 1024K, 1 young (1024K), 1 survivors (1024K)
 Metaspace       used 9315K, capacity 9565K, committed 9856K, reserved 1058816K
  class space    used 1160K, capacity 1281K, committed 1408K, reserved 1048576K
}
Event: 1.937 GC heap before
{Heap before GC invocations=3 (full 0):
 garbage-first heap   total 203776K, used 133597K [0x00000000c1600000, 0x0000000100000000)
  region size 1024K, 14 young (14336K), 1 survivors (1024K)
 Metaspace       used 9316K, capacity 9565K, committed 9856K, reserved 1058816K
  class space    used 1160K, capacity 1281K, committed 1408K, reserved 1048576K
}
Event: 1.938 GC heap after
{Heap after GC invocations=4 (full 0):
 garbage-first heap   total 203776K, used 121179K [0x00000000c1600000, 0x0000000100000000)
  region size 1024K, 1 young (1024K), 1 survivors (1024K)
 Metaspace       used 9316K, capacity 9565K, committed 9856K, reserved 1058816K
  class space    used 1160K, capacity 1281K, committed 1408K, reserved 1048576K
}
Event: 2.066 GC heap before
{Heap before GC invocations=4 (full 0):
 garbage-first heap   total 203776K, used 147803K [0x00000000c1600000, 0x0000000100000000)
  region size 1024K, 28 young (28672K), 1 survivors (1024K)
 Metaspace       used 9316K, capacity 9565K, committed 9856K, reserved 1058816K
  class space    used 1160K, capacity 1281K, committed 1408K, reserved 1048576K
}
Event: 2.067 GC heap after
{Heap after GC invocations=5 (full 0):
 garbage-first heap   total 203776K, used 121191K [0x00000000c1600000, 0x0000000100000000)
  region size 1024K, 1 young (1024K), 1 survivors (1024K)
 Metaspace       used 9316K, capacity 9565K, committed 9856K, reserved 1058816K
  class space    used 1160K, capacity 1281K, committed 1408K, reserved 1048576K
}
Event: 2.368 GC heap before
{Heap before GC invocations=6 (full 0):
 garbage-first heap   total 204800K, used 166247K [0x00000000c1600000, 0x0000000100000000)
  region size 1024K, 45 young (46080K), 1 survivors (1024K)
 Metaspace       used 9316K, capacity 9565K, committed 9856K, reserved 1058816K
  class space    used 1160K, capacity 1281K, committed 1408K, reserved 1048576K
}
Event: 2.369 GC heap after
{Heap after GC invocations=7 (full 0):
 garbage-first heap   total 204800K, used 121186K [0x00000000c1600000, 0x0000000100000000)
  region size 1024K, 1 young (1024K), 1 survivors (1024K)
 Metaspace       used 9316K, capacity 9565K, committed 9856K, reserved 1058816K
  class space    used 1160K, capacity 1281K, committed 1408K, reserved 1048576K
}
Event: 3.670 GC heap before
{Heap before GC invocations=7 (full 0):
 garbage-first heap   total 204800K, used 156002K [0x00000000c1600000, 0x0000000100000000)
  region size 1024K, 36 young (36864K), 1 survivors (1024K)
 Metaspace       used 9967K, capacity 10243K, committed 10368K, reserved 1058816K
  class space    used 1216K, capacity 1313K, committed 1408K, reserved 1048576K
}
Event: 3.677 GC heap after
{Heap after GC invocations=8 (full 1):
 garbage-first heap   total 204800K, used 120717K [0x00000000c1600000, 0x0000000100000000)
  region size 1024K, 0 young (0K), 0 survivors (0K)
 Metaspace       used 9967K, capacity 10243K, committed 10368K, reserved 1058816K
  class space    used 1216K, capacity 1313K, committed 1408K, reserved 1048576K
}
Event: 3.908 GC heap before
{Heap before GC invocations=8 (full 1):
 garbage-first heap   total 204800K, used 121741K [0x00000000c1600000, 0x0000000100000000)
  region size 1024K, 2 young (2048K), 0 survivors (0K)
 Metaspace       used 10074K, capacity 10345K, committed 10624K, reserved 1058816K
  class space    used 1229K, capacity 1347K, committed 1408K, reserved 1048576K
}
Event: 3.910 GC heap after
{Heap after GC invocations=9 (full 1):
 garbage-first heap   total 204800K, used 120786K [0x00000000c1600000, 0x0000000100000000)
  region size 1024K, 1 young (1024K), 1 survivors (1024K)
 Metaspace       used 10074K, capacity 10345K, committed 10624K, reserved 1058816K
  class space    used 1229K, capacity 1347K, committed 1408K, reserved 1048576K
}
Event: 4.456 GC heap before
{Heap before GC invocations=10 (full 1):
 garbage-first heap   total 217088K, used 126930K [0x00000000c1600000, 0x0000000100000000)
  region size 1024K, 4 young (4096K), 1 survivors (1024K)
 Metaspace       used 10463K, capacity 10730K, committed 11008K, reserved 1058816K
  class space    used 1283K, capacity 1411K, committed 1536K, reserved 1048576K
}
Event: 4.461 GC heap after
{Heap after GC invocations=11 (full 1):
 garbage-first heap   total 217088K, used 125012K [0x00000000c1600000, 0x0000000100000000)
  region size 1024K, 1 young (1024K), 1 survivors (1024K)
 Metaspace       used 10463K, capacity 10730K, committed 11008K, reserved 1058816K
  class space    used 1283K, capacity 1411K, committed 1536K, reserved 1048576K
}

Deoptimization events (20 events):
Event: 1.491 Thread 0x000002107c57d800 Uncommon trap: trap_request=0xffffff45 fr.pc=0x000002106f591348 relative=0x0000000000003a08
Event: 1.491 Thread 0x000002107c57d800 Uncommon trap: reason=unstable_if action=reinterpret pc=0x000002106f591348 method=java.io.BufferedInputStream.read1([BII)I @ 22 c2
Event: 1.491 Thread 0x000002107c57d800 DEOPT PACKING pc=0x000002106f591348 sp=0x0000005c1cefeba0
Event: 1.491 Thread 0x000002107c57d800 DEOPT UNPACKING pc=0x0000021067ac912f sp=0x0000005c1cefea48 mode 2
Event: 3.089 Thread 0x000002107c403800 Uncommon trap: trap_request=0xffffff45 fr.pc=0x000002106f56b964 relative=0x0000000000000044
Event: 3.089 Thread 0x000002107c403800 Uncommon trap: reason=unstable_if action=reinterpret pc=0x000002106f56b964 method=java.lang.CharacterData.of(I)Ljava/lang/CharacterData; @ 4 c2
Event: 3.089 Thread 0x000002107c403800 DEOPT PACKING pc=0x000002106f56b964 sp=0x0000005c1cafcfc0
Event: 3.089 Thread 0x000002107c403800 DEOPT UNPACKING pc=0x0000021067ac912f sp=0x0000005c1cafcf58 mode 2
Event: 3.090 Thread 0x000002107c403800 Uncommon trap: trap_request=0xffffff45 fr.pc=0x000002106f574554 relative=0x00000000000001b4
Event: 3.091 Thread 0x000002107c403800 Uncommon trap: reason=unstable_if action=reinterpret pc=0x000002106f574554 method=java.lang.String.hashCode()I @ 20 c2
Event: 3.091 Thread 0x000002107c403800 DEOPT PACKING pc=0x000002106f574554 sp=0x0000005c1cafd070
Event: 3.091 Thread 0x000002107c403800 DEOPT UNPACKING pc=0x0000021067ac912f sp=0x0000005c1cafd000 mode 2
Event: 3.405 Thread 0x000002107c403800 Uncommon trap: trap_request=0xffffff45 fr.pc=0x000002106f5778a0 relative=0x0000000000000180
Event: 3.405 Thread 0x000002107c403800 Uncommon trap: reason=unstable_if action=reinterpret pc=0x000002106f5778a0 method=java.lang.String.equals(Ljava/lang/Object;)Z @ 33 c2
Event: 3.405 Thread 0x000002107c403800 DEOPT PACKING pc=0x000002106f5778a0 sp=0x0000005c1cafdbe0
Event: 3.405 Thread 0x000002107c403800 DEOPT UNPACKING pc=0x0000021067ac912f sp=0x0000005c1cafdb70 mode 2
Event: 3.565 Thread 0x000002107c403800 DEOPT PACKING pc=0x000002106819caa1 sp=0x0000005c1cafdc60
Event: 3.565 Thread 0x000002107c403800 DEOPT UNPACKING pc=0x0000021067ac964e sp=0x0000005c1cafd0e8 mode 0
Event: 3.943 Thread 0x000002107c511000 DEOPT PACKING pc=0x0000021068148c44 sp=0x0000005c1cdff100
Event: 3.943 Thread 0x000002107c511000 DEOPT UNPACKING pc=0x0000021067ac964e sp=0x0000005c1cdfe5a0 mode 0

Classes unloaded (0 events):
No events

Classes redefined (0 events):
No events

Internal exceptions (14 events):
Event: 0.335 Thread 0x000002105f581800 Exception <a 'java/lang/ClassNotFoundException'{0x00000000c530bc38}: sun/awt/resources/spi/awtProvider> (0x00000000c530bc38) 
thrown [t:/workspace/open/src/hotspot/share/classfile/systemDictionary.cpp, line 232]
Event: 0.393 Thread 0x000002105f581800 Exception <a 'java/io/FileNotFoundException'{0x00000000c5362f80}> (0x00000000c5362f80) 
thrown [t:/workspace/open/src/hotspot/share/prims/jni.cpp, line 598]
Event: 0.410 Thread 0x000002105f581800 Exception <a 'java/io/FileNotFoundException'{0x00000000c5389560}> (0x00000000c5389560) 
thrown [t:/workspace/open/src/hotspot/share/prims/jni.cpp, line 598]
Event: 0.581 Thread 0x000002107c3ed000 Exception <a 'java/lang/NoSuchMethodError'{0x00000000c514d1f8}: 'void java.lang.invoke.DirectMethodHandle$Holder.invokeSpecial(java.lang.Object, java.lang.Object)'> (0x00000000c514d1f8) 
thrown [t:/workspace/open/src/hotspot/share/interpreter/linkResolver.cpp, line 767]
Event: 0.727 Thread 0x000002107c403800 Exception <a 'java/lang/NoSuchMethodError'{0x00000000c506a1e8}: 'java.lang.Object java.lang.invoke.DirectMethodHandle$Holder.invokeStatic(java.lang.Object, int, java.lang.Object, java.lang.Object, java.lang.Object, java.lang.Object)'> (0x00000000c506a1e8) 
thrown [t:/workspace/open/src/hotspot/share/interpreter/linkResolver.cpp, line 767]
Event: 0.728 Thread 0x000002107c403800 Exception <a 'java/lang/NoSuchMethodError'{0x00000000c5070b48}: 'java.lang.Object java.lang.invoke.DirectMethodHandle$Holder.invokeStatic(java.lang.Object, int, java.lang.Object, java.lang.Object, java.lang.Object)'> (0x00000000c5070b48) 
thrown [t:/workspace/open/src/hotspot/share/interpreter/linkResolver.cpp, line 767]
Event: 0.728 Thread 0x000002107c403800 Exception <a 'java/lang/NoSuchMethodError'{0x00000000c50743b0}: 'java.lang.Object java.lang.invoke.DirectMethodHandle$Holder.invokeSpecial(java.lang.Object, java.lang.Object, int, java.lang.Object, java.lang.Object, java.lang.Object)'> (0x00000000c50743b0) 
thrown [t:/workspace/open/src/hotspot/share/interpreter/linkResolver.cpp, line 767]
Event: 0.734 Thread 0x000002107c403800 Exception <a 'java/lang/NoSuchMethodError'{0x00000000c508a6d8}: 'java.lang.Object java.lang.invoke.DirectMethodHandle$Holder.invokeStatic(java.lang.Object, int, java.lang.Object)'> (0x00000000c508a6d8) 
thrown [t:/workspace/open/src/hotspot/share/interpreter/linkResolver.cpp, line 767]
Event: 0.783 Thread 0x000002107c403800 Exception <a 'java/lang/ClassNotFoundException'{0x00000000c4f2df30}: com/sun/swing/internal/plaf/metal/resources/spi/metalProvider> (0x00000000c4f2df30) 
thrown [t:/workspace/open/src/hotspot/share/classfile/systemDictionary.cpp, line 232]
Event: 0.785 Thread 0x000002107c403800 Exception <a 'java/lang/ClassNotFoundException'{0x00000000c4f31fd8}: com/sun/swing/internal/plaf/basic/resources/spi/basicProvider> (0x00000000c4f31fd8) 
thrown [t:/workspace/open/src/hotspot/share/classfile/systemDictionary.cpp, line 232]
Event: 0.835 Thread 0x000002107c403800 Exception <a 'java/net/UnknownHostException'{0x00000000c4f690a0}> (0x00000000c4f690a0) 
thrown [t:/workspace/open/src/hotspot/share/prims/jni.cpp, line 598]
Event: 1.239 Thread 0x000002107c78c000 Exception <a 'java/lang/NullPointerException'{0x00000000c4897708}> (0x00000000c4897708) 
thrown [t:/workspace/open/src/hotspot/share/interpreter/linkResolver.cpp, line 1349]
Event: 1.268 Thread 0x000002107c403800 Exception <a 'java/lang/NoSuchMethodError'{0x00000000c48eba38}: 'void java.lang.invoke.DirectMethodHandle$Holder.invokeStaticInit(java.lang.Object)'> (0x00000000c48eba38) 
thrown [t:/workspace/open/src/hotspot/share/interpreter/linkResolver.cpp, line 767]
Event: 1.323 Thread 0x000002107c403800 Exception <a 'java/lang/NoSuchMethodError'{0x00000000c55802a0}: 'java.lang.Object java.lang.invoke.Invokers$Holder.linkToTargetMethod(java.lang.Object, int, java.lang.Object)'> (0x00000000c55802a0) 
thrown [t:/workspace/open/src/hotspot/share/interpreter/linkResolver.cpp, line 767]

Events (20 events):
Event: 4.467 loading class javax/swing/text/StyledEditorKit$AttributeTracker
Event: 4.467 loading class javax/swing/text/StyledEditorKit$AttributeTracker done
Event: 4.467 loading class javax/swing/text/StyledEditorKit$1
Event: 4.467 loading class javax/swing/text/StyledEditorKit$1 done
Event: 4.467 loading class javax/swing/text/html/HTMLEditorKit$LinkController
Event: 4.467 Executing VM operation: RevokeBias done
Event: 4.468 Executing VM operation: RevokeBias
Event: 4.469 loading class javax/swing/text/html/HTMLEditorKit$LinkController done
Event: 4.474 loading class javax/swing/text/html/StyleSheet
Event: 4.476 Executing VM operation: RevokeBias done
Event: 4.476 Executing VM operation: RevokeBias
Event: 4.477 loading class javax/swing/text/html/StyleSheet done
Event: 4.477 Executing VM operation: RevokeBias done
Event: 4.479 loading class javax/swing/text/html/CSS
Event: 4.489 loading class java/awt/geom/RectIterator
Event: 4.492 Executing VM operation: G1Concurrent
Event: 4.500 loading class javax/swing/text/html/CSS done
Event: 4.531 loading class java/awt/geom/PathIterator
Event: 4.531 loading class java/awt/geom/PathIterator done
Event: 4.531 loading class java/awt/geom/RectIterator done


Dynamic libraries:
0x00007ff6d6b80000 - 0x00007ff6d6b8f000 	C:\Program Files\Java\jdk-13.0.2\bin\javaw.exe
0x00007ffd79c80000 - 0x00007ffd79e70000 	C:\Windows\SYSTEM32\ntdll.dll
0x00007ffd77eb0000 - 0x00007ffd77f62000 	C:\Windows\System32\KERNEL32.DLL
0x00007ffd77830000 - 0x00007ffd77ad5000 	C:\Windows\System32\KERNELBASE.dll
0x00007ffd76d60000 - 0x00007ffd76e5a000 	C:\Windows\System32\ucrtbase.dll
0x00007ffd620f0000 - 0x00007ffd62105000 	C:\Program Files\Java\jdk-13.0.2\bin\VCRUNTIME140.dll
0x00007ffd61fa0000 - 0x00007ffd61fb8000 	C:\Program Files\Java\jdk-13.0.2\bin\jli.dll
0x00007ffd78ce0000 - 0x00007ffd78d83000 	C:\Windows\System32\ADVAPI32.dll
0x00007ffd78a40000 - 0x00007ffd78ade000 	C:\Windows\System32\msvcrt.dll
0x00007ffd78f30000 - 0x00007ffd78fc7000 	C:\Windows\System32\sechost.dll
0x00007ffd78bc0000 - 0x00007ffd78cdf000 	C:\Windows\System32\RPCRT4.dll
0x00007ffd78d90000 - 0x00007ffd78f24000 	C:\Windows\System32\USER32.dll
0x00007ffd77ae0000 - 0x00007ffd77b01000 	C:\Windows\System32\win32u.dll
0x00007ffd6a300000 - 0x00007ffd6a584000 	C:\Windows\WinSxS\amd64_microsoft.windows.common-controls_6595b64144ccf1df_6.0.18362.1556_none_9e7e372fe45e41d5\COMCTL32.dll
0x00007ffd78fd0000 - 0x00007ffd78ff6000 	C:\Windows\System32\GDI32.dll
0x00007ffd783e0000 - 0x00007ffd78716000 	C:\Windows\System32\combase.dll
0x00007ffd76f10000 - 0x00007ffd770a8000 	C:\Windows\System32\gdi32full.dll
0x00007ffd76bc0000 - 0x00007ffd76c5e000 	C:\Windows\System32\msvcp_win.dll
0x00007ffd76e80000 - 0x00007ffd76f01000 	C:\Windows\System32\bcryptPrimitives.dll
0x00007ffd6ac30000 - 0x00007ffd6ac3a000 	C:\Windows\SYSTEM32\VERSION.dll
0x00007ffd79140000 - 0x00007ffd7916e000 	C:\Windows\System32\IMM32.DLL
0x00007ffd52fc0000 - 0x00007ffd5305b000 	C:\Program Files\Java\jdk-13.0.2\bin\msvcp140.dll
0x00007ffd49500000 - 0x00007ffd4a05d000 	C:\Program Files\Java\jdk-13.0.2\bin\server\jvm.dll
0x00007ffd787f0000 - 0x00007ffd787f8000 	C:\Windows\System32\PSAPI.DLL
0x00007ffd745f0000 - 0x00007ffd74614000 	C:\Windows\SYSTEM32\WINMM.dll
0x00007ffd72e20000 - 0x00007ffd72e29000 	C:\Windows\SYSTEM32\WSOCK32.dll
0x00007ffd78ae0000 - 0x00007ffd78b4f000 	C:\Windows\System32\WS2_32.dll
0x00007ffd745c0000 - 0x00007ffd745ed000 	C:\Windows\SYSTEM32\WINMMBASE.dll
0x00007ffd76c60000 - 0x00007ffd76caa000 	C:\Windows\System32\cfgmgr32.dll
0x00007ffd76ba0000 - 0x00007ffd76bb1000 	C:\Windows\System32\kernel.appcore.dll
0x00007ffd6fad0000 - 0x00007ffd6fae0000 	C:\Program Files\Java\jdk-13.0.2\bin\verify.dll
0x00007ffd67110000 - 0x00007ffd67304000 	C:\Windows\SYSTEM32\DBGHELP.DLL
0x00007ffd670e0000 - 0x00007ffd6710a000 	C:\Windows\SYSTEM32\dbgcore.DLL
0x00007ffd61f70000 - 0x00007ffd61f96000 	C:\Program Files\Java\jdk-13.0.2\bin\java.dll
0x00007ffd5eee0000 - 0x00007ffd5eef7000 	C:\Program Files\Java\jdk-13.0.2\bin\zip.dll
0x00007ffd6d170000 - 0x00007ffd6d17a000 	C:\Program Files\Java\jdk-13.0.2\bin\jimage.dll
0x00007ffd79350000 - 0x00007ffd79a37000 	C:\Windows\System32\SHELL32.dll
0x00007ffd791f0000 - 0x00007ffd79298000 	C:\Windows\System32\shcore.dll
0x00007ffd770b0000 - 0x00007ffd7782b000 	C:\Windows\System32\windows.storage.dll
0x00007ffd76b10000 - 0x00007ffd76b2e000 	C:\Windows\System32\profapi.dll
0x00007ffd76b50000 - 0x00007ffd76b9a000 	C:\Windows\System32\powrprof.dll
0x00007ffd76b00000 - 0x00007ffd76b10000 	C:\Windows\System32\UMPDC.dll
0x00007ffd79170000 - 0x00007ffd791c2000 	C:\Windows\System32\shlwapi.dll
0x00007ffd76e60000 - 0x00007ffd76e77000 	C:\Windows\System32\cryptsp.dll
0x00007ffd5eec0000 - 0x00007ffd5eed9000 	C:\Program Files\Java\jdk-13.0.2\bin\net.dll
0x00007ffd6d610000 - 0x00007ffd6d70a000 	C:\Windows\SYSTEM32\WINHTTP.dll
0x00007ffd762e0000 - 0x00007ffd76347000 	C:\Windows\system32\mswsock.dll
0x00007ffd5eea0000 - 0x00007ffd5eeb3000 	C:\Program Files\Java\jdk-13.0.2\bin\nio.dll
0x00007ffd4c570000 - 0x00007ffd4c709000 	C:\Program Files\Java\jdk-13.0.2\bin\awt.dll
0x00007ffd78720000 - 0x00007ffd787e5000 	C:\Windows\System32\OLEAUT32.dll
0x00007ffd74c70000 - 0x00007ffd74cff000 	C:\Windows\SYSTEM32\apphelp.dll
0x00007ffd74e20000 - 0x00007ffd74eb9000 	C:\Windows\system32\uxtheme.dll
0x00007ffd79a40000 - 0x00007ffd79b75000 	C:\Windows\System32\MSCTF.dll
0x00007ffd78860000 - 0x00007ffd789b7000 	C:\Windows\System32\ole32.dll
0x00007ffd74f10000 - 0x00007ffd74f3d000 	C:\Windows\system32\DWMAPI.DLL
0x00007ffd4c410000 - 0x00007ffd4c566000 	C:\Windows\system32\opengl32.dll
0x00007ffd5da60000 - 0x00007ffd5da8c000 	C:\Windows\SYSTEM32\GLU32.dll
0x00007ffd75740000 - 0x00007ffd75760000 	C:\Windows\SYSTEM32\dxcore.dll
0x00007ffd76030000 - 0x00007ffd760fb000 	C:\Windows\SYSTEM32\DNSAPI.dll
0x00007ffd79000000 - 0x00007ffd79008000 	C:\Windows\System32\NSI.dll
0x00007ffd75ff0000 - 0x00007ffd7602a000 	C:\Windows\SYSTEM32\IPHLPAPI.DLL
0x00007ffd6c7d0000 - 0x00007ffd6c7da000 	C:\Windows\System32\rasadhlp.dll
0x00007ffd5d9d0000 - 0x00007ffd5da52000 	C:\Program Files\Java\jdk-13.0.2\bin\freetype.dll
0x00007ffd4cd00000 - 0x00007ffd4cda6000 	C:\Program Files\Java\jdk-13.0.2\bin\fontmanager.dll

dbghelp: loaded successfully - version: 4.0.5 - missing functions: none
symbol engine: initialized successfully - sym options: 0x614 - pdb path: .;C:\Program Files\Java\jdk-13.0.2\bin;C:\Windows\SYSTEM32;C:\Windows\WinSxS\amd64_microsoft.windows.common-controls_6595b64144ccf1df_6.0.18362.1556_none_9e7e372fe45e41d5;C:\Program Files\Java\jdk-13.0.2\bin\server

VM Arguments:
jvm_args: -Dfile.encoding=Cp1252 
java_command: Application.Home
java_class_path (initial): C:\Users\User\Desktop\Programmes\Java\Workspace\DriveOperations\target\classes;C:\Users\User\Desktop\Libraries\jgoodies-common-1.8.0.jar;C:\Users\User\Desktop\Libraries\jgoodies-forms-1.8.0.jar;C:\Users\User\Desktop\Libraries\miglayout15-swing.jar;C:\Users\User\Downloads\javax.mail.jar;C:\Users\User\Downloads\activation-1.1.1.jar;C:\Users\User\Downloads\jcalendar-1.4.jar;C:\Users\User\Downloads\jfreechart-1.0.19\lib\jcommon-1.0.23.jar;C:\Users\User\Downloads\jfreechart-1.0.19\lib\jfreechart-1.0.19.jar;C:\Users\User\Downloads\commons-net-3.8.0\commons-net-3.8.0.jar;C:\Users\User\Documents\Libs\comm-2.0.jar;C:\Users\User\Documents\Libs\http-2.2.1.jar;C:\Users\User\Documents\Libs\mysql-connector-java-5.1.45.jar;C:\Users\User\Downloads\JTattoo-1.6.13.jar;C:\Users\User\Desktop\Libs\jmespath-java-1.11.470.jar;C:\Users\User\Desktop\Libs\aws-java-sdk-core-1.12.65.jar;C:\Users\User\Desktop\Libs\aws-java-sdk-kms-1.12.65.jar;C:\Users\User\Desktop\Libs\aws-java-sdk-s3-1.12.65.jar;C:\Users\User\Desktop\Libs\commons-codec-1.15.jar;C:\Users\User\Desktop\Libs\commons-logging-1.1.3.jar;C:\Users\User\Desktop\Libs\httpclient-4.5.13.jar;C:\Users\User\Desktop\Libs\ion-java-1.0.2.jar;C:\Users\User\Desktop\Libs\jackson-annotations-2.12.3.jar;C:\Users\User\Desktop\Libs\jackson-core-2.12.3.jar;C:\Users\User\Desktop\Libs\jackson-databind-2.12.3.jar;C:\Users\User\Desktop\Libs\jackson-dataformat-cbor-2.12.3.jar;C:\Users\User\Desktop\Libs\jmespath-java-1.12.65.jar;C:\Users\User\Desktop\Libs\joda-time-2.8.1.jar;C:\Users\User\.m2\repository\com\amazonaws\aws-java-sdk-s3\1.12.65\aws-java-sdk-s3-1.12.65.jar;C:\Users\User\.m2\repository\com\amazonaws\aws-java-sdk-kms\1.12.65\aws-java-sdk-kms-1.12.65.jar;C:\Users\User\.m2\repository\com\amazonaws\aws-java-sdk-core\1.12.65\aws-java-sdk-core-1.12.65.jar;C:\Users\User\.m2\repository\commons-logging\commons-logging\1.1.3\commons-logging-1.1.3.jar;C:\Users\User\.m2\repository\commons-codec\commons-codec\1.15\commons-codec-1.15
Launcher Type: SUN_STANDARD

[Global flags]
     intx CICompilerCount                          = 3                                         {product} {ergonomic}
     uint ConcGCThreads                            = 1                                         {product} {ergonomic}
     uint G1ConcRefinementThreads                  = 4                                         {product} {ergonomic}
   size_t G1HeapRegionSize                         = 1048576                                   {product} {ergonomic}
    uintx GCDrainStackTargetSize                   = 64                                        {product} {ergonomic}
   size_t InitialHeapSize                          = 67108864                                  {product} {ergonomic}
   size_t MarkStackSize                            = 4194304                                   {product} {ergonomic}
   size_t MaxHeapSize                              = 1050673152                                {product} {ergonomic}
   size_t MaxNewSize                               = 630194176                                 {product} {ergonomic}
   size_t MinHeapDeltaBytes                        = 1048576                                   {product} {ergonomic}
   size_t MinHeapSize                              = 8388608                                   {product} {ergonomic}
    uintx NonNMethodCodeHeapSize                   = 5832780                                {pd product} {ergonomic}
    uintx NonProfiledCodeHeapSize                  = 122912730                              {pd product} {ergonomic}
    uintx ProfiledCodeHeapSize                     = 122912730                              {pd product} {ergonomic}
    uintx ReservedCodeCacheSize                    = 251658240                              {pd product} {ergonomic}
     bool SegmentedCodeCache                       = true                                      {product} {ergonomic}
   size_t SoftMaxHeapSize                          = 1050673152                             {manageable} {ergonomic}
     bool UseCompressedClassPointers               = true                                 {lp64_product} {ergonomic}
     bool UseCompressedOops                        = true                                 {lp64_product} {ergonomic}
     bool UseG1GC                                  = true                                      {product} {ergonomic}
     bool UseLargePagesIndividualAllocation        = false                                  {pd product} {ergonomic}

Logging:
Log output configuration:
 #0: stdout all=warning uptime,level,tags
 #1: stderr all=off uptime,level,tags

Environment Variables:
JAVA_HOME=C:\Program Files (x86)\Java\jre1.8.0_241
PATH=C:\Program Files\Java\jdk-13.0.2\bin;C:\Program Files (x86)\Common Files\Oracle\Java\javapath;C:\Windows\system32;C:\Windows;C:\Windows\System32\Wbem;C:\Windows\System32\WindowsPowerShell\v1.0\;C:\Windows\System32\OpenSSH\;C:\Program Files (x86)\apache-maven-3.8.1\bin;C:\Program Files (x86)\gradle-7.1.1\bin;C:\Users\User\AppData\Local\Microsoft\WindowsApps;C:\Users\User\AppData\Local\Programs\Microsoft VS Code\bin;C:\Program Files (x86)\gradle-7.1.1\bin;C:\Users\User\Downloads\platform-tools;
USERNAME=User
OS=Windows_NT
PROCESSOR_IDENTIFIER=Intel64 Family 6 Model 42 Stepping 7, GenuineIntel



---------------  S Y S T E M  ---------------

OS: Windows 10 , 64 bit Build 18362 (10.0.18362.1500)

CPU:total 4 (initial active 4) (2 cores per cpu, 2 threads per core) family 6 model 42 stepping 7, cmov, cx8, fxsr, mmx, sse, sse2, sse3, ssse3, sse4.1, sse4.2, popcnt, avx, aes, clmul, ht, tsc, tscinvbit

Memory: 4k page, system-wide physical 4006M (344M free)
TotalPageFile size 16294M (AvailPageFile size 11M)
current process WorkingSet (physical memory assigned to process): 247M, peak: 247M
current process commit charge ("private bytes"): 321M, peak: 328M

vm_info: Java HotSpot(TM) 64-Bit Server VM (13.0.2+8) for windows-amd64 JRE (13.0.2+8), built on Dec 11 2019 09:20:33 by "mach5one" with unknown MS VC++:1916

END.
