JvmtiExport can_access_local_variables 0
JvmtiExport can_hotswap_or_post_breakpoint 0
JvmtiExport can_post_on_exceptions 0
# 133 ciObject found
ciInstanceKlass java/util/Iterator 1 1 53 100 1 8 1 10 12 1 1 10 7 12 1 1 1 11 7 12 1 1 1 11 12 1 1 11 7 12 1 1 1 100 1 1 1 1 1 1 1 1 1 1 1 1 1 1 1 1 1 1 1 1 1
instanceKlass java/awt/LightweightDispatcher$1
instanceKlass java/awt/Container$MouseEventTargetFilter
instanceKlass java/awt/Container$EventTargetFilter
instanceKlass java/awt/Cursor$CursorDisposer
instanceKlass java/awt/event/MouseEvent$1
instanceKlass sun/awt/AWTAccessor$MouseEventAccessor
instanceKlass java/text/AttributedString$AttributedStringIterator
instanceKlass java/text/AttributedCharacterIterator
instanceKlass java/text/AttributedString
instanceKlass sun/awt/im/CompositionAreaHandler
instanceKlass sun/awt/im/InputMethodAdapter
instanceKlass java/awt/im/spi/InputMethod
instanceKlass java/awt/im/spi/InputMethodContext
instanceKlass java/awt/im/InputMethodRequests
instanceKlass java/awt/im/InputContext
instanceKlass java/awt/KeyboardFocusManager$3
instanceKlass org/jfree/ui/Layer
instanceKlass sun/java2d/marlin/MergeSort
instanceKlass java/awt/geom/LineIterator
instanceKlass org/jfree/chart/plot/CrosshairState
instanceKlass org/jfree/chart/axis/AxisCollection
instanceKlass java/awt/geom/RectIterator
instanceKlass java/text/DigitList$1
instanceKlass org/jfree/chart/axis/TickType
instanceKlass org/jfree/chart/axis/AxisState
instanceKlass org/jfree/chart/axis/AxisSpace
instanceKlass org/jfree/chart/block/BlockResult
instanceKlass org/jfree/chart/block/EntityBlockResult
instanceKlass org/jfree/text/TextBlockAnchor
instanceKlass org/jfree/ui/Size2D
instanceKlass org/jfree/text/TextFragment
instanceKlass org/jfree/text/TextLine
instanceKlass java/awt/font/LineMetrics
instanceKlass sun/font/CoreMetrics
instanceKlass java/text/StringCharacterIterator
instanceKlass java/text/CharacterIterator
instanceKlass java/text/BreakIterator$BreakIteratorCache
instanceKlass sun/text/SupplementaryCharacterData
instanceKlass sun/text/CompactByteArray
instanceKlass sun/util/resources/BreakIteratorResourceBundle$$Lambda$210
instanceKlass sun/util/locale/provider/JRELocaleProviderAdapter$$Lambda$209
instanceKlass java/text/BreakIterator
instanceKlass org/jfree/text/TextBlock
instanceKlass org/jfree/base/modules/ModuleInfo
instanceKlass org/jfree/base/modules/PackageManager
instanceKlass org/jfree/util/ExtendedConfiguration
instanceKlass org/jfree/base/config/HierarchicalConfiguration
instanceKlass org/jfree/base/config/ModifiableConfiguration
instanceKlass org/jfree/util/Configuration
instanceKlass org/jfree/util/ObjectUtilities
instanceKlass org/jfree/util/LogContext
instanceKlass org/jfree/util/LogTarget
instanceKlass org/jfree/util/Log
instanceKlass org/jfree/text/TextUtilities
instanceKlass org/jfree/text/G2TextMeasurer
instanceKlass org/jfree/chart/block/BlockParams
instanceKlass org/jfree/chart/block/EntityBlockParams
instanceKlass org/jfree/chart/block/LengthConstraintType
instanceKlass org/jfree/chart/block/RectangleConstraint
instanceKlass java/awt/KeyboardFocusManager$LightweightFocusRequest
instanceKlass java/awt/DefaultKeyboardFocusManager$TypeAheadMarker
instanceKlass java/awt/KeyboardFocusManager$HeavyweightFocusRequest
instanceKlass sun/awt/KeyboardFocusManagerPeerImpl$KfmAccessor
instanceKlass sun/java2d/loops/FontInfo
instanceKlass java/awt/PrintGraphics
instanceKlass java/awt/print/PrinterGraphics
instanceKlass sun/font/SunFontManager$4
instanceKlass java/io/RandomAccessFile$1
instanceKlass java/lang/FdLibm
instanceKlass java/lang/FdLibm$Cbrt
instanceKlass sun/java2d/marlin/ArrayCacheConst
instanceKlass sun/java2d/marlin/DHelpers
instanceKlass java/awt/geom/RoundRectIterator
instanceKlass sun/java2d/marlin/DDasher$LengthIterator
instanceKlass sun/java2d/marlin/DDasher
instanceKlass sun/java2d/marlin/DStroker
instanceKlass sun/java2d/marlin/Renderer
instanceKlass sun/java2d/marlin/MarlinTileGenerator
instanceKlass sun/java2d/pipe/AATileGenerator
instanceKlass sun/java2d/marlin/DRenderer
instanceKlass sun/java2d/marlin/MarlinRenderer
instanceKlass sun/java2d/marlin/OffHeapArray$$Lambda$208
instanceKlass sun/java2d/marlin/OffHeapArray
instanceKlass sun/java2d/marlin/MarlinCache
instanceKlass sun/java2d/marlin/IntArrayCache$Reference
instanceKlass sun/java2d/marlin/DHelpers$IndexStack
instanceKlass sun/java2d/marlin/DTransformingPathConsumer2D$PathClipFilter
instanceKlass sun/java2d/marlin/ByteArrayCache$Reference
instanceKlass sun/java2d/marlin/DoubleArrayCache$Reference
instanceKlass sun/java2d/marlin/DHelpers$PolyStack
instanceKlass sun/java2d/marlin/DTransformingPathConsumer2D$ClosedPathDetector
instanceKlass sun/java2d/marlin/DTransformingPathConsumer2D$PathTracer
instanceKlass sun/java2d/marlin/DTransformingPathConsumer2D$DeltaTransformFilter
instanceKlass sun/java2d/marlin/DTransformingPathConsumer2D$DeltaScaleFilter
instanceKlass sun/java2d/marlin/DTransformingPathConsumer2D$Path2DWrapper
instanceKlass sun/java2d/marlin/DTransformingPathConsumer2D
instanceKlass sun/java2d/marlin/DTransformingPathConsumer2D$CurveClipSplitter
instanceKlass sun/java2d/marlin/DTransformingPathConsumer2D$CurveBasicMonotonizer
instanceKlass sun/java2d/marlin/DMarlinRenderingEngine$NormalizingPathIterator
instanceKlass java/awt/geom/PathIterator
instanceKlass sun/java2d/marlin/DRendererContext$PathConsumer2DAdapter
instanceKlass sun/java2d/marlin/ByteArrayCache
instanceKlass sun/java2d/marlin/DoubleArrayCache
instanceKlass sun/java2d/marlin/IntArrayCache
instanceKlass sun/java2d/marlin/DPathSimplifier
instanceKlass sun/java2d/marlin/DCollinearSimplifier
instanceKlass sun/java2d/marlin/DPathConsumer2D
instanceKlass sun/java2d/marlin/DCurve
instanceKlass sun/java2d/marlin/IRendererContext
instanceKlass sun/java2d/ReentrantContext
instanceKlass sun/java2d/pipe/ShapeSpanIterator
instanceKlass sun/awt/geom/PathConsumer2D
instanceKlass sun/java2d/pipe/SpanIterator
instanceKlass sun/java2d/pipe/AlphaPaintPipe$TileContext
instanceKlass java/awt/GradientPaintContext
instanceKlass java/awt/PaintContext
instanceKlass java/awt/GradientPaint
instanceKlass sun/swing/ImageCache$Entry
instanceKlass sun/swing/ImageCache
instanceKlass sun/swing/CachedPainter
instanceKlass javax/swing/plaf/metal/MetalUtils
instanceKlass sun/awt/image/BufImgSurfaceData$ICMColorData
instanceKlass java/awt/image/BufferedImage$1
instanceKlass java/awt/image/SampleModel
instanceKlass java/awt/image/DataBuffer$1
instanceKlass sun/awt/image/SunWritableRaster$DataStealer
instanceKlass java/awt/image/DataBuffer
instanceKlass java/awt/image/Raster
instanceKlass java/awt/event/KeyAdapter
instanceKlass java/awt/event/MouseMotionAdapter
instanceKlass javax/swing/ToolTipManager$stillInsideTimerAction
instanceKlass sun/java2d/opengl/OGLGraphicsConfig
instanceKlass javax/swing/ToolTipManager$outsideTimerAction
instanceKlass javax/swing/ToolTipManager$insideTimerAction
instanceKlass java/awt/event/WindowAdapter
instanceKlass sun/awt/SunGraphicsCallback
instanceKlass javax/swing/plaf/metal/MetalIconFactory$MenuArrowIcon
instanceKlass sun/java2d/pipe/hw/AccelSurface
instanceKlass javax/swing/JMenu$MenuChangeListener
instanceKlass javax/swing/RepaintManager$4
instanceKlass javax/swing/RepaintManager$2$1
instanceKlass javax/swing/SwingWorker$5
instanceKlass javax/swing/RepaintManager$3
instanceKlass java/awt/EventQueue$5
instanceKlass javax/swing/plaf/basic/BasicMenuItemUI$Handler
instanceKlass javax/swing/event/MouseInputListener
instanceKlass javax/swing/event/MenuDragMouseListener
instanceKlass sun/swing/MenuItemLayoutHelper
instanceKlass sun/awt/GlobalCursorManager$NativeUpdater
instanceKlass sun/awt/GlobalCursorManager
instanceKlass javax/swing/plaf/basic/BasicGraphicsUtils
instanceKlass java/util/Collections$ReverseComparator
instanceKlass javax/swing/plaf/metal/MetalIconFactory$MenuItemArrowIcon
instanceKlass javax/swing/plaf/metal/MetalIconFactory
instanceKlass java/awt/SplashScreen
instanceKlass sun/font/StrikeCache$DisposableStrike
instanceKlass sun/font/FontStrikeDisposer
instanceKlass sun/java2d/Disposer$PollDisposable
instanceKlass sun/font/CMap
instanceKlass sun/font/FontScaler
instanceKlass sun/font/FontStrikeDesc
instanceKlass sun/font/TrueTypeFont$DirectoryEntry
instanceKlass java/nio/channels/spi/AbstractInterruptibleChannel$1
instanceKlass sun/nio/ch/Interruptible
instanceKlass sun/font/TrueTypeFont$1
instanceKlass sun/font/TrueTypeFont$TTDisposerRecord
instanceKlass sun/font/SunFontManager$5
instanceKlass sun/font/SunFontManager$FamilyDescription
instanceKlass sun/font/FontDesignMetrics$MetricsKey
instanceKlass java/awt/FontMetrics
instanceKlass sun/swing/SwingUtilities2$KeyPair
instanceKlass sun/awt/NullComponentPeer
instanceKlass sun/awt/LightweightPeerHolder
instanceKlass java/awt/peer/LightweightPeer
instanceKlass sun/awt/im/ExecutableInputMethodManager$3
instanceKlass sun/awt/im/InputMethodLocator
instanceKlass sun/awt/windows/WInputMethodDescriptor
instanceKlass java/awt/im/spi/InputMethodDescriptor
instanceKlass sun/awt/im/InputMethodManager
instanceKlass java/lang/invoke/LambdaForm$MH
instanceKlass java/lang/invoke/LambdaForm$MH
instanceKlass java/lang/invoke/LambdaForm$MH
instanceKlass java/lang/invoke/LambdaForm$MH
instanceKlass java/lang/invoke/LambdaForm$MH
instanceKlass java/lang/invoke/LambdaForm$MH
instanceKlass java/lang/invoke/LambdaForm$MH
instanceKlass java/lang/invoke/LambdaForm$MH
instanceKlass sun/awt/FontConfiguration$2
instanceKlass sun/awt/Win32FontManager$2
instanceKlass java/lang/ProcessEnvironment$CheckedEntry
instanceKlass java/lang/ProcessEnvironment$CheckedEntrySet$1
instanceKlass java/lang/ProcessEnvironment$EntryComparator
instanceKlass java/lang/ProcessEnvironment$NameComparator
instanceKlass sun/font/SunFontManager$3
instanceKlass sun/font/FontFamily
instanceKlass sun/font/Font2DHandle
instanceKlass sun/font/CompositeFontDescriptor
instanceKlass sun/font/SunFontManager$FontRegistrationInfo
instanceKlass java/lang/Short$ShortCache
instanceKlass sun/awt/FontDescriptor
instanceKlass sun/awt/FontConfiguration
instanceKlass sun/font/SunFontManager$2
instanceKlass sun/awt/Win32FontManager$1
instanceKlass sun/font/FontManagerFactory$1
instanceKlass sun/font/FontUtilities$1
instanceKlass sun/font/FontUtilities
instanceKlass sun/font/FontManagerFactory
instanceKlass sun/font/GlyphList
instanceKlass sun/font/StrikeCache$1
instanceKlass sun/font/StrikeCache
instanceKlass sun/font/FontStrike
instanceKlass sun/font/CharToGlyphMapper
instanceKlass sun/font/StrikeMetrics
instanceKlass sun/font/Font2D
instanceKlass sun/font/FontManagerNativeLibrary$1
instanceKlass sun/font/FontManagerNativeLibrary
instanceKlass sun/font/SunFontManager$1
instanceKlass sun/font/SunFontManager$T1Filter
instanceKlass sun/font/SunFontManager$TTFilter
instanceKlass java/io/FilenameFilter
instanceKlass sun/font/SunFontManager
instanceKlass sun/font/FontManagerForSGE
instanceKlass sun/font/FontManager
instanceKlass sun/java2d/FontSupport
instanceKlass sun/awt/NativeLibLoader$1
instanceKlass sun/awt/NativeLibLoader
instanceKlass sun/awt/PlatformFont
instanceKlass java/awt/peer/FontPeer
instanceKlass java/awt/SystemColor$$Lambda$207
instanceKlass java/lang/invoke/LambdaForm$DMH
instanceKlass sun/awt/AWTAccessor$SystemColorAccessor
instanceKlass sun/java2d/StateTracker$2
instanceKlass sun/java2d/StateTracker$1
instanceKlass sun/java2d/StateTracker
instanceKlass sun/java2d/SurfaceDataProxy
instanceKlass sun/awt/image/SurfaceManager$FlushableCacheData
instanceKlass sun/java2d/DefaultDisposerRecord
instanceKlass java/util/TimSort
instanceKlass sun/java2d/loops/GraphicsPrimitiveMgr$PrimitiveSpec
instanceKlass sun/java2d/loops/RenderLoops
instanceKlass sun/java2d/windows/GDIRenderer
instanceKlass sun/java2d/loops/GraphicsPrimitiveMgr$2
instanceKlass sun/java2d/loops/GraphicsPrimitiveMgr$1
instanceKlass sun/java2d/loops/GeneralRenderer
instanceKlass sun/java2d/loops/CustomComponent
instanceKlass sun/java2d/pipe/ValidatePipe
instanceKlass java/awt/geom/Path2D
instanceKlass java/awt/AlphaComposite
instanceKlass sun/awt/ConstrainableGraphics
instanceKlass sun/java2d/loops/CompositeType
instanceKlass sun/java2d/loops/GraphicsPrimitiveMgr
instanceKlass sun/java2d/loops/GraphicsPrimitive
instanceKlass sun/java2d/loops/XORComposite
instanceKlass sun/java2d/pipe/hw/AccelGraphicsConfig
instanceKlass sun/java2d/pipe/hw/BufferedContextProvider
instanceKlass sun/java2d/d3d/D3DScreenUpdateManager$$Lambda$206
instanceKlass sun/java2d/d3d/D3DScreenUpdateManager$$Lambda$205
instanceKlass sun/java2d/ScreenUpdateManager
instanceKlass java/text/FieldPosition$Delegate
instanceKlass java/awt/SequencedEvent$2
instanceKlass java/awt/SequencedEvent$1
instanceKlass javax/swing/RepaintManager$2
instanceKlass sun/awt/AWTAccessor$SequencedEventAccessor
instanceKlass sun/awt/windows/WComponentPeer$2
instanceKlass sun/awt/im/InputMethodWindow
instanceKlass javax/swing/JComponent$$Lambda$204
instanceKlass sun/awt/ExtendedKeyCodes
instanceKlass sun/awt/RepaintArea
instanceKlass sun/awt/windows/WWindowPeer$GuiDisposedListener
instanceKlass sun/awt/windows/WWindowPeer$ActiveWindowListener
instanceKlass java/awt/peer/CanvasPeer
instanceKlass javax/swing/table/TableCellRenderer
instanceKlass java/awt/peer/PanelPeer
instanceKlass javax/swing/SpinnerModel
instanceKlass javax/swing/event/RowSorterListener
instanceKlass java/awt/peer/FramePeer
instanceKlass java/awt/peer/WindowPeer
instanceKlass java/awt/peer/ContainerPeer
instanceKlass javax/swing/event/CellEditorListener
instanceKlass javax/swing/event/ListSelectionListener
instanceKlass javax/swing/event/TableColumnModelListener
instanceKlass javax/swing/event/TableModelListener
instanceKlass Stats/StatsPane$10
instanceKlass javax/swing/JMenuItem$MenuItemFocusListener
instanceKlass org/jfree/chart/plot/PlotRenderingInfo
instanceKlass org/jfree/chart/entity/StandardEntityCollection
instanceKlass javax/swing/table/TableModel
instanceKlass org/jfree/chart/panel/Overlay
instanceKlass Stats/StatsPane$9
instanceKlass javax/swing/ComboBoxModel
instanceKlass javax/swing/ListModel
instanceKlass org/jfree/chart/ChartRenderingInfo
instanceKlass org/jfree/chart/ChartMouseListener
instanceKlass javax/swing/event/ListDataListener
instanceKlass Stats/StatsPane$8
instanceKlass Stats/StatsPane$7
instanceKlass java/awt/print/PageFormat
instanceKlass Stats/StatsPane$6
instanceKlass Stats/StatsPane$5
instanceKlass java/io/ObjectOutput
instanceKlass java/io/ObjectStreamConstants
instanceKlass java/io/ObjectInput
instanceKlass javax/swing/filechooser/FileFilter
instanceKlass java/awt/datatransfer/Transferable
instanceKlass Stats/StatsPane$4
instanceKlass Stats/StatsPane$3
instanceKlass javax/swing/Timer$1
instanceKlass java/awt/print/Printable
instanceKlass org/jfree/chart/event/OverlayChangeListener
instanceKlass org/jfree/chart/event/ChartProgressListener
instanceKlass org/jfree/chart/event/ChartChangeListener
instanceKlass java/time/Duration
instanceKlass java/time/temporal/TemporalAmount
instanceKlass java/time/temporal/TemporalUnit
instanceKlass java/util/concurrent/TimeUnit$1
instanceKlass javax/swing/TimerQueue$DelayedTimer
instanceKlass java/util/concurrent/Delayed
instanceKlass javax/swing/SwingWorker$SwingWorkerPropertyChangeSupport$1
instanceKlass javax/swing/SwingWorker$7
instanceKlass java/util/concurrent/Executors$DefaultThreadFactory
instanceKlass javax/swing/SwingWorker$6
instanceKlass java/util/concurrent/FutureTask$WaitNode
instanceKlass java/util/concurrent/FutureTask
instanceKlass javax/swing/SwingWorker$1
instanceKlass java/util/concurrent/Callable
instanceKlass sun/swing/AccumulativeRunnable
instanceKlass javax/swing/SwingWorker
instanceKlass java/util/concurrent/RunnableFuture
instanceKlass java/util/concurrent/Future
instanceKlass org/jfree/chart/axis/SegmentedTimeline
instanceKlass org/jfree/chart/axis/DateTickMarkPosition
instanceKlass org/jfree/chart/axis/TickUnits
instanceKlass org/jfree/chart/axis/DateAxis$DefaultTimeline
instanceKlass sun/util/locale/provider/JRELocaleProviderAdapter$$Lambda$203
instanceKlass java/text/DateFormatSymbols
instanceKlass org/jfree/chart/axis/DateTickUnitType
instanceKlass org/jfree/chart/axis/Timeline
instanceKlass org/jfree/chart/block/BlockBorder
instanceKlass org/jfree/ui/VerticalAlignment
instanceKlass org/jfree/ui/HorizontalAlignment
instanceKlass org/jfree/ui/RectangleEdge
instanceKlass org/jfree/chart/entity/EntityCollection
instanceKlass org/jfree/base/AbstractBoot
instanceKlass org/jfree/base/modules/SubSystem
instanceKlass org/jfree/base/BasicProjectInfo$OptionalLibraryHolder
instanceKlass org/jfree/util/ResourceBundleWrapper
instanceKlass org/jfree/JCommon
instanceKlass org/jfree/ui/about/Contributor
instanceKlass org/jfree/ui/about/Licences
instanceKlass java/util/ResourceBundle$Control$$Lambda$202
instanceKlass java/util/ResourceBundle$Control$1
instanceKlass org/jfree/base/Library
instanceKlass org/jfree/chart/block/BlockFrame
instanceKlass sun/util/locale/provider/JRELocaleProviderAdapter$$Lambda$201
instanceKlass org/jfree/chart/labels/AbstractXYItemLabelGenerator
instanceKlass org/jfree/chart/axis/AxisLocation
instanceKlass org/jfree/data/general/DatasetUtilities
instanceKlass org/jfree/chart/plot/SeriesRenderingOrder
instanceKlass org/jfree/chart/plot/DatasetRenderingOrder
instanceKlass org/jfree/chart/util/ResourceBundleWrapper
instanceKlass java/awt/image/WritableRenderedImage
instanceKlass java/awt/image/RenderedImage
instanceKlass org/jfree/text/TextMeasurer
instanceKlass org/jfree/chart/labels/StandardXYSeriesLabelGenerator
instanceKlass org/jfree/ui/TextAnchor
instanceKlass org/jfree/chart/labels/ItemLabelAnchor
instanceKlass org/jfree/chart/labels/ItemLabelPosition
instanceKlass org/jfree/util/AbstractObjectList
instanceKlass org/jfree/chart/renderer/RendererState
instanceKlass org/jfree/chart/labels/XYSeriesLabelGenerator
instanceKlass org/jfree/chart/event/ChartChangeEventType
instanceKlass org/jfree/data/RangeType
instanceKlass org/jfree/chart/axis/AxisLabelLocation
instanceKlass org/jfree/chart/axis/NumberTickUnitSource
instanceKlass org/jfree/ui/GradientPaintTransformer
instanceKlass java/awt/Composite
instanceKlass org/jfree/chart/labels/CategorySeriesLabelGenerator
instanceKlass org/jfree/chart/renderer/AbstractRenderer
instanceKlass org/jfree/chart/Effect3D
instanceKlass org/jfree/chart/renderer/xy/GradientXYBarPainter
instanceKlass org/jfree/chart/renderer/category/GradientBarPainter
instanceKlass org/jfree/chart/plot/PieLabelLinkStyle
instanceKlass java/awt/Polygon
instanceKlass org/jfree/chart/plot/DefaultDrawingSupplier
instanceKlass org/jfree/data/Range
instanceKlass java/awt/BasicStroke
instanceKlass org/jfree/util/UnitType
instanceKlass org/jfree/ui/RectangleInsets
instanceKlass org/jfree/chart/axis/Tick
instanceKlass org/jfree/chart/axis/TickUnit
instanceKlass org/jfree/chart/axis/TickUnitSource
instanceKlass org/jfree/chart/entity/ChartEntity
instanceKlass java/awt/geom/Line2D
instanceKlass org/jfree/chart/util/ShadowGenerator
instanceKlass org/jfree/chart/plot/DrawingSupplier
instanceKlass org/jfree/chart/StandardChartTheme
instanceKlass org/jfree/chart/plot/Marker
instanceKlass org/jfree/chart/renderer/PolarItemRenderer
instanceKlass org/jfree/data/category/CategoryDataset
instanceKlass org/jfree/data/KeyedValues2D
instanceKlass org/jfree/data/Values2D
instanceKlass org/jfree/chart/renderer/category/CategoryItemRenderer
instanceKlass org/jfree/chart/urls/CategoryURLGenerator
instanceKlass org/jfree/chart/labels/CategoryToolTipGenerator
instanceKlass org/jfree/chart/block/AbstractBlock
instanceKlass org/jfree/chart/block/Block
instanceKlass org/jfree/data/general/PieDataset
instanceKlass org/jfree/data/KeyedValues
instanceKlass org/jfree/data/Values
instanceKlass org/jfree/chart/urls/PieURLGenerator
instanceKlass org/jfree/chart/labels/PieToolTipGenerator
instanceKlass org/jfree/chart/labels/PieSectionLabelGenerator
instanceKlass org/jfree/chart/renderer/xy/XYBarPainter
instanceKlass org/jfree/chart/renderer/category/BarPainter
instanceKlass org/jfree/chart/event/RendererChangeListener
instanceKlass org/jfree/chart/plot/Zoomable
instanceKlass org/jfree/chart/plot/Pannable
instanceKlass org/jfree/chart/plot/ValueAxisPlot
instanceKlass org/jfree/chart/plot/Plot
instanceKlass org/jfree/chart/event/MarkerChangeListener
instanceKlass org/jfree/chart/event/AnnotationChangeListener
instanceKlass org/jfree/data/general/DatasetChangeListener
instanceKlass org/jfree/chart/event/AxisChangeListener
instanceKlass org/jfree/chart/urls/XYURLGenerator
instanceKlass org/jfree/chart/labels/XYToolTipGenerator
instanceKlass org/jfree/chart/ChartTheme
instanceKlass org/jfree/chart/ChartFactory
instanceKlass org/jfree/chart/plot/PlotOrientation
instanceKlass org/jfree/data/time/TimePeriodAnchor
instanceKlass org/jfree/data/general/DatasetGroup
instanceKlass org/jfree/data/general/AbstractDataset
instanceKlass java/io/ObjectInputValidation
instanceKlass org/jfree/data/general/SeriesChangeListener
instanceKlass org/jfree/data/xy/XYRangeInfo
instanceKlass org/jfree/data/xy/XYDomainInfo
instanceKlass org/jfree/data/DomainInfo
instanceKlass org/jfree/data/xy/IntervalXYDataset
instanceKlass java/beans/VetoableChangeSupport
instanceKlass org/jfree/chart/util/ParamChecks
instanceKlass org/jfree/data/general/Series
instanceKlass java/text/DontCareFieldPosition$1
instanceKlass java/text/Format$FieldDelegate
instanceKlass java/lang/StringUTF16$CharsSpliterator
instanceKlass java/util/stream/Sink$ChainedInt
instanceKlass java/util/stream/FindOps$FindSink$OfInt$$Lambda$200
instanceKlass java/util/stream/FindOps$FindSink$OfInt$$Lambda$199
instanceKlass java/util/stream/FindOps$FindSink$OfInt$$Lambda$198
instanceKlass java/util/stream/FindOps$FindSink$OfInt$$Lambda$197
instanceKlass java/util/OptionalInt
instanceKlass java/util/stream/Sink$OfInt
instanceKlass java/util/function/IntConsumer
instanceKlass java/text/DecimalFormatSymbols$$Lambda$196
instanceKlass java/util/function/IntPredicate
instanceKlass java/util/stream/IntStream
instanceKlass java/lang/StringLatin1$CharsSpliterator
instanceKlass sun/util/resources/Bundles$2
instanceKlass sun/util/resources/LocaleData$LocaleDataResourceBundleProvider
instanceKlass java/util/spi/ResourceBundleProvider
instanceKlass sun/util/locale/provider/JRELocaleProviderAdapter$$Lambda$195
instanceKlass java/text/DecimalFormatSymbols
instanceKlass java/text/DigitList
instanceKlass javax/swing/Scrollable
instanceKlass java/util/Calendar$Builder
instanceKlass sun/util/locale/provider/JRELocaleProviderAdapter$$Lambda$194
instanceKlass com/mysql/cj/result/DefaultValueFactory
instanceKlass com/mysql/cj/BatchVisitor
instanceKlass com/mysql/cj/ParseInfo
instanceKlass com/mysql/cj/jdbc/EscapeProcessor
instanceKlass com/mysql/cj/NativeQueryAttributesBindings
instanceKlass com/mysql/cj/CancelQueryTask
instanceKlass java/util/TimerTask
instanceKlass com/mysql/cj/QueryAttributesBindings
instanceKlass com/mysql/cj/AbstractQuery
instanceKlass com/amazonaws/auth/BasicAWSCredentials
instanceKlass com/amazonaws/auth/AWSCredentialsProvider
instanceKlass com/amazonaws/auth/AWSCredentials
instanceKlass Application/Home
instanceKlass javax/swing/TimerQueue$$Lambda$193
instanceKlass javax/swing/TimerQueue
instanceKlass org/jfree/chart/JFreeChart
instanceKlass org/jfree/chart/event/PlotChangeListener
instanceKlass org/jfree/chart/event/TitleChangeListener
instanceKlass org/jfree/ui/Drawable
instanceKlass org/jfree/chart/renderer/xy/XYItemRenderer
instanceKlass org/jfree/chart/LegendItemSource
instanceKlass java/awt/Stroke
instanceKlass org/jfree/chart/axis/Axis
instanceKlass org/jfree/util/PublicCloneable
instanceKlass org/jfree/data/xy/XYDataset
instanceKlass org/jfree/data/general/SeriesDataset
instanceKlass org/jfree/data/general/Dataset
instanceKlass org/jfree/data/time/RegularTimePeriod
instanceKlass org/jfree/date/MonthConstants
instanceKlass org/jfree/data/time/TimePeriod
instanceKlass Stats/StatsPane$2
instanceKlass java/awt/event/ComponentAdapter
instanceKlass javax/swing/plaf/metal/MetalScrollPaneUI$1
instanceKlass javax/swing/plaf/basic/BasicScrollPaneUI$Handler
instanceKlass javax/swing/Timer$DoPostEvent
instanceKlass javax/swing/Timer
instanceKlass javax/swing/plaf/basic/BasicScrollBarUI$ScrollListener
instanceKlass javax/swing/plaf/basic/BasicScrollBarUI$Handler
instanceKlass javax/swing/plaf/basic/BasicScrollBarUI$PropertyChangeHandler
instanceKlass javax/swing/plaf/basic/BasicScrollBarUI$ModelListener
instanceKlass javax/swing/plaf/metal/MetalBumps
instanceKlass javax/swing/DefaultBoundedRangeModel
instanceKlass javax/swing/BoundedRangeModel
instanceKlass javax/swing/JScrollBar$ModelListener
instanceKlass java/awt/Adjustable
instanceKlass javax/swing/ViewportLayout
instanceKlass javax/swing/ScrollPaneLayout
instanceKlass java/awt/event/MouseAdapter
instanceKlass java/awt/image/FilteredImageSource
instanceKlass java/awt/image/ImageFilter
instanceKlass java/lang/invoke/LambdaForm$MH
instanceKlass java/lang/invoke/LambdaForm$DMH
instanceKlass sun/awt/image/ImageWatched$WeakLink$$Lambda$192
instanceKlass java/lang/invoke/LambdaForm$DMH
instanceKlass sun/awt/image/ImageFetcher$1
instanceKlass sun/awt/image/FetcherInfo
instanceKlass sun/awt/image/ImageConsumerQueue
instanceKlass sun/awt/image/ImageWatched$Link
instanceKlass sun/awt/image/ImageWatched
instanceKlass java/awt/image/ImageConsumer
instanceKlass java/awt/image/MultiResolutionImage
instanceKlass java/awt/MediaEntry
instanceKlass sun/awt/image/NativeLibLoader$1
instanceKlass sun/awt/image/NativeLibLoader
instanceKlass sun/awt/image/InputStreamImageSource
instanceKlass sun/awt/image/ImageFetchable
instanceKlass java/awt/image/ImageProducer
instanceKlass java/awt/MediaTracker
instanceKlass javax/swing/ImageIcon$2
instanceKlass javax/swing/ImageIcon$1
instanceKlass javax/swing/ImageIcon
instanceKlass Application/ResizeImages
instanceKlass javax/swing/plaf/basic/BasicHTML
instanceKlass java/beans/VetoableChangeListener
instanceKlass javax/swing/event/AncestorListener
instanceKlass javax/swing/plaf/basic/BasicButtonListener
instanceKlass javax/swing/plaf/metal/MetalBorders
instanceKlass java/awt/Graphics
instanceKlass javax/swing/AbstractButton$Handler
instanceKlass javax/swing/DefaultButtonModel
instanceKlass javax/swing/ButtonModel
instanceKlass java/awt/event/FocusAdapter
instanceKlass javax/swing/plaf/basic/BasicPopupMenuUI$MenuKeyboardHelper
instanceKlass javax/swing/MenuSelectionManager
instanceKlass javax/swing/plaf/basic/BasicPopupMenuUI$MouseGrabber
instanceKlass javax/swing/event/ChangeListener
instanceKlass javax/swing/plaf/basic/BasicPopupMenuUI$BasicMenuKeyListener
instanceKlass javax/swing/event/MenuKeyListener
instanceKlass javax/swing/plaf/basic/BasicPopupMenuUI$BasicPopupMenuListener
instanceKlass javax/swing/event/PopupMenuListener
instanceKlass javax/swing/plaf/metal/DefaultMetalTheme$FontDelegate$1
instanceKlass javax/swing/BoxLayout
instanceKlass javax/swing/plaf/basic/BasicLookAndFeel$1
instanceKlass java/awt/AWTEventMulticaster
instanceKlass java/awt/event/HierarchyBoundsListener
instanceKlass java/awt/event/HierarchyListener
instanceKlass java/awt/event/InputMethodListener
instanceKlass java/awt/event/TextListener
instanceKlass java/awt/event/AdjustmentListener
instanceKlass java/awt/event/ItemListener
instanceKlass java/awt/event/WindowStateListener
instanceKlass java/awt/event/WindowFocusListener
instanceKlass java/awt/event/WindowListener
instanceKlass java/awt/event/MouseMotionListener
instanceKlass java/awt/event/KeyListener
instanceKlass java/awt/event/FocusListener
instanceKlass java/awt/event/ContainerListener
instanceKlass java/awt/event/ComponentListener
instanceKlass java/awt/Toolkit$SelectiveAWTEventListener
instanceKlass javax/swing/plaf/basic/BasicLookAndFeel$AWTEventHelper
instanceKlass javax/swing/DefaultSingleSelectionModel
instanceKlass javax/swing/SingleSelectionModel
instanceKlass javax/swing/ActionMap
instanceKlass java/awt/event/KeyEvent$1
instanceKlass sun/awt/AWTAccessor$KeyEventAccessor
instanceKlass java/awt/VKCollection
instanceKlass javax/swing/InputMap
instanceKlass javax/swing/LayoutComparator
instanceKlass javax/swing/RepaintManager$PaintManager
instanceKlass javax/swing/JRootPane$RootLayout
instanceKlass javax/swing/ArrayTable
instanceKlass com/sun/java/swing/SwingUtilities3
instanceKlass javax/swing/RepaintManager$ProcessingRunnable
instanceKlass sun/util/ResourceBundleEnumeration
instanceKlass javax/swing/UIDefaults$1
instanceKlass javax/swing/UIManager$2
instanceKlass sun/awt/PaintEventDispatcher
instanceKlass javax/swing/RepaintManager$1
instanceKlass sun/swing/SwingAccessor$RepaintManagerAccessor
instanceKlass javax/swing/RepaintManager$DisplayChangedHandler
instanceKlass javax/swing/RepaintManager
instanceKlass javax/swing/plaf/metal/OceanTheme$6
instanceKlass javax/swing/plaf/metal/OceanTheme$5
instanceKlass javax/swing/plaf/metal/OceanTheme$4
instanceKlass javax/swing/plaf/metal/OceanTheme$3
instanceKlass javax/swing/plaf/metal/OceanTheme$2
instanceKlass javax/swing/plaf/metal/OceanTheme$1
instanceKlass javax/swing/plaf/metal/OceanTheme$$Lambda$191
instanceKlass java/util/EventListenerProxy
instanceKlass javax/swing/plaf/metal/MetalLookAndFeel$$Lambda$190
instanceKlass javax/swing/plaf/metal/MetalLookAndFeel$$Lambda$189
instanceKlass javax/swing/plaf/metal/MetalLookAndFeel$$Lambda$188
instanceKlass javax/swing/plaf/metal/MetalLookAndFeel$$Lambda$187
instanceKlass javax/swing/plaf/metal/MetalLookAndFeel$$Lambda$186
instanceKlass javax/swing/plaf/metal/MetalLookAndFeel$$Lambda$185
instanceKlass javax/swing/plaf/metal/MetalLookAndFeel$$Lambda$184
instanceKlass javax/swing/plaf/metal/MetalLookAndFeel$$Lambda$183
instanceKlass javax/swing/plaf/metal/MetalLookAndFeel$$Lambda$182
instanceKlass javax/swing/plaf/metal/MetalLookAndFeel$$Lambda$181
instanceKlass javax/swing/plaf/metal/MetalLookAndFeel$$Lambda$180
instanceKlass javax/swing/plaf/metal/MetalLookAndFeel$$Lambda$179
instanceKlass javax/swing/plaf/metal/MetalLookAndFeel$$Lambda$178
instanceKlass javax/swing/plaf/metal/MetalLookAndFeel$$Lambda$177
instanceKlass javax/swing/plaf/metal/MetalLookAndFeel$$Lambda$176
instanceKlass javax/swing/plaf/metal/MetalLookAndFeel$$Lambda$175
instanceKlass javax/swing/plaf/metal/MetalLookAndFeel$$Lambda$174
instanceKlass javax/swing/plaf/metal/MetalLookAndFeel$$Lambda$173
instanceKlass javax/swing/plaf/metal/MetalLookAndFeel$$Lambda$172
instanceKlass javax/swing/plaf/metal/MetalLookAndFeel$$Lambda$171
instanceKlass javax/swing/plaf/metal/MetalLookAndFeel$$Lambda$170
instanceKlass javax/swing/plaf/metal/MetalLookAndFeel$$Lambda$169
instanceKlass javax/swing/plaf/metal/MetalLookAndFeel$$Lambda$168
instanceKlass javax/swing/plaf/metal/MetalLookAndFeel$$Lambda$167
instanceKlass javax/swing/plaf/metal/MetalLookAndFeel$$Lambda$166
instanceKlass javax/swing/plaf/metal/MetalLookAndFeel$$Lambda$165
instanceKlass javax/swing/plaf/metal/MetalLookAndFeel$$Lambda$164
instanceKlass javax/swing/plaf/metal/MetalLookAndFeel$$Lambda$163
instanceKlass javax/swing/plaf/metal/MetalLookAndFeel$$Lambda$162
instanceKlass javax/swing/plaf/metal/MetalLookAndFeel$$Lambda$161
instanceKlass javax/swing/plaf/metal/MetalLookAndFeel$$Lambda$160
instanceKlass javax/swing/plaf/metal/MetalLookAndFeel$$Lambda$159
instanceKlass javax/swing/plaf/metal/MetalLookAndFeel$$Lambda$158
instanceKlass javax/swing/plaf/metal/MetalLookAndFeel$$Lambda$157
instanceKlass javax/swing/plaf/metal/MetalLookAndFeel$$Lambda$156
instanceKlass javax/swing/plaf/metal/MetalLookAndFeel$$Lambda$155
instanceKlass javax/swing/plaf/metal/MetalLookAndFeel$$Lambda$154
instanceKlass javax/swing/plaf/metal/MetalLookAndFeel$$Lambda$153
instanceKlass javax/swing/plaf/metal/MetalLookAndFeel$$Lambda$152
instanceKlass javax/swing/plaf/metal/MetalLookAndFeel$$Lambda$151
instanceKlass javax/swing/plaf/metal/MetalLookAndFeel$$Lambda$150
instanceKlass javax/swing/plaf/metal/MetalLookAndFeel$$Lambda$149
instanceKlass javax/swing/plaf/metal/MetalLookAndFeel$FontActiveValue
instanceKlass javax/swing/plaf/metal/MetalLookAndFeel$$Lambda$148
instanceKlass javax/swing/plaf/metal/MetalLookAndFeel$$Lambda$147
instanceKlass javax/swing/plaf/metal/MetalLookAndFeel$$Lambda$146
instanceKlass javax/swing/plaf/metal/MetalLookAndFeel$$Lambda$145
instanceKlass javax/swing/plaf/metal/MetalLookAndFeel$$Lambda$144
instanceKlass javax/swing/plaf/metal/MetalLookAndFeel$$Lambda$143
instanceKlass javax/swing/plaf/metal/MetalLookAndFeel$$Lambda$142
instanceKlass javax/swing/plaf/metal/MetalLookAndFeel$$Lambda$141
instanceKlass javax/swing/plaf/metal/MetalLookAndFeel$$Lambda$140
instanceKlass javax/swing/plaf/metal/MetalLookAndFeel$$Lambda$139
instanceKlass javax/swing/plaf/metal/MetalLookAndFeel$$Lambda$138
instanceKlass javax/swing/plaf/metal/MetalLookAndFeel$$Lambda$137
instanceKlass javax/swing/plaf/metal/MetalLookAndFeel$$Lambda$136
instanceKlass javax/swing/plaf/metal/MetalLookAndFeel$$Lambda$135
instanceKlass javax/swing/plaf/metal/MetalLookAndFeel$$Lambda$134
instanceKlass javax/swing/plaf/metal/MetalLookAndFeel$$Lambda$133
instanceKlass java/lang/Character$CharacterCache
instanceKlass javax/swing/plaf/basic/BasicLookAndFeel$$Lambda$132
instanceKlass javax/swing/plaf/basic/BasicLookAndFeel$$Lambda$131
instanceKlass javax/swing/plaf/basic/BasicLookAndFeel$$Lambda$130
instanceKlass javax/swing/plaf/basic/BasicLookAndFeel$$Lambda$129
instanceKlass javax/swing/plaf/basic/BasicLookAndFeel$$Lambda$128
instanceKlass java/lang/invoke/LambdaForm$DMH
instanceKlass javax/swing/plaf/basic/BasicLookAndFeel$$Lambda$127
instanceKlass javax/swing/UIDefaults$LazyInputMap
instanceKlass javax/swing/plaf/basic/BasicLookAndFeel$$Lambda$126
instanceKlass javax/swing/plaf/basic/BasicLookAndFeel$$Lambda$125
instanceKlass javax/swing/plaf/basic/BasicLookAndFeel$$Lambda$124
instanceKlass javax/swing/plaf/basic/BasicLookAndFeel$$Lambda$123
instanceKlass javax/swing/plaf/basic/BasicLookAndFeel$$Lambda$122
instanceKlass javax/swing/plaf/basic/BasicLookAndFeel$$Lambda$121
instanceKlass javax/swing/plaf/basic/BasicLookAndFeel$$Lambda$120
instanceKlass java/lang/invoke/LambdaForm$DMH
instanceKlass javax/swing/plaf/basic/BasicLookAndFeel$$Lambda$119
instanceKlass javax/swing/plaf/basic/BasicLookAndFeel$$Lambda$118
instanceKlass javax/swing/plaf/basic/BasicLookAndFeel$$Lambda$117
instanceKlass javax/swing/plaf/basic/BasicLookAndFeel$$Lambda$116
instanceKlass javax/swing/plaf/basic/BasicLookAndFeel$$Lambda$115
instanceKlass javax/swing/plaf/basic/BasicLookAndFeel$$Lambda$114
instanceKlass javax/swing/plaf/basic/BasicLookAndFeel$$Lambda$113
instanceKlass javax/swing/plaf/basic/BasicLookAndFeel$$Lambda$112
instanceKlass javax/swing/plaf/basic/BasicLookAndFeel$2
instanceKlass javax/swing/plaf/basic/BasicLookAndFeel$$Lambda$111
instanceKlass java/lang/invoke/LambdaForm$MH
instanceKlass java/lang/invoke/LambdaForm$DMH
instanceKlass java/lang/invoke/LambdaForm$DMH
instanceKlass sun/swing/SwingUtilities2$$Lambda$110
instanceKlass java/lang/invoke/LambdaForm$DMH
instanceKlass javax/swing/plaf/basic/BasicLookAndFeel$$Lambda$109
instanceKlass javax/swing/plaf/basic/BasicLookAndFeel$$Lambda$108
instanceKlass javax/swing/plaf/basic/BasicLookAndFeel$$Lambda$107
instanceKlass javax/swing/plaf/basic/BasicLookAndFeel$$Lambda$106
instanceKlass javax/swing/border/AbstractBorder
instanceKlass javax/swing/border/Border
instanceKlass javax/swing/plaf/basic/BasicLookAndFeel$$Lambda$105
instanceKlass javax/swing/plaf/basic/BasicLookAndFeel$$Lambda$104
instanceKlass javax/swing/plaf/basic/BasicLookAndFeel$$Lambda$103
instanceKlass javax/swing/plaf/basic/BasicLookAndFeel$$Lambda$102
instanceKlass javax/swing/plaf/basic/BasicLookAndFeel$$Lambda$101
instanceKlass javax/swing/plaf/basic/BasicLookAndFeel$$Lambda$100
instanceKlass javax/swing/UIDefaults$ActiveValue
instanceKlass javax/swing/plaf/basic/BasicLookAndFeel$$Lambda$99
instanceKlass javax/swing/plaf/basic/BasicLookAndFeel$$Lambda$98
instanceKlass javax/swing/plaf/basic/BasicLookAndFeel$$Lambda$97
instanceKlass javax/swing/plaf/basic/BasicLookAndFeel$$Lambda$96
instanceKlass javax/swing/plaf/basic/BasicLookAndFeel$$Lambda$95
instanceKlass javax/swing/UIDefaults$LazyValue
instanceKlass javax/swing/plaf/metal/DefaultMetalTheme$FontDelegate
instanceKlass javax/swing/plaf/UIResource
instanceKlass javax/swing/plaf/metal/MetalTheme
instanceKlass sun/swing/DefaultLookup
instanceKlass javax/swing/LookAndFeel
instanceKlass javax/swing/UIManager$1
instanceKlass javax/swing/UIDefaults$$Lambda$94
instanceKlass sun/swing/SwingAccessor$UIDefaultsAccessor
instanceKlass javax/swing/UIManager$LAFState
instanceKlass sun/swing/SwingUtilities2$LSBCacheEntry
instanceKlass sun/swing/StringUIClientPropertyKey
instanceKlass javax/swing/UIClientPropertyKey
instanceKlass java/awt/font/FontRenderContext
instanceKlass sun/swing/SwingUtilities2
instanceKlass java/awt/Toolkit$DesktopPropertyChangeSupport$1
instanceKlass sun/awt/SunHints$Value
instanceKlass java/awt/RenderingHints$Key
instanceKlass sun/awt/SunHints
instanceKlass java/awt/RenderingHints
instanceKlass sun/awt/windows/WDesktopProperties$WinPlaySound
instanceKlass java/awt/Color
instanceKlass java/awt/Paint
instanceKlass java/lang/invoke/LambdaForm$MH
instanceKlass sun/awt/windows/ThemeReader
instanceKlass sun/awt/windows/WDesktopProperties
instanceKlass sun/awt/OSInfo$1
instanceKlass java/lang/invoke/LambdaForm$MH
instanceKlass java/lang/invoke/LambdaForm$MH
instanceKlass java/lang/invoke/LambdaForm$MH
instanceKlass java/lang/invoke/LambdaForm$MH
instanceKlass java/lang/invoke/LambdaForm$MH
instanceKlass java/lang/invoke/LambdaForm$MH
instanceKlass sun/awt/OSInfo$WindowsVersion
instanceKlass sun/awt/OSInfo
instanceKlass javax/swing/UIManager$LookAndFeelInfo
instanceKlass javax/swing/UIManager
instanceKlass java/awt/FlowLayout
instanceKlass javax/swing/SwingUtilities
instanceKlass javax/swing/JComponent$2
instanceKlass javax/swing/JComponent$1
instanceKlass sun/swing/SwingAccessor$JComponentAccessor
instanceKlass sun/awt/KeyboardFocusManagerPeerImpl
instanceKlass java/awt/peer/KeyboardFocusManagerPeer
instanceKlass javax/swing/KeyStroke$1
instanceKlass sun/swing/SwingAccessor$KeyStrokeAccessor
instanceKlass sun/swing/SwingAccessor
instanceKlass java/awt/AWTKeyStroke
instanceKlass java/awt/FocusTraversalPolicy
instanceKlass java/awt/DefaultKeyboardFocusManager$2
instanceKlass java/awt/DefaultKeyboardFocusManager$1
instanceKlass sun/awt/AWTAccessor$DefaultKeyboardFocusManagerAccessor
instanceKlass java/awt/KeyboardFocusManager$1
instanceKlass sun/awt/AWTAccessor$KeyboardFocusManagerAccessor
instanceKlass java/awt/KeyboardFocusManager
instanceKlass java/awt/KeyEventPostProcessor
instanceKlass java/awt/KeyEventDispatcher
instanceKlass java/awt/Window$WindowDisposerRecord
instanceKlass java/awt/geom/RectangularShape
instanceKlass java/awt/Shape
instanceKlass java/awt/BorderLayout
instanceKlass java/awt/LayoutManager2
instanceKlass java/awt/GraphicsConfiguration
instanceKlass sun/awt/image/SurfaceManager$ProxiedGraphicsConfig
instanceKlass sun/java2d/pipe/hw/ContextCapabilities
instanceKlass sun/java2d/d3d/D3DGraphicsDevice$1
instanceKlass sun/java2d/d3d/D3DGraphicsDevice$1Result
instanceKlass sun/java2d/d3d/D3DRenderQueue$1
instanceKlass sun/java2d/pipe/RenderBuffer
instanceKlass sun/java2d/pipe/RenderQueue
instanceKlass java/awt/GraphicsDevice
instanceKlass sun/awt/SunDisplayChanger
instanceKlass sun/java2d/SurfaceManagerFactory
instanceKlass sun/java2d/windows/WindowsFlags$1
instanceKlass sun/java2d/windows/WindowsFlags
instanceKlass java/awt/GraphicsEnvironment$LocalGE
instanceKlass java/awt/Cursor$1
instanceKlass sun/awt/AWTAccessor$CursorAccessor
instanceKlass java/awt/geom/Point2D
instanceKlass java/awt/Cursor
instanceKlass java/lang/Class$$Lambda$93
instanceKlass javax/swing/MenuElement
instanceKlass java/awt/Component$3
instanceKlass java/awt/ComponentOrientation
instanceKlass com/mysql/cj/protocol/NetworkResources
instanceKlass com/mysql/cj/jdbc/ConnectionImpl$$Lambda$92
instanceKlass java/sql/ResultSetMetaData
instanceKlass com/mysql/cj/LicenseConfiguration
instanceKlass com/mysql/cj/protocol/InternalDate
instanceKlass com/mysql/cj/result/StringValueFactory
instanceKlass com/mysql/cj/protocol/a/result/AbstractResultsetRows
instanceKlass com/mysql/cj/protocol/result/AbstractResultsetRow
instanceKlass com/mysql/cj/result/DefaultColumnDefinition$1
instanceKlass java/util/regex/CharPredicates$$Lambda$91
instanceKlass com/mysql/cj/protocol/a/MysqlTextValueDecoder
instanceKlass com/mysql/cj/protocol/ValueDecoder
instanceKlass com/mysql/cj/protocol/a/AbstractRowFactory
instanceKlass com/mysql/cj/result/DefaultColumnDefinition
instanceKlass com/mysql/cj/result/Field$1
instanceKlass com/mysql/cj/protocol/a/ColumnDefinitionReader$1
instanceKlass java/time/LocalDateTime
instanceKlass java/time/chrono/ChronoLocalDateTime
instanceKlass java/time/temporal/TemporalAdjuster
instanceKlass java/time/temporal/Temporal
instanceKlass java/time/temporal/TemporalAccessor
instanceKlass com/mysql/cj/util/LazyString
instanceKlass com/mysql/cj/result/Field
instanceKlass com/mysql/cj/protocol/a/ColumnDefinitionFactory
instanceKlass com/mysql/cj/protocol/a/ResultsetFactory
instanceKlass com/mysql/cj/protocol/a/NativeMessageBuilder
instanceKlass com/mysql/cj/MessageBuilder
instanceKlass com/mysql/cj/protocol/a/MultiPacketReader
instanceKlass com/mysql/cj/protocol/a/TimeTrackingPacketReader
instanceKlass com/mysql/cj/protocol/a/TimeTrackingPacketSender
